[2025-08-19T16:49:04.057+0200] {processor.py:161} INFO - Started process (PID=7668) to work on /Users/ehabhasan/.venvs/airflow310/lib/python3.10/site-packages/airflow/example_dags/example_branch_day_of_week_operator.py
[2025-08-19T16:49:04.058+0200] {processor.py:830} INFO - Processing file /Users/ehabhasan/.venvs/airflow310/lib/python3.10/site-packages/airflow/example_dags/example_branch_day_of_week_operator.py for tasks to queue
[2025-08-19T16:49:04.058+0200] {logging_mixin.py:188} INFO - [2025-08-19T16:49:04.058+0200] {dagbag.py:545} INFO - Filling up the DagBag from /Users/ehabhasan/.venvs/airflow310/lib/python3.10/site-packages/airflow/example_dags/example_branch_day_of_week_operator.py
[2025-08-19T16:49:04.063+0200] {processor.py:840} INFO - DAG(s) 'example_weekday_branch_operator' retrieved from /Users/ehabhasan/.venvs/airflow310/lib/python3.10/site-packages/airflow/example_dags/example_branch_day_of_week_operator.py
[2025-08-19T16:49:04.146+0200] {logging_mixin.py:188} INFO - [2025-08-19T16:49:04.146+0200] {dag.py:3089} INFO - Sync 1 DAGs
[2025-08-19T16:49:04.152+0200] {logging_mixin.py:188} INFO - [2025-08-19T16:49:04.152+0200] {dag.py:3947} INFO - Setting next_dagrun for example_weekday_branch_operator to 2025-08-18 00:00:00+00:00, run_after=2025-08-19 00:00:00+00:00
[2025-08-19T16:49:04.159+0200] {processor.py:183} INFO - Processing /Users/ehabhasan/.venvs/airflow310/lib/python3.10/site-packages/airflow/example_dags/example_branch_day_of_week_operator.py took 0.103 seconds
[2025-08-19T16:50:37.808+0200] {processor.py:161} INFO - Started process (PID=7740) to work on /Users/ehabhasan/.venvs/airflow310/lib/python3.10/site-packages/airflow/example_dags/example_branch_day_of_week_operator.py
[2025-08-19T16:50:37.809+0200] {processor.py:830} INFO - Processing file /Users/ehabhasan/.venvs/airflow310/lib/python3.10/site-packages/airflow/example_dags/example_branch_day_of_week_operator.py for tasks to queue
[2025-08-19T16:50:37.809+0200] {logging_mixin.py:188} INFO - [2025-08-19T16:50:37.809+0200] {dagbag.py:545} INFO - Filling up the DagBag from /Users/ehabhasan/.venvs/airflow310/lib/python3.10/site-packages/airflow/example_dags/example_branch_day_of_week_operator.py
[2025-08-19T16:50:37.813+0200] {processor.py:840} INFO - DAG(s) 'example_weekday_branch_operator' retrieved from /Users/ehabhasan/.venvs/airflow310/lib/python3.10/site-packages/airflow/example_dags/example_branch_day_of_week_operator.py
[2025-08-19T16:50:37.848+0200] {logging_mixin.py:188} INFO - [2025-08-19T16:50:37.848+0200] {dag.py:3089} INFO - Sync 1 DAGs
[2025-08-19T16:50:37.854+0200] {logging_mixin.py:188} INFO - [2025-08-19T16:50:37.854+0200] {dag.py:3947} INFO - Setting next_dagrun for example_weekday_branch_operator to 2025-08-18 00:00:00+00:00, run_after=2025-08-19 00:00:00+00:00
[2025-08-19T16:50:37.860+0200] {processor.py:183} INFO - Processing /Users/ehabhasan/.venvs/airflow310/lib/python3.10/site-packages/airflow/example_dags/example_branch_day_of_week_operator.py took 0.054 seconds
[2025-08-19T16:52:17.288+0200] {processor.py:161} INFO - Started process (PID=7812) to work on /Users/ehabhasan/.venvs/airflow310/lib/python3.10/site-packages/airflow/example_dags/example_branch_day_of_week_operator.py
[2025-08-19T16:52:17.288+0200] {processor.py:830} INFO - Processing file /Users/ehabhasan/.venvs/airflow310/lib/python3.10/site-packages/airflow/example_dags/example_branch_day_of_week_operator.py for tasks to queue
[2025-08-19T16:52:17.289+0200] {logging_mixin.py:188} INFO - [2025-08-19T16:52:17.289+0200] {dagbag.py:545} INFO - Filling up the DagBag from /Users/ehabhasan/.venvs/airflow310/lib/python3.10/site-packages/airflow/example_dags/example_branch_day_of_week_operator.py
[2025-08-19T16:52:17.292+0200] {processor.py:840} INFO - DAG(s) 'example_weekday_branch_operator' retrieved from /Users/ehabhasan/.venvs/airflow310/lib/python3.10/site-packages/airflow/example_dags/example_branch_day_of_week_operator.py
[2025-08-19T16:52:17.327+0200] {logging_mixin.py:188} INFO - [2025-08-19T16:52:17.327+0200] {dag.py:3089} INFO - Sync 1 DAGs
[2025-08-19T16:52:17.333+0200] {logging_mixin.py:188} INFO - [2025-08-19T16:52:17.333+0200] {dag.py:3947} INFO - Setting next_dagrun for example_weekday_branch_operator to 2025-08-18 00:00:00+00:00, run_after=2025-08-19 00:00:00+00:00
[2025-08-19T16:52:17.340+0200] {processor.py:183} INFO - Processing /Users/ehabhasan/.venvs/airflow310/lib/python3.10/site-packages/airflow/example_dags/example_branch_day_of_week_operator.py took 0.053 seconds
[2025-08-19T16:53:52.545+0200] {processor.py:161} INFO - Started process (PID=7884) to work on /Users/ehabhasan/.venvs/airflow310/lib/python3.10/site-packages/airflow/example_dags/example_branch_day_of_week_operator.py
[2025-08-19T16:53:52.546+0200] {processor.py:830} INFO - Processing file /Users/ehabhasan/.venvs/airflow310/lib/python3.10/site-packages/airflow/example_dags/example_branch_day_of_week_operator.py for tasks to queue
[2025-08-19T16:53:52.546+0200] {logging_mixin.py:188} INFO - [2025-08-19T16:53:52.546+0200] {dagbag.py:545} INFO - Filling up the DagBag from /Users/ehabhasan/.venvs/airflow310/lib/python3.10/site-packages/airflow/example_dags/example_branch_day_of_week_operator.py
[2025-08-19T16:53:52.549+0200] {processor.py:840} INFO - DAG(s) 'example_weekday_branch_operator' retrieved from /Users/ehabhasan/.venvs/airflow310/lib/python3.10/site-packages/airflow/example_dags/example_branch_day_of_week_operator.py
[2025-08-19T16:53:52.585+0200] {logging_mixin.py:188} INFO - [2025-08-19T16:53:52.584+0200] {dag.py:3089} INFO - Sync 1 DAGs
[2025-08-19T16:53:52.590+0200] {logging_mixin.py:188} INFO - [2025-08-19T16:53:52.590+0200] {dag.py:3947} INFO - Setting next_dagrun for example_weekday_branch_operator to 2025-08-18 00:00:00+00:00, run_after=2025-08-19 00:00:00+00:00
[2025-08-19T16:53:52.596+0200] {processor.py:183} INFO - Processing /Users/ehabhasan/.venvs/airflow310/lib/python3.10/site-packages/airflow/example_dags/example_branch_day_of_week_operator.py took 0.053 seconds
[2025-08-19T16:55:30.052+0200] {processor.py:161} INFO - Started process (PID=7991) to work on /Users/ehabhasan/.venvs/airflow310/lib/python3.10/site-packages/airflow/example_dags/example_branch_day_of_week_operator.py
[2025-08-19T16:55:30.053+0200] {processor.py:830} INFO - Processing file /Users/ehabhasan/.venvs/airflow310/lib/python3.10/site-packages/airflow/example_dags/example_branch_day_of_week_operator.py for tasks to queue
[2025-08-19T16:55:30.053+0200] {logging_mixin.py:188} INFO - [2025-08-19T16:55:30.053+0200] {dagbag.py:545} INFO - Filling up the DagBag from /Users/ehabhasan/.venvs/airflow310/lib/python3.10/site-packages/airflow/example_dags/example_branch_day_of_week_operator.py
[2025-08-19T16:55:30.057+0200] {processor.py:840} INFO - DAG(s) 'example_weekday_branch_operator' retrieved from /Users/ehabhasan/.venvs/airflow310/lib/python3.10/site-packages/airflow/example_dags/example_branch_day_of_week_operator.py
[2025-08-19T16:55:30.092+0200] {logging_mixin.py:188} INFO - [2025-08-19T16:55:30.092+0200] {dag.py:3089} INFO - Sync 1 DAGs
[2025-08-19T16:55:30.098+0200] {logging_mixin.py:188} INFO - [2025-08-19T16:55:30.098+0200] {dag.py:3947} INFO - Setting next_dagrun for example_weekday_branch_operator to 2025-08-18 00:00:00+00:00, run_after=2025-08-19 00:00:00+00:00
[2025-08-19T16:55:30.104+0200] {processor.py:183} INFO - Processing /Users/ehabhasan/.venvs/airflow310/lib/python3.10/site-packages/airflow/example_dags/example_branch_day_of_week_operator.py took 0.054 seconds
[2025-08-19T16:57:16.403+0200] {processor.py:161} INFO - Started process (PID=8070) to work on /Users/ehabhasan/.venvs/airflow310/lib/python3.10/site-packages/airflow/example_dags/example_branch_day_of_week_operator.py
[2025-08-19T16:57:16.403+0200] {processor.py:830} INFO - Processing file /Users/ehabhasan/.venvs/airflow310/lib/python3.10/site-packages/airflow/example_dags/example_branch_day_of_week_operator.py for tasks to queue
[2025-08-19T16:57:16.403+0200] {logging_mixin.py:188} INFO - [2025-08-19T16:57:16.403+0200] {dagbag.py:545} INFO - Filling up the DagBag from /Users/ehabhasan/.venvs/airflow310/lib/python3.10/site-packages/airflow/example_dags/example_branch_day_of_week_operator.py
[2025-08-19T16:57:16.408+0200] {processor.py:840} INFO - DAG(s) 'example_weekday_branch_operator' retrieved from /Users/ehabhasan/.venvs/airflow310/lib/python3.10/site-packages/airflow/example_dags/example_branch_day_of_week_operator.py
[2025-08-19T16:57:16.444+0200] {logging_mixin.py:188} INFO - [2025-08-19T16:57:16.444+0200] {dag.py:3089} INFO - Sync 1 DAGs
[2025-08-19T16:57:16.450+0200] {logging_mixin.py:188} INFO - [2025-08-19T16:57:16.450+0200] {dag.py:3947} INFO - Setting next_dagrun for example_weekday_branch_operator to 2025-08-18 00:00:00+00:00, run_after=2025-08-19 00:00:00+00:00
[2025-08-19T16:57:16.456+0200] {processor.py:183} INFO - Processing /Users/ehabhasan/.venvs/airflow310/lib/python3.10/site-packages/airflow/example_dags/example_branch_day_of_week_operator.py took 0.055 seconds
[2025-08-19T16:58:52.615+0200] {processor.py:161} INFO - Started process (PID=8149) to work on /Users/ehabhasan/.venvs/airflow310/lib/python3.10/site-packages/airflow/example_dags/example_branch_day_of_week_operator.py
[2025-08-19T16:58:52.616+0200] {processor.py:830} INFO - Processing file /Users/ehabhasan/.venvs/airflow310/lib/python3.10/site-packages/airflow/example_dags/example_branch_day_of_week_operator.py for tasks to queue
[2025-08-19T16:58:52.616+0200] {logging_mixin.py:188} INFO - [2025-08-19T16:58:52.616+0200] {dagbag.py:545} INFO - Filling up the DagBag from /Users/ehabhasan/.venvs/airflow310/lib/python3.10/site-packages/airflow/example_dags/example_branch_day_of_week_operator.py
[2025-08-19T16:58:52.620+0200] {processor.py:840} INFO - DAG(s) 'example_weekday_branch_operator' retrieved from /Users/ehabhasan/.venvs/airflow310/lib/python3.10/site-packages/airflow/example_dags/example_branch_day_of_week_operator.py
[2025-08-19T16:58:52.655+0200] {logging_mixin.py:188} INFO - [2025-08-19T16:58:52.655+0200] {dag.py:3089} INFO - Sync 1 DAGs
[2025-08-19T16:58:52.661+0200] {logging_mixin.py:188} INFO - [2025-08-19T16:58:52.661+0200] {dag.py:3947} INFO - Setting next_dagrun for example_weekday_branch_operator to 2025-08-18 00:00:00+00:00, run_after=2025-08-19 00:00:00+00:00
[2025-08-19T16:58:52.667+0200] {processor.py:183} INFO - Processing /Users/ehabhasan/.venvs/airflow310/lib/python3.10/site-packages/airflow/example_dags/example_branch_day_of_week_operator.py took 0.053 seconds
[2025-08-19T17:01:13.971+0200] {processor.py:161} INFO - Started process (PID=8259) to work on /Users/ehabhasan/.venvs/airflow310/lib/python3.10/site-packages/airflow/example_dags/example_branch_day_of_week_operator.py
[2025-08-19T17:01:13.972+0200] {processor.py:830} INFO - Processing file /Users/ehabhasan/.venvs/airflow310/lib/python3.10/site-packages/airflow/example_dags/example_branch_day_of_week_operator.py for tasks to queue
[2025-08-19T17:01:13.973+0200] {logging_mixin.py:188} INFO - [2025-08-19T17:01:13.973+0200] {dagbag.py:545} INFO - Filling up the DagBag from /Users/ehabhasan/.venvs/airflow310/lib/python3.10/site-packages/airflow/example_dags/example_branch_day_of_week_operator.py
[2025-08-19T17:01:13.977+0200] {processor.py:840} INFO - DAG(s) 'example_weekday_branch_operator' retrieved from /Users/ehabhasan/.venvs/airflow310/lib/python3.10/site-packages/airflow/example_dags/example_branch_day_of_week_operator.py
[2025-08-19T17:01:14.012+0200] {logging_mixin.py:188} INFO - [2025-08-19T17:01:14.012+0200] {dag.py:3089} INFO - Sync 1 DAGs
[2025-08-19T17:01:14.018+0200] {logging_mixin.py:188} INFO - [2025-08-19T17:01:14.018+0200] {dag.py:3947} INFO - Setting next_dagrun for example_weekday_branch_operator to 2025-08-18 00:00:00+00:00, run_after=2025-08-19 00:00:00+00:00
[2025-08-19T17:01:14.024+0200] {processor.py:183} INFO - Processing /Users/ehabhasan/.venvs/airflow310/lib/python3.10/site-packages/airflow/example_dags/example_branch_day_of_week_operator.py took 0.054 seconds
[2025-08-19T17:02:56.127+0200] {processor.py:161} INFO - Started process (PID=8347) to work on /Users/ehabhasan/.venvs/airflow310/lib/python3.10/site-packages/airflow/example_dags/example_branch_day_of_week_operator.py
[2025-08-19T17:02:56.127+0200] {processor.py:830} INFO - Processing file /Users/ehabhasan/.venvs/airflow310/lib/python3.10/site-packages/airflow/example_dags/example_branch_day_of_week_operator.py for tasks to queue
[2025-08-19T17:02:56.127+0200] {logging_mixin.py:188} INFO - [2025-08-19T17:02:56.127+0200] {dagbag.py:545} INFO - Filling up the DagBag from /Users/ehabhasan/.venvs/airflow310/lib/python3.10/site-packages/airflow/example_dags/example_branch_day_of_week_operator.py
[2025-08-19T17:02:56.131+0200] {processor.py:840} INFO - DAG(s) 'example_weekday_branch_operator' retrieved from /Users/ehabhasan/.venvs/airflow310/lib/python3.10/site-packages/airflow/example_dags/example_branch_day_of_week_operator.py
[2025-08-19T17:02:56.166+0200] {logging_mixin.py:188} INFO - [2025-08-19T17:02:56.166+0200] {dag.py:3089} INFO - Sync 1 DAGs
[2025-08-19T17:02:56.172+0200] {logging_mixin.py:188} INFO - [2025-08-19T17:02:56.172+0200] {dag.py:3947} INFO - Setting next_dagrun for example_weekday_branch_operator to 2025-08-18 00:00:00+00:00, run_after=2025-08-19 00:00:00+00:00
[2025-08-19T17:02:56.178+0200] {processor.py:183} INFO - Processing /Users/ehabhasan/.venvs/airflow310/lib/python3.10/site-packages/airflow/example_dags/example_branch_day_of_week_operator.py took 0.053 seconds
[2025-08-19T17:04:31.689+0200] {processor.py:161} INFO - Started process (PID=8945) to work on /Users/ehabhasan/.venvs/airflow310/lib/python3.10/site-packages/airflow/example_dags/example_branch_day_of_week_operator.py
[2025-08-19T17:04:31.689+0200] {processor.py:830} INFO - Processing file /Users/ehabhasan/.venvs/airflow310/lib/python3.10/site-packages/airflow/example_dags/example_branch_day_of_week_operator.py for tasks to queue
[2025-08-19T17:04:31.690+0200] {logging_mixin.py:188} INFO - [2025-08-19T17:04:31.690+0200] {dagbag.py:545} INFO - Filling up the DagBag from /Users/ehabhasan/.venvs/airflow310/lib/python3.10/site-packages/airflow/example_dags/example_branch_day_of_week_operator.py
[2025-08-19T17:04:31.693+0200] {processor.py:840} INFO - DAG(s) 'example_weekday_branch_operator' retrieved from /Users/ehabhasan/.venvs/airflow310/lib/python3.10/site-packages/airflow/example_dags/example_branch_day_of_week_operator.py
[2025-08-19T17:04:31.731+0200] {logging_mixin.py:188} INFO - [2025-08-19T17:04:31.731+0200] {dag.py:3089} INFO - Sync 1 DAGs
[2025-08-19T17:04:31.737+0200] {logging_mixin.py:188} INFO - [2025-08-19T17:04:31.737+0200] {dag.py:3947} INFO - Setting next_dagrun for example_weekday_branch_operator to 2025-08-18 00:00:00+00:00, run_after=2025-08-19 00:00:00+00:00
[2025-08-19T17:04:31.744+0200] {processor.py:183} INFO - Processing /Users/ehabhasan/.venvs/airflow310/lib/python3.10/site-packages/airflow/example_dags/example_branch_day_of_week_operator.py took 0.057 seconds
[2025-08-19T17:06:18.230+0200] {processor.py:161} INFO - Started process (PID=9435) to work on /Users/ehabhasan/.venvs/airflow310/lib/python3.10/site-packages/airflow/example_dags/example_branch_day_of_week_operator.py
[2025-08-19T17:06:18.231+0200] {processor.py:830} INFO - Processing file /Users/ehabhasan/.venvs/airflow310/lib/python3.10/site-packages/airflow/example_dags/example_branch_day_of_week_operator.py for tasks to queue
[2025-08-19T17:06:18.231+0200] {logging_mixin.py:188} INFO - [2025-08-19T17:06:18.231+0200] {dagbag.py:545} INFO - Filling up the DagBag from /Users/ehabhasan/.venvs/airflow310/lib/python3.10/site-packages/airflow/example_dags/example_branch_day_of_week_operator.py
[2025-08-19T17:06:18.234+0200] {processor.py:840} INFO - DAG(s) 'example_weekday_branch_operator' retrieved from /Users/ehabhasan/.venvs/airflow310/lib/python3.10/site-packages/airflow/example_dags/example_branch_day_of_week_operator.py
[2025-08-19T17:06:18.270+0200] {logging_mixin.py:188} INFO - [2025-08-19T17:06:18.269+0200] {dag.py:3089} INFO - Sync 1 DAGs
[2025-08-19T17:06:18.275+0200] {logging_mixin.py:188} INFO - [2025-08-19T17:06:18.275+0200] {dag.py:3947} INFO - Setting next_dagrun for example_weekday_branch_operator to 2025-08-18 00:00:00+00:00, run_after=2025-08-19 00:00:00+00:00
[2025-08-19T17:06:18.281+0200] {processor.py:183} INFO - Processing /Users/ehabhasan/.venvs/airflow310/lib/python3.10/site-packages/airflow/example_dags/example_branch_day_of_week_operator.py took 0.053 seconds
[2025-08-19T17:08:05.342+0200] {processor.py:161} INFO - Started process (PID=10129) to work on /Users/ehabhasan/.venvs/airflow310/lib/python3.10/site-packages/airflow/example_dags/example_branch_day_of_week_operator.py
[2025-08-19T17:08:05.342+0200] {processor.py:830} INFO - Processing file /Users/ehabhasan/.venvs/airflow310/lib/python3.10/site-packages/airflow/example_dags/example_branch_day_of_week_operator.py for tasks to queue
[2025-08-19T17:08:05.342+0200] {logging_mixin.py:188} INFO - [2025-08-19T17:08:05.342+0200] {dagbag.py:545} INFO - Filling up the DagBag from /Users/ehabhasan/.venvs/airflow310/lib/python3.10/site-packages/airflow/example_dags/example_branch_day_of_week_operator.py
[2025-08-19T17:08:05.346+0200] {processor.py:840} INFO - DAG(s) 'example_weekday_branch_operator' retrieved from /Users/ehabhasan/.venvs/airflow310/lib/python3.10/site-packages/airflow/example_dags/example_branch_day_of_week_operator.py
[2025-08-19T17:08:05.381+0200] {logging_mixin.py:188} INFO - [2025-08-19T17:08:05.381+0200] {dag.py:3089} INFO - Sync 1 DAGs
[2025-08-19T17:08:05.388+0200] {logging_mixin.py:188} INFO - [2025-08-19T17:08:05.387+0200] {dag.py:3947} INFO - Setting next_dagrun for example_weekday_branch_operator to 2025-08-18 00:00:00+00:00, run_after=2025-08-19 00:00:00+00:00
[2025-08-19T17:08:05.394+0200] {processor.py:183} INFO - Processing /Users/ehabhasan/.venvs/airflow310/lib/python3.10/site-packages/airflow/example_dags/example_branch_day_of_week_operator.py took 0.054 seconds
[2025-08-19T17:09:54.453+0200] {processor.py:161} INFO - Started process (PID=10243) to work on /Users/ehabhasan/.venvs/airflow310/lib/python3.10/site-packages/airflow/example_dags/example_branch_day_of_week_operator.py
[2025-08-19T17:09:54.454+0200] {processor.py:830} INFO - Processing file /Users/ehabhasan/.venvs/airflow310/lib/python3.10/site-packages/airflow/example_dags/example_branch_day_of_week_operator.py for tasks to queue
[2025-08-19T17:09:54.454+0200] {logging_mixin.py:188} INFO - [2025-08-19T17:09:54.454+0200] {dagbag.py:545} INFO - Filling up the DagBag from /Users/ehabhasan/.venvs/airflow310/lib/python3.10/site-packages/airflow/example_dags/example_branch_day_of_week_operator.py
[2025-08-19T17:09:54.457+0200] {processor.py:840} INFO - DAG(s) 'example_weekday_branch_operator' retrieved from /Users/ehabhasan/.venvs/airflow310/lib/python3.10/site-packages/airflow/example_dags/example_branch_day_of_week_operator.py
[2025-08-19T17:09:54.493+0200] {logging_mixin.py:188} INFO - [2025-08-19T17:09:54.493+0200] {dag.py:3089} INFO - Sync 1 DAGs
[2025-08-19T17:09:54.499+0200] {logging_mixin.py:188} INFO - [2025-08-19T17:09:54.499+0200] {dag.py:3947} INFO - Setting next_dagrun for example_weekday_branch_operator to 2025-08-18 00:00:00+00:00, run_after=2025-08-19 00:00:00+00:00
[2025-08-19T17:09:54.506+0200] {processor.py:183} INFO - Processing /Users/ehabhasan/.venvs/airflow310/lib/python3.10/site-packages/airflow/example_dags/example_branch_day_of_week_operator.py took 0.054 seconds
[2025-08-19T17:11:38.970+0200] {processor.py:161} INFO - Started process (PID=10325) to work on /Users/ehabhasan/.venvs/airflow310/lib/python3.10/site-packages/airflow/example_dags/example_branch_day_of_week_operator.py
[2025-08-19T17:11:38.970+0200] {processor.py:830} INFO - Processing file /Users/ehabhasan/.venvs/airflow310/lib/python3.10/site-packages/airflow/example_dags/example_branch_day_of_week_operator.py for tasks to queue
[2025-08-19T17:11:38.971+0200] {logging_mixin.py:188} INFO - [2025-08-19T17:11:38.970+0200] {dagbag.py:545} INFO - Filling up the DagBag from /Users/ehabhasan/.venvs/airflow310/lib/python3.10/site-packages/airflow/example_dags/example_branch_day_of_week_operator.py
[2025-08-19T17:11:38.974+0200] {processor.py:840} INFO - DAG(s) 'example_weekday_branch_operator' retrieved from /Users/ehabhasan/.venvs/airflow310/lib/python3.10/site-packages/airflow/example_dags/example_branch_day_of_week_operator.py
[2025-08-19T17:11:39.009+0200] {logging_mixin.py:188} INFO - [2025-08-19T17:11:39.009+0200] {dag.py:3089} INFO - Sync 1 DAGs
[2025-08-19T17:11:39.015+0200] {logging_mixin.py:188} INFO - [2025-08-19T17:11:39.015+0200] {dag.py:3947} INFO - Setting next_dagrun for example_weekday_branch_operator to 2025-08-18 00:00:00+00:00, run_after=2025-08-19 00:00:00+00:00
[2025-08-19T17:11:39.021+0200] {processor.py:183} INFO - Processing /Users/ehabhasan/.venvs/airflow310/lib/python3.10/site-packages/airflow/example_dags/example_branch_day_of_week_operator.py took 0.053 seconds
[2025-08-19T17:13:32.564+0200] {processor.py:161} INFO - Started process (PID=10422) to work on /Users/ehabhasan/.venvs/airflow310/lib/python3.10/site-packages/airflow/example_dags/example_branch_day_of_week_operator.py
[2025-08-19T17:13:32.564+0200] {processor.py:830} INFO - Processing file /Users/ehabhasan/.venvs/airflow310/lib/python3.10/site-packages/airflow/example_dags/example_branch_day_of_week_operator.py for tasks to queue
[2025-08-19T17:13:32.564+0200] {logging_mixin.py:188} INFO - [2025-08-19T17:13:32.564+0200] {dagbag.py:545} INFO - Filling up the DagBag from /Users/ehabhasan/.venvs/airflow310/lib/python3.10/site-packages/airflow/example_dags/example_branch_day_of_week_operator.py
[2025-08-19T17:13:32.568+0200] {processor.py:840} INFO - DAG(s) 'example_weekday_branch_operator' retrieved from /Users/ehabhasan/.venvs/airflow310/lib/python3.10/site-packages/airflow/example_dags/example_branch_day_of_week_operator.py
[2025-08-19T17:13:32.603+0200] {logging_mixin.py:188} INFO - [2025-08-19T17:13:32.603+0200] {dag.py:3089} INFO - Sync 1 DAGs
[2025-08-19T17:13:32.609+0200] {logging_mixin.py:188} INFO - [2025-08-19T17:13:32.609+0200] {dag.py:3947} INFO - Setting next_dagrun for example_weekday_branch_operator to 2025-08-18 00:00:00+00:00, run_after=2025-08-19 00:00:00+00:00
[2025-08-19T17:13:32.615+0200] {processor.py:183} INFO - Processing /Users/ehabhasan/.venvs/airflow310/lib/python3.10/site-packages/airflow/example_dags/example_branch_day_of_week_operator.py took 0.053 seconds
[2025-08-19T17:15:24.496+0200] {processor.py:161} INFO - Started process (PID=10773) to work on /Users/ehabhasan/.venvs/airflow310/lib/python3.10/site-packages/airflow/example_dags/example_branch_day_of_week_operator.py
[2025-08-19T17:15:24.496+0200] {processor.py:830} INFO - Processing file /Users/ehabhasan/.venvs/airflow310/lib/python3.10/site-packages/airflow/example_dags/example_branch_day_of_week_operator.py for tasks to queue
[2025-08-19T17:15:24.497+0200] {logging_mixin.py:188} INFO - [2025-08-19T17:15:24.497+0200] {dagbag.py:545} INFO - Filling up the DagBag from /Users/ehabhasan/.venvs/airflow310/lib/python3.10/site-packages/airflow/example_dags/example_branch_day_of_week_operator.py
[2025-08-19T17:15:24.501+0200] {processor.py:840} INFO - DAG(s) 'example_weekday_branch_operator' retrieved from /Users/ehabhasan/.venvs/airflow310/lib/python3.10/site-packages/airflow/example_dags/example_branch_day_of_week_operator.py
[2025-08-19T17:15:24.538+0200] {logging_mixin.py:188} INFO - [2025-08-19T17:15:24.537+0200] {dag.py:3089} INFO - Sync 1 DAGs
[2025-08-19T17:15:24.544+0200] {logging_mixin.py:188} INFO - [2025-08-19T17:15:24.544+0200] {dag.py:3947} INFO - Setting next_dagrun for example_weekday_branch_operator to 2025-08-18 00:00:00+00:00, run_after=2025-08-19 00:00:00+00:00
[2025-08-19T17:15:24.551+0200] {processor.py:183} INFO - Processing /Users/ehabhasan/.venvs/airflow310/lib/python3.10/site-packages/airflow/example_dags/example_branch_day_of_week_operator.py took 0.056 seconds
[2025-08-19T17:17:17.949+0200] {processor.py:161} INFO - Started process (PID=11432) to work on /Users/ehabhasan/.venvs/airflow310/lib/python3.10/site-packages/airflow/example_dags/example_branch_day_of_week_operator.py
[2025-08-19T17:17:17.950+0200] {processor.py:830} INFO - Processing file /Users/ehabhasan/.venvs/airflow310/lib/python3.10/site-packages/airflow/example_dags/example_branch_day_of_week_operator.py for tasks to queue
[2025-08-19T17:17:17.950+0200] {logging_mixin.py:188} INFO - [2025-08-19T17:17:17.950+0200] {dagbag.py:545} INFO - Filling up the DagBag from /Users/ehabhasan/.venvs/airflow310/lib/python3.10/site-packages/airflow/example_dags/example_branch_day_of_week_operator.py
[2025-08-19T17:17:17.954+0200] {processor.py:840} INFO - DAG(s) 'example_weekday_branch_operator' retrieved from /Users/ehabhasan/.venvs/airflow310/lib/python3.10/site-packages/airflow/example_dags/example_branch_day_of_week_operator.py
[2025-08-19T17:17:17.990+0200] {logging_mixin.py:188} INFO - [2025-08-19T17:17:17.989+0200] {dag.py:3089} INFO - Sync 1 DAGs
[2025-08-19T17:17:17.995+0200] {logging_mixin.py:188} INFO - [2025-08-19T17:17:17.995+0200] {dag.py:3947} INFO - Setting next_dagrun for example_weekday_branch_operator to 2025-08-18 00:00:00+00:00, run_after=2025-08-19 00:00:00+00:00
[2025-08-19T17:17:18.002+0200] {processor.py:183} INFO - Processing /Users/ehabhasan/.venvs/airflow310/lib/python3.10/site-packages/airflow/example_dags/example_branch_day_of_week_operator.py took 0.055 seconds
[2025-08-19T17:19:05.050+0200] {processor.py:161} INFO - Started process (PID=11530) to work on /Users/ehabhasan/.venvs/airflow310/lib/python3.10/site-packages/airflow/example_dags/example_branch_day_of_week_operator.py
[2025-08-19T17:19:05.052+0200] {processor.py:830} INFO - Processing file /Users/ehabhasan/.venvs/airflow310/lib/python3.10/site-packages/airflow/example_dags/example_branch_day_of_week_operator.py for tasks to queue
[2025-08-19T17:19:05.052+0200] {logging_mixin.py:188} INFO - [2025-08-19T17:19:05.052+0200] {dagbag.py:545} INFO - Filling up the DagBag from /Users/ehabhasan/.venvs/airflow310/lib/python3.10/site-packages/airflow/example_dags/example_branch_day_of_week_operator.py
[2025-08-19T17:19:05.056+0200] {processor.py:840} INFO - DAG(s) 'example_weekday_branch_operator' retrieved from /Users/ehabhasan/.venvs/airflow310/lib/python3.10/site-packages/airflow/example_dags/example_branch_day_of_week_operator.py
[2025-08-19T17:19:05.090+0200] {logging_mixin.py:188} INFO - [2025-08-19T17:19:05.090+0200] {dag.py:3089} INFO - Sync 1 DAGs
[2025-08-19T17:19:05.096+0200] {logging_mixin.py:188} INFO - [2025-08-19T17:19:05.096+0200] {dag.py:3947} INFO - Setting next_dagrun for example_weekday_branch_operator to 2025-08-18 00:00:00+00:00, run_after=2025-08-19 00:00:00+00:00
[2025-08-19T17:19:05.102+0200] {processor.py:183} INFO - Processing /Users/ehabhasan/.venvs/airflow310/lib/python3.10/site-packages/airflow/example_dags/example_branch_day_of_week_operator.py took 0.054 seconds
[2025-08-19T17:20:47.568+0200] {processor.py:161} INFO - Started process (PID=11621) to work on /Users/ehabhasan/.venvs/airflow310/lib/python3.10/site-packages/airflow/example_dags/example_branch_day_of_week_operator.py
[2025-08-19T17:20:47.569+0200] {processor.py:830} INFO - Processing file /Users/ehabhasan/.venvs/airflow310/lib/python3.10/site-packages/airflow/example_dags/example_branch_day_of_week_operator.py for tasks to queue
[2025-08-19T17:20:47.569+0200] {logging_mixin.py:188} INFO - [2025-08-19T17:20:47.569+0200] {dagbag.py:545} INFO - Filling up the DagBag from /Users/ehabhasan/.venvs/airflow310/lib/python3.10/site-packages/airflow/example_dags/example_branch_day_of_week_operator.py
[2025-08-19T17:20:47.573+0200] {processor.py:840} INFO - DAG(s) 'example_weekday_branch_operator' retrieved from /Users/ehabhasan/.venvs/airflow310/lib/python3.10/site-packages/airflow/example_dags/example_branch_day_of_week_operator.py
[2025-08-19T17:20:47.608+0200] {logging_mixin.py:188} INFO - [2025-08-19T17:20:47.608+0200] {dag.py:3089} INFO - Sync 1 DAGs
[2025-08-19T17:20:47.614+0200] {logging_mixin.py:188} INFO - [2025-08-19T17:20:47.614+0200] {dag.py:3947} INFO - Setting next_dagrun for example_weekday_branch_operator to 2025-08-18 00:00:00+00:00, run_after=2025-08-19 00:00:00+00:00
[2025-08-19T17:20:47.620+0200] {processor.py:183} INFO - Processing /Users/ehabhasan/.venvs/airflow310/lib/python3.10/site-packages/airflow/example_dags/example_branch_day_of_week_operator.py took 0.054 seconds
[2025-08-19T17:22:39.248+0200] {processor.py:161} INFO - Started process (PID=11693) to work on /Users/ehabhasan/.venvs/airflow310/lib/python3.10/site-packages/airflow/example_dags/example_branch_day_of_week_operator.py
[2025-08-19T17:22:39.248+0200] {processor.py:830} INFO - Processing file /Users/ehabhasan/.venvs/airflow310/lib/python3.10/site-packages/airflow/example_dags/example_branch_day_of_week_operator.py for tasks to queue
[2025-08-19T17:22:39.248+0200] {logging_mixin.py:188} INFO - [2025-08-19T17:22:39.248+0200] {dagbag.py:545} INFO - Filling up the DagBag from /Users/ehabhasan/.venvs/airflow310/lib/python3.10/site-packages/airflow/example_dags/example_branch_day_of_week_operator.py
[2025-08-19T17:22:39.252+0200] {processor.py:840} INFO - DAG(s) 'example_weekday_branch_operator' retrieved from /Users/ehabhasan/.venvs/airflow310/lib/python3.10/site-packages/airflow/example_dags/example_branch_day_of_week_operator.py
[2025-08-19T17:22:39.289+0200] {logging_mixin.py:188} INFO - [2025-08-19T17:22:39.288+0200] {dag.py:3089} INFO - Sync 1 DAGs
[2025-08-19T17:22:39.294+0200] {logging_mixin.py:188} INFO - [2025-08-19T17:22:39.294+0200] {dag.py:3947} INFO - Setting next_dagrun for example_weekday_branch_operator to 2025-08-18 00:00:00+00:00, run_after=2025-08-19 00:00:00+00:00
[2025-08-19T17:22:39.301+0200] {processor.py:183} INFO - Processing /Users/ehabhasan/.venvs/airflow310/lib/python3.10/site-packages/airflow/example_dags/example_branch_day_of_week_operator.py took 0.055 seconds
[2025-08-19T17:24:25.264+0200] {processor.py:161} INFO - Started process (PID=11777) to work on /Users/ehabhasan/.venvs/airflow310/lib/python3.10/site-packages/airflow/example_dags/example_branch_day_of_week_operator.py
[2025-08-19T17:24:25.266+0200] {processor.py:830} INFO - Processing file /Users/ehabhasan/.venvs/airflow310/lib/python3.10/site-packages/airflow/example_dags/example_branch_day_of_week_operator.py for tasks to queue
[2025-08-19T17:24:25.266+0200] {logging_mixin.py:188} INFO - [2025-08-19T17:24:25.266+0200] {dagbag.py:545} INFO - Filling up the DagBag from /Users/ehabhasan/.venvs/airflow310/lib/python3.10/site-packages/airflow/example_dags/example_branch_day_of_week_operator.py
[2025-08-19T17:24:25.270+0200] {processor.py:840} INFO - DAG(s) 'example_weekday_branch_operator' retrieved from /Users/ehabhasan/.venvs/airflow310/lib/python3.10/site-packages/airflow/example_dags/example_branch_day_of_week_operator.py
[2025-08-19T17:24:25.307+0200] {logging_mixin.py:188} INFO - [2025-08-19T17:24:25.307+0200] {dag.py:3089} INFO - Sync 1 DAGs
[2025-08-19T17:24:25.313+0200] {logging_mixin.py:188} INFO - [2025-08-19T17:24:25.313+0200] {dag.py:3947} INFO - Setting next_dagrun for example_weekday_branch_operator to 2025-08-18 00:00:00+00:00, run_after=2025-08-19 00:00:00+00:00
[2025-08-19T17:24:25.319+0200] {processor.py:183} INFO - Processing /Users/ehabhasan/.venvs/airflow310/lib/python3.10/site-packages/airflow/example_dags/example_branch_day_of_week_operator.py took 0.057 seconds
[2025-08-19T17:26:10.901+0200] {processor.py:161} INFO - Started process (PID=11856) to work on /Users/ehabhasan/.venvs/airflow310/lib/python3.10/site-packages/airflow/example_dags/example_branch_day_of_week_operator.py
[2025-08-19T17:26:10.903+0200] {processor.py:830} INFO - Processing file /Users/ehabhasan/.venvs/airflow310/lib/python3.10/site-packages/airflow/example_dags/example_branch_day_of_week_operator.py for tasks to queue
[2025-08-19T17:26:10.904+0200] {logging_mixin.py:188} INFO - [2025-08-19T17:26:10.904+0200] {dagbag.py:545} INFO - Filling up the DagBag from /Users/ehabhasan/.venvs/airflow310/lib/python3.10/site-packages/airflow/example_dags/example_branch_day_of_week_operator.py
[2025-08-19T17:26:10.908+0200] {processor.py:840} INFO - DAG(s) 'example_weekday_branch_operator' retrieved from /Users/ehabhasan/.venvs/airflow310/lib/python3.10/site-packages/airflow/example_dags/example_branch_day_of_week_operator.py
[2025-08-19T17:26:10.943+0200] {logging_mixin.py:188} INFO - [2025-08-19T17:26:10.943+0200] {dag.py:3089} INFO - Sync 1 DAGs
[2025-08-19T17:26:10.949+0200] {logging_mixin.py:188} INFO - [2025-08-19T17:26:10.949+0200] {dag.py:3947} INFO - Setting next_dagrun for example_weekday_branch_operator to 2025-08-18 00:00:00+00:00, run_after=2025-08-19 00:00:00+00:00
[2025-08-19T17:26:10.955+0200] {processor.py:183} INFO - Processing /Users/ehabhasan/.venvs/airflow310/lib/python3.10/site-packages/airflow/example_dags/example_branch_day_of_week_operator.py took 0.056 seconds
[2025-08-19T17:28:01.112+0200] {processor.py:161} INFO - Started process (PID=11944) to work on /Users/ehabhasan/.venvs/airflow310/lib/python3.10/site-packages/airflow/example_dags/example_branch_day_of_week_operator.py
[2025-08-19T17:28:01.113+0200] {processor.py:830} INFO - Processing file /Users/ehabhasan/.venvs/airflow310/lib/python3.10/site-packages/airflow/example_dags/example_branch_day_of_week_operator.py for tasks to queue
[2025-08-19T17:28:01.113+0200] {logging_mixin.py:188} INFO - [2025-08-19T17:28:01.113+0200] {dagbag.py:545} INFO - Filling up the DagBag from /Users/ehabhasan/.venvs/airflow310/lib/python3.10/site-packages/airflow/example_dags/example_branch_day_of_week_operator.py
[2025-08-19T17:28:01.117+0200] {processor.py:840} INFO - DAG(s) 'example_weekday_branch_operator' retrieved from /Users/ehabhasan/.venvs/airflow310/lib/python3.10/site-packages/airflow/example_dags/example_branch_day_of_week_operator.py
[2025-08-19T17:28:01.153+0200] {logging_mixin.py:188} INFO - [2025-08-19T17:28:01.153+0200] {dag.py:3089} INFO - Sync 1 DAGs
[2025-08-19T17:28:01.159+0200] {logging_mixin.py:188} INFO - [2025-08-19T17:28:01.159+0200] {dag.py:3947} INFO - Setting next_dagrun for example_weekday_branch_operator to 2025-08-18 00:00:00+00:00, run_after=2025-08-19 00:00:00+00:00
[2025-08-19T17:28:01.165+0200] {processor.py:183} INFO - Processing /Users/ehabhasan/.venvs/airflow310/lib/python3.10/site-packages/airflow/example_dags/example_branch_day_of_week_operator.py took 0.055 seconds
[2025-08-19T17:29:52.551+0200] {processor.py:161} INFO - Started process (PID=12557) to work on /Users/ehabhasan/.venvs/airflow310/lib/python3.10/site-packages/airflow/example_dags/example_branch_day_of_week_operator.py
[2025-08-19T17:29:52.552+0200] {processor.py:830} INFO - Processing file /Users/ehabhasan/.venvs/airflow310/lib/python3.10/site-packages/airflow/example_dags/example_branch_day_of_week_operator.py for tasks to queue
[2025-08-19T17:29:52.552+0200] {logging_mixin.py:188} INFO - [2025-08-19T17:29:52.552+0200] {dagbag.py:545} INFO - Filling up the DagBag from /Users/ehabhasan/.venvs/airflow310/lib/python3.10/site-packages/airflow/example_dags/example_branch_day_of_week_operator.py
[2025-08-19T17:29:52.557+0200] {processor.py:840} INFO - DAG(s) 'example_weekday_branch_operator' retrieved from /Users/ehabhasan/.venvs/airflow310/lib/python3.10/site-packages/airflow/example_dags/example_branch_day_of_week_operator.py
[2025-08-19T17:29:52.594+0200] {logging_mixin.py:188} INFO - [2025-08-19T17:29:52.593+0200] {dag.py:3089} INFO - Sync 1 DAGs
[2025-08-19T17:29:52.600+0200] {logging_mixin.py:188} INFO - [2025-08-19T17:29:52.599+0200] {dag.py:3947} INFO - Setting next_dagrun for example_weekday_branch_operator to 2025-08-18 00:00:00+00:00, run_after=2025-08-19 00:00:00+00:00
[2025-08-19T17:29:52.606+0200] {processor.py:183} INFO - Processing /Users/ehabhasan/.venvs/airflow310/lib/python3.10/site-packages/airflow/example_dags/example_branch_day_of_week_operator.py took 0.057 seconds
[2025-08-19T17:31:42.050+0200] {processor.py:161} INFO - Started process (PID=13947) to work on /Users/ehabhasan/.venvs/airflow310/lib/python3.10/site-packages/airflow/example_dags/example_branch_day_of_week_operator.py
[2025-08-19T17:31:42.051+0200] {processor.py:830} INFO - Processing file /Users/ehabhasan/.venvs/airflow310/lib/python3.10/site-packages/airflow/example_dags/example_branch_day_of_week_operator.py for tasks to queue
[2025-08-19T17:31:42.051+0200] {logging_mixin.py:188} INFO - [2025-08-19T17:31:42.051+0200] {dagbag.py:545} INFO - Filling up the DagBag from /Users/ehabhasan/.venvs/airflow310/lib/python3.10/site-packages/airflow/example_dags/example_branch_day_of_week_operator.py
[2025-08-19T17:31:42.055+0200] {processor.py:840} INFO - DAG(s) 'example_weekday_branch_operator' retrieved from /Users/ehabhasan/.venvs/airflow310/lib/python3.10/site-packages/airflow/example_dags/example_branch_day_of_week_operator.py
[2025-08-19T17:31:42.094+0200] {logging_mixin.py:188} INFO - [2025-08-19T17:31:42.094+0200] {dag.py:3089} INFO - Sync 1 DAGs
[2025-08-19T17:31:42.100+0200] {logging_mixin.py:188} INFO - [2025-08-19T17:31:42.100+0200] {dag.py:3947} INFO - Setting next_dagrun for example_weekday_branch_operator to 2025-08-18 00:00:00+00:00, run_after=2025-08-19 00:00:00+00:00
[2025-08-19T17:31:42.106+0200] {processor.py:183} INFO - Processing /Users/ehabhasan/.venvs/airflow310/lib/python3.10/site-packages/airflow/example_dags/example_branch_day_of_week_operator.py took 0.058 seconds
[2025-08-19T17:33:33.998+0200] {processor.py:161} INFO - Started process (PID=14209) to work on /Users/ehabhasan/.venvs/airflow310/lib/python3.10/site-packages/airflow/example_dags/example_branch_day_of_week_operator.py
[2025-08-19T17:33:33.998+0200] {processor.py:830} INFO - Processing file /Users/ehabhasan/.venvs/airflow310/lib/python3.10/site-packages/airflow/example_dags/example_branch_day_of_week_operator.py for tasks to queue
[2025-08-19T17:33:33.999+0200] {logging_mixin.py:188} INFO - [2025-08-19T17:33:33.999+0200] {dagbag.py:545} INFO - Filling up the DagBag from /Users/ehabhasan/.venvs/airflow310/lib/python3.10/site-packages/airflow/example_dags/example_branch_day_of_week_operator.py
[2025-08-19T17:33:34.002+0200] {processor.py:840} INFO - DAG(s) 'example_weekday_branch_operator' retrieved from /Users/ehabhasan/.venvs/airflow310/lib/python3.10/site-packages/airflow/example_dags/example_branch_day_of_week_operator.py
[2025-08-19T17:33:34.037+0200] {logging_mixin.py:188} INFO - [2025-08-19T17:33:34.037+0200] {dag.py:3089} INFO - Sync 1 DAGs
[2025-08-19T17:33:34.043+0200] {logging_mixin.py:188} INFO - [2025-08-19T17:33:34.043+0200] {dag.py:3947} INFO - Setting next_dagrun for example_weekday_branch_operator to 2025-08-18 00:00:00+00:00, run_after=2025-08-19 00:00:00+00:00
[2025-08-19T17:33:34.049+0200] {processor.py:183} INFO - Processing /Users/ehabhasan/.venvs/airflow310/lib/python3.10/site-packages/airflow/example_dags/example_branch_day_of_week_operator.py took 0.053 seconds
[2025-08-19T17:35:19.763+0200] {processor.py:161} INFO - Started process (PID=14390) to work on /Users/ehabhasan/.venvs/airflow310/lib/python3.10/site-packages/airflow/example_dags/example_branch_day_of_week_operator.py
[2025-08-19T17:35:19.763+0200] {processor.py:830} INFO - Processing file /Users/ehabhasan/.venvs/airflow310/lib/python3.10/site-packages/airflow/example_dags/example_branch_day_of_week_operator.py for tasks to queue
[2025-08-19T17:35:19.764+0200] {logging_mixin.py:188} INFO - [2025-08-19T17:35:19.764+0200] {dagbag.py:545} INFO - Filling up the DagBag from /Users/ehabhasan/.venvs/airflow310/lib/python3.10/site-packages/airflow/example_dags/example_branch_day_of_week_operator.py
[2025-08-19T17:35:19.767+0200] {processor.py:840} INFO - DAG(s) 'example_weekday_branch_operator' retrieved from /Users/ehabhasan/.venvs/airflow310/lib/python3.10/site-packages/airflow/example_dags/example_branch_day_of_week_operator.py
[2025-08-19T17:35:19.803+0200] {logging_mixin.py:188} INFO - [2025-08-19T17:35:19.802+0200] {dag.py:3089} INFO - Sync 1 DAGs
[2025-08-19T17:35:19.808+0200] {logging_mixin.py:188} INFO - [2025-08-19T17:35:19.808+0200] {dag.py:3947} INFO - Setting next_dagrun for example_weekday_branch_operator to 2025-08-18 00:00:00+00:00, run_after=2025-08-19 00:00:00+00:00
[2025-08-19T17:35:19.815+0200] {processor.py:183} INFO - Processing /Users/ehabhasan/.venvs/airflow310/lib/python3.10/site-packages/airflow/example_dags/example_branch_day_of_week_operator.py took 0.053 seconds
[2025-08-19T17:37:14.982+0200] {processor.py:161} INFO - Started process (PID=14536) to work on /Users/ehabhasan/.venvs/airflow310/lib/python3.10/site-packages/airflow/example_dags/example_branch_day_of_week_operator.py
[2025-08-19T17:37:14.982+0200] {processor.py:830} INFO - Processing file /Users/ehabhasan/.venvs/airflow310/lib/python3.10/site-packages/airflow/example_dags/example_branch_day_of_week_operator.py for tasks to queue
[2025-08-19T17:37:14.982+0200] {logging_mixin.py:188} INFO - [2025-08-19T17:37:14.982+0200] {dagbag.py:545} INFO - Filling up the DagBag from /Users/ehabhasan/.venvs/airflow310/lib/python3.10/site-packages/airflow/example_dags/example_branch_day_of_week_operator.py
[2025-08-19T17:37:14.986+0200] {processor.py:840} INFO - DAG(s) 'example_weekday_branch_operator' retrieved from /Users/ehabhasan/.venvs/airflow310/lib/python3.10/site-packages/airflow/example_dags/example_branch_day_of_week_operator.py
[2025-08-19T17:37:15.021+0200] {logging_mixin.py:188} INFO - [2025-08-19T17:37:15.021+0200] {dag.py:3089} INFO - Sync 1 DAGs
[2025-08-19T17:37:15.027+0200] {logging_mixin.py:188} INFO - [2025-08-19T17:37:15.026+0200] {dag.py:3947} INFO - Setting next_dagrun for example_weekday_branch_operator to 2025-08-18 00:00:00+00:00, run_after=2025-08-19 00:00:00+00:00
[2025-08-19T17:37:15.033+0200] {processor.py:183} INFO - Processing /Users/ehabhasan/.venvs/airflow310/lib/python3.10/site-packages/airflow/example_dags/example_branch_day_of_week_operator.py took 0.052 seconds
[2025-08-19T17:39:15.243+0200] {processor.py:161} INFO - Started process (PID=14750) to work on /Users/ehabhasan/.venvs/airflow310/lib/python3.10/site-packages/airflow/example_dags/example_branch_day_of_week_operator.py
[2025-08-19T17:39:15.243+0200] {processor.py:830} INFO - Processing file /Users/ehabhasan/.venvs/airflow310/lib/python3.10/site-packages/airflow/example_dags/example_branch_day_of_week_operator.py for tasks to queue
[2025-08-19T17:39:15.244+0200] {logging_mixin.py:188} INFO - [2025-08-19T17:39:15.244+0200] {dagbag.py:545} INFO - Filling up the DagBag from /Users/ehabhasan/.venvs/airflow310/lib/python3.10/site-packages/airflow/example_dags/example_branch_day_of_week_operator.py
[2025-08-19T17:39:15.247+0200] {processor.py:840} INFO - DAG(s) 'example_weekday_branch_operator' retrieved from /Users/ehabhasan/.venvs/airflow310/lib/python3.10/site-packages/airflow/example_dags/example_branch_day_of_week_operator.py
[2025-08-19T17:39:15.283+0200] {logging_mixin.py:188} INFO - [2025-08-19T17:39:15.283+0200] {dag.py:3089} INFO - Sync 1 DAGs
[2025-08-19T17:39:15.289+0200] {logging_mixin.py:188} INFO - [2025-08-19T17:39:15.289+0200] {dag.py:3947} INFO - Setting next_dagrun for example_weekday_branch_operator to 2025-08-18 00:00:00+00:00, run_after=2025-08-19 00:00:00+00:00
[2025-08-19T17:39:15.296+0200] {processor.py:183} INFO - Processing /Users/ehabhasan/.venvs/airflow310/lib/python3.10/site-packages/airflow/example_dags/example_branch_day_of_week_operator.py took 0.054 seconds
[2025-08-19T17:44:52.426+0200] {processor.py:161} INFO - Started process (PID=14936) to work on /Users/ehabhasan/.venvs/airflow310/lib/python3.10/site-packages/airflow/example_dags/example_branch_day_of_week_operator.py
[2025-08-19T17:44:52.427+0200] {processor.py:830} INFO - Processing file /Users/ehabhasan/.venvs/airflow310/lib/python3.10/site-packages/airflow/example_dags/example_branch_day_of_week_operator.py for tasks to queue
[2025-08-19T17:44:52.427+0200] {logging_mixin.py:188} INFO - [2025-08-19T17:44:52.427+0200] {dagbag.py:545} INFO - Filling up the DagBag from /Users/ehabhasan/.venvs/airflow310/lib/python3.10/site-packages/airflow/example_dags/example_branch_day_of_week_operator.py
[2025-08-19T17:44:52.431+0200] {processor.py:840} INFO - DAG(s) 'example_weekday_branch_operator' retrieved from /Users/ehabhasan/.venvs/airflow310/lib/python3.10/site-packages/airflow/example_dags/example_branch_day_of_week_operator.py
[2025-08-19T17:44:52.467+0200] {logging_mixin.py:188} INFO - [2025-08-19T17:44:52.467+0200] {dag.py:3089} INFO - Sync 1 DAGs
[2025-08-19T17:44:52.472+0200] {logging_mixin.py:188} INFO - [2025-08-19T17:44:52.472+0200] {dag.py:3947} INFO - Setting next_dagrun for example_weekday_branch_operator to 2025-08-18 00:00:00+00:00, run_after=2025-08-19 00:00:00+00:00
[2025-08-19T17:44:52.479+0200] {processor.py:183} INFO - Processing /Users/ehabhasan/.venvs/airflow310/lib/python3.10/site-packages/airflow/example_dags/example_branch_day_of_week_operator.py took 0.054 seconds
[2025-08-19T17:46:53.824+0200] {processor.py:161} INFO - Started process (PID=15037) to work on /Users/ehabhasan/.venvs/airflow310/lib/python3.10/site-packages/airflow/example_dags/example_branch_day_of_week_operator.py
[2025-08-19T17:46:53.824+0200] {processor.py:830} INFO - Processing file /Users/ehabhasan/.venvs/airflow310/lib/python3.10/site-packages/airflow/example_dags/example_branch_day_of_week_operator.py for tasks to queue
[2025-08-19T17:46:53.824+0200] {logging_mixin.py:188} INFO - [2025-08-19T17:46:53.824+0200] {dagbag.py:545} INFO - Filling up the DagBag from /Users/ehabhasan/.venvs/airflow310/lib/python3.10/site-packages/airflow/example_dags/example_branch_day_of_week_operator.py
[2025-08-19T17:46:53.828+0200] {processor.py:840} INFO - DAG(s) 'example_weekday_branch_operator' retrieved from /Users/ehabhasan/.venvs/airflow310/lib/python3.10/site-packages/airflow/example_dags/example_branch_day_of_week_operator.py
[2025-08-19T17:46:53.864+0200] {logging_mixin.py:188} INFO - [2025-08-19T17:46:53.864+0200] {dag.py:3089} INFO - Sync 1 DAGs
[2025-08-19T17:46:53.870+0200] {logging_mixin.py:188} INFO - [2025-08-19T17:46:53.870+0200] {dag.py:3947} INFO - Setting next_dagrun for example_weekday_branch_operator to 2025-08-18 00:00:00+00:00, run_after=2025-08-19 00:00:00+00:00
[2025-08-19T17:46:53.876+0200] {processor.py:183} INFO - Processing /Users/ehabhasan/.venvs/airflow310/lib/python3.10/site-packages/airflow/example_dags/example_branch_day_of_week_operator.py took 0.054 seconds
[2025-08-19T17:48:51.490+0200] {processor.py:161} INFO - Started process (PID=15129) to work on /Users/ehabhasan/.venvs/airflow310/lib/python3.10/site-packages/airflow/example_dags/example_branch_day_of_week_operator.py
[2025-08-19T17:48:51.491+0200] {processor.py:830} INFO - Processing file /Users/ehabhasan/.venvs/airflow310/lib/python3.10/site-packages/airflow/example_dags/example_branch_day_of_week_operator.py for tasks to queue
[2025-08-19T17:48:51.491+0200] {logging_mixin.py:188} INFO - [2025-08-19T17:48:51.491+0200] {dagbag.py:545} INFO - Filling up the DagBag from /Users/ehabhasan/.venvs/airflow310/lib/python3.10/site-packages/airflow/example_dags/example_branch_day_of_week_operator.py
[2025-08-19T17:48:51.494+0200] {processor.py:840} INFO - DAG(s) 'example_weekday_branch_operator' retrieved from /Users/ehabhasan/.venvs/airflow310/lib/python3.10/site-packages/airflow/example_dags/example_branch_day_of_week_operator.py
[2025-08-19T17:48:51.531+0200] {logging_mixin.py:188} INFO - [2025-08-19T17:48:51.530+0200] {dag.py:3089} INFO - Sync 1 DAGs
[2025-08-19T17:48:51.536+0200] {logging_mixin.py:188} INFO - [2025-08-19T17:48:51.536+0200] {dag.py:3947} INFO - Setting next_dagrun for example_weekday_branch_operator to 2025-08-18 00:00:00+00:00, run_after=2025-08-19 00:00:00+00:00
[2025-08-19T17:48:51.543+0200] {processor.py:183} INFO - Processing /Users/ehabhasan/.venvs/airflow310/lib/python3.10/site-packages/airflow/example_dags/example_branch_day_of_week_operator.py took 0.054 seconds
