[2025-08-19T16:48:46.215+0200] {processor.py:161} INFO - Started process (PID=7655) to work on /Users/ehabhasan/.venvs/airflow310/lib/python3.10/site-packages/airflow/example_dags/example_external_task_marker_dag.py
[2025-08-19T16:48:46.215+0200] {processor.py:830} INFO - Processing file /Users/ehabhasan/.venvs/airflow310/lib/python3.10/site-packages/airflow/example_dags/example_external_task_marker_dag.py for tasks to queue
[2025-08-19T16:48:46.215+0200] {logging_mixin.py:188} INFO - [2025-08-19T16:48:46.215+0200] {dagbag.py:545} INFO - Filling up the DagBag from /Users/ehabhasan/.venvs/airflow310/lib/python3.10/site-packages/airflow/example_dags/example_external_task_marker_dag.py
[2025-08-19T16:48:46.220+0200] {processor.py:840} INFO - DAG(s) 'example_external_task_marker_parent', 'example_external_task_marker_child' retrieved from /Users/ehabhasan/.venvs/airflow310/lib/python3.10/site-packages/airflow/example_dags/example_external_task_marker_dag.py
[2025-08-19T16:48:46.308+0200] {logging_mixin.py:188} INFO - [2025-08-19T16:48:46.307+0200] {dag.py:3089} INFO - Sync 2 DAGs
[2025-08-19T16:48:46.311+0200] {logging_mixin.py:188} INFO - [2025-08-19T16:48:46.311+0200] {dag.py:3947} INFO - Setting next_dagrun for example_external_task_marker_child to None, run_after=None
[2025-08-19T16:48:46.312+0200] {logging_mixin.py:188} INFO - [2025-08-19T16:48:46.312+0200] {dag.py:3947} INFO - Setting next_dagrun for example_external_task_marker_parent to None, run_after=None
[2025-08-19T16:48:46.318+0200] {processor.py:183} INFO - Processing /Users/ehabhasan/.venvs/airflow310/lib/python3.10/site-packages/airflow/example_dags/example_external_task_marker_dag.py took 0.105 seconds
[2025-08-19T16:50:22.145+0200] {processor.py:161} INFO - Started process (PID=7728) to work on /Users/ehabhasan/.venvs/airflow310/lib/python3.10/site-packages/airflow/example_dags/example_external_task_marker_dag.py
[2025-08-19T16:50:22.146+0200] {processor.py:830} INFO - Processing file /Users/ehabhasan/.venvs/airflow310/lib/python3.10/site-packages/airflow/example_dags/example_external_task_marker_dag.py for tasks to queue
[2025-08-19T16:50:22.146+0200] {logging_mixin.py:188} INFO - [2025-08-19T16:50:22.146+0200] {dagbag.py:545} INFO - Filling up the DagBag from /Users/ehabhasan/.venvs/airflow310/lib/python3.10/site-packages/airflow/example_dags/example_external_task_marker_dag.py
[2025-08-19T16:50:22.151+0200] {processor.py:840} INFO - DAG(s) 'example_external_task_marker_child', 'example_external_task_marker_parent' retrieved from /Users/ehabhasan/.venvs/airflow310/lib/python3.10/site-packages/airflow/example_dags/example_external_task_marker_dag.py
[2025-08-19T16:50:22.187+0200] {logging_mixin.py:188} INFO - [2025-08-19T16:50:22.187+0200] {dag.py:3089} INFO - Sync 2 DAGs
[2025-08-19T16:50:22.190+0200] {logging_mixin.py:188} INFO - [2025-08-19T16:50:22.190+0200] {dag.py:3947} INFO - Setting next_dagrun for example_external_task_marker_child to None, run_after=None
[2025-08-19T16:50:22.191+0200] {logging_mixin.py:188} INFO - [2025-08-19T16:50:22.191+0200] {dag.py:3947} INFO - Setting next_dagrun for example_external_task_marker_parent to None, run_after=None
[2025-08-19T16:50:22.196+0200] {processor.py:183} INFO - Processing /Users/ehabhasan/.venvs/airflow310/lib/python3.10/site-packages/airflow/example_dags/example_external_task_marker_dag.py took 0.053 seconds
[2025-08-19T16:51:59.922+0200] {processor.py:161} INFO - Started process (PID=7801) to work on /Users/ehabhasan/.venvs/airflow310/lib/python3.10/site-packages/airflow/example_dags/example_external_task_marker_dag.py
[2025-08-19T16:51:59.922+0200] {processor.py:830} INFO - Processing file /Users/ehabhasan/.venvs/airflow310/lib/python3.10/site-packages/airflow/example_dags/example_external_task_marker_dag.py for tasks to queue
[2025-08-19T16:51:59.922+0200] {logging_mixin.py:188} INFO - [2025-08-19T16:51:59.922+0200] {dagbag.py:545} INFO - Filling up the DagBag from /Users/ehabhasan/.venvs/airflow310/lib/python3.10/site-packages/airflow/example_dags/example_external_task_marker_dag.py
[2025-08-19T16:51:59.927+0200] {processor.py:840} INFO - DAG(s) 'example_external_task_marker_child', 'example_external_task_marker_parent' retrieved from /Users/ehabhasan/.venvs/airflow310/lib/python3.10/site-packages/airflow/example_dags/example_external_task_marker_dag.py
[2025-08-19T16:51:59.964+0200] {logging_mixin.py:188} INFO - [2025-08-19T16:51:59.964+0200] {dag.py:3089} INFO - Sync 2 DAGs
[2025-08-19T16:51:59.967+0200] {logging_mixin.py:188} INFO - [2025-08-19T16:51:59.967+0200] {dag.py:3947} INFO - Setting next_dagrun for example_external_task_marker_child to None, run_after=None
[2025-08-19T16:51:59.968+0200] {logging_mixin.py:188} INFO - [2025-08-19T16:51:59.968+0200] {dag.py:3947} INFO - Setting next_dagrun for example_external_task_marker_parent to None, run_after=None
[2025-08-19T16:51:59.974+0200] {processor.py:183} INFO - Processing /Users/ehabhasan/.venvs/airflow310/lib/python3.10/site-packages/airflow/example_dags/example_external_task_marker_dag.py took 0.054 seconds
[2025-08-19T16:53:36.863+0200] {processor.py:161} INFO - Started process (PID=7871) to work on /Users/ehabhasan/.venvs/airflow310/lib/python3.10/site-packages/airflow/example_dags/example_external_task_marker_dag.py
[2025-08-19T16:53:36.863+0200] {processor.py:830} INFO - Processing file /Users/ehabhasan/.venvs/airflow310/lib/python3.10/site-packages/airflow/example_dags/example_external_task_marker_dag.py for tasks to queue
[2025-08-19T16:53:36.863+0200] {logging_mixin.py:188} INFO - [2025-08-19T16:53:36.863+0200] {dagbag.py:545} INFO - Filling up the DagBag from /Users/ehabhasan/.venvs/airflow310/lib/python3.10/site-packages/airflow/example_dags/example_external_task_marker_dag.py
[2025-08-19T16:53:36.868+0200] {processor.py:840} INFO - DAG(s) 'example_external_task_marker_child', 'example_external_task_marker_parent' retrieved from /Users/ehabhasan/.venvs/airflow310/lib/python3.10/site-packages/airflow/example_dags/example_external_task_marker_dag.py
[2025-08-19T16:53:36.905+0200] {logging_mixin.py:188} INFO - [2025-08-19T16:53:36.905+0200] {dag.py:3089} INFO - Sync 2 DAGs
[2025-08-19T16:53:36.908+0200] {logging_mixin.py:188} INFO - [2025-08-19T16:53:36.908+0200] {dag.py:3947} INFO - Setting next_dagrun for example_external_task_marker_child to None, run_after=None
[2025-08-19T16:53:36.909+0200] {logging_mixin.py:188} INFO - [2025-08-19T16:53:36.909+0200] {dag.py:3947} INFO - Setting next_dagrun for example_external_task_marker_parent to None, run_after=None
[2025-08-19T16:53:36.915+0200] {processor.py:183} INFO - Processing /Users/ehabhasan/.venvs/airflow310/lib/python3.10/site-packages/airflow/example_dags/example_external_task_marker_dag.py took 0.054 seconds
[2025-08-19T16:55:13.344+0200] {processor.py:161} INFO - Started process (PID=7980) to work on /Users/ehabhasan/.venvs/airflow310/lib/python3.10/site-packages/airflow/example_dags/example_external_task_marker_dag.py
[2025-08-19T16:55:13.344+0200] {processor.py:830} INFO - Processing file /Users/ehabhasan/.venvs/airflow310/lib/python3.10/site-packages/airflow/example_dags/example_external_task_marker_dag.py for tasks to queue
[2025-08-19T16:55:13.345+0200] {logging_mixin.py:188} INFO - [2025-08-19T16:55:13.345+0200] {dagbag.py:545} INFO - Filling up the DagBag from /Users/ehabhasan/.venvs/airflow310/lib/python3.10/site-packages/airflow/example_dags/example_external_task_marker_dag.py
[2025-08-19T16:55:13.349+0200] {processor.py:840} INFO - DAG(s) 'example_external_task_marker_child', 'example_external_task_marker_parent' retrieved from /Users/ehabhasan/.venvs/airflow310/lib/python3.10/site-packages/airflow/example_dags/example_external_task_marker_dag.py
[2025-08-19T16:55:13.386+0200] {logging_mixin.py:188} INFO - [2025-08-19T16:55:13.385+0200] {dag.py:3089} INFO - Sync 2 DAGs
[2025-08-19T16:55:13.389+0200] {logging_mixin.py:188} INFO - [2025-08-19T16:55:13.389+0200] {dag.py:3947} INFO - Setting next_dagrun for example_external_task_marker_child to None, run_after=None
[2025-08-19T16:55:13.390+0200] {logging_mixin.py:188} INFO - [2025-08-19T16:55:13.390+0200] {dag.py:3947} INFO - Setting next_dagrun for example_external_task_marker_parent to None, run_after=None
[2025-08-19T16:55:13.395+0200] {processor.py:183} INFO - Processing /Users/ehabhasan/.venvs/airflow310/lib/python3.10/site-packages/airflow/example_dags/example_external_task_marker_dag.py took 0.053 seconds
[2025-08-19T16:56:57.613+0200] {processor.py:161} INFO - Started process (PID=8057) to work on /Users/ehabhasan/.venvs/airflow310/lib/python3.10/site-packages/airflow/example_dags/example_external_task_marker_dag.py
[2025-08-19T16:56:57.614+0200] {processor.py:830} INFO - Processing file /Users/ehabhasan/.venvs/airflow310/lib/python3.10/site-packages/airflow/example_dags/example_external_task_marker_dag.py for tasks to queue
[2025-08-19T16:56:57.614+0200] {logging_mixin.py:188} INFO - [2025-08-19T16:56:57.614+0200] {dagbag.py:545} INFO - Filling up the DagBag from /Users/ehabhasan/.venvs/airflow310/lib/python3.10/site-packages/airflow/example_dags/example_external_task_marker_dag.py
[2025-08-19T16:56:57.619+0200] {processor.py:840} INFO - DAG(s) 'example_external_task_marker_parent', 'example_external_task_marker_child' retrieved from /Users/ehabhasan/.venvs/airflow310/lib/python3.10/site-packages/airflow/example_dags/example_external_task_marker_dag.py
[2025-08-19T16:56:57.656+0200] {logging_mixin.py:188} INFO - [2025-08-19T16:56:57.655+0200] {dag.py:3089} INFO - Sync 2 DAGs
[2025-08-19T16:56:57.659+0200] {logging_mixin.py:188} INFO - [2025-08-19T16:56:57.659+0200] {dag.py:3947} INFO - Setting next_dagrun for example_external_task_marker_child to None, run_after=None
[2025-08-19T16:56:57.660+0200] {logging_mixin.py:188} INFO - [2025-08-19T16:56:57.660+0200] {dag.py:3947} INFO - Setting next_dagrun for example_external_task_marker_parent to None, run_after=None
[2025-08-19T16:56:57.666+0200] {processor.py:183} INFO - Processing /Users/ehabhasan/.venvs/airflow310/lib/python3.10/site-packages/airflow/example_dags/example_external_task_marker_dag.py took 0.055 seconds
[2025-08-19T16:58:35.272+0200] {processor.py:161} INFO - Started process (PID=8128) to work on /Users/ehabhasan/.venvs/airflow310/lib/python3.10/site-packages/airflow/example_dags/example_external_task_marker_dag.py
[2025-08-19T16:58:35.273+0200] {processor.py:830} INFO - Processing file /Users/ehabhasan/.venvs/airflow310/lib/python3.10/site-packages/airflow/example_dags/example_external_task_marker_dag.py for tasks to queue
[2025-08-19T16:58:35.273+0200] {logging_mixin.py:188} INFO - [2025-08-19T16:58:35.273+0200] {dagbag.py:545} INFO - Filling up the DagBag from /Users/ehabhasan/.venvs/airflow310/lib/python3.10/site-packages/airflow/example_dags/example_external_task_marker_dag.py
[2025-08-19T16:58:35.278+0200] {processor.py:840} INFO - DAG(s) 'example_external_task_marker_child', 'example_external_task_marker_parent' retrieved from /Users/ehabhasan/.venvs/airflow310/lib/python3.10/site-packages/airflow/example_dags/example_external_task_marker_dag.py
[2025-08-19T16:58:35.315+0200] {logging_mixin.py:188} INFO - [2025-08-19T16:58:35.315+0200] {dag.py:3089} INFO - Sync 2 DAGs
[2025-08-19T16:58:35.318+0200] {logging_mixin.py:188} INFO - [2025-08-19T16:58:35.318+0200] {dag.py:3947} INFO - Setting next_dagrun for example_external_task_marker_child to None, run_after=None
[2025-08-19T16:58:35.319+0200] {logging_mixin.py:188} INFO - [2025-08-19T16:58:35.319+0200] {dag.py:3947} INFO - Setting next_dagrun for example_external_task_marker_parent to None, run_after=None
[2025-08-19T16:58:35.324+0200] {processor.py:183} INFO - Processing /Users/ehabhasan/.venvs/airflow310/lib/python3.10/site-packages/airflow/example_dags/example_external_task_marker_dag.py took 0.054 seconds
[2025-08-19T17:00:54.950+0200] {processor.py:161} INFO - Started process (PID=8247) to work on /Users/ehabhasan/.venvs/airflow310/lib/python3.10/site-packages/airflow/example_dags/example_external_task_marker_dag.py
[2025-08-19T17:00:54.951+0200] {processor.py:830} INFO - Processing file /Users/ehabhasan/.venvs/airflow310/lib/python3.10/site-packages/airflow/example_dags/example_external_task_marker_dag.py for tasks to queue
[2025-08-19T17:00:54.951+0200] {logging_mixin.py:188} INFO - [2025-08-19T17:00:54.951+0200] {dagbag.py:545} INFO - Filling up the DagBag from /Users/ehabhasan/.venvs/airflow310/lib/python3.10/site-packages/airflow/example_dags/example_external_task_marker_dag.py
[2025-08-19T17:00:54.956+0200] {processor.py:840} INFO - DAG(s) 'example_external_task_marker_parent', 'example_external_task_marker_child' retrieved from /Users/ehabhasan/.venvs/airflow310/lib/python3.10/site-packages/airflow/example_dags/example_external_task_marker_dag.py
[2025-08-19T17:00:54.995+0200] {logging_mixin.py:188} INFO - [2025-08-19T17:00:54.995+0200] {dag.py:3089} INFO - Sync 2 DAGs
[2025-08-19T17:00:54.999+0200] {logging_mixin.py:188} INFO - [2025-08-19T17:00:54.999+0200] {dag.py:3947} INFO - Setting next_dagrun for example_external_task_marker_child to None, run_after=None
[2025-08-19T17:00:55.000+0200] {logging_mixin.py:188} INFO - [2025-08-19T17:00:55.000+0200] {dag.py:3947} INFO - Setting next_dagrun for example_external_task_marker_parent to None, run_after=None
[2025-08-19T17:00:55.006+0200] {processor.py:183} INFO - Processing /Users/ehabhasan/.venvs/airflow310/lib/python3.10/site-packages/airflow/example_dags/example_external_task_marker_dag.py took 0.058 seconds
[2025-08-19T17:02:39.555+0200] {processor.py:161} INFO - Started process (PID=8334) to work on /Users/ehabhasan/.venvs/airflow310/lib/python3.10/site-packages/airflow/example_dags/example_external_task_marker_dag.py
[2025-08-19T17:02:39.555+0200] {processor.py:830} INFO - Processing file /Users/ehabhasan/.venvs/airflow310/lib/python3.10/site-packages/airflow/example_dags/example_external_task_marker_dag.py for tasks to queue
[2025-08-19T17:02:39.556+0200] {logging_mixin.py:188} INFO - [2025-08-19T17:02:39.556+0200] {dagbag.py:545} INFO - Filling up the DagBag from /Users/ehabhasan/.venvs/airflow310/lib/python3.10/site-packages/airflow/example_dags/example_external_task_marker_dag.py
[2025-08-19T17:02:39.560+0200] {processor.py:840} INFO - DAG(s) 'example_external_task_marker_parent', 'example_external_task_marker_child' retrieved from /Users/ehabhasan/.venvs/airflow310/lib/python3.10/site-packages/airflow/example_dags/example_external_task_marker_dag.py
[2025-08-19T17:02:39.599+0200] {logging_mixin.py:188} INFO - [2025-08-19T17:02:39.599+0200] {dag.py:3089} INFO - Sync 2 DAGs
[2025-08-19T17:02:39.602+0200] {logging_mixin.py:188} INFO - [2025-08-19T17:02:39.602+0200] {dag.py:3947} INFO - Setting next_dagrun for example_external_task_marker_child to None, run_after=None
[2025-08-19T17:02:39.603+0200] {logging_mixin.py:188} INFO - [2025-08-19T17:02:39.603+0200] {dag.py:3947} INFO - Setting next_dagrun for example_external_task_marker_parent to None, run_after=None
[2025-08-19T17:02:39.609+0200] {processor.py:183} INFO - Processing /Users/ehabhasan/.venvs/airflow310/lib/python3.10/site-packages/airflow/example_dags/example_external_task_marker_dag.py took 0.055 seconds
[2025-08-19T17:04:14.148+0200] {processor.py:161} INFO - Started process (PID=8925) to work on /Users/ehabhasan/.venvs/airflow310/lib/python3.10/site-packages/airflow/example_dags/example_external_task_marker_dag.py
[2025-08-19T17:04:14.148+0200] {processor.py:830} INFO - Processing file /Users/ehabhasan/.venvs/airflow310/lib/python3.10/site-packages/airflow/example_dags/example_external_task_marker_dag.py for tasks to queue
[2025-08-19T17:04:14.148+0200] {logging_mixin.py:188} INFO - [2025-08-19T17:04:14.148+0200] {dagbag.py:545} INFO - Filling up the DagBag from /Users/ehabhasan/.venvs/airflow310/lib/python3.10/site-packages/airflow/example_dags/example_external_task_marker_dag.py
[2025-08-19T17:04:14.153+0200] {processor.py:840} INFO - DAG(s) 'example_external_task_marker_child', 'example_external_task_marker_parent' retrieved from /Users/ehabhasan/.venvs/airflow310/lib/python3.10/site-packages/airflow/example_dags/example_external_task_marker_dag.py
[2025-08-19T17:04:14.191+0200] {logging_mixin.py:188} INFO - [2025-08-19T17:04:14.191+0200] {dag.py:3089} INFO - Sync 2 DAGs
[2025-08-19T17:04:14.195+0200] {logging_mixin.py:188} INFO - [2025-08-19T17:04:14.195+0200] {dag.py:3947} INFO - Setting next_dagrun for example_external_task_marker_child to None, run_after=None
[2025-08-19T17:04:14.196+0200] {logging_mixin.py:188} INFO - [2025-08-19T17:04:14.196+0200] {dag.py:3947} INFO - Setting next_dagrun for example_external_task_marker_parent to None, run_after=None
[2025-08-19T17:04:14.202+0200] {processor.py:183} INFO - Processing /Users/ehabhasan/.venvs/airflow310/lib/python3.10/site-packages/airflow/example_dags/example_external_task_marker_dag.py took 0.055 seconds
[2025-08-19T17:05:59.206+0200] {processor.py:161} INFO - Started process (PID=9305) to work on /Users/ehabhasan/.venvs/airflow310/lib/python3.10/site-packages/airflow/example_dags/example_external_task_marker_dag.py
[2025-08-19T17:05:59.207+0200] {processor.py:830} INFO - Processing file /Users/ehabhasan/.venvs/airflow310/lib/python3.10/site-packages/airflow/example_dags/example_external_task_marker_dag.py for tasks to queue
[2025-08-19T17:05:59.207+0200] {logging_mixin.py:188} INFO - [2025-08-19T17:05:59.207+0200] {dagbag.py:545} INFO - Filling up the DagBag from /Users/ehabhasan/.venvs/airflow310/lib/python3.10/site-packages/airflow/example_dags/example_external_task_marker_dag.py
[2025-08-19T17:05:59.211+0200] {processor.py:840} INFO - DAG(s) 'example_external_task_marker_child', 'example_external_task_marker_parent' retrieved from /Users/ehabhasan/.venvs/airflow310/lib/python3.10/site-packages/airflow/example_dags/example_external_task_marker_dag.py
[2025-08-19T17:05:59.248+0200] {logging_mixin.py:188} INFO - [2025-08-19T17:05:59.248+0200] {dag.py:3089} INFO - Sync 2 DAGs
[2025-08-19T17:05:59.251+0200] {logging_mixin.py:188} INFO - [2025-08-19T17:05:59.251+0200] {dag.py:3947} INFO - Setting next_dagrun for example_external_task_marker_child to None, run_after=None
[2025-08-19T17:05:59.252+0200] {logging_mixin.py:188} INFO - [2025-08-19T17:05:59.252+0200] {dag.py:3947} INFO - Setting next_dagrun for example_external_task_marker_parent to None, run_after=None
[2025-08-19T17:05:59.258+0200] {processor.py:183} INFO - Processing /Users/ehabhasan/.venvs/airflow310/lib/python3.10/site-packages/airflow/example_dags/example_external_task_marker_dag.py took 0.053 seconds
[2025-08-19T17:07:46.976+0200] {processor.py:161} INFO - Started process (PID=10115) to work on /Users/ehabhasan/.venvs/airflow310/lib/python3.10/site-packages/airflow/example_dags/example_external_task_marker_dag.py
[2025-08-19T17:07:46.976+0200] {processor.py:830} INFO - Processing file /Users/ehabhasan/.venvs/airflow310/lib/python3.10/site-packages/airflow/example_dags/example_external_task_marker_dag.py for tasks to queue
[2025-08-19T17:07:46.977+0200] {logging_mixin.py:188} INFO - [2025-08-19T17:07:46.977+0200] {dagbag.py:545} INFO - Filling up the DagBag from /Users/ehabhasan/.venvs/airflow310/lib/python3.10/site-packages/airflow/example_dags/example_external_task_marker_dag.py
[2025-08-19T17:07:46.981+0200] {processor.py:840} INFO - DAG(s) 'example_external_task_marker_parent', 'example_external_task_marker_child' retrieved from /Users/ehabhasan/.venvs/airflow310/lib/python3.10/site-packages/airflow/example_dags/example_external_task_marker_dag.py
[2025-08-19T17:07:47.020+0200] {logging_mixin.py:188} INFO - [2025-08-19T17:07:47.020+0200] {dag.py:3089} INFO - Sync 2 DAGs
[2025-08-19T17:07:47.024+0200] {logging_mixin.py:188} INFO - [2025-08-19T17:07:47.023+0200] {dag.py:3947} INFO - Setting next_dagrun for example_external_task_marker_child to None, run_after=None
[2025-08-19T17:07:47.025+0200] {logging_mixin.py:188} INFO - [2025-08-19T17:07:47.024+0200] {dag.py:3947} INFO - Setting next_dagrun for example_external_task_marker_parent to None, run_after=None
[2025-08-19T17:07:47.031+0200] {processor.py:183} INFO - Processing /Users/ehabhasan/.venvs/airflow310/lib/python3.10/site-packages/airflow/example_dags/example_external_task_marker_dag.py took 0.056 seconds
[2025-08-19T17:09:37.738+0200] {processor.py:161} INFO - Started process (PID=10218) to work on /Users/ehabhasan/.venvs/airflow310/lib/python3.10/site-packages/airflow/example_dags/example_external_task_marker_dag.py
[2025-08-19T17:09:37.739+0200] {processor.py:830} INFO - Processing file /Users/ehabhasan/.venvs/airflow310/lib/python3.10/site-packages/airflow/example_dags/example_external_task_marker_dag.py for tasks to queue
[2025-08-19T17:09:37.739+0200] {logging_mixin.py:188} INFO - [2025-08-19T17:09:37.739+0200] {dagbag.py:545} INFO - Filling up the DagBag from /Users/ehabhasan/.venvs/airflow310/lib/python3.10/site-packages/airflow/example_dags/example_external_task_marker_dag.py
[2025-08-19T17:09:37.744+0200] {processor.py:840} INFO - DAG(s) 'example_external_task_marker_parent', 'example_external_task_marker_child' retrieved from /Users/ehabhasan/.venvs/airflow310/lib/python3.10/site-packages/airflow/example_dags/example_external_task_marker_dag.py
[2025-08-19T17:09:37.785+0200] {logging_mixin.py:188} INFO - [2025-08-19T17:09:37.785+0200] {dag.py:3089} INFO - Sync 2 DAGs
[2025-08-19T17:09:37.790+0200] {logging_mixin.py:188} INFO - [2025-08-19T17:09:37.789+0200] {dag.py:3947} INFO - Setting next_dagrun for example_external_task_marker_child to None, run_after=None
[2025-08-19T17:09:37.791+0200] {logging_mixin.py:188} INFO - [2025-08-19T17:09:37.791+0200] {dag.py:3947} INFO - Setting next_dagrun for example_external_task_marker_parent to None, run_after=None
[2025-08-19T17:09:37.798+0200] {processor.py:183} INFO - Processing /Users/ehabhasan/.venvs/airflow310/lib/python3.10/site-packages/airflow/example_dags/example_external_task_marker_dag.py took 0.061 seconds
[2025-08-19T17:11:20.464+0200] {processor.py:161} INFO - Started process (PID=10314) to work on /Users/ehabhasan/.venvs/airflow310/lib/python3.10/site-packages/airflow/example_dags/example_external_task_marker_dag.py
[2025-08-19T17:11:20.464+0200] {processor.py:830} INFO - Processing file /Users/ehabhasan/.venvs/airflow310/lib/python3.10/site-packages/airflow/example_dags/example_external_task_marker_dag.py for tasks to queue
[2025-08-19T17:11:20.464+0200] {logging_mixin.py:188} INFO - [2025-08-19T17:11:20.464+0200] {dagbag.py:545} INFO - Filling up the DagBag from /Users/ehabhasan/.venvs/airflow310/lib/python3.10/site-packages/airflow/example_dags/example_external_task_marker_dag.py
[2025-08-19T17:11:20.469+0200] {processor.py:840} INFO - DAG(s) 'example_external_task_marker_parent', 'example_external_task_marker_child' retrieved from /Users/ehabhasan/.venvs/airflow310/lib/python3.10/site-packages/airflow/example_dags/example_external_task_marker_dag.py
[2025-08-19T17:11:20.506+0200] {logging_mixin.py:188} INFO - [2025-08-19T17:11:20.506+0200] {dag.py:3089} INFO - Sync 2 DAGs
[2025-08-19T17:11:20.510+0200] {logging_mixin.py:188} INFO - [2025-08-19T17:11:20.510+0200] {dag.py:3947} INFO - Setting next_dagrun for example_external_task_marker_child to None, run_after=None
[2025-08-19T17:11:20.511+0200] {logging_mixin.py:188} INFO - [2025-08-19T17:11:20.511+0200] {dag.py:3947} INFO - Setting next_dagrun for example_external_task_marker_parent to None, run_after=None
[2025-08-19T17:11:20.516+0200] {processor.py:183} INFO - Processing /Users/ehabhasan/.venvs/airflow310/lib/python3.10/site-packages/airflow/example_dags/example_external_task_marker_dag.py took 0.054 seconds
[2025-08-19T17:13:13.943+0200] {processor.py:161} INFO - Started process (PID=10409) to work on /Users/ehabhasan/.venvs/airflow310/lib/python3.10/site-packages/airflow/example_dags/example_external_task_marker_dag.py
[2025-08-19T17:13:13.943+0200] {processor.py:830} INFO - Processing file /Users/ehabhasan/.venvs/airflow310/lib/python3.10/site-packages/airflow/example_dags/example_external_task_marker_dag.py for tasks to queue
[2025-08-19T17:13:13.943+0200] {logging_mixin.py:188} INFO - [2025-08-19T17:13:13.943+0200] {dagbag.py:545} INFO - Filling up the DagBag from /Users/ehabhasan/.venvs/airflow310/lib/python3.10/site-packages/airflow/example_dags/example_external_task_marker_dag.py
[2025-08-19T17:13:13.948+0200] {processor.py:840} INFO - DAG(s) 'example_external_task_marker_child', 'example_external_task_marker_parent' retrieved from /Users/ehabhasan/.venvs/airflow310/lib/python3.10/site-packages/airflow/example_dags/example_external_task_marker_dag.py
[2025-08-19T17:13:13.985+0200] {logging_mixin.py:188} INFO - [2025-08-19T17:13:13.985+0200] {dag.py:3089} INFO - Sync 2 DAGs
[2025-08-19T17:13:13.988+0200] {logging_mixin.py:188} INFO - [2025-08-19T17:13:13.988+0200] {dag.py:3947} INFO - Setting next_dagrun for example_external_task_marker_child to None, run_after=None
[2025-08-19T17:13:13.989+0200] {logging_mixin.py:188} INFO - [2025-08-19T17:13:13.989+0200] {dag.py:3947} INFO - Setting next_dagrun for example_external_task_marker_parent to None, run_after=None
[2025-08-19T17:13:13.995+0200] {processor.py:183} INFO - Processing /Users/ehabhasan/.venvs/airflow310/lib/python3.10/site-packages/airflow/example_dags/example_external_task_marker_dag.py took 0.054 seconds
[2025-08-19T17:15:07.597+0200] {processor.py:161} INFO - Started process (PID=10759) to work on /Users/ehabhasan/.venvs/airflow310/lib/python3.10/site-packages/airflow/example_dags/example_external_task_marker_dag.py
[2025-08-19T17:15:07.597+0200] {processor.py:830} INFO - Processing file /Users/ehabhasan/.venvs/airflow310/lib/python3.10/site-packages/airflow/example_dags/example_external_task_marker_dag.py for tasks to queue
[2025-08-19T17:15:07.597+0200] {logging_mixin.py:188} INFO - [2025-08-19T17:15:07.597+0200] {dagbag.py:545} INFO - Filling up the DagBag from /Users/ehabhasan/.venvs/airflow310/lib/python3.10/site-packages/airflow/example_dags/example_external_task_marker_dag.py
[2025-08-19T17:15:07.602+0200] {processor.py:840} INFO - DAG(s) 'example_external_task_marker_child', 'example_external_task_marker_parent' retrieved from /Users/ehabhasan/.venvs/airflow310/lib/python3.10/site-packages/airflow/example_dags/example_external_task_marker_dag.py
[2025-08-19T17:15:07.640+0200] {logging_mixin.py:188} INFO - [2025-08-19T17:15:07.640+0200] {dag.py:3089} INFO - Sync 2 DAGs
[2025-08-19T17:15:07.643+0200] {logging_mixin.py:188} INFO - [2025-08-19T17:15:07.643+0200] {dag.py:3947} INFO - Setting next_dagrun for example_external_task_marker_child to None, run_after=None
[2025-08-19T17:15:07.644+0200] {logging_mixin.py:188} INFO - [2025-08-19T17:15:07.644+0200] {dag.py:3947} INFO - Setting next_dagrun for example_external_task_marker_parent to None, run_after=None
[2025-08-19T17:15:07.650+0200] {processor.py:183} INFO - Processing /Users/ehabhasan/.venvs/airflow310/lib/python3.10/site-packages/airflow/example_dags/example_external_task_marker_dag.py took 0.055 seconds
[2025-08-19T17:16:58.938+0200] {processor.py:161} INFO - Started process (PID=11417) to work on /Users/ehabhasan/.venvs/airflow310/lib/python3.10/site-packages/airflow/example_dags/example_external_task_marker_dag.py
[2025-08-19T17:16:58.939+0200] {processor.py:830} INFO - Processing file /Users/ehabhasan/.venvs/airflow310/lib/python3.10/site-packages/airflow/example_dags/example_external_task_marker_dag.py for tasks to queue
[2025-08-19T17:16:58.939+0200] {logging_mixin.py:188} INFO - [2025-08-19T17:16:58.939+0200] {dagbag.py:545} INFO - Filling up the DagBag from /Users/ehabhasan/.venvs/airflow310/lib/python3.10/site-packages/airflow/example_dags/example_external_task_marker_dag.py
[2025-08-19T17:16:58.943+0200] {processor.py:840} INFO - DAG(s) 'example_external_task_marker_parent', 'example_external_task_marker_child' retrieved from /Users/ehabhasan/.venvs/airflow310/lib/python3.10/site-packages/airflow/example_dags/example_external_task_marker_dag.py
[2025-08-19T17:16:58.980+0200] {logging_mixin.py:188} INFO - [2025-08-19T17:16:58.980+0200] {dag.py:3089} INFO - Sync 2 DAGs
[2025-08-19T17:16:58.983+0200] {logging_mixin.py:188} INFO - [2025-08-19T17:16:58.983+0200] {dag.py:3947} INFO - Setting next_dagrun for example_external_task_marker_child to None, run_after=None
[2025-08-19T17:16:58.984+0200] {logging_mixin.py:188} INFO - [2025-08-19T17:16:58.984+0200] {dag.py:3947} INFO - Setting next_dagrun for example_external_task_marker_parent to None, run_after=None
[2025-08-19T17:16:58.990+0200] {processor.py:183} INFO - Processing /Users/ehabhasan/.venvs/airflow310/lib/python3.10/site-packages/airflow/example_dags/example_external_task_marker_dag.py took 0.053 seconds
[2025-08-19T17:18:45.931+0200] {processor.py:161} INFO - Started process (PID=11510) to work on /Users/ehabhasan/.venvs/airflow310/lib/python3.10/site-packages/airflow/example_dags/example_external_task_marker_dag.py
[2025-08-19T17:18:45.932+0200] {processor.py:830} INFO - Processing file /Users/ehabhasan/.venvs/airflow310/lib/python3.10/site-packages/airflow/example_dags/example_external_task_marker_dag.py for tasks to queue
[2025-08-19T17:18:45.932+0200] {logging_mixin.py:188} INFO - [2025-08-19T17:18:45.932+0200] {dagbag.py:545} INFO - Filling up the DagBag from /Users/ehabhasan/.venvs/airflow310/lib/python3.10/site-packages/airflow/example_dags/example_external_task_marker_dag.py
[2025-08-19T17:18:45.937+0200] {processor.py:840} INFO - DAG(s) 'example_external_task_marker_child', 'example_external_task_marker_parent' retrieved from /Users/ehabhasan/.venvs/airflow310/lib/python3.10/site-packages/airflow/example_dags/example_external_task_marker_dag.py
[2025-08-19T17:18:45.974+0200] {logging_mixin.py:188} INFO - [2025-08-19T17:18:45.974+0200] {dag.py:3089} INFO - Sync 2 DAGs
[2025-08-19T17:18:45.978+0200] {logging_mixin.py:188} INFO - [2025-08-19T17:18:45.978+0200] {dag.py:3947} INFO - Setting next_dagrun for example_external_task_marker_child to None, run_after=None
[2025-08-19T17:18:45.979+0200] {logging_mixin.py:188} INFO - [2025-08-19T17:18:45.979+0200] {dag.py:3947} INFO - Setting next_dagrun for example_external_task_marker_parent to None, run_after=None
[2025-08-19T17:18:45.985+0200] {processor.py:183} INFO - Processing /Users/ehabhasan/.venvs/airflow310/lib/python3.10/site-packages/airflow/example_dags/example_external_task_marker_dag.py took 0.056 seconds
[2025-08-19T17:20:30.740+0200] {processor.py:161} INFO - Started process (PID=11610) to work on /Users/ehabhasan/.venvs/airflow310/lib/python3.10/site-packages/airflow/example_dags/example_external_task_marker_dag.py
[2025-08-19T17:20:30.740+0200] {processor.py:830} INFO - Processing file /Users/ehabhasan/.venvs/airflow310/lib/python3.10/site-packages/airflow/example_dags/example_external_task_marker_dag.py for tasks to queue
[2025-08-19T17:20:30.740+0200] {logging_mixin.py:188} INFO - [2025-08-19T17:20:30.740+0200] {dagbag.py:545} INFO - Filling up the DagBag from /Users/ehabhasan/.venvs/airflow310/lib/python3.10/site-packages/airflow/example_dags/example_external_task_marker_dag.py
[2025-08-19T17:20:30.745+0200] {processor.py:840} INFO - DAG(s) 'example_external_task_marker_child', 'example_external_task_marker_parent' retrieved from /Users/ehabhasan/.venvs/airflow310/lib/python3.10/site-packages/airflow/example_dags/example_external_task_marker_dag.py
[2025-08-19T17:20:30.782+0200] {logging_mixin.py:188} INFO - [2025-08-19T17:20:30.782+0200] {dag.py:3089} INFO - Sync 2 DAGs
[2025-08-19T17:20:30.785+0200] {logging_mixin.py:188} INFO - [2025-08-19T17:20:30.785+0200] {dag.py:3947} INFO - Setting next_dagrun for example_external_task_marker_child to None, run_after=None
[2025-08-19T17:20:30.786+0200] {logging_mixin.py:188} INFO - [2025-08-19T17:20:30.786+0200] {dag.py:3947} INFO - Setting next_dagrun for example_external_task_marker_parent to None, run_after=None
[2025-08-19T17:20:30.792+0200] {processor.py:183} INFO - Processing /Users/ehabhasan/.venvs/airflow310/lib/python3.10/site-packages/airflow/example_dags/example_external_task_marker_dag.py took 0.054 seconds
[2025-08-19T17:22:21.303+0200] {processor.py:161} INFO - Started process (PID=11682) to work on /Users/ehabhasan/.venvs/airflow310/lib/python3.10/site-packages/airflow/example_dags/example_external_task_marker_dag.py
[2025-08-19T17:22:21.303+0200] {processor.py:830} INFO - Processing file /Users/ehabhasan/.venvs/airflow310/lib/python3.10/site-packages/airflow/example_dags/example_external_task_marker_dag.py for tasks to queue
[2025-08-19T17:22:21.304+0200] {logging_mixin.py:188} INFO - [2025-08-19T17:22:21.304+0200] {dagbag.py:545} INFO - Filling up the DagBag from /Users/ehabhasan/.venvs/airflow310/lib/python3.10/site-packages/airflow/example_dags/example_external_task_marker_dag.py
[2025-08-19T17:22:21.308+0200] {processor.py:840} INFO - DAG(s) 'example_external_task_marker_child', 'example_external_task_marker_parent' retrieved from /Users/ehabhasan/.venvs/airflow310/lib/python3.10/site-packages/airflow/example_dags/example_external_task_marker_dag.py
[2025-08-19T17:22:21.345+0200] {logging_mixin.py:188} INFO - [2025-08-19T17:22:21.345+0200] {dag.py:3089} INFO - Sync 2 DAGs
[2025-08-19T17:22:21.349+0200] {logging_mixin.py:188} INFO - [2025-08-19T17:22:21.349+0200] {dag.py:3947} INFO - Setting next_dagrun for example_external_task_marker_child to None, run_after=None
[2025-08-19T17:22:21.349+0200] {logging_mixin.py:188} INFO - [2025-08-19T17:22:21.349+0200] {dag.py:3947} INFO - Setting next_dagrun for example_external_task_marker_parent to None, run_after=None
[2025-08-19T17:22:21.355+0200] {processor.py:183} INFO - Processing /Users/ehabhasan/.venvs/airflow310/lib/python3.10/site-packages/airflow/example_dags/example_external_task_marker_dag.py took 0.054 seconds
[2025-08-19T17:24:06.918+0200] {processor.py:161} INFO - Started process (PID=11759) to work on /Users/ehabhasan/.venvs/airflow310/lib/python3.10/site-packages/airflow/example_dags/example_external_task_marker_dag.py
[2025-08-19T17:24:06.919+0200] {processor.py:830} INFO - Processing file /Users/ehabhasan/.venvs/airflow310/lib/python3.10/site-packages/airflow/example_dags/example_external_task_marker_dag.py for tasks to queue
[2025-08-19T17:24:06.919+0200] {logging_mixin.py:188} INFO - [2025-08-19T17:24:06.919+0200] {dagbag.py:545} INFO - Filling up the DagBag from /Users/ehabhasan/.venvs/airflow310/lib/python3.10/site-packages/airflow/example_dags/example_external_task_marker_dag.py
[2025-08-19T17:24:06.923+0200] {processor.py:840} INFO - DAG(s) 'example_external_task_marker_parent', 'example_external_task_marker_child' retrieved from /Users/ehabhasan/.venvs/airflow310/lib/python3.10/site-packages/airflow/example_dags/example_external_task_marker_dag.py
[2025-08-19T17:24:06.960+0200] {logging_mixin.py:188} INFO - [2025-08-19T17:24:06.960+0200] {dag.py:3089} INFO - Sync 2 DAGs
[2025-08-19T17:24:06.964+0200] {logging_mixin.py:188} INFO - [2025-08-19T17:24:06.964+0200] {dag.py:3947} INFO - Setting next_dagrun for example_external_task_marker_child to None, run_after=None
[2025-08-19T17:24:06.965+0200] {logging_mixin.py:188} INFO - [2025-08-19T17:24:06.965+0200] {dag.py:3947} INFO - Setting next_dagrun for example_external_task_marker_parent to None, run_after=None
[2025-08-19T17:24:06.970+0200] {processor.py:183} INFO - Processing /Users/ehabhasan/.venvs/airflow310/lib/python3.10/site-packages/airflow/example_dags/example_external_task_marker_dag.py took 0.054 seconds
[2025-08-19T17:25:53.336+0200] {processor.py:161} INFO - Started process (PID=11843) to work on /Users/ehabhasan/.venvs/airflow310/lib/python3.10/site-packages/airflow/example_dags/example_external_task_marker_dag.py
[2025-08-19T17:25:53.337+0200] {processor.py:830} INFO - Processing file /Users/ehabhasan/.venvs/airflow310/lib/python3.10/site-packages/airflow/example_dags/example_external_task_marker_dag.py for tasks to queue
[2025-08-19T17:25:53.337+0200] {logging_mixin.py:188} INFO - [2025-08-19T17:25:53.337+0200] {dagbag.py:545} INFO - Filling up the DagBag from /Users/ehabhasan/.venvs/airflow310/lib/python3.10/site-packages/airflow/example_dags/example_external_task_marker_dag.py
[2025-08-19T17:25:53.342+0200] {processor.py:840} INFO - DAG(s) 'example_external_task_marker_child', 'example_external_task_marker_parent' retrieved from /Users/ehabhasan/.venvs/airflow310/lib/python3.10/site-packages/airflow/example_dags/example_external_task_marker_dag.py
[2025-08-19T17:25:53.380+0200] {logging_mixin.py:188} INFO - [2025-08-19T17:25:53.380+0200] {dag.py:3089} INFO - Sync 2 DAGs
[2025-08-19T17:25:53.383+0200] {logging_mixin.py:188} INFO - [2025-08-19T17:25:53.383+0200] {dag.py:3947} INFO - Setting next_dagrun for example_external_task_marker_child to None, run_after=None
[2025-08-19T17:25:53.384+0200] {logging_mixin.py:188} INFO - [2025-08-19T17:25:53.384+0200] {dag.py:3947} INFO - Setting next_dagrun for example_external_task_marker_parent to None, run_after=None
[2025-08-19T17:25:53.390+0200] {processor.py:183} INFO - Processing /Users/ehabhasan/.venvs/airflow310/lib/python3.10/site-packages/airflow/example_dags/example_external_task_marker_dag.py took 0.055 seconds
[2025-08-19T17:27:44.343+0200] {processor.py:161} INFO - Started process (PID=11924) to work on /Users/ehabhasan/.venvs/airflow310/lib/python3.10/site-packages/airflow/example_dags/example_external_task_marker_dag.py
[2025-08-19T17:27:44.344+0200] {processor.py:830} INFO - Processing file /Users/ehabhasan/.venvs/airflow310/lib/python3.10/site-packages/airflow/example_dags/example_external_task_marker_dag.py for tasks to queue
[2025-08-19T17:27:44.344+0200] {logging_mixin.py:188} INFO - [2025-08-19T17:27:44.344+0200] {dagbag.py:545} INFO - Filling up the DagBag from /Users/ehabhasan/.venvs/airflow310/lib/python3.10/site-packages/airflow/example_dags/example_external_task_marker_dag.py
[2025-08-19T17:27:44.349+0200] {processor.py:840} INFO - DAG(s) 'example_external_task_marker_child', 'example_external_task_marker_parent' retrieved from /Users/ehabhasan/.venvs/airflow310/lib/python3.10/site-packages/airflow/example_dags/example_external_task_marker_dag.py
[2025-08-19T17:27:44.387+0200] {logging_mixin.py:188} INFO - [2025-08-19T17:27:44.387+0200] {dag.py:3089} INFO - Sync 2 DAGs
[2025-08-19T17:27:44.390+0200] {logging_mixin.py:188} INFO - [2025-08-19T17:27:44.390+0200] {dag.py:3947} INFO - Setting next_dagrun for example_external_task_marker_child to None, run_after=None
[2025-08-19T17:27:44.391+0200] {logging_mixin.py:188} INFO - [2025-08-19T17:27:44.391+0200] {dag.py:3947} INFO - Setting next_dagrun for example_external_task_marker_parent to None, run_after=None
[2025-08-19T17:27:44.397+0200] {processor.py:183} INFO - Processing /Users/ehabhasan/.venvs/airflow310/lib/python3.10/site-packages/airflow/example_dags/example_external_task_marker_dag.py took 0.055 seconds
[2025-08-19T17:29:34.837+0200] {processor.py:161} INFO - Started process (PID=12011) to work on /Users/ehabhasan/.venvs/airflow310/lib/python3.10/site-packages/airflow/example_dags/example_external_task_marker_dag.py
[2025-08-19T17:29:34.838+0200] {processor.py:830} INFO - Processing file /Users/ehabhasan/.venvs/airflow310/lib/python3.10/site-packages/airflow/example_dags/example_external_task_marker_dag.py for tasks to queue
[2025-08-19T17:29:34.838+0200] {logging_mixin.py:188} INFO - [2025-08-19T17:29:34.838+0200] {dagbag.py:545} INFO - Filling up the DagBag from /Users/ehabhasan/.venvs/airflow310/lib/python3.10/site-packages/airflow/example_dags/example_external_task_marker_dag.py
[2025-08-19T17:29:34.843+0200] {processor.py:840} INFO - DAG(s) 'example_external_task_marker_child', 'example_external_task_marker_parent' retrieved from /Users/ehabhasan/.venvs/airflow310/lib/python3.10/site-packages/airflow/example_dags/example_external_task_marker_dag.py
[2025-08-19T17:29:34.882+0200] {logging_mixin.py:188} INFO - [2025-08-19T17:29:34.882+0200] {dag.py:3089} INFO - Sync 2 DAGs
[2025-08-19T17:29:34.886+0200] {logging_mixin.py:188} INFO - [2025-08-19T17:29:34.885+0200] {dag.py:3947} INFO - Setting next_dagrun for example_external_task_marker_child to None, run_after=None
[2025-08-19T17:29:34.887+0200] {logging_mixin.py:188} INFO - [2025-08-19T17:29:34.886+0200] {dag.py:3947} INFO - Setting next_dagrun for example_external_task_marker_parent to None, run_after=None
[2025-08-19T17:29:34.893+0200] {processor.py:183} INFO - Processing /Users/ehabhasan/.venvs/airflow310/lib/python3.10/site-packages/airflow/example_dags/example_external_task_marker_dag.py took 0.057 seconds
[2025-08-19T17:31:24.649+0200] {processor.py:161} INFO - Started process (PID=13936) to work on /Users/ehabhasan/.venvs/airflow310/lib/python3.10/site-packages/airflow/example_dags/example_external_task_marker_dag.py
[2025-08-19T17:31:24.650+0200] {processor.py:830} INFO - Processing file /Users/ehabhasan/.venvs/airflow310/lib/python3.10/site-packages/airflow/example_dags/example_external_task_marker_dag.py for tasks to queue
[2025-08-19T17:31:24.650+0200] {logging_mixin.py:188} INFO - [2025-08-19T17:31:24.650+0200] {dagbag.py:545} INFO - Filling up the DagBag from /Users/ehabhasan/.venvs/airflow310/lib/python3.10/site-packages/airflow/example_dags/example_external_task_marker_dag.py
[2025-08-19T17:31:24.655+0200] {processor.py:840} INFO - DAG(s) 'example_external_task_marker_child', 'example_external_task_marker_parent' retrieved from /Users/ehabhasan/.venvs/airflow310/lib/python3.10/site-packages/airflow/example_dags/example_external_task_marker_dag.py
[2025-08-19T17:31:24.692+0200] {logging_mixin.py:188} INFO - [2025-08-19T17:31:24.692+0200] {dag.py:3089} INFO - Sync 2 DAGs
[2025-08-19T17:31:24.696+0200] {logging_mixin.py:188} INFO - [2025-08-19T17:31:24.696+0200] {dag.py:3947} INFO - Setting next_dagrun for example_external_task_marker_child to None, run_after=None
[2025-08-19T17:31:24.697+0200] {logging_mixin.py:188} INFO - [2025-08-19T17:31:24.697+0200] {dag.py:3947} INFO - Setting next_dagrun for example_external_task_marker_parent to None, run_after=None
[2025-08-19T17:31:24.702+0200] {processor.py:183} INFO - Processing /Users/ehabhasan/.venvs/airflow310/lib/python3.10/site-packages/airflow/example_dags/example_external_task_marker_dag.py took 0.055 seconds
[2025-08-19T17:33:17.321+0200] {processor.py:161} INFO - Started process (PID=14192) to work on /Users/ehabhasan/.venvs/airflow310/lib/python3.10/site-packages/airflow/example_dags/example_external_task_marker_dag.py
[2025-08-19T17:33:17.321+0200] {processor.py:830} INFO - Processing file /Users/ehabhasan/.venvs/airflow310/lib/python3.10/site-packages/airflow/example_dags/example_external_task_marker_dag.py for tasks to queue
[2025-08-19T17:33:17.321+0200] {logging_mixin.py:188} INFO - [2025-08-19T17:33:17.321+0200] {dagbag.py:545} INFO - Filling up the DagBag from /Users/ehabhasan/.venvs/airflow310/lib/python3.10/site-packages/airflow/example_dags/example_external_task_marker_dag.py
[2025-08-19T17:33:17.325+0200] {processor.py:840} INFO - DAG(s) 'example_external_task_marker_child', 'example_external_task_marker_parent' retrieved from /Users/ehabhasan/.venvs/airflow310/lib/python3.10/site-packages/airflow/example_dags/example_external_task_marker_dag.py
[2025-08-19T17:33:17.364+0200] {logging_mixin.py:188} INFO - [2025-08-19T17:33:17.363+0200] {dag.py:3089} INFO - Sync 2 DAGs
[2025-08-19T17:33:17.367+0200] {logging_mixin.py:188} INFO - [2025-08-19T17:33:17.367+0200] {dag.py:3947} INFO - Setting next_dagrun for example_external_task_marker_child to None, run_after=None
[2025-08-19T17:33:17.368+0200] {logging_mixin.py:188} INFO - [2025-08-19T17:33:17.368+0200] {dag.py:3947} INFO - Setting next_dagrun for example_external_task_marker_parent to None, run_after=None
[2025-08-19T17:33:17.373+0200] {processor.py:183} INFO - Processing /Users/ehabhasan/.venvs/airflow310/lib/python3.10/site-packages/airflow/example_dags/example_external_task_marker_dag.py took 0.054 seconds
[2025-08-19T17:35:01.990+0200] {processor.py:161} INFO - Started process (PID=14288) to work on /Users/ehabhasan/.venvs/airflow310/lib/python3.10/site-packages/airflow/example_dags/example_external_task_marker_dag.py
[2025-08-19T17:35:01.990+0200] {processor.py:830} INFO - Processing file /Users/ehabhasan/.venvs/airflow310/lib/python3.10/site-packages/airflow/example_dags/example_external_task_marker_dag.py for tasks to queue
[2025-08-19T17:35:01.990+0200] {logging_mixin.py:188} INFO - [2025-08-19T17:35:01.990+0200] {dagbag.py:545} INFO - Filling up the DagBag from /Users/ehabhasan/.venvs/airflow310/lib/python3.10/site-packages/airflow/example_dags/example_external_task_marker_dag.py
[2025-08-19T17:35:01.995+0200] {processor.py:840} INFO - DAG(s) 'example_external_task_marker_child', 'example_external_task_marker_parent' retrieved from /Users/ehabhasan/.venvs/airflow310/lib/python3.10/site-packages/airflow/example_dags/example_external_task_marker_dag.py
[2025-08-19T17:35:02.031+0200] {logging_mixin.py:188} INFO - [2025-08-19T17:35:02.031+0200] {dag.py:3089} INFO - Sync 2 DAGs
[2025-08-19T17:35:02.034+0200] {logging_mixin.py:188} INFO - [2025-08-19T17:35:02.034+0200] {dag.py:3947} INFO - Setting next_dagrun for example_external_task_marker_child to None, run_after=None
[2025-08-19T17:35:02.035+0200] {logging_mixin.py:188} INFO - [2025-08-19T17:35:02.035+0200] {dag.py:3947} INFO - Setting next_dagrun for example_external_task_marker_parent to None, run_after=None
[2025-08-19T17:35:02.041+0200] {processor.py:183} INFO - Processing /Users/ehabhasan/.venvs/airflow310/lib/python3.10/site-packages/airflow/example_dags/example_external_task_marker_dag.py took 0.053 seconds
[2025-08-19T17:36:57.315+0200] {processor.py:161} INFO - Started process (PID=14512) to work on /Users/ehabhasan/.venvs/airflow310/lib/python3.10/site-packages/airflow/example_dags/example_external_task_marker_dag.py
[2025-08-19T17:36:57.316+0200] {processor.py:830} INFO - Processing file /Users/ehabhasan/.venvs/airflow310/lib/python3.10/site-packages/airflow/example_dags/example_external_task_marker_dag.py for tasks to queue
[2025-08-19T17:36:57.316+0200] {logging_mixin.py:188} INFO - [2025-08-19T17:36:57.316+0200] {dagbag.py:545} INFO - Filling up the DagBag from /Users/ehabhasan/.venvs/airflow310/lib/python3.10/site-packages/airflow/example_dags/example_external_task_marker_dag.py
[2025-08-19T17:36:57.320+0200] {processor.py:840} INFO - DAG(s) 'example_external_task_marker_child', 'example_external_task_marker_parent' retrieved from /Users/ehabhasan/.venvs/airflow310/lib/python3.10/site-packages/airflow/example_dags/example_external_task_marker_dag.py
[2025-08-19T17:36:57.358+0200] {logging_mixin.py:188} INFO - [2025-08-19T17:36:57.358+0200] {dag.py:3089} INFO - Sync 2 DAGs
[2025-08-19T17:36:57.361+0200] {logging_mixin.py:188} INFO - [2025-08-19T17:36:57.361+0200] {dag.py:3947} INFO - Setting next_dagrun for example_external_task_marker_child to None, run_after=None
[2025-08-19T17:36:57.362+0200] {logging_mixin.py:188} INFO - [2025-08-19T17:36:57.362+0200] {dag.py:3947} INFO - Setting next_dagrun for example_external_task_marker_parent to None, run_after=None
[2025-08-19T17:36:57.368+0200] {processor.py:183} INFO - Processing /Users/ehabhasan/.venvs/airflow310/lib/python3.10/site-packages/airflow/example_dags/example_external_task_marker_dag.py took 0.054 seconds
[2025-08-19T17:38:56.465+0200] {processor.py:161} INFO - Started process (PID=14739) to work on /Users/ehabhasan/.venvs/airflow310/lib/python3.10/site-packages/airflow/example_dags/example_external_task_marker_dag.py
[2025-08-19T17:38:56.465+0200] {processor.py:830} INFO - Processing file /Users/ehabhasan/.venvs/airflow310/lib/python3.10/site-packages/airflow/example_dags/example_external_task_marker_dag.py for tasks to queue
[2025-08-19T17:38:56.465+0200] {logging_mixin.py:188} INFO - [2025-08-19T17:38:56.465+0200] {dagbag.py:545} INFO - Filling up the DagBag from /Users/ehabhasan/.venvs/airflow310/lib/python3.10/site-packages/airflow/example_dags/example_external_task_marker_dag.py
[2025-08-19T17:38:56.470+0200] {processor.py:840} INFO - DAG(s) 'example_external_task_marker_child', 'example_external_task_marker_parent' retrieved from /Users/ehabhasan/.venvs/airflow310/lib/python3.10/site-packages/airflow/example_dags/example_external_task_marker_dag.py
[2025-08-19T17:38:56.507+0200] {logging_mixin.py:188} INFO - [2025-08-19T17:38:56.507+0200] {dag.py:3089} INFO - Sync 2 DAGs
[2025-08-19T17:38:56.511+0200] {logging_mixin.py:188} INFO - [2025-08-19T17:38:56.511+0200] {dag.py:3947} INFO - Setting next_dagrun for example_external_task_marker_child to None, run_after=None
[2025-08-19T17:38:56.512+0200] {logging_mixin.py:188} INFO - [2025-08-19T17:38:56.512+0200] {dag.py:3947} INFO - Setting next_dagrun for example_external_task_marker_parent to None, run_after=None
[2025-08-19T17:38:56.517+0200] {processor.py:183} INFO - Processing /Users/ehabhasan/.venvs/airflow310/lib/python3.10/site-packages/airflow/example_dags/example_external_task_marker_dag.py took 0.054 seconds
[2025-08-19T17:44:35.183+0200] {processor.py:161} INFO - Started process (PID=14908) to work on /Users/ehabhasan/.venvs/airflow310/lib/python3.10/site-packages/airflow/example_dags/example_external_task_marker_dag.py
[2025-08-19T17:44:35.183+0200] {processor.py:830} INFO - Processing file /Users/ehabhasan/.venvs/airflow310/lib/python3.10/site-packages/airflow/example_dags/example_external_task_marker_dag.py for tasks to queue
[2025-08-19T17:44:35.184+0200] {logging_mixin.py:188} INFO - [2025-08-19T17:44:35.184+0200] {dagbag.py:545} INFO - Filling up the DagBag from /Users/ehabhasan/.venvs/airflow310/lib/python3.10/site-packages/airflow/example_dags/example_external_task_marker_dag.py
[2025-08-19T17:44:35.189+0200] {processor.py:840} INFO - DAG(s) 'example_external_task_marker_child', 'example_external_task_marker_parent' retrieved from /Users/ehabhasan/.venvs/airflow310/lib/python3.10/site-packages/airflow/example_dags/example_external_task_marker_dag.py
[2025-08-19T17:44:35.227+0200] {logging_mixin.py:188} INFO - [2025-08-19T17:44:35.227+0200] {dag.py:3089} INFO - Sync 2 DAGs
[2025-08-19T17:44:35.231+0200] {logging_mixin.py:188} INFO - [2025-08-19T17:44:35.230+0200] {dag.py:3947} INFO - Setting next_dagrun for example_external_task_marker_child to None, run_after=None
[2025-08-19T17:44:35.232+0200] {logging_mixin.py:188} INFO - [2025-08-19T17:44:35.232+0200] {dag.py:3947} INFO - Setting next_dagrun for example_external_task_marker_parent to None, run_after=None
[2025-08-19T17:44:35.238+0200] {processor.py:183} INFO - Processing /Users/ehabhasan/.venvs/airflow310/lib/python3.10/site-packages/airflow/example_dags/example_external_task_marker_dag.py took 0.057 seconds
[2025-08-19T17:46:34.940+0200] {processor.py:161} INFO - Started process (PID=15024) to work on /Users/ehabhasan/.venvs/airflow310/lib/python3.10/site-packages/airflow/example_dags/example_external_task_marker_dag.py
[2025-08-19T17:46:34.940+0200] {processor.py:830} INFO - Processing file /Users/ehabhasan/.venvs/airflow310/lib/python3.10/site-packages/airflow/example_dags/example_external_task_marker_dag.py for tasks to queue
[2025-08-19T17:46:34.941+0200] {logging_mixin.py:188} INFO - [2025-08-19T17:46:34.940+0200] {dagbag.py:545} INFO - Filling up the DagBag from /Users/ehabhasan/.venvs/airflow310/lib/python3.10/site-packages/airflow/example_dags/example_external_task_marker_dag.py
[2025-08-19T17:46:34.945+0200] {processor.py:840} INFO - DAG(s) 'example_external_task_marker_child', 'example_external_task_marker_parent' retrieved from /Users/ehabhasan/.venvs/airflow310/lib/python3.10/site-packages/airflow/example_dags/example_external_task_marker_dag.py
[2025-08-19T17:46:34.983+0200] {logging_mixin.py:188} INFO - [2025-08-19T17:46:34.983+0200] {dag.py:3089} INFO - Sync 2 DAGs
[2025-08-19T17:46:34.987+0200] {logging_mixin.py:188} INFO - [2025-08-19T17:46:34.986+0200] {dag.py:3947} INFO - Setting next_dagrun for example_external_task_marker_child to None, run_after=None
[2025-08-19T17:46:34.988+0200] {logging_mixin.py:188} INFO - [2025-08-19T17:46:34.988+0200] {dag.py:3947} INFO - Setting next_dagrun for example_external_task_marker_parent to None, run_after=None
[2025-08-19T17:46:34.994+0200] {processor.py:183} INFO - Processing /Users/ehabhasan/.venvs/airflow310/lib/python3.10/site-packages/airflow/example_dags/example_external_task_marker_dag.py took 0.056 seconds
[2025-08-19T17:48:34.125+0200] {processor.py:161} INFO - Started process (PID=15116) to work on /Users/ehabhasan/.venvs/airflow310/lib/python3.10/site-packages/airflow/example_dags/example_external_task_marker_dag.py
[2025-08-19T17:48:34.126+0200] {processor.py:830} INFO - Processing file /Users/ehabhasan/.venvs/airflow310/lib/python3.10/site-packages/airflow/example_dags/example_external_task_marker_dag.py for tasks to queue
[2025-08-19T17:48:34.126+0200] {logging_mixin.py:188} INFO - [2025-08-19T17:48:34.126+0200] {dagbag.py:545} INFO - Filling up the DagBag from /Users/ehabhasan/.venvs/airflow310/lib/python3.10/site-packages/airflow/example_dags/example_external_task_marker_dag.py
[2025-08-19T17:48:34.130+0200] {processor.py:840} INFO - DAG(s) 'example_external_task_marker_parent', 'example_external_task_marker_child' retrieved from /Users/ehabhasan/.venvs/airflow310/lib/python3.10/site-packages/airflow/example_dags/example_external_task_marker_dag.py
[2025-08-19T17:48:34.168+0200] {logging_mixin.py:188} INFO - [2025-08-19T17:48:34.168+0200] {dag.py:3089} INFO - Sync 2 DAGs
[2025-08-19T17:48:34.172+0200] {logging_mixin.py:188} INFO - [2025-08-19T17:48:34.172+0200] {dag.py:3947} INFO - Setting next_dagrun for example_external_task_marker_child to None, run_after=None
[2025-08-19T17:48:34.173+0200] {logging_mixin.py:188} INFO - [2025-08-19T17:48:34.173+0200] {dag.py:3947} INFO - Setting next_dagrun for example_external_task_marker_parent to None, run_after=None
[2025-08-19T17:48:34.179+0200] {processor.py:183} INFO - Processing /Users/ehabhasan/.venvs/airflow310/lib/python3.10/site-packages/airflow/example_dags/example_external_task_marker_dag.py took 0.055 seconds
