[2025-08-19T16:48:49.116+0200] {processor.py:161} INFO - Started process (PID=7657) to work on /Users/ehabhasan/.venvs/airflow310/lib/python3.10/site-packages/airflow/example_dags/example_dynamic_task_mapping.py
[2025-08-19T16:48:49.116+0200] {processor.py:830} INFO - Processing file /Users/ehabhasan/.venvs/airflow310/lib/python3.10/site-packages/airflow/example_dags/example_dynamic_task_mapping.py for tasks to queue
[2025-08-19T16:48:49.117+0200] {logging_mixin.py:188} INFO - [2025-08-19T16:48:49.117+0200] {dagbag.py:545} INFO - Filling up the DagBag from /Users/ehabhasan/.venvs/airflow310/lib/python3.10/site-packages/airflow/example_dags/example_dynamic_task_mapping.py
[2025-08-19T16:48:49.131+0200] {processor.py:840} INFO - DAG(s) 'example_dynamic_task_mapping' retrieved from /Users/ehabhasan/.venvs/airflow310/lib/python3.10/site-packages/airflow/example_dags/example_dynamic_task_mapping.py
[2025-08-19T16:48:49.213+0200] {logging_mixin.py:188} INFO - [2025-08-19T16:48:49.213+0200] {dag.py:3089} INFO - Sync 1 DAGs
[2025-08-19T16:48:49.218+0200] {logging_mixin.py:188} INFO - [2025-08-19T16:48:49.218+0200] {dag.py:3947} INFO - Setting next_dagrun for example_dynamic_task_mapping to 2022-03-04 00:00:00+00:00, run_after=2022-03-05 00:00:00+00:00
[2025-08-19T16:48:49.225+0200] {processor.py:183} INFO - Processing /Users/ehabhasan/.venvs/airflow310/lib/python3.10/site-packages/airflow/example_dags/example_dynamic_task_mapping.py took 0.110 seconds
[2025-08-19T16:50:24.711+0200] {processor.py:161} INFO - Started process (PID=7730) to work on /Users/ehabhasan/.venvs/airflow310/lib/python3.10/site-packages/airflow/example_dags/example_dynamic_task_mapping.py
[2025-08-19T16:50:24.711+0200] {processor.py:830} INFO - Processing file /Users/ehabhasan/.venvs/airflow310/lib/python3.10/site-packages/airflow/example_dags/example_dynamic_task_mapping.py for tasks to queue
[2025-08-19T16:50:24.711+0200] {logging_mixin.py:188} INFO - [2025-08-19T16:50:24.711+0200] {dagbag.py:545} INFO - Filling up the DagBag from /Users/ehabhasan/.venvs/airflow310/lib/python3.10/site-packages/airflow/example_dags/example_dynamic_task_mapping.py
[2025-08-19T16:50:24.724+0200] {processor.py:840} INFO - DAG(s) 'example_dynamic_task_mapping' retrieved from /Users/ehabhasan/.venvs/airflow310/lib/python3.10/site-packages/airflow/example_dags/example_dynamic_task_mapping.py
[2025-08-19T16:50:24.759+0200] {logging_mixin.py:188} INFO - [2025-08-19T16:50:24.759+0200] {dag.py:3089} INFO - Sync 1 DAGs
[2025-08-19T16:50:24.784+0200] {logging_mixin.py:188} INFO - [2025-08-19T16:50:24.784+0200] {dag.py:3947} INFO - Setting next_dagrun for example_dynamic_task_mapping to 2022-03-04 00:00:00+00:00, run_after=2022-03-05 00:00:00+00:00
[2025-08-19T16:50:24.790+0200] {processor.py:183} INFO - Processing /Users/ehabhasan/.venvs/airflow310/lib/python3.10/site-packages/airflow/example_dags/example_dynamic_task_mapping.py took 0.081 seconds
[2025-08-19T16:52:02.284+0200] {processor.py:161} INFO - Started process (PID=7803) to work on /Users/ehabhasan/.venvs/airflow310/lib/python3.10/site-packages/airflow/example_dags/example_dynamic_task_mapping.py
[2025-08-19T16:52:02.284+0200] {processor.py:830} INFO - Processing file /Users/ehabhasan/.venvs/airflow310/lib/python3.10/site-packages/airflow/example_dags/example_dynamic_task_mapping.py for tasks to queue
[2025-08-19T16:52:02.284+0200] {logging_mixin.py:188} INFO - [2025-08-19T16:52:02.284+0200] {dagbag.py:545} INFO - Filling up the DagBag from /Users/ehabhasan/.venvs/airflow310/lib/python3.10/site-packages/airflow/example_dags/example_dynamic_task_mapping.py
[2025-08-19T16:52:02.297+0200] {processor.py:840} INFO - DAG(s) 'example_dynamic_task_mapping' retrieved from /Users/ehabhasan/.venvs/airflow310/lib/python3.10/site-packages/airflow/example_dags/example_dynamic_task_mapping.py
[2025-08-19T16:52:02.331+0200] {logging_mixin.py:188} INFO - [2025-08-19T16:52:02.331+0200] {dag.py:3089} INFO - Sync 1 DAGs
[2025-08-19T16:52:02.357+0200] {logging_mixin.py:188} INFO - [2025-08-19T16:52:02.357+0200] {dag.py:3947} INFO - Setting next_dagrun for example_dynamic_task_mapping to 2022-03-04 00:00:00+00:00, run_after=2022-03-05 00:00:00+00:00
[2025-08-19T16:52:02.363+0200] {processor.py:183} INFO - Processing /Users/ehabhasan/.venvs/airflow310/lib/python3.10/site-packages/airflow/example_dags/example_dynamic_task_mapping.py took 0.081 seconds
[2025-08-19T16:53:39.936+0200] {processor.py:161} INFO - Started process (PID=7873) to work on /Users/ehabhasan/.venvs/airflow310/lib/python3.10/site-packages/airflow/example_dags/example_dynamic_task_mapping.py
[2025-08-19T16:53:39.936+0200] {processor.py:830} INFO - Processing file /Users/ehabhasan/.venvs/airflow310/lib/python3.10/site-packages/airflow/example_dags/example_dynamic_task_mapping.py for tasks to queue
[2025-08-19T16:53:39.936+0200] {logging_mixin.py:188} INFO - [2025-08-19T16:53:39.936+0200] {dagbag.py:545} INFO - Filling up the DagBag from /Users/ehabhasan/.venvs/airflow310/lib/python3.10/site-packages/airflow/example_dags/example_dynamic_task_mapping.py
[2025-08-19T16:53:39.949+0200] {processor.py:840} INFO - DAG(s) 'example_dynamic_task_mapping' retrieved from /Users/ehabhasan/.venvs/airflow310/lib/python3.10/site-packages/airflow/example_dags/example_dynamic_task_mapping.py
[2025-08-19T16:53:39.983+0200] {logging_mixin.py:188} INFO - [2025-08-19T16:53:39.983+0200] {dag.py:3089} INFO - Sync 1 DAGs
[2025-08-19T16:53:40.009+0200] {logging_mixin.py:188} INFO - [2025-08-19T16:53:40.009+0200] {dag.py:3947} INFO - Setting next_dagrun for example_dynamic_task_mapping to 2022-03-04 00:00:00+00:00, run_after=2022-03-05 00:00:00+00:00
[2025-08-19T16:53:40.015+0200] {processor.py:183} INFO - Processing /Users/ehabhasan/.venvs/airflow310/lib/python3.10/site-packages/airflow/example_dags/example_dynamic_task_mapping.py took 0.081 seconds
[2025-08-19T16:55:15.766+0200] {processor.py:161} INFO - Started process (PID=7982) to work on /Users/ehabhasan/.venvs/airflow310/lib/python3.10/site-packages/airflow/example_dags/example_dynamic_task_mapping.py
[2025-08-19T16:55:15.766+0200] {processor.py:830} INFO - Processing file /Users/ehabhasan/.venvs/airflow310/lib/python3.10/site-packages/airflow/example_dags/example_dynamic_task_mapping.py for tasks to queue
[2025-08-19T16:55:15.767+0200] {logging_mixin.py:188} INFO - [2025-08-19T16:55:15.766+0200] {dagbag.py:545} INFO - Filling up the DagBag from /Users/ehabhasan/.venvs/airflow310/lib/python3.10/site-packages/airflow/example_dags/example_dynamic_task_mapping.py
[2025-08-19T16:55:15.780+0200] {processor.py:840} INFO - DAG(s) 'example_dynamic_task_mapping' retrieved from /Users/ehabhasan/.venvs/airflow310/lib/python3.10/site-packages/airflow/example_dags/example_dynamic_task_mapping.py
[2025-08-19T16:55:15.814+0200] {logging_mixin.py:188} INFO - [2025-08-19T16:55:15.814+0200] {dag.py:3089} INFO - Sync 1 DAGs
[2025-08-19T16:55:15.839+0200] {logging_mixin.py:188} INFO - [2025-08-19T16:55:15.839+0200] {dag.py:3947} INFO - Setting next_dagrun for example_dynamic_task_mapping to 2022-03-04 00:00:00+00:00, run_after=2022-03-05 00:00:00+00:00
[2025-08-19T16:55:15.845+0200] {processor.py:183} INFO - Processing /Users/ehabhasan/.venvs/airflow310/lib/python3.10/site-packages/airflow/example_dags/example_dynamic_task_mapping.py took 0.081 seconds
[2025-08-19T16:57:00.961+0200] {processor.py:161} INFO - Started process (PID=8059) to work on /Users/ehabhasan/.venvs/airflow310/lib/python3.10/site-packages/airflow/example_dags/example_dynamic_task_mapping.py
[2025-08-19T16:57:00.962+0200] {processor.py:830} INFO - Processing file /Users/ehabhasan/.venvs/airflow310/lib/python3.10/site-packages/airflow/example_dags/example_dynamic_task_mapping.py for tasks to queue
[2025-08-19T16:57:00.962+0200] {logging_mixin.py:188} INFO - [2025-08-19T16:57:00.962+0200] {dagbag.py:545} INFO - Filling up the DagBag from /Users/ehabhasan/.venvs/airflow310/lib/python3.10/site-packages/airflow/example_dags/example_dynamic_task_mapping.py
[2025-08-19T16:57:00.976+0200] {processor.py:840} INFO - DAG(s) 'example_dynamic_task_mapping' retrieved from /Users/ehabhasan/.venvs/airflow310/lib/python3.10/site-packages/airflow/example_dags/example_dynamic_task_mapping.py
[2025-08-19T16:57:01.010+0200] {logging_mixin.py:188} INFO - [2025-08-19T16:57:01.010+0200] {dag.py:3089} INFO - Sync 1 DAGs
[2025-08-19T16:57:01.036+0200] {logging_mixin.py:188} INFO - [2025-08-19T16:57:01.036+0200] {dag.py:3947} INFO - Setting next_dagrun for example_dynamic_task_mapping to 2022-03-04 00:00:00+00:00, run_after=2022-03-05 00:00:00+00:00
[2025-08-19T16:57:01.042+0200] {processor.py:183} INFO - Processing /Users/ehabhasan/.venvs/airflow310/lib/python3.10/site-packages/airflow/example_dags/example_dynamic_task_mapping.py took 0.082 seconds
[2025-08-19T16:58:38.611+0200] {processor.py:161} INFO - Started process (PID=8130) to work on /Users/ehabhasan/.venvs/airflow310/lib/python3.10/site-packages/airflow/example_dags/example_dynamic_task_mapping.py
[2025-08-19T16:58:38.612+0200] {processor.py:830} INFO - Processing file /Users/ehabhasan/.venvs/airflow310/lib/python3.10/site-packages/airflow/example_dags/example_dynamic_task_mapping.py for tasks to queue
[2025-08-19T16:58:38.613+0200] {logging_mixin.py:188} INFO - [2025-08-19T16:58:38.613+0200] {dagbag.py:545} INFO - Filling up the DagBag from /Users/ehabhasan/.venvs/airflow310/lib/python3.10/site-packages/airflow/example_dags/example_dynamic_task_mapping.py
[2025-08-19T16:58:38.626+0200] {processor.py:840} INFO - DAG(s) 'example_dynamic_task_mapping' retrieved from /Users/ehabhasan/.venvs/airflow310/lib/python3.10/site-packages/airflow/example_dags/example_dynamic_task_mapping.py
[2025-08-19T16:58:38.659+0200] {logging_mixin.py:188} INFO - [2025-08-19T16:58:38.659+0200] {dag.py:3089} INFO - Sync 1 DAGs
[2025-08-19T16:58:38.684+0200] {logging_mixin.py:188} INFO - [2025-08-19T16:58:38.684+0200] {dag.py:3947} INFO - Setting next_dagrun for example_dynamic_task_mapping to 2022-03-04 00:00:00+00:00, run_after=2022-03-05 00:00:00+00:00
[2025-08-19T16:58:38.690+0200] {processor.py:183} INFO - Processing /Users/ehabhasan/.venvs/airflow310/lib/python3.10/site-packages/airflow/example_dags/example_dynamic_task_mapping.py took 0.081 seconds
[2025-08-19T17:00:58.365+0200] {processor.py:161} INFO - Started process (PID=8249) to work on /Users/ehabhasan/.venvs/airflow310/lib/python3.10/site-packages/airflow/example_dags/example_dynamic_task_mapping.py
[2025-08-19T17:00:58.366+0200] {processor.py:830} INFO - Processing file /Users/ehabhasan/.venvs/airflow310/lib/python3.10/site-packages/airflow/example_dags/example_dynamic_task_mapping.py for tasks to queue
[2025-08-19T17:00:58.366+0200] {logging_mixin.py:188} INFO - [2025-08-19T17:00:58.366+0200] {dagbag.py:545} INFO - Filling up the DagBag from /Users/ehabhasan/.venvs/airflow310/lib/python3.10/site-packages/airflow/example_dags/example_dynamic_task_mapping.py
[2025-08-19T17:00:58.380+0200] {processor.py:840} INFO - DAG(s) 'example_dynamic_task_mapping' retrieved from /Users/ehabhasan/.venvs/airflow310/lib/python3.10/site-packages/airflow/example_dags/example_dynamic_task_mapping.py
[2025-08-19T17:00:58.414+0200] {logging_mixin.py:188} INFO - [2025-08-19T17:00:58.414+0200] {dag.py:3089} INFO - Sync 1 DAGs
[2025-08-19T17:00:58.440+0200] {logging_mixin.py:188} INFO - [2025-08-19T17:00:58.440+0200] {dag.py:3947} INFO - Setting next_dagrun for example_dynamic_task_mapping to 2022-03-04 00:00:00+00:00, run_after=2022-03-05 00:00:00+00:00
[2025-08-19T17:00:58.446+0200] {processor.py:183} INFO - Processing /Users/ehabhasan/.venvs/airflow310/lib/python3.10/site-packages/airflow/example_dags/example_dynamic_task_mapping.py took 0.083 seconds
[2025-08-19T17:02:42.991+0200] {processor.py:161} INFO - Started process (PID=8336) to work on /Users/ehabhasan/.venvs/airflow310/lib/python3.10/site-packages/airflow/example_dags/example_dynamic_task_mapping.py
[2025-08-19T17:02:42.991+0200] {processor.py:830} INFO - Processing file /Users/ehabhasan/.venvs/airflow310/lib/python3.10/site-packages/airflow/example_dags/example_dynamic_task_mapping.py for tasks to queue
[2025-08-19T17:02:42.992+0200] {logging_mixin.py:188} INFO - [2025-08-19T17:02:42.992+0200] {dagbag.py:545} INFO - Filling up the DagBag from /Users/ehabhasan/.venvs/airflow310/lib/python3.10/site-packages/airflow/example_dags/example_dynamic_task_mapping.py
[2025-08-19T17:02:43.005+0200] {processor.py:840} INFO - DAG(s) 'example_dynamic_task_mapping' retrieved from /Users/ehabhasan/.venvs/airflow310/lib/python3.10/site-packages/airflow/example_dags/example_dynamic_task_mapping.py
[2025-08-19T17:02:43.040+0200] {logging_mixin.py:188} INFO - [2025-08-19T17:02:43.040+0200] {dag.py:3089} INFO - Sync 1 DAGs
[2025-08-19T17:02:43.065+0200] {logging_mixin.py:188} INFO - [2025-08-19T17:02:43.065+0200] {dag.py:3947} INFO - Setting next_dagrun for example_dynamic_task_mapping to 2022-03-04 00:00:00+00:00, run_after=2022-03-05 00:00:00+00:00
[2025-08-19T17:02:43.072+0200] {processor.py:183} INFO - Processing /Users/ehabhasan/.venvs/airflow310/lib/python3.10/site-packages/airflow/example_dags/example_dynamic_task_mapping.py took 0.082 seconds
[2025-08-19T17:04:17.515+0200] {processor.py:161} INFO - Started process (PID=8929) to work on /Users/ehabhasan/.venvs/airflow310/lib/python3.10/site-packages/airflow/example_dags/example_dynamic_task_mapping.py
[2025-08-19T17:04:17.516+0200] {processor.py:830} INFO - Processing file /Users/ehabhasan/.venvs/airflow310/lib/python3.10/site-packages/airflow/example_dags/example_dynamic_task_mapping.py for tasks to queue
[2025-08-19T17:04:17.516+0200] {logging_mixin.py:188} INFO - [2025-08-19T17:04:17.516+0200] {dagbag.py:545} INFO - Filling up the DagBag from /Users/ehabhasan/.venvs/airflow310/lib/python3.10/site-packages/airflow/example_dags/example_dynamic_task_mapping.py
[2025-08-19T17:04:17.529+0200] {processor.py:840} INFO - DAG(s) 'example_dynamic_task_mapping' retrieved from /Users/ehabhasan/.venvs/airflow310/lib/python3.10/site-packages/airflow/example_dags/example_dynamic_task_mapping.py
[2025-08-19T17:04:17.567+0200] {logging_mixin.py:188} INFO - [2025-08-19T17:04:17.567+0200] {dag.py:3089} INFO - Sync 1 DAGs
[2025-08-19T17:04:17.595+0200] {logging_mixin.py:188} INFO - [2025-08-19T17:04:17.594+0200] {dag.py:3947} INFO - Setting next_dagrun for example_dynamic_task_mapping to 2022-03-04 00:00:00+00:00, run_after=2022-03-05 00:00:00+00:00
[2025-08-19T17:04:17.601+0200] {processor.py:183} INFO - Processing /Users/ehabhasan/.venvs/airflow310/lib/python3.10/site-packages/airflow/example_dags/example_dynamic_task_mapping.py took 0.088 seconds
[2025-08-19T17:06:02.657+0200] {processor.py:161} INFO - Started process (PID=9418) to work on /Users/ehabhasan/.venvs/airflow310/lib/python3.10/site-packages/airflow/example_dags/example_dynamic_task_mapping.py
[2025-08-19T17:06:02.657+0200] {processor.py:830} INFO - Processing file /Users/ehabhasan/.venvs/airflow310/lib/python3.10/site-packages/airflow/example_dags/example_dynamic_task_mapping.py for tasks to queue
[2025-08-19T17:06:02.657+0200] {logging_mixin.py:188} INFO - [2025-08-19T17:06:02.657+0200] {dagbag.py:545} INFO - Filling up the DagBag from /Users/ehabhasan/.venvs/airflow310/lib/python3.10/site-packages/airflow/example_dags/example_dynamic_task_mapping.py
[2025-08-19T17:06:02.671+0200] {processor.py:840} INFO - DAG(s) 'example_dynamic_task_mapping' retrieved from /Users/ehabhasan/.venvs/airflow310/lib/python3.10/site-packages/airflow/example_dags/example_dynamic_task_mapping.py
[2025-08-19T17:06:02.706+0200] {logging_mixin.py:188} INFO - [2025-08-19T17:06:02.706+0200] {dag.py:3089} INFO - Sync 1 DAGs
[2025-08-19T17:06:02.731+0200] {logging_mixin.py:188} INFO - [2025-08-19T17:06:02.731+0200] {dag.py:3947} INFO - Setting next_dagrun for example_dynamic_task_mapping to 2022-03-04 00:00:00+00:00, run_after=2022-03-05 00:00:00+00:00
[2025-08-19T17:06:02.737+0200] {processor.py:183} INFO - Processing /Users/ehabhasan/.venvs/airflow310/lib/python3.10/site-packages/airflow/example_dags/example_dynamic_task_mapping.py took 0.082 seconds
[2025-08-19T17:07:49.272+0200] {processor.py:161} INFO - Started process (PID=10117) to work on /Users/ehabhasan/.venvs/airflow310/lib/python3.10/site-packages/airflow/example_dags/example_dynamic_task_mapping.py
[2025-08-19T17:07:49.272+0200] {processor.py:830} INFO - Processing file /Users/ehabhasan/.venvs/airflow310/lib/python3.10/site-packages/airflow/example_dags/example_dynamic_task_mapping.py for tasks to queue
[2025-08-19T17:07:49.273+0200] {logging_mixin.py:188} INFO - [2025-08-19T17:07:49.272+0200] {dagbag.py:545} INFO - Filling up the DagBag from /Users/ehabhasan/.venvs/airflow310/lib/python3.10/site-packages/airflow/example_dags/example_dynamic_task_mapping.py
[2025-08-19T17:07:49.289+0200] {processor.py:840} INFO - DAG(s) 'example_dynamic_task_mapping' retrieved from /Users/ehabhasan/.venvs/airflow310/lib/python3.10/site-packages/airflow/example_dags/example_dynamic_task_mapping.py
[2025-08-19T17:07:49.325+0200] {logging_mixin.py:188} INFO - [2025-08-19T17:07:49.325+0200] {dag.py:3089} INFO - Sync 1 DAGs
[2025-08-19T17:07:49.353+0200] {logging_mixin.py:188} INFO - [2025-08-19T17:07:49.353+0200] {dag.py:3947} INFO - Setting next_dagrun for example_dynamic_task_mapping to 2022-03-04 00:00:00+00:00, run_after=2022-03-05 00:00:00+00:00
[2025-08-19T17:07:49.360+0200] {processor.py:183} INFO - Processing /Users/ehabhasan/.venvs/airflow310/lib/python3.10/site-packages/airflow/example_dags/example_dynamic_task_mapping.py took 0.090 seconds
[2025-08-19T17:09:41.217+0200] {processor.py:161} INFO - Started process (PID=10230) to work on /Users/ehabhasan/.venvs/airflow310/lib/python3.10/site-packages/airflow/example_dags/example_dynamic_task_mapping.py
[2025-08-19T17:09:41.218+0200] {processor.py:830} INFO - Processing file /Users/ehabhasan/.venvs/airflow310/lib/python3.10/site-packages/airflow/example_dags/example_dynamic_task_mapping.py for tasks to queue
[2025-08-19T17:09:41.218+0200] {logging_mixin.py:188} INFO - [2025-08-19T17:09:41.218+0200] {dagbag.py:545} INFO - Filling up the DagBag from /Users/ehabhasan/.venvs/airflow310/lib/python3.10/site-packages/airflow/example_dags/example_dynamic_task_mapping.py
[2025-08-19T17:09:41.231+0200] {processor.py:840} INFO - DAG(s) 'example_dynamic_task_mapping' retrieved from /Users/ehabhasan/.venvs/airflow310/lib/python3.10/site-packages/airflow/example_dags/example_dynamic_task_mapping.py
[2025-08-19T17:09:41.267+0200] {logging_mixin.py:188} INFO - [2025-08-19T17:09:41.267+0200] {dag.py:3089} INFO - Sync 1 DAGs
[2025-08-19T17:09:41.295+0200] {logging_mixin.py:188} INFO - [2025-08-19T17:09:41.294+0200] {dag.py:3947} INFO - Setting next_dagrun for example_dynamic_task_mapping to 2022-03-04 00:00:00+00:00, run_after=2022-03-05 00:00:00+00:00
[2025-08-19T17:09:41.301+0200] {processor.py:183} INFO - Processing /Users/ehabhasan/.venvs/airflow310/lib/python3.10/site-packages/airflow/example_dags/example_dynamic_task_mapping.py took 0.085 seconds
[2025-08-19T17:11:23.549+0200] {processor.py:161} INFO - Started process (PID=10316) to work on /Users/ehabhasan/.venvs/airflow310/lib/python3.10/site-packages/airflow/example_dags/example_dynamic_task_mapping.py
[2025-08-19T17:11:23.550+0200] {processor.py:830} INFO - Processing file /Users/ehabhasan/.venvs/airflow310/lib/python3.10/site-packages/airflow/example_dags/example_dynamic_task_mapping.py for tasks to queue
[2025-08-19T17:11:23.550+0200] {logging_mixin.py:188} INFO - [2025-08-19T17:11:23.550+0200] {dagbag.py:545} INFO - Filling up the DagBag from /Users/ehabhasan/.venvs/airflow310/lib/python3.10/site-packages/airflow/example_dags/example_dynamic_task_mapping.py
[2025-08-19T17:11:23.564+0200] {processor.py:840} INFO - DAG(s) 'example_dynamic_task_mapping' retrieved from /Users/ehabhasan/.venvs/airflow310/lib/python3.10/site-packages/airflow/example_dags/example_dynamic_task_mapping.py
[2025-08-19T17:11:23.600+0200] {logging_mixin.py:188} INFO - [2025-08-19T17:11:23.600+0200] {dag.py:3089} INFO - Sync 1 DAGs
[2025-08-19T17:11:23.628+0200] {logging_mixin.py:188} INFO - [2025-08-19T17:11:23.628+0200] {dag.py:3947} INFO - Setting next_dagrun for example_dynamic_task_mapping to 2022-03-04 00:00:00+00:00, run_after=2022-03-05 00:00:00+00:00
[2025-08-19T17:11:23.634+0200] {processor.py:183} INFO - Processing /Users/ehabhasan/.venvs/airflow310/lib/python3.10/site-packages/airflow/example_dags/example_dynamic_task_mapping.py took 0.087 seconds
[2025-08-19T17:13:17.311+0200] {processor.py:161} INFO - Started process (PID=10411) to work on /Users/ehabhasan/.venvs/airflow310/lib/python3.10/site-packages/airflow/example_dags/example_dynamic_task_mapping.py
[2025-08-19T17:13:17.312+0200] {processor.py:830} INFO - Processing file /Users/ehabhasan/.venvs/airflow310/lib/python3.10/site-packages/airflow/example_dags/example_dynamic_task_mapping.py for tasks to queue
[2025-08-19T17:13:17.312+0200] {logging_mixin.py:188} INFO - [2025-08-19T17:13:17.312+0200] {dagbag.py:545} INFO - Filling up the DagBag from /Users/ehabhasan/.venvs/airflow310/lib/python3.10/site-packages/airflow/example_dags/example_dynamic_task_mapping.py
[2025-08-19T17:13:17.325+0200] {processor.py:840} INFO - DAG(s) 'example_dynamic_task_mapping' retrieved from /Users/ehabhasan/.venvs/airflow310/lib/python3.10/site-packages/airflow/example_dags/example_dynamic_task_mapping.py
[2025-08-19T17:13:17.360+0200] {logging_mixin.py:188} INFO - [2025-08-19T17:13:17.359+0200] {dag.py:3089} INFO - Sync 1 DAGs
[2025-08-19T17:13:17.385+0200] {logging_mixin.py:188} INFO - [2025-08-19T17:13:17.385+0200] {dag.py:3947} INFO - Setting next_dagrun for example_dynamic_task_mapping to 2022-03-04 00:00:00+00:00, run_after=2022-03-05 00:00:00+00:00
[2025-08-19T17:13:17.391+0200] {processor.py:183} INFO - Processing /Users/ehabhasan/.venvs/airflow310/lib/python3.10/site-packages/airflow/example_dags/example_dynamic_task_mapping.py took 0.081 seconds
[2025-08-19T17:15:10.128+0200] {processor.py:161} INFO - Started process (PID=10763) to work on /Users/ehabhasan/.venvs/airflow310/lib/python3.10/site-packages/airflow/example_dags/example_dynamic_task_mapping.py
[2025-08-19T17:15:10.128+0200] {processor.py:830} INFO - Processing file /Users/ehabhasan/.venvs/airflow310/lib/python3.10/site-packages/airflow/example_dags/example_dynamic_task_mapping.py for tasks to queue
[2025-08-19T17:15:10.129+0200] {logging_mixin.py:188} INFO - [2025-08-19T17:15:10.128+0200] {dagbag.py:545} INFO - Filling up the DagBag from /Users/ehabhasan/.venvs/airflow310/lib/python3.10/site-packages/airflow/example_dags/example_dynamic_task_mapping.py
[2025-08-19T17:15:10.142+0200] {processor.py:840} INFO - DAG(s) 'example_dynamic_task_mapping' retrieved from /Users/ehabhasan/.venvs/airflow310/lib/python3.10/site-packages/airflow/example_dags/example_dynamic_task_mapping.py
[2025-08-19T17:15:10.178+0200] {logging_mixin.py:188} INFO - [2025-08-19T17:15:10.178+0200] {dag.py:3089} INFO - Sync 1 DAGs
[2025-08-19T17:15:10.204+0200] {logging_mixin.py:188} INFO - [2025-08-19T17:15:10.204+0200] {dag.py:3947} INFO - Setting next_dagrun for example_dynamic_task_mapping to 2022-03-04 00:00:00+00:00, run_after=2022-03-05 00:00:00+00:00
[2025-08-19T17:15:10.211+0200] {processor.py:183} INFO - Processing /Users/ehabhasan/.venvs/airflow310/lib/python3.10/site-packages/airflow/example_dags/example_dynamic_task_mapping.py took 0.085 seconds
[2025-08-19T17:17:02.305+0200] {processor.py:161} INFO - Started process (PID=11419) to work on /Users/ehabhasan/.venvs/airflow310/lib/python3.10/site-packages/airflow/example_dags/example_dynamic_task_mapping.py
[2025-08-19T17:17:02.305+0200] {processor.py:830} INFO - Processing file /Users/ehabhasan/.venvs/airflow310/lib/python3.10/site-packages/airflow/example_dags/example_dynamic_task_mapping.py for tasks to queue
[2025-08-19T17:17:02.306+0200] {logging_mixin.py:188} INFO - [2025-08-19T17:17:02.306+0200] {dagbag.py:545} INFO - Filling up the DagBag from /Users/ehabhasan/.venvs/airflow310/lib/python3.10/site-packages/airflow/example_dags/example_dynamic_task_mapping.py
[2025-08-19T17:17:02.319+0200] {processor.py:840} INFO - DAG(s) 'example_dynamic_task_mapping' retrieved from /Users/ehabhasan/.venvs/airflow310/lib/python3.10/site-packages/airflow/example_dags/example_dynamic_task_mapping.py
[2025-08-19T17:17:02.352+0200] {logging_mixin.py:188} INFO - [2025-08-19T17:17:02.352+0200] {dag.py:3089} INFO - Sync 1 DAGs
[2025-08-19T17:17:02.377+0200] {logging_mixin.py:188} INFO - [2025-08-19T17:17:02.377+0200] {dag.py:3947} INFO - Setting next_dagrun for example_dynamic_task_mapping to 2022-03-04 00:00:00+00:00, run_after=2022-03-05 00:00:00+00:00
[2025-08-19T17:17:02.383+0200] {processor.py:183} INFO - Processing /Users/ehabhasan/.venvs/airflow310/lib/python3.10/site-packages/airflow/example_dags/example_dynamic_task_mapping.py took 0.080 seconds
[2025-08-19T17:18:49.310+0200] {processor.py:161} INFO - Started process (PID=11512) to work on /Users/ehabhasan/.venvs/airflow310/lib/python3.10/site-packages/airflow/example_dags/example_dynamic_task_mapping.py
[2025-08-19T17:18:49.311+0200] {processor.py:830} INFO - Processing file /Users/ehabhasan/.venvs/airflow310/lib/python3.10/site-packages/airflow/example_dags/example_dynamic_task_mapping.py for tasks to queue
[2025-08-19T17:18:49.312+0200] {logging_mixin.py:188} INFO - [2025-08-19T17:18:49.312+0200] {dagbag.py:545} INFO - Filling up the DagBag from /Users/ehabhasan/.venvs/airflow310/lib/python3.10/site-packages/airflow/example_dags/example_dynamic_task_mapping.py
[2025-08-19T17:18:49.328+0200] {processor.py:840} INFO - DAG(s) 'example_dynamic_task_mapping' retrieved from /Users/ehabhasan/.venvs/airflow310/lib/python3.10/site-packages/airflow/example_dags/example_dynamic_task_mapping.py
[2025-08-19T17:18:49.368+0200] {logging_mixin.py:188} INFO - [2025-08-19T17:18:49.368+0200] {dag.py:3089} INFO - Sync 1 DAGs
[2025-08-19T17:18:49.408+0200] {logging_mixin.py:188} INFO - [2025-08-19T17:18:49.408+0200] {dag.py:3947} INFO - Setting next_dagrun for example_dynamic_task_mapping to 2022-03-04 00:00:00+00:00, run_after=2022-03-05 00:00:00+00:00
[2025-08-19T17:18:49.415+0200] {processor.py:183} INFO - Processing /Users/ehabhasan/.venvs/airflow310/lib/python3.10/site-packages/airflow/example_dags/example_dynamic_task_mapping.py took 0.106 seconds
[2025-08-19T17:20:33.224+0200] {processor.py:161} INFO - Started process (PID=11612) to work on /Users/ehabhasan/.venvs/airflow310/lib/python3.10/site-packages/airflow/example_dags/example_dynamic_task_mapping.py
[2025-08-19T17:20:33.224+0200] {processor.py:830} INFO - Processing file /Users/ehabhasan/.venvs/airflow310/lib/python3.10/site-packages/airflow/example_dags/example_dynamic_task_mapping.py for tasks to queue
[2025-08-19T17:20:33.224+0200] {logging_mixin.py:188} INFO - [2025-08-19T17:20:33.224+0200] {dagbag.py:545} INFO - Filling up the DagBag from /Users/ehabhasan/.venvs/airflow310/lib/python3.10/site-packages/airflow/example_dags/example_dynamic_task_mapping.py
[2025-08-19T17:20:33.238+0200] {processor.py:840} INFO - DAG(s) 'example_dynamic_task_mapping' retrieved from /Users/ehabhasan/.venvs/airflow310/lib/python3.10/site-packages/airflow/example_dags/example_dynamic_task_mapping.py
[2025-08-19T17:20:33.273+0200] {logging_mixin.py:188} INFO - [2025-08-19T17:20:33.273+0200] {dag.py:3089} INFO - Sync 1 DAGs
[2025-08-19T17:20:33.299+0200] {logging_mixin.py:188} INFO - [2025-08-19T17:20:33.299+0200] {dag.py:3947} INFO - Setting next_dagrun for example_dynamic_task_mapping to 2022-03-04 00:00:00+00:00, run_after=2022-03-05 00:00:00+00:00
[2025-08-19T17:20:33.305+0200] {processor.py:183} INFO - Processing /Users/ehabhasan/.venvs/airflow310/lib/python3.10/site-packages/airflow/example_dags/example_dynamic_task_mapping.py took 0.083 seconds
[2025-08-19T17:22:24.521+0200] {processor.py:161} INFO - Started process (PID=11684) to work on /Users/ehabhasan/.venvs/airflow310/lib/python3.10/site-packages/airflow/example_dags/example_dynamic_task_mapping.py
[2025-08-19T17:22:24.521+0200] {processor.py:830} INFO - Processing file /Users/ehabhasan/.venvs/airflow310/lib/python3.10/site-packages/airflow/example_dags/example_dynamic_task_mapping.py for tasks to queue
[2025-08-19T17:22:24.521+0200] {logging_mixin.py:188} INFO - [2025-08-19T17:22:24.521+0200] {dagbag.py:545} INFO - Filling up the DagBag from /Users/ehabhasan/.venvs/airflow310/lib/python3.10/site-packages/airflow/example_dags/example_dynamic_task_mapping.py
[2025-08-19T17:22:24.538+0200] {processor.py:840} INFO - DAG(s) 'example_dynamic_task_mapping' retrieved from /Users/ehabhasan/.venvs/airflow310/lib/python3.10/site-packages/airflow/example_dags/example_dynamic_task_mapping.py
[2025-08-19T17:22:24.580+0200] {logging_mixin.py:188} INFO - [2025-08-19T17:22:24.580+0200] {dag.py:3089} INFO - Sync 1 DAGs
[2025-08-19T17:22:24.618+0200] {logging_mixin.py:188} INFO - [2025-08-19T17:22:24.618+0200] {dag.py:3947} INFO - Setting next_dagrun for example_dynamic_task_mapping to 2022-03-04 00:00:00+00:00, run_after=2022-03-05 00:00:00+00:00
[2025-08-19T17:22:24.625+0200] {processor.py:183} INFO - Processing /Users/ehabhasan/.venvs/airflow310/lib/python3.10/site-packages/airflow/example_dags/example_dynamic_task_mapping.py took 0.106 seconds
[2025-08-19T17:24:10.451+0200] {processor.py:161} INFO - Started process (PID=11765) to work on /Users/ehabhasan/.venvs/airflow310/lib/python3.10/site-packages/airflow/example_dags/example_dynamic_task_mapping.py
[2025-08-19T17:24:10.452+0200] {processor.py:830} INFO - Processing file /Users/ehabhasan/.venvs/airflow310/lib/python3.10/site-packages/airflow/example_dags/example_dynamic_task_mapping.py for tasks to queue
[2025-08-19T17:24:10.452+0200] {logging_mixin.py:188} INFO - [2025-08-19T17:24:10.452+0200] {dagbag.py:545} INFO - Filling up the DagBag from /Users/ehabhasan/.venvs/airflow310/lib/python3.10/site-packages/airflow/example_dags/example_dynamic_task_mapping.py
[2025-08-19T17:24:10.466+0200] {processor.py:840} INFO - DAG(s) 'example_dynamic_task_mapping' retrieved from /Users/ehabhasan/.venvs/airflow310/lib/python3.10/site-packages/airflow/example_dags/example_dynamic_task_mapping.py
[2025-08-19T17:24:10.503+0200] {logging_mixin.py:188} INFO - [2025-08-19T17:24:10.503+0200] {dag.py:3089} INFO - Sync 1 DAGs
[2025-08-19T17:24:10.532+0200] {logging_mixin.py:188} INFO - [2025-08-19T17:24:10.532+0200] {dag.py:3947} INFO - Setting next_dagrun for example_dynamic_task_mapping to 2022-03-04 00:00:00+00:00, run_after=2022-03-05 00:00:00+00:00
[2025-08-19T17:24:10.539+0200] {processor.py:183} INFO - Processing /Users/ehabhasan/.venvs/airflow310/lib/python3.10/site-packages/airflow/example_dags/example_dynamic_task_mapping.py took 0.089 seconds
[2025-08-19T17:25:56.712+0200] {processor.py:161} INFO - Started process (PID=11847) to work on /Users/ehabhasan/.venvs/airflow310/lib/python3.10/site-packages/airflow/example_dags/example_dynamic_task_mapping.py
[2025-08-19T17:25:56.713+0200] {processor.py:830} INFO - Processing file /Users/ehabhasan/.venvs/airflow310/lib/python3.10/site-packages/airflow/example_dags/example_dynamic_task_mapping.py for tasks to queue
[2025-08-19T17:25:56.713+0200] {logging_mixin.py:188} INFO - [2025-08-19T17:25:56.713+0200] {dagbag.py:545} INFO - Filling up the DagBag from /Users/ehabhasan/.venvs/airflow310/lib/python3.10/site-packages/airflow/example_dags/example_dynamic_task_mapping.py
[2025-08-19T17:25:56.726+0200] {processor.py:840} INFO - DAG(s) 'example_dynamic_task_mapping' retrieved from /Users/ehabhasan/.venvs/airflow310/lib/python3.10/site-packages/airflow/example_dags/example_dynamic_task_mapping.py
[2025-08-19T17:25:56.763+0200] {logging_mixin.py:188} INFO - [2025-08-19T17:25:56.763+0200] {dag.py:3089} INFO - Sync 1 DAGs
[2025-08-19T17:25:56.789+0200] {logging_mixin.py:188} INFO - [2025-08-19T17:25:56.789+0200] {dag.py:3947} INFO - Setting next_dagrun for example_dynamic_task_mapping to 2022-03-04 00:00:00+00:00, run_after=2022-03-05 00:00:00+00:00
[2025-08-19T17:25:56.795+0200] {processor.py:183} INFO - Processing /Users/ehabhasan/.venvs/airflow310/lib/python3.10/site-packages/airflow/example_dags/example_dynamic_task_mapping.py took 0.085 seconds
[2025-08-19T17:27:47.458+0200] {processor.py:161} INFO - Started process (PID=11926) to work on /Users/ehabhasan/.venvs/airflow310/lib/python3.10/site-packages/airflow/example_dags/example_dynamic_task_mapping.py
[2025-08-19T17:27:47.459+0200] {processor.py:830} INFO - Processing file /Users/ehabhasan/.venvs/airflow310/lib/python3.10/site-packages/airflow/example_dags/example_dynamic_task_mapping.py for tasks to queue
[2025-08-19T17:27:47.459+0200] {logging_mixin.py:188} INFO - [2025-08-19T17:27:47.459+0200] {dagbag.py:545} INFO - Filling up the DagBag from /Users/ehabhasan/.venvs/airflow310/lib/python3.10/site-packages/airflow/example_dags/example_dynamic_task_mapping.py
[2025-08-19T17:27:47.473+0200] {processor.py:840} INFO - DAG(s) 'example_dynamic_task_mapping' retrieved from /Users/ehabhasan/.venvs/airflow310/lib/python3.10/site-packages/airflow/example_dags/example_dynamic_task_mapping.py
[2025-08-19T17:27:47.509+0200] {logging_mixin.py:188} INFO - [2025-08-19T17:27:47.508+0200] {dag.py:3089} INFO - Sync 1 DAGs
[2025-08-19T17:27:47.535+0200] {logging_mixin.py:188} INFO - [2025-08-19T17:27:47.535+0200] {dag.py:3947} INFO - Setting next_dagrun for example_dynamic_task_mapping to 2022-03-04 00:00:00+00:00, run_after=2022-03-05 00:00:00+00:00
[2025-08-19T17:27:47.541+0200] {processor.py:183} INFO - Processing /Users/ehabhasan/.venvs/airflow310/lib/python3.10/site-packages/airflow/example_dags/example_dynamic_task_mapping.py took 0.085 seconds
[2025-08-19T17:29:38.300+0200] {processor.py:161} INFO - Started process (PID=12013) to work on /Users/ehabhasan/.venvs/airflow310/lib/python3.10/site-packages/airflow/example_dags/example_dynamic_task_mapping.py
[2025-08-19T17:29:38.300+0200] {processor.py:830} INFO - Processing file /Users/ehabhasan/.venvs/airflow310/lib/python3.10/site-packages/airflow/example_dags/example_dynamic_task_mapping.py for tasks to queue
[2025-08-19T17:29:38.300+0200] {logging_mixin.py:188} INFO - [2025-08-19T17:29:38.300+0200] {dagbag.py:545} INFO - Filling up the DagBag from /Users/ehabhasan/.venvs/airflow310/lib/python3.10/site-packages/airflow/example_dags/example_dynamic_task_mapping.py
[2025-08-19T17:29:38.316+0200] {processor.py:840} INFO - DAG(s) 'example_dynamic_task_mapping' retrieved from /Users/ehabhasan/.venvs/airflow310/lib/python3.10/site-packages/airflow/example_dags/example_dynamic_task_mapping.py
[2025-08-19T17:29:38.355+0200] {logging_mixin.py:188} INFO - [2025-08-19T17:29:38.355+0200] {dag.py:3089} INFO - Sync 1 DAGs
[2025-08-19T17:29:38.385+0200] {logging_mixin.py:188} INFO - [2025-08-19T17:29:38.385+0200] {dag.py:3947} INFO - Setting next_dagrun for example_dynamic_task_mapping to 2022-03-04 00:00:00+00:00, run_after=2022-03-05 00:00:00+00:00
[2025-08-19T17:29:38.392+0200] {processor.py:183} INFO - Processing /Users/ehabhasan/.venvs/airflow310/lib/python3.10/site-packages/airflow/example_dags/example_dynamic_task_mapping.py took 0.094 seconds
[2025-08-19T17:31:28.041+0200] {processor.py:161} INFO - Started process (PID=13938) to work on /Users/ehabhasan/.venvs/airflow310/lib/python3.10/site-packages/airflow/example_dags/example_dynamic_task_mapping.py
[2025-08-19T17:31:28.042+0200] {processor.py:830} INFO - Processing file /Users/ehabhasan/.venvs/airflow310/lib/python3.10/site-packages/airflow/example_dags/example_dynamic_task_mapping.py for tasks to queue
[2025-08-19T17:31:28.042+0200] {logging_mixin.py:188} INFO - [2025-08-19T17:31:28.042+0200] {dagbag.py:545} INFO - Filling up the DagBag from /Users/ehabhasan/.venvs/airflow310/lib/python3.10/site-packages/airflow/example_dags/example_dynamic_task_mapping.py
[2025-08-19T17:31:28.055+0200] {processor.py:840} INFO - DAG(s) 'example_dynamic_task_mapping' retrieved from /Users/ehabhasan/.venvs/airflow310/lib/python3.10/site-packages/airflow/example_dags/example_dynamic_task_mapping.py
[2025-08-19T17:31:28.089+0200] {logging_mixin.py:188} INFO - [2025-08-19T17:31:28.089+0200] {dag.py:3089} INFO - Sync 1 DAGs
[2025-08-19T17:31:28.115+0200] {logging_mixin.py:188} INFO - [2025-08-19T17:31:28.115+0200] {dag.py:3947} INFO - Setting next_dagrun for example_dynamic_task_mapping to 2022-03-04 00:00:00+00:00, run_after=2022-03-05 00:00:00+00:00
[2025-08-19T17:31:28.121+0200] {processor.py:183} INFO - Processing /Users/ehabhasan/.venvs/airflow310/lib/python3.10/site-packages/airflow/example_dags/example_dynamic_task_mapping.py took 0.082 seconds
[2025-08-19T17:33:20.691+0200] {processor.py:161} INFO - Started process (PID=14194) to work on /Users/ehabhasan/.venvs/airflow310/lib/python3.10/site-packages/airflow/example_dags/example_dynamic_task_mapping.py
[2025-08-19T17:33:20.691+0200] {processor.py:830} INFO - Processing file /Users/ehabhasan/.venvs/airflow310/lib/python3.10/site-packages/airflow/example_dags/example_dynamic_task_mapping.py for tasks to queue
[2025-08-19T17:33:20.691+0200] {logging_mixin.py:188} INFO - [2025-08-19T17:33:20.691+0200] {dagbag.py:545} INFO - Filling up the DagBag from /Users/ehabhasan/.venvs/airflow310/lib/python3.10/site-packages/airflow/example_dags/example_dynamic_task_mapping.py
[2025-08-19T17:33:20.704+0200] {processor.py:840} INFO - DAG(s) 'example_dynamic_task_mapping' retrieved from /Users/ehabhasan/.venvs/airflow310/lib/python3.10/site-packages/airflow/example_dags/example_dynamic_task_mapping.py
[2025-08-19T17:33:20.739+0200] {logging_mixin.py:188} INFO - [2025-08-19T17:33:20.739+0200] {dag.py:3089} INFO - Sync 1 DAGs
[2025-08-19T17:33:20.765+0200] {logging_mixin.py:188} INFO - [2025-08-19T17:33:20.764+0200] {dag.py:3947} INFO - Setting next_dagrun for example_dynamic_task_mapping to 2022-03-04 00:00:00+00:00, run_after=2022-03-05 00:00:00+00:00
[2025-08-19T17:33:20.771+0200] {processor.py:183} INFO - Processing /Users/ehabhasan/.venvs/airflow310/lib/python3.10/site-packages/airflow/example_dags/example_dynamic_task_mapping.py took 0.082 seconds
[2025-08-19T17:35:04.335+0200] {processor.py:161} INFO - Started process (PID=14290) to work on /Users/ehabhasan/.venvs/airflow310/lib/python3.10/site-packages/airflow/example_dags/example_dynamic_task_mapping.py
[2025-08-19T17:35:04.335+0200] {processor.py:830} INFO - Processing file /Users/ehabhasan/.venvs/airflow310/lib/python3.10/site-packages/airflow/example_dags/example_dynamic_task_mapping.py for tasks to queue
[2025-08-19T17:35:04.335+0200] {logging_mixin.py:188} INFO - [2025-08-19T17:35:04.335+0200] {dagbag.py:545} INFO - Filling up the DagBag from /Users/ehabhasan/.venvs/airflow310/lib/python3.10/site-packages/airflow/example_dags/example_dynamic_task_mapping.py
[2025-08-19T17:35:04.349+0200] {processor.py:840} INFO - DAG(s) 'example_dynamic_task_mapping' retrieved from /Users/ehabhasan/.venvs/airflow310/lib/python3.10/site-packages/airflow/example_dags/example_dynamic_task_mapping.py
[2025-08-19T17:35:04.384+0200] {logging_mixin.py:188} INFO - [2025-08-19T17:35:04.384+0200] {dag.py:3089} INFO - Sync 1 DAGs
[2025-08-19T17:35:04.410+0200] {logging_mixin.py:188} INFO - [2025-08-19T17:35:04.410+0200] {dag.py:3947} INFO - Setting next_dagrun for example_dynamic_task_mapping to 2022-03-04 00:00:00+00:00, run_after=2022-03-05 00:00:00+00:00
[2025-08-19T17:35:04.416+0200] {processor.py:183} INFO - Processing /Users/ehabhasan/.venvs/airflow310/lib/python3.10/site-packages/airflow/example_dags/example_dynamic_task_mapping.py took 0.083 seconds
[2025-08-19T17:36:59.850+0200] {processor.py:161} INFO - Started process (PID=14516) to work on /Users/ehabhasan/.venvs/airflow310/lib/python3.10/site-packages/airflow/example_dags/example_dynamic_task_mapping.py
[2025-08-19T17:36:59.851+0200] {processor.py:830} INFO - Processing file /Users/ehabhasan/.venvs/airflow310/lib/python3.10/site-packages/airflow/example_dags/example_dynamic_task_mapping.py for tasks to queue
[2025-08-19T17:36:59.851+0200] {logging_mixin.py:188} INFO - [2025-08-19T17:36:59.851+0200] {dagbag.py:545} INFO - Filling up the DagBag from /Users/ehabhasan/.venvs/airflow310/lib/python3.10/site-packages/airflow/example_dags/example_dynamic_task_mapping.py
[2025-08-19T17:36:59.864+0200] {processor.py:840} INFO - DAG(s) 'example_dynamic_task_mapping' retrieved from /Users/ehabhasan/.venvs/airflow310/lib/python3.10/site-packages/airflow/example_dags/example_dynamic_task_mapping.py
[2025-08-19T17:36:59.899+0200] {logging_mixin.py:188} INFO - [2025-08-19T17:36:59.899+0200] {dag.py:3089} INFO - Sync 1 DAGs
[2025-08-19T17:36:59.924+0200] {logging_mixin.py:188} INFO - [2025-08-19T17:36:59.924+0200] {dag.py:3947} INFO - Setting next_dagrun for example_dynamic_task_mapping to 2022-03-04 00:00:00+00:00, run_after=2022-03-05 00:00:00+00:00
[2025-08-19T17:36:59.930+0200] {processor.py:183} INFO - Processing /Users/ehabhasan/.venvs/airflow310/lib/python3.10/site-packages/airflow/example_dags/example_dynamic_task_mapping.py took 0.082 seconds
[2025-08-19T17:38:59.836+0200] {processor.py:161} INFO - Started process (PID=14741) to work on /Users/ehabhasan/.venvs/airflow310/lib/python3.10/site-packages/airflow/example_dags/example_dynamic_task_mapping.py
[2025-08-19T17:38:59.837+0200] {processor.py:830} INFO - Processing file /Users/ehabhasan/.venvs/airflow310/lib/python3.10/site-packages/airflow/example_dags/example_dynamic_task_mapping.py for tasks to queue
[2025-08-19T17:38:59.837+0200] {logging_mixin.py:188} INFO - [2025-08-19T17:38:59.837+0200] {dagbag.py:545} INFO - Filling up the DagBag from /Users/ehabhasan/.venvs/airflow310/lib/python3.10/site-packages/airflow/example_dags/example_dynamic_task_mapping.py
[2025-08-19T17:38:59.850+0200] {processor.py:840} INFO - DAG(s) 'example_dynamic_task_mapping' retrieved from /Users/ehabhasan/.venvs/airflow310/lib/python3.10/site-packages/airflow/example_dags/example_dynamic_task_mapping.py
[2025-08-19T17:38:59.885+0200] {logging_mixin.py:188} INFO - [2025-08-19T17:38:59.885+0200] {dag.py:3089} INFO - Sync 1 DAGs
[2025-08-19T17:38:59.911+0200] {logging_mixin.py:188} INFO - [2025-08-19T17:38:59.911+0200] {dag.py:3947} INFO - Setting next_dagrun for example_dynamic_task_mapping to 2022-03-04 00:00:00+00:00, run_after=2022-03-05 00:00:00+00:00
[2025-08-19T17:38:59.917+0200] {processor.py:183} INFO - Processing /Users/ehabhasan/.venvs/airflow310/lib/python3.10/site-packages/airflow/example_dags/example_dynamic_task_mapping.py took 0.083 seconds
[2025-08-19T17:44:38.628+0200] {processor.py:161} INFO - Started process (PID=14920) to work on /Users/ehabhasan/.venvs/airflow310/lib/python3.10/site-packages/airflow/example_dags/example_dynamic_task_mapping.py
[2025-08-19T17:44:38.629+0200] {processor.py:830} INFO - Processing file /Users/ehabhasan/.venvs/airflow310/lib/python3.10/site-packages/airflow/example_dags/example_dynamic_task_mapping.py for tasks to queue
[2025-08-19T17:44:38.629+0200] {logging_mixin.py:188} INFO - [2025-08-19T17:44:38.629+0200] {dagbag.py:545} INFO - Filling up the DagBag from /Users/ehabhasan/.venvs/airflow310/lib/python3.10/site-packages/airflow/example_dags/example_dynamic_task_mapping.py
[2025-08-19T17:44:38.643+0200] {processor.py:840} INFO - DAG(s) 'example_dynamic_task_mapping' retrieved from /Users/ehabhasan/.venvs/airflow310/lib/python3.10/site-packages/airflow/example_dags/example_dynamic_task_mapping.py
[2025-08-19T17:44:38.678+0200] {logging_mixin.py:188} INFO - [2025-08-19T17:44:38.678+0200] {dag.py:3089} INFO - Sync 1 DAGs
[2025-08-19T17:44:38.704+0200] {logging_mixin.py:188} INFO - [2025-08-19T17:44:38.704+0200] {dag.py:3947} INFO - Setting next_dagrun for example_dynamic_task_mapping to 2022-03-04 00:00:00+00:00, run_after=2022-03-05 00:00:00+00:00
[2025-08-19T17:44:38.710+0200] {processor.py:183} INFO - Processing /Users/ehabhasan/.venvs/airflow310/lib/python3.10/site-packages/airflow/example_dags/example_dynamic_task_mapping.py took 0.084 seconds
[2025-08-19T17:46:38.335+0200] {processor.py:161} INFO - Started process (PID=15028) to work on /Users/ehabhasan/.venvs/airflow310/lib/python3.10/site-packages/airflow/example_dags/example_dynamic_task_mapping.py
[2025-08-19T17:46:38.336+0200] {processor.py:830} INFO - Processing file /Users/ehabhasan/.venvs/airflow310/lib/python3.10/site-packages/airflow/example_dags/example_dynamic_task_mapping.py for tasks to queue
[2025-08-19T17:46:38.336+0200] {logging_mixin.py:188} INFO - [2025-08-19T17:46:38.336+0200] {dagbag.py:545} INFO - Filling up the DagBag from /Users/ehabhasan/.venvs/airflow310/lib/python3.10/site-packages/airflow/example_dags/example_dynamic_task_mapping.py
[2025-08-19T17:46:38.349+0200] {processor.py:840} INFO - DAG(s) 'example_dynamic_task_mapping' retrieved from /Users/ehabhasan/.venvs/airflow310/lib/python3.10/site-packages/airflow/example_dags/example_dynamic_task_mapping.py
[2025-08-19T17:46:38.384+0200] {logging_mixin.py:188} INFO - [2025-08-19T17:46:38.384+0200] {dag.py:3089} INFO - Sync 1 DAGs
[2025-08-19T17:46:38.409+0200] {logging_mixin.py:188} INFO - [2025-08-19T17:46:38.409+0200] {dag.py:3947} INFO - Setting next_dagrun for example_dynamic_task_mapping to 2022-03-04 00:00:00+00:00, run_after=2022-03-05 00:00:00+00:00
[2025-08-19T17:46:38.416+0200] {processor.py:183} INFO - Processing /Users/ehabhasan/.venvs/airflow310/lib/python3.10/site-packages/airflow/example_dags/example_dynamic_task_mapping.py took 0.082 seconds
[2025-08-19T17:48:37.488+0200] {processor.py:161} INFO - Started process (PID=15120) to work on /Users/ehabhasan/.venvs/airflow310/lib/python3.10/site-packages/airflow/example_dags/example_dynamic_task_mapping.py
[2025-08-19T17:48:37.488+0200] {processor.py:830} INFO - Processing file /Users/ehabhasan/.venvs/airflow310/lib/python3.10/site-packages/airflow/example_dags/example_dynamic_task_mapping.py for tasks to queue
[2025-08-19T17:48:37.488+0200] {logging_mixin.py:188} INFO - [2025-08-19T17:48:37.488+0200] {dagbag.py:545} INFO - Filling up the DagBag from /Users/ehabhasan/.venvs/airflow310/lib/python3.10/site-packages/airflow/example_dags/example_dynamic_task_mapping.py
[2025-08-19T17:48:37.503+0200] {processor.py:840} INFO - DAG(s) 'example_dynamic_task_mapping' retrieved from /Users/ehabhasan/.venvs/airflow310/lib/python3.10/site-packages/airflow/example_dags/example_dynamic_task_mapping.py
[2025-08-19T17:48:37.538+0200] {logging_mixin.py:188} INFO - [2025-08-19T17:48:37.538+0200] {dag.py:3089} INFO - Sync 1 DAGs
[2025-08-19T17:48:37.563+0200] {logging_mixin.py:188} INFO - [2025-08-19T17:48:37.563+0200] {dag.py:3947} INFO - Setting next_dagrun for example_dynamic_task_mapping to 2022-03-04 00:00:00+00:00, run_after=2022-03-05 00:00:00+00:00
[2025-08-19T17:48:37.570+0200] {processor.py:183} INFO - Processing /Users/ehabhasan/.venvs/airflow310/lib/python3.10/site-packages/airflow/example_dags/example_dynamic_task_mapping.py took 0.084 seconds
