[2025-08-19T16:48:31.618+0200] {processor.py:161} INFO - Started process (PID=7644) to work on /Users/ehabhasan/.venvs/airflow310/lib/python3.10/site-packages/airflow/example_dags/example_python_decorator.py
[2025-08-19T16:48:31.618+0200] {processor.py:830} INFO - Processing file /Users/ehabhasan/.venvs/airflow310/lib/python3.10/site-packages/airflow/example_dags/example_python_decorator.py for tasks to queue
[2025-08-19T16:48:31.619+0200] {logging_mixin.py:188} INFO - [2025-08-19T16:48:31.619+0200] {dagbag.py:545} INFO - Filling up the DagBag from /Users/ehabhasan/.venvs/airflow310/lib/python3.10/site-packages/airflow/example_dags/example_python_decorator.py
[2025-08-19T16:48:31.633+0200] {logging_mixin.py:188} INFO - [2025-08-19T16:48:31.633+0200] {example_python_decorator.py:80} WARNING - The virtalenv_python example task requires virtualenv, please install it.
[2025-08-19T16:48:31.634+0200] {processor.py:840} INFO - DAG(s) 'example_python_decorator' retrieved from /Users/ehabhasan/.venvs/airflow310/lib/python3.10/site-packages/airflow/example_dags/example_python_decorator.py
[2025-08-19T16:48:31.717+0200] {logging_mixin.py:188} INFO - [2025-08-19T16:48:31.717+0200] {dag.py:3089} INFO - Sync 1 DAGs
[2025-08-19T16:48:31.720+0200] {logging_mixin.py:188} INFO - [2025-08-19T16:48:31.720+0200] {dag.py:3947} INFO - Setting next_dagrun for example_python_decorator to None, run_after=None
[2025-08-19T16:48:31.728+0200] {processor.py:183} INFO - Processing /Users/ehabhasan/.venvs/airflow310/lib/python3.10/site-packages/airflow/example_dags/example_python_decorator.py took 0.111 seconds
[2025-08-19T16:49:49.836+0200] {processor.py:161} INFO - Started process (PID=7703) to work on /Users/ehabhasan/.venvs/airflow310/lib/python3.10/site-packages/airflow/example_dags/example_python_decorator.py
[2025-08-19T16:49:49.837+0200] {processor.py:830} INFO - Processing file /Users/ehabhasan/.venvs/airflow310/lib/python3.10/site-packages/airflow/example_dags/example_python_decorator.py for tasks to queue
[2025-08-19T16:49:49.837+0200] {logging_mixin.py:188} INFO - [2025-08-19T16:49:49.837+0200] {dagbag.py:545} INFO - Filling up the DagBag from /Users/ehabhasan/.venvs/airflow310/lib/python3.10/site-packages/airflow/example_dags/example_python_decorator.py
[2025-08-19T16:49:49.852+0200] {logging_mixin.py:188} INFO - [2025-08-19T16:49:49.852+0200] {example_python_decorator.py:80} WARNING - The virtalenv_python example task requires virtualenv, please install it.
[2025-08-19T16:49:49.853+0200] {processor.py:840} INFO - DAG(s) 'example_python_decorator' retrieved from /Users/ehabhasan/.venvs/airflow310/lib/python3.10/site-packages/airflow/example_dags/example_python_decorator.py
[2025-08-19T16:49:49.890+0200] {logging_mixin.py:188} INFO - [2025-08-19T16:49:49.889+0200] {dag.py:3089} INFO - Sync 1 DAGs
[2025-08-19T16:49:49.913+0200] {logging_mixin.py:188} INFO - [2025-08-19T16:49:49.913+0200] {dag.py:3947} INFO - Setting next_dagrun for example_python_decorator to None, run_after=None
[2025-08-19T16:49:49.920+0200] {processor.py:183} INFO - Processing /Users/ehabhasan/.venvs/airflow310/lib/python3.10/site-packages/airflow/example_dags/example_python_decorator.py took 0.086 seconds
[2025-08-19T16:51:23.384+0200] {processor.py:161} INFO - Started process (PID=7773) to work on /Users/ehabhasan/.venvs/airflow310/lib/python3.10/site-packages/airflow/example_dags/example_python_decorator.py
[2025-08-19T16:51:23.385+0200] {processor.py:830} INFO - Processing file /Users/ehabhasan/.venvs/airflow310/lib/python3.10/site-packages/airflow/example_dags/example_python_decorator.py for tasks to queue
[2025-08-19T16:51:23.385+0200] {logging_mixin.py:188} INFO - [2025-08-19T16:51:23.385+0200] {dagbag.py:545} INFO - Filling up the DagBag from /Users/ehabhasan/.venvs/airflow310/lib/python3.10/site-packages/airflow/example_dags/example_python_decorator.py
[2025-08-19T16:51:23.399+0200] {logging_mixin.py:188} INFO - [2025-08-19T16:51:23.399+0200] {example_python_decorator.py:80} WARNING - The virtalenv_python example task requires virtualenv, please install it.
[2025-08-19T16:51:23.399+0200] {processor.py:840} INFO - DAG(s) 'example_python_decorator' retrieved from /Users/ehabhasan/.venvs/airflow310/lib/python3.10/site-packages/airflow/example_dags/example_python_decorator.py
[2025-08-19T16:51:23.434+0200] {logging_mixin.py:188} INFO - [2025-08-19T16:51:23.433+0200] {dag.py:3089} INFO - Sync 1 DAGs
[2025-08-19T16:51:23.457+0200] {logging_mixin.py:188} INFO - [2025-08-19T16:51:23.457+0200] {dag.py:3947} INFO - Setting next_dagrun for example_python_decorator to None, run_after=None
[2025-08-19T16:51:23.463+0200] {processor.py:183} INFO - Processing /Users/ehabhasan/.venvs/airflow310/lib/python3.10/site-packages/airflow/example_dags/example_python_decorator.py took 0.081 seconds
[2025-08-19T16:53:03.624+0200] {processor.py:161} INFO - Started process (PID=7849) to work on /Users/ehabhasan/.venvs/airflow310/lib/python3.10/site-packages/airflow/example_dags/example_python_decorator.py
[2025-08-19T16:53:03.624+0200] {processor.py:830} INFO - Processing file /Users/ehabhasan/.venvs/airflow310/lib/python3.10/site-packages/airflow/example_dags/example_python_decorator.py for tasks to queue
[2025-08-19T16:53:03.624+0200] {logging_mixin.py:188} INFO - [2025-08-19T16:53:03.624+0200] {dagbag.py:545} INFO - Filling up the DagBag from /Users/ehabhasan/.venvs/airflow310/lib/python3.10/site-packages/airflow/example_dags/example_python_decorator.py
[2025-08-19T16:53:03.637+0200] {logging_mixin.py:188} INFO - [2025-08-19T16:53:03.637+0200] {example_python_decorator.py:80} WARNING - The virtalenv_python example task requires virtualenv, please install it.
[2025-08-19T16:53:03.638+0200] {processor.py:840} INFO - DAG(s) 'example_python_decorator' retrieved from /Users/ehabhasan/.venvs/airflow310/lib/python3.10/site-packages/airflow/example_dags/example_python_decorator.py
[2025-08-19T16:53:03.673+0200] {logging_mixin.py:188} INFO - [2025-08-19T16:53:03.673+0200] {dag.py:3089} INFO - Sync 1 DAGs
[2025-08-19T16:53:03.696+0200] {logging_mixin.py:188} INFO - [2025-08-19T16:53:03.696+0200] {dag.py:3947} INFO - Setting next_dagrun for example_python_decorator to None, run_after=None
[2025-08-19T16:53:03.703+0200] {processor.py:183} INFO - Processing /Users/ehabhasan/.venvs/airflow310/lib/python3.10/site-packages/airflow/example_dags/example_python_decorator.py took 0.081 seconds
[2025-08-19T16:54:40.026+0200] {processor.py:161} INFO - Started process (PID=7956) to work on /Users/ehabhasan/.venvs/airflow310/lib/python3.10/site-packages/airflow/example_dags/example_python_decorator.py
[2025-08-19T16:54:40.027+0200] {processor.py:830} INFO - Processing file /Users/ehabhasan/.venvs/airflow310/lib/python3.10/site-packages/airflow/example_dags/example_python_decorator.py for tasks to queue
[2025-08-19T16:54:40.028+0200] {logging_mixin.py:188} INFO - [2025-08-19T16:54:40.028+0200] {dagbag.py:545} INFO - Filling up the DagBag from /Users/ehabhasan/.venvs/airflow310/lib/python3.10/site-packages/airflow/example_dags/example_python_decorator.py
[2025-08-19T16:54:40.041+0200] {logging_mixin.py:188} INFO - [2025-08-19T16:54:40.041+0200] {example_python_decorator.py:80} WARNING - The virtalenv_python example task requires virtualenv, please install it.
[2025-08-19T16:54:40.041+0200] {processor.py:840} INFO - DAG(s) 'example_python_decorator' retrieved from /Users/ehabhasan/.venvs/airflow310/lib/python3.10/site-packages/airflow/example_dags/example_python_decorator.py
[2025-08-19T16:54:40.076+0200] {logging_mixin.py:188} INFO - [2025-08-19T16:54:40.076+0200] {dag.py:3089} INFO - Sync 1 DAGs
[2025-08-19T16:54:40.099+0200] {logging_mixin.py:188} INFO - [2025-08-19T16:54:40.098+0200] {dag.py:3947} INFO - Setting next_dagrun for example_python_decorator to None, run_after=None
[2025-08-19T16:54:40.105+0200] {processor.py:183} INFO - Processing /Users/ehabhasan/.venvs/airflow310/lib/python3.10/site-packages/airflow/example_dags/example_python_decorator.py took 0.080 seconds
[2025-08-19T16:56:19.360+0200] {processor.py:161} INFO - Started process (PID=8029) to work on /Users/ehabhasan/.venvs/airflow310/lib/python3.10/site-packages/airflow/example_dags/example_python_decorator.py
[2025-08-19T16:56:19.360+0200] {processor.py:830} INFO - Processing file /Users/ehabhasan/.venvs/airflow310/lib/python3.10/site-packages/airflow/example_dags/example_python_decorator.py for tasks to queue
[2025-08-19T16:56:19.360+0200] {logging_mixin.py:188} INFO - [2025-08-19T16:56:19.360+0200] {dagbag.py:545} INFO - Filling up the DagBag from /Users/ehabhasan/.venvs/airflow310/lib/python3.10/site-packages/airflow/example_dags/example_python_decorator.py
[2025-08-19T16:56:19.374+0200] {logging_mixin.py:188} INFO - [2025-08-19T16:56:19.374+0200] {example_python_decorator.py:80} WARNING - The virtalenv_python example task requires virtualenv, please install it.
[2025-08-19T16:56:19.374+0200] {processor.py:840} INFO - DAG(s) 'example_python_decorator' retrieved from /Users/ehabhasan/.venvs/airflow310/lib/python3.10/site-packages/airflow/example_dags/example_python_decorator.py
[2025-08-19T16:56:19.410+0200] {logging_mixin.py:188} INFO - [2025-08-19T16:56:19.410+0200] {dag.py:3089} INFO - Sync 1 DAGs
[2025-08-19T16:56:19.434+0200] {logging_mixin.py:188} INFO - [2025-08-19T16:56:19.434+0200] {dag.py:3947} INFO - Setting next_dagrun for example_python_decorator to None, run_after=None
[2025-08-19T16:56:19.440+0200] {processor.py:183} INFO - Processing /Users/ehabhasan/.venvs/airflow310/lib/python3.10/site-packages/airflow/example_dags/example_python_decorator.py took 0.082 seconds
[2025-08-19T16:58:02.429+0200] {processor.py:161} INFO - Started process (PID=8106) to work on /Users/ehabhasan/.venvs/airflow310/lib/python3.10/site-packages/airflow/example_dags/example_python_decorator.py
[2025-08-19T16:58:02.430+0200] {processor.py:830} INFO - Processing file /Users/ehabhasan/.venvs/airflow310/lib/python3.10/site-packages/airflow/example_dags/example_python_decorator.py for tasks to queue
[2025-08-19T16:58:02.430+0200] {logging_mixin.py:188} INFO - [2025-08-19T16:58:02.430+0200] {dagbag.py:545} INFO - Filling up the DagBag from /Users/ehabhasan/.venvs/airflow310/lib/python3.10/site-packages/airflow/example_dags/example_python_decorator.py
[2025-08-19T16:58:02.443+0200] {logging_mixin.py:188} INFO - [2025-08-19T16:58:02.443+0200] {example_python_decorator.py:80} WARNING - The virtalenv_python example task requires virtualenv, please install it.
[2025-08-19T16:58:02.444+0200] {processor.py:840} INFO - DAG(s) 'example_python_decorator' retrieved from /Users/ehabhasan/.venvs/airflow310/lib/python3.10/site-packages/airflow/example_dags/example_python_decorator.py
[2025-08-19T16:58:02.479+0200] {logging_mixin.py:188} INFO - [2025-08-19T16:58:02.479+0200] {dag.py:3089} INFO - Sync 1 DAGs
[2025-08-19T16:58:02.503+0200] {logging_mixin.py:188} INFO - [2025-08-19T16:58:02.502+0200] {dag.py:3947} INFO - Setting next_dagrun for example_python_decorator to None, run_after=None
[2025-08-19T16:58:02.509+0200] {processor.py:183} INFO - Processing /Users/ehabhasan/.venvs/airflow310/lib/python3.10/site-packages/airflow/example_dags/example_python_decorator.py took 0.082 seconds
[2025-08-19T17:00:12.319+0200] {processor.py:161} INFO - Started process (PID=8217) to work on /Users/ehabhasan/.venvs/airflow310/lib/python3.10/site-packages/airflow/example_dags/example_python_decorator.py
[2025-08-19T17:00:12.320+0200] {processor.py:830} INFO - Processing file /Users/ehabhasan/.venvs/airflow310/lib/python3.10/site-packages/airflow/example_dags/example_python_decorator.py for tasks to queue
[2025-08-19T17:00:12.320+0200] {logging_mixin.py:188} INFO - [2025-08-19T17:00:12.320+0200] {dagbag.py:545} INFO - Filling up the DagBag from /Users/ehabhasan/.venvs/airflow310/lib/python3.10/site-packages/airflow/example_dags/example_python_decorator.py
[2025-08-19T17:00:12.334+0200] {logging_mixin.py:188} INFO - [2025-08-19T17:00:12.334+0200] {example_python_decorator.py:80} WARNING - The virtalenv_python example task requires virtualenv, please install it.
[2025-08-19T17:00:12.334+0200] {processor.py:840} INFO - DAG(s) 'example_python_decorator' retrieved from /Users/ehabhasan/.venvs/airflow310/lib/python3.10/site-packages/airflow/example_dags/example_python_decorator.py
[2025-08-19T17:00:12.369+0200] {logging_mixin.py:188} INFO - [2025-08-19T17:00:12.369+0200] {dag.py:3089} INFO - Sync 1 DAGs
[2025-08-19T17:00:12.394+0200] {logging_mixin.py:188} INFO - [2025-08-19T17:00:12.394+0200] {dag.py:3947} INFO - Setting next_dagrun for example_python_decorator to None, run_after=None
[2025-08-19T17:00:12.401+0200] {processor.py:183} INFO - Processing /Users/ehabhasan/.venvs/airflow310/lib/python3.10/site-packages/airflow/example_dags/example_python_decorator.py took 0.083 seconds
[2025-08-19T17:02:01.067+0200] {processor.py:161} INFO - Started process (PID=8301) to work on /Users/ehabhasan/.venvs/airflow310/lib/python3.10/site-packages/airflow/example_dags/example_python_decorator.py
[2025-08-19T17:02:01.067+0200] {processor.py:830} INFO - Processing file /Users/ehabhasan/.venvs/airflow310/lib/python3.10/site-packages/airflow/example_dags/example_python_decorator.py for tasks to queue
[2025-08-19T17:02:01.068+0200] {logging_mixin.py:188} INFO - [2025-08-19T17:02:01.067+0200] {dagbag.py:545} INFO - Filling up the DagBag from /Users/ehabhasan/.venvs/airflow310/lib/python3.10/site-packages/airflow/example_dags/example_python_decorator.py
[2025-08-19T17:02:01.081+0200] {logging_mixin.py:188} INFO - [2025-08-19T17:02:01.081+0200] {example_python_decorator.py:80} WARNING - The virtalenv_python example task requires virtualenv, please install it.
[2025-08-19T17:02:01.081+0200] {processor.py:840} INFO - DAG(s) 'example_python_decorator' retrieved from /Users/ehabhasan/.venvs/airflow310/lib/python3.10/site-packages/airflow/example_dags/example_python_decorator.py
[2025-08-19T17:02:01.116+0200] {logging_mixin.py:188} INFO - [2025-08-19T17:02:01.116+0200] {dag.py:3089} INFO - Sync 1 DAGs
[2025-08-19T17:02:01.139+0200] {logging_mixin.py:188} INFO - [2025-08-19T17:02:01.139+0200] {dag.py:3947} INFO - Setting next_dagrun for example_python_decorator to None, run_after=None
[2025-08-19T17:02:01.146+0200] {processor.py:183} INFO - Processing /Users/ehabhasan/.venvs/airflow310/lib/python3.10/site-packages/airflow/example_dags/example_python_decorator.py took 0.080 seconds
[2025-08-19T17:03:38.310+0200] {processor.py:161} INFO - Started process (PID=8674) to work on /Users/ehabhasan/.venvs/airflow310/lib/python3.10/site-packages/airflow/example_dags/example_python_decorator.py
[2025-08-19T17:03:38.311+0200] {processor.py:830} INFO - Processing file /Users/ehabhasan/.venvs/airflow310/lib/python3.10/site-packages/airflow/example_dags/example_python_decorator.py for tasks to queue
[2025-08-19T17:03:38.311+0200] {logging_mixin.py:188} INFO - [2025-08-19T17:03:38.311+0200] {dagbag.py:545} INFO - Filling up the DagBag from /Users/ehabhasan/.venvs/airflow310/lib/python3.10/site-packages/airflow/example_dags/example_python_decorator.py
[2025-08-19T17:03:38.324+0200] {logging_mixin.py:188} INFO - [2025-08-19T17:03:38.324+0200] {example_python_decorator.py:80} WARNING - The virtalenv_python example task requires virtualenv, please install it.
[2025-08-19T17:03:38.325+0200] {processor.py:840} INFO - DAG(s) 'example_python_decorator' retrieved from /Users/ehabhasan/.venvs/airflow310/lib/python3.10/site-packages/airflow/example_dags/example_python_decorator.py
[2025-08-19T17:03:38.361+0200] {logging_mixin.py:188} INFO - [2025-08-19T17:03:38.361+0200] {dag.py:3089} INFO - Sync 1 DAGs
[2025-08-19T17:03:38.393+0200] {logging_mixin.py:188} INFO - [2025-08-19T17:03:38.392+0200] {dag.py:3947} INFO - Setting next_dagrun for example_python_decorator to None, run_after=None
[2025-08-19T17:03:38.400+0200] {processor.py:183} INFO - Processing /Users/ehabhasan/.venvs/airflow310/lib/python3.10/site-packages/airflow/example_dags/example_python_decorator.py took 0.091 seconds
[2025-08-19T17:05:18.415+0200] {processor.py:161} INFO - Started process (PID=8982) to work on /Users/ehabhasan/.venvs/airflow310/lib/python3.10/site-packages/airflow/example_dags/example_python_decorator.py
[2025-08-19T17:05:18.415+0200] {processor.py:830} INFO - Processing file /Users/ehabhasan/.venvs/airflow310/lib/python3.10/site-packages/airflow/example_dags/example_python_decorator.py for tasks to queue
[2025-08-19T17:05:18.415+0200] {logging_mixin.py:188} INFO - [2025-08-19T17:05:18.415+0200] {dagbag.py:545} INFO - Filling up the DagBag from /Users/ehabhasan/.venvs/airflow310/lib/python3.10/site-packages/airflow/example_dags/example_python_decorator.py
[2025-08-19T17:05:18.429+0200] {logging_mixin.py:188} INFO - [2025-08-19T17:05:18.429+0200] {example_python_decorator.py:80} WARNING - The virtalenv_python example task requires virtualenv, please install it.
[2025-08-19T17:05:18.430+0200] {processor.py:840} INFO - DAG(s) 'example_python_decorator' retrieved from /Users/ehabhasan/.venvs/airflow310/lib/python3.10/site-packages/airflow/example_dags/example_python_decorator.py
[2025-08-19T17:05:18.467+0200] {logging_mixin.py:188} INFO - [2025-08-19T17:05:18.467+0200] {dag.py:3089} INFO - Sync 1 DAGs
[2025-08-19T17:05:18.492+0200] {logging_mixin.py:188} INFO - [2025-08-19T17:05:18.492+0200] {dag.py:3947} INFO - Setting next_dagrun for example_python_decorator to None, run_after=None
[2025-08-19T17:05:18.499+0200] {processor.py:183} INFO - Processing /Users/ehabhasan/.venvs/airflow310/lib/python3.10/site-packages/airflow/example_dags/example_python_decorator.py took 0.086 seconds
[2025-08-19T17:07:06.602+0200] {processor.py:161} INFO - Started process (PID=9469) to work on /Users/ehabhasan/.venvs/airflow310/lib/python3.10/site-packages/airflow/example_dags/example_python_decorator.py
[2025-08-19T17:07:06.603+0200] {processor.py:830} INFO - Processing file /Users/ehabhasan/.venvs/airflow310/lib/python3.10/site-packages/airflow/example_dags/example_python_decorator.py for tasks to queue
[2025-08-19T17:07:06.603+0200] {logging_mixin.py:188} INFO - [2025-08-19T17:07:06.603+0200] {dagbag.py:545} INFO - Filling up the DagBag from /Users/ehabhasan/.venvs/airflow310/lib/python3.10/site-packages/airflow/example_dags/example_python_decorator.py
[2025-08-19T17:07:06.616+0200] {logging_mixin.py:188} INFO - [2025-08-19T17:07:06.616+0200] {example_python_decorator.py:80} WARNING - The virtalenv_python example task requires virtualenv, please install it.
[2025-08-19T17:07:06.617+0200] {processor.py:840} INFO - DAG(s) 'example_python_decorator' retrieved from /Users/ehabhasan/.venvs/airflow310/lib/python3.10/site-packages/airflow/example_dags/example_python_decorator.py
[2025-08-19T17:07:06.653+0200] {logging_mixin.py:188} INFO - [2025-08-19T17:07:06.653+0200] {dag.py:3089} INFO - Sync 1 DAGs
[2025-08-19T17:07:06.676+0200] {logging_mixin.py:188} INFO - [2025-08-19T17:07:06.676+0200] {dag.py:3947} INFO - Setting next_dagrun for example_python_decorator to None, run_after=None
[2025-08-19T17:07:06.683+0200] {processor.py:183} INFO - Processing /Users/ehabhasan/.venvs/airflow310/lib/python3.10/site-packages/airflow/example_dags/example_python_decorator.py took 0.083 seconds
[2025-08-19T17:08:52.684+0200] {processor.py:161} INFO - Started process (PID=10170) to work on /Users/ehabhasan/.venvs/airflow310/lib/python3.10/site-packages/airflow/example_dags/example_python_decorator.py
[2025-08-19T17:08:52.685+0200] {processor.py:830} INFO - Processing file /Users/ehabhasan/.venvs/airflow310/lib/python3.10/site-packages/airflow/example_dags/example_python_decorator.py for tasks to queue
[2025-08-19T17:08:52.685+0200] {logging_mixin.py:188} INFO - [2025-08-19T17:08:52.685+0200] {dagbag.py:545} INFO - Filling up the DagBag from /Users/ehabhasan/.venvs/airflow310/lib/python3.10/site-packages/airflow/example_dags/example_python_decorator.py
[2025-08-19T17:08:52.698+0200] {logging_mixin.py:188} INFO - [2025-08-19T17:08:52.698+0200] {example_python_decorator.py:80} WARNING - The virtalenv_python example task requires virtualenv, please install it.
[2025-08-19T17:08:52.699+0200] {processor.py:840} INFO - DAG(s) 'example_python_decorator' retrieved from /Users/ehabhasan/.venvs/airflow310/lib/python3.10/site-packages/airflow/example_dags/example_python_decorator.py
[2025-08-19T17:08:52.734+0200] {logging_mixin.py:188} INFO - [2025-08-19T17:08:52.734+0200] {dag.py:3089} INFO - Sync 1 DAGs
[2025-08-19T17:08:52.758+0200] {logging_mixin.py:188} INFO - [2025-08-19T17:08:52.757+0200] {dag.py:3947} INFO - Setting next_dagrun for example_python_decorator to None, run_after=None
[2025-08-19T17:08:52.764+0200] {processor.py:183} INFO - Processing /Users/ehabhasan/.venvs/airflow310/lib/python3.10/site-packages/airflow/example_dags/example_python_decorator.py took 0.082 seconds
[2025-08-19T17:10:41.991+0200] {processor.py:161} INFO - Started process (PID=10283) to work on /Users/ehabhasan/.venvs/airflow310/lib/python3.10/site-packages/airflow/example_dags/example_python_decorator.py
[2025-08-19T17:10:41.992+0200] {processor.py:830} INFO - Processing file /Users/ehabhasan/.venvs/airflow310/lib/python3.10/site-packages/airflow/example_dags/example_python_decorator.py for tasks to queue
[2025-08-19T17:10:41.992+0200] {logging_mixin.py:188} INFO - [2025-08-19T17:10:41.992+0200] {dagbag.py:545} INFO - Filling up the DagBag from /Users/ehabhasan/.venvs/airflow310/lib/python3.10/site-packages/airflow/example_dags/example_python_decorator.py
[2025-08-19T17:10:42.006+0200] {logging_mixin.py:188} INFO - [2025-08-19T17:10:42.005+0200] {example_python_decorator.py:80} WARNING - The virtalenv_python example task requires virtualenv, please install it.
[2025-08-19T17:10:42.006+0200] {processor.py:840} INFO - DAG(s) 'example_python_decorator' retrieved from /Users/ehabhasan/.venvs/airflow310/lib/python3.10/site-packages/airflow/example_dags/example_python_decorator.py
[2025-08-19T17:10:42.043+0200] {logging_mixin.py:188} INFO - [2025-08-19T17:10:42.043+0200] {dag.py:3089} INFO - Sync 1 DAGs
[2025-08-19T17:10:42.068+0200] {logging_mixin.py:188} INFO - [2025-08-19T17:10:42.068+0200] {dag.py:3947} INFO - Setting next_dagrun for example_python_decorator to None, run_after=None
[2025-08-19T17:10:42.075+0200] {processor.py:183} INFO - Processing /Users/ehabhasan/.venvs/airflow310/lib/python3.10/site-packages/airflow/example_dags/example_python_decorator.py took 0.085 seconds
[2025-08-19T17:12:32.301+0200] {processor.py:161} INFO - Started process (PID=10377) to work on /Users/ehabhasan/.venvs/airflow310/lib/python3.10/site-packages/airflow/example_dags/example_python_decorator.py
[2025-08-19T17:12:32.301+0200] {processor.py:830} INFO - Processing file /Users/ehabhasan/.venvs/airflow310/lib/python3.10/site-packages/airflow/example_dags/example_python_decorator.py for tasks to queue
[2025-08-19T17:12:32.302+0200] {logging_mixin.py:188} INFO - [2025-08-19T17:12:32.301+0200] {dagbag.py:545} INFO - Filling up the DagBag from /Users/ehabhasan/.venvs/airflow310/lib/python3.10/site-packages/airflow/example_dags/example_python_decorator.py
[2025-08-19T17:12:32.314+0200] {logging_mixin.py:188} INFO - [2025-08-19T17:12:32.314+0200] {example_python_decorator.py:80} WARNING - The virtalenv_python example task requires virtualenv, please install it.
[2025-08-19T17:12:32.315+0200] {processor.py:840} INFO - DAG(s) 'example_python_decorator' retrieved from /Users/ehabhasan/.venvs/airflow310/lib/python3.10/site-packages/airflow/example_dags/example_python_decorator.py
[2025-08-19T17:12:32.350+0200] {logging_mixin.py:188} INFO - [2025-08-19T17:12:32.350+0200] {dag.py:3089} INFO - Sync 1 DAGs
[2025-08-19T17:12:32.373+0200] {logging_mixin.py:188} INFO - [2025-08-19T17:12:32.373+0200] {dag.py:3947} INFO - Setting next_dagrun for example_python_decorator to None, run_after=None
[2025-08-19T17:12:32.380+0200] {processor.py:183} INFO - Processing /Users/ehabhasan/.venvs/airflow310/lib/python3.10/site-packages/airflow/example_dags/example_python_decorator.py took 0.081 seconds
[2025-08-19T17:14:24.201+0200] {processor.py:161} INFO - Started process (PID=10494) to work on /Users/ehabhasan/.venvs/airflow310/lib/python3.10/site-packages/airflow/example_dags/example_python_decorator.py
[2025-08-19T17:14:24.201+0200] {processor.py:830} INFO - Processing file /Users/ehabhasan/.venvs/airflow310/lib/python3.10/site-packages/airflow/example_dags/example_python_decorator.py for tasks to queue
[2025-08-19T17:14:24.201+0200] {logging_mixin.py:188} INFO - [2025-08-19T17:14:24.201+0200] {dagbag.py:545} INFO - Filling up the DagBag from /Users/ehabhasan/.venvs/airflow310/lib/python3.10/site-packages/airflow/example_dags/example_python_decorator.py
[2025-08-19T17:14:24.215+0200] {logging_mixin.py:188} INFO - [2025-08-19T17:14:24.214+0200] {example_python_decorator.py:80} WARNING - The virtalenv_python example task requires virtualenv, please install it.
[2025-08-19T17:14:24.215+0200] {processor.py:840} INFO - DAG(s) 'example_python_decorator' retrieved from /Users/ehabhasan/.venvs/airflow310/lib/python3.10/site-packages/airflow/example_dags/example_python_decorator.py
[2025-08-19T17:14:24.250+0200] {logging_mixin.py:188} INFO - [2025-08-19T17:14:24.250+0200] {dag.py:3089} INFO - Sync 1 DAGs
[2025-08-19T17:14:24.274+0200] {logging_mixin.py:188} INFO - [2025-08-19T17:14:24.273+0200] {dag.py:3947} INFO - Setting next_dagrun for example_python_decorator to None, run_after=None
[2025-08-19T17:14:24.280+0200] {processor.py:183} INFO - Processing /Users/ehabhasan/.venvs/airflow310/lib/python3.10/site-packages/airflow/example_dags/example_python_decorator.py took 0.081 seconds
[2025-08-19T17:16:15.783+0200] {processor.py:161} INFO - Started process (PID=10806) to work on /Users/ehabhasan/.venvs/airflow310/lib/python3.10/site-packages/airflow/example_dags/example_python_decorator.py
[2025-08-19T17:16:15.784+0200] {processor.py:830} INFO - Processing file /Users/ehabhasan/.venvs/airflow310/lib/python3.10/site-packages/airflow/example_dags/example_python_decorator.py for tasks to queue
[2025-08-19T17:16:15.784+0200] {logging_mixin.py:188} INFO - [2025-08-19T17:16:15.784+0200] {dagbag.py:545} INFO - Filling up the DagBag from /Users/ehabhasan/.venvs/airflow310/lib/python3.10/site-packages/airflow/example_dags/example_python_decorator.py
[2025-08-19T17:16:15.798+0200] {logging_mixin.py:188} INFO - [2025-08-19T17:16:15.797+0200] {example_python_decorator.py:80} WARNING - The virtalenv_python example task requires virtualenv, please install it.
[2025-08-19T17:16:15.798+0200] {processor.py:840} INFO - DAG(s) 'example_python_decorator' retrieved from /Users/ehabhasan/.venvs/airflow310/lib/python3.10/site-packages/airflow/example_dags/example_python_decorator.py
[2025-08-19T17:16:15.834+0200] {logging_mixin.py:188} INFO - [2025-08-19T17:16:15.834+0200] {dag.py:3089} INFO - Sync 1 DAGs
[2025-08-19T17:16:15.857+0200] {logging_mixin.py:188} INFO - [2025-08-19T17:16:15.857+0200] {dag.py:3947} INFO - Setting next_dagrun for example_python_decorator to None, run_after=None
[2025-08-19T17:16:15.864+0200] {processor.py:183} INFO - Processing /Users/ehabhasan/.venvs/airflow310/lib/python3.10/site-packages/airflow/example_dags/example_python_decorator.py took 0.082 seconds
[2025-08-19T17:18:08.894+0200] {processor.py:161} INFO - Started process (PID=11481) to work on /Users/ehabhasan/.venvs/airflow310/lib/python3.10/site-packages/airflow/example_dags/example_python_decorator.py
[2025-08-19T17:18:08.896+0200] {processor.py:830} INFO - Processing file /Users/ehabhasan/.venvs/airflow310/lib/python3.10/site-packages/airflow/example_dags/example_python_decorator.py for tasks to queue
[2025-08-19T17:18:08.896+0200] {logging_mixin.py:188} INFO - [2025-08-19T17:18:08.896+0200] {dagbag.py:545} INFO - Filling up the DagBag from /Users/ehabhasan/.venvs/airflow310/lib/python3.10/site-packages/airflow/example_dags/example_python_decorator.py
[2025-08-19T17:18:08.909+0200] {logging_mixin.py:188} INFO - [2025-08-19T17:18:08.909+0200] {example_python_decorator.py:80} WARNING - The virtalenv_python example task requires virtualenv, please install it.
[2025-08-19T17:18:08.910+0200] {processor.py:840} INFO - DAG(s) 'example_python_decorator' retrieved from /Users/ehabhasan/.venvs/airflow310/lib/python3.10/site-packages/airflow/example_dags/example_python_decorator.py
[2025-08-19T17:18:08.945+0200] {logging_mixin.py:188} INFO - [2025-08-19T17:18:08.945+0200] {dag.py:3089} INFO - Sync 1 DAGs
[2025-08-19T17:18:08.969+0200] {logging_mixin.py:188} INFO - [2025-08-19T17:18:08.969+0200] {dag.py:3947} INFO - Setting next_dagrun for example_python_decorator to None, run_after=None
[2025-08-19T17:18:08.976+0200] {processor.py:183} INFO - Processing /Users/ehabhasan/.venvs/airflow310/lib/python3.10/site-packages/airflow/example_dags/example_python_decorator.py took 0.084 seconds
[2025-08-19T17:19:53.429+0200] {processor.py:161} INFO - Started process (PID=11582) to work on /Users/ehabhasan/.venvs/airflow310/lib/python3.10/site-packages/airflow/example_dags/example_python_decorator.py
[2025-08-19T17:19:53.429+0200] {processor.py:830} INFO - Processing file /Users/ehabhasan/.venvs/airflow310/lib/python3.10/site-packages/airflow/example_dags/example_python_decorator.py for tasks to queue
[2025-08-19T17:19:53.429+0200] {logging_mixin.py:188} INFO - [2025-08-19T17:19:53.429+0200] {dagbag.py:545} INFO - Filling up the DagBag from /Users/ehabhasan/.venvs/airflow310/lib/python3.10/site-packages/airflow/example_dags/example_python_decorator.py
[2025-08-19T17:19:53.443+0200] {logging_mixin.py:188} INFO - [2025-08-19T17:19:53.443+0200] {example_python_decorator.py:80} WARNING - The virtalenv_python example task requires virtualenv, please install it.
[2025-08-19T17:19:53.444+0200] {processor.py:840} INFO - DAG(s) 'example_python_decorator' retrieved from /Users/ehabhasan/.venvs/airflow310/lib/python3.10/site-packages/airflow/example_dags/example_python_decorator.py
[2025-08-19T17:19:53.479+0200] {logging_mixin.py:188} INFO - [2025-08-19T17:19:53.479+0200] {dag.py:3089} INFO - Sync 1 DAGs
[2025-08-19T17:19:53.506+0200] {logging_mixin.py:188} INFO - [2025-08-19T17:19:53.506+0200] {dag.py:3947} INFO - Setting next_dagrun for example_python_decorator to None, run_after=None
[2025-08-19T17:19:53.513+0200] {processor.py:183} INFO - Processing /Users/ehabhasan/.venvs/airflow310/lib/python3.10/site-packages/airflow/example_dags/example_python_decorator.py took 0.086 seconds
[2025-08-19T17:21:35.774+0200] {processor.py:161} INFO - Started process (PID=11653) to work on /Users/ehabhasan/.venvs/airflow310/lib/python3.10/site-packages/airflow/example_dags/example_python_decorator.py
[2025-08-19T17:21:35.774+0200] {processor.py:830} INFO - Processing file /Users/ehabhasan/.venvs/airflow310/lib/python3.10/site-packages/airflow/example_dags/example_python_decorator.py for tasks to queue
[2025-08-19T17:21:35.775+0200] {logging_mixin.py:188} INFO - [2025-08-19T17:21:35.774+0200] {dagbag.py:545} INFO - Filling up the DagBag from /Users/ehabhasan/.venvs/airflow310/lib/python3.10/site-packages/airflow/example_dags/example_python_decorator.py
[2025-08-19T17:21:35.788+0200] {logging_mixin.py:188} INFO - [2025-08-19T17:21:35.788+0200] {example_python_decorator.py:80} WARNING - The virtalenv_python example task requires virtualenv, please install it.
[2025-08-19T17:21:35.789+0200] {processor.py:840} INFO - DAG(s) 'example_python_decorator' retrieved from /Users/ehabhasan/.venvs/airflow310/lib/python3.10/site-packages/airflow/example_dags/example_python_decorator.py
[2025-08-19T17:21:35.825+0200] {logging_mixin.py:188} INFO - [2025-08-19T17:21:35.825+0200] {dag.py:3089} INFO - Sync 1 DAGs
[2025-08-19T17:21:35.848+0200] {logging_mixin.py:188} INFO - [2025-08-19T17:21:35.848+0200] {dag.py:3947} INFO - Setting next_dagrun for example_python_decorator to None, run_after=None
[2025-08-19T17:21:35.855+0200] {processor.py:183} INFO - Processing /Users/ehabhasan/.venvs/airflow310/lib/python3.10/site-packages/airflow/example_dags/example_python_decorator.py took 0.083 seconds
[2025-08-19T17:23:27.311+0200] {processor.py:161} INFO - Started process (PID=11730) to work on /Users/ehabhasan/.venvs/airflow310/lib/python3.10/site-packages/airflow/example_dags/example_python_decorator.py
[2025-08-19T17:23:27.312+0200] {processor.py:830} INFO - Processing file /Users/ehabhasan/.venvs/airflow310/lib/python3.10/site-packages/airflow/example_dags/example_python_decorator.py for tasks to queue
[2025-08-19T17:23:27.312+0200] {logging_mixin.py:188} INFO - [2025-08-19T17:23:27.312+0200] {dagbag.py:545} INFO - Filling up the DagBag from /Users/ehabhasan/.venvs/airflow310/lib/python3.10/site-packages/airflow/example_dags/example_python_decorator.py
[2025-08-19T17:23:27.325+0200] {logging_mixin.py:188} INFO - [2025-08-19T17:23:27.325+0200] {example_python_decorator.py:80} WARNING - The virtalenv_python example task requires virtualenv, please install it.
[2025-08-19T17:23:27.326+0200] {processor.py:840} INFO - DAG(s) 'example_python_decorator' retrieved from /Users/ehabhasan/.venvs/airflow310/lib/python3.10/site-packages/airflow/example_dags/example_python_decorator.py
[2025-08-19T17:23:27.362+0200] {logging_mixin.py:188} INFO - [2025-08-19T17:23:27.361+0200] {dag.py:3089} INFO - Sync 1 DAGs
[2025-08-19T17:23:27.384+0200] {logging_mixin.py:188} INFO - [2025-08-19T17:23:27.384+0200] {dag.py:3947} INFO - Setting next_dagrun for example_python_decorator to None, run_after=None
[2025-08-19T17:23:27.391+0200] {processor.py:183} INFO - Processing /Users/ehabhasan/.venvs/airflow310/lib/python3.10/site-packages/airflow/example_dags/example_python_decorator.py took 0.081 seconds
[2025-08-19T17:25:13.532+0200] {processor.py:161} INFO - Started process (PID=11811) to work on /Users/ehabhasan/.venvs/airflow310/lib/python3.10/site-packages/airflow/example_dags/example_python_decorator.py
[2025-08-19T17:25:13.534+0200] {processor.py:830} INFO - Processing file /Users/ehabhasan/.venvs/airflow310/lib/python3.10/site-packages/airflow/example_dags/example_python_decorator.py for tasks to queue
[2025-08-19T17:25:13.534+0200] {logging_mixin.py:188} INFO - [2025-08-19T17:25:13.534+0200] {dagbag.py:545} INFO - Filling up the DagBag from /Users/ehabhasan/.venvs/airflow310/lib/python3.10/site-packages/airflow/example_dags/example_python_decorator.py
[2025-08-19T17:25:13.548+0200] {logging_mixin.py:188} INFO - [2025-08-19T17:25:13.547+0200] {example_python_decorator.py:80} WARNING - The virtalenv_python example task requires virtualenv, please install it.
[2025-08-19T17:25:13.548+0200] {processor.py:840} INFO - DAG(s) 'example_python_decorator' retrieved from /Users/ehabhasan/.venvs/airflow310/lib/python3.10/site-packages/airflow/example_dags/example_python_decorator.py
[2025-08-19T17:25:13.583+0200] {logging_mixin.py:188} INFO - [2025-08-19T17:25:13.583+0200] {dag.py:3089} INFO - Sync 1 DAGs
[2025-08-19T17:25:13.607+0200] {logging_mixin.py:188} INFO - [2025-08-19T17:25:13.607+0200] {dag.py:3947} INFO - Setting next_dagrun for example_python_decorator to None, run_after=None
[2025-08-19T17:25:13.614+0200] {processor.py:183} INFO - Processing /Users/ehabhasan/.venvs/airflow310/lib/python3.10/site-packages/airflow/example_dags/example_python_decorator.py took 0.083 seconds
[2025-08-19T17:26:59.291+0200] {processor.py:161} INFO - Started process (PID=11890) to work on /Users/ehabhasan/.venvs/airflow310/lib/python3.10/site-packages/airflow/example_dags/example_python_decorator.py
[2025-08-19T17:26:59.294+0200] {processor.py:830} INFO - Processing file /Users/ehabhasan/.venvs/airflow310/lib/python3.10/site-packages/airflow/example_dags/example_python_decorator.py for tasks to queue
[2025-08-19T17:26:59.294+0200] {logging_mixin.py:188} INFO - [2025-08-19T17:26:59.294+0200] {dagbag.py:545} INFO - Filling up the DagBag from /Users/ehabhasan/.venvs/airflow310/lib/python3.10/site-packages/airflow/example_dags/example_python_decorator.py
[2025-08-19T17:26:59.307+0200] {logging_mixin.py:188} INFO - [2025-08-19T17:26:59.307+0200] {example_python_decorator.py:80} WARNING - The virtalenv_python example task requires virtualenv, please install it.
[2025-08-19T17:26:59.308+0200] {processor.py:840} INFO - DAG(s) 'example_python_decorator' retrieved from /Users/ehabhasan/.venvs/airflow310/lib/python3.10/site-packages/airflow/example_dags/example_python_decorator.py
[2025-08-19T17:26:59.343+0200] {logging_mixin.py:188} INFO - [2025-08-19T17:26:59.343+0200] {dag.py:3089} INFO - Sync 1 DAGs
[2025-08-19T17:26:59.366+0200] {logging_mixin.py:188} INFO - [2025-08-19T17:26:59.366+0200] {dag.py:3947} INFO - Setting next_dagrun for example_python_decorator to None, run_after=None
[2025-08-19T17:26:59.373+0200] {processor.py:183} INFO - Processing /Users/ehabhasan/.venvs/airflow310/lib/python3.10/site-packages/airflow/example_dags/example_python_decorator.py took 0.083 seconds
[2025-08-19T17:28:48.624+0200] {processor.py:161} INFO - Started process (PID=11978) to work on /Users/ehabhasan/.venvs/airflow310/lib/python3.10/site-packages/airflow/example_dags/example_python_decorator.py
[2025-08-19T17:28:48.625+0200] {processor.py:830} INFO - Processing file /Users/ehabhasan/.venvs/airflow310/lib/python3.10/site-packages/airflow/example_dags/example_python_decorator.py for tasks to queue
[2025-08-19T17:28:48.625+0200] {logging_mixin.py:188} INFO - [2025-08-19T17:28:48.625+0200] {dagbag.py:545} INFO - Filling up the DagBag from /Users/ehabhasan/.venvs/airflow310/lib/python3.10/site-packages/airflow/example_dags/example_python_decorator.py
[2025-08-19T17:28:48.639+0200] {logging_mixin.py:188} INFO - [2025-08-19T17:28:48.639+0200] {example_python_decorator.py:80} WARNING - The virtalenv_python example task requires virtualenv, please install it.
[2025-08-19T17:28:48.639+0200] {processor.py:840} INFO - DAG(s) 'example_python_decorator' retrieved from /Users/ehabhasan/.venvs/airflow310/lib/python3.10/site-packages/airflow/example_dags/example_python_decorator.py
[2025-08-19T17:28:48.674+0200] {logging_mixin.py:188} INFO - [2025-08-19T17:28:48.674+0200] {dag.py:3089} INFO - Sync 1 DAGs
[2025-08-19T17:28:48.699+0200] {logging_mixin.py:188} INFO - [2025-08-19T17:28:48.699+0200] {dag.py:3947} INFO - Setting next_dagrun for example_python_decorator to None, run_after=None
[2025-08-19T17:28:48.707+0200] {processor.py:183} INFO - Processing /Users/ehabhasan/.venvs/airflow310/lib/python3.10/site-packages/airflow/example_dags/example_python_decorator.py took 0.084 seconds
[2025-08-19T17:30:40.217+0200] {processor.py:161} INFO - Started process (PID=13787) to work on /Users/ehabhasan/.venvs/airflow310/lib/python3.10/site-packages/airflow/example_dags/example_python_decorator.py
[2025-08-19T17:30:40.222+0200] {processor.py:830} INFO - Processing file /Users/ehabhasan/.venvs/airflow310/lib/python3.10/site-packages/airflow/example_dags/example_python_decorator.py for tasks to queue
[2025-08-19T17:30:40.223+0200] {logging_mixin.py:188} INFO - [2025-08-19T17:30:40.223+0200] {dagbag.py:545} INFO - Filling up the DagBag from /Users/ehabhasan/.venvs/airflow310/lib/python3.10/site-packages/airflow/example_dags/example_python_decorator.py
[2025-08-19T17:30:40.236+0200] {logging_mixin.py:188} INFO - [2025-08-19T17:30:40.236+0200] {example_python_decorator.py:80} WARNING - The virtalenv_python example task requires virtualenv, please install it.
[2025-08-19T17:30:40.237+0200] {processor.py:840} INFO - DAG(s) 'example_python_decorator' retrieved from /Users/ehabhasan/.venvs/airflow310/lib/python3.10/site-packages/airflow/example_dags/example_python_decorator.py
[2025-08-19T17:30:40.273+0200] {logging_mixin.py:188} INFO - [2025-08-19T17:30:40.273+0200] {dag.py:3089} INFO - Sync 1 DAGs
[2025-08-19T17:30:40.300+0200] {logging_mixin.py:188} INFO - [2025-08-19T17:30:40.299+0200] {dag.py:3947} INFO - Setting next_dagrun for example_python_decorator to None, run_after=None
[2025-08-19T17:30:40.307+0200] {processor.py:183} INFO - Processing /Users/ehabhasan/.venvs/airflow310/lib/python3.10/site-packages/airflow/example_dags/example_python_decorator.py took 0.091 seconds
[2025-08-19T17:32:36.445+0200] {processor.py:161} INFO - Started process (PID=14150) to work on /Users/ehabhasan/.venvs/airflow310/lib/python3.10/site-packages/airflow/example_dags/example_python_decorator.py
[2025-08-19T17:32:36.445+0200] {processor.py:830} INFO - Processing file /Users/ehabhasan/.venvs/airflow310/lib/python3.10/site-packages/airflow/example_dags/example_python_decorator.py for tasks to queue
[2025-08-19T17:32:36.446+0200] {logging_mixin.py:188} INFO - [2025-08-19T17:32:36.446+0200] {dagbag.py:545} INFO - Filling up the DagBag from /Users/ehabhasan/.venvs/airflow310/lib/python3.10/site-packages/airflow/example_dags/example_python_decorator.py
[2025-08-19T17:32:36.459+0200] {logging_mixin.py:188} INFO - [2025-08-19T17:32:36.459+0200] {example_python_decorator.py:80} WARNING - The virtalenv_python example task requires virtualenv, please install it.
[2025-08-19T17:32:36.460+0200] {processor.py:840} INFO - DAG(s) 'example_python_decorator' retrieved from /Users/ehabhasan/.venvs/airflow310/lib/python3.10/site-packages/airflow/example_dags/example_python_decorator.py
[2025-08-19T17:32:36.495+0200] {logging_mixin.py:188} INFO - [2025-08-19T17:32:36.495+0200] {dag.py:3089} INFO - Sync 1 DAGs
[2025-08-19T17:32:36.518+0200] {logging_mixin.py:188} INFO - [2025-08-19T17:32:36.518+0200] {dag.py:3947} INFO - Setting next_dagrun for example_python_decorator to None, run_after=None
[2025-08-19T17:32:36.525+0200] {processor.py:183} INFO - Processing /Users/ehabhasan/.venvs/airflow310/lib/python3.10/site-packages/airflow/example_dags/example_python_decorator.py took 0.082 seconds
[2025-08-19T17:34:22.772+0200] {processor.py:161} INFO - Started process (PID=14253) to work on /Users/ehabhasan/.venvs/airflow310/lib/python3.10/site-packages/airflow/example_dags/example_python_decorator.py
[2025-08-19T17:34:22.773+0200] {processor.py:830} INFO - Processing file /Users/ehabhasan/.venvs/airflow310/lib/python3.10/site-packages/airflow/example_dags/example_python_decorator.py for tasks to queue
[2025-08-19T17:34:22.773+0200] {logging_mixin.py:188} INFO - [2025-08-19T17:34:22.773+0200] {dagbag.py:545} INFO - Filling up the DagBag from /Users/ehabhasan/.venvs/airflow310/lib/python3.10/site-packages/airflow/example_dags/example_python_decorator.py
[2025-08-19T17:34:22.786+0200] {logging_mixin.py:188} INFO - [2025-08-19T17:34:22.786+0200] {example_python_decorator.py:80} WARNING - The virtalenv_python example task requires virtualenv, please install it.
[2025-08-19T17:34:22.787+0200] {processor.py:840} INFO - DAG(s) 'example_python_decorator' retrieved from /Users/ehabhasan/.venvs/airflow310/lib/python3.10/site-packages/airflow/example_dags/example_python_decorator.py
[2025-08-19T17:34:22.823+0200] {logging_mixin.py:188} INFO - [2025-08-19T17:34:22.823+0200] {dag.py:3089} INFO - Sync 1 DAGs
[2025-08-19T17:34:22.847+0200] {logging_mixin.py:188} INFO - [2025-08-19T17:34:22.847+0200] {dag.py:3947} INFO - Setting next_dagrun for example_python_decorator to None, run_after=None
[2025-08-19T17:34:22.854+0200] {processor.py:183} INFO - Processing /Users/ehabhasan/.venvs/airflow310/lib/python3.10/site-packages/airflow/example_dags/example_python_decorator.py took 0.083 seconds
[2025-08-19T17:36:13.015+0200] {processor.py:161} INFO - Started process (PID=14466) to work on /Users/ehabhasan/.venvs/airflow310/lib/python3.10/site-packages/airflow/example_dags/example_python_decorator.py
[2025-08-19T17:36:13.015+0200] {processor.py:830} INFO - Processing file /Users/ehabhasan/.venvs/airflow310/lib/python3.10/site-packages/airflow/example_dags/example_python_decorator.py for tasks to queue
[2025-08-19T17:36:13.015+0200] {logging_mixin.py:188} INFO - [2025-08-19T17:36:13.015+0200] {dagbag.py:545} INFO - Filling up the DagBag from /Users/ehabhasan/.venvs/airflow310/lib/python3.10/site-packages/airflow/example_dags/example_python_decorator.py
[2025-08-19T17:36:13.029+0200] {logging_mixin.py:188} INFO - [2025-08-19T17:36:13.029+0200] {example_python_decorator.py:80} WARNING - The virtalenv_python example task requires virtualenv, please install it.
[2025-08-19T17:36:13.030+0200] {processor.py:840} INFO - DAG(s) 'example_python_decorator' retrieved from /Users/ehabhasan/.venvs/airflow310/lib/python3.10/site-packages/airflow/example_dags/example_python_decorator.py
[2025-08-19T17:36:13.066+0200] {logging_mixin.py:188} INFO - [2025-08-19T17:36:13.066+0200] {dag.py:3089} INFO - Sync 1 DAGs
[2025-08-19T17:36:13.089+0200] {logging_mixin.py:188} INFO - [2025-08-19T17:36:13.089+0200] {dag.py:3947} INFO - Setting next_dagrun for example_python_decorator to None, run_after=None
[2025-08-19T17:36:13.096+0200] {processor.py:183} INFO - Processing /Users/ehabhasan/.venvs/airflow310/lib/python3.10/site-packages/airflow/example_dags/example_python_decorator.py took 0.083 seconds
[2025-08-19T17:38:07.929+0200] {processor.py:161} INFO - Started process (PID=14595) to work on /Users/ehabhasan/.venvs/airflow310/lib/python3.10/site-packages/airflow/example_dags/example_python_decorator.py
[2025-08-19T17:38:07.929+0200] {processor.py:830} INFO - Processing file /Users/ehabhasan/.venvs/airflow310/lib/python3.10/site-packages/airflow/example_dags/example_python_decorator.py for tasks to queue
[2025-08-19T17:38:07.930+0200] {logging_mixin.py:188} INFO - [2025-08-19T17:38:07.930+0200] {dagbag.py:545} INFO - Filling up the DagBag from /Users/ehabhasan/.venvs/airflow310/lib/python3.10/site-packages/airflow/example_dags/example_python_decorator.py
[2025-08-19T17:38:07.943+0200] {logging_mixin.py:188} INFO - [2025-08-19T17:38:07.943+0200] {example_python_decorator.py:80} WARNING - The virtalenv_python example task requires virtualenv, please install it.
[2025-08-19T17:38:07.944+0200] {processor.py:840} INFO - DAG(s) 'example_python_decorator' retrieved from /Users/ehabhasan/.venvs/airflow310/lib/python3.10/site-packages/airflow/example_dags/example_python_decorator.py
[2025-08-19T17:38:07.979+0200] {logging_mixin.py:188} INFO - [2025-08-19T17:38:07.978+0200] {dag.py:3089} INFO - Sync 1 DAGs
[2025-08-19T17:38:08.001+0200] {logging_mixin.py:188} INFO - [2025-08-19T17:38:08.001+0200] {dag.py:3947} INFO - Setting next_dagrun for example_python_decorator to None, run_after=None
[2025-08-19T17:38:08.008+0200] {processor.py:183} INFO - Processing /Users/ehabhasan/.venvs/airflow310/lib/python3.10/site-packages/airflow/example_dags/example_python_decorator.py took 0.081 seconds
[2025-08-19T17:40:12.740+0200] {processor.py:161} INFO - Started process (PID=14833) to work on /Users/ehabhasan/.venvs/airflow310/lib/python3.10/site-packages/airflow/example_dags/example_python_decorator.py
[2025-08-19T17:40:12.740+0200] {processor.py:830} INFO - Processing file /Users/ehabhasan/.venvs/airflow310/lib/python3.10/site-packages/airflow/example_dags/example_python_decorator.py for tasks to queue
[2025-08-19T17:40:12.740+0200] {logging_mixin.py:188} INFO - [2025-08-19T17:40:12.740+0200] {dagbag.py:545} INFO - Filling up the DagBag from /Users/ehabhasan/.venvs/airflow310/lib/python3.10/site-packages/airflow/example_dags/example_python_decorator.py
[2025-08-19T17:40:12.755+0200] {logging_mixin.py:188} INFO - [2025-08-19T17:40:12.755+0200] {example_python_decorator.py:80} WARNING - The virtalenv_python example task requires virtualenv, please install it.
[2025-08-19T17:40:12.756+0200] {processor.py:840} INFO - DAG(s) 'example_python_decorator' retrieved from /Users/ehabhasan/.venvs/airflow310/lib/python3.10/site-packages/airflow/example_dags/example_python_decorator.py
[2025-08-19T17:40:12.794+0200] {logging_mixin.py:188} INFO - [2025-08-19T17:40:12.794+0200] {dag.py:3089} INFO - Sync 1 DAGs
[2025-08-19T17:40:12.820+0200] {logging_mixin.py:188} INFO - [2025-08-19T17:40:12.820+0200] {dag.py:3947} INFO - Setting next_dagrun for example_python_decorator to None, run_after=None
[2025-08-19T17:40:12.827+0200] {processor.py:183} INFO - Processing /Users/ehabhasan/.venvs/airflow310/lib/python3.10/site-packages/airflow/example_dags/example_python_decorator.py took 0.089 seconds
[2025-08-19T17:45:44.912+0200] {processor.py:161} INFO - Started process (PID=14984) to work on /Users/ehabhasan/.venvs/airflow310/lib/python3.10/site-packages/airflow/example_dags/example_python_decorator.py
[2025-08-19T17:45:44.913+0200] {processor.py:830} INFO - Processing file /Users/ehabhasan/.venvs/airflow310/lib/python3.10/site-packages/airflow/example_dags/example_python_decorator.py for tasks to queue
[2025-08-19T17:45:44.913+0200] {logging_mixin.py:188} INFO - [2025-08-19T17:45:44.913+0200] {dagbag.py:545} INFO - Filling up the DagBag from /Users/ehabhasan/.venvs/airflow310/lib/python3.10/site-packages/airflow/example_dags/example_python_decorator.py
[2025-08-19T17:45:44.926+0200] {logging_mixin.py:188} INFO - [2025-08-19T17:45:44.926+0200] {example_python_decorator.py:80} WARNING - The virtalenv_python example task requires virtualenv, please install it.
[2025-08-19T17:45:44.927+0200] {processor.py:840} INFO - DAG(s) 'example_python_decorator' retrieved from /Users/ehabhasan/.venvs/airflow310/lib/python3.10/site-packages/airflow/example_dags/example_python_decorator.py
[2025-08-19T17:45:44.962+0200] {logging_mixin.py:188} INFO - [2025-08-19T17:45:44.962+0200] {dag.py:3089} INFO - Sync 1 DAGs
[2025-08-19T17:45:44.986+0200] {logging_mixin.py:188} INFO - [2025-08-19T17:45:44.986+0200] {dag.py:3947} INFO - Setting next_dagrun for example_python_decorator to None, run_after=None
[2025-08-19T17:45:44.993+0200] {processor.py:183} INFO - Processing /Users/ehabhasan/.venvs/airflow310/lib/python3.10/site-packages/airflow/example_dags/example_python_decorator.py took 0.082 seconds
[2025-08-19T17:47:47.789+0200] {processor.py:161} INFO - Started process (PID=15083) to work on /Users/ehabhasan/.venvs/airflow310/lib/python3.10/site-packages/airflow/example_dags/example_python_decorator.py
[2025-08-19T17:47:47.789+0200] {processor.py:830} INFO - Processing file /Users/ehabhasan/.venvs/airflow310/lib/python3.10/site-packages/airflow/example_dags/example_python_decorator.py for tasks to queue
[2025-08-19T17:47:47.789+0200] {logging_mixin.py:188} INFO - [2025-08-19T17:47:47.789+0200] {dagbag.py:545} INFO - Filling up the DagBag from /Users/ehabhasan/.venvs/airflow310/lib/python3.10/site-packages/airflow/example_dags/example_python_decorator.py
[2025-08-19T17:47:47.803+0200] {logging_mixin.py:188} INFO - [2025-08-19T17:47:47.803+0200] {example_python_decorator.py:80} WARNING - The virtalenv_python example task requires virtualenv, please install it.
[2025-08-19T17:47:47.804+0200] {processor.py:840} INFO - DAG(s) 'example_python_decorator' retrieved from /Users/ehabhasan/.venvs/airflow310/lib/python3.10/site-packages/airflow/example_dags/example_python_decorator.py
[2025-08-19T17:47:47.840+0200] {logging_mixin.py:188} INFO - [2025-08-19T17:47:47.840+0200] {dag.py:3089} INFO - Sync 1 DAGs
[2025-08-19T17:47:47.863+0200] {logging_mixin.py:188} INFO - [2025-08-19T17:47:47.863+0200] {dag.py:3947} INFO - Setting next_dagrun for example_python_decorator to None, run_after=None
[2025-08-19T17:47:47.870+0200] {processor.py:183} INFO - Processing /Users/ehabhasan/.venvs/airflow310/lib/python3.10/site-packages/airflow/example_dags/example_python_decorator.py took 0.083 seconds
[2025-08-19T17:49:39.721+0200] {processor.py:161} INFO - Started process (PID=15166) to work on /Users/ehabhasan/.venvs/airflow310/lib/python3.10/site-packages/airflow/example_dags/example_python_decorator.py
[2025-08-19T17:49:39.721+0200] {processor.py:830} INFO - Processing file /Users/ehabhasan/.venvs/airflow310/lib/python3.10/site-packages/airflow/example_dags/example_python_decorator.py for tasks to queue
[2025-08-19T17:49:39.722+0200] {logging_mixin.py:188} INFO - [2025-08-19T17:49:39.722+0200] {dagbag.py:545} INFO - Filling up the DagBag from /Users/ehabhasan/.venvs/airflow310/lib/python3.10/site-packages/airflow/example_dags/example_python_decorator.py
[2025-08-19T17:49:39.735+0200] {logging_mixin.py:188} INFO - [2025-08-19T17:49:39.735+0200] {example_python_decorator.py:80} WARNING - The virtalenv_python example task requires virtualenv, please install it.
[2025-08-19T17:49:39.736+0200] {processor.py:840} INFO - DAG(s) 'example_python_decorator' retrieved from /Users/ehabhasan/.venvs/airflow310/lib/python3.10/site-packages/airflow/example_dags/example_python_decorator.py
[2025-08-19T17:49:39.771+0200] {logging_mixin.py:188} INFO - [2025-08-19T17:49:39.771+0200] {dag.py:3089} INFO - Sync 1 DAGs
[2025-08-19T17:49:39.794+0200] {logging_mixin.py:188} INFO - [2025-08-19T17:49:39.794+0200] {dag.py:3947} INFO - Setting next_dagrun for example_python_decorator to None, run_after=None
[2025-08-19T17:49:39.801+0200] {processor.py:183} INFO - Processing /Users/ehabhasan/.venvs/airflow310/lib/python3.10/site-packages/airflow/example_dags/example_python_decorator.py took 0.082 seconds
