[2025-08-19T16:48:35.173+0200] {processor.py:161} INFO - Started process (PID=7646) to work on /Users/ehabhasan/.venvs/airflow310/lib/python3.10/site-packages/airflow/example_dags/example_params_ui_tutorial.py
[2025-08-19T16:48:35.173+0200] {processor.py:830} INFO - Processing file /Users/ehabhasan/.venvs/airflow310/lib/python3.10/site-packages/airflow/example_dags/example_params_ui_tutorial.py for tasks to queue
[2025-08-19T16:48:35.173+0200] {logging_mixin.py:188} INFO - [2025-08-19T16:48:35.173+0200] {dagbag.py:545} INFO - Filling up the DagBag from /Users/ehabhasan/.venvs/airflow310/lib/python3.10/site-packages/airflow/example_dags/example_params_ui_tutorial.py
[2025-08-19T16:48:35.189+0200] {processor.py:840} INFO - DAG(s) 'example_params_ui_tutorial' retrieved from /Users/ehabhasan/.venvs/airflow310/lib/python3.10/site-packages/airflow/example_dags/example_params_ui_tutorial.py
[2025-08-19T16:48:35.291+0200] {logging_mixin.py:188} INFO - [2025-08-19T16:48:35.291+0200] {dag.py:3089} INFO - Sync 1 DAGs
[2025-08-19T16:48:35.294+0200] {logging_mixin.py:188} INFO - [2025-08-19T16:48:35.294+0200] {dag.py:3947} INFO - Setting next_dagrun for example_params_ui_tutorial to None, run_after=None
[2025-08-19T16:48:35.302+0200] {processor.py:183} INFO - Processing /Users/ehabhasan/.venvs/airflow310/lib/python3.10/site-packages/airflow/example_dags/example_params_ui_tutorial.py took 0.131 seconds
[2025-08-19T16:49:53.260+0200] {processor.py:161} INFO - Started process (PID=7707) to work on /Users/ehabhasan/.venvs/airflow310/lib/python3.10/site-packages/airflow/example_dags/example_params_ui_tutorial.py
[2025-08-19T16:49:53.261+0200] {processor.py:830} INFO - Processing file /Users/ehabhasan/.venvs/airflow310/lib/python3.10/site-packages/airflow/example_dags/example_params_ui_tutorial.py for tasks to queue
[2025-08-19T16:49:53.261+0200] {logging_mixin.py:188} INFO - [2025-08-19T16:49:53.261+0200] {dagbag.py:545} INFO - Filling up the DagBag from /Users/ehabhasan/.venvs/airflow310/lib/python3.10/site-packages/airflow/example_dags/example_params_ui_tutorial.py
[2025-08-19T16:49:53.275+0200] {processor.py:840} INFO - DAG(s) 'example_params_ui_tutorial' retrieved from /Users/ehabhasan/.venvs/airflow310/lib/python3.10/site-packages/airflow/example_dags/example_params_ui_tutorial.py
[2025-08-19T16:49:53.318+0200] {logging_mixin.py:188} INFO - [2025-08-19T16:49:53.318+0200] {dag.py:3089} INFO - Sync 1 DAGs
[2025-08-19T16:49:53.341+0200] {logging_mixin.py:188} INFO - [2025-08-19T16:49:53.341+0200] {dag.py:3947} INFO - Setting next_dagrun for example_params_ui_tutorial to None, run_after=None
[2025-08-19T16:49:53.347+0200] {processor.py:183} INFO - Processing /Users/ehabhasan/.venvs/airflow310/lib/python3.10/site-packages/airflow/example_dags/example_params_ui_tutorial.py took 0.089 seconds
[2025-08-19T16:51:26.821+0200] {processor.py:161} INFO - Started process (PID=7775) to work on /Users/ehabhasan/.venvs/airflow310/lib/python3.10/site-packages/airflow/example_dags/example_params_ui_tutorial.py
[2025-08-19T16:51:26.822+0200] {processor.py:830} INFO - Processing file /Users/ehabhasan/.venvs/airflow310/lib/python3.10/site-packages/airflow/example_dags/example_params_ui_tutorial.py for tasks to queue
[2025-08-19T16:51:26.822+0200] {logging_mixin.py:188} INFO - [2025-08-19T16:51:26.822+0200] {dagbag.py:545} INFO - Filling up the DagBag from /Users/ehabhasan/.venvs/airflow310/lib/python3.10/site-packages/airflow/example_dags/example_params_ui_tutorial.py
[2025-08-19T16:51:26.836+0200] {processor.py:840} INFO - DAG(s) 'example_params_ui_tutorial' retrieved from /Users/ehabhasan/.venvs/airflow310/lib/python3.10/site-packages/airflow/example_dags/example_params_ui_tutorial.py
[2025-08-19T16:51:26.880+0200] {logging_mixin.py:188} INFO - [2025-08-19T16:51:26.880+0200] {dag.py:3089} INFO - Sync 1 DAGs
[2025-08-19T16:51:26.903+0200] {logging_mixin.py:188} INFO - [2025-08-19T16:51:26.903+0200] {dag.py:3947} INFO - Setting next_dagrun for example_params_ui_tutorial to None, run_after=None
[2025-08-19T16:51:26.909+0200] {processor.py:183} INFO - Processing /Users/ehabhasan/.venvs/airflow310/lib/python3.10/site-packages/airflow/example_dags/example_params_ui_tutorial.py took 0.090 seconds
[2025-08-19T16:53:07.050+0200] {processor.py:161} INFO - Started process (PID=7851) to work on /Users/ehabhasan/.venvs/airflow310/lib/python3.10/site-packages/airflow/example_dags/example_params_ui_tutorial.py
[2025-08-19T16:53:07.051+0200] {processor.py:830} INFO - Processing file /Users/ehabhasan/.venvs/airflow310/lib/python3.10/site-packages/airflow/example_dags/example_params_ui_tutorial.py for tasks to queue
[2025-08-19T16:53:07.051+0200] {logging_mixin.py:188} INFO - [2025-08-19T16:53:07.051+0200] {dagbag.py:545} INFO - Filling up the DagBag from /Users/ehabhasan/.venvs/airflow310/lib/python3.10/site-packages/airflow/example_dags/example_params_ui_tutorial.py
[2025-08-19T16:53:07.065+0200] {processor.py:840} INFO - DAG(s) 'example_params_ui_tutorial' retrieved from /Users/ehabhasan/.venvs/airflow310/lib/python3.10/site-packages/airflow/example_dags/example_params_ui_tutorial.py
[2025-08-19T16:53:07.108+0200] {logging_mixin.py:188} INFO - [2025-08-19T16:53:07.108+0200] {dag.py:3089} INFO - Sync 1 DAGs
[2025-08-19T16:53:07.131+0200] {logging_mixin.py:188} INFO - [2025-08-19T16:53:07.131+0200] {dag.py:3947} INFO - Setting next_dagrun for example_params_ui_tutorial to None, run_after=None
[2025-08-19T16:53:07.138+0200] {processor.py:183} INFO - Processing /Users/ehabhasan/.venvs/airflow310/lib/python3.10/site-packages/airflow/example_dags/example_params_ui_tutorial.py took 0.089 seconds
[2025-08-19T16:54:43.452+0200] {processor.py:161} INFO - Started process (PID=7958) to work on /Users/ehabhasan/.venvs/airflow310/lib/python3.10/site-packages/airflow/example_dags/example_params_ui_tutorial.py
[2025-08-19T16:54:43.453+0200] {processor.py:830} INFO - Processing file /Users/ehabhasan/.venvs/airflow310/lib/python3.10/site-packages/airflow/example_dags/example_params_ui_tutorial.py for tasks to queue
[2025-08-19T16:54:43.453+0200] {logging_mixin.py:188} INFO - [2025-08-19T16:54:43.453+0200] {dagbag.py:545} INFO - Filling up the DagBag from /Users/ehabhasan/.venvs/airflow310/lib/python3.10/site-packages/airflow/example_dags/example_params_ui_tutorial.py
[2025-08-19T16:54:43.467+0200] {processor.py:840} INFO - DAG(s) 'example_params_ui_tutorial' retrieved from /Users/ehabhasan/.venvs/airflow310/lib/python3.10/site-packages/airflow/example_dags/example_params_ui_tutorial.py
[2025-08-19T16:54:43.512+0200] {logging_mixin.py:188} INFO - [2025-08-19T16:54:43.512+0200] {dag.py:3089} INFO - Sync 1 DAGs
[2025-08-19T16:54:43.534+0200] {logging_mixin.py:188} INFO - [2025-08-19T16:54:43.534+0200] {dag.py:3947} INFO - Setting next_dagrun for example_params_ui_tutorial to None, run_after=None
[2025-08-19T16:54:43.541+0200] {processor.py:183} INFO - Processing /Users/ehabhasan/.venvs/airflow310/lib/python3.10/site-packages/airflow/example_dags/example_params_ui_tutorial.py took 0.090 seconds
[2025-08-19T16:56:22.794+0200] {processor.py:161} INFO - Started process (PID=8031) to work on /Users/ehabhasan/.venvs/airflow310/lib/python3.10/site-packages/airflow/example_dags/example_params_ui_tutorial.py
[2025-08-19T16:56:22.795+0200] {processor.py:830} INFO - Processing file /Users/ehabhasan/.venvs/airflow310/lib/python3.10/site-packages/airflow/example_dags/example_params_ui_tutorial.py for tasks to queue
[2025-08-19T16:56:22.795+0200] {logging_mixin.py:188} INFO - [2025-08-19T16:56:22.795+0200] {dagbag.py:545} INFO - Filling up the DagBag from /Users/ehabhasan/.venvs/airflow310/lib/python3.10/site-packages/airflow/example_dags/example_params_ui_tutorial.py
[2025-08-19T16:56:22.809+0200] {processor.py:840} INFO - DAG(s) 'example_params_ui_tutorial' retrieved from /Users/ehabhasan/.venvs/airflow310/lib/python3.10/site-packages/airflow/example_dags/example_params_ui_tutorial.py
[2025-08-19T16:56:22.854+0200] {logging_mixin.py:188} INFO - [2025-08-19T16:56:22.853+0200] {dag.py:3089} INFO - Sync 1 DAGs
[2025-08-19T16:56:22.877+0200] {logging_mixin.py:188} INFO - [2025-08-19T16:56:22.877+0200] {dag.py:3947} INFO - Setting next_dagrun for example_params_ui_tutorial to None, run_after=None
[2025-08-19T16:56:22.884+0200] {processor.py:183} INFO - Processing /Users/ehabhasan/.venvs/airflow310/lib/python3.10/site-packages/airflow/example_dags/example_params_ui_tutorial.py took 0.091 seconds
[2025-08-19T16:58:05.869+0200] {processor.py:161} INFO - Started process (PID=8108) to work on /Users/ehabhasan/.venvs/airflow310/lib/python3.10/site-packages/airflow/example_dags/example_params_ui_tutorial.py
[2025-08-19T16:58:05.870+0200] {processor.py:830} INFO - Processing file /Users/ehabhasan/.venvs/airflow310/lib/python3.10/site-packages/airflow/example_dags/example_params_ui_tutorial.py for tasks to queue
[2025-08-19T16:58:05.870+0200] {logging_mixin.py:188} INFO - [2025-08-19T16:58:05.870+0200] {dagbag.py:545} INFO - Filling up the DagBag from /Users/ehabhasan/.venvs/airflow310/lib/python3.10/site-packages/airflow/example_dags/example_params_ui_tutorial.py
[2025-08-19T16:58:05.884+0200] {processor.py:840} INFO - DAG(s) 'example_params_ui_tutorial' retrieved from /Users/ehabhasan/.venvs/airflow310/lib/python3.10/site-packages/airflow/example_dags/example_params_ui_tutorial.py
[2025-08-19T16:58:05.929+0200] {logging_mixin.py:188} INFO - [2025-08-19T16:58:05.929+0200] {dag.py:3089} INFO - Sync 1 DAGs
[2025-08-19T16:58:05.952+0200] {logging_mixin.py:188} INFO - [2025-08-19T16:58:05.951+0200] {dag.py:3947} INFO - Setting next_dagrun for example_params_ui_tutorial to None, run_after=None
[2025-08-19T16:58:05.958+0200] {processor.py:183} INFO - Processing /Users/ehabhasan/.venvs/airflow310/lib/python3.10/site-packages/airflow/example_dags/example_params_ui_tutorial.py took 0.090 seconds
[2025-08-19T17:00:15.790+0200] {processor.py:161} INFO - Started process (PID=8219) to work on /Users/ehabhasan/.venvs/airflow310/lib/python3.10/site-packages/airflow/example_dags/example_params_ui_tutorial.py
[2025-08-19T17:00:15.791+0200] {processor.py:830} INFO - Processing file /Users/ehabhasan/.venvs/airflow310/lib/python3.10/site-packages/airflow/example_dags/example_params_ui_tutorial.py for tasks to queue
[2025-08-19T17:00:15.791+0200] {logging_mixin.py:188} INFO - [2025-08-19T17:00:15.791+0200] {dagbag.py:545} INFO - Filling up the DagBag from /Users/ehabhasan/.venvs/airflow310/lib/python3.10/site-packages/airflow/example_dags/example_params_ui_tutorial.py
[2025-08-19T17:00:15.805+0200] {processor.py:840} INFO - DAG(s) 'example_params_ui_tutorial' retrieved from /Users/ehabhasan/.venvs/airflow310/lib/python3.10/site-packages/airflow/example_dags/example_params_ui_tutorial.py
[2025-08-19T17:00:15.850+0200] {logging_mixin.py:188} INFO - [2025-08-19T17:00:15.850+0200] {dag.py:3089} INFO - Sync 1 DAGs
[2025-08-19T17:00:15.874+0200] {logging_mixin.py:188} INFO - [2025-08-19T17:00:15.874+0200] {dag.py:3947} INFO - Setting next_dagrun for example_params_ui_tutorial to None, run_after=None
[2025-08-19T17:00:15.880+0200] {processor.py:183} INFO - Processing /Users/ehabhasan/.venvs/airflow310/lib/python3.10/site-packages/airflow/example_dags/example_params_ui_tutorial.py took 0.092 seconds
[2025-08-19T17:02:04.512+0200] {processor.py:161} INFO - Started process (PID=8303) to work on /Users/ehabhasan/.venvs/airflow310/lib/python3.10/site-packages/airflow/example_dags/example_params_ui_tutorial.py
[2025-08-19T17:02:04.512+0200] {processor.py:830} INFO - Processing file /Users/ehabhasan/.venvs/airflow310/lib/python3.10/site-packages/airflow/example_dags/example_params_ui_tutorial.py for tasks to queue
[2025-08-19T17:02:04.513+0200] {logging_mixin.py:188} INFO - [2025-08-19T17:02:04.513+0200] {dagbag.py:545} INFO - Filling up the DagBag from /Users/ehabhasan/.venvs/airflow310/lib/python3.10/site-packages/airflow/example_dags/example_params_ui_tutorial.py
[2025-08-19T17:02:04.526+0200] {processor.py:840} INFO - DAG(s) 'example_params_ui_tutorial' retrieved from /Users/ehabhasan/.venvs/airflow310/lib/python3.10/site-packages/airflow/example_dags/example_params_ui_tutorial.py
[2025-08-19T17:02:04.571+0200] {logging_mixin.py:188} INFO - [2025-08-19T17:02:04.571+0200] {dag.py:3089} INFO - Sync 1 DAGs
[2025-08-19T17:02:04.594+0200] {logging_mixin.py:188} INFO - [2025-08-19T17:02:04.594+0200] {dag.py:3947} INFO - Setting next_dagrun for example_params_ui_tutorial to None, run_after=None
[2025-08-19T17:02:04.600+0200] {processor.py:183} INFO - Processing /Users/ehabhasan/.venvs/airflow310/lib/python3.10/site-packages/airflow/example_dags/example_params_ui_tutorial.py took 0.090 seconds
[2025-08-19T17:03:41.084+0200] {processor.py:161} INFO - Started process (PID=8676) to work on /Users/ehabhasan/.venvs/airflow310/lib/python3.10/site-packages/airflow/example_dags/example_params_ui_tutorial.py
[2025-08-19T17:03:41.084+0200] {processor.py:830} INFO - Processing file /Users/ehabhasan/.venvs/airflow310/lib/python3.10/site-packages/airflow/example_dags/example_params_ui_tutorial.py for tasks to queue
[2025-08-19T17:03:41.084+0200] {logging_mixin.py:188} INFO - [2025-08-19T17:03:41.084+0200] {dagbag.py:545} INFO - Filling up the DagBag from /Users/ehabhasan/.venvs/airflow310/lib/python3.10/site-packages/airflow/example_dags/example_params_ui_tutorial.py
[2025-08-19T17:03:41.098+0200] {processor.py:840} INFO - DAG(s) 'example_params_ui_tutorial' retrieved from /Users/ehabhasan/.venvs/airflow310/lib/python3.10/site-packages/airflow/example_dags/example_params_ui_tutorial.py
[2025-08-19T17:03:41.142+0200] {logging_mixin.py:188} INFO - [2025-08-19T17:03:41.142+0200] {dag.py:3089} INFO - Sync 1 DAGs
[2025-08-19T17:03:41.165+0200] {logging_mixin.py:188} INFO - [2025-08-19T17:03:41.165+0200] {dag.py:3947} INFO - Setting next_dagrun for example_params_ui_tutorial to None, run_after=None
[2025-08-19T17:03:41.172+0200] {processor.py:183} INFO - Processing /Users/ehabhasan/.venvs/airflow310/lib/python3.10/site-packages/airflow/example_dags/example_params_ui_tutorial.py took 0.089 seconds
[2025-08-19T17:05:21.919+0200] {processor.py:161} INFO - Started process (PID=8985) to work on /Users/ehabhasan/.venvs/airflow310/lib/python3.10/site-packages/airflow/example_dags/example_params_ui_tutorial.py
[2025-08-19T17:05:21.920+0200] {processor.py:830} INFO - Processing file /Users/ehabhasan/.venvs/airflow310/lib/python3.10/site-packages/airflow/example_dags/example_params_ui_tutorial.py for tasks to queue
[2025-08-19T17:05:21.920+0200] {logging_mixin.py:188} INFO - [2025-08-19T17:05:21.920+0200] {dagbag.py:545} INFO - Filling up the DagBag from /Users/ehabhasan/.venvs/airflow310/lib/python3.10/site-packages/airflow/example_dags/example_params_ui_tutorial.py
[2025-08-19T17:05:21.934+0200] {processor.py:840} INFO - DAG(s) 'example_params_ui_tutorial' retrieved from /Users/ehabhasan/.venvs/airflow310/lib/python3.10/site-packages/airflow/example_dags/example_params_ui_tutorial.py
[2025-08-19T17:05:21.979+0200] {logging_mixin.py:188} INFO - [2025-08-19T17:05:21.979+0200] {dag.py:3089} INFO - Sync 1 DAGs
[2025-08-19T17:05:22.003+0200] {logging_mixin.py:188} INFO - [2025-08-19T17:05:22.003+0200] {dag.py:3947} INFO - Setting next_dagrun for example_params_ui_tutorial to None, run_after=None
[2025-08-19T17:05:22.010+0200] {processor.py:183} INFO - Processing /Users/ehabhasan/.venvs/airflow310/lib/python3.10/site-packages/airflow/example_dags/example_params_ui_tutorial.py took 0.093 seconds
[2025-08-19T17:07:10.018+0200] {processor.py:161} INFO - Started process (PID=9471) to work on /Users/ehabhasan/.venvs/airflow310/lib/python3.10/site-packages/airflow/example_dags/example_params_ui_tutorial.py
[2025-08-19T17:07:10.018+0200] {processor.py:830} INFO - Processing file /Users/ehabhasan/.venvs/airflow310/lib/python3.10/site-packages/airflow/example_dags/example_params_ui_tutorial.py for tasks to queue
[2025-08-19T17:07:10.018+0200] {logging_mixin.py:188} INFO - [2025-08-19T17:07:10.018+0200] {dagbag.py:545} INFO - Filling up the DagBag from /Users/ehabhasan/.venvs/airflow310/lib/python3.10/site-packages/airflow/example_dags/example_params_ui_tutorial.py
[2025-08-19T17:07:10.032+0200] {processor.py:840} INFO - DAG(s) 'example_params_ui_tutorial' retrieved from /Users/ehabhasan/.venvs/airflow310/lib/python3.10/site-packages/airflow/example_dags/example_params_ui_tutorial.py
[2025-08-19T17:07:10.075+0200] {logging_mixin.py:188} INFO - [2025-08-19T17:07:10.075+0200] {dag.py:3089} INFO - Sync 1 DAGs
[2025-08-19T17:07:10.098+0200] {logging_mixin.py:188} INFO - [2025-08-19T17:07:10.098+0200] {dag.py:3947} INFO - Setting next_dagrun for example_params_ui_tutorial to None, run_after=None
[2025-08-19T17:07:10.105+0200] {processor.py:183} INFO - Processing /Users/ehabhasan/.venvs/airflow310/lib/python3.10/site-packages/airflow/example_dags/example_params_ui_tutorial.py took 0.089 seconds
[2025-08-19T17:08:56.219+0200] {processor.py:161} INFO - Started process (PID=10172) to work on /Users/ehabhasan/.venvs/airflow310/lib/python3.10/site-packages/airflow/example_dags/example_params_ui_tutorial.py
[2025-08-19T17:08:56.220+0200] {processor.py:830} INFO - Processing file /Users/ehabhasan/.venvs/airflow310/lib/python3.10/site-packages/airflow/example_dags/example_params_ui_tutorial.py for tasks to queue
[2025-08-19T17:08:56.220+0200] {logging_mixin.py:188} INFO - [2025-08-19T17:08:56.220+0200] {dagbag.py:545} INFO - Filling up the DagBag from /Users/ehabhasan/.venvs/airflow310/lib/python3.10/site-packages/airflow/example_dags/example_params_ui_tutorial.py
[2025-08-19T17:08:56.234+0200] {processor.py:840} INFO - DAG(s) 'example_params_ui_tutorial' retrieved from /Users/ehabhasan/.venvs/airflow310/lib/python3.10/site-packages/airflow/example_dags/example_params_ui_tutorial.py
[2025-08-19T17:08:56.279+0200] {logging_mixin.py:188} INFO - [2025-08-19T17:08:56.279+0200] {dag.py:3089} INFO - Sync 1 DAGs
[2025-08-19T17:08:56.309+0200] {logging_mixin.py:188} INFO - [2025-08-19T17:08:56.309+0200] {dag.py:3947} INFO - Setting next_dagrun for example_params_ui_tutorial to None, run_after=None
[2025-08-19T17:08:56.317+0200] {processor.py:183} INFO - Processing /Users/ehabhasan/.venvs/airflow310/lib/python3.10/site-packages/airflow/example_dags/example_params_ui_tutorial.py took 0.099 seconds
[2025-08-19T17:10:45.417+0200] {processor.py:161} INFO - Started process (PID=10285) to work on /Users/ehabhasan/.venvs/airflow310/lib/python3.10/site-packages/airflow/example_dags/example_params_ui_tutorial.py
[2025-08-19T17:10:45.418+0200] {processor.py:830} INFO - Processing file /Users/ehabhasan/.venvs/airflow310/lib/python3.10/site-packages/airflow/example_dags/example_params_ui_tutorial.py for tasks to queue
[2025-08-19T17:10:45.418+0200] {logging_mixin.py:188} INFO - [2025-08-19T17:10:45.418+0200] {dagbag.py:545} INFO - Filling up the DagBag from /Users/ehabhasan/.venvs/airflow310/lib/python3.10/site-packages/airflow/example_dags/example_params_ui_tutorial.py
[2025-08-19T17:10:45.431+0200] {processor.py:840} INFO - DAG(s) 'example_params_ui_tutorial' retrieved from /Users/ehabhasan/.venvs/airflow310/lib/python3.10/site-packages/airflow/example_dags/example_params_ui_tutorial.py
[2025-08-19T17:10:45.475+0200] {logging_mixin.py:188} INFO - [2025-08-19T17:10:45.475+0200] {dag.py:3089} INFO - Sync 1 DAGs
[2025-08-19T17:10:45.498+0200] {logging_mixin.py:188} INFO - [2025-08-19T17:10:45.498+0200] {dag.py:3947} INFO - Setting next_dagrun for example_params_ui_tutorial to None, run_after=None
[2025-08-19T17:10:45.505+0200] {processor.py:183} INFO - Processing /Users/ehabhasan/.venvs/airflow310/lib/python3.10/site-packages/airflow/example_dags/example_params_ui_tutorial.py took 0.089 seconds
[2025-08-19T17:12:35.766+0200] {processor.py:161} INFO - Started process (PID=10379) to work on /Users/ehabhasan/.venvs/airflow310/lib/python3.10/site-packages/airflow/example_dags/example_params_ui_tutorial.py
[2025-08-19T17:12:35.766+0200] {processor.py:830} INFO - Processing file /Users/ehabhasan/.venvs/airflow310/lib/python3.10/site-packages/airflow/example_dags/example_params_ui_tutorial.py for tasks to queue
[2025-08-19T17:12:35.766+0200] {logging_mixin.py:188} INFO - [2025-08-19T17:12:35.766+0200] {dagbag.py:545} INFO - Filling up the DagBag from /Users/ehabhasan/.venvs/airflow310/lib/python3.10/site-packages/airflow/example_dags/example_params_ui_tutorial.py
[2025-08-19T17:12:35.780+0200] {processor.py:840} INFO - DAG(s) 'example_params_ui_tutorial' retrieved from /Users/ehabhasan/.venvs/airflow310/lib/python3.10/site-packages/airflow/example_dags/example_params_ui_tutorial.py
[2025-08-19T17:12:35.824+0200] {logging_mixin.py:188} INFO - [2025-08-19T17:12:35.824+0200] {dag.py:3089} INFO - Sync 1 DAGs
[2025-08-19T17:12:35.847+0200] {logging_mixin.py:188} INFO - [2025-08-19T17:12:35.847+0200] {dag.py:3947} INFO - Setting next_dagrun for example_params_ui_tutorial to None, run_after=None
[2025-08-19T17:12:35.854+0200] {processor.py:183} INFO - Processing /Users/ehabhasan/.venvs/airflow310/lib/python3.10/site-packages/airflow/example_dags/example_params_ui_tutorial.py took 0.090 seconds
[2025-08-19T17:14:27.644+0200] {processor.py:161} INFO - Started process (PID=10496) to work on /Users/ehabhasan/.venvs/airflow310/lib/python3.10/site-packages/airflow/example_dags/example_params_ui_tutorial.py
[2025-08-19T17:14:27.644+0200] {processor.py:830} INFO - Processing file /Users/ehabhasan/.venvs/airflow310/lib/python3.10/site-packages/airflow/example_dags/example_params_ui_tutorial.py for tasks to queue
[2025-08-19T17:14:27.644+0200] {logging_mixin.py:188} INFO - [2025-08-19T17:14:27.644+0200] {dagbag.py:545} INFO - Filling up the DagBag from /Users/ehabhasan/.venvs/airflow310/lib/python3.10/site-packages/airflow/example_dags/example_params_ui_tutorial.py
[2025-08-19T17:14:27.658+0200] {processor.py:840} INFO - DAG(s) 'example_params_ui_tutorial' retrieved from /Users/ehabhasan/.venvs/airflow310/lib/python3.10/site-packages/airflow/example_dags/example_params_ui_tutorial.py
[2025-08-19T17:14:27.703+0200] {logging_mixin.py:188} INFO - [2025-08-19T17:14:27.703+0200] {dag.py:3089} INFO - Sync 1 DAGs
[2025-08-19T17:14:27.726+0200] {logging_mixin.py:188} INFO - [2025-08-19T17:14:27.726+0200] {dag.py:3947} INFO - Setting next_dagrun for example_params_ui_tutorial to None, run_after=None
[2025-08-19T17:14:27.733+0200] {processor.py:183} INFO - Processing /Users/ehabhasan/.venvs/airflow310/lib/python3.10/site-packages/airflow/example_dags/example_params_ui_tutorial.py took 0.091 seconds
[2025-08-19T17:16:19.200+0200] {processor.py:161} INFO - Started process (PID=10808) to work on /Users/ehabhasan/.venvs/airflow310/lib/python3.10/site-packages/airflow/example_dags/example_params_ui_tutorial.py
[2025-08-19T17:16:19.200+0200] {processor.py:830} INFO - Processing file /Users/ehabhasan/.venvs/airflow310/lib/python3.10/site-packages/airflow/example_dags/example_params_ui_tutorial.py for tasks to queue
[2025-08-19T17:16:19.201+0200] {logging_mixin.py:188} INFO - [2025-08-19T17:16:19.201+0200] {dagbag.py:545} INFO - Filling up the DagBag from /Users/ehabhasan/.venvs/airflow310/lib/python3.10/site-packages/airflow/example_dags/example_params_ui_tutorial.py
[2025-08-19T17:16:19.214+0200] {processor.py:840} INFO - DAG(s) 'example_params_ui_tutorial' retrieved from /Users/ehabhasan/.venvs/airflow310/lib/python3.10/site-packages/airflow/example_dags/example_params_ui_tutorial.py
[2025-08-19T17:16:19.257+0200] {logging_mixin.py:188} INFO - [2025-08-19T17:16:19.257+0200] {dag.py:3089} INFO - Sync 1 DAGs
[2025-08-19T17:16:19.280+0200] {logging_mixin.py:188} INFO - [2025-08-19T17:16:19.280+0200] {dag.py:3947} INFO - Setting next_dagrun for example_params_ui_tutorial to None, run_after=None
[2025-08-19T17:16:19.286+0200] {processor.py:183} INFO - Processing /Users/ehabhasan/.venvs/airflow310/lib/python3.10/site-packages/airflow/example_dags/example_params_ui_tutorial.py took 0.088 seconds
[2025-08-19T17:18:12.331+0200] {processor.py:161} INFO - Started process (PID=11483) to work on /Users/ehabhasan/.venvs/airflow310/lib/python3.10/site-packages/airflow/example_dags/example_params_ui_tutorial.py
[2025-08-19T17:18:12.332+0200] {processor.py:830} INFO - Processing file /Users/ehabhasan/.venvs/airflow310/lib/python3.10/site-packages/airflow/example_dags/example_params_ui_tutorial.py for tasks to queue
[2025-08-19T17:18:12.332+0200] {logging_mixin.py:188} INFO - [2025-08-19T17:18:12.332+0200] {dagbag.py:545} INFO - Filling up the DagBag from /Users/ehabhasan/.venvs/airflow310/lib/python3.10/site-packages/airflow/example_dags/example_params_ui_tutorial.py
[2025-08-19T17:18:12.347+0200] {processor.py:840} INFO - DAG(s) 'example_params_ui_tutorial' retrieved from /Users/ehabhasan/.venvs/airflow310/lib/python3.10/site-packages/airflow/example_dags/example_params_ui_tutorial.py
[2025-08-19T17:18:12.390+0200] {logging_mixin.py:188} INFO - [2025-08-19T17:18:12.390+0200] {dag.py:3089} INFO - Sync 1 DAGs
[2025-08-19T17:18:12.414+0200] {logging_mixin.py:188} INFO - [2025-08-19T17:18:12.413+0200] {dag.py:3947} INFO - Setting next_dagrun for example_params_ui_tutorial to None, run_after=None
[2025-08-19T17:18:12.420+0200] {processor.py:183} INFO - Processing /Users/ehabhasan/.venvs/airflow310/lib/python3.10/site-packages/airflow/example_dags/example_params_ui_tutorial.py took 0.091 seconds
[2025-08-19T17:19:56.882+0200] {processor.py:161} INFO - Started process (PID=11584) to work on /Users/ehabhasan/.venvs/airflow310/lib/python3.10/site-packages/airflow/example_dags/example_params_ui_tutorial.py
[2025-08-19T17:19:56.882+0200] {processor.py:830} INFO - Processing file /Users/ehabhasan/.venvs/airflow310/lib/python3.10/site-packages/airflow/example_dags/example_params_ui_tutorial.py for tasks to queue
[2025-08-19T17:19:56.882+0200] {logging_mixin.py:188} INFO - [2025-08-19T17:19:56.882+0200] {dagbag.py:545} INFO - Filling up the DagBag from /Users/ehabhasan/.venvs/airflow310/lib/python3.10/site-packages/airflow/example_dags/example_params_ui_tutorial.py
[2025-08-19T17:19:56.896+0200] {processor.py:840} INFO - DAG(s) 'example_params_ui_tutorial' retrieved from /Users/ehabhasan/.venvs/airflow310/lib/python3.10/site-packages/airflow/example_dags/example_params_ui_tutorial.py
[2025-08-19T17:19:56.940+0200] {logging_mixin.py:188} INFO - [2025-08-19T17:19:56.939+0200] {dag.py:3089} INFO - Sync 1 DAGs
[2025-08-19T17:19:56.963+0200] {logging_mixin.py:188} INFO - [2025-08-19T17:19:56.962+0200] {dag.py:3947} INFO - Setting next_dagrun for example_params_ui_tutorial to None, run_after=None
[2025-08-19T17:19:56.969+0200] {processor.py:183} INFO - Processing /Users/ehabhasan/.venvs/airflow310/lib/python3.10/site-packages/airflow/example_dags/example_params_ui_tutorial.py took 0.089 seconds
[2025-08-19T17:21:38.367+0200] {processor.py:161} INFO - Started process (PID=11655) to work on /Users/ehabhasan/.venvs/airflow310/lib/python3.10/site-packages/airflow/example_dags/example_params_ui_tutorial.py
[2025-08-19T17:21:38.367+0200] {processor.py:830} INFO - Processing file /Users/ehabhasan/.venvs/airflow310/lib/python3.10/site-packages/airflow/example_dags/example_params_ui_tutorial.py for tasks to queue
[2025-08-19T17:21:38.368+0200] {logging_mixin.py:188} INFO - [2025-08-19T17:21:38.367+0200] {dagbag.py:545} INFO - Filling up the DagBag from /Users/ehabhasan/.venvs/airflow310/lib/python3.10/site-packages/airflow/example_dags/example_params_ui_tutorial.py
[2025-08-19T17:21:38.382+0200] {processor.py:840} INFO - DAG(s) 'example_params_ui_tutorial' retrieved from /Users/ehabhasan/.venvs/airflow310/lib/python3.10/site-packages/airflow/example_dags/example_params_ui_tutorial.py
[2025-08-19T17:21:38.434+0200] {logging_mixin.py:188} INFO - [2025-08-19T17:21:38.434+0200] {dag.py:3089} INFO - Sync 1 DAGs
[2025-08-19T17:21:38.469+0200] {logging_mixin.py:188} INFO - [2025-08-19T17:21:38.468+0200] {dag.py:3947} INFO - Setting next_dagrun for example_params_ui_tutorial to None, run_after=None
[2025-08-19T17:21:38.477+0200] {processor.py:183} INFO - Processing /Users/ehabhasan/.venvs/airflow310/lib/python3.10/site-packages/airflow/example_dags/example_params_ui_tutorial.py took 0.111 seconds
[2025-08-19T17:23:30.745+0200] {processor.py:161} INFO - Started process (PID=11732) to work on /Users/ehabhasan/.venvs/airflow310/lib/python3.10/site-packages/airflow/example_dags/example_params_ui_tutorial.py
[2025-08-19T17:23:30.745+0200] {processor.py:830} INFO - Processing file /Users/ehabhasan/.venvs/airflow310/lib/python3.10/site-packages/airflow/example_dags/example_params_ui_tutorial.py for tasks to queue
[2025-08-19T17:23:30.745+0200] {logging_mixin.py:188} INFO - [2025-08-19T17:23:30.745+0200] {dagbag.py:545} INFO - Filling up the DagBag from /Users/ehabhasan/.venvs/airflow310/lib/python3.10/site-packages/airflow/example_dags/example_params_ui_tutorial.py
[2025-08-19T17:23:30.759+0200] {processor.py:840} INFO - DAG(s) 'example_params_ui_tutorial' retrieved from /Users/ehabhasan/.venvs/airflow310/lib/python3.10/site-packages/airflow/example_dags/example_params_ui_tutorial.py
[2025-08-19T17:23:30.806+0200] {logging_mixin.py:188} INFO - [2025-08-19T17:23:30.806+0200] {dag.py:3089} INFO - Sync 1 DAGs
[2025-08-19T17:23:30.834+0200] {logging_mixin.py:188} INFO - [2025-08-19T17:23:30.834+0200] {dag.py:3947} INFO - Setting next_dagrun for example_params_ui_tutorial to None, run_after=None
[2025-08-19T17:23:30.841+0200] {processor.py:183} INFO - Processing /Users/ehabhasan/.venvs/airflow310/lib/python3.10/site-packages/airflow/example_dags/example_params_ui_tutorial.py took 0.098 seconds
[2025-08-19T17:25:16.511+0200] {processor.py:161} INFO - Started process (PID=11813) to work on /Users/ehabhasan/.venvs/airflow310/lib/python3.10/site-packages/airflow/example_dags/example_params_ui_tutorial.py
[2025-08-19T17:25:16.512+0200] {processor.py:830} INFO - Processing file /Users/ehabhasan/.venvs/airflow310/lib/python3.10/site-packages/airflow/example_dags/example_params_ui_tutorial.py for tasks to queue
[2025-08-19T17:25:16.512+0200] {logging_mixin.py:188} INFO - [2025-08-19T17:25:16.512+0200] {dagbag.py:545} INFO - Filling up the DagBag from /Users/ehabhasan/.venvs/airflow310/lib/python3.10/site-packages/airflow/example_dags/example_params_ui_tutorial.py
[2025-08-19T17:25:16.526+0200] {processor.py:840} INFO - DAG(s) 'example_params_ui_tutorial' retrieved from /Users/ehabhasan/.venvs/airflow310/lib/python3.10/site-packages/airflow/example_dags/example_params_ui_tutorial.py
[2025-08-19T17:25:16.571+0200] {logging_mixin.py:188} INFO - [2025-08-19T17:25:16.570+0200] {dag.py:3089} INFO - Sync 1 DAGs
[2025-08-19T17:25:16.593+0200] {logging_mixin.py:188} INFO - [2025-08-19T17:25:16.593+0200] {dag.py:3947} INFO - Setting next_dagrun for example_params_ui_tutorial to None, run_after=None
[2025-08-19T17:25:16.600+0200] {processor.py:183} INFO - Processing /Users/ehabhasan/.venvs/airflow310/lib/python3.10/site-packages/airflow/example_dags/example_params_ui_tutorial.py took 0.091 seconds
[2025-08-19T17:27:02.720+0200] {processor.py:161} INFO - Started process (PID=11892) to work on /Users/ehabhasan/.venvs/airflow310/lib/python3.10/site-packages/airflow/example_dags/example_params_ui_tutorial.py
[2025-08-19T17:27:02.722+0200] {processor.py:830} INFO - Processing file /Users/ehabhasan/.venvs/airflow310/lib/python3.10/site-packages/airflow/example_dags/example_params_ui_tutorial.py for tasks to queue
[2025-08-19T17:27:02.722+0200] {logging_mixin.py:188} INFO - [2025-08-19T17:27:02.722+0200] {dagbag.py:545} INFO - Filling up the DagBag from /Users/ehabhasan/.venvs/airflow310/lib/python3.10/site-packages/airflow/example_dags/example_params_ui_tutorial.py
[2025-08-19T17:27:02.735+0200] {processor.py:840} INFO - DAG(s) 'example_params_ui_tutorial' retrieved from /Users/ehabhasan/.venvs/airflow310/lib/python3.10/site-packages/airflow/example_dags/example_params_ui_tutorial.py
[2025-08-19T17:27:02.781+0200] {logging_mixin.py:188} INFO - [2025-08-19T17:27:02.781+0200] {dag.py:3089} INFO - Sync 1 DAGs
[2025-08-19T17:27:02.804+0200] {logging_mixin.py:188} INFO - [2025-08-19T17:27:02.804+0200] {dag.py:3947} INFO - Setting next_dagrun for example_params_ui_tutorial to None, run_after=None
[2025-08-19T17:27:02.811+0200] {processor.py:183} INFO - Processing /Users/ehabhasan/.venvs/airflow310/lib/python3.10/site-packages/airflow/example_dags/example_params_ui_tutorial.py took 0.092 seconds
[2025-08-19T17:28:51.924+0200] {processor.py:161} INFO - Started process (PID=11980) to work on /Users/ehabhasan/.venvs/airflow310/lib/python3.10/site-packages/airflow/example_dags/example_params_ui_tutorial.py
[2025-08-19T17:28:51.924+0200] {processor.py:830} INFO - Processing file /Users/ehabhasan/.venvs/airflow310/lib/python3.10/site-packages/airflow/example_dags/example_params_ui_tutorial.py for tasks to queue
[2025-08-19T17:28:51.924+0200] {logging_mixin.py:188} INFO - [2025-08-19T17:28:51.924+0200] {dagbag.py:545} INFO - Filling up the DagBag from /Users/ehabhasan/.venvs/airflow310/lib/python3.10/site-packages/airflow/example_dags/example_params_ui_tutorial.py
[2025-08-19T17:28:51.939+0200] {processor.py:840} INFO - DAG(s) 'example_params_ui_tutorial' retrieved from /Users/ehabhasan/.venvs/airflow310/lib/python3.10/site-packages/airflow/example_dags/example_params_ui_tutorial.py
[2025-08-19T17:28:51.983+0200] {logging_mixin.py:188} INFO - [2025-08-19T17:28:51.983+0200] {dag.py:3089} INFO - Sync 1 DAGs
[2025-08-19T17:28:52.007+0200] {logging_mixin.py:188} INFO - [2025-08-19T17:28:52.006+0200] {dag.py:3947} INFO - Setting next_dagrun for example_params_ui_tutorial to None, run_after=None
[2025-08-19T17:28:52.013+0200] {processor.py:183} INFO - Processing /Users/ehabhasan/.venvs/airflow310/lib/python3.10/site-packages/airflow/example_dags/example_params_ui_tutorial.py took 0.091 seconds
[2025-08-19T17:30:43.669+0200] {processor.py:161} INFO - Started process (PID=13795) to work on /Users/ehabhasan/.venvs/airflow310/lib/python3.10/site-packages/airflow/example_dags/example_params_ui_tutorial.py
[2025-08-19T17:30:43.670+0200] {processor.py:830} INFO - Processing file /Users/ehabhasan/.venvs/airflow310/lib/python3.10/site-packages/airflow/example_dags/example_params_ui_tutorial.py for tasks to queue
[2025-08-19T17:30:43.671+0200] {logging_mixin.py:188} INFO - [2025-08-19T17:30:43.671+0200] {dagbag.py:545} INFO - Filling up the DagBag from /Users/ehabhasan/.venvs/airflow310/lib/python3.10/site-packages/airflow/example_dags/example_params_ui_tutorial.py
[2025-08-19T17:30:43.685+0200] {processor.py:840} INFO - DAG(s) 'example_params_ui_tutorial' retrieved from /Users/ehabhasan/.venvs/airflow310/lib/python3.10/site-packages/airflow/example_dags/example_params_ui_tutorial.py
[2025-08-19T17:30:43.731+0200] {logging_mixin.py:188} INFO - [2025-08-19T17:30:43.730+0200] {dag.py:3089} INFO - Sync 1 DAGs
[2025-08-19T17:30:43.755+0200] {logging_mixin.py:188} INFO - [2025-08-19T17:30:43.755+0200] {dag.py:3947} INFO - Setting next_dagrun for example_params_ui_tutorial to None, run_after=None
[2025-08-19T17:30:43.763+0200] {processor.py:183} INFO - Processing /Users/ehabhasan/.venvs/airflow310/lib/python3.10/site-packages/airflow/example_dags/example_params_ui_tutorial.py took 0.095 seconds
[2025-08-19T17:32:39.589+0200] {processor.py:161} INFO - Started process (PID=14152) to work on /Users/ehabhasan/.venvs/airflow310/lib/python3.10/site-packages/airflow/example_dags/example_params_ui_tutorial.py
[2025-08-19T17:32:39.589+0200] {processor.py:830} INFO - Processing file /Users/ehabhasan/.venvs/airflow310/lib/python3.10/site-packages/airflow/example_dags/example_params_ui_tutorial.py for tasks to queue
[2025-08-19T17:32:39.589+0200] {logging_mixin.py:188} INFO - [2025-08-19T17:32:39.589+0200] {dagbag.py:545} INFO - Filling up the DagBag from /Users/ehabhasan/.venvs/airflow310/lib/python3.10/site-packages/airflow/example_dags/example_params_ui_tutorial.py
[2025-08-19T17:32:39.603+0200] {processor.py:840} INFO - DAG(s) 'example_params_ui_tutorial' retrieved from /Users/ehabhasan/.venvs/airflow310/lib/python3.10/site-packages/airflow/example_dags/example_params_ui_tutorial.py
[2025-08-19T17:32:39.648+0200] {logging_mixin.py:188} INFO - [2025-08-19T17:32:39.647+0200] {dag.py:3089} INFO - Sync 1 DAGs
[2025-08-19T17:32:39.671+0200] {logging_mixin.py:188} INFO - [2025-08-19T17:32:39.670+0200] {dag.py:3947} INFO - Setting next_dagrun for example_params_ui_tutorial to None, run_after=None
[2025-08-19T17:32:39.677+0200] {processor.py:183} INFO - Processing /Users/ehabhasan/.venvs/airflow310/lib/python3.10/site-packages/airflow/example_dags/example_params_ui_tutorial.py took 0.090 seconds
[2025-08-19T17:34:25.343+0200] {processor.py:161} INFO - Started process (PID=14257) to work on /Users/ehabhasan/.venvs/airflow310/lib/python3.10/site-packages/airflow/example_dags/example_params_ui_tutorial.py
[2025-08-19T17:34:25.343+0200] {processor.py:830} INFO - Processing file /Users/ehabhasan/.venvs/airflow310/lib/python3.10/site-packages/airflow/example_dags/example_params_ui_tutorial.py for tasks to queue
[2025-08-19T17:34:25.344+0200] {logging_mixin.py:188} INFO - [2025-08-19T17:34:25.344+0200] {dagbag.py:545} INFO - Filling up the DagBag from /Users/ehabhasan/.venvs/airflow310/lib/python3.10/site-packages/airflow/example_dags/example_params_ui_tutorial.py
[2025-08-19T17:34:25.358+0200] {processor.py:840} INFO - DAG(s) 'example_params_ui_tutorial' retrieved from /Users/ehabhasan/.venvs/airflow310/lib/python3.10/site-packages/airflow/example_dags/example_params_ui_tutorial.py
[2025-08-19T17:34:25.404+0200] {logging_mixin.py:188} INFO - [2025-08-19T17:34:25.403+0200] {dag.py:3089} INFO - Sync 1 DAGs
[2025-08-19T17:34:25.427+0200] {logging_mixin.py:188} INFO - [2025-08-19T17:34:25.427+0200] {dag.py:3947} INFO - Setting next_dagrun for example_params_ui_tutorial to None, run_after=None
[2025-08-19T17:34:25.434+0200] {processor.py:183} INFO - Processing /Users/ehabhasan/.venvs/airflow310/lib/python3.10/site-packages/airflow/example_dags/example_params_ui_tutorial.py took 0.092 seconds
[2025-08-19T17:36:16.479+0200] {processor.py:161} INFO - Started process (PID=14468) to work on /Users/ehabhasan/.venvs/airflow310/lib/python3.10/site-packages/airflow/example_dags/example_params_ui_tutorial.py
[2025-08-19T17:36:16.479+0200] {processor.py:830} INFO - Processing file /Users/ehabhasan/.venvs/airflow310/lib/python3.10/site-packages/airflow/example_dags/example_params_ui_tutorial.py for tasks to queue
[2025-08-19T17:36:16.479+0200] {logging_mixin.py:188} INFO - [2025-08-19T17:36:16.479+0200] {dagbag.py:545} INFO - Filling up the DagBag from /Users/ehabhasan/.venvs/airflow310/lib/python3.10/site-packages/airflow/example_dags/example_params_ui_tutorial.py
[2025-08-19T17:36:16.493+0200] {processor.py:840} INFO - DAG(s) 'example_params_ui_tutorial' retrieved from /Users/ehabhasan/.venvs/airflow310/lib/python3.10/site-packages/airflow/example_dags/example_params_ui_tutorial.py
[2025-08-19T17:36:16.537+0200] {logging_mixin.py:188} INFO - [2025-08-19T17:36:16.537+0200] {dag.py:3089} INFO - Sync 1 DAGs
[2025-08-19T17:36:16.562+0200] {logging_mixin.py:188} INFO - [2025-08-19T17:36:16.562+0200] {dag.py:3947} INFO - Setting next_dagrun for example_params_ui_tutorial to None, run_after=None
[2025-08-19T17:36:16.569+0200] {processor.py:183} INFO - Processing /Users/ehabhasan/.venvs/airflow310/lib/python3.10/site-packages/airflow/example_dags/example_params_ui_tutorial.py took 0.092 seconds
[2025-08-19T17:38:11.432+0200] {processor.py:161} INFO - Started process (PID=14597) to work on /Users/ehabhasan/.venvs/airflow310/lib/python3.10/site-packages/airflow/example_dags/example_params_ui_tutorial.py
[2025-08-19T17:38:11.432+0200] {processor.py:830} INFO - Processing file /Users/ehabhasan/.venvs/airflow310/lib/python3.10/site-packages/airflow/example_dags/example_params_ui_tutorial.py for tasks to queue
[2025-08-19T17:38:11.432+0200] {logging_mixin.py:188} INFO - [2025-08-19T17:38:11.432+0200] {dagbag.py:545} INFO - Filling up the DagBag from /Users/ehabhasan/.venvs/airflow310/lib/python3.10/site-packages/airflow/example_dags/example_params_ui_tutorial.py
[2025-08-19T17:38:11.447+0200] {processor.py:840} INFO - DAG(s) 'example_params_ui_tutorial' retrieved from /Users/ehabhasan/.venvs/airflow310/lib/python3.10/site-packages/airflow/example_dags/example_params_ui_tutorial.py
[2025-08-19T17:38:11.491+0200] {logging_mixin.py:188} INFO - [2025-08-19T17:38:11.491+0200] {dag.py:3089} INFO - Sync 1 DAGs
[2025-08-19T17:38:11.515+0200] {logging_mixin.py:188} INFO - [2025-08-19T17:38:11.515+0200] {dag.py:3947} INFO - Setting next_dagrun for example_params_ui_tutorial to None, run_after=None
[2025-08-19T17:38:11.522+0200] {processor.py:183} INFO - Processing /Users/ehabhasan/.venvs/airflow310/lib/python3.10/site-packages/airflow/example_dags/example_params_ui_tutorial.py took 0.092 seconds
[2025-08-19T17:40:14.951+0200] {processor.py:161} INFO - Started process (PID=14837) to work on /Users/ehabhasan/.venvs/airflow310/lib/python3.10/site-packages/airflow/example_dags/example_params_ui_tutorial.py
[2025-08-19T17:40:14.952+0200] {processor.py:830} INFO - Processing file /Users/ehabhasan/.venvs/airflow310/lib/python3.10/site-packages/airflow/example_dags/example_params_ui_tutorial.py for tasks to queue
[2025-08-19T17:40:14.952+0200] {logging_mixin.py:188} INFO - [2025-08-19T17:40:14.952+0200] {dagbag.py:545} INFO - Filling up the DagBag from /Users/ehabhasan/.venvs/airflow310/lib/python3.10/site-packages/airflow/example_dags/example_params_ui_tutorial.py
[2025-08-19T17:40:14.967+0200] {processor.py:840} INFO - DAG(s) 'example_params_ui_tutorial' retrieved from /Users/ehabhasan/.venvs/airflow310/lib/python3.10/site-packages/airflow/example_dags/example_params_ui_tutorial.py
[2025-08-19T17:40:15.015+0200] {logging_mixin.py:188} INFO - [2025-08-19T17:40:15.015+0200] {dag.py:3089} INFO - Sync 1 DAGs
[2025-08-19T17:40:15.040+0200] {logging_mixin.py:188} INFO - [2025-08-19T17:40:15.040+0200] {dag.py:3947} INFO - Setting next_dagrun for example_params_ui_tutorial to None, run_after=None
[2025-08-19T17:40:15.047+0200] {processor.py:183} INFO - Processing /Users/ehabhasan/.venvs/airflow310/lib/python3.10/site-packages/airflow/example_dags/example_params_ui_tutorial.py took 0.097 seconds
[2025-08-19T17:45:48.374+0200] {processor.py:161} INFO - Started process (PID=14986) to work on /Users/ehabhasan/.venvs/airflow310/lib/python3.10/site-packages/airflow/example_dags/example_params_ui_tutorial.py
[2025-08-19T17:45:48.374+0200] {processor.py:830} INFO - Processing file /Users/ehabhasan/.venvs/airflow310/lib/python3.10/site-packages/airflow/example_dags/example_params_ui_tutorial.py for tasks to queue
[2025-08-19T17:45:48.375+0200] {logging_mixin.py:188} INFO - [2025-08-19T17:45:48.375+0200] {dagbag.py:545} INFO - Filling up the DagBag from /Users/ehabhasan/.venvs/airflow310/lib/python3.10/site-packages/airflow/example_dags/example_params_ui_tutorial.py
[2025-08-19T17:45:48.388+0200] {processor.py:840} INFO - DAG(s) 'example_params_ui_tutorial' retrieved from /Users/ehabhasan/.venvs/airflow310/lib/python3.10/site-packages/airflow/example_dags/example_params_ui_tutorial.py
[2025-08-19T17:45:48.432+0200] {logging_mixin.py:188} INFO - [2025-08-19T17:45:48.432+0200] {dag.py:3089} INFO - Sync 1 DAGs
[2025-08-19T17:45:48.456+0200] {logging_mixin.py:188} INFO - [2025-08-19T17:45:48.455+0200] {dag.py:3947} INFO - Setting next_dagrun for example_params_ui_tutorial to None, run_after=None
[2025-08-19T17:45:48.462+0200] {processor.py:183} INFO - Processing /Users/ehabhasan/.venvs/airflow310/lib/python3.10/site-packages/airflow/example_dags/example_params_ui_tutorial.py took 0.090 seconds
[2025-08-19T17:47:51.222+0200] {processor.py:161} INFO - Started process (PID=15085) to work on /Users/ehabhasan/.venvs/airflow310/lib/python3.10/site-packages/airflow/example_dags/example_params_ui_tutorial.py
[2025-08-19T17:47:51.223+0200] {processor.py:830} INFO - Processing file /Users/ehabhasan/.venvs/airflow310/lib/python3.10/site-packages/airflow/example_dags/example_params_ui_tutorial.py for tasks to queue
[2025-08-19T17:47:51.223+0200] {logging_mixin.py:188} INFO - [2025-08-19T17:47:51.223+0200] {dagbag.py:545} INFO - Filling up the DagBag from /Users/ehabhasan/.venvs/airflow310/lib/python3.10/site-packages/airflow/example_dags/example_params_ui_tutorial.py
[2025-08-19T17:47:51.236+0200] {processor.py:840} INFO - DAG(s) 'example_params_ui_tutorial' retrieved from /Users/ehabhasan/.venvs/airflow310/lib/python3.10/site-packages/airflow/example_dags/example_params_ui_tutorial.py
[2025-08-19T17:47:51.281+0200] {logging_mixin.py:188} INFO - [2025-08-19T17:47:51.281+0200] {dag.py:3089} INFO - Sync 1 DAGs
[2025-08-19T17:47:51.304+0200] {logging_mixin.py:188} INFO - [2025-08-19T17:47:51.304+0200] {dag.py:3947} INFO - Setting next_dagrun for example_params_ui_tutorial to None, run_after=None
[2025-08-19T17:47:51.311+0200] {processor.py:183} INFO - Processing /Users/ehabhasan/.venvs/airflow310/lib/python3.10/site-packages/airflow/example_dags/example_params_ui_tutorial.py took 0.091 seconds
[2025-08-19T17:49:42.230+0200] {processor.py:161} INFO - Started process (PID=15168) to work on /Users/ehabhasan/.venvs/airflow310/lib/python3.10/site-packages/airflow/example_dags/example_params_ui_tutorial.py
[2025-08-19T17:49:42.230+0200] {processor.py:830} INFO - Processing file /Users/ehabhasan/.venvs/airflow310/lib/python3.10/site-packages/airflow/example_dags/example_params_ui_tutorial.py for tasks to queue
[2025-08-19T17:49:42.231+0200] {logging_mixin.py:188} INFO - [2025-08-19T17:49:42.230+0200] {dagbag.py:545} INFO - Filling up the DagBag from /Users/ehabhasan/.venvs/airflow310/lib/python3.10/site-packages/airflow/example_dags/example_params_ui_tutorial.py
[2025-08-19T17:49:42.245+0200] {processor.py:840} INFO - DAG(s) 'example_params_ui_tutorial' retrieved from /Users/ehabhasan/.venvs/airflow310/lib/python3.10/site-packages/airflow/example_dags/example_params_ui_tutorial.py
[2025-08-19T17:49:42.291+0200] {logging_mixin.py:188} INFO - [2025-08-19T17:49:42.290+0200] {dag.py:3089} INFO - Sync 1 DAGs
[2025-08-19T17:49:42.314+0200] {logging_mixin.py:188} INFO - [2025-08-19T17:49:42.314+0200] {dag.py:3947} INFO - Setting next_dagrun for example_params_ui_tutorial to None, run_after=None
[2025-08-19T17:49:42.321+0200] {processor.py:183} INFO - Processing /Users/ehabhasan/.venvs/airflow310/lib/python3.10/site-packages/airflow/example_dags/example_params_ui_tutorial.py took 0.092 seconds
