[2025-08-19T16:48:20.627+0200] {processor.py:161} INFO - Started process (PID=7637) to work on /Users/ehabhasan/.venvs/airflow310/lib/python3.10/site-packages/airflow/example_dags/example_short_circuit_operator.py
[2025-08-19T16:48:20.627+0200] {processor.py:830} INFO - Processing file /Users/ehabhasan/.venvs/airflow310/lib/python3.10/site-packages/airflow/example_dags/example_short_circuit_operator.py for tasks to queue
[2025-08-19T16:48:20.628+0200] {logging_mixin.py:188} INFO - [2025-08-19T16:48:20.628+0200] {dagbag.py:545} INFO - Filling up the DagBag from /Users/ehabhasan/.venvs/airflow310/lib/python3.10/site-packages/airflow/example_dags/example_short_circuit_operator.py
[2025-08-19T16:48:20.638+0200] {processor.py:840} INFO - DAG(s) 'example_short_circuit_operator' retrieved from /Users/ehabhasan/.venvs/airflow310/lib/python3.10/site-packages/airflow/example_dags/example_short_circuit_operator.py
[2025-08-19T16:48:20.722+0200] {logging_mixin.py:188} INFO - [2025-08-19T16:48:20.722+0200] {dag.py:3089} INFO - Sync 1 DAGs
[2025-08-19T16:48:20.727+0200] {logging_mixin.py:188} INFO - [2025-08-19T16:48:20.727+0200] {dag.py:3947} INFO - Setting next_dagrun for example_short_circuit_operator to 2025-08-18 00:00:00+00:00, run_after=2025-08-19 00:00:00+00:00
[2025-08-19T16:48:20.734+0200] {processor.py:183} INFO - Processing /Users/ehabhasan/.venvs/airflow310/lib/python3.10/site-packages/airflow/example_dags/example_short_circuit_operator.py took 0.109 seconds
[2025-08-19T16:49:39.705+0200] {processor.py:161} INFO - Started process (PID=7696) to work on /Users/ehabhasan/.venvs/airflow310/lib/python3.10/site-packages/airflow/example_dags/example_short_circuit_operator.py
[2025-08-19T16:49:39.706+0200] {processor.py:830} INFO - Processing file /Users/ehabhasan/.venvs/airflow310/lib/python3.10/site-packages/airflow/example_dags/example_short_circuit_operator.py for tasks to queue
[2025-08-19T16:49:39.706+0200] {logging_mixin.py:188} INFO - [2025-08-19T16:49:39.706+0200] {dagbag.py:545} INFO - Filling up the DagBag from /Users/ehabhasan/.venvs/airflow310/lib/python3.10/site-packages/airflow/example_dags/example_short_circuit_operator.py
[2025-08-19T16:49:39.716+0200] {processor.py:840} INFO - DAG(s) 'example_short_circuit_operator' retrieved from /Users/ehabhasan/.venvs/airflow310/lib/python3.10/site-packages/airflow/example_dags/example_short_circuit_operator.py
[2025-08-19T16:49:39.752+0200] {logging_mixin.py:188} INFO - [2025-08-19T16:49:39.752+0200] {dag.py:3089} INFO - Sync 1 DAGs
[2025-08-19T16:49:39.777+0200] {logging_mixin.py:188} INFO - [2025-08-19T16:49:39.777+0200] {dag.py:3947} INFO - Setting next_dagrun for example_short_circuit_operator to 2025-08-18 00:00:00+00:00, run_after=2025-08-19 00:00:00+00:00
[2025-08-19T16:49:39.783+0200] {processor.py:183} INFO - Processing /Users/ehabhasan/.venvs/airflow310/lib/python3.10/site-packages/airflow/example_dags/example_short_circuit_operator.py took 0.081 seconds
[2025-08-19T16:51:11.751+0200] {processor.py:161} INFO - Started process (PID=7766) to work on /Users/ehabhasan/.venvs/airflow310/lib/python3.10/site-packages/airflow/example_dags/example_short_circuit_operator.py
[2025-08-19T16:51:11.752+0200] {processor.py:830} INFO - Processing file /Users/ehabhasan/.venvs/airflow310/lib/python3.10/site-packages/airflow/example_dags/example_short_circuit_operator.py for tasks to queue
[2025-08-19T16:51:11.752+0200] {logging_mixin.py:188} INFO - [2025-08-19T16:51:11.752+0200] {dagbag.py:545} INFO - Filling up the DagBag from /Users/ehabhasan/.venvs/airflow310/lib/python3.10/site-packages/airflow/example_dags/example_short_circuit_operator.py
[2025-08-19T16:51:11.762+0200] {processor.py:840} INFO - DAG(s) 'example_short_circuit_operator' retrieved from /Users/ehabhasan/.venvs/airflow310/lib/python3.10/site-packages/airflow/example_dags/example_short_circuit_operator.py
[2025-08-19T16:51:11.797+0200] {logging_mixin.py:188} INFO - [2025-08-19T16:51:11.797+0200] {dag.py:3089} INFO - Sync 1 DAGs
[2025-08-19T16:51:11.823+0200] {logging_mixin.py:188} INFO - [2025-08-19T16:51:11.823+0200] {dag.py:3947} INFO - Setting next_dagrun for example_short_circuit_operator to 2025-08-18 00:00:00+00:00, run_after=2025-08-19 00:00:00+00:00
[2025-08-19T16:51:11.830+0200] {processor.py:183} INFO - Processing /Users/ehabhasan/.venvs/airflow310/lib/python3.10/site-packages/airflow/example_dags/example_short_circuit_operator.py took 0.081 seconds
[2025-08-19T16:52:51.725+0200] {processor.py:161} INFO - Started process (PID=7838) to work on /Users/ehabhasan/.venvs/airflow310/lib/python3.10/site-packages/airflow/example_dags/example_short_circuit_operator.py
[2025-08-19T16:52:51.725+0200] {processor.py:830} INFO - Processing file /Users/ehabhasan/.venvs/airflow310/lib/python3.10/site-packages/airflow/example_dags/example_short_circuit_operator.py for tasks to queue
[2025-08-19T16:52:51.725+0200] {logging_mixin.py:188} INFO - [2025-08-19T16:52:51.725+0200] {dagbag.py:545} INFO - Filling up the DagBag from /Users/ehabhasan/.venvs/airflow310/lib/python3.10/site-packages/airflow/example_dags/example_short_circuit_operator.py
[2025-08-19T16:52:51.735+0200] {processor.py:840} INFO - DAG(s) 'example_short_circuit_operator' retrieved from /Users/ehabhasan/.venvs/airflow310/lib/python3.10/site-packages/airflow/example_dags/example_short_circuit_operator.py
[2025-08-19T16:52:51.771+0200] {logging_mixin.py:188} INFO - [2025-08-19T16:52:51.771+0200] {dag.py:3089} INFO - Sync 1 DAGs
[2025-08-19T16:52:51.796+0200] {logging_mixin.py:188} INFO - [2025-08-19T16:52:51.796+0200] {dag.py:3947} INFO - Setting next_dagrun for example_short_circuit_operator to 2025-08-18 00:00:00+00:00, run_after=2025-08-19 00:00:00+00:00
[2025-08-19T16:52:51.803+0200] {processor.py:183} INFO - Processing /Users/ehabhasan/.venvs/airflow310/lib/python3.10/site-packages/airflow/example_dags/example_short_circuit_operator.py took 0.080 seconds
[2025-08-19T16:54:29.321+0200] {processor.py:161} INFO - Started process (PID=7947) to work on /Users/ehabhasan/.venvs/airflow310/lib/python3.10/site-packages/airflow/example_dags/example_short_circuit_operator.py
[2025-08-19T16:54:29.321+0200] {processor.py:830} INFO - Processing file /Users/ehabhasan/.venvs/airflow310/lib/python3.10/site-packages/airflow/example_dags/example_short_circuit_operator.py for tasks to queue
[2025-08-19T16:54:29.322+0200] {logging_mixin.py:188} INFO - [2025-08-19T16:54:29.321+0200] {dagbag.py:545} INFO - Filling up the DagBag from /Users/ehabhasan/.venvs/airflow310/lib/python3.10/site-packages/airflow/example_dags/example_short_circuit_operator.py
[2025-08-19T16:54:29.332+0200] {processor.py:840} INFO - DAG(s) 'example_short_circuit_operator' retrieved from /Users/ehabhasan/.venvs/airflow310/lib/python3.10/site-packages/airflow/example_dags/example_short_circuit_operator.py
[2025-08-19T16:54:29.367+0200] {logging_mixin.py:188} INFO - [2025-08-19T16:54:29.367+0200] {dag.py:3089} INFO - Sync 1 DAGs
[2025-08-19T16:54:29.394+0200] {logging_mixin.py:188} INFO - [2025-08-19T16:54:29.394+0200] {dag.py:3947} INFO - Setting next_dagrun for example_short_circuit_operator to 2025-08-18 00:00:00+00:00, run_after=2025-08-19 00:00:00+00:00
[2025-08-19T16:54:29.400+0200] {processor.py:183} INFO - Processing /Users/ehabhasan/.venvs/airflow310/lib/python3.10/site-packages/airflow/example_dags/example_short_circuit_operator.py took 0.081 seconds
[2025-08-19T16:56:07.397+0200] {processor.py:161} INFO - Started process (PID=8022) to work on /Users/ehabhasan/.venvs/airflow310/lib/python3.10/site-packages/airflow/example_dags/example_short_circuit_operator.py
[2025-08-19T16:56:07.398+0200] {processor.py:830} INFO - Processing file /Users/ehabhasan/.venvs/airflow310/lib/python3.10/site-packages/airflow/example_dags/example_short_circuit_operator.py for tasks to queue
[2025-08-19T16:56:07.398+0200] {logging_mixin.py:188} INFO - [2025-08-19T16:56:07.398+0200] {dagbag.py:545} INFO - Filling up the DagBag from /Users/ehabhasan/.venvs/airflow310/lib/python3.10/site-packages/airflow/example_dags/example_short_circuit_operator.py
[2025-08-19T16:56:07.408+0200] {processor.py:840} INFO - DAG(s) 'example_short_circuit_operator' retrieved from /Users/ehabhasan/.venvs/airflow310/lib/python3.10/site-packages/airflow/example_dags/example_short_circuit_operator.py
[2025-08-19T16:56:07.444+0200] {logging_mixin.py:188} INFO - [2025-08-19T16:56:07.444+0200] {dag.py:3089} INFO - Sync 1 DAGs
[2025-08-19T16:56:07.471+0200] {logging_mixin.py:188} INFO - [2025-08-19T16:56:07.471+0200] {dag.py:3947} INFO - Setting next_dagrun for example_short_circuit_operator to 2025-08-18 00:00:00+00:00, run_after=2025-08-19 00:00:00+00:00
[2025-08-19T16:56:07.477+0200] {processor.py:183} INFO - Processing /Users/ehabhasan/.venvs/airflow310/lib/python3.10/site-packages/airflow/example_dags/example_short_circuit_operator.py took 0.082 seconds
[2025-08-19T16:57:52.687+0200] {processor.py:161} INFO - Started process (PID=8096) to work on /Users/ehabhasan/.venvs/airflow310/lib/python3.10/site-packages/airflow/example_dags/example_short_circuit_operator.py
[2025-08-19T16:57:52.687+0200] {processor.py:830} INFO - Processing file /Users/ehabhasan/.venvs/airflow310/lib/python3.10/site-packages/airflow/example_dags/example_short_circuit_operator.py for tasks to queue
[2025-08-19T16:57:52.688+0200] {logging_mixin.py:188} INFO - [2025-08-19T16:57:52.687+0200] {dagbag.py:545} INFO - Filling up the DagBag from /Users/ehabhasan/.venvs/airflow310/lib/python3.10/site-packages/airflow/example_dags/example_short_circuit_operator.py
[2025-08-19T16:57:52.698+0200] {processor.py:840} INFO - DAG(s) 'example_short_circuit_operator' retrieved from /Users/ehabhasan/.venvs/airflow310/lib/python3.10/site-packages/airflow/example_dags/example_short_circuit_operator.py
[2025-08-19T16:57:52.733+0200] {logging_mixin.py:188} INFO - [2025-08-19T16:57:52.733+0200] {dag.py:3089} INFO - Sync 1 DAGs
[2025-08-19T16:57:52.759+0200] {logging_mixin.py:188} INFO - [2025-08-19T16:57:52.759+0200] {dag.py:3947} INFO - Setting next_dagrun for example_short_circuit_operator to 2025-08-18 00:00:00+00:00, run_after=2025-08-19 00:00:00+00:00
[2025-08-19T16:57:52.765+0200] {processor.py:183} INFO - Processing /Users/ehabhasan/.venvs/airflow310/lib/python3.10/site-packages/airflow/example_dags/example_short_circuit_operator.py took 0.080 seconds
[2025-08-19T17:00:00.186+0200] {processor.py:161} INFO - Started process (PID=8210) to work on /Users/ehabhasan/.venvs/airflow310/lib/python3.10/site-packages/airflow/example_dags/example_short_circuit_operator.py
[2025-08-19T17:00:00.186+0200] {processor.py:830} INFO - Processing file /Users/ehabhasan/.venvs/airflow310/lib/python3.10/site-packages/airflow/example_dags/example_short_circuit_operator.py for tasks to queue
[2025-08-19T17:00:00.186+0200] {logging_mixin.py:188} INFO - [2025-08-19T17:00:00.186+0200] {dagbag.py:545} INFO - Filling up the DagBag from /Users/ehabhasan/.venvs/airflow310/lib/python3.10/site-packages/airflow/example_dags/example_short_circuit_operator.py
[2025-08-19T17:00:00.197+0200] {processor.py:840} INFO - DAG(s) 'example_short_circuit_operator' retrieved from /Users/ehabhasan/.venvs/airflow310/lib/python3.10/site-packages/airflow/example_dags/example_short_circuit_operator.py
[2025-08-19T17:00:00.235+0200] {logging_mixin.py:188} INFO - [2025-08-19T17:00:00.235+0200] {dag.py:3089} INFO - Sync 1 DAGs
[2025-08-19T17:00:00.264+0200] {logging_mixin.py:188} INFO - [2025-08-19T17:00:00.264+0200] {dag.py:3947} INFO - Setting next_dagrun for example_short_circuit_operator to 2025-08-18 00:00:00+00:00, run_after=2025-08-19 00:00:00+00:00
[2025-08-19T17:00:00.271+0200] {processor.py:183} INFO - Processing /Users/ehabhasan/.venvs/airflow310/lib/python3.10/site-packages/airflow/example_dags/example_short_circuit_operator.py took 0.087 seconds
[2025-08-19T17:01:50.349+0200] {processor.py:161} INFO - Started process (PID=8292) to work on /Users/ehabhasan/.venvs/airflow310/lib/python3.10/site-packages/airflow/example_dags/example_short_circuit_operator.py
[2025-08-19T17:01:50.349+0200] {processor.py:830} INFO - Processing file /Users/ehabhasan/.venvs/airflow310/lib/python3.10/site-packages/airflow/example_dags/example_short_circuit_operator.py for tasks to queue
[2025-08-19T17:01:50.349+0200] {logging_mixin.py:188} INFO - [2025-08-19T17:01:50.349+0200] {dagbag.py:545} INFO - Filling up the DagBag from /Users/ehabhasan/.venvs/airflow310/lib/python3.10/site-packages/airflow/example_dags/example_short_circuit_operator.py
[2025-08-19T17:01:50.360+0200] {processor.py:840} INFO - DAG(s) 'example_short_circuit_operator' retrieved from /Users/ehabhasan/.venvs/airflow310/lib/python3.10/site-packages/airflow/example_dags/example_short_circuit_operator.py
[2025-08-19T17:01:50.397+0200] {logging_mixin.py:188} INFO - [2025-08-19T17:01:50.397+0200] {dag.py:3089} INFO - Sync 1 DAGs
[2025-08-19T17:01:50.423+0200] {logging_mixin.py:188} INFO - [2025-08-19T17:01:50.423+0200] {dag.py:3947} INFO - Setting next_dagrun for example_short_circuit_operator to 2025-08-18 00:00:00+00:00, run_after=2025-08-19 00:00:00+00:00
[2025-08-19T17:01:50.430+0200] {processor.py:183} INFO - Processing /Users/ehabhasan/.venvs/airflow310/lib/python3.10/site-packages/airflow/example_dags/example_short_circuit_operator.py took 0.083 seconds
[2025-08-19T17:03:27.502+0200] {processor.py:161} INFO - Started process (PID=8370) to work on /Users/ehabhasan/.venvs/airflow310/lib/python3.10/site-packages/airflow/example_dags/example_short_circuit_operator.py
[2025-08-19T17:03:27.502+0200] {processor.py:830} INFO - Processing file /Users/ehabhasan/.venvs/airflow310/lib/python3.10/site-packages/airflow/example_dags/example_short_circuit_operator.py for tasks to queue
[2025-08-19T17:03:27.502+0200] {logging_mixin.py:188} INFO - [2025-08-19T17:03:27.502+0200] {dagbag.py:545} INFO - Filling up the DagBag from /Users/ehabhasan/.venvs/airflow310/lib/python3.10/site-packages/airflow/example_dags/example_short_circuit_operator.py
[2025-08-19T17:03:27.513+0200] {processor.py:840} INFO - DAG(s) 'example_short_circuit_operator' retrieved from /Users/ehabhasan/.venvs/airflow310/lib/python3.10/site-packages/airflow/example_dags/example_short_circuit_operator.py
[2025-08-19T17:03:27.560+0200] {logging_mixin.py:188} INFO - [2025-08-19T17:03:27.560+0200] {dag.py:3089} INFO - Sync 1 DAGs
[2025-08-19T17:03:27.592+0200] {logging_mixin.py:188} INFO - [2025-08-19T17:03:27.591+0200] {dag.py:3947} INFO - Setting next_dagrun for example_short_circuit_operator to 2025-08-18 00:00:00+00:00, run_after=2025-08-19 00:00:00+00:00
[2025-08-19T17:03:27.599+0200] {processor.py:183} INFO - Processing /Users/ehabhasan/.venvs/airflow310/lib/python3.10/site-packages/airflow/example_dags/example_short_circuit_operator.py took 0.099 seconds
[2025-08-19T17:05:07.466+0200] {processor.py:161} INFO - Started process (PID=8975) to work on /Users/ehabhasan/.venvs/airflow310/lib/python3.10/site-packages/airflow/example_dags/example_short_circuit_operator.py
[2025-08-19T17:05:07.467+0200] {processor.py:830} INFO - Processing file /Users/ehabhasan/.venvs/airflow310/lib/python3.10/site-packages/airflow/example_dags/example_short_circuit_operator.py for tasks to queue
[2025-08-19T17:05:07.467+0200] {logging_mixin.py:188} INFO - [2025-08-19T17:05:07.467+0200] {dagbag.py:545} INFO - Filling up the DagBag from /Users/ehabhasan/.venvs/airflow310/lib/python3.10/site-packages/airflow/example_dags/example_short_circuit_operator.py
[2025-08-19T17:05:07.477+0200] {processor.py:840} INFO - DAG(s) 'example_short_circuit_operator' retrieved from /Users/ehabhasan/.venvs/airflow310/lib/python3.10/site-packages/airflow/example_dags/example_short_circuit_operator.py
[2025-08-19T17:05:07.512+0200] {logging_mixin.py:188} INFO - [2025-08-19T17:05:07.512+0200] {dag.py:3089} INFO - Sync 1 DAGs
[2025-08-19T17:05:07.538+0200] {logging_mixin.py:188} INFO - [2025-08-19T17:05:07.538+0200] {dag.py:3947} INFO - Setting next_dagrun for example_short_circuit_operator to 2025-08-18 00:00:00+00:00, run_after=2025-08-19 00:00:00+00:00
[2025-08-19T17:05:07.544+0200] {processor.py:183} INFO - Processing /Users/ehabhasan/.venvs/airflow310/lib/python3.10/site-packages/airflow/example_dags/example_short_circuit_operator.py took 0.080 seconds
[2025-08-19T17:06:54.568+0200] {processor.py:161} INFO - Started process (PID=9462) to work on /Users/ehabhasan/.venvs/airflow310/lib/python3.10/site-packages/airflow/example_dags/example_short_circuit_operator.py
[2025-08-19T17:06:54.569+0200] {processor.py:830} INFO - Processing file /Users/ehabhasan/.venvs/airflow310/lib/python3.10/site-packages/airflow/example_dags/example_short_circuit_operator.py for tasks to queue
[2025-08-19T17:06:54.569+0200] {logging_mixin.py:188} INFO - [2025-08-19T17:06:54.569+0200] {dagbag.py:545} INFO - Filling up the DagBag from /Users/ehabhasan/.venvs/airflow310/lib/python3.10/site-packages/airflow/example_dags/example_short_circuit_operator.py
[2025-08-19T17:06:54.579+0200] {processor.py:840} INFO - DAG(s) 'example_short_circuit_operator' retrieved from /Users/ehabhasan/.venvs/airflow310/lib/python3.10/site-packages/airflow/example_dags/example_short_circuit_operator.py
[2025-08-19T17:06:54.614+0200] {logging_mixin.py:188} INFO - [2025-08-19T17:06:54.614+0200] {dag.py:3089} INFO - Sync 1 DAGs
[2025-08-19T17:06:54.640+0200] {logging_mixin.py:188} INFO - [2025-08-19T17:06:54.640+0200] {dag.py:3947} INFO - Setting next_dagrun for example_short_circuit_operator to 2025-08-18 00:00:00+00:00, run_after=2025-08-19 00:00:00+00:00
[2025-08-19T17:06:54.646+0200] {processor.py:183} INFO - Processing /Users/ehabhasan/.venvs/airflow310/lib/python3.10/site-packages/airflow/example_dags/example_short_circuit_operator.py took 0.080 seconds
[2025-08-19T17:08:40.684+0200] {processor.py:161} INFO - Started process (PID=10161) to work on /Users/ehabhasan/.venvs/airflow310/lib/python3.10/site-packages/airflow/example_dags/example_short_circuit_operator.py
[2025-08-19T17:08:40.684+0200] {processor.py:830} INFO - Processing file /Users/ehabhasan/.venvs/airflow310/lib/python3.10/site-packages/airflow/example_dags/example_short_circuit_operator.py for tasks to queue
[2025-08-19T17:08:40.684+0200] {logging_mixin.py:188} INFO - [2025-08-19T17:08:40.684+0200] {dagbag.py:545} INFO - Filling up the DagBag from /Users/ehabhasan/.venvs/airflow310/lib/python3.10/site-packages/airflow/example_dags/example_short_circuit_operator.py
[2025-08-19T17:08:40.695+0200] {processor.py:840} INFO - DAG(s) 'example_short_circuit_operator' retrieved from /Users/ehabhasan/.venvs/airflow310/lib/python3.10/site-packages/airflow/example_dags/example_short_circuit_operator.py
[2025-08-19T17:08:40.733+0200] {logging_mixin.py:188} INFO - [2025-08-19T17:08:40.733+0200] {dag.py:3089} INFO - Sync 1 DAGs
[2025-08-19T17:08:40.760+0200] {logging_mixin.py:188} INFO - [2025-08-19T17:08:40.760+0200] {dag.py:3947} INFO - Setting next_dagrun for example_short_circuit_operator to 2025-08-18 00:00:00+00:00, run_after=2025-08-19 00:00:00+00:00
[2025-08-19T17:08:40.767+0200] {processor.py:183} INFO - Processing /Users/ehabhasan/.venvs/airflow310/lib/python3.10/site-packages/airflow/example_dags/example_short_circuit_operator.py took 0.085 seconds
[2025-08-19T17:10:31.101+0200] {processor.py:161} INFO - Started process (PID=10276) to work on /Users/ehabhasan/.venvs/airflow310/lib/python3.10/site-packages/airflow/example_dags/example_short_circuit_operator.py
[2025-08-19T17:10:31.101+0200] {processor.py:830} INFO - Processing file /Users/ehabhasan/.venvs/airflow310/lib/python3.10/site-packages/airflow/example_dags/example_short_circuit_operator.py for tasks to queue
[2025-08-19T17:10:31.102+0200] {logging_mixin.py:188} INFO - [2025-08-19T17:10:31.101+0200] {dagbag.py:545} INFO - Filling up the DagBag from /Users/ehabhasan/.venvs/airflow310/lib/python3.10/site-packages/airflow/example_dags/example_short_circuit_operator.py
[2025-08-19T17:10:31.112+0200] {processor.py:840} INFO - DAG(s) 'example_short_circuit_operator' retrieved from /Users/ehabhasan/.venvs/airflow310/lib/python3.10/site-packages/airflow/example_dags/example_short_circuit_operator.py
[2025-08-19T17:10:31.148+0200] {logging_mixin.py:188} INFO - [2025-08-19T17:10:31.148+0200] {dag.py:3089} INFO - Sync 1 DAGs
[2025-08-19T17:10:31.174+0200] {logging_mixin.py:188} INFO - [2025-08-19T17:10:31.174+0200] {dag.py:3947} INFO - Setting next_dagrun for example_short_circuit_operator to 2025-08-18 00:00:00+00:00, run_after=2025-08-19 00:00:00+00:00
[2025-08-19T17:10:31.180+0200] {processor.py:183} INFO - Processing /Users/ehabhasan/.venvs/airflow310/lib/python3.10/site-packages/airflow/example_dags/example_short_circuit_operator.py took 0.081 seconds
[2025-08-19T17:12:20.212+0200] {processor.py:161} INFO - Started process (PID=10362) to work on /Users/ehabhasan/.venvs/airflow310/lib/python3.10/site-packages/airflow/example_dags/example_short_circuit_operator.py
[2025-08-19T17:12:20.213+0200] {processor.py:830} INFO - Processing file /Users/ehabhasan/.venvs/airflow310/lib/python3.10/site-packages/airflow/example_dags/example_short_circuit_operator.py for tasks to queue
[2025-08-19T17:12:20.213+0200] {logging_mixin.py:188} INFO - [2025-08-19T17:12:20.213+0200] {dagbag.py:545} INFO - Filling up the DagBag from /Users/ehabhasan/.venvs/airflow310/lib/python3.10/site-packages/airflow/example_dags/example_short_circuit_operator.py
[2025-08-19T17:12:20.223+0200] {processor.py:840} INFO - DAG(s) 'example_short_circuit_operator' retrieved from /Users/ehabhasan/.venvs/airflow310/lib/python3.10/site-packages/airflow/example_dags/example_short_circuit_operator.py
[2025-08-19T17:12:20.260+0200] {logging_mixin.py:188} INFO - [2025-08-19T17:12:20.260+0200] {dag.py:3089} INFO - Sync 1 DAGs
[2025-08-19T17:12:20.285+0200] {logging_mixin.py:188} INFO - [2025-08-19T17:12:20.285+0200] {dag.py:3947} INFO - Setting next_dagrun for example_short_circuit_operator to 2025-08-18 00:00:00+00:00, run_after=2025-08-19 00:00:00+00:00
[2025-08-19T17:12:20.292+0200] {processor.py:183} INFO - Processing /Users/ehabhasan/.venvs/airflow310/lib/python3.10/site-packages/airflow/example_dags/example_short_circuit_operator.py took 0.081 seconds
[2025-08-19T17:14:12.173+0200] {processor.py:161} INFO - Started process (PID=10449) to work on /Users/ehabhasan/.venvs/airflow310/lib/python3.10/site-packages/airflow/example_dags/example_short_circuit_operator.py
[2025-08-19T17:14:12.174+0200] {processor.py:830} INFO - Processing file /Users/ehabhasan/.venvs/airflow310/lib/python3.10/site-packages/airflow/example_dags/example_short_circuit_operator.py for tasks to queue
[2025-08-19T17:14:12.174+0200] {logging_mixin.py:188} INFO - [2025-08-19T17:14:12.174+0200] {dagbag.py:545} INFO - Filling up the DagBag from /Users/ehabhasan/.venvs/airflow310/lib/python3.10/site-packages/airflow/example_dags/example_short_circuit_operator.py
[2025-08-19T17:14:12.184+0200] {processor.py:840} INFO - DAG(s) 'example_short_circuit_operator' retrieved from /Users/ehabhasan/.venvs/airflow310/lib/python3.10/site-packages/airflow/example_dags/example_short_circuit_operator.py
[2025-08-19T17:14:12.221+0200] {logging_mixin.py:188} INFO - [2025-08-19T17:14:12.220+0200] {dag.py:3089} INFO - Sync 1 DAGs
[2025-08-19T17:14:12.246+0200] {logging_mixin.py:188} INFO - [2025-08-19T17:14:12.246+0200] {dag.py:3947} INFO - Setting next_dagrun for example_short_circuit_operator to 2025-08-18 00:00:00+00:00, run_after=2025-08-19 00:00:00+00:00
[2025-08-19T17:14:12.253+0200] {processor.py:183} INFO - Processing /Users/ehabhasan/.venvs/airflow310/lib/python3.10/site-packages/airflow/example_dags/example_short_circuit_operator.py took 0.081 seconds
[2025-08-19T17:16:03.893+0200] {processor.py:161} INFO - Started process (PID=10799) to work on /Users/ehabhasan/.venvs/airflow310/lib/python3.10/site-packages/airflow/example_dags/example_short_circuit_operator.py
[2025-08-19T17:16:03.893+0200] {processor.py:830} INFO - Processing file /Users/ehabhasan/.venvs/airflow310/lib/python3.10/site-packages/airflow/example_dags/example_short_circuit_operator.py for tasks to queue
[2025-08-19T17:16:03.893+0200] {logging_mixin.py:188} INFO - [2025-08-19T17:16:03.893+0200] {dagbag.py:545} INFO - Filling up the DagBag from /Users/ehabhasan/.venvs/airflow310/lib/python3.10/site-packages/airflow/example_dags/example_short_circuit_operator.py
[2025-08-19T17:16:03.904+0200] {processor.py:840} INFO - DAG(s) 'example_short_circuit_operator' retrieved from /Users/ehabhasan/.venvs/airflow310/lib/python3.10/site-packages/airflow/example_dags/example_short_circuit_operator.py
[2025-08-19T17:16:03.939+0200] {logging_mixin.py:188} INFO - [2025-08-19T17:16:03.939+0200] {dag.py:3089} INFO - Sync 1 DAGs
[2025-08-19T17:16:03.964+0200] {logging_mixin.py:188} INFO - [2025-08-19T17:16:03.964+0200] {dag.py:3947} INFO - Setting next_dagrun for example_short_circuit_operator to 2025-08-18 00:00:00+00:00, run_after=2025-08-19 00:00:00+00:00
[2025-08-19T17:16:03.971+0200] {processor.py:183} INFO - Processing /Users/ehabhasan/.venvs/airflow310/lib/python3.10/site-packages/airflow/example_dags/example_short_circuit_operator.py took 0.080 seconds
[2025-08-19T17:17:58.081+0200] {processor.py:161} INFO - Started process (PID=11473) to work on /Users/ehabhasan/.venvs/airflow310/lib/python3.10/site-packages/airflow/example_dags/example_short_circuit_operator.py
[2025-08-19T17:17:58.082+0200] {processor.py:830} INFO - Processing file /Users/ehabhasan/.venvs/airflow310/lib/python3.10/site-packages/airflow/example_dags/example_short_circuit_operator.py for tasks to queue
[2025-08-19T17:17:58.082+0200] {logging_mixin.py:188} INFO - [2025-08-19T17:17:58.082+0200] {dagbag.py:545} INFO - Filling up the DagBag from /Users/ehabhasan/.venvs/airflow310/lib/python3.10/site-packages/airflow/example_dags/example_short_circuit_operator.py
[2025-08-19T17:17:58.094+0200] {processor.py:840} INFO - DAG(s) 'example_short_circuit_operator' retrieved from /Users/ehabhasan/.venvs/airflow310/lib/python3.10/site-packages/airflow/example_dags/example_short_circuit_operator.py
[2025-08-19T17:17:58.132+0200] {logging_mixin.py:188} INFO - [2025-08-19T17:17:58.131+0200] {dag.py:3089} INFO - Sync 1 DAGs
[2025-08-19T17:17:58.158+0200] {logging_mixin.py:188} INFO - [2025-08-19T17:17:58.158+0200] {dag.py:3947} INFO - Setting next_dagrun for example_short_circuit_operator to 2025-08-18 00:00:00+00:00, run_after=2025-08-19 00:00:00+00:00
[2025-08-19T17:17:58.165+0200] {processor.py:183} INFO - Processing /Users/ehabhasan/.venvs/airflow310/lib/python3.10/site-packages/airflow/example_dags/example_short_circuit_operator.py took 0.089 seconds
[2025-08-19T17:19:42.542+0200] {processor.py:161} INFO - Started process (PID=11571) to work on /Users/ehabhasan/.venvs/airflow310/lib/python3.10/site-packages/airflow/example_dags/example_short_circuit_operator.py
[2025-08-19T17:19:42.542+0200] {processor.py:830} INFO - Processing file /Users/ehabhasan/.venvs/airflow310/lib/python3.10/site-packages/airflow/example_dags/example_short_circuit_operator.py for tasks to queue
[2025-08-19T17:19:42.543+0200] {logging_mixin.py:188} INFO - [2025-08-19T17:19:42.542+0200] {dagbag.py:545} INFO - Filling up the DagBag from /Users/ehabhasan/.venvs/airflow310/lib/python3.10/site-packages/airflow/example_dags/example_short_circuit_operator.py
[2025-08-19T17:19:42.553+0200] {processor.py:840} INFO - DAG(s) 'example_short_circuit_operator' retrieved from /Users/ehabhasan/.venvs/airflow310/lib/python3.10/site-packages/airflow/example_dags/example_short_circuit_operator.py
[2025-08-19T17:19:42.589+0200] {logging_mixin.py:188} INFO - [2025-08-19T17:19:42.589+0200] {dag.py:3089} INFO - Sync 1 DAGs
[2025-08-19T17:19:42.615+0200] {logging_mixin.py:188} INFO - [2025-08-19T17:19:42.614+0200] {dag.py:3947} INFO - Setting next_dagrun for example_short_circuit_operator to 2025-08-18 00:00:00+00:00, run_after=2025-08-19 00:00:00+00:00
[2025-08-19T17:19:42.621+0200] {processor.py:183} INFO - Processing /Users/ehabhasan/.venvs/airflow310/lib/python3.10/site-packages/airflow/example_dags/example_short_circuit_operator.py took 0.081 seconds
[2025-08-19T17:21:24.346+0200] {processor.py:161} INFO - Started process (PID=11646) to work on /Users/ehabhasan/.venvs/airflow310/lib/python3.10/site-packages/airflow/example_dags/example_short_circuit_operator.py
[2025-08-19T17:21:24.347+0200] {processor.py:830} INFO - Processing file /Users/ehabhasan/.venvs/airflow310/lib/python3.10/site-packages/airflow/example_dags/example_short_circuit_operator.py for tasks to queue
[2025-08-19T17:21:24.347+0200] {logging_mixin.py:188} INFO - [2025-08-19T17:21:24.347+0200] {dagbag.py:545} INFO - Filling up the DagBag from /Users/ehabhasan/.venvs/airflow310/lib/python3.10/site-packages/airflow/example_dags/example_short_circuit_operator.py
[2025-08-19T17:21:24.357+0200] {processor.py:840} INFO - DAG(s) 'example_short_circuit_operator' retrieved from /Users/ehabhasan/.venvs/airflow310/lib/python3.10/site-packages/airflow/example_dags/example_short_circuit_operator.py
[2025-08-19T17:21:24.393+0200] {logging_mixin.py:188} INFO - [2025-08-19T17:21:24.392+0200] {dag.py:3089} INFO - Sync 1 DAGs
[2025-08-19T17:21:24.418+0200] {logging_mixin.py:188} INFO - [2025-08-19T17:21:24.418+0200] {dag.py:3947} INFO - Setting next_dagrun for example_short_circuit_operator to 2025-08-18 00:00:00+00:00, run_after=2025-08-19 00:00:00+00:00
[2025-08-19T17:21:24.425+0200] {processor.py:183} INFO - Processing /Users/ehabhasan/.venvs/airflow310/lib/python3.10/site-packages/airflow/example_dags/example_short_circuit_operator.py took 0.080 seconds
[2025-08-19T17:23:17.657+0200] {processor.py:161} INFO - Started process (PID=11720) to work on /Users/ehabhasan/.venvs/airflow310/lib/python3.10/site-packages/airflow/example_dags/example_short_circuit_operator.py
[2025-08-19T17:23:17.657+0200] {processor.py:830} INFO - Processing file /Users/ehabhasan/.venvs/airflow310/lib/python3.10/site-packages/airflow/example_dags/example_short_circuit_operator.py for tasks to queue
[2025-08-19T17:23:17.658+0200] {logging_mixin.py:188} INFO - [2025-08-19T17:23:17.658+0200] {dagbag.py:545} INFO - Filling up the DagBag from /Users/ehabhasan/.venvs/airflow310/lib/python3.10/site-packages/airflow/example_dags/example_short_circuit_operator.py
[2025-08-19T17:23:17.668+0200] {processor.py:840} INFO - DAG(s) 'example_short_circuit_operator' retrieved from /Users/ehabhasan/.venvs/airflow310/lib/python3.10/site-packages/airflow/example_dags/example_short_circuit_operator.py
[2025-08-19T17:23:17.704+0200] {logging_mixin.py:188} INFO - [2025-08-19T17:23:17.704+0200] {dag.py:3089} INFO - Sync 1 DAGs
[2025-08-19T17:23:17.729+0200] {logging_mixin.py:188} INFO - [2025-08-19T17:23:17.728+0200] {dag.py:3947} INFO - Setting next_dagrun for example_short_circuit_operator to 2025-08-18 00:00:00+00:00, run_after=2025-08-19 00:00:00+00:00
[2025-08-19T17:23:17.735+0200] {processor.py:183} INFO - Processing /Users/ehabhasan/.venvs/airflow310/lib/python3.10/site-packages/airflow/example_dags/example_short_circuit_operator.py took 0.080 seconds
[2025-08-19T17:25:02.510+0200] {processor.py:161} INFO - Started process (PID=11804) to work on /Users/ehabhasan/.venvs/airflow310/lib/python3.10/site-packages/airflow/example_dags/example_short_circuit_operator.py
[2025-08-19T17:25:02.512+0200] {processor.py:830} INFO - Processing file /Users/ehabhasan/.venvs/airflow310/lib/python3.10/site-packages/airflow/example_dags/example_short_circuit_operator.py for tasks to queue
[2025-08-19T17:25:02.512+0200] {logging_mixin.py:188} INFO - [2025-08-19T17:25:02.512+0200] {dagbag.py:545} INFO - Filling up the DagBag from /Users/ehabhasan/.venvs/airflow310/lib/python3.10/site-packages/airflow/example_dags/example_short_circuit_operator.py
[2025-08-19T17:25:02.522+0200] {processor.py:840} INFO - DAG(s) 'example_short_circuit_operator' retrieved from /Users/ehabhasan/.venvs/airflow310/lib/python3.10/site-packages/airflow/example_dags/example_short_circuit_operator.py
[2025-08-19T17:25:02.560+0200] {logging_mixin.py:188} INFO - [2025-08-19T17:25:02.560+0200] {dag.py:3089} INFO - Sync 1 DAGs
[2025-08-19T17:25:02.587+0200] {logging_mixin.py:188} INFO - [2025-08-19T17:25:02.587+0200] {dag.py:3947} INFO - Setting next_dagrun for example_short_circuit_operator to 2025-08-18 00:00:00+00:00, run_after=2025-08-19 00:00:00+00:00
[2025-08-19T17:25:02.594+0200] {processor.py:183} INFO - Processing /Users/ehabhasan/.venvs/airflow310/lib/python3.10/site-packages/airflow/example_dags/example_short_circuit_operator.py took 0.086 seconds
[2025-08-19T17:26:47.320+0200] {processor.py:161} INFO - Started process (PID=11881) to work on /Users/ehabhasan/.venvs/airflow310/lib/python3.10/site-packages/airflow/example_dags/example_short_circuit_operator.py
[2025-08-19T17:26:47.321+0200] {processor.py:830} INFO - Processing file /Users/ehabhasan/.venvs/airflow310/lib/python3.10/site-packages/airflow/example_dags/example_short_circuit_operator.py for tasks to queue
[2025-08-19T17:26:47.321+0200] {logging_mixin.py:188} INFO - [2025-08-19T17:26:47.321+0200] {dagbag.py:545} INFO - Filling up the DagBag from /Users/ehabhasan/.venvs/airflow310/lib/python3.10/site-packages/airflow/example_dags/example_short_circuit_operator.py
[2025-08-19T17:26:47.331+0200] {processor.py:840} INFO - DAG(s) 'example_short_circuit_operator' retrieved from /Users/ehabhasan/.venvs/airflow310/lib/python3.10/site-packages/airflow/example_dags/example_short_circuit_operator.py
[2025-08-19T17:26:47.367+0200] {logging_mixin.py:188} INFO - [2025-08-19T17:26:47.367+0200] {dag.py:3089} INFO - Sync 1 DAGs
[2025-08-19T17:26:47.393+0200] {logging_mixin.py:188} INFO - [2025-08-19T17:26:47.393+0200] {dag.py:3947} INFO - Setting next_dagrun for example_short_circuit_operator to 2025-08-18 00:00:00+00:00, run_after=2025-08-19 00:00:00+00:00
[2025-08-19T17:26:47.399+0200] {processor.py:183} INFO - Processing /Users/ehabhasan/.venvs/airflow310/lib/python3.10/site-packages/airflow/example_dags/example_short_circuit_operator.py took 0.081 seconds
[2025-08-19T17:28:37.905+0200] {processor.py:161} INFO - Started process (PID=11971) to work on /Users/ehabhasan/.venvs/airflow310/lib/python3.10/site-packages/airflow/example_dags/example_short_circuit_operator.py
[2025-08-19T17:28:37.906+0200] {processor.py:830} INFO - Processing file /Users/ehabhasan/.venvs/airflow310/lib/python3.10/site-packages/airflow/example_dags/example_short_circuit_operator.py for tasks to queue
[2025-08-19T17:28:37.906+0200] {logging_mixin.py:188} INFO - [2025-08-19T17:28:37.906+0200] {dagbag.py:545} INFO - Filling up the DagBag from /Users/ehabhasan/.venvs/airflow310/lib/python3.10/site-packages/airflow/example_dags/example_short_circuit_operator.py
[2025-08-19T17:28:37.916+0200] {processor.py:840} INFO - DAG(s) 'example_short_circuit_operator' retrieved from /Users/ehabhasan/.venvs/airflow310/lib/python3.10/site-packages/airflow/example_dags/example_short_circuit_operator.py
[2025-08-19T17:28:37.952+0200] {logging_mixin.py:188} INFO - [2025-08-19T17:28:37.952+0200] {dag.py:3089} INFO - Sync 1 DAGs
[2025-08-19T17:28:37.978+0200] {logging_mixin.py:188} INFO - [2025-08-19T17:28:37.977+0200] {dag.py:3947} INFO - Setting next_dagrun for example_short_circuit_operator to 2025-08-18 00:00:00+00:00, run_after=2025-08-19 00:00:00+00:00
[2025-08-19T17:28:37.984+0200] {processor.py:183} INFO - Processing /Users/ehabhasan/.venvs/airflow310/lib/python3.10/site-packages/airflow/example_dags/example_short_circuit_operator.py took 0.081 seconds
[2025-08-19T17:30:29.276+0200] {processor.py:161} INFO - Started process (PID=12977) to work on /Users/ehabhasan/.venvs/airflow310/lib/python3.10/site-packages/airflow/example_dags/example_short_circuit_operator.py
[2025-08-19T17:30:29.277+0200] {processor.py:830} INFO - Processing file /Users/ehabhasan/.venvs/airflow310/lib/python3.10/site-packages/airflow/example_dags/example_short_circuit_operator.py for tasks to queue
[2025-08-19T17:30:29.277+0200] {logging_mixin.py:188} INFO - [2025-08-19T17:30:29.277+0200] {dagbag.py:545} INFO - Filling up the DagBag from /Users/ehabhasan/.venvs/airflow310/lib/python3.10/site-packages/airflow/example_dags/example_short_circuit_operator.py
[2025-08-19T17:30:29.289+0200] {processor.py:840} INFO - DAG(s) 'example_short_circuit_operator' retrieved from /Users/ehabhasan/.venvs/airflow310/lib/python3.10/site-packages/airflow/example_dags/example_short_circuit_operator.py
[2025-08-19T17:30:29.328+0200] {logging_mixin.py:188} INFO - [2025-08-19T17:30:29.327+0200] {dag.py:3089} INFO - Sync 1 DAGs
[2025-08-19T17:30:29.362+0200] {logging_mixin.py:188} INFO - [2025-08-19T17:30:29.362+0200] {dag.py:3947} INFO - Setting next_dagrun for example_short_circuit_operator to 2025-08-18 00:00:00+00:00, run_after=2025-08-19 00:00:00+00:00
[2025-08-19T17:30:29.372+0200] {processor.py:183} INFO - Processing /Users/ehabhasan/.venvs/airflow310/lib/python3.10/site-packages/airflow/example_dags/example_short_circuit_operator.py took 0.098 seconds
[2025-08-19T17:32:25.592+0200] {processor.py:161} INFO - Started process (PID=14140) to work on /Users/ehabhasan/.venvs/airflow310/lib/python3.10/site-packages/airflow/example_dags/example_short_circuit_operator.py
[2025-08-19T17:32:25.592+0200] {processor.py:830} INFO - Processing file /Users/ehabhasan/.venvs/airflow310/lib/python3.10/site-packages/airflow/example_dags/example_short_circuit_operator.py for tasks to queue
[2025-08-19T17:32:25.593+0200] {logging_mixin.py:188} INFO - [2025-08-19T17:32:25.592+0200] {dagbag.py:545} INFO - Filling up the DagBag from /Users/ehabhasan/.venvs/airflow310/lib/python3.10/site-packages/airflow/example_dags/example_short_circuit_operator.py
[2025-08-19T17:32:25.604+0200] {processor.py:840} INFO - DAG(s) 'example_short_circuit_operator' retrieved from /Users/ehabhasan/.venvs/airflow310/lib/python3.10/site-packages/airflow/example_dags/example_short_circuit_operator.py
[2025-08-19T17:32:25.640+0200] {logging_mixin.py:188} INFO - [2025-08-19T17:32:25.640+0200] {dag.py:3089} INFO - Sync 1 DAGs
[2025-08-19T17:32:25.666+0200] {logging_mixin.py:188} INFO - [2025-08-19T17:32:25.665+0200] {dag.py:3947} INFO - Setting next_dagrun for example_short_circuit_operator to 2025-08-18 00:00:00+00:00, run_after=2025-08-19 00:00:00+00:00
[2025-08-19T17:32:25.672+0200] {processor.py:183} INFO - Processing /Users/ehabhasan/.venvs/airflow310/lib/python3.10/site-packages/airflow/example_dags/example_short_circuit_operator.py took 0.082 seconds
[2025-08-19T17:34:11.757+0200] {processor.py:161} INFO - Started process (PID=14240) to work on /Users/ehabhasan/.venvs/airflow310/lib/python3.10/site-packages/airflow/example_dags/example_short_circuit_operator.py
[2025-08-19T17:34:11.757+0200] {processor.py:830} INFO - Processing file /Users/ehabhasan/.venvs/airflow310/lib/python3.10/site-packages/airflow/example_dags/example_short_circuit_operator.py for tasks to queue
[2025-08-19T17:34:11.758+0200] {logging_mixin.py:188} INFO - [2025-08-19T17:34:11.758+0200] {dagbag.py:545} INFO - Filling up the DagBag from /Users/ehabhasan/.venvs/airflow310/lib/python3.10/site-packages/airflow/example_dags/example_short_circuit_operator.py
[2025-08-19T17:34:11.769+0200] {processor.py:840} INFO - DAG(s) 'example_short_circuit_operator' retrieved from /Users/ehabhasan/.venvs/airflow310/lib/python3.10/site-packages/airflow/example_dags/example_short_circuit_operator.py
[2025-08-19T17:34:11.809+0200] {logging_mixin.py:188} INFO - [2025-08-19T17:34:11.809+0200] {dag.py:3089} INFO - Sync 1 DAGs
[2025-08-19T17:34:11.837+0200] {logging_mixin.py:188} INFO - [2025-08-19T17:34:11.836+0200] {dag.py:3947} INFO - Setting next_dagrun for example_short_circuit_operator to 2025-08-18 00:00:00+00:00, run_after=2025-08-19 00:00:00+00:00
[2025-08-19T17:34:11.843+0200] {processor.py:183} INFO - Processing /Users/ehabhasan/.venvs/airflow310/lib/python3.10/site-packages/airflow/example_dags/example_short_circuit_operator.py took 0.088 seconds
[2025-08-19T17:36:00.942+0200] {processor.py:161} INFO - Started process (PID=14459) to work on /Users/ehabhasan/.venvs/airflow310/lib/python3.10/site-packages/airflow/example_dags/example_short_circuit_operator.py
[2025-08-19T17:36:00.943+0200] {processor.py:830} INFO - Processing file /Users/ehabhasan/.venvs/airflow310/lib/python3.10/site-packages/airflow/example_dags/example_short_circuit_operator.py for tasks to queue
[2025-08-19T17:36:00.943+0200] {logging_mixin.py:188} INFO - [2025-08-19T17:36:00.943+0200] {dagbag.py:545} INFO - Filling up the DagBag from /Users/ehabhasan/.venvs/airflow310/lib/python3.10/site-packages/airflow/example_dags/example_short_circuit_operator.py
[2025-08-19T17:36:00.954+0200] {processor.py:840} INFO - DAG(s) 'example_short_circuit_operator' retrieved from /Users/ehabhasan/.venvs/airflow310/lib/python3.10/site-packages/airflow/example_dags/example_short_circuit_operator.py
[2025-08-19T17:36:00.991+0200] {logging_mixin.py:188} INFO - [2025-08-19T17:36:00.991+0200] {dag.py:3089} INFO - Sync 1 DAGs
[2025-08-19T17:36:01.018+0200] {logging_mixin.py:188} INFO - [2025-08-19T17:36:01.017+0200] {dag.py:3947} INFO - Setting next_dagrun for example_short_circuit_operator to 2025-08-18 00:00:00+00:00, run_after=2025-08-19 00:00:00+00:00
[2025-08-19T17:36:01.024+0200] {processor.py:183} INFO - Processing /Users/ehabhasan/.venvs/airflow310/lib/python3.10/site-packages/airflow/example_dags/example_short_circuit_operator.py took 0.084 seconds
[2025-08-19T17:37:55.822+0200] {processor.py:161} INFO - Started process (PID=14587) to work on /Users/ehabhasan/.venvs/airflow310/lib/python3.10/site-packages/airflow/example_dags/example_short_circuit_operator.py
[2025-08-19T17:37:55.822+0200] {processor.py:830} INFO - Processing file /Users/ehabhasan/.venvs/airflow310/lib/python3.10/site-packages/airflow/example_dags/example_short_circuit_operator.py for tasks to queue
[2025-08-19T17:37:55.823+0200] {logging_mixin.py:188} INFO - [2025-08-19T17:37:55.823+0200] {dagbag.py:545} INFO - Filling up the DagBag from /Users/ehabhasan/.venvs/airflow310/lib/python3.10/site-packages/airflow/example_dags/example_short_circuit_operator.py
[2025-08-19T17:37:55.833+0200] {processor.py:840} INFO - DAG(s) 'example_short_circuit_operator' retrieved from /Users/ehabhasan/.venvs/airflow310/lib/python3.10/site-packages/airflow/example_dags/example_short_circuit_operator.py
[2025-08-19T17:37:55.870+0200] {logging_mixin.py:188} INFO - [2025-08-19T17:37:55.870+0200] {dag.py:3089} INFO - Sync 1 DAGs
[2025-08-19T17:37:55.896+0200] {logging_mixin.py:188} INFO - [2025-08-19T17:37:55.896+0200] {dag.py:3947} INFO - Setting next_dagrun for example_short_circuit_operator to 2025-08-18 00:00:00+00:00, run_after=2025-08-19 00:00:00+00:00
[2025-08-19T17:37:55.903+0200] {processor.py:183} INFO - Processing /Users/ehabhasan/.venvs/airflow310/lib/python3.10/site-packages/airflow/example_dags/example_short_circuit_operator.py took 0.083 seconds
[2025-08-19T17:40:00.187+0200] {processor.py:161} INFO - Started process (PID=14807) to work on /Users/ehabhasan/.venvs/airflow310/lib/python3.10/site-packages/airflow/example_dags/example_short_circuit_operator.py
[2025-08-19T17:40:00.187+0200] {processor.py:830} INFO - Processing file /Users/ehabhasan/.venvs/airflow310/lib/python3.10/site-packages/airflow/example_dags/example_short_circuit_operator.py for tasks to queue
[2025-08-19T17:40:00.188+0200] {logging_mixin.py:188} INFO - [2025-08-19T17:40:00.188+0200] {dagbag.py:545} INFO - Filling up the DagBag from /Users/ehabhasan/.venvs/airflow310/lib/python3.10/site-packages/airflow/example_dags/example_short_circuit_operator.py
[2025-08-19T17:40:00.198+0200] {processor.py:840} INFO - DAG(s) 'example_short_circuit_operator' retrieved from /Users/ehabhasan/.venvs/airflow310/lib/python3.10/site-packages/airflow/example_dags/example_short_circuit_operator.py
[2025-08-19T17:40:00.234+0200] {logging_mixin.py:188} INFO - [2025-08-19T17:40:00.234+0200] {dag.py:3089} INFO - Sync 1 DAGs
[2025-08-19T17:40:00.259+0200] {logging_mixin.py:188} INFO - [2025-08-19T17:40:00.259+0200] {dag.py:3947} INFO - Setting next_dagrun for example_short_circuit_operator to 2025-08-18 00:00:00+00:00, run_after=2025-08-19 00:00:00+00:00
[2025-08-19T17:40:00.266+0200] {processor.py:183} INFO - Processing /Users/ehabhasan/.venvs/airflow310/lib/python3.10/site-packages/airflow/example_dags/example_short_circuit_operator.py took 0.081 seconds
[2025-08-19T17:45:32.849+0200] {processor.py:161} INFO - Started process (PID=14975) to work on /Users/ehabhasan/.venvs/airflow310/lib/python3.10/site-packages/airflow/example_dags/example_short_circuit_operator.py
[2025-08-19T17:45:32.850+0200] {processor.py:830} INFO - Processing file /Users/ehabhasan/.venvs/airflow310/lib/python3.10/site-packages/airflow/example_dags/example_short_circuit_operator.py for tasks to queue
[2025-08-19T17:45:32.851+0200] {logging_mixin.py:188} INFO - [2025-08-19T17:45:32.850+0200] {dagbag.py:545} INFO - Filling up the DagBag from /Users/ehabhasan/.venvs/airflow310/lib/python3.10/site-packages/airflow/example_dags/example_short_circuit_operator.py
[2025-08-19T17:45:32.861+0200] {processor.py:840} INFO - DAG(s) 'example_short_circuit_operator' retrieved from /Users/ehabhasan/.venvs/airflow310/lib/python3.10/site-packages/airflow/example_dags/example_short_circuit_operator.py
[2025-08-19T17:45:32.897+0200] {logging_mixin.py:188} INFO - [2025-08-19T17:45:32.897+0200] {dag.py:3089} INFO - Sync 1 DAGs
[2025-08-19T17:45:32.922+0200] {logging_mixin.py:188} INFO - [2025-08-19T17:45:32.922+0200] {dag.py:3947} INFO - Setting next_dagrun for example_short_circuit_operator to 2025-08-18 00:00:00+00:00, run_after=2025-08-19 00:00:00+00:00
[2025-08-19T17:45:32.929+0200] {processor.py:183} INFO - Processing /Users/ehabhasan/.venvs/airflow310/lib/python3.10/site-packages/airflow/example_dags/example_short_circuit_operator.py took 0.081 seconds
[2025-08-19T17:47:35.703+0200] {processor.py:161} INFO - Started process (PID=15073) to work on /Users/ehabhasan/.venvs/airflow310/lib/python3.10/site-packages/airflow/example_dags/example_short_circuit_operator.py
[2025-08-19T17:47:35.703+0200] {processor.py:830} INFO - Processing file /Users/ehabhasan/.venvs/airflow310/lib/python3.10/site-packages/airflow/example_dags/example_short_circuit_operator.py for tasks to queue
[2025-08-19T17:47:35.704+0200] {logging_mixin.py:188} INFO - [2025-08-19T17:47:35.704+0200] {dagbag.py:545} INFO - Filling up the DagBag from /Users/ehabhasan/.venvs/airflow310/lib/python3.10/site-packages/airflow/example_dags/example_short_circuit_operator.py
[2025-08-19T17:47:35.714+0200] {processor.py:840} INFO - DAG(s) 'example_short_circuit_operator' retrieved from /Users/ehabhasan/.venvs/airflow310/lib/python3.10/site-packages/airflow/example_dags/example_short_circuit_operator.py
[2025-08-19T17:47:35.750+0200] {logging_mixin.py:188} INFO - [2025-08-19T17:47:35.750+0200] {dag.py:3089} INFO - Sync 1 DAGs
[2025-08-19T17:47:35.776+0200] {logging_mixin.py:188} INFO - [2025-08-19T17:47:35.776+0200] {dag.py:3947} INFO - Setting next_dagrun for example_short_circuit_operator to 2025-08-18 00:00:00+00:00, run_after=2025-08-19 00:00:00+00:00
[2025-08-19T17:47:35.783+0200] {processor.py:183} INFO - Processing /Users/ehabhasan/.venvs/airflow310/lib/python3.10/site-packages/airflow/example_dags/example_short_circuit_operator.py took 0.081 seconds
[2025-08-19T17:49:29.227+0200] {processor.py:161} INFO - Started process (PID=15157) to work on /Users/ehabhasan/.venvs/airflow310/lib/python3.10/site-packages/airflow/example_dags/example_short_circuit_operator.py
[2025-08-19T17:49:29.227+0200] {processor.py:830} INFO - Processing file /Users/ehabhasan/.venvs/airflow310/lib/python3.10/site-packages/airflow/example_dags/example_short_circuit_operator.py for tasks to queue
[2025-08-19T17:49:29.228+0200] {logging_mixin.py:188} INFO - [2025-08-19T17:49:29.228+0200] {dagbag.py:545} INFO - Filling up the DagBag from /Users/ehabhasan/.venvs/airflow310/lib/python3.10/site-packages/airflow/example_dags/example_short_circuit_operator.py
[2025-08-19T17:49:29.238+0200] {processor.py:840} INFO - DAG(s) 'example_short_circuit_operator' retrieved from /Users/ehabhasan/.venvs/airflow310/lib/python3.10/site-packages/airflow/example_dags/example_short_circuit_operator.py
[2025-08-19T17:49:29.275+0200] {logging_mixin.py:188} INFO - [2025-08-19T17:49:29.274+0200] {dag.py:3089} INFO - Sync 1 DAGs
[2025-08-19T17:49:29.300+0200] {logging_mixin.py:188} INFO - [2025-08-19T17:49:29.300+0200] {dag.py:3947} INFO - Setting next_dagrun for example_short_circuit_operator to 2025-08-18 00:00:00+00:00, run_after=2025-08-19 00:00:00+00:00
[2025-08-19T17:49:29.307+0200] {processor.py:183} INFO - Processing /Users/ehabhasan/.venvs/airflow310/lib/python3.10/site-packages/airflow/example_dags/example_short_circuit_operator.py took 0.082 seconds
