[2025-08-19T16:48:11.523+0200] {processor.py:161} INFO - Started process (PID=7631) to work on /Users/ehabhasan/.venvs/airflow310/lib/python3.10/site-packages/airflow/example_dags/example_time_delta_sensor_async.py
[2025-08-19T16:48:11.523+0200] {processor.py:830} INFO - Processing file /Users/ehabhasan/.venvs/airflow310/lib/python3.10/site-packages/airflow/example_dags/example_time_delta_sensor_async.py for tasks to queue
[2025-08-19T16:48:11.524+0200] {logging_mixin.py:188} INFO - [2025-08-19T16:48:11.524+0200] {dagbag.py:545} INFO - Filling up the DagBag from /Users/ehabhasan/.venvs/airflow310/lib/python3.10/site-packages/airflow/example_dags/example_time_delta_sensor_async.py
[2025-08-19T16:48:11.526+0200] {processor.py:840} INFO - DAG(s) 'example_time_delta_sensor_async' retrieved from /Users/ehabhasan/.venvs/airflow310/lib/python3.10/site-packages/airflow/example_dags/example_time_delta_sensor_async.py
[2025-08-19T16:48:11.531+0200] {logging_mixin.py:188} INFO - [2025-08-19T16:48:11.530+0200] {dag.py:3089} INFO - Sync 1 DAGs
[2025-08-19T16:48:11.561+0200] {logging_mixin.py:188} INFO - [2025-08-19T16:48:11.561+0200] {dag.py:3947} INFO - Setting next_dagrun for example_time_delta_sensor_async to None, run_after=None
[2025-08-19T16:48:11.568+0200] {processor.py:183} INFO - Processing /Users/ehabhasan/.venvs/airflow310/lib/python3.10/site-packages/airflow/example_dags/example_time_delta_sensor_async.py took 0.046 seconds
[2025-08-19T16:49:31.495+0200] {processor.py:161} INFO - Started process (PID=7690) to work on /Users/ehabhasan/.venvs/airflow310/lib/python3.10/site-packages/airflow/example_dags/example_time_delta_sensor_async.py
[2025-08-19T16:49:31.495+0200] {processor.py:830} INFO - Processing file /Users/ehabhasan/.venvs/airflow310/lib/python3.10/site-packages/airflow/example_dags/example_time_delta_sensor_async.py for tasks to queue
[2025-08-19T16:49:31.495+0200] {logging_mixin.py:188} INFO - [2025-08-19T16:49:31.495+0200] {dagbag.py:545} INFO - Filling up the DagBag from /Users/ehabhasan/.venvs/airflow310/lib/python3.10/site-packages/airflow/example_dags/example_time_delta_sensor_async.py
[2025-08-19T16:49:31.499+0200] {processor.py:840} INFO - DAG(s) 'example_time_delta_sensor_async' retrieved from /Users/ehabhasan/.venvs/airflow310/lib/python3.10/site-packages/airflow/example_dags/example_time_delta_sensor_async.py
[2025-08-19T16:49:31.584+0200] {logging_mixin.py:188} INFO - [2025-08-19T16:49:31.584+0200] {dag.py:3089} INFO - Sync 1 DAGs
[2025-08-19T16:49:31.587+0200] {logging_mixin.py:188} INFO - [2025-08-19T16:49:31.587+0200] {dag.py:3947} INFO - Setting next_dagrun for example_time_delta_sensor_async to None, run_after=None
[2025-08-19T16:49:31.594+0200] {processor.py:183} INFO - Processing /Users/ehabhasan/.venvs/airflow310/lib/python3.10/site-packages/airflow/example_dags/example_time_delta_sensor_async.py took 0.101 seconds
[2025-08-19T16:51:02.510+0200] {processor.py:161} INFO - Started process (PID=7760) to work on /Users/ehabhasan/.venvs/airflow310/lib/python3.10/site-packages/airflow/example_dags/example_time_delta_sensor_async.py
[2025-08-19T16:51:02.511+0200] {processor.py:830} INFO - Processing file /Users/ehabhasan/.venvs/airflow310/lib/python3.10/site-packages/airflow/example_dags/example_time_delta_sensor_async.py for tasks to queue
[2025-08-19T16:51:02.511+0200] {logging_mixin.py:188} INFO - [2025-08-19T16:51:02.511+0200] {dagbag.py:545} INFO - Filling up the DagBag from /Users/ehabhasan/.venvs/airflow310/lib/python3.10/site-packages/airflow/example_dags/example_time_delta_sensor_async.py
[2025-08-19T16:51:02.515+0200] {processor.py:840} INFO - DAG(s) 'example_time_delta_sensor_async' retrieved from /Users/ehabhasan/.venvs/airflow310/lib/python3.10/site-packages/airflow/example_dags/example_time_delta_sensor_async.py
[2025-08-19T16:51:02.552+0200] {logging_mixin.py:188} INFO - [2025-08-19T16:51:02.552+0200] {dag.py:3089} INFO - Sync 1 DAGs
[2025-08-19T16:51:02.556+0200] {logging_mixin.py:188} INFO - [2025-08-19T16:51:02.556+0200] {dag.py:3947} INFO - Setting next_dagrun for example_time_delta_sensor_async to None, run_after=None
[2025-08-19T16:51:02.562+0200] {processor.py:183} INFO - Processing /Users/ehabhasan/.venvs/airflow310/lib/python3.10/site-packages/airflow/example_dags/example_time_delta_sensor_async.py took 0.054 seconds
[2025-08-19T16:52:43.716+0200] {processor.py:161} INFO - Started process (PID=7830) to work on /Users/ehabhasan/.venvs/airflow310/lib/python3.10/site-packages/airflow/example_dags/example_time_delta_sensor_async.py
[2025-08-19T16:52:43.716+0200] {processor.py:830} INFO - Processing file /Users/ehabhasan/.venvs/airflow310/lib/python3.10/site-packages/airflow/example_dags/example_time_delta_sensor_async.py for tasks to queue
[2025-08-19T16:52:43.716+0200] {logging_mixin.py:188} INFO - [2025-08-19T16:52:43.716+0200] {dagbag.py:545} INFO - Filling up the DagBag from /Users/ehabhasan/.venvs/airflow310/lib/python3.10/site-packages/airflow/example_dags/example_time_delta_sensor_async.py
[2025-08-19T16:52:43.719+0200] {processor.py:840} INFO - DAG(s) 'example_time_delta_sensor_async' retrieved from /Users/ehabhasan/.venvs/airflow310/lib/python3.10/site-packages/airflow/example_dags/example_time_delta_sensor_async.py
[2025-08-19T16:52:43.757+0200] {logging_mixin.py:188} INFO - [2025-08-19T16:52:43.756+0200] {dag.py:3089} INFO - Sync 1 DAGs
[2025-08-19T16:52:43.760+0200] {logging_mixin.py:188} INFO - [2025-08-19T16:52:43.759+0200] {dag.py:3947} INFO - Setting next_dagrun for example_time_delta_sensor_async to None, run_after=None
[2025-08-19T16:52:43.766+0200] {processor.py:183} INFO - Processing /Users/ehabhasan/.venvs/airflow310/lib/python3.10/site-packages/airflow/example_dags/example_time_delta_sensor_async.py took 0.052 seconds
[2025-08-19T16:54:19.101+0200] {processor.py:161} INFO - Started process (PID=7931) to work on /Users/ehabhasan/.venvs/airflow310/lib/python3.10/site-packages/airflow/example_dags/example_time_delta_sensor_async.py
[2025-08-19T16:54:19.102+0200] {processor.py:830} INFO - Processing file /Users/ehabhasan/.venvs/airflow310/lib/python3.10/site-packages/airflow/example_dags/example_time_delta_sensor_async.py for tasks to queue
[2025-08-19T16:54:19.102+0200] {logging_mixin.py:188} INFO - [2025-08-19T16:54:19.102+0200] {dagbag.py:545} INFO - Filling up the DagBag from /Users/ehabhasan/.venvs/airflow310/lib/python3.10/site-packages/airflow/example_dags/example_time_delta_sensor_async.py
[2025-08-19T16:54:19.106+0200] {processor.py:840} INFO - DAG(s) 'example_time_delta_sensor_async' retrieved from /Users/ehabhasan/.venvs/airflow310/lib/python3.10/site-packages/airflow/example_dags/example_time_delta_sensor_async.py
[2025-08-19T16:54:19.143+0200] {logging_mixin.py:188} INFO - [2025-08-19T16:54:19.143+0200] {dag.py:3089} INFO - Sync 1 DAGs
[2025-08-19T16:54:19.147+0200] {logging_mixin.py:188} INFO - [2025-08-19T16:54:19.147+0200] {dag.py:3947} INFO - Setting next_dagrun for example_time_delta_sensor_async to None, run_after=None
[2025-08-19T16:54:19.153+0200] {processor.py:183} INFO - Processing /Users/ehabhasan/.venvs/airflow310/lib/python3.10/site-packages/airflow/example_dags/example_time_delta_sensor_async.py took 0.053 seconds
[2025-08-19T16:55:57.206+0200] {processor.py:161} INFO - Started process (PID=8013) to work on /Users/ehabhasan/.venvs/airflow310/lib/python3.10/site-packages/airflow/example_dags/example_time_delta_sensor_async.py
[2025-08-19T16:55:57.206+0200] {processor.py:830} INFO - Processing file /Users/ehabhasan/.venvs/airflow310/lib/python3.10/site-packages/airflow/example_dags/example_time_delta_sensor_async.py for tasks to queue
[2025-08-19T16:55:57.206+0200] {logging_mixin.py:188} INFO - [2025-08-19T16:55:57.206+0200] {dagbag.py:545} INFO - Filling up the DagBag from /Users/ehabhasan/.venvs/airflow310/lib/python3.10/site-packages/airflow/example_dags/example_time_delta_sensor_async.py
[2025-08-19T16:55:57.209+0200] {processor.py:840} INFO - DAG(s) 'example_time_delta_sensor_async' retrieved from /Users/ehabhasan/.venvs/airflow310/lib/python3.10/site-packages/airflow/example_dags/example_time_delta_sensor_async.py
[2025-08-19T16:55:57.247+0200] {logging_mixin.py:188} INFO - [2025-08-19T16:55:57.247+0200] {dag.py:3089} INFO - Sync 1 DAGs
[2025-08-19T16:55:57.250+0200] {logging_mixin.py:188} INFO - [2025-08-19T16:55:57.250+0200] {dag.py:3947} INFO - Setting next_dagrun for example_time_delta_sensor_async to None, run_after=None
[2025-08-19T16:55:57.256+0200] {processor.py:183} INFO - Processing /Users/ehabhasan/.venvs/airflow310/lib/python3.10/site-packages/airflow/example_dags/example_time_delta_sensor_async.py took 0.052 seconds
[2025-08-19T16:56:50.362+0200] {processor.py:161} INFO - Started process (PID=8049) to work on /Users/ehabhasan/.venvs/airflow310/lib/python3.10/site-packages/airflow/example_dags/example_time_delta_sensor_async.py
[2025-08-19T16:56:50.362+0200] {processor.py:830} INFO - Processing file /Users/ehabhasan/.venvs/airflow310/lib/python3.10/site-packages/airflow/example_dags/example_time_delta_sensor_async.py for tasks to queue
[2025-08-19T16:56:50.362+0200] {logging_mixin.py:188} INFO - [2025-08-19T16:56:50.362+0200] {dagbag.py:545} INFO - Filling up the DagBag from /Users/ehabhasan/.venvs/airflow310/lib/python3.10/site-packages/airflow/example_dags/example_time_delta_sensor_async.py
[2025-08-19T16:56:50.366+0200] {processor.py:840} INFO - DAG(s) 'example_time_delta_sensor_async' retrieved from /Users/ehabhasan/.venvs/airflow310/lib/python3.10/site-packages/airflow/example_dags/example_time_delta_sensor_async.py
[2025-08-19T16:56:50.406+0200] {logging_mixin.py:188} INFO - [2025-08-19T16:56:50.406+0200] {dag.py:3089} INFO - Sync 1 DAGs
[2025-08-19T16:56:50.409+0200] {logging_mixin.py:188} INFO - [2025-08-19T16:56:50.409+0200] {dag.py:3947} INFO - Setting next_dagrun for example_time_delta_sensor_async to None, run_after=None
[2025-08-19T16:56:50.416+0200] {processor.py:183} INFO - Processing /Users/ehabhasan/.venvs/airflow310/lib/python3.10/site-packages/airflow/example_dags/example_time_delta_sensor_async.py took 0.056 seconds
[2025-08-19T16:57:43.589+0200] {processor.py:161} INFO - Started process (PID=8088) to work on /Users/ehabhasan/.venvs/airflow310/lib/python3.10/site-packages/airflow/example_dags/example_time_delta_sensor_async.py
[2025-08-19T16:57:43.590+0200] {processor.py:830} INFO - Processing file /Users/ehabhasan/.venvs/airflow310/lib/python3.10/site-packages/airflow/example_dags/example_time_delta_sensor_async.py for tasks to queue
[2025-08-19T16:57:43.590+0200] {logging_mixin.py:188} INFO - [2025-08-19T16:57:43.590+0200] {dagbag.py:545} INFO - Filling up the DagBag from /Users/ehabhasan/.venvs/airflow310/lib/python3.10/site-packages/airflow/example_dags/example_time_delta_sensor_async.py
[2025-08-19T16:57:43.593+0200] {processor.py:840} INFO - DAG(s) 'example_time_delta_sensor_async' retrieved from /Users/ehabhasan/.venvs/airflow310/lib/python3.10/site-packages/airflow/example_dags/example_time_delta_sensor_async.py
[2025-08-19T16:57:43.632+0200] {logging_mixin.py:188} INFO - [2025-08-19T16:57:43.631+0200] {dag.py:3089} INFO - Sync 1 DAGs
[2025-08-19T16:57:43.635+0200] {logging_mixin.py:188} INFO - [2025-08-19T16:57:43.635+0200] {dag.py:3947} INFO - Setting next_dagrun for example_time_delta_sensor_async to None, run_after=None
[2025-08-19T16:57:43.641+0200] {processor.py:183} INFO - Processing /Users/ehabhasan/.venvs/airflow310/lib/python3.10/site-packages/airflow/example_dags/example_time_delta_sensor_async.py took 0.054 seconds
[2025-08-19T16:59:49.873+0200] {processor.py:161} INFO - Started process (PID=8184) to work on /Users/ehabhasan/.venvs/airflow310/lib/python3.10/site-packages/airflow/example_dags/example_time_delta_sensor_async.py
[2025-08-19T16:59:49.874+0200] {processor.py:830} INFO - Processing file /Users/ehabhasan/.venvs/airflow310/lib/python3.10/site-packages/airflow/example_dags/example_time_delta_sensor_async.py for tasks to queue
[2025-08-19T16:59:49.874+0200] {logging_mixin.py:188} INFO - [2025-08-19T16:59:49.874+0200] {dagbag.py:545} INFO - Filling up the DagBag from /Users/ehabhasan/.venvs/airflow310/lib/python3.10/site-packages/airflow/example_dags/example_time_delta_sensor_async.py
[2025-08-19T16:59:49.877+0200] {processor.py:840} INFO - DAG(s) 'example_time_delta_sensor_async' retrieved from /Users/ehabhasan/.venvs/airflow310/lib/python3.10/site-packages/airflow/example_dags/example_time_delta_sensor_async.py
[2025-08-19T16:59:49.915+0200] {logging_mixin.py:188} INFO - [2025-08-19T16:59:49.915+0200] {dag.py:3089} INFO - Sync 1 DAGs
[2025-08-19T16:59:49.918+0200] {logging_mixin.py:188} INFO - [2025-08-19T16:59:49.918+0200] {dag.py:3947} INFO - Setting next_dagrun for example_time_delta_sensor_async to None, run_after=None
[2025-08-19T16:59:49.924+0200] {processor.py:183} INFO - Processing /Users/ehabhasan/.venvs/airflow310/lib/python3.10/site-packages/airflow/example_dags/example_time_delta_sensor_async.py took 0.053 seconds
[2025-08-19T17:00:46.434+0200] {processor.py:161} INFO - Started process (PID=8240) to work on /Users/ehabhasan/.venvs/airflow310/lib/python3.10/site-packages/airflow/example_dags/example_time_delta_sensor_async.py
[2025-08-19T17:00:46.434+0200] {processor.py:830} INFO - Processing file /Users/ehabhasan/.venvs/airflow310/lib/python3.10/site-packages/airflow/example_dags/example_time_delta_sensor_async.py for tasks to queue
[2025-08-19T17:00:46.434+0200] {logging_mixin.py:188} INFO - [2025-08-19T17:00:46.434+0200] {dagbag.py:545} INFO - Filling up the DagBag from /Users/ehabhasan/.venvs/airflow310/lib/python3.10/site-packages/airflow/example_dags/example_time_delta_sensor_async.py
[2025-08-19T17:00:46.437+0200] {processor.py:840} INFO - DAG(s) 'example_time_delta_sensor_async' retrieved from /Users/ehabhasan/.venvs/airflow310/lib/python3.10/site-packages/airflow/example_dags/example_time_delta_sensor_async.py
[2025-08-19T17:00:46.484+0200] {logging_mixin.py:188} INFO - [2025-08-19T17:00:46.484+0200] {dag.py:3089} INFO - Sync 1 DAGs
[2025-08-19T17:00:46.490+0200] {logging_mixin.py:188} INFO - [2025-08-19T17:00:46.490+0200] {dag.py:3947} INFO - Setting next_dagrun for example_time_delta_sensor_async to None, run_after=None
[2025-08-19T17:00:46.498+0200] {processor.py:183} INFO - Processing /Users/ehabhasan/.venvs/airflow310/lib/python3.10/site-packages/airflow/example_dags/example_time_delta_sensor_async.py took 0.066 seconds
[2025-08-19T17:01:41.216+0200] {processor.py:161} INFO - Started process (PID=8285) to work on /Users/ehabhasan/.venvs/airflow310/lib/python3.10/site-packages/airflow/example_dags/example_time_delta_sensor_async.py
[2025-08-19T17:01:41.217+0200] {processor.py:830} INFO - Processing file /Users/ehabhasan/.venvs/airflow310/lib/python3.10/site-packages/airflow/example_dags/example_time_delta_sensor_async.py for tasks to queue
[2025-08-19T17:01:41.217+0200] {logging_mixin.py:188} INFO - [2025-08-19T17:01:41.217+0200] {dagbag.py:545} INFO - Filling up the DagBag from /Users/ehabhasan/.venvs/airflow310/lib/python3.10/site-packages/airflow/example_dags/example_time_delta_sensor_async.py
[2025-08-19T17:01:41.220+0200] {processor.py:840} INFO - DAG(s) 'example_time_delta_sensor_async' retrieved from /Users/ehabhasan/.venvs/airflow310/lib/python3.10/site-packages/airflow/example_dags/example_time_delta_sensor_async.py
[2025-08-19T17:01:41.259+0200] {logging_mixin.py:188} INFO - [2025-08-19T17:01:41.259+0200] {dag.py:3089} INFO - Sync 1 DAGs
[2025-08-19T17:01:41.262+0200] {logging_mixin.py:188} INFO - [2025-08-19T17:01:41.262+0200] {dag.py:3947} INFO - Setting next_dagrun for example_time_delta_sensor_async to None, run_after=None
[2025-08-19T17:01:41.269+0200] {processor.py:183} INFO - Processing /Users/ehabhasan/.venvs/airflow310/lib/python3.10/site-packages/airflow/example_dags/example_time_delta_sensor_async.py took 0.054 seconds
[2025-08-19T17:02:35.435+0200] {processor.py:161} INFO - Started process (PID=8329) to work on /Users/ehabhasan/.venvs/airflow310/lib/python3.10/site-packages/airflow/example_dags/example_time_delta_sensor_async.py
[2025-08-19T17:02:35.436+0200] {processor.py:830} INFO - Processing file /Users/ehabhasan/.venvs/airflow310/lib/python3.10/site-packages/airflow/example_dags/example_time_delta_sensor_async.py for tasks to queue
[2025-08-19T17:02:35.436+0200] {logging_mixin.py:188} INFO - [2025-08-19T17:02:35.436+0200] {dagbag.py:545} INFO - Filling up the DagBag from /Users/ehabhasan/.venvs/airflow310/lib/python3.10/site-packages/airflow/example_dags/example_time_delta_sensor_async.py
[2025-08-19T17:02:35.439+0200] {processor.py:840} INFO - DAG(s) 'example_time_delta_sensor_async' retrieved from /Users/ehabhasan/.venvs/airflow310/lib/python3.10/site-packages/airflow/example_dags/example_time_delta_sensor_async.py
[2025-08-19T17:02:35.476+0200] {logging_mixin.py:188} INFO - [2025-08-19T17:02:35.476+0200] {dag.py:3089} INFO - Sync 1 DAGs
[2025-08-19T17:02:35.480+0200] {logging_mixin.py:188} INFO - [2025-08-19T17:02:35.479+0200] {dag.py:3947} INFO - Setting next_dagrun for example_time_delta_sensor_async to None, run_after=None
[2025-08-19T17:02:35.486+0200] {processor.py:183} INFO - Processing /Users/ehabhasan/.venvs/airflow310/lib/python3.10/site-packages/airflow/example_dags/example_time_delta_sensor_async.py took 0.052 seconds
[2025-08-19T17:04:09.072+0200] {processor.py:161} INFO - Started process (PID=8920) to work on /Users/ehabhasan/.venvs/airflow310/lib/python3.10/site-packages/airflow/example_dags/example_time_delta_sensor_async.py
[2025-08-19T17:04:09.073+0200] {processor.py:830} INFO - Processing file /Users/ehabhasan/.venvs/airflow310/lib/python3.10/site-packages/airflow/example_dags/example_time_delta_sensor_async.py for tasks to queue
[2025-08-19T17:04:09.073+0200] {logging_mixin.py:188} INFO - [2025-08-19T17:04:09.073+0200] {dagbag.py:545} INFO - Filling up the DagBag from /Users/ehabhasan/.venvs/airflow310/lib/python3.10/site-packages/airflow/example_dags/example_time_delta_sensor_async.py
[2025-08-19T17:04:09.075+0200] {processor.py:840} INFO - DAG(s) 'example_time_delta_sensor_async' retrieved from /Users/ehabhasan/.venvs/airflow310/lib/python3.10/site-packages/airflow/example_dags/example_time_delta_sensor_async.py
[2025-08-19T17:04:09.114+0200] {logging_mixin.py:188} INFO - [2025-08-19T17:04:09.113+0200] {dag.py:3089} INFO - Sync 1 DAGs
[2025-08-19T17:04:09.117+0200] {logging_mixin.py:188} INFO - [2025-08-19T17:04:09.117+0200] {dag.py:3947} INFO - Setting next_dagrun for example_time_delta_sensor_async to None, run_after=None
[2025-08-19T17:04:09.124+0200] {processor.py:183} INFO - Processing /Users/ehabhasan/.venvs/airflow310/lib/python3.10/site-packages/airflow/example_dags/example_time_delta_sensor_async.py took 0.053 seconds
[2025-08-19T17:05:54.162+0200] {processor.py:161} INFO - Started process (PID=9302) to work on /Users/ehabhasan/.venvs/airflow310/lib/python3.10/site-packages/airflow/example_dags/example_time_delta_sensor_async.py
[2025-08-19T17:05:54.162+0200] {processor.py:830} INFO - Processing file /Users/ehabhasan/.venvs/airflow310/lib/python3.10/site-packages/airflow/example_dags/example_time_delta_sensor_async.py for tasks to queue
[2025-08-19T17:05:54.163+0200] {logging_mixin.py:188} INFO - [2025-08-19T17:05:54.162+0200] {dagbag.py:545} INFO - Filling up the DagBag from /Users/ehabhasan/.venvs/airflow310/lib/python3.10/site-packages/airflow/example_dags/example_time_delta_sensor_async.py
[2025-08-19T17:05:54.165+0200] {processor.py:840} INFO - DAG(s) 'example_time_delta_sensor_async' retrieved from /Users/ehabhasan/.venvs/airflow310/lib/python3.10/site-packages/airflow/example_dags/example_time_delta_sensor_async.py
[2025-08-19T17:05:54.205+0200] {logging_mixin.py:188} INFO - [2025-08-19T17:05:54.205+0200] {dag.py:3089} INFO - Sync 1 DAGs
[2025-08-19T17:05:54.208+0200] {logging_mixin.py:188} INFO - [2025-08-19T17:05:54.208+0200] {dag.py:3947} INFO - Setting next_dagrun for example_time_delta_sensor_async to None, run_after=None
[2025-08-19T17:05:54.215+0200] {processor.py:183} INFO - Processing /Users/ehabhasan/.venvs/airflow310/lib/python3.10/site-packages/airflow/example_dags/example_time_delta_sensor_async.py took 0.055 seconds
[2025-08-19T17:07:39.539+0200] {processor.py:161} INFO - Started process (PID=10110) to work on /Users/ehabhasan/.venvs/airflow310/lib/python3.10/site-packages/airflow/example_dags/example_time_delta_sensor_async.py
[2025-08-19T17:07:39.539+0200] {processor.py:830} INFO - Processing file /Users/ehabhasan/.venvs/airflow310/lib/python3.10/site-packages/airflow/example_dags/example_time_delta_sensor_async.py for tasks to queue
[2025-08-19T17:07:39.539+0200] {logging_mixin.py:188} INFO - [2025-08-19T17:07:39.539+0200] {dagbag.py:545} INFO - Filling up the DagBag from /Users/ehabhasan/.venvs/airflow310/lib/python3.10/site-packages/airflow/example_dags/example_time_delta_sensor_async.py
[2025-08-19T17:07:39.542+0200] {processor.py:840} INFO - DAG(s) 'example_time_delta_sensor_async' retrieved from /Users/ehabhasan/.venvs/airflow310/lib/python3.10/site-packages/airflow/example_dags/example_time_delta_sensor_async.py
[2025-08-19T17:07:39.581+0200] {logging_mixin.py:188} INFO - [2025-08-19T17:07:39.580+0200] {dag.py:3089} INFO - Sync 1 DAGs
[2025-08-19T17:07:39.584+0200] {logging_mixin.py:188} INFO - [2025-08-19T17:07:39.584+0200] {dag.py:3947} INFO - Setting next_dagrun for example_time_delta_sensor_async to None, run_after=None
[2025-08-19T17:07:39.590+0200] {processor.py:183} INFO - Processing /Users/ehabhasan/.venvs/airflow310/lib/python3.10/site-packages/airflow/example_dags/example_time_delta_sensor_async.py took 0.053 seconds
[2025-08-19T17:08:33.872+0200] {processor.py:161} INFO - Started process (PID=10157) to work on /Users/ehabhasan/.venvs/airflow310/lib/python3.10/site-packages/airflow/example_dags/example_time_delta_sensor_async.py
[2025-08-19T17:08:33.873+0200] {processor.py:830} INFO - Processing file /Users/ehabhasan/.venvs/airflow310/lib/python3.10/site-packages/airflow/example_dags/example_time_delta_sensor_async.py for tasks to queue
[2025-08-19T17:08:33.873+0200] {logging_mixin.py:188} INFO - [2025-08-19T17:08:33.873+0200] {dagbag.py:545} INFO - Filling up the DagBag from /Users/ehabhasan/.venvs/airflow310/lib/python3.10/site-packages/airflow/example_dags/example_time_delta_sensor_async.py
[2025-08-19T17:08:33.876+0200] {processor.py:840} INFO - DAG(s) 'example_time_delta_sensor_async' retrieved from /Users/ehabhasan/.venvs/airflow310/lib/python3.10/site-packages/airflow/example_dags/example_time_delta_sensor_async.py
[2025-08-19T17:08:33.915+0200] {logging_mixin.py:188} INFO - [2025-08-19T17:08:33.915+0200] {dag.py:3089} INFO - Sync 1 DAGs
[2025-08-19T17:08:33.918+0200] {logging_mixin.py:188} INFO - [2025-08-19T17:08:33.918+0200] {dag.py:3947} INFO - Setting next_dagrun for example_time_delta_sensor_async to None, run_after=None
[2025-08-19T17:08:33.925+0200] {processor.py:183} INFO - Processing /Users/ehabhasan/.venvs/airflow310/lib/python3.10/site-packages/airflow/example_dags/example_time_delta_sensor_async.py took 0.054 seconds
[2025-08-19T17:09:30.354+0200] {processor.py:161} INFO - Started process (PID=10213) to work on /Users/ehabhasan/.venvs/airflow310/lib/python3.10/site-packages/airflow/example_dags/example_time_delta_sensor_async.py
[2025-08-19T17:09:30.355+0200] {processor.py:830} INFO - Processing file /Users/ehabhasan/.venvs/airflow310/lib/python3.10/site-packages/airflow/example_dags/example_time_delta_sensor_async.py for tasks to queue
[2025-08-19T17:09:30.355+0200] {logging_mixin.py:188} INFO - [2025-08-19T17:09:30.355+0200] {dagbag.py:545} INFO - Filling up the DagBag from /Users/ehabhasan/.venvs/airflow310/lib/python3.10/site-packages/airflow/example_dags/example_time_delta_sensor_async.py
[2025-08-19T17:09:30.358+0200] {processor.py:840} INFO - DAG(s) 'example_time_delta_sensor_async' retrieved from /Users/ehabhasan/.venvs/airflow310/lib/python3.10/site-packages/airflow/example_dags/example_time_delta_sensor_async.py
[2025-08-19T17:09:30.397+0200] {logging_mixin.py:188} INFO - [2025-08-19T17:09:30.397+0200] {dag.py:3089} INFO - Sync 1 DAGs
[2025-08-19T17:09:30.400+0200] {logging_mixin.py:188} INFO - [2025-08-19T17:09:30.400+0200] {dag.py:3947} INFO - Setting next_dagrun for example_time_delta_sensor_async to None, run_after=None
[2025-08-19T17:09:30.407+0200] {processor.py:183} INFO - Processing /Users/ehabhasan/.venvs/airflow310/lib/python3.10/site-packages/airflow/example_dags/example_time_delta_sensor_async.py took 0.054 seconds
[2025-08-19T17:10:25.307+0200] {processor.py:161} INFO - Started process (PID=10272) to work on /Users/ehabhasan/.venvs/airflow310/lib/python3.10/site-packages/airflow/example_dags/example_time_delta_sensor_async.py
[2025-08-19T17:10:25.307+0200] {processor.py:830} INFO - Processing file /Users/ehabhasan/.venvs/airflow310/lib/python3.10/site-packages/airflow/example_dags/example_time_delta_sensor_async.py for tasks to queue
[2025-08-19T17:10:25.307+0200] {logging_mixin.py:188} INFO - [2025-08-19T17:10:25.307+0200] {dagbag.py:545} INFO - Filling up the DagBag from /Users/ehabhasan/.venvs/airflow310/lib/python3.10/site-packages/airflow/example_dags/example_time_delta_sensor_async.py
[2025-08-19T17:10:25.310+0200] {processor.py:840} INFO - DAG(s) 'example_time_delta_sensor_async' retrieved from /Users/ehabhasan/.venvs/airflow310/lib/python3.10/site-packages/airflow/example_dags/example_time_delta_sensor_async.py
[2025-08-19T17:10:25.350+0200] {logging_mixin.py:188} INFO - [2025-08-19T17:10:25.350+0200] {dag.py:3089} INFO - Sync 1 DAGs
[2025-08-19T17:10:25.353+0200] {logging_mixin.py:188} INFO - [2025-08-19T17:10:25.353+0200] {dag.py:3947} INFO - Setting next_dagrun for example_time_delta_sensor_async to None, run_after=None
[2025-08-19T17:10:25.360+0200] {processor.py:183} INFO - Processing /Users/ehabhasan/.venvs/airflow310/lib/python3.10/site-packages/airflow/example_dags/example_time_delta_sensor_async.py took 0.056 seconds
[2025-08-19T17:12:11.611+0200] {processor.py:161} INFO - Started process (PID=10355) to work on /Users/ehabhasan/.venvs/airflow310/lib/python3.10/site-packages/airflow/example_dags/example_time_delta_sensor_async.py
[2025-08-19T17:12:11.611+0200] {processor.py:830} INFO - Processing file /Users/ehabhasan/.venvs/airflow310/lib/python3.10/site-packages/airflow/example_dags/example_time_delta_sensor_async.py for tasks to queue
[2025-08-19T17:12:11.612+0200] {logging_mixin.py:188} INFO - [2025-08-19T17:12:11.612+0200] {dagbag.py:545} INFO - Filling up the DagBag from /Users/ehabhasan/.venvs/airflow310/lib/python3.10/site-packages/airflow/example_dags/example_time_delta_sensor_async.py
[2025-08-19T17:12:11.619+0200] {processor.py:840} INFO - DAG(s) 'example_time_delta_sensor_async' retrieved from /Users/ehabhasan/.venvs/airflow310/lib/python3.10/site-packages/airflow/example_dags/example_time_delta_sensor_async.py
[2025-08-19T17:12:11.669+0200] {logging_mixin.py:188} INFO - [2025-08-19T17:12:11.669+0200] {dag.py:3089} INFO - Sync 1 DAGs
[2025-08-19T17:12:11.673+0200] {logging_mixin.py:188} INFO - [2025-08-19T17:12:11.673+0200] {dag.py:3947} INFO - Setting next_dagrun for example_time_delta_sensor_async to None, run_after=None
[2025-08-19T17:12:11.681+0200] {processor.py:183} INFO - Processing /Users/ehabhasan/.venvs/airflow310/lib/python3.10/site-packages/airflow/example_dags/example_time_delta_sensor_async.py took 0.073 seconds
[2025-08-19T17:13:06.664+0200] {processor.py:161} INFO - Started process (PID=10403) to work on /Users/ehabhasan/.venvs/airflow310/lib/python3.10/site-packages/airflow/example_dags/example_time_delta_sensor_async.py
[2025-08-19T17:13:06.664+0200] {processor.py:830} INFO - Processing file /Users/ehabhasan/.venvs/airflow310/lib/python3.10/site-packages/airflow/example_dags/example_time_delta_sensor_async.py for tasks to queue
[2025-08-19T17:13:06.665+0200] {logging_mixin.py:188} INFO - [2025-08-19T17:13:06.664+0200] {dagbag.py:545} INFO - Filling up the DagBag from /Users/ehabhasan/.venvs/airflow310/lib/python3.10/site-packages/airflow/example_dags/example_time_delta_sensor_async.py
[2025-08-19T17:13:06.667+0200] {processor.py:840} INFO - DAG(s) 'example_time_delta_sensor_async' retrieved from /Users/ehabhasan/.venvs/airflow310/lib/python3.10/site-packages/airflow/example_dags/example_time_delta_sensor_async.py
[2025-08-19T17:13:06.705+0200] {logging_mixin.py:188} INFO - [2025-08-19T17:13:06.705+0200] {dag.py:3089} INFO - Sync 1 DAGs
[2025-08-19T17:13:06.708+0200] {logging_mixin.py:188} INFO - [2025-08-19T17:13:06.708+0200] {dag.py:3947} INFO - Setting next_dagrun for example_time_delta_sensor_async to None, run_after=None
[2025-08-19T17:13:06.715+0200] {processor.py:183} INFO - Processing /Users/ehabhasan/.venvs/airflow310/lib/python3.10/site-packages/airflow/example_dags/example_time_delta_sensor_async.py took 0.052 seconds
[2025-08-19T17:14:03.632+0200] {processor.py:161} INFO - Started process (PID=10444) to work on /Users/ehabhasan/.venvs/airflow310/lib/python3.10/site-packages/airflow/example_dags/example_time_delta_sensor_async.py
[2025-08-19T17:14:03.633+0200] {processor.py:830} INFO - Processing file /Users/ehabhasan/.venvs/airflow310/lib/python3.10/site-packages/airflow/example_dags/example_time_delta_sensor_async.py for tasks to queue
[2025-08-19T17:14:03.633+0200] {logging_mixin.py:188} INFO - [2025-08-19T17:14:03.633+0200] {dagbag.py:545} INFO - Filling up the DagBag from /Users/ehabhasan/.venvs/airflow310/lib/python3.10/site-packages/airflow/example_dags/example_time_delta_sensor_async.py
[2025-08-19T17:14:03.636+0200] {processor.py:840} INFO - DAG(s) 'example_time_delta_sensor_async' retrieved from /Users/ehabhasan/.venvs/airflow310/lib/python3.10/site-packages/airflow/example_dags/example_time_delta_sensor_async.py
[2025-08-19T17:14:03.674+0200] {logging_mixin.py:188} INFO - [2025-08-19T17:14:03.674+0200] {dag.py:3089} INFO - Sync 1 DAGs
[2025-08-19T17:14:03.677+0200] {logging_mixin.py:188} INFO - [2025-08-19T17:14:03.677+0200] {dag.py:3947} INFO - Setting next_dagrun for example_time_delta_sensor_async to None, run_after=None
[2025-08-19T17:14:03.684+0200] {processor.py:183} INFO - Processing /Users/ehabhasan/.venvs/airflow310/lib/python3.10/site-packages/airflow/example_dags/example_time_delta_sensor_async.py took 0.054 seconds
[2025-08-19T17:14:59.378+0200] {processor.py:161} INFO - Started process (PID=10518) to work on /Users/ehabhasan/.venvs/airflow310/lib/python3.10/site-packages/airflow/example_dags/example_time_delta_sensor_async.py
[2025-08-19T17:14:59.378+0200] {processor.py:830} INFO - Processing file /Users/ehabhasan/.venvs/airflow310/lib/python3.10/site-packages/airflow/example_dags/example_time_delta_sensor_async.py for tasks to queue
[2025-08-19T17:14:59.378+0200] {logging_mixin.py:188} INFO - [2025-08-19T17:14:59.378+0200] {dagbag.py:545} INFO - Filling up the DagBag from /Users/ehabhasan/.venvs/airflow310/lib/python3.10/site-packages/airflow/example_dags/example_time_delta_sensor_async.py
[2025-08-19T17:14:59.381+0200] {processor.py:840} INFO - DAG(s) 'example_time_delta_sensor_async' retrieved from /Users/ehabhasan/.venvs/airflow310/lib/python3.10/site-packages/airflow/example_dags/example_time_delta_sensor_async.py
[2025-08-19T17:14:59.420+0200] {logging_mixin.py:188} INFO - [2025-08-19T17:14:59.420+0200] {dag.py:3089} INFO - Sync 1 DAGs
[2025-08-19T17:14:59.423+0200] {logging_mixin.py:188} INFO - [2025-08-19T17:14:59.423+0200] {dag.py:3947} INFO - Setting next_dagrun for example_time_delta_sensor_async to None, run_after=None
[2025-08-19T17:14:59.430+0200] {processor.py:183} INFO - Processing /Users/ehabhasan/.venvs/airflow310/lib/python3.10/site-packages/airflow/example_dags/example_time_delta_sensor_async.py took 0.053 seconds
[2025-08-19T17:15:57.100+0200] {processor.py:161} INFO - Started process (PID=10794) to work on /Users/ehabhasan/.venvs/airflow310/lib/python3.10/site-packages/airflow/example_dags/example_time_delta_sensor_async.py
[2025-08-19T17:15:57.101+0200] {processor.py:830} INFO - Processing file /Users/ehabhasan/.venvs/airflow310/lib/python3.10/site-packages/airflow/example_dags/example_time_delta_sensor_async.py for tasks to queue
[2025-08-19T17:15:57.101+0200] {logging_mixin.py:188} INFO - [2025-08-19T17:15:57.101+0200] {dagbag.py:545} INFO - Filling up the DagBag from /Users/ehabhasan/.venvs/airflow310/lib/python3.10/site-packages/airflow/example_dags/example_time_delta_sensor_async.py
[2025-08-19T17:15:57.103+0200] {processor.py:840} INFO - DAG(s) 'example_time_delta_sensor_async' retrieved from /Users/ehabhasan/.venvs/airflow310/lib/python3.10/site-packages/airflow/example_dags/example_time_delta_sensor_async.py
[2025-08-19T17:15:57.140+0200] {logging_mixin.py:188} INFO - [2025-08-19T17:15:57.140+0200] {dag.py:3089} INFO - Sync 1 DAGs
[2025-08-19T17:15:57.144+0200] {logging_mixin.py:188} INFO - [2025-08-19T17:15:57.144+0200] {dag.py:3947} INFO - Setting next_dagrun for example_time_delta_sensor_async to None, run_after=None
[2025-08-19T17:15:57.150+0200] {processor.py:183} INFO - Processing /Users/ehabhasan/.venvs/airflow310/lib/python3.10/site-packages/airflow/example_dags/example_time_delta_sensor_async.py took 0.052 seconds
[2025-08-19T17:17:47.225+0200] {processor.py:161} INFO - Started process (PID=11464) to work on /Users/ehabhasan/.venvs/airflow310/lib/python3.10/site-packages/airflow/example_dags/example_time_delta_sensor_async.py
[2025-08-19T17:17:47.226+0200] {processor.py:830} INFO - Processing file /Users/ehabhasan/.venvs/airflow310/lib/python3.10/site-packages/airflow/example_dags/example_time_delta_sensor_async.py for tasks to queue
[2025-08-19T17:17:47.227+0200] {logging_mixin.py:188} INFO - [2025-08-19T17:17:47.227+0200] {dagbag.py:545} INFO - Filling up the DagBag from /Users/ehabhasan/.venvs/airflow310/lib/python3.10/site-packages/airflow/example_dags/example_time_delta_sensor_async.py
[2025-08-19T17:17:47.230+0200] {processor.py:840} INFO - DAG(s) 'example_time_delta_sensor_async' retrieved from /Users/ehabhasan/.venvs/airflow310/lib/python3.10/site-packages/airflow/example_dags/example_time_delta_sensor_async.py
[2025-08-19T17:17:47.273+0200] {logging_mixin.py:188} INFO - [2025-08-19T17:17:47.272+0200] {dag.py:3089} INFO - Sync 1 DAGs
[2025-08-19T17:17:47.276+0200] {logging_mixin.py:188} INFO - [2025-08-19T17:17:47.276+0200] {dag.py:3947} INFO - Setting next_dagrun for example_time_delta_sensor_async to None, run_after=None
[2025-08-19T17:17:47.282+0200] {processor.py:183} INFO - Processing /Users/ehabhasan/.venvs/airflow310/lib/python3.10/site-packages/airflow/example_dags/example_time_delta_sensor_async.py took 0.059 seconds
[2025-08-19T17:18:40.238+0200] {processor.py:161} INFO - Started process (PID=11506) to work on /Users/ehabhasan/.venvs/airflow310/lib/python3.10/site-packages/airflow/example_dags/example_time_delta_sensor_async.py
[2025-08-19T17:18:40.238+0200] {processor.py:830} INFO - Processing file /Users/ehabhasan/.venvs/airflow310/lib/python3.10/site-packages/airflow/example_dags/example_time_delta_sensor_async.py for tasks to queue
[2025-08-19T17:18:40.239+0200] {logging_mixin.py:188} INFO - [2025-08-19T17:18:40.239+0200] {dagbag.py:545} INFO - Filling up the DagBag from /Users/ehabhasan/.venvs/airflow310/lib/python3.10/site-packages/airflow/example_dags/example_time_delta_sensor_async.py
[2025-08-19T17:18:40.241+0200] {processor.py:840} INFO - DAG(s) 'example_time_delta_sensor_async' retrieved from /Users/ehabhasan/.venvs/airflow310/lib/python3.10/site-packages/airflow/example_dags/example_time_delta_sensor_async.py
[2025-08-19T17:18:40.279+0200] {logging_mixin.py:188} INFO - [2025-08-19T17:18:40.279+0200] {dag.py:3089} INFO - Sync 1 DAGs
[2025-08-19T17:18:40.283+0200] {logging_mixin.py:188} INFO - [2025-08-19T17:18:40.283+0200] {dag.py:3947} INFO - Setting next_dagrun for example_time_delta_sensor_async to None, run_after=None
[2025-08-19T17:18:40.289+0200] {processor.py:183} INFO - Processing /Users/ehabhasan/.venvs/airflow310/lib/python3.10/site-packages/airflow/example_dags/example_time_delta_sensor_async.py took 0.052 seconds
[2025-08-19T17:19:36.073+0200] {processor.py:161} INFO - Started process (PID=11566) to work on /Users/ehabhasan/.venvs/airflow310/lib/python3.10/site-packages/airflow/example_dags/example_time_delta_sensor_async.py
[2025-08-19T17:19:36.074+0200] {processor.py:830} INFO - Processing file /Users/ehabhasan/.venvs/airflow310/lib/python3.10/site-packages/airflow/example_dags/example_time_delta_sensor_async.py for tasks to queue
[2025-08-19T17:19:36.074+0200] {logging_mixin.py:188} INFO - [2025-08-19T17:19:36.074+0200] {dagbag.py:545} INFO - Filling up the DagBag from /Users/ehabhasan/.venvs/airflow310/lib/python3.10/site-packages/airflow/example_dags/example_time_delta_sensor_async.py
[2025-08-19T17:19:36.076+0200] {processor.py:840} INFO - DAG(s) 'example_time_delta_sensor_async' retrieved from /Users/ehabhasan/.venvs/airflow310/lib/python3.10/site-packages/airflow/example_dags/example_time_delta_sensor_async.py
[2025-08-19T17:19:36.117+0200] {logging_mixin.py:188} INFO - [2025-08-19T17:19:36.117+0200] {dag.py:3089} INFO - Sync 1 DAGs
[2025-08-19T17:19:36.120+0200] {logging_mixin.py:188} INFO - [2025-08-19T17:19:36.120+0200] {dag.py:3947} INFO - Setting next_dagrun for example_time_delta_sensor_async to None, run_after=None
[2025-08-19T17:19:36.127+0200] {processor.py:183} INFO - Processing /Users/ehabhasan/.venvs/airflow310/lib/python3.10/site-packages/airflow/example_dags/example_time_delta_sensor_async.py took 0.056 seconds
[2025-08-19T17:21:15.889+0200] {processor.py:161} INFO - Started process (PID=11641) to work on /Users/ehabhasan/.venvs/airflow310/lib/python3.10/site-packages/airflow/example_dags/example_time_delta_sensor_async.py
[2025-08-19T17:21:15.889+0200] {processor.py:830} INFO - Processing file /Users/ehabhasan/.venvs/airflow310/lib/python3.10/site-packages/airflow/example_dags/example_time_delta_sensor_async.py for tasks to queue
[2025-08-19T17:21:15.889+0200] {logging_mixin.py:188} INFO - [2025-08-19T17:21:15.889+0200] {dagbag.py:545} INFO - Filling up the DagBag from /Users/ehabhasan/.venvs/airflow310/lib/python3.10/site-packages/airflow/example_dags/example_time_delta_sensor_async.py
[2025-08-19T17:21:15.892+0200] {processor.py:840} INFO - DAG(s) 'example_time_delta_sensor_async' retrieved from /Users/ehabhasan/.venvs/airflow310/lib/python3.10/site-packages/airflow/example_dags/example_time_delta_sensor_async.py
[2025-08-19T17:21:15.930+0200] {logging_mixin.py:188} INFO - [2025-08-19T17:21:15.930+0200] {dag.py:3089} INFO - Sync 1 DAGs
[2025-08-19T17:21:15.933+0200] {logging_mixin.py:188} INFO - [2025-08-19T17:21:15.933+0200] {dag.py:3947} INFO - Setting next_dagrun for example_time_delta_sensor_async to None, run_after=None
[2025-08-19T17:21:15.940+0200] {processor.py:183} INFO - Processing /Users/ehabhasan/.venvs/airflow310/lib/python3.10/site-packages/airflow/example_dags/example_time_delta_sensor_async.py took 0.053 seconds
[2025-08-19T17:22:14.428+0200] {processor.py:161} INFO - Started process (PID=11678) to work on /Users/ehabhasan/.venvs/airflow310/lib/python3.10/site-packages/airflow/example_dags/example_time_delta_sensor_async.py
[2025-08-19T17:22:14.428+0200] {processor.py:830} INFO - Processing file /Users/ehabhasan/.venvs/airflow310/lib/python3.10/site-packages/airflow/example_dags/example_time_delta_sensor_async.py for tasks to queue
[2025-08-19T17:22:14.429+0200] {logging_mixin.py:188} INFO - [2025-08-19T17:22:14.429+0200] {dagbag.py:545} INFO - Filling up the DagBag from /Users/ehabhasan/.venvs/airflow310/lib/python3.10/site-packages/airflow/example_dags/example_time_delta_sensor_async.py
[2025-08-19T17:22:14.431+0200] {processor.py:840} INFO - DAG(s) 'example_time_delta_sensor_async' retrieved from /Users/ehabhasan/.venvs/airflow310/lib/python3.10/site-packages/airflow/example_dags/example_time_delta_sensor_async.py
[2025-08-19T17:22:14.470+0200] {logging_mixin.py:188} INFO - [2025-08-19T17:22:14.470+0200] {dag.py:3089} INFO - Sync 1 DAGs
[2025-08-19T17:22:14.473+0200] {logging_mixin.py:188} INFO - [2025-08-19T17:22:14.473+0200] {dag.py:3947} INFO - Setting next_dagrun for example_time_delta_sensor_async to None, run_after=None
[2025-08-19T17:22:14.479+0200] {processor.py:183} INFO - Processing /Users/ehabhasan/.venvs/airflow310/lib/python3.10/site-packages/airflow/example_dags/example_time_delta_sensor_async.py took 0.053 seconds
[2025-08-19T17:24:00.323+0200] {processor.py:161} INFO - Started process (PID=11755) to work on /Users/ehabhasan/.venvs/airflow310/lib/python3.10/site-packages/airflow/example_dags/example_time_delta_sensor_async.py
[2025-08-19T17:24:00.324+0200] {processor.py:830} INFO - Processing file /Users/ehabhasan/.venvs/airflow310/lib/python3.10/site-packages/airflow/example_dags/example_time_delta_sensor_async.py for tasks to queue
[2025-08-19T17:24:00.324+0200] {logging_mixin.py:188} INFO - [2025-08-19T17:24:00.324+0200] {dagbag.py:545} INFO - Filling up the DagBag from /Users/ehabhasan/.venvs/airflow310/lib/python3.10/site-packages/airflow/example_dags/example_time_delta_sensor_async.py
[2025-08-19T17:24:00.327+0200] {processor.py:840} INFO - DAG(s) 'example_time_delta_sensor_async' retrieved from /Users/ehabhasan/.venvs/airflow310/lib/python3.10/site-packages/airflow/example_dags/example_time_delta_sensor_async.py
[2025-08-19T17:24:00.365+0200] {logging_mixin.py:188} INFO - [2025-08-19T17:24:00.365+0200] {dag.py:3089} INFO - Sync 1 DAGs
[2025-08-19T17:24:00.368+0200] {logging_mixin.py:188} INFO - [2025-08-19T17:24:00.368+0200] {dag.py:3947} INFO - Setting next_dagrun for example_time_delta_sensor_async to None, run_after=None
[2025-08-19T17:24:00.374+0200] {processor.py:183} INFO - Processing /Users/ehabhasan/.venvs/airflow310/lib/python3.10/site-packages/airflow/example_dags/example_time_delta_sensor_async.py took 0.052 seconds
[2025-08-19T17:24:54.263+0200] {processor.py:161} INFO - Started process (PID=11799) to work on /Users/ehabhasan/.venvs/airflow310/lib/python3.10/site-packages/airflow/example_dags/example_time_delta_sensor_async.py
[2025-08-19T17:24:54.264+0200] {processor.py:830} INFO - Processing file /Users/ehabhasan/.venvs/airflow310/lib/python3.10/site-packages/airflow/example_dags/example_time_delta_sensor_async.py for tasks to queue
[2025-08-19T17:24:54.265+0200] {logging_mixin.py:188} INFO - [2025-08-19T17:24:54.265+0200] {dagbag.py:545} INFO - Filling up the DagBag from /Users/ehabhasan/.venvs/airflow310/lib/python3.10/site-packages/airflow/example_dags/example_time_delta_sensor_async.py
[2025-08-19T17:24:54.268+0200] {processor.py:840} INFO - DAG(s) 'example_time_delta_sensor_async' retrieved from /Users/ehabhasan/.venvs/airflow310/lib/python3.10/site-packages/airflow/example_dags/example_time_delta_sensor_async.py
[2025-08-19T17:24:54.306+0200] {logging_mixin.py:188} INFO - [2025-08-19T17:24:54.305+0200] {dag.py:3089} INFO - Sync 1 DAGs
[2025-08-19T17:24:54.309+0200] {logging_mixin.py:188} INFO - [2025-08-19T17:24:54.309+0200] {dag.py:3947} INFO - Setting next_dagrun for example_time_delta_sensor_async to None, run_after=None
[2025-08-19T17:24:54.315+0200] {processor.py:183} INFO - Processing /Users/ehabhasan/.venvs/airflow310/lib/python3.10/site-packages/airflow/example_dags/example_time_delta_sensor_async.py took 0.053 seconds
[2025-08-19T17:26:39.058+0200] {processor.py:161} INFO - Started process (PID=11876) to work on /Users/ehabhasan/.venvs/airflow310/lib/python3.10/site-packages/airflow/example_dags/example_time_delta_sensor_async.py
[2025-08-19T17:26:39.059+0200] {processor.py:830} INFO - Processing file /Users/ehabhasan/.venvs/airflow310/lib/python3.10/site-packages/airflow/example_dags/example_time_delta_sensor_async.py for tasks to queue
[2025-08-19T17:26:39.060+0200] {logging_mixin.py:188} INFO - [2025-08-19T17:26:39.060+0200] {dagbag.py:545} INFO - Filling up the DagBag from /Users/ehabhasan/.venvs/airflow310/lib/python3.10/site-packages/airflow/example_dags/example_time_delta_sensor_async.py
[2025-08-19T17:26:39.063+0200] {processor.py:840} INFO - DAG(s) 'example_time_delta_sensor_async' retrieved from /Users/ehabhasan/.venvs/airflow310/lib/python3.10/site-packages/airflow/example_dags/example_time_delta_sensor_async.py
[2025-08-19T17:26:39.101+0200] {logging_mixin.py:188} INFO - [2025-08-19T17:26:39.101+0200] {dag.py:3089} INFO - Sync 1 DAGs
[2025-08-19T17:26:39.104+0200] {logging_mixin.py:188} INFO - [2025-08-19T17:26:39.104+0200] {dag.py:3947} INFO - Setting next_dagrun for example_time_delta_sensor_async to None, run_after=None
[2025-08-19T17:26:39.110+0200] {processor.py:183} INFO - Processing /Users/ehabhasan/.venvs/airflow310/lib/python3.10/site-packages/airflow/example_dags/example_time_delta_sensor_async.py took 0.054 seconds
[2025-08-19T17:27:38.072+0200] {processor.py:161} INFO - Started process (PID=11916) to work on /Users/ehabhasan/.venvs/airflow310/lib/python3.10/site-packages/airflow/example_dags/example_time_delta_sensor_async.py
[2025-08-19T17:27:38.072+0200] {processor.py:830} INFO - Processing file /Users/ehabhasan/.venvs/airflow310/lib/python3.10/site-packages/airflow/example_dags/example_time_delta_sensor_async.py for tasks to queue
[2025-08-19T17:27:38.072+0200] {logging_mixin.py:188} INFO - [2025-08-19T17:27:38.072+0200] {dagbag.py:545} INFO - Filling up the DagBag from /Users/ehabhasan/.venvs/airflow310/lib/python3.10/site-packages/airflow/example_dags/example_time_delta_sensor_async.py
[2025-08-19T17:27:38.075+0200] {processor.py:840} INFO - DAG(s) 'example_time_delta_sensor_async' retrieved from /Users/ehabhasan/.venvs/airflow310/lib/python3.10/site-packages/airflow/example_dags/example_time_delta_sensor_async.py
[2025-08-19T17:27:38.116+0200] {logging_mixin.py:188} INFO - [2025-08-19T17:27:38.115+0200] {dag.py:3089} INFO - Sync 1 DAGs
[2025-08-19T17:27:38.119+0200] {logging_mixin.py:188} INFO - [2025-08-19T17:27:38.119+0200] {dag.py:3947} INFO - Setting next_dagrun for example_time_delta_sensor_async to None, run_after=None
[2025-08-19T17:27:38.125+0200] {processor.py:183} INFO - Processing /Users/ehabhasan/.venvs/airflow310/lib/python3.10/site-packages/airflow/example_dags/example_time_delta_sensor_async.py took 0.056 seconds
[2025-08-19T17:29:27.982+0200] {processor.py:161} INFO - Started process (PID=12007) to work on /Users/ehabhasan/.venvs/airflow310/lib/python3.10/site-packages/airflow/example_dags/example_time_delta_sensor_async.py
[2025-08-19T17:29:27.983+0200] {processor.py:830} INFO - Processing file /Users/ehabhasan/.venvs/airflow310/lib/python3.10/site-packages/airflow/example_dags/example_time_delta_sensor_async.py for tasks to queue
[2025-08-19T17:29:27.983+0200] {logging_mixin.py:188} INFO - [2025-08-19T17:29:27.983+0200] {dagbag.py:545} INFO - Filling up the DagBag from /Users/ehabhasan/.venvs/airflow310/lib/python3.10/site-packages/airflow/example_dags/example_time_delta_sensor_async.py
[2025-08-19T17:29:27.986+0200] {processor.py:840} INFO - DAG(s) 'example_time_delta_sensor_async' retrieved from /Users/ehabhasan/.venvs/airflow310/lib/python3.10/site-packages/airflow/example_dags/example_time_delta_sensor_async.py
[2025-08-19T17:29:28.026+0200] {logging_mixin.py:188} INFO - [2025-08-19T17:29:28.026+0200] {dag.py:3089} INFO - Sync 1 DAGs
[2025-08-19T17:29:28.029+0200] {logging_mixin.py:188} INFO - [2025-08-19T17:29:28.029+0200] {dag.py:3947} INFO - Setting next_dagrun for example_time_delta_sensor_async to None, run_after=None
[2025-08-19T17:29:28.036+0200] {processor.py:183} INFO - Processing /Users/ehabhasan/.venvs/airflow310/lib/python3.10/site-packages/airflow/example_dags/example_time_delta_sensor_async.py took 0.056 seconds
[2025-08-19T17:31:17.848+0200] {processor.py:161} INFO - Started process (PID=13932) to work on /Users/ehabhasan/.venvs/airflow310/lib/python3.10/site-packages/airflow/example_dags/example_time_delta_sensor_async.py
[2025-08-19T17:31:17.851+0200] {processor.py:830} INFO - Processing file /Users/ehabhasan/.venvs/airflow310/lib/python3.10/site-packages/airflow/example_dags/example_time_delta_sensor_async.py for tasks to queue
[2025-08-19T17:31:17.851+0200] {logging_mixin.py:188} INFO - [2025-08-19T17:31:17.851+0200] {dagbag.py:545} INFO - Filling up the DagBag from /Users/ehabhasan/.venvs/airflow310/lib/python3.10/site-packages/airflow/example_dags/example_time_delta_sensor_async.py
[2025-08-19T17:31:17.854+0200] {processor.py:840} INFO - DAG(s) 'example_time_delta_sensor_async' retrieved from /Users/ehabhasan/.venvs/airflow310/lib/python3.10/site-packages/airflow/example_dags/example_time_delta_sensor_async.py
[2025-08-19T17:31:17.893+0200] {logging_mixin.py:188} INFO - [2025-08-19T17:31:17.892+0200] {dag.py:3089} INFO - Sync 1 DAGs
[2025-08-19T17:31:17.896+0200] {logging_mixin.py:188} INFO - [2025-08-19T17:31:17.896+0200] {dag.py:3947} INFO - Setting next_dagrun for example_time_delta_sensor_async to None, run_after=None
[2025-08-19T17:31:17.902+0200] {processor.py:183} INFO - Processing /Users/ehabhasan/.venvs/airflow310/lib/python3.10/site-packages/airflow/example_dags/example_time_delta_sensor_async.py took 0.055 seconds
[2025-08-19T17:32:16.745+0200] {processor.py:161} INFO - Started process (PID=14133) to work on /Users/ehabhasan/.venvs/airflow310/lib/python3.10/site-packages/airflow/example_dags/example_time_delta_sensor_async.py
[2025-08-19T17:32:16.746+0200] {processor.py:830} INFO - Processing file /Users/ehabhasan/.venvs/airflow310/lib/python3.10/site-packages/airflow/example_dags/example_time_delta_sensor_async.py for tasks to queue
[2025-08-19T17:32:16.746+0200] {logging_mixin.py:188} INFO - [2025-08-19T17:32:16.746+0200] {dagbag.py:545} INFO - Filling up the DagBag from /Users/ehabhasan/.venvs/airflow310/lib/python3.10/site-packages/airflow/example_dags/example_time_delta_sensor_async.py
[2025-08-19T17:32:16.749+0200] {processor.py:840} INFO - DAG(s) 'example_time_delta_sensor_async' retrieved from /Users/ehabhasan/.venvs/airflow310/lib/python3.10/site-packages/airflow/example_dags/example_time_delta_sensor_async.py
[2025-08-19T17:32:16.788+0200] {logging_mixin.py:188} INFO - [2025-08-19T17:32:16.788+0200] {dag.py:3089} INFO - Sync 1 DAGs
[2025-08-19T17:32:16.791+0200] {logging_mixin.py:188} INFO - [2025-08-19T17:32:16.791+0200] {dag.py:3947} INFO - Setting next_dagrun for example_time_delta_sensor_async to None, run_after=None
[2025-08-19T17:32:16.798+0200] {processor.py:183} INFO - Processing /Users/ehabhasan/.venvs/airflow310/lib/python3.10/site-packages/airflow/example_dags/example_time_delta_sensor_async.py took 0.054 seconds
[2025-08-19T17:34:03.917+0200] {processor.py:161} INFO - Started process (PID=14235) to work on /Users/ehabhasan/.venvs/airflow310/lib/python3.10/site-packages/airflow/example_dags/example_time_delta_sensor_async.py
[2025-08-19T17:34:03.917+0200] {processor.py:830} INFO - Processing file /Users/ehabhasan/.venvs/airflow310/lib/python3.10/site-packages/airflow/example_dags/example_time_delta_sensor_async.py for tasks to queue
[2025-08-19T17:34:03.918+0200] {logging_mixin.py:188} INFO - [2025-08-19T17:34:03.918+0200] {dagbag.py:545} INFO - Filling up the DagBag from /Users/ehabhasan/.venvs/airflow310/lib/python3.10/site-packages/airflow/example_dags/example_time_delta_sensor_async.py
[2025-08-19T17:34:03.921+0200] {processor.py:840} INFO - DAG(s) 'example_time_delta_sensor_async' retrieved from /Users/ehabhasan/.venvs/airflow310/lib/python3.10/site-packages/airflow/example_dags/example_time_delta_sensor_async.py
[2025-08-19T17:34:03.961+0200] {logging_mixin.py:188} INFO - [2025-08-19T17:34:03.960+0200] {dag.py:3089} INFO - Sync 1 DAGs
[2025-08-19T17:34:03.964+0200] {logging_mixin.py:188} INFO - [2025-08-19T17:34:03.964+0200] {dag.py:3947} INFO - Setting next_dagrun for example_time_delta_sensor_async to None, run_after=None
[2025-08-19T17:34:03.971+0200] {processor.py:183} INFO - Processing /Users/ehabhasan/.venvs/airflow310/lib/python3.10/site-packages/airflow/example_dags/example_time_delta_sensor_async.py took 0.056 seconds
[2025-08-19T17:35:52.389+0200] {processor.py:161} INFO - Started process (PID=14411) to work on /Users/ehabhasan/.venvs/airflow310/lib/python3.10/site-packages/airflow/example_dags/example_time_delta_sensor_async.py
[2025-08-19T17:35:52.389+0200] {processor.py:830} INFO - Processing file /Users/ehabhasan/.venvs/airflow310/lib/python3.10/site-packages/airflow/example_dags/example_time_delta_sensor_async.py for tasks to queue
[2025-08-19T17:35:52.389+0200] {logging_mixin.py:188} INFO - [2025-08-19T17:35:52.389+0200] {dagbag.py:545} INFO - Filling up the DagBag from /Users/ehabhasan/.venvs/airflow310/lib/python3.10/site-packages/airflow/example_dags/example_time_delta_sensor_async.py
[2025-08-19T17:35:52.392+0200] {processor.py:840} INFO - DAG(s) 'example_time_delta_sensor_async' retrieved from /Users/ehabhasan/.venvs/airflow310/lib/python3.10/site-packages/airflow/example_dags/example_time_delta_sensor_async.py
[2025-08-19T17:35:52.431+0200] {logging_mixin.py:188} INFO - [2025-08-19T17:35:52.431+0200] {dag.py:3089} INFO - Sync 1 DAGs
[2025-08-19T17:35:52.434+0200] {logging_mixin.py:188} INFO - [2025-08-19T17:35:52.434+0200] {dag.py:3947} INFO - Setting next_dagrun for example_time_delta_sensor_async to None, run_after=None
[2025-08-19T17:35:52.440+0200] {processor.py:183} INFO - Processing /Users/ehabhasan/.venvs/airflow310/lib/python3.10/site-packages/airflow/example_dags/example_time_delta_sensor_async.py took 0.053 seconds
[2025-08-19T17:36:49.969+0200] {processor.py:161} INFO - Started process (PID=14498) to work on /Users/ehabhasan/.venvs/airflow310/lib/python3.10/site-packages/airflow/example_dags/example_time_delta_sensor_async.py
[2025-08-19T17:36:49.969+0200] {processor.py:830} INFO - Processing file /Users/ehabhasan/.venvs/airflow310/lib/python3.10/site-packages/airflow/example_dags/example_time_delta_sensor_async.py for tasks to queue
[2025-08-19T17:36:49.969+0200] {logging_mixin.py:188} INFO - [2025-08-19T17:36:49.969+0200] {dagbag.py:545} INFO - Filling up the DagBag from /Users/ehabhasan/.venvs/airflow310/lib/python3.10/site-packages/airflow/example_dags/example_time_delta_sensor_async.py
[2025-08-19T17:36:49.972+0200] {processor.py:840} INFO - DAG(s) 'example_time_delta_sensor_async' retrieved from /Users/ehabhasan/.venvs/airflow310/lib/python3.10/site-packages/airflow/example_dags/example_time_delta_sensor_async.py
[2025-08-19T17:36:50.010+0200] {logging_mixin.py:188} INFO - [2025-08-19T17:36:50.010+0200] {dag.py:3089} INFO - Sync 1 DAGs
[2025-08-19T17:36:50.014+0200] {logging_mixin.py:188} INFO - [2025-08-19T17:36:50.014+0200] {dag.py:3947} INFO - Setting next_dagrun for example_time_delta_sensor_async to None, run_after=None
[2025-08-19T17:36:50.020+0200] {processor.py:183} INFO - Processing /Users/ehabhasan/.venvs/airflow310/lib/python3.10/site-packages/airflow/example_dags/example_time_delta_sensor_async.py took 0.053 seconds
[2025-08-19T17:37:48.965+0200] {processor.py:161} INFO - Started process (PID=14577) to work on /Users/ehabhasan/.venvs/airflow310/lib/python3.10/site-packages/airflow/example_dags/example_time_delta_sensor_async.py
[2025-08-19T17:37:48.965+0200] {processor.py:830} INFO - Processing file /Users/ehabhasan/.venvs/airflow310/lib/python3.10/site-packages/airflow/example_dags/example_time_delta_sensor_async.py for tasks to queue
[2025-08-19T17:37:48.965+0200] {logging_mixin.py:188} INFO - [2025-08-19T17:37:48.965+0200] {dagbag.py:545} INFO - Filling up the DagBag from /Users/ehabhasan/.venvs/airflow310/lib/python3.10/site-packages/airflow/example_dags/example_time_delta_sensor_async.py
[2025-08-19T17:37:48.968+0200] {processor.py:840} INFO - DAG(s) 'example_time_delta_sensor_async' retrieved from /Users/ehabhasan/.venvs/airflow310/lib/python3.10/site-packages/airflow/example_dags/example_time_delta_sensor_async.py
[2025-08-19T17:37:49.006+0200] {logging_mixin.py:188} INFO - [2025-08-19T17:37:49.006+0200] {dag.py:3089} INFO - Sync 1 DAGs
[2025-08-19T17:37:49.009+0200] {logging_mixin.py:188} INFO - [2025-08-19T17:37:49.009+0200] {dag.py:3947} INFO - Setting next_dagrun for example_time_delta_sensor_async to None, run_after=None
[2025-08-19T17:37:49.016+0200] {processor.py:183} INFO - Processing /Users/ehabhasan/.venvs/airflow310/lib/python3.10/site-packages/airflow/example_dags/example_time_delta_sensor_async.py took 0.053 seconds
[2025-08-19T17:38:47.967+0200] {processor.py:161} INFO - Started process (PID=14731) to work on /Users/ehabhasan/.venvs/airflow310/lib/python3.10/site-packages/airflow/example_dags/example_time_delta_sensor_async.py
[2025-08-19T17:38:47.968+0200] {processor.py:830} INFO - Processing file /Users/ehabhasan/.venvs/airflow310/lib/python3.10/site-packages/airflow/example_dags/example_time_delta_sensor_async.py for tasks to queue
[2025-08-19T17:38:47.968+0200] {logging_mixin.py:188} INFO - [2025-08-19T17:38:47.968+0200] {dagbag.py:545} INFO - Filling up the DagBag from /Users/ehabhasan/.venvs/airflow310/lib/python3.10/site-packages/airflow/example_dags/example_time_delta_sensor_async.py
[2025-08-19T17:38:47.971+0200] {processor.py:840} INFO - DAG(s) 'example_time_delta_sensor_async' retrieved from /Users/ehabhasan/.venvs/airflow310/lib/python3.10/site-packages/airflow/example_dags/example_time_delta_sensor_async.py
[2025-08-19T17:38:48.010+0200] {logging_mixin.py:188} INFO - [2025-08-19T17:38:48.010+0200] {dag.py:3089} INFO - Sync 1 DAGs
[2025-08-19T17:38:48.013+0200] {logging_mixin.py:188} INFO - [2025-08-19T17:38:48.013+0200] {dag.py:3947} INFO - Setting next_dagrun for example_time_delta_sensor_async to None, run_after=None
[2025-08-19T17:38:48.020+0200] {processor.py:183} INFO - Processing /Users/ehabhasan/.venvs/airflow310/lib/python3.10/site-packages/airflow/example_dags/example_time_delta_sensor_async.py took 0.054 seconds
[2025-08-19T17:39:49.623+0200] {processor.py:161} INFO - Started process (PID=14780) to work on /Users/ehabhasan/.venvs/airflow310/lib/python3.10/site-packages/airflow/example_dags/example_time_delta_sensor_async.py
[2025-08-19T17:39:49.623+0200] {processor.py:830} INFO - Processing file /Users/ehabhasan/.venvs/airflow310/lib/python3.10/site-packages/airflow/example_dags/example_time_delta_sensor_async.py for tasks to queue
[2025-08-19T17:39:49.624+0200] {logging_mixin.py:188} INFO - [2025-08-19T17:39:49.624+0200] {dagbag.py:545} INFO - Filling up the DagBag from /Users/ehabhasan/.venvs/airflow310/lib/python3.10/site-packages/airflow/example_dags/example_time_delta_sensor_async.py
[2025-08-19T17:39:49.626+0200] {processor.py:840} INFO - DAG(s) 'example_time_delta_sensor_async' retrieved from /Users/ehabhasan/.venvs/airflow310/lib/python3.10/site-packages/airflow/example_dags/example_time_delta_sensor_async.py
[2025-08-19T17:39:49.665+0200] {logging_mixin.py:188} INFO - [2025-08-19T17:39:49.665+0200] {dag.py:3089} INFO - Sync 1 DAGs
[2025-08-19T17:39:49.668+0200] {logging_mixin.py:188} INFO - [2025-08-19T17:39:49.668+0200] {dag.py:3947} INFO - Setting next_dagrun for example_time_delta_sensor_async to None, run_after=None
[2025-08-19T17:39:49.675+0200] {processor.py:183} INFO - Processing /Users/ehabhasan/.venvs/airflow310/lib/python3.10/site-packages/airflow/example_dags/example_time_delta_sensor_async.py took 0.053 seconds
[2025-08-19T17:40:46.763+0200] {processor.py:161} INFO - Started process (PID=14877) to work on /Users/ehabhasan/.venvs/airflow310/lib/python3.10/site-packages/airflow/example_dags/example_time_delta_sensor_async.py
[2025-08-19T17:40:46.764+0200] {processor.py:830} INFO - Processing file /Users/ehabhasan/.venvs/airflow310/lib/python3.10/site-packages/airflow/example_dags/example_time_delta_sensor_async.py for tasks to queue
[2025-08-19T17:40:46.764+0200] {logging_mixin.py:188} INFO - [2025-08-19T17:40:46.764+0200] {dagbag.py:545} INFO - Filling up the DagBag from /Users/ehabhasan/.venvs/airflow310/lib/python3.10/site-packages/airflow/example_dags/example_time_delta_sensor_async.py
[2025-08-19T17:40:46.767+0200] {processor.py:840} INFO - DAG(s) 'example_time_delta_sensor_async' retrieved from /Users/ehabhasan/.venvs/airflow310/lib/python3.10/site-packages/airflow/example_dags/example_time_delta_sensor_async.py
[2025-08-19T17:40:46.804+0200] {logging_mixin.py:188} INFO - [2025-08-19T17:40:46.804+0200] {dag.py:3089} INFO - Sync 1 DAGs
[2025-08-19T17:40:46.807+0200] {logging_mixin.py:188} INFO - [2025-08-19T17:40:46.807+0200] {dag.py:3947} INFO - Setting next_dagrun for example_time_delta_sensor_async to None, run_after=None
[2025-08-19T17:40:46.813+0200] {processor.py:183} INFO - Processing /Users/ehabhasan/.venvs/airflow310/lib/python3.10/site-packages/airflow/example_dags/example_time_delta_sensor_async.py took 0.051 seconds
[2025-08-19T17:45:23.697+0200] {processor.py:161} INFO - Started process (PID=14968) to work on /Users/ehabhasan/.venvs/airflow310/lib/python3.10/site-packages/airflow/example_dags/example_time_delta_sensor_async.py
[2025-08-19T17:45:23.697+0200] {processor.py:830} INFO - Processing file /Users/ehabhasan/.venvs/airflow310/lib/python3.10/site-packages/airflow/example_dags/example_time_delta_sensor_async.py for tasks to queue
[2025-08-19T17:45:23.697+0200] {logging_mixin.py:188} INFO - [2025-08-19T17:45:23.697+0200] {dagbag.py:545} INFO - Filling up the DagBag from /Users/ehabhasan/.venvs/airflow310/lib/python3.10/site-packages/airflow/example_dags/example_time_delta_sensor_async.py
[2025-08-19T17:45:23.700+0200] {processor.py:840} INFO - DAG(s) 'example_time_delta_sensor_async' retrieved from /Users/ehabhasan/.venvs/airflow310/lib/python3.10/site-packages/airflow/example_dags/example_time_delta_sensor_async.py
[2025-08-19T17:45:23.739+0200] {logging_mixin.py:188} INFO - [2025-08-19T17:45:23.739+0200] {dag.py:3089} INFO - Sync 1 DAGs
[2025-08-19T17:45:23.742+0200] {logging_mixin.py:188} INFO - [2025-08-19T17:45:23.742+0200] {dag.py:3947} INFO - Setting next_dagrun for example_time_delta_sensor_async to None, run_after=None
[2025-08-19T17:45:23.748+0200] {processor.py:183} INFO - Processing /Users/ehabhasan/.venvs/airflow310/lib/python3.10/site-packages/airflow/example_dags/example_time_delta_sensor_async.py took 0.053 seconds
[2025-08-19T17:46:26.438+0200] {processor.py:161} INFO - Started process (PID=15019) to work on /Users/ehabhasan/.venvs/airflow310/lib/python3.10/site-packages/airflow/example_dags/example_time_delta_sensor_async.py
[2025-08-19T17:46:26.439+0200] {processor.py:830} INFO - Processing file /Users/ehabhasan/.venvs/airflow310/lib/python3.10/site-packages/airflow/example_dags/example_time_delta_sensor_async.py for tasks to queue
[2025-08-19T17:46:26.439+0200] {logging_mixin.py:188} INFO - [2025-08-19T17:46:26.439+0200] {dagbag.py:545} INFO - Filling up the DagBag from /Users/ehabhasan/.venvs/airflow310/lib/python3.10/site-packages/airflow/example_dags/example_time_delta_sensor_async.py
[2025-08-19T17:46:26.442+0200] {processor.py:840} INFO - DAG(s) 'example_time_delta_sensor_async' retrieved from /Users/ehabhasan/.venvs/airflow310/lib/python3.10/site-packages/airflow/example_dags/example_time_delta_sensor_async.py
[2025-08-19T17:46:26.480+0200] {logging_mixin.py:188} INFO - [2025-08-19T17:46:26.480+0200] {dag.py:3089} INFO - Sync 1 DAGs
[2025-08-19T17:46:26.484+0200] {logging_mixin.py:188} INFO - [2025-08-19T17:46:26.483+0200] {dag.py:3947} INFO - Setting next_dagrun for example_time_delta_sensor_async to None, run_after=None
[2025-08-19T17:46:26.490+0200] {processor.py:183} INFO - Processing /Users/ehabhasan/.venvs/airflow310/lib/python3.10/site-packages/airflow/example_dags/example_time_delta_sensor_async.py took 0.053 seconds
[2025-08-19T17:47:26.991+0200] {processor.py:161} INFO - Started process (PID=15068) to work on /Users/ehabhasan/.venvs/airflow310/lib/python3.10/site-packages/airflow/example_dags/example_time_delta_sensor_async.py
[2025-08-19T17:47:26.991+0200] {processor.py:830} INFO - Processing file /Users/ehabhasan/.venvs/airflow310/lib/python3.10/site-packages/airflow/example_dags/example_time_delta_sensor_async.py for tasks to queue
[2025-08-19T17:47:26.992+0200] {logging_mixin.py:188} INFO - [2025-08-19T17:47:26.992+0200] {dagbag.py:545} INFO - Filling up the DagBag from /Users/ehabhasan/.venvs/airflow310/lib/python3.10/site-packages/airflow/example_dags/example_time_delta_sensor_async.py
[2025-08-19T17:47:26.994+0200] {processor.py:840} INFO - DAG(s) 'example_time_delta_sensor_async' retrieved from /Users/ehabhasan/.venvs/airflow310/lib/python3.10/site-packages/airflow/example_dags/example_time_delta_sensor_async.py
[2025-08-19T17:47:27.032+0200] {logging_mixin.py:188} INFO - [2025-08-19T17:47:27.032+0200] {dag.py:3089} INFO - Sync 1 DAGs
[2025-08-19T17:47:27.035+0200] {logging_mixin.py:188} INFO - [2025-08-19T17:47:27.035+0200] {dag.py:3947} INFO - Setting next_dagrun for example_time_delta_sensor_async to None, run_after=None
[2025-08-19T17:47:27.042+0200] {processor.py:183} INFO - Processing /Users/ehabhasan/.venvs/airflow310/lib/python3.10/site-packages/airflow/example_dags/example_time_delta_sensor_async.py took 0.052 seconds
[2025-08-19T17:48:26.756+0200] {processor.py:161} INFO - Started process (PID=15107) to work on /Users/ehabhasan/.venvs/airflow310/lib/python3.10/site-packages/airflow/example_dags/example_time_delta_sensor_async.py
[2025-08-19T17:48:26.757+0200] {processor.py:830} INFO - Processing file /Users/ehabhasan/.venvs/airflow310/lib/python3.10/site-packages/airflow/example_dags/example_time_delta_sensor_async.py for tasks to queue
[2025-08-19T17:48:26.757+0200] {logging_mixin.py:188} INFO - [2025-08-19T17:48:26.757+0200] {dagbag.py:545} INFO - Filling up the DagBag from /Users/ehabhasan/.venvs/airflow310/lib/python3.10/site-packages/airflow/example_dags/example_time_delta_sensor_async.py
[2025-08-19T17:48:26.760+0200] {processor.py:840} INFO - DAG(s) 'example_time_delta_sensor_async' retrieved from /Users/ehabhasan/.venvs/airflow310/lib/python3.10/site-packages/airflow/example_dags/example_time_delta_sensor_async.py
[2025-08-19T17:48:26.799+0200] {logging_mixin.py:188} INFO - [2025-08-19T17:48:26.799+0200] {dag.py:3089} INFO - Sync 1 DAGs
[2025-08-19T17:48:26.802+0200] {logging_mixin.py:188} INFO - [2025-08-19T17:48:26.802+0200] {dag.py:3947} INFO - Setting next_dagrun for example_time_delta_sensor_async to None, run_after=None
[2025-08-19T17:48:26.808+0200] {processor.py:183} INFO - Processing /Users/ehabhasan/.venvs/airflow310/lib/python3.10/site-packages/airflow/example_dags/example_time_delta_sensor_async.py took 0.054 seconds
[2025-08-19T17:49:24.028+0200] {processor.py:161} INFO - Started process (PID=15154) to work on /Users/ehabhasan/.venvs/airflow310/lib/python3.10/site-packages/airflow/example_dags/example_time_delta_sensor_async.py
[2025-08-19T17:49:24.029+0200] {processor.py:830} INFO - Processing file /Users/ehabhasan/.venvs/airflow310/lib/python3.10/site-packages/airflow/example_dags/example_time_delta_sensor_async.py for tasks to queue
[2025-08-19T17:49:24.029+0200] {logging_mixin.py:188} INFO - [2025-08-19T17:49:24.029+0200] {dagbag.py:545} INFO - Filling up the DagBag from /Users/ehabhasan/.venvs/airflow310/lib/python3.10/site-packages/airflow/example_dags/example_time_delta_sensor_async.py
[2025-08-19T17:49:24.032+0200] {processor.py:840} INFO - DAG(s) 'example_time_delta_sensor_async' retrieved from /Users/ehabhasan/.venvs/airflow310/lib/python3.10/site-packages/airflow/example_dags/example_time_delta_sensor_async.py
[2025-08-19T17:49:24.071+0200] {logging_mixin.py:188} INFO - [2025-08-19T17:49:24.071+0200] {dag.py:3089} INFO - Sync 1 DAGs
[2025-08-19T17:49:24.075+0200] {logging_mixin.py:188} INFO - [2025-08-19T17:49:24.075+0200] {dag.py:3947} INFO - Setting next_dagrun for example_time_delta_sensor_async to None, run_after=None
[2025-08-19T17:49:24.082+0200] {processor.py:183} INFO - Processing /Users/ehabhasan/.venvs/airflow310/lib/python3.10/site-packages/airflow/example_dags/example_time_delta_sensor_async.py took 0.055 seconds
