[2025-08-19T16:48:16.663+0200] {processor.py:161} INFO - Started process (PID=7634) to work on /Users/ehabhasan/.venvs/airflow310/lib/python3.10/site-packages/airflow/example_dags/example_subdag_operator.py
[2025-08-19T16:48:16.663+0200] {processor.py:830} INFO - Processing file /Users/ehabhasan/.venvs/airflow310/lib/python3.10/site-packages/airflow/example_dags/example_subdag_operator.py for tasks to queue
[2025-08-19T16:48:16.663+0200] {logging_mixin.py:188} INFO - [2025-08-19T16:48:16.663+0200] {dagbag.py:545} INFO - Filling up the DagBag from /Users/ehabhasan/.venvs/airflow310/lib/python3.10/site-packages/airflow/example_dags/example_subdag_operator.py
[2025-08-19T16:48:16.697+0200] {processor.py:840} INFO - DAG(s) 'example_subdag_operator.section-1', 'example_subdag_operator.section-2', 'example_subdag_operator' retrieved from /Users/ehabhasan/.venvs/airflow310/lib/python3.10/site-packages/airflow/example_dags/example_subdag_operator.py
[2025-08-19T16:48:16.702+0200] {logging_mixin.py:188} INFO - [2025-08-19T16:48:16.701+0200] {dag.py:3089} INFO - Sync 3 DAGs
[2025-08-19T16:48:16.707+0200] {logging_mixin.py:188} INFO - [2025-08-19T16:48:16.707+0200] {dag.py:3947} INFO - Setting next_dagrun for example_subdag_operator to 2022-01-01 00:00:00+00:00, run_after=2022-01-01 00:00:00+00:00
[2025-08-19T16:48:16.708+0200] {logging_mixin.py:188} INFO - [2025-08-19T16:48:16.708+0200] {dag.py:3947} INFO - Setting next_dagrun for example_subdag_operator.section-1 to None, run_after=None
[2025-08-19T16:48:16.708+0200] {logging_mixin.py:188} INFO - [2025-08-19T16:48:16.708+0200] {dag.py:3947} INFO - Setting next_dagrun for example_subdag_operator.section-2 to None, run_after=None
[2025-08-19T16:48:16.710+0200] {logging_mixin.py:188} INFO - [2025-08-19T16:48:16.710+0200] {dag.py:3089} INFO - Sync 2 DAGs
[2025-08-19T16:48:16.712+0200] {logging_mixin.py:188} INFO - [2025-08-19T16:48:16.712+0200] {dag.py:3947} INFO - Setting next_dagrun for example_subdag_operator.section-1 to None, run_after=None
[2025-08-19T16:48:16.712+0200] {logging_mixin.py:188} INFO - [2025-08-19T16:48:16.712+0200] {dag.py:3947} INFO - Setting next_dagrun for example_subdag_operator.section-2 to None, run_after=None
[2025-08-19T16:48:16.716+0200] {processor.py:183} INFO - Processing /Users/ehabhasan/.venvs/airflow310/lib/python3.10/site-packages/airflow/example_dags/example_subdag_operator.py took 0.056 seconds
[2025-08-19T16:49:36.178+0200] {processor.py:161} INFO - Started process (PID=7693) to work on /Users/ehabhasan/.venvs/airflow310/lib/python3.10/site-packages/airflow/example_dags/example_subdag_operator.py
[2025-08-19T16:49:36.179+0200] {processor.py:830} INFO - Processing file /Users/ehabhasan/.venvs/airflow310/lib/python3.10/site-packages/airflow/example_dags/example_subdag_operator.py for tasks to queue
[2025-08-19T16:49:36.179+0200] {logging_mixin.py:188} INFO - [2025-08-19T16:49:36.179+0200] {dagbag.py:545} INFO - Filling up the DagBag from /Users/ehabhasan/.venvs/airflow310/lib/python3.10/site-packages/airflow/example_dags/example_subdag_operator.py
[2025-08-19T16:49:36.212+0200] {processor.py:840} INFO - DAG(s) 'example_subdag_operator.section-1', 'example_subdag_operator.section-2', 'example_subdag_operator' retrieved from /Users/ehabhasan/.venvs/airflow310/lib/python3.10/site-packages/airflow/example_dags/example_subdag_operator.py
[2025-08-19T16:49:36.273+0200] {logging_mixin.py:188} INFO - [2025-08-19T16:49:36.273+0200] {dag.py:3089} INFO - Sync 3 DAGs
[2025-08-19T16:49:36.279+0200] {logging_mixin.py:188} INFO - [2025-08-19T16:49:36.278+0200] {dag.py:3947} INFO - Setting next_dagrun for example_subdag_operator to 2022-01-01 00:00:00+00:00, run_after=2022-01-01 00:00:00+00:00
[2025-08-19T16:49:36.279+0200] {logging_mixin.py:188} INFO - [2025-08-19T16:49:36.279+0200] {dag.py:3947} INFO - Setting next_dagrun for example_subdag_operator.section-1 to None, run_after=None
[2025-08-19T16:49:36.280+0200] {logging_mixin.py:188} INFO - [2025-08-19T16:49:36.280+0200] {dag.py:3947} INFO - Setting next_dagrun for example_subdag_operator.section-2 to None, run_after=None
[2025-08-19T16:49:36.282+0200] {logging_mixin.py:188} INFO - [2025-08-19T16:49:36.282+0200] {dag.py:3089} INFO - Sync 2 DAGs
[2025-08-19T16:49:36.283+0200] {logging_mixin.py:188} INFO - [2025-08-19T16:49:36.283+0200] {dag.py:3947} INFO - Setting next_dagrun for example_subdag_operator.section-1 to None, run_after=None
[2025-08-19T16:49:36.283+0200] {logging_mixin.py:188} INFO - [2025-08-19T16:49:36.283+0200] {dag.py:3947} INFO - Setting next_dagrun for example_subdag_operator.section-2 to None, run_after=None
[2025-08-19T16:49:36.288+0200] {processor.py:183} INFO - Processing /Users/ehabhasan/.venvs/airflow310/lib/python3.10/site-packages/airflow/example_dags/example_subdag_operator.py took 0.112 seconds
[2025-08-19T16:51:07.585+0200] {processor.py:161} INFO - Started process (PID=7763) to work on /Users/ehabhasan/.venvs/airflow310/lib/python3.10/site-packages/airflow/example_dags/example_subdag_operator.py
[2025-08-19T16:51:07.586+0200] {processor.py:830} INFO - Processing file /Users/ehabhasan/.venvs/airflow310/lib/python3.10/site-packages/airflow/example_dags/example_subdag_operator.py for tasks to queue
[2025-08-19T16:51:07.586+0200] {logging_mixin.py:188} INFO - [2025-08-19T16:51:07.586+0200] {dagbag.py:545} INFO - Filling up the DagBag from /Users/ehabhasan/.venvs/airflow310/lib/python3.10/site-packages/airflow/example_dags/example_subdag_operator.py
[2025-08-19T16:51:07.619+0200] {processor.py:840} INFO - DAG(s) 'example_subdag_operator.section-1', 'example_subdag_operator.section-2', 'example_subdag_operator' retrieved from /Users/ehabhasan/.venvs/airflow310/lib/python3.10/site-packages/airflow/example_dags/example_subdag_operator.py
[2025-08-19T16:51:07.631+0200] {logging_mixin.py:188} INFO - [2025-08-19T16:51:07.631+0200] {dag.py:3089} INFO - Sync 3 DAGs
[2025-08-19T16:51:07.636+0200] {logging_mixin.py:188} INFO - [2025-08-19T16:51:07.636+0200] {dag.py:3947} INFO - Setting next_dagrun for example_subdag_operator to 2022-01-01 00:00:00+00:00, run_after=2022-01-01 00:00:00+00:00
[2025-08-19T16:51:07.637+0200] {logging_mixin.py:188} INFO - [2025-08-19T16:51:07.637+0200] {dag.py:3947} INFO - Setting next_dagrun for example_subdag_operator.section-1 to None, run_after=None
[2025-08-19T16:51:07.638+0200] {logging_mixin.py:188} INFO - [2025-08-19T16:51:07.637+0200] {dag.py:3947} INFO - Setting next_dagrun for example_subdag_operator.section-2 to None, run_after=None
[2025-08-19T16:51:07.639+0200] {logging_mixin.py:188} INFO - [2025-08-19T16:51:07.639+0200] {dag.py:3089} INFO - Sync 2 DAGs
[2025-08-19T16:51:07.640+0200] {logging_mixin.py:188} INFO - [2025-08-19T16:51:07.640+0200] {dag.py:3947} INFO - Setting next_dagrun for example_subdag_operator.section-1 to None, run_after=None
[2025-08-19T16:51:07.641+0200] {logging_mixin.py:188} INFO - [2025-08-19T16:51:07.641+0200] {dag.py:3947} INFO - Setting next_dagrun for example_subdag_operator.section-2 to None, run_after=None
[2025-08-19T16:51:07.645+0200] {processor.py:183} INFO - Processing /Users/ehabhasan/.venvs/airflow310/lib/python3.10/site-packages/airflow/example_dags/example_subdag_operator.py took 0.062 seconds
[2025-08-19T16:52:47.733+0200] {processor.py:161} INFO - Started process (PID=7833) to work on /Users/ehabhasan/.venvs/airflow310/lib/python3.10/site-packages/airflow/example_dags/example_subdag_operator.py
[2025-08-19T16:52:47.733+0200] {processor.py:830} INFO - Processing file /Users/ehabhasan/.venvs/airflow310/lib/python3.10/site-packages/airflow/example_dags/example_subdag_operator.py for tasks to queue
[2025-08-19T16:52:47.733+0200] {logging_mixin.py:188} INFO - [2025-08-19T16:52:47.733+0200] {dagbag.py:545} INFO - Filling up the DagBag from /Users/ehabhasan/.venvs/airflow310/lib/python3.10/site-packages/airflow/example_dags/example_subdag_operator.py
[2025-08-19T16:52:47.766+0200] {processor.py:840} INFO - DAG(s) 'example_subdag_operator.section-1', 'example_subdag_operator.section-2', 'example_subdag_operator' retrieved from /Users/ehabhasan/.venvs/airflow310/lib/python3.10/site-packages/airflow/example_dags/example_subdag_operator.py
[2025-08-19T16:52:47.778+0200] {logging_mixin.py:188} INFO - [2025-08-19T16:52:47.778+0200] {dag.py:3089} INFO - Sync 3 DAGs
[2025-08-19T16:52:47.784+0200] {logging_mixin.py:188} INFO - [2025-08-19T16:52:47.784+0200] {dag.py:3947} INFO - Setting next_dagrun for example_subdag_operator to 2022-01-01 00:00:00+00:00, run_after=2022-01-01 00:00:00+00:00
[2025-08-19T16:52:47.785+0200] {logging_mixin.py:188} INFO - [2025-08-19T16:52:47.785+0200] {dag.py:3947} INFO - Setting next_dagrun for example_subdag_operator.section-1 to None, run_after=None
[2025-08-19T16:52:47.785+0200] {logging_mixin.py:188} INFO - [2025-08-19T16:52:47.785+0200] {dag.py:3947} INFO - Setting next_dagrun for example_subdag_operator.section-2 to None, run_after=None
[2025-08-19T16:52:47.787+0200] {logging_mixin.py:188} INFO - [2025-08-19T16:52:47.787+0200] {dag.py:3089} INFO - Sync 2 DAGs
[2025-08-19T16:52:47.788+0200] {logging_mixin.py:188} INFO - [2025-08-19T16:52:47.788+0200] {dag.py:3947} INFO - Setting next_dagrun for example_subdag_operator.section-1 to None, run_after=None
[2025-08-19T16:52:47.788+0200] {logging_mixin.py:188} INFO - [2025-08-19T16:52:47.788+0200] {dag.py:3947} INFO - Setting next_dagrun for example_subdag_operator.section-2 to None, run_after=None
[2025-08-19T16:52:47.793+0200] {processor.py:183} INFO - Processing /Users/ehabhasan/.venvs/airflow310/lib/python3.10/site-packages/airflow/example_dags/example_subdag_operator.py took 0.062 seconds
[2025-08-19T16:54:24.193+0200] {processor.py:161} INFO - Started process (PID=7937) to work on /Users/ehabhasan/.venvs/airflow310/lib/python3.10/site-packages/airflow/example_dags/example_subdag_operator.py
[2025-08-19T16:54:24.194+0200] {processor.py:830} INFO - Processing file /Users/ehabhasan/.venvs/airflow310/lib/python3.10/site-packages/airflow/example_dags/example_subdag_operator.py for tasks to queue
[2025-08-19T16:54:24.194+0200] {logging_mixin.py:188} INFO - [2025-08-19T16:54:24.194+0200] {dagbag.py:545} INFO - Filling up the DagBag from /Users/ehabhasan/.venvs/airflow310/lib/python3.10/site-packages/airflow/example_dags/example_subdag_operator.py
[2025-08-19T16:54:24.227+0200] {processor.py:840} INFO - DAG(s) 'example_subdag_operator.section-1', 'example_subdag_operator.section-2', 'example_subdag_operator' retrieved from /Users/ehabhasan/.venvs/airflow310/lib/python3.10/site-packages/airflow/example_dags/example_subdag_operator.py
[2025-08-19T16:54:24.240+0200] {logging_mixin.py:188} INFO - [2025-08-19T16:54:24.240+0200] {dag.py:3089} INFO - Sync 3 DAGs
[2025-08-19T16:54:24.245+0200] {logging_mixin.py:188} INFO - [2025-08-19T16:54:24.245+0200] {dag.py:3947} INFO - Setting next_dagrun for example_subdag_operator to 2022-01-01 00:00:00+00:00, run_after=2022-01-01 00:00:00+00:00
[2025-08-19T16:54:24.246+0200] {logging_mixin.py:188} INFO - [2025-08-19T16:54:24.246+0200] {dag.py:3947} INFO - Setting next_dagrun for example_subdag_operator.section-1 to None, run_after=None
[2025-08-19T16:54:24.247+0200] {logging_mixin.py:188} INFO - [2025-08-19T16:54:24.247+0200] {dag.py:3947} INFO - Setting next_dagrun for example_subdag_operator.section-2 to None, run_after=None
[2025-08-19T16:54:24.248+0200] {logging_mixin.py:188} INFO - [2025-08-19T16:54:24.248+0200] {dag.py:3089} INFO - Sync 2 DAGs
[2025-08-19T16:54:24.250+0200] {logging_mixin.py:188} INFO - [2025-08-19T16:54:24.250+0200] {dag.py:3947} INFO - Setting next_dagrun for example_subdag_operator.section-1 to None, run_after=None
[2025-08-19T16:54:24.250+0200] {logging_mixin.py:188} INFO - [2025-08-19T16:54:24.250+0200] {dag.py:3947} INFO - Setting next_dagrun for example_subdag_operator.section-2 to None, run_after=None
[2025-08-19T16:54:24.254+0200] {processor.py:183} INFO - Processing /Users/ehabhasan/.venvs/airflow310/lib/python3.10/site-packages/airflow/example_dags/example_subdag_operator.py took 0.063 seconds
[2025-08-19T16:56:02.285+0200] {processor.py:161} INFO - Started process (PID=8018) to work on /Users/ehabhasan/.venvs/airflow310/lib/python3.10/site-packages/airflow/example_dags/example_subdag_operator.py
[2025-08-19T16:56:02.286+0200] {processor.py:830} INFO - Processing file /Users/ehabhasan/.venvs/airflow310/lib/python3.10/site-packages/airflow/example_dags/example_subdag_operator.py for tasks to queue
[2025-08-19T16:56:02.286+0200] {logging_mixin.py:188} INFO - [2025-08-19T16:56:02.286+0200] {dagbag.py:545} INFO - Filling up the DagBag from /Users/ehabhasan/.venvs/airflow310/lib/python3.10/site-packages/airflow/example_dags/example_subdag_operator.py
[2025-08-19T16:56:02.321+0200] {processor.py:840} INFO - DAG(s) 'example_subdag_operator.section-1', 'example_subdag_operator.section-2', 'example_subdag_operator' retrieved from /Users/ehabhasan/.venvs/airflow310/lib/python3.10/site-packages/airflow/example_dags/example_subdag_operator.py
[2025-08-19T16:56:02.333+0200] {logging_mixin.py:188} INFO - [2025-08-19T16:56:02.333+0200] {dag.py:3089} INFO - Sync 3 DAGs
[2025-08-19T16:56:02.339+0200] {logging_mixin.py:188} INFO - [2025-08-19T16:56:02.339+0200] {dag.py:3947} INFO - Setting next_dagrun for example_subdag_operator to 2022-01-01 00:00:00+00:00, run_after=2022-01-01 00:00:00+00:00
[2025-08-19T16:56:02.340+0200] {logging_mixin.py:188} INFO - [2025-08-19T16:56:02.340+0200] {dag.py:3947} INFO - Setting next_dagrun for example_subdag_operator.section-1 to None, run_after=None
[2025-08-19T16:56:02.340+0200] {logging_mixin.py:188} INFO - [2025-08-19T16:56:02.340+0200] {dag.py:3947} INFO - Setting next_dagrun for example_subdag_operator.section-2 to None, run_after=None
[2025-08-19T16:56:02.342+0200] {logging_mixin.py:188} INFO - [2025-08-19T16:56:02.342+0200] {dag.py:3089} INFO - Sync 2 DAGs
[2025-08-19T16:56:02.343+0200] {logging_mixin.py:188} INFO - [2025-08-19T16:56:02.343+0200] {dag.py:3947} INFO - Setting next_dagrun for example_subdag_operator.section-1 to None, run_after=None
[2025-08-19T16:56:02.343+0200] {logging_mixin.py:188} INFO - [2025-08-19T16:56:02.343+0200] {dag.py:3947} INFO - Setting next_dagrun for example_subdag_operator.section-2 to None, run_after=None
[2025-08-19T16:56:02.348+0200] {processor.py:183} INFO - Processing /Users/ehabhasan/.venvs/airflow310/lib/python3.10/site-packages/airflow/example_dags/example_subdag_operator.py took 0.064 seconds
[2025-08-19T16:57:47.887+0200] {processor.py:161} INFO - Started process (PID=8091) to work on /Users/ehabhasan/.venvs/airflow310/lib/python3.10/site-packages/airflow/example_dags/example_subdag_operator.py
[2025-08-19T16:57:47.888+0200] {processor.py:830} INFO - Processing file /Users/ehabhasan/.venvs/airflow310/lib/python3.10/site-packages/airflow/example_dags/example_subdag_operator.py for tasks to queue
[2025-08-19T16:57:47.888+0200] {logging_mixin.py:188} INFO - [2025-08-19T16:57:47.888+0200] {dagbag.py:545} INFO - Filling up the DagBag from /Users/ehabhasan/.venvs/airflow310/lib/python3.10/site-packages/airflow/example_dags/example_subdag_operator.py
[2025-08-19T16:57:47.923+0200] {processor.py:840} INFO - DAG(s) 'example_subdag_operator.section-1', 'example_subdag_operator.section-2', 'example_subdag_operator' retrieved from /Users/ehabhasan/.venvs/airflow310/lib/python3.10/site-packages/airflow/example_dags/example_subdag_operator.py
[2025-08-19T16:57:47.935+0200] {logging_mixin.py:188} INFO - [2025-08-19T16:57:47.935+0200] {dag.py:3089} INFO - Sync 3 DAGs
[2025-08-19T16:57:47.941+0200] {logging_mixin.py:188} INFO - [2025-08-19T16:57:47.941+0200] {dag.py:3947} INFO - Setting next_dagrun for example_subdag_operator to 2022-01-01 00:00:00+00:00, run_after=2022-01-01 00:00:00+00:00
[2025-08-19T16:57:47.942+0200] {logging_mixin.py:188} INFO - [2025-08-19T16:57:47.942+0200] {dag.py:3947} INFO - Setting next_dagrun for example_subdag_operator.section-1 to None, run_after=None
[2025-08-19T16:57:47.942+0200] {logging_mixin.py:188} INFO - [2025-08-19T16:57:47.942+0200] {dag.py:3947} INFO - Setting next_dagrun for example_subdag_operator.section-2 to None, run_after=None
[2025-08-19T16:57:47.944+0200] {logging_mixin.py:188} INFO - [2025-08-19T16:57:47.944+0200] {dag.py:3089} INFO - Sync 2 DAGs
[2025-08-19T16:57:47.945+0200] {logging_mixin.py:188} INFO - [2025-08-19T16:57:47.945+0200] {dag.py:3947} INFO - Setting next_dagrun for example_subdag_operator.section-1 to None, run_after=None
[2025-08-19T16:57:47.945+0200] {logging_mixin.py:188} INFO - [2025-08-19T16:57:47.945+0200] {dag.py:3947} INFO - Setting next_dagrun for example_subdag_operator.section-2 to None, run_after=None
[2025-08-19T16:57:47.950+0200] {processor.py:183} INFO - Processing /Users/ehabhasan/.venvs/airflow310/lib/python3.10/site-packages/airflow/example_dags/example_subdag_operator.py took 0.065 seconds
[2025-08-19T16:59:55.044+0200] {processor.py:161} INFO - Started process (PID=8191) to work on /Users/ehabhasan/.venvs/airflow310/lib/python3.10/site-packages/airflow/example_dags/example_subdag_operator.py
[2025-08-19T16:59:55.045+0200] {processor.py:830} INFO - Processing file /Users/ehabhasan/.venvs/airflow310/lib/python3.10/site-packages/airflow/example_dags/example_subdag_operator.py for tasks to queue
[2025-08-19T16:59:55.045+0200] {logging_mixin.py:188} INFO - [2025-08-19T16:59:55.045+0200] {dagbag.py:545} INFO - Filling up the DagBag from /Users/ehabhasan/.venvs/airflow310/lib/python3.10/site-packages/airflow/example_dags/example_subdag_operator.py
[2025-08-19T16:59:55.080+0200] {processor.py:840} INFO - DAG(s) 'example_subdag_operator.section-1', 'example_subdag_operator.section-2', 'example_subdag_operator' retrieved from /Users/ehabhasan/.venvs/airflow310/lib/python3.10/site-packages/airflow/example_dags/example_subdag_operator.py
[2025-08-19T16:59:55.093+0200] {logging_mixin.py:188} INFO - [2025-08-19T16:59:55.093+0200] {dag.py:3089} INFO - Sync 3 DAGs
[2025-08-19T16:59:55.099+0200] {logging_mixin.py:188} INFO - [2025-08-19T16:59:55.099+0200] {dag.py:3947} INFO - Setting next_dagrun for example_subdag_operator to 2022-01-01 00:00:00+00:00, run_after=2022-01-01 00:00:00+00:00
[2025-08-19T16:59:55.100+0200] {logging_mixin.py:188} INFO - [2025-08-19T16:59:55.100+0200] {dag.py:3947} INFO - Setting next_dagrun for example_subdag_operator.section-1 to None, run_after=None
[2025-08-19T16:59:55.100+0200] {logging_mixin.py:188} INFO - [2025-08-19T16:59:55.100+0200] {dag.py:3947} INFO - Setting next_dagrun for example_subdag_operator.section-2 to None, run_after=None
[2025-08-19T16:59:55.102+0200] {logging_mixin.py:188} INFO - [2025-08-19T16:59:55.102+0200] {dag.py:3089} INFO - Sync 2 DAGs
[2025-08-19T16:59:55.104+0200] {logging_mixin.py:188} INFO - [2025-08-19T16:59:55.104+0200] {dag.py:3947} INFO - Setting next_dagrun for example_subdag_operator.section-1 to None, run_after=None
[2025-08-19T16:59:55.104+0200] {logging_mixin.py:188} INFO - [2025-08-19T16:59:55.104+0200] {dag.py:3947} INFO - Setting next_dagrun for example_subdag_operator.section-2 to None, run_after=None
[2025-08-19T16:59:55.109+0200] {processor.py:183} INFO - Processing /Users/ehabhasan/.venvs/airflow310/lib/python3.10/site-packages/airflow/example_dags/example_subdag_operator.py took 0.066 seconds
[2025-08-19T17:01:45.368+0200] {processor.py:161} INFO - Started process (PID=8288) to work on /Users/ehabhasan/.venvs/airflow310/lib/python3.10/site-packages/airflow/example_dags/example_subdag_operator.py
[2025-08-19T17:01:45.369+0200] {processor.py:830} INFO - Processing file /Users/ehabhasan/.venvs/airflow310/lib/python3.10/site-packages/airflow/example_dags/example_subdag_operator.py for tasks to queue
[2025-08-19T17:01:45.369+0200] {logging_mixin.py:188} INFO - [2025-08-19T17:01:45.369+0200] {dagbag.py:545} INFO - Filling up the DagBag from /Users/ehabhasan/.venvs/airflow310/lib/python3.10/site-packages/airflow/example_dags/example_subdag_operator.py
[2025-08-19T17:01:45.402+0200] {processor.py:840} INFO - DAG(s) 'example_subdag_operator.section-1', 'example_subdag_operator.section-2', 'example_subdag_operator' retrieved from /Users/ehabhasan/.venvs/airflow310/lib/python3.10/site-packages/airflow/example_dags/example_subdag_operator.py
[2025-08-19T17:01:45.415+0200] {logging_mixin.py:188} INFO - [2025-08-19T17:01:45.415+0200] {dag.py:3089} INFO - Sync 3 DAGs
[2025-08-19T17:01:45.421+0200] {logging_mixin.py:188} INFO - [2025-08-19T17:01:45.421+0200] {dag.py:3947} INFO - Setting next_dagrun for example_subdag_operator to 2022-01-01 00:00:00+00:00, run_after=2022-01-01 00:00:00+00:00
[2025-08-19T17:01:45.422+0200] {logging_mixin.py:188} INFO - [2025-08-19T17:01:45.422+0200] {dag.py:3947} INFO - Setting next_dagrun for example_subdag_operator.section-1 to None, run_after=None
[2025-08-19T17:01:45.422+0200] {logging_mixin.py:188} INFO - [2025-08-19T17:01:45.422+0200] {dag.py:3947} INFO - Setting next_dagrun for example_subdag_operator.section-2 to None, run_after=None
[2025-08-19T17:01:45.424+0200] {logging_mixin.py:188} INFO - [2025-08-19T17:01:45.424+0200] {dag.py:3089} INFO - Sync 2 DAGs
[2025-08-19T17:01:45.425+0200] {logging_mixin.py:188} INFO - [2025-08-19T17:01:45.425+0200] {dag.py:3947} INFO - Setting next_dagrun for example_subdag_operator.section-1 to None, run_after=None
[2025-08-19T17:01:45.425+0200] {logging_mixin.py:188} INFO - [2025-08-19T17:01:45.425+0200] {dag.py:3947} INFO - Setting next_dagrun for example_subdag_operator.section-2 to None, run_after=None
[2025-08-19T17:01:45.430+0200] {processor.py:183} INFO - Processing /Users/ehabhasan/.venvs/airflow310/lib/python3.10/site-packages/airflow/example_dags/example_subdag_operator.py took 0.063 seconds
[2025-08-19T17:03:23.552+0200] {processor.py:161} INFO - Started process (PID=8367) to work on /Users/ehabhasan/.venvs/airflow310/lib/python3.10/site-packages/airflow/example_dags/example_subdag_operator.py
[2025-08-19T17:03:23.553+0200] {processor.py:830} INFO - Processing file /Users/ehabhasan/.venvs/airflow310/lib/python3.10/site-packages/airflow/example_dags/example_subdag_operator.py for tasks to queue
[2025-08-19T17:03:23.553+0200] {logging_mixin.py:188} INFO - [2025-08-19T17:03:23.553+0200] {dagbag.py:545} INFO - Filling up the DagBag from /Users/ehabhasan/.venvs/airflow310/lib/python3.10/site-packages/airflow/example_dags/example_subdag_operator.py
[2025-08-19T17:03:23.585+0200] {processor.py:840} INFO - DAG(s) 'example_subdag_operator.section-1', 'example_subdag_operator.section-2', 'example_subdag_operator' retrieved from /Users/ehabhasan/.venvs/airflow310/lib/python3.10/site-packages/airflow/example_dags/example_subdag_operator.py
[2025-08-19T17:03:23.598+0200] {logging_mixin.py:188} INFO - [2025-08-19T17:03:23.598+0200] {dag.py:3089} INFO - Sync 3 DAGs
[2025-08-19T17:03:23.604+0200] {logging_mixin.py:188} INFO - [2025-08-19T17:03:23.604+0200] {dag.py:3947} INFO - Setting next_dagrun for example_subdag_operator to 2022-01-01 00:00:00+00:00, run_after=2022-01-01 00:00:00+00:00
[2025-08-19T17:03:23.605+0200] {logging_mixin.py:188} INFO - [2025-08-19T17:03:23.605+0200] {dag.py:3947} INFO - Setting next_dagrun for example_subdag_operator.section-1 to None, run_after=None
[2025-08-19T17:03:23.606+0200] {logging_mixin.py:188} INFO - [2025-08-19T17:03:23.605+0200] {dag.py:3947} INFO - Setting next_dagrun for example_subdag_operator.section-2 to None, run_after=None
[2025-08-19T17:03:23.607+0200] {logging_mixin.py:188} INFO - [2025-08-19T17:03:23.607+0200] {dag.py:3089} INFO - Sync 2 DAGs
[2025-08-19T17:03:23.609+0200] {logging_mixin.py:188} INFO - [2025-08-19T17:03:23.609+0200] {dag.py:3947} INFO - Setting next_dagrun for example_subdag_operator.section-1 to None, run_after=None
[2025-08-19T17:03:23.609+0200] {logging_mixin.py:188} INFO - [2025-08-19T17:03:23.609+0200] {dag.py:3947} INFO - Setting next_dagrun for example_subdag_operator.section-2 to None, run_after=None
[2025-08-19T17:03:23.614+0200] {processor.py:183} INFO - Processing /Users/ehabhasan/.venvs/airflow310/lib/python3.10/site-packages/airflow/example_dags/example_subdag_operator.py took 0.063 seconds
[2025-08-19T17:05:03.235+0200] {processor.py:161} INFO - Started process (PID=8972) to work on /Users/ehabhasan/.venvs/airflow310/lib/python3.10/site-packages/airflow/example_dags/example_subdag_operator.py
[2025-08-19T17:05:03.235+0200] {processor.py:830} INFO - Processing file /Users/ehabhasan/.venvs/airflow310/lib/python3.10/site-packages/airflow/example_dags/example_subdag_operator.py for tasks to queue
[2025-08-19T17:05:03.236+0200] {logging_mixin.py:188} INFO - [2025-08-19T17:05:03.235+0200] {dagbag.py:545} INFO - Filling up the DagBag from /Users/ehabhasan/.venvs/airflow310/lib/python3.10/site-packages/airflow/example_dags/example_subdag_operator.py
[2025-08-19T17:05:03.269+0200] {processor.py:840} INFO - DAG(s) 'example_subdag_operator.section-1', 'example_subdag_operator.section-2', 'example_subdag_operator' retrieved from /Users/ehabhasan/.venvs/airflow310/lib/python3.10/site-packages/airflow/example_dags/example_subdag_operator.py
[2025-08-19T17:05:03.281+0200] {logging_mixin.py:188} INFO - [2025-08-19T17:05:03.281+0200] {dag.py:3089} INFO - Sync 3 DAGs
[2025-08-19T17:05:03.287+0200] {logging_mixin.py:188} INFO - [2025-08-19T17:05:03.287+0200] {dag.py:3947} INFO - Setting next_dagrun for example_subdag_operator to 2022-01-01 00:00:00+00:00, run_after=2022-01-01 00:00:00+00:00
[2025-08-19T17:05:03.288+0200] {logging_mixin.py:188} INFO - [2025-08-19T17:05:03.288+0200] {dag.py:3947} INFO - Setting next_dagrun for example_subdag_operator.section-1 to None, run_after=None
[2025-08-19T17:05:03.288+0200] {logging_mixin.py:188} INFO - [2025-08-19T17:05:03.288+0200] {dag.py:3947} INFO - Setting next_dagrun for example_subdag_operator.section-2 to None, run_after=None
[2025-08-19T17:05:03.290+0200] {logging_mixin.py:188} INFO - [2025-08-19T17:05:03.290+0200] {dag.py:3089} INFO - Sync 2 DAGs
[2025-08-19T17:05:03.291+0200] {logging_mixin.py:188} INFO - [2025-08-19T17:05:03.291+0200] {dag.py:3947} INFO - Setting next_dagrun for example_subdag_operator.section-1 to None, run_after=None
[2025-08-19T17:05:03.291+0200] {logging_mixin.py:188} INFO - [2025-08-19T17:05:03.291+0200] {dag.py:3947} INFO - Setting next_dagrun for example_subdag_operator.section-2 to None, run_after=None
[2025-08-19T17:05:03.296+0200] {processor.py:183} INFO - Processing /Users/ehabhasan/.venvs/airflow310/lib/python3.10/site-packages/airflow/example_dags/example_subdag_operator.py took 0.063 seconds
[2025-08-19T17:06:49.474+0200] {processor.py:161} INFO - Started process (PID=9456) to work on /Users/ehabhasan/.venvs/airflow310/lib/python3.10/site-packages/airflow/example_dags/example_subdag_operator.py
[2025-08-19T17:06:49.474+0200] {processor.py:830} INFO - Processing file /Users/ehabhasan/.venvs/airflow310/lib/python3.10/site-packages/airflow/example_dags/example_subdag_operator.py for tasks to queue
[2025-08-19T17:06:49.474+0200] {logging_mixin.py:188} INFO - [2025-08-19T17:06:49.474+0200] {dagbag.py:545} INFO - Filling up the DagBag from /Users/ehabhasan/.venvs/airflow310/lib/python3.10/site-packages/airflow/example_dags/example_subdag_operator.py
[2025-08-19T17:06:49.507+0200] {processor.py:840} INFO - DAG(s) 'example_subdag_operator.section-1', 'example_subdag_operator.section-2', 'example_subdag_operator' retrieved from /Users/ehabhasan/.venvs/airflow310/lib/python3.10/site-packages/airflow/example_dags/example_subdag_operator.py
[2025-08-19T17:06:49.520+0200] {logging_mixin.py:188} INFO - [2025-08-19T17:06:49.520+0200] {dag.py:3089} INFO - Sync 3 DAGs
[2025-08-19T17:06:49.525+0200] {logging_mixin.py:188} INFO - [2025-08-19T17:06:49.525+0200] {dag.py:3947} INFO - Setting next_dagrun for example_subdag_operator to 2022-01-01 00:00:00+00:00, run_after=2022-01-01 00:00:00+00:00
[2025-08-19T17:06:49.526+0200] {logging_mixin.py:188} INFO - [2025-08-19T17:06:49.526+0200] {dag.py:3947} INFO - Setting next_dagrun for example_subdag_operator.section-1 to None, run_after=None
[2025-08-19T17:06:49.527+0200] {logging_mixin.py:188} INFO - [2025-08-19T17:06:49.526+0200] {dag.py:3947} INFO - Setting next_dagrun for example_subdag_operator.section-2 to None, run_after=None
[2025-08-19T17:06:49.528+0200] {logging_mixin.py:188} INFO - [2025-08-19T17:06:49.528+0200] {dag.py:3089} INFO - Sync 2 DAGs
[2025-08-19T17:06:49.530+0200] {logging_mixin.py:188} INFO - [2025-08-19T17:06:49.529+0200] {dag.py:3947} INFO - Setting next_dagrun for example_subdag_operator.section-1 to None, run_after=None
[2025-08-19T17:06:49.530+0200] {logging_mixin.py:188} INFO - [2025-08-19T17:06:49.530+0200] {dag.py:3947} INFO - Setting next_dagrun for example_subdag_operator.section-2 to None, run_after=None
[2025-08-19T17:06:49.535+0200] {processor.py:183} INFO - Processing /Users/ehabhasan/.venvs/airflow310/lib/python3.10/site-packages/airflow/example_dags/example_subdag_operator.py took 0.062 seconds
[2025-08-19T17:08:35.574+0200] {processor.py:161} INFO - Started process (PID=10158) to work on /Users/ehabhasan/.venvs/airflow310/lib/python3.10/site-packages/airflow/example_dags/example_subdag_operator.py
[2025-08-19T17:08:35.575+0200] {processor.py:830} INFO - Processing file /Users/ehabhasan/.venvs/airflow310/lib/python3.10/site-packages/airflow/example_dags/example_subdag_operator.py for tasks to queue
[2025-08-19T17:08:35.575+0200] {logging_mixin.py:188} INFO - [2025-08-19T17:08:35.575+0200] {dagbag.py:545} INFO - Filling up the DagBag from /Users/ehabhasan/.venvs/airflow310/lib/python3.10/site-packages/airflow/example_dags/example_subdag_operator.py
[2025-08-19T17:08:35.608+0200] {processor.py:840} INFO - DAG(s) 'example_subdag_operator.section-1', 'example_subdag_operator.section-2', 'example_subdag_operator' retrieved from /Users/ehabhasan/.venvs/airflow310/lib/python3.10/site-packages/airflow/example_dags/example_subdag_operator.py
[2025-08-19T17:08:35.621+0200] {logging_mixin.py:188} INFO - [2025-08-19T17:08:35.621+0200] {dag.py:3089} INFO - Sync 3 DAGs
[2025-08-19T17:08:35.627+0200] {logging_mixin.py:188} INFO - [2025-08-19T17:08:35.627+0200] {dag.py:3947} INFO - Setting next_dagrun for example_subdag_operator to 2022-01-01 00:00:00+00:00, run_after=2022-01-01 00:00:00+00:00
[2025-08-19T17:08:35.628+0200] {logging_mixin.py:188} INFO - [2025-08-19T17:08:35.628+0200] {dag.py:3947} INFO - Setting next_dagrun for example_subdag_operator.section-1 to None, run_after=None
[2025-08-19T17:08:35.628+0200] {logging_mixin.py:188} INFO - [2025-08-19T17:08:35.628+0200] {dag.py:3947} INFO - Setting next_dagrun for example_subdag_operator.section-2 to None, run_after=None
[2025-08-19T17:08:35.630+0200] {logging_mixin.py:188} INFO - [2025-08-19T17:08:35.630+0200] {dag.py:3089} INFO - Sync 2 DAGs
[2025-08-19T17:08:35.631+0200] {logging_mixin.py:188} INFO - [2025-08-19T17:08:35.631+0200] {dag.py:3947} INFO - Setting next_dagrun for example_subdag_operator.section-1 to None, run_after=None
[2025-08-19T17:08:35.631+0200] {logging_mixin.py:188} INFO - [2025-08-19T17:08:35.631+0200] {dag.py:3947} INFO - Setting next_dagrun for example_subdag_operator.section-2 to None, run_after=None
[2025-08-19T17:08:35.637+0200] {processor.py:183} INFO - Processing /Users/ehabhasan/.venvs/airflow310/lib/python3.10/site-packages/airflow/example_dags/example_subdag_operator.py took 0.064 seconds
[2025-08-19T17:10:26.993+0200] {processor.py:161} INFO - Started process (PID=10273) to work on /Users/ehabhasan/.venvs/airflow310/lib/python3.10/site-packages/airflow/example_dags/example_subdag_operator.py
[2025-08-19T17:10:26.994+0200] {processor.py:830} INFO - Processing file /Users/ehabhasan/.venvs/airflow310/lib/python3.10/site-packages/airflow/example_dags/example_subdag_operator.py for tasks to queue
[2025-08-19T17:10:26.994+0200] {logging_mixin.py:188} INFO - [2025-08-19T17:10:26.994+0200] {dagbag.py:545} INFO - Filling up the DagBag from /Users/ehabhasan/.venvs/airflow310/lib/python3.10/site-packages/airflow/example_dags/example_subdag_operator.py
[2025-08-19T17:10:27.027+0200] {processor.py:840} INFO - DAG(s) 'example_subdag_operator.section-1', 'example_subdag_operator.section-2', 'example_subdag_operator' retrieved from /Users/ehabhasan/.venvs/airflow310/lib/python3.10/site-packages/airflow/example_dags/example_subdag_operator.py
[2025-08-19T17:10:27.039+0200] {logging_mixin.py:188} INFO - [2025-08-19T17:10:27.039+0200] {dag.py:3089} INFO - Sync 3 DAGs
[2025-08-19T17:10:27.045+0200] {logging_mixin.py:188} INFO - [2025-08-19T17:10:27.045+0200] {dag.py:3947} INFO - Setting next_dagrun for example_subdag_operator to 2022-01-01 00:00:00+00:00, run_after=2022-01-01 00:00:00+00:00
[2025-08-19T17:10:27.046+0200] {logging_mixin.py:188} INFO - [2025-08-19T17:10:27.046+0200] {dag.py:3947} INFO - Setting next_dagrun for example_subdag_operator.section-1 to None, run_after=None
[2025-08-19T17:10:27.046+0200] {logging_mixin.py:188} INFO - [2025-08-19T17:10:27.046+0200] {dag.py:3947} INFO - Setting next_dagrun for example_subdag_operator.section-2 to None, run_after=None
[2025-08-19T17:10:27.048+0200] {logging_mixin.py:188} INFO - [2025-08-19T17:10:27.048+0200] {dag.py:3089} INFO - Sync 2 DAGs
[2025-08-19T17:10:27.049+0200] {logging_mixin.py:188} INFO - [2025-08-19T17:10:27.049+0200] {dag.py:3947} INFO - Setting next_dagrun for example_subdag_operator.section-1 to None, run_after=None
[2025-08-19T17:10:27.049+0200] {logging_mixin.py:188} INFO - [2025-08-19T17:10:27.049+0200] {dag.py:3947} INFO - Setting next_dagrun for example_subdag_operator.section-2 to None, run_after=None
[2025-08-19T17:10:27.054+0200] {processor.py:183} INFO - Processing /Users/ehabhasan/.venvs/airflow310/lib/python3.10/site-packages/airflow/example_dags/example_subdag_operator.py took 0.062 seconds
[2025-08-19T17:12:15.213+0200] {processor.py:161} INFO - Started process (PID=10359) to work on /Users/ehabhasan/.venvs/airflow310/lib/python3.10/site-packages/airflow/example_dags/example_subdag_operator.py
[2025-08-19T17:12:15.213+0200] {processor.py:830} INFO - Processing file /Users/ehabhasan/.venvs/airflow310/lib/python3.10/site-packages/airflow/example_dags/example_subdag_operator.py for tasks to queue
[2025-08-19T17:12:15.214+0200] {logging_mixin.py:188} INFO - [2025-08-19T17:12:15.213+0200] {dagbag.py:545} INFO - Filling up the DagBag from /Users/ehabhasan/.venvs/airflow310/lib/python3.10/site-packages/airflow/example_dags/example_subdag_operator.py
[2025-08-19T17:12:15.248+0200] {processor.py:840} INFO - DAG(s) 'example_subdag_operator.section-1', 'example_subdag_operator.section-2', 'example_subdag_operator' retrieved from /Users/ehabhasan/.venvs/airflow310/lib/python3.10/site-packages/airflow/example_dags/example_subdag_operator.py
[2025-08-19T17:12:15.262+0200] {logging_mixin.py:188} INFO - [2025-08-19T17:12:15.262+0200] {dag.py:3089} INFO - Sync 3 DAGs
[2025-08-19T17:12:15.268+0200] {logging_mixin.py:188} INFO - [2025-08-19T17:12:15.268+0200] {dag.py:3947} INFO - Setting next_dagrun for example_subdag_operator to 2022-01-01 00:00:00+00:00, run_after=2022-01-01 00:00:00+00:00
[2025-08-19T17:12:15.269+0200] {logging_mixin.py:188} INFO - [2025-08-19T17:12:15.269+0200] {dag.py:3947} INFO - Setting next_dagrun for example_subdag_operator.section-1 to None, run_after=None
[2025-08-19T17:12:15.270+0200] {logging_mixin.py:188} INFO - [2025-08-19T17:12:15.270+0200] {dag.py:3947} INFO - Setting next_dagrun for example_subdag_operator.section-2 to None, run_after=None
[2025-08-19T17:12:15.272+0200] {logging_mixin.py:188} INFO - [2025-08-19T17:12:15.272+0200] {dag.py:3089} INFO - Sync 2 DAGs
[2025-08-19T17:12:15.273+0200] {logging_mixin.py:188} INFO - [2025-08-19T17:12:15.273+0200] {dag.py:3947} INFO - Setting next_dagrun for example_subdag_operator.section-1 to None, run_after=None
[2025-08-19T17:12:15.273+0200] {logging_mixin.py:188} INFO - [2025-08-19T17:12:15.273+0200] {dag.py:3947} INFO - Setting next_dagrun for example_subdag_operator.section-2 to None, run_after=None
[2025-08-19T17:12:15.279+0200] {processor.py:183} INFO - Processing /Users/ehabhasan/.venvs/airflow310/lib/python3.10/site-packages/airflow/example_dags/example_subdag_operator.py took 0.068 seconds
[2025-08-19T17:14:07.038+0200] {processor.py:161} INFO - Started process (PID=10446) to work on /Users/ehabhasan/.venvs/airflow310/lib/python3.10/site-packages/airflow/example_dags/example_subdag_operator.py
[2025-08-19T17:14:07.039+0200] {processor.py:830} INFO - Processing file /Users/ehabhasan/.venvs/airflow310/lib/python3.10/site-packages/airflow/example_dags/example_subdag_operator.py for tasks to queue
[2025-08-19T17:14:07.039+0200] {logging_mixin.py:188} INFO - [2025-08-19T17:14:07.039+0200] {dagbag.py:545} INFO - Filling up the DagBag from /Users/ehabhasan/.venvs/airflow310/lib/python3.10/site-packages/airflow/example_dags/example_subdag_operator.py
[2025-08-19T17:14:07.072+0200] {processor.py:840} INFO - DAG(s) 'example_subdag_operator.section-1', 'example_subdag_operator.section-2', 'example_subdag_operator' retrieved from /Users/ehabhasan/.venvs/airflow310/lib/python3.10/site-packages/airflow/example_dags/example_subdag_operator.py
[2025-08-19T17:14:07.085+0200] {logging_mixin.py:188} INFO - [2025-08-19T17:14:07.085+0200] {dag.py:3089} INFO - Sync 3 DAGs
[2025-08-19T17:14:07.090+0200] {logging_mixin.py:188} INFO - [2025-08-19T17:14:07.090+0200] {dag.py:3947} INFO - Setting next_dagrun for example_subdag_operator to 2022-01-01 00:00:00+00:00, run_after=2022-01-01 00:00:00+00:00
[2025-08-19T17:14:07.091+0200] {logging_mixin.py:188} INFO - [2025-08-19T17:14:07.091+0200] {dag.py:3947} INFO - Setting next_dagrun for example_subdag_operator.section-1 to None, run_after=None
[2025-08-19T17:14:07.091+0200] {logging_mixin.py:188} INFO - [2025-08-19T17:14:07.091+0200] {dag.py:3947} INFO - Setting next_dagrun for example_subdag_operator.section-2 to None, run_after=None
[2025-08-19T17:14:07.093+0200] {logging_mixin.py:188} INFO - [2025-08-19T17:14:07.093+0200] {dag.py:3089} INFO - Sync 2 DAGs
[2025-08-19T17:14:07.094+0200] {logging_mixin.py:188} INFO - [2025-08-19T17:14:07.094+0200] {dag.py:3947} INFO - Setting next_dagrun for example_subdag_operator.section-1 to None, run_after=None
[2025-08-19T17:14:07.094+0200] {logging_mixin.py:188} INFO - [2025-08-19T17:14:07.094+0200] {dag.py:3947} INFO - Setting next_dagrun for example_subdag_operator.section-2 to None, run_after=None
[2025-08-19T17:14:07.099+0200] {processor.py:183} INFO - Processing /Users/ehabhasan/.venvs/airflow310/lib/python3.10/site-packages/airflow/example_dags/example_subdag_operator.py took 0.063 seconds
[2025-08-19T17:15:58.775+0200] {processor.py:161} INFO - Started process (PID=10795) to work on /Users/ehabhasan/.venvs/airflow310/lib/python3.10/site-packages/airflow/example_dags/example_subdag_operator.py
[2025-08-19T17:15:58.775+0200] {processor.py:830} INFO - Processing file /Users/ehabhasan/.venvs/airflow310/lib/python3.10/site-packages/airflow/example_dags/example_subdag_operator.py for tasks to queue
[2025-08-19T17:15:58.775+0200] {logging_mixin.py:188} INFO - [2025-08-19T17:15:58.775+0200] {dagbag.py:545} INFO - Filling up the DagBag from /Users/ehabhasan/.venvs/airflow310/lib/python3.10/site-packages/airflow/example_dags/example_subdag_operator.py
[2025-08-19T17:15:58.808+0200] {processor.py:840} INFO - DAG(s) 'example_subdag_operator.section-1', 'example_subdag_operator.section-2', 'example_subdag_operator' retrieved from /Users/ehabhasan/.venvs/airflow310/lib/python3.10/site-packages/airflow/example_dags/example_subdag_operator.py
[2025-08-19T17:15:58.820+0200] {logging_mixin.py:188} INFO - [2025-08-19T17:15:58.820+0200] {dag.py:3089} INFO - Sync 3 DAGs
[2025-08-19T17:15:58.825+0200] {logging_mixin.py:188} INFO - [2025-08-19T17:15:58.825+0200] {dag.py:3947} INFO - Setting next_dagrun for example_subdag_operator to 2022-01-01 00:00:00+00:00, run_after=2022-01-01 00:00:00+00:00
[2025-08-19T17:15:58.826+0200] {logging_mixin.py:188} INFO - [2025-08-19T17:15:58.826+0200] {dag.py:3947} INFO - Setting next_dagrun for example_subdag_operator.section-1 to None, run_after=None
[2025-08-19T17:15:58.827+0200] {logging_mixin.py:188} INFO - [2025-08-19T17:15:58.827+0200] {dag.py:3947} INFO - Setting next_dagrun for example_subdag_operator.section-2 to None, run_after=None
[2025-08-19T17:15:58.828+0200] {logging_mixin.py:188} INFO - [2025-08-19T17:15:58.828+0200] {dag.py:3089} INFO - Sync 2 DAGs
[2025-08-19T17:15:58.830+0200] {logging_mixin.py:188} INFO - [2025-08-19T17:15:58.829+0200] {dag.py:3947} INFO - Setting next_dagrun for example_subdag_operator.section-1 to None, run_after=None
[2025-08-19T17:15:58.830+0200] {logging_mixin.py:188} INFO - [2025-08-19T17:15:58.830+0200] {dag.py:3947} INFO - Setting next_dagrun for example_subdag_operator.section-2 to None, run_after=None
[2025-08-19T17:15:58.834+0200] {processor.py:183} INFO - Processing /Users/ehabhasan/.venvs/airflow310/lib/python3.10/site-packages/airflow/example_dags/example_subdag_operator.py took 0.061 seconds
[2025-08-19T17:17:51.639+0200] {processor.py:161} INFO - Started process (PID=11467) to work on /Users/ehabhasan/.venvs/airflow310/lib/python3.10/site-packages/airflow/example_dags/example_subdag_operator.py
[2025-08-19T17:17:51.640+0200] {processor.py:830} INFO - Processing file /Users/ehabhasan/.venvs/airflow310/lib/python3.10/site-packages/airflow/example_dags/example_subdag_operator.py for tasks to queue
[2025-08-19T17:17:51.641+0200] {logging_mixin.py:188} INFO - [2025-08-19T17:17:51.640+0200] {dagbag.py:545} INFO - Filling up the DagBag from /Users/ehabhasan/.venvs/airflow310/lib/python3.10/site-packages/airflow/example_dags/example_subdag_operator.py
[2025-08-19T17:17:51.675+0200] {processor.py:840} INFO - DAG(s) 'example_subdag_operator.section-1', 'example_subdag_operator.section-2', 'example_subdag_operator' retrieved from /Users/ehabhasan/.venvs/airflow310/lib/python3.10/site-packages/airflow/example_dags/example_subdag_operator.py
[2025-08-19T17:17:51.687+0200] {logging_mixin.py:188} INFO - [2025-08-19T17:17:51.687+0200] {dag.py:3089} INFO - Sync 3 DAGs
[2025-08-19T17:17:51.693+0200] {logging_mixin.py:188} INFO - [2025-08-19T17:17:51.693+0200] {dag.py:3947} INFO - Setting next_dagrun for example_subdag_operator to 2022-01-01 00:00:00+00:00, run_after=2022-01-01 00:00:00+00:00
[2025-08-19T17:17:51.694+0200] {logging_mixin.py:188} INFO - [2025-08-19T17:17:51.694+0200] {dag.py:3947} INFO - Setting next_dagrun for example_subdag_operator.section-1 to None, run_after=None
[2025-08-19T17:17:51.694+0200] {logging_mixin.py:188} INFO - [2025-08-19T17:17:51.694+0200] {dag.py:3947} INFO - Setting next_dagrun for example_subdag_operator.section-2 to None, run_after=None
[2025-08-19T17:17:51.696+0200] {logging_mixin.py:188} INFO - [2025-08-19T17:17:51.696+0200] {dag.py:3089} INFO - Sync 2 DAGs
[2025-08-19T17:17:51.697+0200] {logging_mixin.py:188} INFO - [2025-08-19T17:17:51.697+0200] {dag.py:3947} INFO - Setting next_dagrun for example_subdag_operator.section-1 to None, run_after=None
[2025-08-19T17:17:51.697+0200] {logging_mixin.py:188} INFO - [2025-08-19T17:17:51.697+0200] {dag.py:3947} INFO - Setting next_dagrun for example_subdag_operator.section-2 to None, run_after=None
[2025-08-19T17:17:51.702+0200] {processor.py:183} INFO - Processing /Users/ehabhasan/.venvs/airflow310/lib/python3.10/site-packages/airflow/example_dags/example_subdag_operator.py took 0.064 seconds
[2025-08-19T17:19:38.440+0200] {processor.py:161} INFO - Started process (PID=11568) to work on /Users/ehabhasan/.venvs/airflow310/lib/python3.10/site-packages/airflow/example_dags/example_subdag_operator.py
[2025-08-19T17:19:38.440+0200] {processor.py:830} INFO - Processing file /Users/ehabhasan/.venvs/airflow310/lib/python3.10/site-packages/airflow/example_dags/example_subdag_operator.py for tasks to queue
[2025-08-19T17:19:38.441+0200] {logging_mixin.py:188} INFO - [2025-08-19T17:19:38.441+0200] {dagbag.py:545} INFO - Filling up the DagBag from /Users/ehabhasan/.venvs/airflow310/lib/python3.10/site-packages/airflow/example_dags/example_subdag_operator.py
[2025-08-19T17:19:38.477+0200] {processor.py:840} INFO - DAG(s) 'example_subdag_operator.section-1', 'example_subdag_operator.section-2', 'example_subdag_operator' retrieved from /Users/ehabhasan/.venvs/airflow310/lib/python3.10/site-packages/airflow/example_dags/example_subdag_operator.py
[2025-08-19T17:19:38.491+0200] {logging_mixin.py:188} INFO - [2025-08-19T17:19:38.491+0200] {dag.py:3089} INFO - Sync 3 DAGs
[2025-08-19T17:19:38.497+0200] {logging_mixin.py:188} INFO - [2025-08-19T17:19:38.497+0200] {dag.py:3947} INFO - Setting next_dagrun for example_subdag_operator to 2022-01-01 00:00:00+00:00, run_after=2022-01-01 00:00:00+00:00
[2025-08-19T17:19:38.498+0200] {logging_mixin.py:188} INFO - [2025-08-19T17:19:38.498+0200] {dag.py:3947} INFO - Setting next_dagrun for example_subdag_operator.section-1 to None, run_after=None
[2025-08-19T17:19:38.498+0200] {logging_mixin.py:188} INFO - [2025-08-19T17:19:38.498+0200] {dag.py:3947} INFO - Setting next_dagrun for example_subdag_operator.section-2 to None, run_after=None
[2025-08-19T17:19:38.500+0200] {logging_mixin.py:188} INFO - [2025-08-19T17:19:38.500+0200] {dag.py:3089} INFO - Sync 2 DAGs
[2025-08-19T17:19:38.501+0200] {logging_mixin.py:188} INFO - [2025-08-19T17:19:38.501+0200] {dag.py:3947} INFO - Setting next_dagrun for example_subdag_operator.section-1 to None, run_after=None
[2025-08-19T17:19:38.501+0200] {logging_mixin.py:188} INFO - [2025-08-19T17:19:38.501+0200] {dag.py:3947} INFO - Setting next_dagrun for example_subdag_operator.section-2 to None, run_after=None
[2025-08-19T17:19:38.507+0200] {processor.py:183} INFO - Processing /Users/ehabhasan/.venvs/airflow310/lib/python3.10/site-packages/airflow/example_dags/example_subdag_operator.py took 0.068 seconds
[2025-08-19T17:21:19.251+0200] {processor.py:161} INFO - Started process (PID=11643) to work on /Users/ehabhasan/.venvs/airflow310/lib/python3.10/site-packages/airflow/example_dags/example_subdag_operator.py
[2025-08-19T17:21:19.251+0200] {processor.py:830} INFO - Processing file /Users/ehabhasan/.venvs/airflow310/lib/python3.10/site-packages/airflow/example_dags/example_subdag_operator.py for tasks to queue
[2025-08-19T17:21:19.251+0200] {logging_mixin.py:188} INFO - [2025-08-19T17:21:19.251+0200] {dagbag.py:545} INFO - Filling up the DagBag from /Users/ehabhasan/.venvs/airflow310/lib/python3.10/site-packages/airflow/example_dags/example_subdag_operator.py
[2025-08-19T17:21:19.285+0200] {processor.py:840} INFO - DAG(s) 'example_subdag_operator.section-1', 'example_subdag_operator.section-2', 'example_subdag_operator' retrieved from /Users/ehabhasan/.venvs/airflow310/lib/python3.10/site-packages/airflow/example_dags/example_subdag_operator.py
[2025-08-19T17:21:19.297+0200] {logging_mixin.py:188} INFO - [2025-08-19T17:21:19.297+0200] {dag.py:3089} INFO - Sync 3 DAGs
[2025-08-19T17:21:19.304+0200] {logging_mixin.py:188} INFO - [2025-08-19T17:21:19.304+0200] {dag.py:3947} INFO - Setting next_dagrun for example_subdag_operator to 2022-01-01 00:00:00+00:00, run_after=2022-01-01 00:00:00+00:00
[2025-08-19T17:21:19.305+0200] {logging_mixin.py:188} INFO - [2025-08-19T17:21:19.305+0200] {dag.py:3947} INFO - Setting next_dagrun for example_subdag_operator.section-1 to None, run_after=None
[2025-08-19T17:21:19.306+0200] {logging_mixin.py:188} INFO - [2025-08-19T17:21:19.305+0200] {dag.py:3947} INFO - Setting next_dagrun for example_subdag_operator.section-2 to None, run_after=None
[2025-08-19T17:21:19.308+0200] {logging_mixin.py:188} INFO - [2025-08-19T17:21:19.308+0200] {dag.py:3089} INFO - Sync 2 DAGs
[2025-08-19T17:21:19.309+0200] {logging_mixin.py:188} INFO - [2025-08-19T17:21:19.309+0200] {dag.py:3947} INFO - Setting next_dagrun for example_subdag_operator.section-1 to None, run_after=None
[2025-08-19T17:21:19.309+0200] {logging_mixin.py:188} INFO - [2025-08-19T17:21:19.309+0200] {dag.py:3947} INFO - Setting next_dagrun for example_subdag_operator.section-2 to None, run_after=None
[2025-08-19T17:21:19.314+0200] {processor.py:183} INFO - Processing /Users/ehabhasan/.venvs/airflow310/lib/python3.10/site-packages/airflow/example_dags/example_subdag_operator.py took 0.065 seconds
[2025-08-19T17:23:12.577+0200] {processor.py:161} INFO - Started process (PID=11717) to work on /Users/ehabhasan/.venvs/airflow310/lib/python3.10/site-packages/airflow/example_dags/example_subdag_operator.py
[2025-08-19T17:23:12.577+0200] {processor.py:830} INFO - Processing file /Users/ehabhasan/.venvs/airflow310/lib/python3.10/site-packages/airflow/example_dags/example_subdag_operator.py for tasks to queue
[2025-08-19T17:23:12.577+0200] {logging_mixin.py:188} INFO - [2025-08-19T17:23:12.577+0200] {dagbag.py:545} INFO - Filling up the DagBag from /Users/ehabhasan/.venvs/airflow310/lib/python3.10/site-packages/airflow/example_dags/example_subdag_operator.py
[2025-08-19T17:23:12.611+0200] {processor.py:840} INFO - DAG(s) 'example_subdag_operator.section-1', 'example_subdag_operator.section-2', 'example_subdag_operator' retrieved from /Users/ehabhasan/.venvs/airflow310/lib/python3.10/site-packages/airflow/example_dags/example_subdag_operator.py
[2025-08-19T17:23:12.623+0200] {logging_mixin.py:188} INFO - [2025-08-19T17:23:12.623+0200] {dag.py:3089} INFO - Sync 3 DAGs
[2025-08-19T17:23:12.628+0200] {logging_mixin.py:188} INFO - [2025-08-19T17:23:12.628+0200] {dag.py:3947} INFO - Setting next_dagrun for example_subdag_operator to 2022-01-01 00:00:00+00:00, run_after=2022-01-01 00:00:00+00:00
[2025-08-19T17:23:12.629+0200] {logging_mixin.py:188} INFO - [2025-08-19T17:23:12.629+0200] {dag.py:3947} INFO - Setting next_dagrun for example_subdag_operator.section-1 to None, run_after=None
[2025-08-19T17:23:12.630+0200] {logging_mixin.py:188} INFO - [2025-08-19T17:23:12.630+0200] {dag.py:3947} INFO - Setting next_dagrun for example_subdag_operator.section-2 to None, run_after=None
[2025-08-19T17:23:12.632+0200] {logging_mixin.py:188} INFO - [2025-08-19T17:23:12.632+0200] {dag.py:3089} INFO - Sync 2 DAGs
[2025-08-19T17:23:12.633+0200] {logging_mixin.py:188} INFO - [2025-08-19T17:23:12.633+0200] {dag.py:3947} INFO - Setting next_dagrun for example_subdag_operator.section-1 to None, run_after=None
[2025-08-19T17:23:12.633+0200] {logging_mixin.py:188} INFO - [2025-08-19T17:23:12.633+0200] {dag.py:3947} INFO - Setting next_dagrun for example_subdag_operator.section-2 to None, run_after=None
[2025-08-19T17:23:12.638+0200] {processor.py:183} INFO - Processing /Users/ehabhasan/.venvs/airflow310/lib/python3.10/site-packages/airflow/example_dags/example_subdag_operator.py took 0.063 seconds
[2025-08-19T17:24:57.647+0200] {processor.py:161} INFO - Started process (PID=11801) to work on /Users/ehabhasan/.venvs/airflow310/lib/python3.10/site-packages/airflow/example_dags/example_subdag_operator.py
[2025-08-19T17:24:57.648+0200] {processor.py:830} INFO - Processing file /Users/ehabhasan/.venvs/airflow310/lib/python3.10/site-packages/airflow/example_dags/example_subdag_operator.py for tasks to queue
[2025-08-19T17:24:57.649+0200] {logging_mixin.py:188} INFO - [2025-08-19T17:24:57.649+0200] {dagbag.py:545} INFO - Filling up the DagBag from /Users/ehabhasan/.venvs/airflow310/lib/python3.10/site-packages/airflow/example_dags/example_subdag_operator.py
[2025-08-19T17:24:57.682+0200] {processor.py:840} INFO - DAG(s) 'example_subdag_operator.section-1', 'example_subdag_operator.section-2', 'example_subdag_operator' retrieved from /Users/ehabhasan/.venvs/airflow310/lib/python3.10/site-packages/airflow/example_dags/example_subdag_operator.py
[2025-08-19T17:24:57.693+0200] {logging_mixin.py:188} INFO - [2025-08-19T17:24:57.693+0200] {dag.py:3089} INFO - Sync 3 DAGs
[2025-08-19T17:24:57.699+0200] {logging_mixin.py:188} INFO - [2025-08-19T17:24:57.699+0200] {dag.py:3947} INFO - Setting next_dagrun for example_subdag_operator to 2022-01-01 00:00:00+00:00, run_after=2022-01-01 00:00:00+00:00
[2025-08-19T17:24:57.700+0200] {logging_mixin.py:188} INFO - [2025-08-19T17:24:57.700+0200] {dag.py:3947} INFO - Setting next_dagrun for example_subdag_operator.section-1 to None, run_after=None
[2025-08-19T17:24:57.700+0200] {logging_mixin.py:188} INFO - [2025-08-19T17:24:57.700+0200] {dag.py:3947} INFO - Setting next_dagrun for example_subdag_operator.section-2 to None, run_after=None
[2025-08-19T17:24:57.702+0200] {logging_mixin.py:188} INFO - [2025-08-19T17:24:57.702+0200] {dag.py:3089} INFO - Sync 2 DAGs
[2025-08-19T17:24:57.703+0200] {logging_mixin.py:188} INFO - [2025-08-19T17:24:57.703+0200] {dag.py:3947} INFO - Setting next_dagrun for example_subdag_operator.section-1 to None, run_after=None
[2025-08-19T17:24:57.703+0200] {logging_mixin.py:188} INFO - [2025-08-19T17:24:57.703+0200] {dag.py:3947} INFO - Setting next_dagrun for example_subdag_operator.section-2 to None, run_after=None
[2025-08-19T17:24:57.708+0200] {processor.py:183} INFO - Processing /Users/ehabhasan/.venvs/airflow310/lib/python3.10/site-packages/airflow/example_dags/example_subdag_operator.py took 0.062 seconds
[2025-08-19T17:26:42.213+0200] {processor.py:161} INFO - Started process (PID=11878) to work on /Users/ehabhasan/.venvs/airflow310/lib/python3.10/site-packages/airflow/example_dags/example_subdag_operator.py
[2025-08-19T17:26:42.214+0200] {processor.py:830} INFO - Processing file /Users/ehabhasan/.venvs/airflow310/lib/python3.10/site-packages/airflow/example_dags/example_subdag_operator.py for tasks to queue
[2025-08-19T17:26:42.214+0200] {logging_mixin.py:188} INFO - [2025-08-19T17:26:42.214+0200] {dagbag.py:545} INFO - Filling up the DagBag from /Users/ehabhasan/.venvs/airflow310/lib/python3.10/site-packages/airflow/example_dags/example_subdag_operator.py
[2025-08-19T17:26:42.248+0200] {processor.py:840} INFO - DAG(s) 'example_subdag_operator.section-1', 'example_subdag_operator.section-2', 'example_subdag_operator' retrieved from /Users/ehabhasan/.venvs/airflow310/lib/python3.10/site-packages/airflow/example_dags/example_subdag_operator.py
[2025-08-19T17:26:42.260+0200] {logging_mixin.py:188} INFO - [2025-08-19T17:26:42.260+0200] {dag.py:3089} INFO - Sync 3 DAGs
[2025-08-19T17:26:42.266+0200] {logging_mixin.py:188} INFO - [2025-08-19T17:26:42.266+0200] {dag.py:3947} INFO - Setting next_dagrun for example_subdag_operator to 2022-01-01 00:00:00+00:00, run_after=2022-01-01 00:00:00+00:00
[2025-08-19T17:26:42.267+0200] {logging_mixin.py:188} INFO - [2025-08-19T17:26:42.267+0200] {dag.py:3947} INFO - Setting next_dagrun for example_subdag_operator.section-1 to None, run_after=None
[2025-08-19T17:26:42.267+0200] {logging_mixin.py:188} INFO - [2025-08-19T17:26:42.267+0200] {dag.py:3947} INFO - Setting next_dagrun for example_subdag_operator.section-2 to None, run_after=None
[2025-08-19T17:26:42.269+0200] {logging_mixin.py:188} INFO - [2025-08-19T17:26:42.269+0200] {dag.py:3089} INFO - Sync 2 DAGs
[2025-08-19T17:26:42.270+0200] {logging_mixin.py:188} INFO - [2025-08-19T17:26:42.270+0200] {dag.py:3947} INFO - Setting next_dagrun for example_subdag_operator.section-1 to None, run_after=None
[2025-08-19T17:26:42.270+0200] {logging_mixin.py:188} INFO - [2025-08-19T17:26:42.270+0200] {dag.py:3947} INFO - Setting next_dagrun for example_subdag_operator.section-2 to None, run_after=None
[2025-08-19T17:26:42.275+0200] {processor.py:183} INFO - Processing /Users/ehabhasan/.venvs/airflow310/lib/python3.10/site-packages/airflow/example_dags/example_subdag_operator.py took 0.064 seconds
[2025-08-19T17:28:32.786+0200] {processor.py:161} INFO - Started process (PID=11968) to work on /Users/ehabhasan/.venvs/airflow310/lib/python3.10/site-packages/airflow/example_dags/example_subdag_operator.py
[2025-08-19T17:28:32.787+0200] {processor.py:830} INFO - Processing file /Users/ehabhasan/.venvs/airflow310/lib/python3.10/site-packages/airflow/example_dags/example_subdag_operator.py for tasks to queue
[2025-08-19T17:28:32.787+0200] {logging_mixin.py:188} INFO - [2025-08-19T17:28:32.787+0200] {dagbag.py:545} INFO - Filling up the DagBag from /Users/ehabhasan/.venvs/airflow310/lib/python3.10/site-packages/airflow/example_dags/example_subdag_operator.py
[2025-08-19T17:28:32.824+0200] {processor.py:840} INFO - DAG(s) 'example_subdag_operator.section-1', 'example_subdag_operator.section-2', 'example_subdag_operator' retrieved from /Users/ehabhasan/.venvs/airflow310/lib/python3.10/site-packages/airflow/example_dags/example_subdag_operator.py
[2025-08-19T17:28:32.838+0200] {logging_mixin.py:188} INFO - [2025-08-19T17:28:32.838+0200] {dag.py:3089} INFO - Sync 3 DAGs
[2025-08-19T17:28:32.843+0200] {logging_mixin.py:188} INFO - [2025-08-19T17:28:32.843+0200] {dag.py:3947} INFO - Setting next_dagrun for example_subdag_operator to 2022-01-01 00:00:00+00:00, run_after=2022-01-01 00:00:00+00:00
[2025-08-19T17:28:32.844+0200] {logging_mixin.py:188} INFO - [2025-08-19T17:28:32.844+0200] {dag.py:3947} INFO - Setting next_dagrun for example_subdag_operator.section-1 to None, run_after=None
[2025-08-19T17:28:32.845+0200] {logging_mixin.py:188} INFO - [2025-08-19T17:28:32.845+0200] {dag.py:3947} INFO - Setting next_dagrun for example_subdag_operator.section-2 to None, run_after=None
[2025-08-19T17:28:32.847+0200] {logging_mixin.py:188} INFO - [2025-08-19T17:28:32.846+0200] {dag.py:3089} INFO - Sync 2 DAGs
[2025-08-19T17:28:32.848+0200] {logging_mixin.py:188} INFO - [2025-08-19T17:28:32.848+0200] {dag.py:3947} INFO - Setting next_dagrun for example_subdag_operator.section-1 to None, run_after=None
[2025-08-19T17:28:32.848+0200] {logging_mixin.py:188} INFO - [2025-08-19T17:28:32.848+0200] {dag.py:3947} INFO - Setting next_dagrun for example_subdag_operator.section-2 to None, run_after=None
[2025-08-19T17:28:32.853+0200] {processor.py:183} INFO - Processing /Users/ehabhasan/.venvs/airflow310/lib/python3.10/site-packages/airflow/example_dags/example_subdag_operator.py took 0.068 seconds
[2025-08-19T17:30:24.684+0200] {processor.py:161} INFO - Started process (PID=12722) to work on /Users/ehabhasan/.venvs/airflow310/lib/python3.10/site-packages/airflow/example_dags/example_subdag_operator.py
[2025-08-19T17:30:24.685+0200] {processor.py:830} INFO - Processing file /Users/ehabhasan/.venvs/airflow310/lib/python3.10/site-packages/airflow/example_dags/example_subdag_operator.py for tasks to queue
[2025-08-19T17:30:24.686+0200] {logging_mixin.py:188} INFO - [2025-08-19T17:30:24.685+0200] {dagbag.py:545} INFO - Filling up the DagBag from /Users/ehabhasan/.venvs/airflow310/lib/python3.10/site-packages/airflow/example_dags/example_subdag_operator.py
[2025-08-19T17:30:24.721+0200] {processor.py:840} INFO - DAG(s) 'example_subdag_operator.section-1', 'example_subdag_operator.section-2', 'example_subdag_operator' retrieved from /Users/ehabhasan/.venvs/airflow310/lib/python3.10/site-packages/airflow/example_dags/example_subdag_operator.py
[2025-08-19T17:30:24.733+0200] {logging_mixin.py:188} INFO - [2025-08-19T17:30:24.733+0200] {dag.py:3089} INFO - Sync 3 DAGs
[2025-08-19T17:30:24.739+0200] {logging_mixin.py:188} INFO - [2025-08-19T17:30:24.739+0200] {dag.py:3947} INFO - Setting next_dagrun for example_subdag_operator to 2022-01-01 00:00:00+00:00, run_after=2022-01-01 00:00:00+00:00
[2025-08-19T17:30:24.740+0200] {logging_mixin.py:188} INFO - [2025-08-19T17:30:24.740+0200] {dag.py:3947} INFO - Setting next_dagrun for example_subdag_operator.section-1 to None, run_after=None
[2025-08-19T17:30:24.740+0200] {logging_mixin.py:188} INFO - [2025-08-19T17:30:24.740+0200] {dag.py:3947} INFO - Setting next_dagrun for example_subdag_operator.section-2 to None, run_after=None
[2025-08-19T17:30:24.742+0200] {logging_mixin.py:188} INFO - [2025-08-19T17:30:24.742+0200] {dag.py:3089} INFO - Sync 2 DAGs
[2025-08-19T17:30:24.743+0200] {logging_mixin.py:188} INFO - [2025-08-19T17:30:24.743+0200] {dag.py:3947} INFO - Setting next_dagrun for example_subdag_operator.section-1 to None, run_after=None
[2025-08-19T17:30:24.743+0200] {logging_mixin.py:188} INFO - [2025-08-19T17:30:24.743+0200] {dag.py:3947} INFO - Setting next_dagrun for example_subdag_operator.section-2 to None, run_after=None
[2025-08-19T17:30:24.748+0200] {processor.py:183} INFO - Processing /Users/ehabhasan/.venvs/airflow310/lib/python3.10/site-packages/airflow/example_dags/example_subdag_operator.py took 0.066 seconds
[2025-08-19T17:32:20.328+0200] {processor.py:161} INFO - Started process (PID=14137) to work on /Users/ehabhasan/.venvs/airflow310/lib/python3.10/site-packages/airflow/example_dags/example_subdag_operator.py
[2025-08-19T17:32:20.329+0200] {processor.py:830} INFO - Processing file /Users/ehabhasan/.venvs/airflow310/lib/python3.10/site-packages/airflow/example_dags/example_subdag_operator.py for tasks to queue
[2025-08-19T17:32:20.329+0200] {logging_mixin.py:188} INFO - [2025-08-19T17:32:20.329+0200] {dagbag.py:545} INFO - Filling up the DagBag from /Users/ehabhasan/.venvs/airflow310/lib/python3.10/site-packages/airflow/example_dags/example_subdag_operator.py
[2025-08-19T17:32:20.366+0200] {processor.py:840} INFO - DAG(s) 'example_subdag_operator.section-1', 'example_subdag_operator.section-2', 'example_subdag_operator' retrieved from /Users/ehabhasan/.venvs/airflow310/lib/python3.10/site-packages/airflow/example_dags/example_subdag_operator.py
[2025-08-19T17:32:20.380+0200] {logging_mixin.py:188} INFO - [2025-08-19T17:32:20.380+0200] {dag.py:3089} INFO - Sync 3 DAGs
[2025-08-19T17:32:20.386+0200] {logging_mixin.py:188} INFO - [2025-08-19T17:32:20.386+0200] {dag.py:3947} INFO - Setting next_dagrun for example_subdag_operator to 2022-01-01 00:00:00+00:00, run_after=2022-01-01 00:00:00+00:00
[2025-08-19T17:32:20.387+0200] {logging_mixin.py:188} INFO - [2025-08-19T17:32:20.387+0200] {dag.py:3947} INFO - Setting next_dagrun for example_subdag_operator.section-1 to None, run_after=None
[2025-08-19T17:32:20.387+0200] {logging_mixin.py:188} INFO - [2025-08-19T17:32:20.387+0200] {dag.py:3947} INFO - Setting next_dagrun for example_subdag_operator.section-2 to None, run_after=None
[2025-08-19T17:32:20.389+0200] {logging_mixin.py:188} INFO - [2025-08-19T17:32:20.389+0200] {dag.py:3089} INFO - Sync 2 DAGs
[2025-08-19T17:32:20.390+0200] {logging_mixin.py:188} INFO - [2025-08-19T17:32:20.390+0200] {dag.py:3947} INFO - Setting next_dagrun for example_subdag_operator.section-1 to None, run_after=None
[2025-08-19T17:32:20.390+0200] {logging_mixin.py:188} INFO - [2025-08-19T17:32:20.390+0200] {dag.py:3947} INFO - Setting next_dagrun for example_subdag_operator.section-2 to None, run_after=None
[2025-08-19T17:32:20.395+0200] {processor.py:183} INFO - Processing /Users/ehabhasan/.venvs/airflow310/lib/python3.10/site-packages/airflow/example_dags/example_subdag_operator.py took 0.069 seconds
[2025-08-19T17:34:06.433+0200] {processor.py:161} INFO - Started process (PID=14237) to work on /Users/ehabhasan/.venvs/airflow310/lib/python3.10/site-packages/airflow/example_dags/example_subdag_operator.py
[2025-08-19T17:34:06.433+0200] {processor.py:830} INFO - Processing file /Users/ehabhasan/.venvs/airflow310/lib/python3.10/site-packages/airflow/example_dags/example_subdag_operator.py for tasks to queue
[2025-08-19T17:34:06.433+0200] {logging_mixin.py:188} INFO - [2025-08-19T17:34:06.433+0200] {dagbag.py:545} INFO - Filling up the DagBag from /Users/ehabhasan/.venvs/airflow310/lib/python3.10/site-packages/airflow/example_dags/example_subdag_operator.py
[2025-08-19T17:34:06.468+0200] {processor.py:840} INFO - DAG(s) 'example_subdag_operator.section-1', 'example_subdag_operator.section-2', 'example_subdag_operator' retrieved from /Users/ehabhasan/.venvs/airflow310/lib/python3.10/site-packages/airflow/example_dags/example_subdag_operator.py
[2025-08-19T17:34:06.481+0200] {logging_mixin.py:188} INFO - [2025-08-19T17:34:06.480+0200] {dag.py:3089} INFO - Sync 3 DAGs
[2025-08-19T17:34:06.486+0200] {logging_mixin.py:188} INFO - [2025-08-19T17:34:06.486+0200] {dag.py:3947} INFO - Setting next_dagrun for example_subdag_operator to 2022-01-01 00:00:00+00:00, run_after=2022-01-01 00:00:00+00:00
[2025-08-19T17:34:06.487+0200] {logging_mixin.py:188} INFO - [2025-08-19T17:34:06.487+0200] {dag.py:3947} INFO - Setting next_dagrun for example_subdag_operator.section-1 to None, run_after=None
[2025-08-19T17:34:06.487+0200] {logging_mixin.py:188} INFO - [2025-08-19T17:34:06.487+0200] {dag.py:3947} INFO - Setting next_dagrun for example_subdag_operator.section-2 to None, run_after=None
[2025-08-19T17:34:06.489+0200] {logging_mixin.py:188} INFO - [2025-08-19T17:34:06.489+0200] {dag.py:3089} INFO - Sync 2 DAGs
[2025-08-19T17:34:06.490+0200] {logging_mixin.py:188} INFO - [2025-08-19T17:34:06.490+0200] {dag.py:3947} INFO - Setting next_dagrun for example_subdag_operator.section-1 to None, run_after=None
[2025-08-19T17:34:06.491+0200] {logging_mixin.py:188} INFO - [2025-08-19T17:34:06.490+0200] {dag.py:3947} INFO - Setting next_dagrun for example_subdag_operator.section-2 to None, run_after=None
[2025-08-19T17:34:06.495+0200] {processor.py:183} INFO - Processing /Users/ehabhasan/.venvs/airflow310/lib/python3.10/site-packages/airflow/example_dags/example_subdag_operator.py took 0.064 seconds
[2025-08-19T17:35:55.773+0200] {processor.py:161} INFO - Started process (PID=14454) to work on /Users/ehabhasan/.venvs/airflow310/lib/python3.10/site-packages/airflow/example_dags/example_subdag_operator.py
[2025-08-19T17:35:55.773+0200] {processor.py:830} INFO - Processing file /Users/ehabhasan/.venvs/airflow310/lib/python3.10/site-packages/airflow/example_dags/example_subdag_operator.py for tasks to queue
[2025-08-19T17:35:55.774+0200] {logging_mixin.py:188} INFO - [2025-08-19T17:35:55.773+0200] {dagbag.py:545} INFO - Filling up the DagBag from /Users/ehabhasan/.venvs/airflow310/lib/python3.10/site-packages/airflow/example_dags/example_subdag_operator.py
[2025-08-19T17:35:55.807+0200] {processor.py:840} INFO - DAG(s) 'example_subdag_operator.section-1', 'example_subdag_operator.section-2', 'example_subdag_operator' retrieved from /Users/ehabhasan/.venvs/airflow310/lib/python3.10/site-packages/airflow/example_dags/example_subdag_operator.py
[2025-08-19T17:35:55.819+0200] {logging_mixin.py:188} INFO - [2025-08-19T17:35:55.819+0200] {dag.py:3089} INFO - Sync 3 DAGs
[2025-08-19T17:35:55.825+0200] {logging_mixin.py:188} INFO - [2025-08-19T17:35:55.825+0200] {dag.py:3947} INFO - Setting next_dagrun for example_subdag_operator to 2022-01-01 00:00:00+00:00, run_after=2022-01-01 00:00:00+00:00
[2025-08-19T17:35:55.826+0200] {logging_mixin.py:188} INFO - [2025-08-19T17:35:55.826+0200] {dag.py:3947} INFO - Setting next_dagrun for example_subdag_operator.section-1 to None, run_after=None
[2025-08-19T17:35:55.826+0200] {logging_mixin.py:188} INFO - [2025-08-19T17:35:55.826+0200] {dag.py:3947} INFO - Setting next_dagrun for example_subdag_operator.section-2 to None, run_after=None
[2025-08-19T17:35:55.828+0200] {logging_mixin.py:188} INFO - [2025-08-19T17:35:55.828+0200] {dag.py:3089} INFO - Sync 2 DAGs
[2025-08-19T17:35:55.830+0200] {logging_mixin.py:188} INFO - [2025-08-19T17:35:55.830+0200] {dag.py:3947} INFO - Setting next_dagrun for example_subdag_operator.section-1 to None, run_after=None
[2025-08-19T17:35:55.830+0200] {logging_mixin.py:188} INFO - [2025-08-19T17:35:55.830+0200] {dag.py:3947} INFO - Setting next_dagrun for example_subdag_operator.section-2 to None, run_after=None
[2025-08-19T17:35:55.835+0200] {processor.py:183} INFO - Processing /Users/ehabhasan/.venvs/airflow310/lib/python3.10/site-packages/airflow/example_dags/example_subdag_operator.py took 0.064 seconds
[2025-08-19T17:37:50.654+0200] {processor.py:161} INFO - Started process (PID=14580) to work on /Users/ehabhasan/.venvs/airflow310/lib/python3.10/site-packages/airflow/example_dags/example_subdag_operator.py
[2025-08-19T17:37:50.654+0200] {processor.py:830} INFO - Processing file /Users/ehabhasan/.venvs/airflow310/lib/python3.10/site-packages/airflow/example_dags/example_subdag_operator.py for tasks to queue
[2025-08-19T17:37:50.654+0200] {logging_mixin.py:188} INFO - [2025-08-19T17:37:50.654+0200] {dagbag.py:545} INFO - Filling up the DagBag from /Users/ehabhasan/.venvs/airflow310/lib/python3.10/site-packages/airflow/example_dags/example_subdag_operator.py
[2025-08-19T17:37:50.688+0200] {processor.py:840} INFO - DAG(s) 'example_subdag_operator.section-1', 'example_subdag_operator.section-2', 'example_subdag_operator' retrieved from /Users/ehabhasan/.venvs/airflow310/lib/python3.10/site-packages/airflow/example_dags/example_subdag_operator.py
[2025-08-19T17:37:50.700+0200] {logging_mixin.py:188} INFO - [2025-08-19T17:37:50.700+0200] {dag.py:3089} INFO - Sync 3 DAGs
[2025-08-19T17:37:50.706+0200] {logging_mixin.py:188} INFO - [2025-08-19T17:37:50.706+0200] {dag.py:3947} INFO - Setting next_dagrun for example_subdag_operator to 2022-01-01 00:00:00+00:00, run_after=2022-01-01 00:00:00+00:00
[2025-08-19T17:37:50.707+0200] {logging_mixin.py:188} INFO - [2025-08-19T17:37:50.707+0200] {dag.py:3947} INFO - Setting next_dagrun for example_subdag_operator.section-1 to None, run_after=None
[2025-08-19T17:37:50.707+0200] {logging_mixin.py:188} INFO - [2025-08-19T17:37:50.707+0200] {dag.py:3947} INFO - Setting next_dagrun for example_subdag_operator.section-2 to None, run_after=None
[2025-08-19T17:37:50.709+0200] {logging_mixin.py:188} INFO - [2025-08-19T17:37:50.709+0200] {dag.py:3089} INFO - Sync 2 DAGs
[2025-08-19T17:37:50.710+0200] {logging_mixin.py:188} INFO - [2025-08-19T17:37:50.710+0200] {dag.py:3947} INFO - Setting next_dagrun for example_subdag_operator.section-1 to None, run_after=None
[2025-08-19T17:37:50.710+0200] {logging_mixin.py:188} INFO - [2025-08-19T17:37:50.710+0200] {dag.py:3947} INFO - Setting next_dagrun for example_subdag_operator.section-2 to None, run_after=None
[2025-08-19T17:37:50.715+0200] {processor.py:183} INFO - Processing /Users/ehabhasan/.venvs/airflow310/lib/python3.10/site-packages/airflow/example_dags/example_subdag_operator.py took 0.063 seconds
[2025-08-19T17:39:55.210+0200] {processor.py:161} INFO - Started process (PID=14802) to work on /Users/ehabhasan/.venvs/airflow310/lib/python3.10/site-packages/airflow/example_dags/example_subdag_operator.py
[2025-08-19T17:39:55.211+0200] {processor.py:830} INFO - Processing file /Users/ehabhasan/.venvs/airflow310/lib/python3.10/site-packages/airflow/example_dags/example_subdag_operator.py for tasks to queue
[2025-08-19T17:39:55.211+0200] {logging_mixin.py:188} INFO - [2025-08-19T17:39:55.211+0200] {dagbag.py:545} INFO - Filling up the DagBag from /Users/ehabhasan/.venvs/airflow310/lib/python3.10/site-packages/airflow/example_dags/example_subdag_operator.py
[2025-08-19T17:39:55.246+0200] {processor.py:840} INFO - DAG(s) 'example_subdag_operator.section-1', 'example_subdag_operator.section-2', 'example_subdag_operator' retrieved from /Users/ehabhasan/.venvs/airflow310/lib/python3.10/site-packages/airflow/example_dags/example_subdag_operator.py
[2025-08-19T17:39:55.259+0200] {logging_mixin.py:188} INFO - [2025-08-19T17:39:55.259+0200] {dag.py:3089} INFO - Sync 3 DAGs
[2025-08-19T17:39:55.265+0200] {logging_mixin.py:188} INFO - [2025-08-19T17:39:55.265+0200] {dag.py:3947} INFO - Setting next_dagrun for example_subdag_operator to 2022-01-01 00:00:00+00:00, run_after=2022-01-01 00:00:00+00:00
[2025-08-19T17:39:55.266+0200] {logging_mixin.py:188} INFO - [2025-08-19T17:39:55.266+0200] {dag.py:3947} INFO - Setting next_dagrun for example_subdag_operator.section-1 to None, run_after=None
[2025-08-19T17:39:55.266+0200] {logging_mixin.py:188} INFO - [2025-08-19T17:39:55.266+0200] {dag.py:3947} INFO - Setting next_dagrun for example_subdag_operator.section-2 to None, run_after=None
[2025-08-19T17:39:55.268+0200] {logging_mixin.py:188} INFO - [2025-08-19T17:39:55.268+0200] {dag.py:3089} INFO - Sync 2 DAGs
[2025-08-19T17:39:55.269+0200] {logging_mixin.py:188} INFO - [2025-08-19T17:39:55.269+0200] {dag.py:3947} INFO - Setting next_dagrun for example_subdag_operator.section-1 to None, run_after=None
[2025-08-19T17:39:55.269+0200] {logging_mixin.py:188} INFO - [2025-08-19T17:39:55.269+0200] {dag.py:3947} INFO - Setting next_dagrun for example_subdag_operator.section-2 to None, run_after=None
[2025-08-19T17:39:55.274+0200] {processor.py:183} INFO - Processing /Users/ehabhasan/.venvs/airflow310/lib/python3.10/site-packages/airflow/example_dags/example_subdag_operator.py took 0.066 seconds
[2025-08-19T17:45:28.007+0200] {processor.py:161} INFO - Started process (PID=14972) to work on /Users/ehabhasan/.venvs/airflow310/lib/python3.10/site-packages/airflow/example_dags/example_subdag_operator.py
[2025-08-19T17:45:28.008+0200] {processor.py:830} INFO - Processing file /Users/ehabhasan/.venvs/airflow310/lib/python3.10/site-packages/airflow/example_dags/example_subdag_operator.py for tasks to queue
[2025-08-19T17:45:28.009+0200] {logging_mixin.py:188} INFO - [2025-08-19T17:45:28.009+0200] {dagbag.py:545} INFO - Filling up the DagBag from /Users/ehabhasan/.venvs/airflow310/lib/python3.10/site-packages/airflow/example_dags/example_subdag_operator.py
[2025-08-19T17:45:28.042+0200] {processor.py:840} INFO - DAG(s) 'example_subdag_operator.section-1', 'example_subdag_operator.section-2', 'example_subdag_operator' retrieved from /Users/ehabhasan/.venvs/airflow310/lib/python3.10/site-packages/airflow/example_dags/example_subdag_operator.py
[2025-08-19T17:45:28.054+0200] {logging_mixin.py:188} INFO - [2025-08-19T17:45:28.054+0200] {dag.py:3089} INFO - Sync 3 DAGs
[2025-08-19T17:45:28.060+0200] {logging_mixin.py:188} INFO - [2025-08-19T17:45:28.060+0200] {dag.py:3947} INFO - Setting next_dagrun for example_subdag_operator to 2022-01-01 00:00:00+00:00, run_after=2022-01-01 00:00:00+00:00
[2025-08-19T17:45:28.061+0200] {logging_mixin.py:188} INFO - [2025-08-19T17:45:28.061+0200] {dag.py:3947} INFO - Setting next_dagrun for example_subdag_operator.section-1 to None, run_after=None
[2025-08-19T17:45:28.061+0200] {logging_mixin.py:188} INFO - [2025-08-19T17:45:28.061+0200] {dag.py:3947} INFO - Setting next_dagrun for example_subdag_operator.section-2 to None, run_after=None
[2025-08-19T17:45:28.063+0200] {logging_mixin.py:188} INFO - [2025-08-19T17:45:28.063+0200] {dag.py:3089} INFO - Sync 2 DAGs
[2025-08-19T17:45:28.064+0200] {logging_mixin.py:188} INFO - [2025-08-19T17:45:28.064+0200] {dag.py:3947} INFO - Setting next_dagrun for example_subdag_operator.section-1 to None, run_after=None
[2025-08-19T17:45:28.064+0200] {logging_mixin.py:188} INFO - [2025-08-19T17:45:28.064+0200] {dag.py:3947} INFO - Setting next_dagrun for example_subdag_operator.section-2 to None, run_after=None
[2025-08-19T17:45:28.069+0200] {processor.py:183} INFO - Processing /Users/ehabhasan/.venvs/airflow310/lib/python3.10/site-packages/airflow/example_dags/example_subdag_operator.py took 0.064 seconds
[2025-08-19T17:46:31.579+0200] {processor.py:161} INFO - Started process (PID=15022) to work on /Users/ehabhasan/.venvs/airflow310/lib/python3.10/site-packages/airflow/example_dags/example_subdag_operator.py
[2025-08-19T17:46:31.579+0200] {processor.py:830} INFO - Processing file /Users/ehabhasan/.venvs/airflow310/lib/python3.10/site-packages/airflow/example_dags/example_subdag_operator.py for tasks to queue
[2025-08-19T17:46:31.579+0200] {logging_mixin.py:188} INFO - [2025-08-19T17:46:31.579+0200] {dagbag.py:545} INFO - Filling up the DagBag from /Users/ehabhasan/.venvs/airflow310/lib/python3.10/site-packages/airflow/example_dags/example_subdag_operator.py
[2025-08-19T17:46:31.612+0200] {processor.py:840} INFO - DAG(s) 'example_subdag_operator.section-1', 'example_subdag_operator.section-2', 'example_subdag_operator' retrieved from /Users/ehabhasan/.venvs/airflow310/lib/python3.10/site-packages/airflow/example_dags/example_subdag_operator.py
[2025-08-19T17:46:31.625+0200] {logging_mixin.py:188} INFO - [2025-08-19T17:46:31.624+0200] {dag.py:3089} INFO - Sync 3 DAGs
[2025-08-19T17:46:31.630+0200] {logging_mixin.py:188} INFO - [2025-08-19T17:46:31.630+0200] {dag.py:3947} INFO - Setting next_dagrun for example_subdag_operator to 2022-01-01 00:00:00+00:00, run_after=2022-01-01 00:00:00+00:00
[2025-08-19T17:46:31.631+0200] {logging_mixin.py:188} INFO - [2025-08-19T17:46:31.631+0200] {dag.py:3947} INFO - Setting next_dagrun for example_subdag_operator.section-1 to None, run_after=None
[2025-08-19T17:46:31.631+0200] {logging_mixin.py:188} INFO - [2025-08-19T17:46:31.631+0200] {dag.py:3947} INFO - Setting next_dagrun for example_subdag_operator.section-2 to None, run_after=None
[2025-08-19T17:46:31.633+0200] {logging_mixin.py:188} INFO - [2025-08-19T17:46:31.633+0200] {dag.py:3089} INFO - Sync 2 DAGs
[2025-08-19T17:46:31.634+0200] {logging_mixin.py:188} INFO - [2025-08-19T17:46:31.634+0200] {dag.py:3947} INFO - Setting next_dagrun for example_subdag_operator.section-1 to None, run_after=None
[2025-08-19T17:46:31.634+0200] {logging_mixin.py:188} INFO - [2025-08-19T17:46:31.634+0200] {dag.py:3947} INFO - Setting next_dagrun for example_subdag_operator.section-2 to None, run_after=None
[2025-08-19T17:46:31.639+0200] {processor.py:183} INFO - Processing /Users/ehabhasan/.venvs/airflow310/lib/python3.10/site-packages/airflow/example_dags/example_subdag_operator.py took 0.062 seconds
[2025-08-19T17:48:31.075+0200] {processor.py:161} INFO - Started process (PID=15113) to work on /Users/ehabhasan/.venvs/airflow310/lib/python3.10/site-packages/airflow/example_dags/example_subdag_operator.py
[2025-08-19T17:48:31.075+0200] {processor.py:830} INFO - Processing file /Users/ehabhasan/.venvs/airflow310/lib/python3.10/site-packages/airflow/example_dags/example_subdag_operator.py for tasks to queue
[2025-08-19T17:48:31.075+0200] {logging_mixin.py:188} INFO - [2025-08-19T17:48:31.075+0200] {dagbag.py:545} INFO - Filling up the DagBag from /Users/ehabhasan/.venvs/airflow310/lib/python3.10/site-packages/airflow/example_dags/example_subdag_operator.py
[2025-08-19T17:48:31.112+0200] {processor.py:840} INFO - DAG(s) 'example_subdag_operator.section-1', 'example_subdag_operator.section-2', 'example_subdag_operator' retrieved from /Users/ehabhasan/.venvs/airflow310/lib/python3.10/site-packages/airflow/example_dags/example_subdag_operator.py
[2025-08-19T17:48:31.126+0200] {logging_mixin.py:188} INFO - [2025-08-19T17:48:31.126+0200] {dag.py:3089} INFO - Sync 3 DAGs
[2025-08-19T17:48:31.132+0200] {logging_mixin.py:188} INFO - [2025-08-19T17:48:31.132+0200] {dag.py:3947} INFO - Setting next_dagrun for example_subdag_operator to 2022-01-01 00:00:00+00:00, run_after=2022-01-01 00:00:00+00:00
[2025-08-19T17:48:31.133+0200] {logging_mixin.py:188} INFO - [2025-08-19T17:48:31.133+0200] {dag.py:3947} INFO - Setting next_dagrun for example_subdag_operator.section-1 to None, run_after=None
[2025-08-19T17:48:31.134+0200] {logging_mixin.py:188} INFO - [2025-08-19T17:48:31.134+0200] {dag.py:3947} INFO - Setting next_dagrun for example_subdag_operator.section-2 to None, run_after=None
[2025-08-19T17:48:31.136+0200] {logging_mixin.py:188} INFO - [2025-08-19T17:48:31.136+0200] {dag.py:3089} INFO - Sync 2 DAGs
[2025-08-19T17:48:31.137+0200] {logging_mixin.py:188} INFO - [2025-08-19T17:48:31.137+0200] {dag.py:3947} INFO - Setting next_dagrun for example_subdag_operator.section-1 to None, run_after=None
[2025-08-19T17:48:31.138+0200] {logging_mixin.py:188} INFO - [2025-08-19T17:48:31.138+0200] {dag.py:3947} INFO - Setting next_dagrun for example_subdag_operator.section-2 to None, run_after=None
[2025-08-19T17:48:31.144+0200] {processor.py:183} INFO - Processing /Users/ehabhasan/.venvs/airflow310/lib/python3.10/site-packages/airflow/example_dags/example_subdag_operator.py took 0.072 seconds
