[2025-08-19T16:48:08.309+0200] {processor.py:161} INFO - Started process (PID=7629) to work on /Users/ehabhasan/.venvs/airflow310/lib/python3.10/site-packages/airflow/example_dags/example_trigger_target_dag.py
[2025-08-19T16:48:08.309+0200] {processor.py:830} INFO - Processing file /Users/ehabhasan/.venvs/airflow310/lib/python3.10/site-packages/airflow/example_dags/example_trigger_target_dag.py for tasks to queue
[2025-08-19T16:48:08.309+0200] {logging_mixin.py:188} INFO - [2025-08-19T16:48:08.309+0200] {dagbag.py:545} INFO - Filling up the DagBag from /Users/ehabhasan/.venvs/airflow310/lib/python3.10/site-packages/airflow/example_dags/example_trigger_target_dag.py
[2025-08-19T16:48:08.324+0200] {processor.py:840} INFO - DAG(s) 'example_trigger_target_dag' retrieved from /Users/ehabhasan/.venvs/airflow310/lib/python3.10/site-packages/airflow/example_dags/example_trigger_target_dag.py
[2025-08-19T16:48:08.329+0200] {logging_mixin.py:188} INFO - [2025-08-19T16:48:08.328+0200] {dag.py:3089} INFO - Sync 1 DAGs
[2025-08-19T16:48:08.358+0200] {logging_mixin.py:188} INFO - [2025-08-19T16:48:08.358+0200] {dag.py:3947} INFO - Setting next_dagrun for example_trigger_target_dag to None, run_after=None
[2025-08-19T16:48:08.388+0200] {processor.py:183} INFO - Processing /Users/ehabhasan/.venvs/airflow310/lib/python3.10/site-packages/airflow/example_dags/example_trigger_target_dag.py took 0.081 seconds
[2025-08-19T16:49:28.018+0200] {processor.py:161} INFO - Started process (PID=7688) to work on /Users/ehabhasan/.venvs/airflow310/lib/python3.10/site-packages/airflow/example_dags/example_trigger_target_dag.py
[2025-08-19T16:49:28.019+0200] {processor.py:830} INFO - Processing file /Users/ehabhasan/.venvs/airflow310/lib/python3.10/site-packages/airflow/example_dags/example_trigger_target_dag.py for tasks to queue
[2025-08-19T16:49:28.019+0200] {logging_mixin.py:188} INFO - [2025-08-19T16:49:28.019+0200] {dagbag.py:545} INFO - Filling up the DagBag from /Users/ehabhasan/.venvs/airflow310/lib/python3.10/site-packages/airflow/example_dags/example_trigger_target_dag.py
[2025-08-19T16:49:28.032+0200] {processor.py:840} INFO - DAG(s) 'example_trigger_target_dag' retrieved from /Users/ehabhasan/.venvs/airflow310/lib/python3.10/site-packages/airflow/example_dags/example_trigger_target_dag.py
[2025-08-19T16:49:28.114+0200] {logging_mixin.py:188} INFO - [2025-08-19T16:49:28.114+0200] {dag.py:3089} INFO - Sync 1 DAGs
[2025-08-19T16:49:28.117+0200] {logging_mixin.py:188} INFO - [2025-08-19T16:49:28.117+0200] {dag.py:3947} INFO - Setting next_dagrun for example_trigger_target_dag to None, run_after=None
[2025-08-19T16:49:28.123+0200] {processor.py:183} INFO - Processing /Users/ehabhasan/.venvs/airflow310/lib/python3.10/site-packages/airflow/example_dags/example_trigger_target_dag.py took 0.107 seconds
[2025-08-19T16:50:59.123+0200] {processor.py:161} INFO - Started process (PID=7758) to work on /Users/ehabhasan/.venvs/airflow310/lib/python3.10/site-packages/airflow/example_dags/example_trigger_target_dag.py
[2025-08-19T16:50:59.124+0200] {processor.py:830} INFO - Processing file /Users/ehabhasan/.venvs/airflow310/lib/python3.10/site-packages/airflow/example_dags/example_trigger_target_dag.py for tasks to queue
[2025-08-19T16:50:59.124+0200] {logging_mixin.py:188} INFO - [2025-08-19T16:50:59.124+0200] {dagbag.py:545} INFO - Filling up the DagBag from /Users/ehabhasan/.venvs/airflow310/lib/python3.10/site-packages/airflow/example_dags/example_trigger_target_dag.py
[2025-08-19T16:50:59.137+0200] {processor.py:840} INFO - DAG(s) 'example_trigger_target_dag' retrieved from /Users/ehabhasan/.venvs/airflow310/lib/python3.10/site-packages/airflow/example_dags/example_trigger_target_dag.py
[2025-08-19T16:50:59.171+0200] {logging_mixin.py:188} INFO - [2025-08-19T16:50:59.171+0200] {dag.py:3089} INFO - Sync 1 DAGs
[2025-08-19T16:50:59.194+0200] {logging_mixin.py:188} INFO - [2025-08-19T16:50:59.194+0200] {dag.py:3947} INFO - Setting next_dagrun for example_trigger_target_dag to None, run_after=None
[2025-08-19T16:50:59.201+0200] {processor.py:183} INFO - Processing /Users/ehabhasan/.venvs/airflow310/lib/python3.10/site-packages/airflow/example_dags/example_trigger_target_dag.py took 0.079 seconds
[2025-08-19T16:51:50.800+0200] {processor.py:161} INFO - Started process (PID=7792) to work on /Users/ehabhasan/.venvs/airflow310/lib/python3.10/site-packages/airflow/example_dags/example_trigger_target_dag.py
[2025-08-19T16:51:50.800+0200] {processor.py:830} INFO - Processing file /Users/ehabhasan/.venvs/airflow310/lib/python3.10/site-packages/airflow/example_dags/example_trigger_target_dag.py for tasks to queue
[2025-08-19T16:51:50.800+0200] {logging_mixin.py:188} INFO - [2025-08-19T16:51:50.800+0200] {dagbag.py:545} INFO - Filling up the DagBag from /Users/ehabhasan/.venvs/airflow310/lib/python3.10/site-packages/airflow/example_dags/example_trigger_target_dag.py
[2025-08-19T16:51:50.813+0200] {processor.py:840} INFO - DAG(s) 'example_trigger_target_dag' retrieved from /Users/ehabhasan/.venvs/airflow310/lib/python3.10/site-packages/airflow/example_dags/example_trigger_target_dag.py
[2025-08-19T16:51:50.847+0200] {logging_mixin.py:188} INFO - [2025-08-19T16:51:50.847+0200] {dag.py:3089} INFO - Sync 1 DAGs
[2025-08-19T16:51:50.870+0200] {logging_mixin.py:188} INFO - [2025-08-19T16:51:50.870+0200] {dag.py:3947} INFO - Setting next_dagrun for example_trigger_target_dag to None, run_after=None
[2025-08-19T16:51:50.877+0200] {processor.py:183} INFO - Processing /Users/ehabhasan/.venvs/airflow310/lib/python3.10/site-packages/airflow/example_dags/example_trigger_target_dag.py took 0.079 seconds
[2025-08-19T16:52:40.329+0200] {processor.py:161} INFO - Started process (PID=7828) to work on /Users/ehabhasan/.venvs/airflow310/lib/python3.10/site-packages/airflow/example_dags/example_trigger_target_dag.py
[2025-08-19T16:52:40.329+0200] {processor.py:830} INFO - Processing file /Users/ehabhasan/.venvs/airflow310/lib/python3.10/site-packages/airflow/example_dags/example_trigger_target_dag.py for tasks to queue
[2025-08-19T16:52:40.329+0200] {logging_mixin.py:188} INFO - [2025-08-19T16:52:40.329+0200] {dagbag.py:545} INFO - Filling up the DagBag from /Users/ehabhasan/.venvs/airflow310/lib/python3.10/site-packages/airflow/example_dags/example_trigger_target_dag.py
[2025-08-19T16:52:40.342+0200] {processor.py:840} INFO - DAG(s) 'example_trigger_target_dag' retrieved from /Users/ehabhasan/.venvs/airflow310/lib/python3.10/site-packages/airflow/example_dags/example_trigger_target_dag.py
[2025-08-19T16:52:40.376+0200] {logging_mixin.py:188} INFO - [2025-08-19T16:52:40.375+0200] {dag.py:3089} INFO - Sync 1 DAGs
[2025-08-19T16:52:40.399+0200] {logging_mixin.py:188} INFO - [2025-08-19T16:52:40.399+0200] {dag.py:3947} INFO - Setting next_dagrun for example_trigger_target_dag to None, run_after=None
[2025-08-19T16:52:40.406+0200] {processor.py:183} INFO - Processing /Users/ehabhasan/.venvs/airflow310/lib/python3.10/site-packages/airflow/example_dags/example_trigger_target_dag.py took 0.079 seconds
[2025-08-19T16:53:30.254+0200] {processor.py:161} INFO - Started process (PID=7866) to work on /Users/ehabhasan/.venvs/airflow310/lib/python3.10/site-packages/airflow/example_dags/example_trigger_target_dag.py
[2025-08-19T16:53:30.254+0200] {processor.py:830} INFO - Processing file /Users/ehabhasan/.venvs/airflow310/lib/python3.10/site-packages/airflow/example_dags/example_trigger_target_dag.py for tasks to queue
[2025-08-19T16:53:30.254+0200] {logging_mixin.py:188} INFO - [2025-08-19T16:53:30.254+0200] {dagbag.py:545} INFO - Filling up the DagBag from /Users/ehabhasan/.venvs/airflow310/lib/python3.10/site-packages/airflow/example_dags/example_trigger_target_dag.py
[2025-08-19T16:53:30.267+0200] {processor.py:840} INFO - DAG(s) 'example_trigger_target_dag' retrieved from /Users/ehabhasan/.venvs/airflow310/lib/python3.10/site-packages/airflow/example_dags/example_trigger_target_dag.py
[2025-08-19T16:53:30.301+0200] {logging_mixin.py:188} INFO - [2025-08-19T16:53:30.301+0200] {dag.py:3089} INFO - Sync 1 DAGs
[2025-08-19T16:53:30.324+0200] {logging_mixin.py:188} INFO - [2025-08-19T16:53:30.324+0200] {dag.py:3947} INFO - Setting next_dagrun for example_trigger_target_dag to None, run_after=None
[2025-08-19T16:53:30.331+0200] {processor.py:183} INFO - Processing /Users/ehabhasan/.venvs/airflow310/lib/python3.10/site-packages/airflow/example_dags/example_trigger_target_dag.py took 0.079 seconds
[2025-08-19T16:55:05.205+0200] {processor.py:161} INFO - Started process (PID=7975) to work on /Users/ehabhasan/.venvs/airflow310/lib/python3.10/site-packages/airflow/example_dags/example_trigger_target_dag.py
[2025-08-19T16:55:05.206+0200] {processor.py:830} INFO - Processing file /Users/ehabhasan/.venvs/airflow310/lib/python3.10/site-packages/airflow/example_dags/example_trigger_target_dag.py for tasks to queue
[2025-08-19T16:55:05.206+0200] {logging_mixin.py:188} INFO - [2025-08-19T16:55:05.206+0200] {dagbag.py:545} INFO - Filling up the DagBag from /Users/ehabhasan/.venvs/airflow310/lib/python3.10/site-packages/airflow/example_dags/example_trigger_target_dag.py
[2025-08-19T16:55:05.220+0200] {processor.py:840} INFO - DAG(s) 'example_trigger_target_dag' retrieved from /Users/ehabhasan/.venvs/airflow310/lib/python3.10/site-packages/airflow/example_dags/example_trigger_target_dag.py
[2025-08-19T16:55:05.254+0200] {logging_mixin.py:188} INFO - [2025-08-19T16:55:05.254+0200] {dag.py:3089} INFO - Sync 1 DAGs
[2025-08-19T16:55:05.277+0200] {logging_mixin.py:188} INFO - [2025-08-19T16:55:05.277+0200] {dag.py:3947} INFO - Setting next_dagrun for example_trigger_target_dag to None, run_after=None
[2025-08-19T16:55:05.284+0200] {processor.py:183} INFO - Processing /Users/ehabhasan/.venvs/airflow310/lib/python3.10/site-packages/airflow/example_dags/example_trigger_target_dag.py took 0.080 seconds
[2025-08-19T16:55:53.812+0200] {processor.py:161} INFO - Started process (PID=8011) to work on /Users/ehabhasan/.venvs/airflow310/lib/python3.10/site-packages/airflow/example_dags/example_trigger_target_dag.py
[2025-08-19T16:55:53.813+0200] {processor.py:830} INFO - Processing file /Users/ehabhasan/.venvs/airflow310/lib/python3.10/site-packages/airflow/example_dags/example_trigger_target_dag.py for tasks to queue
[2025-08-19T16:55:53.813+0200] {logging_mixin.py:188} INFO - [2025-08-19T16:55:53.813+0200] {dagbag.py:545} INFO - Filling up the DagBag from /Users/ehabhasan/.venvs/airflow310/lib/python3.10/site-packages/airflow/example_dags/example_trigger_target_dag.py
[2025-08-19T16:55:53.826+0200] {processor.py:840} INFO - DAG(s) 'example_trigger_target_dag' retrieved from /Users/ehabhasan/.venvs/airflow310/lib/python3.10/site-packages/airflow/example_dags/example_trigger_target_dag.py
[2025-08-19T16:55:53.860+0200] {logging_mixin.py:188} INFO - [2025-08-19T16:55:53.860+0200] {dag.py:3089} INFO - Sync 1 DAGs
[2025-08-19T16:55:53.883+0200] {logging_mixin.py:188} INFO - [2025-08-19T16:55:53.883+0200] {dag.py:3947} INFO - Setting next_dagrun for example_trigger_target_dag to None, run_after=None
[2025-08-19T16:55:53.889+0200] {processor.py:183} INFO - Processing /Users/ehabhasan/.venvs/airflow310/lib/python3.10/site-packages/airflow/example_dags/example_trigger_target_dag.py took 0.079 seconds
[2025-08-19T16:56:46.988+0200] {processor.py:161} INFO - Started process (PID=8047) to work on /Users/ehabhasan/.venvs/airflow310/lib/python3.10/site-packages/airflow/example_dags/example_trigger_target_dag.py
[2025-08-19T16:56:46.989+0200] {processor.py:830} INFO - Processing file /Users/ehabhasan/.venvs/airflow310/lib/python3.10/site-packages/airflow/example_dags/example_trigger_target_dag.py for tasks to queue
[2025-08-19T16:56:46.989+0200] {logging_mixin.py:188} INFO - [2025-08-19T16:56:46.989+0200] {dagbag.py:545} INFO - Filling up the DagBag from /Users/ehabhasan/.venvs/airflow310/lib/python3.10/site-packages/airflow/example_dags/example_trigger_target_dag.py
[2025-08-19T16:56:47.002+0200] {processor.py:840} INFO - DAG(s) 'example_trigger_target_dag' retrieved from /Users/ehabhasan/.venvs/airflow310/lib/python3.10/site-packages/airflow/example_dags/example_trigger_target_dag.py
[2025-08-19T16:56:47.037+0200] {logging_mixin.py:188} INFO - [2025-08-19T16:56:47.037+0200] {dag.py:3089} INFO - Sync 1 DAGs
[2025-08-19T16:56:47.060+0200] {logging_mixin.py:188} INFO - [2025-08-19T16:56:47.060+0200] {dag.py:3947} INFO - Setting next_dagrun for example_trigger_target_dag to None, run_after=None
[2025-08-19T16:56:47.067+0200] {processor.py:183} INFO - Processing /Users/ehabhasan/.venvs/airflow310/lib/python3.10/site-packages/airflow/example_dags/example_trigger_target_dag.py took 0.080 seconds
[2025-08-19T16:57:40.516+0200] {processor.py:161} INFO - Started process (PID=8086) to work on /Users/ehabhasan/.venvs/airflow310/lib/python3.10/site-packages/airflow/example_dags/example_trigger_target_dag.py
[2025-08-19T16:57:40.517+0200] {processor.py:830} INFO - Processing file /Users/ehabhasan/.venvs/airflow310/lib/python3.10/site-packages/airflow/example_dags/example_trigger_target_dag.py for tasks to queue
[2025-08-19T16:57:40.517+0200] {logging_mixin.py:188} INFO - [2025-08-19T16:57:40.517+0200] {dagbag.py:545} INFO - Filling up the DagBag from /Users/ehabhasan/.venvs/airflow310/lib/python3.10/site-packages/airflow/example_dags/example_trigger_target_dag.py
[2025-08-19T16:57:40.530+0200] {processor.py:840} INFO - DAG(s) 'example_trigger_target_dag' retrieved from /Users/ehabhasan/.venvs/airflow310/lib/python3.10/site-packages/airflow/example_dags/example_trigger_target_dag.py
[2025-08-19T16:57:40.565+0200] {logging_mixin.py:188} INFO - [2025-08-19T16:57:40.565+0200] {dag.py:3089} INFO - Sync 1 DAGs
[2025-08-19T16:57:40.589+0200] {logging_mixin.py:188} INFO - [2025-08-19T16:57:40.589+0200] {dag.py:3947} INFO - Setting next_dagrun for example_trigger_target_dag to None, run_after=None
[2025-08-19T16:57:40.595+0200] {processor.py:183} INFO - Processing /Users/ehabhasan/.venvs/airflow310/lib/python3.10/site-packages/airflow/example_dags/example_trigger_target_dag.py took 0.081 seconds
[2025-08-19T16:58:29.525+0200] {processor.py:161} INFO - Started process (PID=8124) to work on /Users/ehabhasan/.venvs/airflow310/lib/python3.10/site-packages/airflow/example_dags/example_trigger_target_dag.py
[2025-08-19T16:58:29.526+0200] {processor.py:830} INFO - Processing file /Users/ehabhasan/.venvs/airflow310/lib/python3.10/site-packages/airflow/example_dags/example_trigger_target_dag.py for tasks to queue
[2025-08-19T16:58:29.526+0200] {logging_mixin.py:188} INFO - [2025-08-19T16:58:29.526+0200] {dagbag.py:545} INFO - Filling up the DagBag from /Users/ehabhasan/.venvs/airflow310/lib/python3.10/site-packages/airflow/example_dags/example_trigger_target_dag.py
[2025-08-19T16:58:29.539+0200] {processor.py:840} INFO - DAG(s) 'example_trigger_target_dag' retrieved from /Users/ehabhasan/.venvs/airflow310/lib/python3.10/site-packages/airflow/example_dags/example_trigger_target_dag.py
[2025-08-19T16:58:29.572+0200] {logging_mixin.py:188} INFO - [2025-08-19T16:58:29.572+0200] {dag.py:3089} INFO - Sync 1 DAGs
[2025-08-19T16:58:29.595+0200] {logging_mixin.py:188} INFO - [2025-08-19T16:58:29.595+0200] {dag.py:3947} INFO - Setting next_dagrun for example_trigger_target_dag to None, run_after=None
[2025-08-19T16:58:29.602+0200] {processor.py:183} INFO - Processing /Users/ehabhasan/.venvs/airflow310/lib/python3.10/site-packages/airflow/example_dags/example_trigger_target_dag.py took 0.078 seconds
[2025-08-19T17:00:43.023+0200] {processor.py:161} INFO - Started process (PID=8238) to work on /Users/ehabhasan/.venvs/airflow310/lib/python3.10/site-packages/airflow/example_dags/example_trigger_target_dag.py
[2025-08-19T17:00:43.025+0200] {processor.py:830} INFO - Processing file /Users/ehabhasan/.venvs/airflow310/lib/python3.10/site-packages/airflow/example_dags/example_trigger_target_dag.py for tasks to queue
[2025-08-19T17:00:43.025+0200] {logging_mixin.py:188} INFO - [2025-08-19T17:00:43.025+0200] {dagbag.py:545} INFO - Filling up the DagBag from /Users/ehabhasan/.venvs/airflow310/lib/python3.10/site-packages/airflow/example_dags/example_trigger_target_dag.py
[2025-08-19T17:00:43.042+0200] {processor.py:840} INFO - DAG(s) 'example_trigger_target_dag' retrieved from /Users/ehabhasan/.venvs/airflow310/lib/python3.10/site-packages/airflow/example_dags/example_trigger_target_dag.py
[2025-08-19T17:00:43.078+0200] {logging_mixin.py:188} INFO - [2025-08-19T17:00:43.078+0200] {dag.py:3089} INFO - Sync 1 DAGs
[2025-08-19T17:00:43.102+0200] {logging_mixin.py:188} INFO - [2025-08-19T17:00:43.102+0200] {dag.py:3947} INFO - Setting next_dagrun for example_trigger_target_dag to None, run_after=None
[2025-08-19T17:00:43.109+0200] {processor.py:183} INFO - Processing /Users/ehabhasan/.venvs/airflow310/lib/python3.10/site-packages/airflow/example_dags/example_trigger_target_dag.py took 0.088 seconds
[2025-08-19T17:01:37.783+0200] {processor.py:161} INFO - Started process (PID=8283) to work on /Users/ehabhasan/.venvs/airflow310/lib/python3.10/site-packages/airflow/example_dags/example_trigger_target_dag.py
[2025-08-19T17:01:37.783+0200] {processor.py:830} INFO - Processing file /Users/ehabhasan/.venvs/airflow310/lib/python3.10/site-packages/airflow/example_dags/example_trigger_target_dag.py for tasks to queue
[2025-08-19T17:01:37.783+0200] {logging_mixin.py:188} INFO - [2025-08-19T17:01:37.783+0200] {dagbag.py:545} INFO - Filling up the DagBag from /Users/ehabhasan/.venvs/airflow310/lib/python3.10/site-packages/airflow/example_dags/example_trigger_target_dag.py
[2025-08-19T17:01:37.797+0200] {processor.py:840} INFO - DAG(s) 'example_trigger_target_dag' retrieved from /Users/ehabhasan/.venvs/airflow310/lib/python3.10/site-packages/airflow/example_dags/example_trigger_target_dag.py
[2025-08-19T17:01:37.831+0200] {logging_mixin.py:188} INFO - [2025-08-19T17:01:37.831+0200] {dag.py:3089} INFO - Sync 1 DAGs
[2025-08-19T17:01:37.854+0200] {logging_mixin.py:188} INFO - [2025-08-19T17:01:37.854+0200] {dag.py:3947} INFO - Setting next_dagrun for example_trigger_target_dag to None, run_after=None
[2025-08-19T17:01:37.861+0200] {processor.py:183} INFO - Processing /Users/ehabhasan/.venvs/airflow310/lib/python3.10/site-packages/airflow/example_dags/example_trigger_target_dag.py took 0.080 seconds
[2025-08-19T17:02:32.025+0200] {processor.py:161} INFO - Started process (PID=8325) to work on /Users/ehabhasan/.venvs/airflow310/lib/python3.10/site-packages/airflow/example_dags/example_trigger_target_dag.py
[2025-08-19T17:02:32.025+0200] {processor.py:830} INFO - Processing file /Users/ehabhasan/.venvs/airflow310/lib/python3.10/site-packages/airflow/example_dags/example_trigger_target_dag.py for tasks to queue
[2025-08-19T17:02:32.025+0200] {logging_mixin.py:188} INFO - [2025-08-19T17:02:32.025+0200] {dagbag.py:545} INFO - Filling up the DagBag from /Users/ehabhasan/.venvs/airflow310/lib/python3.10/site-packages/airflow/example_dags/example_trigger_target_dag.py
[2025-08-19T17:02:32.038+0200] {processor.py:840} INFO - DAG(s) 'example_trigger_target_dag' retrieved from /Users/ehabhasan/.venvs/airflow310/lib/python3.10/site-packages/airflow/example_dags/example_trigger_target_dag.py
[2025-08-19T17:02:32.074+0200] {logging_mixin.py:188} INFO - [2025-08-19T17:02:32.074+0200] {dag.py:3089} INFO - Sync 1 DAGs
[2025-08-19T17:02:32.097+0200] {logging_mixin.py:188} INFO - [2025-08-19T17:02:32.096+0200] {dag.py:3947} INFO - Setting next_dagrun for example_trigger_target_dag to None, run_after=None
[2025-08-19T17:02:32.103+0200] {processor.py:183} INFO - Processing /Users/ehabhasan/.venvs/airflow310/lib/python3.10/site-packages/airflow/example_dags/example_trigger_target_dag.py took 0.080 seconds
[2025-08-19T17:04:05.680+0200] {processor.py:161} INFO - Started process (PID=8918) to work on /Users/ehabhasan/.venvs/airflow310/lib/python3.10/site-packages/airflow/example_dags/example_trigger_target_dag.py
[2025-08-19T17:04:05.680+0200] {processor.py:830} INFO - Processing file /Users/ehabhasan/.venvs/airflow310/lib/python3.10/site-packages/airflow/example_dags/example_trigger_target_dag.py for tasks to queue
[2025-08-19T17:04:05.680+0200] {logging_mixin.py:188} INFO - [2025-08-19T17:04:05.680+0200] {dagbag.py:545} INFO - Filling up the DagBag from /Users/ehabhasan/.venvs/airflow310/lib/python3.10/site-packages/airflow/example_dags/example_trigger_target_dag.py
[2025-08-19T17:04:05.693+0200] {processor.py:840} INFO - DAG(s) 'example_trigger_target_dag' retrieved from /Users/ehabhasan/.venvs/airflow310/lib/python3.10/site-packages/airflow/example_dags/example_trigger_target_dag.py
[2025-08-19T17:04:05.727+0200] {logging_mixin.py:188} INFO - [2025-08-19T17:04:05.727+0200] {dag.py:3089} INFO - Sync 1 DAGs
[2025-08-19T17:04:05.750+0200] {logging_mixin.py:188} INFO - [2025-08-19T17:04:05.750+0200] {dag.py:3947} INFO - Setting next_dagrun for example_trigger_target_dag to None, run_after=None
[2025-08-19T17:04:05.757+0200] {processor.py:183} INFO - Processing /Users/ehabhasan/.venvs/airflow310/lib/python3.10/site-packages/airflow/example_dags/example_trigger_target_dag.py took 0.079 seconds
[2025-08-19T17:04:56.671+0200] {processor.py:161} INFO - Started process (PID=8968) to work on /Users/ehabhasan/.venvs/airflow310/lib/python3.10/site-packages/airflow/example_dags/example_trigger_target_dag.py
[2025-08-19T17:04:56.671+0200] {processor.py:830} INFO - Processing file /Users/ehabhasan/.venvs/airflow310/lib/python3.10/site-packages/airflow/example_dags/example_trigger_target_dag.py for tasks to queue
[2025-08-19T17:04:56.671+0200] {logging_mixin.py:188} INFO - [2025-08-19T17:04:56.671+0200] {dagbag.py:545} INFO - Filling up the DagBag from /Users/ehabhasan/.venvs/airflow310/lib/python3.10/site-packages/airflow/example_dags/example_trigger_target_dag.py
[2025-08-19T17:04:56.684+0200] {processor.py:840} INFO - DAG(s) 'example_trigger_target_dag' retrieved from /Users/ehabhasan/.venvs/airflow310/lib/python3.10/site-packages/airflow/example_dags/example_trigger_target_dag.py
[2025-08-19T17:04:56.718+0200] {logging_mixin.py:188} INFO - [2025-08-19T17:04:56.718+0200] {dag.py:3089} INFO - Sync 1 DAGs
[2025-08-19T17:04:56.742+0200] {logging_mixin.py:188} INFO - [2025-08-19T17:04:56.741+0200] {dag.py:3947} INFO - Setting next_dagrun for example_trigger_target_dag to None, run_after=None
[2025-08-19T17:04:56.748+0200] {processor.py:183} INFO - Processing /Users/ehabhasan/.venvs/airflow310/lib/python3.10/site-packages/airflow/example_dags/example_trigger_target_dag.py took 0.079 seconds
[2025-08-19T17:05:50.792+0200] {processor.py:161} INFO - Started process (PID=9297) to work on /Users/ehabhasan/.venvs/airflow310/lib/python3.10/site-packages/airflow/example_dags/example_trigger_target_dag.py
[2025-08-19T17:05:50.793+0200] {processor.py:830} INFO - Processing file /Users/ehabhasan/.venvs/airflow310/lib/python3.10/site-packages/airflow/example_dags/example_trigger_target_dag.py for tasks to queue
[2025-08-19T17:05:50.793+0200] {logging_mixin.py:188} INFO - [2025-08-19T17:05:50.793+0200] {dagbag.py:545} INFO - Filling up the DagBag from /Users/ehabhasan/.venvs/airflow310/lib/python3.10/site-packages/airflow/example_dags/example_trigger_target_dag.py
[2025-08-19T17:05:50.806+0200] {processor.py:840} INFO - DAG(s) 'example_trigger_target_dag' retrieved from /Users/ehabhasan/.venvs/airflow310/lib/python3.10/site-packages/airflow/example_dags/example_trigger_target_dag.py
[2025-08-19T17:05:50.841+0200] {logging_mixin.py:188} INFO - [2025-08-19T17:05:50.841+0200] {dag.py:3089} INFO - Sync 1 DAGs
[2025-08-19T17:05:50.865+0200] {logging_mixin.py:188} INFO - [2025-08-19T17:05:50.865+0200] {dag.py:3947} INFO - Setting next_dagrun for example_trigger_target_dag to None, run_after=None
[2025-08-19T17:05:50.871+0200] {processor.py:183} INFO - Processing /Users/ehabhasan/.venvs/airflow310/lib/python3.10/site-packages/airflow/example_dags/example_trigger_target_dag.py took 0.081 seconds
[2025-08-19T17:06:42.688+0200] {processor.py:161} INFO - Started process (PID=9452) to work on /Users/ehabhasan/.venvs/airflow310/lib/python3.10/site-packages/airflow/example_dags/example_trigger_target_dag.py
[2025-08-19T17:06:42.688+0200] {processor.py:830} INFO - Processing file /Users/ehabhasan/.venvs/airflow310/lib/python3.10/site-packages/airflow/example_dags/example_trigger_target_dag.py for tasks to queue
[2025-08-19T17:06:42.689+0200] {logging_mixin.py:188} INFO - [2025-08-19T17:06:42.689+0200] {dagbag.py:545} INFO - Filling up the DagBag from /Users/ehabhasan/.venvs/airflow310/lib/python3.10/site-packages/airflow/example_dags/example_trigger_target_dag.py
[2025-08-19T17:06:42.701+0200] {processor.py:840} INFO - DAG(s) 'example_trigger_target_dag' retrieved from /Users/ehabhasan/.venvs/airflow310/lib/python3.10/site-packages/airflow/example_dags/example_trigger_target_dag.py
[2025-08-19T17:06:42.736+0200] {logging_mixin.py:188} INFO - [2025-08-19T17:06:42.736+0200] {dag.py:3089} INFO - Sync 1 DAGs
[2025-08-19T17:06:42.760+0200] {logging_mixin.py:188} INFO - [2025-08-19T17:06:42.760+0200] {dag.py:3947} INFO - Setting next_dagrun for example_trigger_target_dag to None, run_after=None
[2025-08-19T17:06:42.766+0200] {processor.py:183} INFO - Processing /Users/ehabhasan/.venvs/airflow310/lib/python3.10/site-packages/airflow/example_dags/example_trigger_target_dag.py took 0.080 seconds
[2025-08-19T17:07:36.151+0200] {processor.py:161} INFO - Started process (PID=10107) to work on /Users/ehabhasan/.venvs/airflow310/lib/python3.10/site-packages/airflow/example_dags/example_trigger_target_dag.py
[2025-08-19T17:07:36.151+0200] {processor.py:830} INFO - Processing file /Users/ehabhasan/.venvs/airflow310/lib/python3.10/site-packages/airflow/example_dags/example_trigger_target_dag.py for tasks to queue
[2025-08-19T17:07:36.152+0200] {logging_mixin.py:188} INFO - [2025-08-19T17:07:36.152+0200] {dagbag.py:545} INFO - Filling up the DagBag from /Users/ehabhasan/.venvs/airflow310/lib/python3.10/site-packages/airflow/example_dags/example_trigger_target_dag.py
[2025-08-19T17:07:36.164+0200] {processor.py:840} INFO - DAG(s) 'example_trigger_target_dag' retrieved from /Users/ehabhasan/.venvs/airflow310/lib/python3.10/site-packages/airflow/example_dags/example_trigger_target_dag.py
[2025-08-19T17:07:36.198+0200] {logging_mixin.py:188} INFO - [2025-08-19T17:07:36.198+0200] {dag.py:3089} INFO - Sync 1 DAGs
[2025-08-19T17:07:36.221+0200] {logging_mixin.py:188} INFO - [2025-08-19T17:07:36.221+0200] {dag.py:3947} INFO - Setting next_dagrun for example_trigger_target_dag to None, run_after=None
[2025-08-19T17:07:36.228+0200] {processor.py:183} INFO - Processing /Users/ehabhasan/.venvs/airflow310/lib/python3.10/site-packages/airflow/example_dags/example_trigger_target_dag.py took 0.079 seconds
[2025-08-19T17:08:30.455+0200] {processor.py:161} INFO - Started process (PID=10153) to work on /Users/ehabhasan/.venvs/airflow310/lib/python3.10/site-packages/airflow/example_dags/example_trigger_target_dag.py
[2025-08-19T17:08:30.455+0200] {processor.py:830} INFO - Processing file /Users/ehabhasan/.venvs/airflow310/lib/python3.10/site-packages/airflow/example_dags/example_trigger_target_dag.py for tasks to queue
[2025-08-19T17:08:30.455+0200] {logging_mixin.py:188} INFO - [2025-08-19T17:08:30.455+0200] {dagbag.py:545} INFO - Filling up the DagBag from /Users/ehabhasan/.venvs/airflow310/lib/python3.10/site-packages/airflow/example_dags/example_trigger_target_dag.py
[2025-08-19T17:08:30.468+0200] {processor.py:840} INFO - DAG(s) 'example_trigger_target_dag' retrieved from /Users/ehabhasan/.venvs/airflow310/lib/python3.10/site-packages/airflow/example_dags/example_trigger_target_dag.py
[2025-08-19T17:08:30.502+0200] {logging_mixin.py:188} INFO - [2025-08-19T17:08:30.502+0200] {dag.py:3089} INFO - Sync 1 DAGs
[2025-08-19T17:08:30.526+0200] {logging_mixin.py:188} INFO - [2025-08-19T17:08:30.525+0200] {dag.py:3947} INFO - Setting next_dagrun for example_trigger_target_dag to None, run_after=None
[2025-08-19T17:08:30.532+0200] {processor.py:183} INFO - Processing /Users/ehabhasan/.venvs/airflow310/lib/python3.10/site-packages/airflow/example_dags/example_trigger_target_dag.py took 0.079 seconds
[2025-08-19T17:09:27.706+0200] {processor.py:161} INFO - Started process (PID=10211) to work on /Users/ehabhasan/.venvs/airflow310/lib/python3.10/site-packages/airflow/example_dags/example_trigger_target_dag.py
[2025-08-19T17:09:27.706+0200] {processor.py:830} INFO - Processing file /Users/ehabhasan/.venvs/airflow310/lib/python3.10/site-packages/airflow/example_dags/example_trigger_target_dag.py for tasks to queue
[2025-08-19T17:09:27.706+0200] {logging_mixin.py:188} INFO - [2025-08-19T17:09:27.706+0200] {dagbag.py:545} INFO - Filling up the DagBag from /Users/ehabhasan/.venvs/airflow310/lib/python3.10/site-packages/airflow/example_dags/example_trigger_target_dag.py
[2025-08-19T17:09:27.719+0200] {processor.py:840} INFO - DAG(s) 'example_trigger_target_dag' retrieved from /Users/ehabhasan/.venvs/airflow310/lib/python3.10/site-packages/airflow/example_dags/example_trigger_target_dag.py
[2025-08-19T17:09:27.753+0200] {logging_mixin.py:188} INFO - [2025-08-19T17:09:27.753+0200] {dag.py:3089} INFO - Sync 1 DAGs
[2025-08-19T17:09:27.776+0200] {logging_mixin.py:188} INFO - [2025-08-19T17:09:27.776+0200] {dag.py:3947} INFO - Setting next_dagrun for example_trigger_target_dag to None, run_after=None
[2025-08-19T17:09:27.783+0200] {processor.py:183} INFO - Processing /Users/ehabhasan/.venvs/airflow310/lib/python3.10/site-packages/airflow/example_dags/example_trigger_target_dag.py took 0.079 seconds
[2025-08-19T17:10:21.979+0200] {processor.py:161} INFO - Started process (PID=10270) to work on /Users/ehabhasan/.venvs/airflow310/lib/python3.10/site-packages/airflow/example_dags/example_trigger_target_dag.py
[2025-08-19T17:10:21.979+0200] {processor.py:830} INFO - Processing file /Users/ehabhasan/.venvs/airflow310/lib/python3.10/site-packages/airflow/example_dags/example_trigger_target_dag.py for tasks to queue
[2025-08-19T17:10:21.979+0200] {logging_mixin.py:188} INFO - [2025-08-19T17:10:21.979+0200] {dagbag.py:545} INFO - Filling up the DagBag from /Users/ehabhasan/.venvs/airflow310/lib/python3.10/site-packages/airflow/example_dags/example_trigger_target_dag.py
[2025-08-19T17:10:21.993+0200] {processor.py:840} INFO - DAG(s) 'example_trigger_target_dag' retrieved from /Users/ehabhasan/.venvs/airflow310/lib/python3.10/site-packages/airflow/example_dags/example_trigger_target_dag.py
[2025-08-19T17:10:22.028+0200] {logging_mixin.py:188} INFO - [2025-08-19T17:10:22.028+0200] {dag.py:3089} INFO - Sync 1 DAGs
[2025-08-19T17:10:22.053+0200] {logging_mixin.py:188} INFO - [2025-08-19T17:10:22.053+0200] {dag.py:3947} INFO - Setting next_dagrun for example_trigger_target_dag to None, run_after=None
[2025-08-19T17:10:22.060+0200] {processor.py:183} INFO - Processing /Users/ehabhasan/.venvs/airflow310/lib/python3.10/site-packages/airflow/example_dags/example_trigger_target_dag.py took 0.083 seconds
[2025-08-19T17:11:12.708+0200] {processor.py:161} INFO - Started process (PID=10307) to work on /Users/ehabhasan/.venvs/airflow310/lib/python3.10/site-packages/airflow/example_dags/example_trigger_target_dag.py
[2025-08-19T17:11:12.709+0200] {processor.py:830} INFO - Processing file /Users/ehabhasan/.venvs/airflow310/lib/python3.10/site-packages/airflow/example_dags/example_trigger_target_dag.py for tasks to queue
[2025-08-19T17:11:12.709+0200] {logging_mixin.py:188} INFO - [2025-08-19T17:11:12.709+0200] {dagbag.py:545} INFO - Filling up the DagBag from /Users/ehabhasan/.venvs/airflow310/lib/python3.10/site-packages/airflow/example_dags/example_trigger_target_dag.py
[2025-08-19T17:11:12.722+0200] {processor.py:840} INFO - DAG(s) 'example_trigger_target_dag' retrieved from /Users/ehabhasan/.venvs/airflow310/lib/python3.10/site-packages/airflow/example_dags/example_trigger_target_dag.py
[2025-08-19T17:11:12.757+0200] {logging_mixin.py:188} INFO - [2025-08-19T17:11:12.757+0200] {dag.py:3089} INFO - Sync 1 DAGs
[2025-08-19T17:11:12.780+0200] {logging_mixin.py:188} INFO - [2025-08-19T17:11:12.780+0200] {dag.py:3947} INFO - Setting next_dagrun for example_trigger_target_dag to None, run_after=None
[2025-08-19T17:11:12.787+0200] {processor.py:183} INFO - Processing /Users/ehabhasan/.venvs/airflow310/lib/python3.10/site-packages/airflow/example_dags/example_trigger_target_dag.py took 0.080 seconds
[2025-08-19T17:12:08.060+0200] {processor.py:161} INFO - Started process (PID=10351) to work on /Users/ehabhasan/.venvs/airflow310/lib/python3.10/site-packages/airflow/example_dags/example_trigger_target_dag.py
[2025-08-19T17:12:08.061+0200] {processor.py:830} INFO - Processing file /Users/ehabhasan/.venvs/airflow310/lib/python3.10/site-packages/airflow/example_dags/example_trigger_target_dag.py for tasks to queue
[2025-08-19T17:12:08.061+0200] {logging_mixin.py:188} INFO - [2025-08-19T17:12:08.061+0200] {dagbag.py:545} INFO - Filling up the DagBag from /Users/ehabhasan/.venvs/airflow310/lib/python3.10/site-packages/airflow/example_dags/example_trigger_target_dag.py
[2025-08-19T17:12:08.074+0200] {processor.py:840} INFO - DAG(s) 'example_trigger_target_dag' retrieved from /Users/ehabhasan/.venvs/airflow310/lib/python3.10/site-packages/airflow/example_dags/example_trigger_target_dag.py
[2025-08-19T17:12:08.109+0200] {logging_mixin.py:188} INFO - [2025-08-19T17:12:08.109+0200] {dag.py:3089} INFO - Sync 1 DAGs
[2025-08-19T17:12:08.138+0200] {logging_mixin.py:188} INFO - [2025-08-19T17:12:08.138+0200] {dag.py:3947} INFO - Setting next_dagrun for example_trigger_target_dag to None, run_after=None
[2025-08-19T17:12:08.146+0200] {processor.py:183} INFO - Processing /Users/ehabhasan/.venvs/airflow310/lib/python3.10/site-packages/airflow/example_dags/example_trigger_target_dag.py took 0.087 seconds
[2025-08-19T17:13:04.232+0200] {processor.py:161} INFO - Started process (PID=10401) to work on /Users/ehabhasan/.venvs/airflow310/lib/python3.10/site-packages/airflow/example_dags/example_trigger_target_dag.py
[2025-08-19T17:13:04.232+0200] {processor.py:830} INFO - Processing file /Users/ehabhasan/.venvs/airflow310/lib/python3.10/site-packages/airflow/example_dags/example_trigger_target_dag.py for tasks to queue
[2025-08-19T17:13:04.232+0200] {logging_mixin.py:188} INFO - [2025-08-19T17:13:04.232+0200] {dagbag.py:545} INFO - Filling up the DagBag from /Users/ehabhasan/.venvs/airflow310/lib/python3.10/site-packages/airflow/example_dags/example_trigger_target_dag.py
[2025-08-19T17:13:04.245+0200] {processor.py:840} INFO - DAG(s) 'example_trigger_target_dag' retrieved from /Users/ehabhasan/.venvs/airflow310/lib/python3.10/site-packages/airflow/example_dags/example_trigger_target_dag.py
[2025-08-19T17:13:04.280+0200] {logging_mixin.py:188} INFO - [2025-08-19T17:13:04.280+0200] {dag.py:3089} INFO - Sync 1 DAGs
[2025-08-19T17:13:04.303+0200] {logging_mixin.py:188} INFO - [2025-08-19T17:13:04.303+0200] {dag.py:3947} INFO - Setting next_dagrun for example_trigger_target_dag to None, run_after=None
[2025-08-19T17:13:04.310+0200] {processor.py:183} INFO - Processing /Users/ehabhasan/.venvs/airflow310/lib/python3.10/site-packages/airflow/example_dags/example_trigger_target_dag.py took 0.080 seconds
[2025-08-19T17:14:00.241+0200] {processor.py:161} INFO - Started process (PID=10442) to work on /Users/ehabhasan/.venvs/airflow310/lib/python3.10/site-packages/airflow/example_dags/example_trigger_target_dag.py
[2025-08-19T17:14:00.241+0200] {processor.py:830} INFO - Processing file /Users/ehabhasan/.venvs/airflow310/lib/python3.10/site-packages/airflow/example_dags/example_trigger_target_dag.py for tasks to queue
[2025-08-19T17:14:00.241+0200] {logging_mixin.py:188} INFO - [2025-08-19T17:14:00.241+0200] {dagbag.py:545} INFO - Filling up the DagBag from /Users/ehabhasan/.venvs/airflow310/lib/python3.10/site-packages/airflow/example_dags/example_trigger_target_dag.py
[2025-08-19T17:14:00.254+0200] {processor.py:840} INFO - DAG(s) 'example_trigger_target_dag' retrieved from /Users/ehabhasan/.venvs/airflow310/lib/python3.10/site-packages/airflow/example_dags/example_trigger_target_dag.py
[2025-08-19T17:14:00.289+0200] {logging_mixin.py:188} INFO - [2025-08-19T17:14:00.289+0200] {dag.py:3089} INFO - Sync 1 DAGs
[2025-08-19T17:14:00.311+0200] {logging_mixin.py:188} INFO - [2025-08-19T17:14:00.311+0200] {dag.py:3947} INFO - Setting next_dagrun for example_trigger_target_dag to None, run_after=None
[2025-08-19T17:14:00.318+0200] {processor.py:183} INFO - Processing /Users/ehabhasan/.venvs/airflow310/lib/python3.10/site-packages/airflow/example_dags/example_trigger_target_dag.py took 0.079 seconds
[2025-08-19T17:14:56.924+0200] {processor.py:161} INFO - Started process (PID=10516) to work on /Users/ehabhasan/.venvs/airflow310/lib/python3.10/site-packages/airflow/example_dags/example_trigger_target_dag.py
[2025-08-19T17:14:56.924+0200] {processor.py:830} INFO - Processing file /Users/ehabhasan/.venvs/airflow310/lib/python3.10/site-packages/airflow/example_dags/example_trigger_target_dag.py for tasks to queue
[2025-08-19T17:14:56.925+0200] {logging_mixin.py:188} INFO - [2025-08-19T17:14:56.925+0200] {dagbag.py:545} INFO - Filling up the DagBag from /Users/ehabhasan/.venvs/airflow310/lib/python3.10/site-packages/airflow/example_dags/example_trigger_target_dag.py
[2025-08-19T17:14:56.938+0200] {processor.py:840} INFO - DAG(s) 'example_trigger_target_dag' retrieved from /Users/ehabhasan/.venvs/airflow310/lib/python3.10/site-packages/airflow/example_dags/example_trigger_target_dag.py
[2025-08-19T17:14:56.973+0200] {logging_mixin.py:188} INFO - [2025-08-19T17:14:56.973+0200] {dag.py:3089} INFO - Sync 1 DAGs
[2025-08-19T17:14:56.998+0200] {logging_mixin.py:188} INFO - [2025-08-19T17:14:56.998+0200] {dag.py:3947} INFO - Setting next_dagrun for example_trigger_target_dag to None, run_after=None
[2025-08-19T17:14:57.005+0200] {processor.py:183} INFO - Processing /Users/ehabhasan/.venvs/airflow310/lib/python3.10/site-packages/airflow/example_dags/example_trigger_target_dag.py took 0.083 seconds
[2025-08-19T17:15:53.606+0200] {processor.py:161} INFO - Started process (PID=10792) to work on /Users/ehabhasan/.venvs/airflow310/lib/python3.10/site-packages/airflow/example_dags/example_trigger_target_dag.py
[2025-08-19T17:15:53.607+0200] {processor.py:830} INFO - Processing file /Users/ehabhasan/.venvs/airflow310/lib/python3.10/site-packages/airflow/example_dags/example_trigger_target_dag.py for tasks to queue
[2025-08-19T17:15:53.607+0200] {logging_mixin.py:188} INFO - [2025-08-19T17:15:53.607+0200] {dagbag.py:545} INFO - Filling up the DagBag from /Users/ehabhasan/.venvs/airflow310/lib/python3.10/site-packages/airflow/example_dags/example_trigger_target_dag.py
[2025-08-19T17:15:53.622+0200] {processor.py:840} INFO - DAG(s) 'example_trigger_target_dag' retrieved from /Users/ehabhasan/.venvs/airflow310/lib/python3.10/site-packages/airflow/example_dags/example_trigger_target_dag.py
[2025-08-19T17:15:53.659+0200] {logging_mixin.py:188} INFO - [2025-08-19T17:15:53.658+0200] {dag.py:3089} INFO - Sync 1 DAGs
[2025-08-19T17:15:53.682+0200] {logging_mixin.py:188} INFO - [2025-08-19T17:15:53.682+0200] {dag.py:3947} INFO - Setting next_dagrun for example_trigger_target_dag to None, run_after=None
[2025-08-19T17:15:53.689+0200] {processor.py:183} INFO - Processing /Users/ehabhasan/.venvs/airflow310/lib/python3.10/site-packages/airflow/example_dags/example_trigger_target_dag.py took 0.084 seconds
[2025-08-19T17:16:48.728+0200] {processor.py:161} INFO - Started process (PID=11407) to work on /Users/ehabhasan/.venvs/airflow310/lib/python3.10/site-packages/airflow/example_dags/example_trigger_target_dag.py
[2025-08-19T17:16:48.729+0200] {processor.py:830} INFO - Processing file /Users/ehabhasan/.venvs/airflow310/lib/python3.10/site-packages/airflow/example_dags/example_trigger_target_dag.py for tasks to queue
[2025-08-19T17:16:48.729+0200] {logging_mixin.py:188} INFO - [2025-08-19T17:16:48.729+0200] {dagbag.py:545} INFO - Filling up the DagBag from /Users/ehabhasan/.venvs/airflow310/lib/python3.10/site-packages/airflow/example_dags/example_trigger_target_dag.py
[2025-08-19T17:16:48.742+0200] {processor.py:840} INFO - DAG(s) 'example_trigger_target_dag' retrieved from /Users/ehabhasan/.venvs/airflow310/lib/python3.10/site-packages/airflow/example_dags/example_trigger_target_dag.py
[2025-08-19T17:16:48.778+0200] {logging_mixin.py:188} INFO - [2025-08-19T17:16:48.778+0200] {dag.py:3089} INFO - Sync 1 DAGs
[2025-08-19T17:16:48.804+0200] {logging_mixin.py:188} INFO - [2025-08-19T17:16:48.804+0200] {dag.py:3947} INFO - Setting next_dagrun for example_trigger_target_dag to None, run_after=None
[2025-08-19T17:16:48.810+0200] {processor.py:183} INFO - Processing /Users/ehabhasan/.venvs/airflow310/lib/python3.10/site-packages/airflow/example_dags/example_trigger_target_dag.py took 0.084 seconds
[2025-08-19T17:17:44.382+0200] {processor.py:161} INFO - Started process (PID=11460) to work on /Users/ehabhasan/.venvs/airflow310/lib/python3.10/site-packages/airflow/example_dags/example_trigger_target_dag.py
[2025-08-19T17:17:44.383+0200] {processor.py:830} INFO - Processing file /Users/ehabhasan/.venvs/airflow310/lib/python3.10/site-packages/airflow/example_dags/example_trigger_target_dag.py for tasks to queue
[2025-08-19T17:17:44.383+0200] {logging_mixin.py:188} INFO - [2025-08-19T17:17:44.383+0200] {dagbag.py:545} INFO - Filling up the DagBag from /Users/ehabhasan/.venvs/airflow310/lib/python3.10/site-packages/airflow/example_dags/example_trigger_target_dag.py
[2025-08-19T17:17:44.397+0200] {processor.py:840} INFO - DAG(s) 'example_trigger_target_dag' retrieved from /Users/ehabhasan/.venvs/airflow310/lib/python3.10/site-packages/airflow/example_dags/example_trigger_target_dag.py
[2025-08-19T17:17:44.433+0200] {logging_mixin.py:188} INFO - [2025-08-19T17:17:44.433+0200] {dag.py:3089} INFO - Sync 1 DAGs
[2025-08-19T17:17:44.458+0200] {logging_mixin.py:188} INFO - [2025-08-19T17:17:44.458+0200] {dag.py:3947} INFO - Setting next_dagrun for example_trigger_target_dag to None, run_after=None
[2025-08-19T17:17:44.465+0200] {processor.py:183} INFO - Processing /Users/ehabhasan/.venvs/airflow310/lib/python3.10/site-packages/airflow/example_dags/example_trigger_target_dag.py took 0.085 seconds
[2025-08-19T17:18:36.838+0200] {processor.py:161} INFO - Started process (PID=11504) to work on /Users/ehabhasan/.venvs/airflow310/lib/python3.10/site-packages/airflow/example_dags/example_trigger_target_dag.py
[2025-08-19T17:18:36.838+0200] {processor.py:830} INFO - Processing file /Users/ehabhasan/.venvs/airflow310/lib/python3.10/site-packages/airflow/example_dags/example_trigger_target_dag.py for tasks to queue
[2025-08-19T17:18:36.838+0200] {logging_mixin.py:188} INFO - [2025-08-19T17:18:36.838+0200] {dagbag.py:545} INFO - Filling up the DagBag from /Users/ehabhasan/.venvs/airflow310/lib/python3.10/site-packages/airflow/example_dags/example_trigger_target_dag.py
[2025-08-19T17:18:36.851+0200] {processor.py:840} INFO - DAG(s) 'example_trigger_target_dag' retrieved from /Users/ehabhasan/.venvs/airflow310/lib/python3.10/site-packages/airflow/example_dags/example_trigger_target_dag.py
[2025-08-19T17:18:36.886+0200] {logging_mixin.py:188} INFO - [2025-08-19T17:18:36.886+0200] {dag.py:3089} INFO - Sync 1 DAGs
[2025-08-19T17:18:36.909+0200] {logging_mixin.py:188} INFO - [2025-08-19T17:18:36.909+0200] {dag.py:3947} INFO - Setting next_dagrun for example_trigger_target_dag to None, run_after=None
[2025-08-19T17:18:36.916+0200] {processor.py:183} INFO - Processing /Users/ehabhasan/.venvs/airflow310/lib/python3.10/site-packages/airflow/example_dags/example_trigger_target_dag.py took 0.080 seconds
[2025-08-19T17:19:33.478+0200] {processor.py:161} INFO - Started process (PID=11562) to work on /Users/ehabhasan/.venvs/airflow310/lib/python3.10/site-packages/airflow/example_dags/example_trigger_target_dag.py
[2025-08-19T17:19:33.479+0200] {processor.py:830} INFO - Processing file /Users/ehabhasan/.venvs/airflow310/lib/python3.10/site-packages/airflow/example_dags/example_trigger_target_dag.py for tasks to queue
[2025-08-19T17:19:33.479+0200] {logging_mixin.py:188} INFO - [2025-08-19T17:19:33.479+0200] {dagbag.py:545} INFO - Filling up the DagBag from /Users/ehabhasan/.venvs/airflow310/lib/python3.10/site-packages/airflow/example_dags/example_trigger_target_dag.py
[2025-08-19T17:19:33.492+0200] {processor.py:840} INFO - DAG(s) 'example_trigger_target_dag' retrieved from /Users/ehabhasan/.venvs/airflow310/lib/python3.10/site-packages/airflow/example_dags/example_trigger_target_dag.py
[2025-08-19T17:19:33.527+0200] {logging_mixin.py:188} INFO - [2025-08-19T17:19:33.526+0200] {dag.py:3089} INFO - Sync 1 DAGs
[2025-08-19T17:19:33.549+0200] {logging_mixin.py:188} INFO - [2025-08-19T17:19:33.549+0200] {dag.py:3947} INFO - Setting next_dagrun for example_trigger_target_dag to None, run_after=None
[2025-08-19T17:19:33.556+0200] {processor.py:183} INFO - Processing /Users/ehabhasan/.venvs/airflow310/lib/python3.10/site-packages/airflow/example_dags/example_trigger_target_dag.py took 0.079 seconds
[2025-08-19T17:20:25.580+0200] {processor.py:161} INFO - Started process (PID=11606) to work on /Users/ehabhasan/.venvs/airflow310/lib/python3.10/site-packages/airflow/example_dags/example_trigger_target_dag.py
[2025-08-19T17:20:25.580+0200] {processor.py:830} INFO - Processing file /Users/ehabhasan/.venvs/airflow310/lib/python3.10/site-packages/airflow/example_dags/example_trigger_target_dag.py for tasks to queue
[2025-08-19T17:20:25.581+0200] {logging_mixin.py:188} INFO - [2025-08-19T17:20:25.581+0200] {dagbag.py:545} INFO - Filling up the DagBag from /Users/ehabhasan/.venvs/airflow310/lib/python3.10/site-packages/airflow/example_dags/example_trigger_target_dag.py
[2025-08-19T17:20:25.594+0200] {processor.py:840} INFO - DAG(s) 'example_trigger_target_dag' retrieved from /Users/ehabhasan/.venvs/airflow310/lib/python3.10/site-packages/airflow/example_dags/example_trigger_target_dag.py
[2025-08-19T17:20:25.628+0200] {logging_mixin.py:188} INFO - [2025-08-19T17:20:25.628+0200] {dag.py:3089} INFO - Sync 1 DAGs
[2025-08-19T17:20:25.652+0200] {logging_mixin.py:188} INFO - [2025-08-19T17:20:25.651+0200] {dag.py:3947} INFO - Setting next_dagrun for example_trigger_target_dag to None, run_after=None
[2025-08-19T17:20:25.658+0200] {processor.py:183} INFO - Processing /Users/ehabhasan/.venvs/airflow310/lib/python3.10/site-packages/airflow/example_dags/example_trigger_target_dag.py took 0.080 seconds
[2025-08-19T17:22:11.022+0200] {processor.py:161} INFO - Started process (PID=11676) to work on /Users/ehabhasan/.venvs/airflow310/lib/python3.10/site-packages/airflow/example_dags/example_trigger_target_dag.py
[2025-08-19T17:22:11.022+0200] {processor.py:830} INFO - Processing file /Users/ehabhasan/.venvs/airflow310/lib/python3.10/site-packages/airflow/example_dags/example_trigger_target_dag.py for tasks to queue
[2025-08-19T17:22:11.022+0200] {logging_mixin.py:188} INFO - [2025-08-19T17:22:11.022+0200] {dagbag.py:545} INFO - Filling up the DagBag from /Users/ehabhasan/.venvs/airflow310/lib/python3.10/site-packages/airflow/example_dags/example_trigger_target_dag.py
[2025-08-19T17:22:11.036+0200] {processor.py:840} INFO - DAG(s) 'example_trigger_target_dag' retrieved from /Users/ehabhasan/.venvs/airflow310/lib/python3.10/site-packages/airflow/example_dags/example_trigger_target_dag.py
[2025-08-19T17:22:11.070+0200] {logging_mixin.py:188} INFO - [2025-08-19T17:22:11.070+0200] {dag.py:3089} INFO - Sync 1 DAGs
[2025-08-19T17:22:11.093+0200] {logging_mixin.py:188} INFO - [2025-08-19T17:22:11.093+0200] {dag.py:3947} INFO - Setting next_dagrun for example_trigger_target_dag to None, run_after=None
[2025-08-19T17:22:11.100+0200] {processor.py:183} INFO - Processing /Users/ehabhasan/.venvs/airflow310/lib/python3.10/site-packages/airflow/example_dags/example_trigger_target_dag.py took 0.080 seconds
[2025-08-19T17:23:07.515+0200] {processor.py:161} INFO - Started process (PID=11714) to work on /Users/ehabhasan/.venvs/airflow310/lib/python3.10/site-packages/airflow/example_dags/example_trigger_target_dag.py
[2025-08-19T17:23:07.515+0200] {processor.py:830} INFO - Processing file /Users/ehabhasan/.venvs/airflow310/lib/python3.10/site-packages/airflow/example_dags/example_trigger_target_dag.py for tasks to queue
[2025-08-19T17:23:07.516+0200] {logging_mixin.py:188} INFO - [2025-08-19T17:23:07.515+0200] {dagbag.py:545} INFO - Filling up the DagBag from /Users/ehabhasan/.venvs/airflow310/lib/python3.10/site-packages/airflow/example_dags/example_trigger_target_dag.py
[2025-08-19T17:23:07.528+0200] {processor.py:840} INFO - DAG(s) 'example_trigger_target_dag' retrieved from /Users/ehabhasan/.venvs/airflow310/lib/python3.10/site-packages/airflow/example_dags/example_trigger_target_dag.py
[2025-08-19T17:23:07.562+0200] {logging_mixin.py:188} INFO - [2025-08-19T17:23:07.562+0200] {dag.py:3089} INFO - Sync 1 DAGs
[2025-08-19T17:23:07.585+0200] {logging_mixin.py:188} INFO - [2025-08-19T17:23:07.585+0200] {dag.py:3947} INFO - Setting next_dagrun for example_trigger_target_dag to None, run_after=None
[2025-08-19T17:23:07.592+0200] {processor.py:183} INFO - Processing /Users/ehabhasan/.venvs/airflow310/lib/python3.10/site-packages/airflow/example_dags/example_trigger_target_dag.py took 0.078 seconds
[2025-08-19T17:23:59.624+0200] {processor.py:161} INFO - Started process (PID=11754) to work on /Users/ehabhasan/.venvs/airflow310/lib/python3.10/site-packages/airflow/example_dags/example_trigger_target_dag.py
[2025-08-19T17:23:59.624+0200] {processor.py:830} INFO - Processing file /Users/ehabhasan/.venvs/airflow310/lib/python3.10/site-packages/airflow/example_dags/example_trigger_target_dag.py for tasks to queue
[2025-08-19T17:23:59.625+0200] {logging_mixin.py:188} INFO - [2025-08-19T17:23:59.625+0200] {dagbag.py:545} INFO - Filling up the DagBag from /Users/ehabhasan/.venvs/airflow310/lib/python3.10/site-packages/airflow/example_dags/example_trigger_target_dag.py
[2025-08-19T17:23:59.637+0200] {processor.py:840} INFO - DAG(s) 'example_trigger_target_dag' retrieved from /Users/ehabhasan/.venvs/airflow310/lib/python3.10/site-packages/airflow/example_dags/example_trigger_target_dag.py
[2025-08-19T17:23:59.672+0200] {logging_mixin.py:188} INFO - [2025-08-19T17:23:59.672+0200] {dag.py:3089} INFO - Sync 1 DAGs
[2025-08-19T17:23:59.695+0200] {logging_mixin.py:188} INFO - [2025-08-19T17:23:59.694+0200] {dag.py:3947} INFO - Setting next_dagrun for example_trigger_target_dag to None, run_after=None
[2025-08-19T17:23:59.701+0200] {processor.py:183} INFO - Processing /Users/ehabhasan/.venvs/airflow310/lib/python3.10/site-packages/airflow/example_dags/example_trigger_target_dag.py took 0.079 seconds
[2025-08-19T17:24:50.954+0200] {processor.py:161} INFO - Started process (PID=11795) to work on /Users/ehabhasan/.venvs/airflow310/lib/python3.10/site-packages/airflow/example_dags/example_trigger_target_dag.py
[2025-08-19T17:24:50.955+0200] {processor.py:830} INFO - Processing file /Users/ehabhasan/.venvs/airflow310/lib/python3.10/site-packages/airflow/example_dags/example_trigger_target_dag.py for tasks to queue
[2025-08-19T17:24:50.956+0200] {logging_mixin.py:188} INFO - [2025-08-19T17:24:50.956+0200] {dagbag.py:545} INFO - Filling up the DagBag from /Users/ehabhasan/.venvs/airflow310/lib/python3.10/site-packages/airflow/example_dags/example_trigger_target_dag.py
[2025-08-19T17:24:50.969+0200] {processor.py:840} INFO - DAG(s) 'example_trigger_target_dag' retrieved from /Users/ehabhasan/.venvs/airflow310/lib/python3.10/site-packages/airflow/example_dags/example_trigger_target_dag.py
[2025-08-19T17:24:51.004+0200] {logging_mixin.py:188} INFO - [2025-08-19T17:24:51.004+0200] {dag.py:3089} INFO - Sync 1 DAGs
[2025-08-19T17:24:51.028+0200] {logging_mixin.py:188} INFO - [2025-08-19T17:24:51.028+0200] {dag.py:3947} INFO - Setting next_dagrun for example_trigger_target_dag to None, run_after=None
[2025-08-19T17:24:51.035+0200] {processor.py:183} INFO - Processing /Users/ehabhasan/.venvs/airflow310/lib/python3.10/site-packages/airflow/example_dags/example_trigger_target_dag.py took 0.082 seconds
[2025-08-19T17:25:45.822+0200] {processor.py:161} INFO - Started process (PID=11834) to work on /Users/ehabhasan/.venvs/airflow310/lib/python3.10/site-packages/airflow/example_dags/example_trigger_target_dag.py
[2025-08-19T17:25:45.823+0200] {processor.py:830} INFO - Processing file /Users/ehabhasan/.venvs/airflow310/lib/python3.10/site-packages/airflow/example_dags/example_trigger_target_dag.py for tasks to queue
[2025-08-19T17:25:45.823+0200] {logging_mixin.py:188} INFO - [2025-08-19T17:25:45.823+0200] {dagbag.py:545} INFO - Filling up the DagBag from /Users/ehabhasan/.venvs/airflow310/lib/python3.10/site-packages/airflow/example_dags/example_trigger_target_dag.py
[2025-08-19T17:25:45.836+0200] {processor.py:840} INFO - DAG(s) 'example_trigger_target_dag' retrieved from /Users/ehabhasan/.venvs/airflow310/lib/python3.10/site-packages/airflow/example_dags/example_trigger_target_dag.py
[2025-08-19T17:25:45.871+0200] {logging_mixin.py:188} INFO - [2025-08-19T17:25:45.871+0200] {dag.py:3089} INFO - Sync 1 DAGs
[2025-08-19T17:25:45.895+0200] {logging_mixin.py:188} INFO - [2025-08-19T17:25:45.895+0200] {dag.py:3947} INFO - Setting next_dagrun for example_trigger_target_dag to None, run_after=None
[2025-08-19T17:25:45.902+0200] {processor.py:183} INFO - Processing /Users/ehabhasan/.venvs/airflow310/lib/python3.10/site-packages/airflow/example_dags/example_trigger_target_dag.py took 0.082 seconds
[2025-08-19T17:26:37.357+0200] {processor.py:161} INFO - Started process (PID=11875) to work on /Users/ehabhasan/.venvs/airflow310/lib/python3.10/site-packages/airflow/example_dags/example_trigger_target_dag.py
[2025-08-19T17:26:37.357+0200] {processor.py:830} INFO - Processing file /Users/ehabhasan/.venvs/airflow310/lib/python3.10/site-packages/airflow/example_dags/example_trigger_target_dag.py for tasks to queue
[2025-08-19T17:26:37.357+0200] {logging_mixin.py:188} INFO - [2025-08-19T17:26:37.357+0200] {dagbag.py:545} INFO - Filling up the DagBag from /Users/ehabhasan/.venvs/airflow310/lib/python3.10/site-packages/airflow/example_dags/example_trigger_target_dag.py
[2025-08-19T17:26:37.370+0200] {processor.py:840} INFO - DAG(s) 'example_trigger_target_dag' retrieved from /Users/ehabhasan/.venvs/airflow310/lib/python3.10/site-packages/airflow/example_dags/example_trigger_target_dag.py
[2025-08-19T17:26:37.404+0200] {logging_mixin.py:188} INFO - [2025-08-19T17:26:37.404+0200] {dag.py:3089} INFO - Sync 1 DAGs
[2025-08-19T17:26:37.427+0200] {logging_mixin.py:188} INFO - [2025-08-19T17:26:37.427+0200] {dag.py:3947} INFO - Setting next_dagrun for example_trigger_target_dag to None, run_after=None
[2025-08-19T17:26:37.434+0200] {processor.py:183} INFO - Processing /Users/ehabhasan/.venvs/airflow310/lib/python3.10/site-packages/airflow/example_dags/example_trigger_target_dag.py took 0.079 seconds
[2025-08-19T17:27:35.038+0200] {processor.py:161} INFO - Started process (PID=11914) to work on /Users/ehabhasan/.venvs/airflow310/lib/python3.10/site-packages/airflow/example_dags/example_trigger_target_dag.py
[2025-08-19T17:27:35.038+0200] {processor.py:830} INFO - Processing file /Users/ehabhasan/.venvs/airflow310/lib/python3.10/site-packages/airflow/example_dags/example_trigger_target_dag.py for tasks to queue
[2025-08-19T17:27:35.038+0200] {logging_mixin.py:188} INFO - [2025-08-19T17:27:35.038+0200] {dagbag.py:545} INFO - Filling up the DagBag from /Users/ehabhasan/.venvs/airflow310/lib/python3.10/site-packages/airflow/example_dags/example_trigger_target_dag.py
[2025-08-19T17:27:35.052+0200] {processor.py:840} INFO - DAG(s) 'example_trigger_target_dag' retrieved from /Users/ehabhasan/.venvs/airflow310/lib/python3.10/site-packages/airflow/example_dags/example_trigger_target_dag.py
[2025-08-19T17:27:35.088+0200] {logging_mixin.py:188} INFO - [2025-08-19T17:27:35.088+0200] {dag.py:3089} INFO - Sync 1 DAGs
[2025-08-19T17:27:35.114+0200] {logging_mixin.py:188} INFO - [2025-08-19T17:27:35.113+0200] {dag.py:3947} INFO - Setting next_dagrun for example_trigger_target_dag to None, run_after=None
[2025-08-19T17:27:35.121+0200] {processor.py:183} INFO - Processing /Users/ehabhasan/.venvs/airflow310/lib/python3.10/site-packages/airflow/example_dags/example_trigger_target_dag.py took 0.085 seconds
[2025-08-19T17:28:29.385+0200] {processor.py:161} INFO - Started process (PID=11965) to work on /Users/ehabhasan/.venvs/airflow310/lib/python3.10/site-packages/airflow/example_dags/example_trigger_target_dag.py
[2025-08-19T17:28:29.385+0200] {processor.py:830} INFO - Processing file /Users/ehabhasan/.venvs/airflow310/lib/python3.10/site-packages/airflow/example_dags/example_trigger_target_dag.py for tasks to queue
[2025-08-19T17:28:29.385+0200] {logging_mixin.py:188} INFO - [2025-08-19T17:28:29.385+0200] {dagbag.py:545} INFO - Filling up the DagBag from /Users/ehabhasan/.venvs/airflow310/lib/python3.10/site-packages/airflow/example_dags/example_trigger_target_dag.py
[2025-08-19T17:28:29.398+0200] {processor.py:840} INFO - DAG(s) 'example_trigger_target_dag' retrieved from /Users/ehabhasan/.venvs/airflow310/lib/python3.10/site-packages/airflow/example_dags/example_trigger_target_dag.py
[2025-08-19T17:28:29.433+0200] {logging_mixin.py:188} INFO - [2025-08-19T17:28:29.432+0200] {dag.py:3089} INFO - Sync 1 DAGs
[2025-08-19T17:28:29.455+0200] {logging_mixin.py:188} INFO - [2025-08-19T17:28:29.455+0200] {dag.py:3947} INFO - Setting next_dagrun for example_trigger_target_dag to None, run_after=None
[2025-08-19T17:28:29.462+0200] {processor.py:183} INFO - Processing /Users/ehabhasan/.venvs/airflow310/lib/python3.10/site-packages/airflow/example_dags/example_trigger_target_dag.py took 0.079 seconds
[2025-08-19T17:29:24.533+0200] {processor.py:161} INFO - Started process (PID=12005) to work on /Users/ehabhasan/.venvs/airflow310/lib/python3.10/site-packages/airflow/example_dags/example_trigger_target_dag.py
[2025-08-19T17:29:24.533+0200] {processor.py:830} INFO - Processing file /Users/ehabhasan/.venvs/airflow310/lib/python3.10/site-packages/airflow/example_dags/example_trigger_target_dag.py for tasks to queue
[2025-08-19T17:29:24.534+0200] {logging_mixin.py:188} INFO - [2025-08-19T17:29:24.534+0200] {dagbag.py:545} INFO - Filling up the DagBag from /Users/ehabhasan/.venvs/airflow310/lib/python3.10/site-packages/airflow/example_dags/example_trigger_target_dag.py
[2025-08-19T17:29:24.548+0200] {processor.py:840} INFO - DAG(s) 'example_trigger_target_dag' retrieved from /Users/ehabhasan/.venvs/airflow310/lib/python3.10/site-packages/airflow/example_dags/example_trigger_target_dag.py
[2025-08-19T17:29:24.584+0200] {logging_mixin.py:188} INFO - [2025-08-19T17:29:24.584+0200] {dag.py:3089} INFO - Sync 1 DAGs
[2025-08-19T17:29:24.609+0200] {logging_mixin.py:188} INFO - [2025-08-19T17:29:24.609+0200] {dag.py:3947} INFO - Setting next_dagrun for example_trigger_target_dag to None, run_after=None
[2025-08-19T17:29:24.616+0200] {processor.py:183} INFO - Processing /Users/ehabhasan/.venvs/airflow310/lib/python3.10/site-packages/airflow/example_dags/example_trigger_target_dag.py took 0.085 seconds
[2025-08-19T17:30:20.136+0200] {processor.py:161} INFO - Started process (PID=12717) to work on /Users/ehabhasan/.venvs/airflow310/lib/python3.10/site-packages/airflow/example_dags/example_trigger_target_dag.py
[2025-08-19T17:30:20.137+0200] {processor.py:830} INFO - Processing file /Users/ehabhasan/.venvs/airflow310/lib/python3.10/site-packages/airflow/example_dags/example_trigger_target_dag.py for tasks to queue
[2025-08-19T17:30:20.137+0200] {logging_mixin.py:188} INFO - [2025-08-19T17:30:20.137+0200] {dagbag.py:545} INFO - Filling up the DagBag from /Users/ehabhasan/.venvs/airflow310/lib/python3.10/site-packages/airflow/example_dags/example_trigger_target_dag.py
[2025-08-19T17:30:20.150+0200] {processor.py:840} INFO - DAG(s) 'example_trigger_target_dag' retrieved from /Users/ehabhasan/.venvs/airflow310/lib/python3.10/site-packages/airflow/example_dags/example_trigger_target_dag.py
[2025-08-19T17:30:20.185+0200] {logging_mixin.py:188} INFO - [2025-08-19T17:30:20.185+0200] {dag.py:3089} INFO - Sync 1 DAGs
[2025-08-19T17:30:20.209+0200] {logging_mixin.py:188} INFO - [2025-08-19T17:30:20.209+0200] {dag.py:3947} INFO - Setting next_dagrun for example_trigger_target_dag to None, run_after=None
[2025-08-19T17:30:20.216+0200] {processor.py:183} INFO - Processing /Users/ehabhasan/.venvs/airflow310/lib/python3.10/site-packages/airflow/example_dags/example_trigger_target_dag.py took 0.082 seconds
[2025-08-19T17:31:16.133+0200] {processor.py:161} INFO - Started process (PID=13931) to work on /Users/ehabhasan/.venvs/airflow310/lib/python3.10/site-packages/airflow/example_dags/example_trigger_target_dag.py
[2025-08-19T17:31:16.134+0200] {processor.py:830} INFO - Processing file /Users/ehabhasan/.venvs/airflow310/lib/python3.10/site-packages/airflow/example_dags/example_trigger_target_dag.py for tasks to queue
[2025-08-19T17:31:16.134+0200] {logging_mixin.py:188} INFO - [2025-08-19T17:31:16.134+0200] {dagbag.py:545} INFO - Filling up the DagBag from /Users/ehabhasan/.venvs/airflow310/lib/python3.10/site-packages/airflow/example_dags/example_trigger_target_dag.py
[2025-08-19T17:31:16.147+0200] {processor.py:840} INFO - DAG(s) 'example_trigger_target_dag' retrieved from /Users/ehabhasan/.venvs/airflow310/lib/python3.10/site-packages/airflow/example_dags/example_trigger_target_dag.py
[2025-08-19T17:31:16.182+0200] {logging_mixin.py:188} INFO - [2025-08-19T17:31:16.182+0200] {dag.py:3089} INFO - Sync 1 DAGs
[2025-08-19T17:31:16.205+0200] {logging_mixin.py:188} INFO - [2025-08-19T17:31:16.205+0200] {dag.py:3947} INFO - Setting next_dagrun for example_trigger_target_dag to None, run_after=None
[2025-08-19T17:31:16.211+0200] {processor.py:183} INFO - Processing /Users/ehabhasan/.venvs/airflow310/lib/python3.10/site-packages/airflow/example_dags/example_trigger_target_dag.py took 0.080 seconds
[2025-08-19T17:32:13.251+0200] {processor.py:161} INFO - Started process (PID=14090) to work on /Users/ehabhasan/.venvs/airflow310/lib/python3.10/site-packages/airflow/example_dags/example_trigger_target_dag.py
[2025-08-19T17:32:13.251+0200] {processor.py:830} INFO - Processing file /Users/ehabhasan/.venvs/airflow310/lib/python3.10/site-packages/airflow/example_dags/example_trigger_target_dag.py for tasks to queue
[2025-08-19T17:32:13.252+0200] {logging_mixin.py:188} INFO - [2025-08-19T17:32:13.252+0200] {dagbag.py:545} INFO - Filling up the DagBag from /Users/ehabhasan/.venvs/airflow310/lib/python3.10/site-packages/airflow/example_dags/example_trigger_target_dag.py
[2025-08-19T17:32:13.274+0200] {processor.py:840} INFO - DAG(s) 'example_trigger_target_dag' retrieved from /Users/ehabhasan/.venvs/airflow310/lib/python3.10/site-packages/airflow/example_dags/example_trigger_target_dag.py
[2025-08-19T17:32:13.316+0200] {logging_mixin.py:188} INFO - [2025-08-19T17:32:13.316+0200] {dag.py:3089} INFO - Sync 1 DAGs
[2025-08-19T17:32:13.343+0200] {logging_mixin.py:188} INFO - [2025-08-19T17:32:13.343+0200] {dag.py:3947} INFO - Setting next_dagrun for example_trigger_target_dag to None, run_after=None
[2025-08-19T17:32:13.350+0200] {processor.py:183} INFO - Processing /Users/ehabhasan/.venvs/airflow310/lib/python3.10/site-packages/airflow/example_dags/example_trigger_target_dag.py took 0.101 seconds
[2025-08-19T17:33:08.812+0200] {processor.py:161} INFO - Started process (PID=14185) to work on /Users/ehabhasan/.venvs/airflow310/lib/python3.10/site-packages/airflow/example_dags/example_trigger_target_dag.py
[2025-08-19T17:33:08.812+0200] {processor.py:830} INFO - Processing file /Users/ehabhasan/.venvs/airflow310/lib/python3.10/site-packages/airflow/example_dags/example_trigger_target_dag.py for tasks to queue
[2025-08-19T17:33:08.812+0200] {logging_mixin.py:188} INFO - [2025-08-19T17:33:08.812+0200] {dagbag.py:545} INFO - Filling up the DagBag from /Users/ehabhasan/.venvs/airflow310/lib/python3.10/site-packages/airflow/example_dags/example_trigger_target_dag.py
[2025-08-19T17:33:08.825+0200] {processor.py:840} INFO - DAG(s) 'example_trigger_target_dag' retrieved from /Users/ehabhasan/.venvs/airflow310/lib/python3.10/site-packages/airflow/example_dags/example_trigger_target_dag.py
[2025-08-19T17:33:08.859+0200] {logging_mixin.py:188} INFO - [2025-08-19T17:33:08.859+0200] {dag.py:3089} INFO - Sync 1 DAGs
[2025-08-19T17:33:08.882+0200] {logging_mixin.py:188} INFO - [2025-08-19T17:33:08.882+0200] {dag.py:3947} INFO - Setting next_dagrun for example_trigger_target_dag to None, run_after=None
[2025-08-19T17:33:08.889+0200] {processor.py:183} INFO - Processing /Users/ehabhasan/.venvs/airflow310/lib/python3.10/site-packages/airflow/example_dags/example_trigger_target_dag.py took 0.079 seconds
[2025-08-19T17:34:02.159+0200] {processor.py:161} INFO - Started process (PID=14234) to work on /Users/ehabhasan/.venvs/airflow310/lib/python3.10/site-packages/airflow/example_dags/example_trigger_target_dag.py
[2025-08-19T17:34:02.160+0200] {processor.py:830} INFO - Processing file /Users/ehabhasan/.venvs/airflow310/lib/python3.10/site-packages/airflow/example_dags/example_trigger_target_dag.py for tasks to queue
[2025-08-19T17:34:02.160+0200] {logging_mixin.py:188} INFO - [2025-08-19T17:34:02.160+0200] {dagbag.py:545} INFO - Filling up the DagBag from /Users/ehabhasan/.venvs/airflow310/lib/python3.10/site-packages/airflow/example_dags/example_trigger_target_dag.py
[2025-08-19T17:34:02.173+0200] {processor.py:840} INFO - DAG(s) 'example_trigger_target_dag' retrieved from /Users/ehabhasan/.venvs/airflow310/lib/python3.10/site-packages/airflow/example_dags/example_trigger_target_dag.py
[2025-08-19T17:34:02.207+0200] {logging_mixin.py:188} INFO - [2025-08-19T17:34:02.207+0200] {dag.py:3089} INFO - Sync 1 DAGs
[2025-08-19T17:34:02.231+0200] {logging_mixin.py:188} INFO - [2025-08-19T17:34:02.231+0200] {dag.py:3947} INFO - Setting next_dagrun for example_trigger_target_dag to None, run_after=None
[2025-08-19T17:34:02.237+0200] {processor.py:183} INFO - Processing /Users/ehabhasan/.venvs/airflow310/lib/python3.10/site-packages/airflow/example_dags/example_trigger_target_dag.py took 0.080 seconds
[2025-08-19T17:34:54.601+0200] {processor.py:161} INFO - Started process (PID=14281) to work on /Users/ehabhasan/.venvs/airflow310/lib/python3.10/site-packages/airflow/example_dags/example_trigger_target_dag.py
[2025-08-19T17:34:54.601+0200] {processor.py:830} INFO - Processing file /Users/ehabhasan/.venvs/airflow310/lib/python3.10/site-packages/airflow/example_dags/example_trigger_target_dag.py for tasks to queue
[2025-08-19T17:34:54.601+0200] {logging_mixin.py:188} INFO - [2025-08-19T17:34:54.601+0200] {dagbag.py:545} INFO - Filling up the DagBag from /Users/ehabhasan/.venvs/airflow310/lib/python3.10/site-packages/airflow/example_dags/example_trigger_target_dag.py
[2025-08-19T17:34:54.614+0200] {processor.py:840} INFO - DAG(s) 'example_trigger_target_dag' retrieved from /Users/ehabhasan/.venvs/airflow310/lib/python3.10/site-packages/airflow/example_dags/example_trigger_target_dag.py
[2025-08-19T17:34:54.649+0200] {logging_mixin.py:188} INFO - [2025-08-19T17:34:54.649+0200] {dag.py:3089} INFO - Sync 1 DAGs
[2025-08-19T17:34:54.672+0200] {logging_mixin.py:188} INFO - [2025-08-19T17:34:54.672+0200] {dag.py:3947} INFO - Setting next_dagrun for example_trigger_target_dag to None, run_after=None
[2025-08-19T17:34:54.679+0200] {processor.py:183} INFO - Processing /Users/ehabhasan/.venvs/airflow310/lib/python3.10/site-packages/airflow/example_dags/example_trigger_target_dag.py took 0.080 seconds
[2025-08-19T17:35:49.067+0200] {processor.py:161} INFO - Started process (PID=14408) to work on /Users/ehabhasan/.venvs/airflow310/lib/python3.10/site-packages/airflow/example_dags/example_trigger_target_dag.py
[2025-08-19T17:35:49.068+0200] {processor.py:830} INFO - Processing file /Users/ehabhasan/.venvs/airflow310/lib/python3.10/site-packages/airflow/example_dags/example_trigger_target_dag.py for tasks to queue
[2025-08-19T17:35:49.068+0200] {logging_mixin.py:188} INFO - [2025-08-19T17:35:49.068+0200] {dagbag.py:545} INFO - Filling up the DagBag from /Users/ehabhasan/.venvs/airflow310/lib/python3.10/site-packages/airflow/example_dags/example_trigger_target_dag.py
[2025-08-19T17:35:49.081+0200] {processor.py:840} INFO - DAG(s) 'example_trigger_target_dag' retrieved from /Users/ehabhasan/.venvs/airflow310/lib/python3.10/site-packages/airflow/example_dags/example_trigger_target_dag.py
[2025-08-19T17:35:49.118+0200] {logging_mixin.py:188} INFO - [2025-08-19T17:35:49.118+0200] {dag.py:3089} INFO - Sync 1 DAGs
[2025-08-19T17:35:49.141+0200] {logging_mixin.py:188} INFO - [2025-08-19T17:35:49.141+0200] {dag.py:3947} INFO - Setting next_dagrun for example_trigger_target_dag to None, run_after=None
[2025-08-19T17:35:49.148+0200] {processor.py:183} INFO - Processing /Users/ehabhasan/.venvs/airflow310/lib/python3.10/site-packages/airflow/example_dags/example_trigger_target_dag.py took 0.082 seconds
[2025-08-19T17:36:47.607+0200] {processor.py:161} INFO - Started process (PID=14496) to work on /Users/ehabhasan/.venvs/airflow310/lib/python3.10/site-packages/airflow/example_dags/example_trigger_target_dag.py
[2025-08-19T17:36:47.608+0200] {processor.py:830} INFO - Processing file /Users/ehabhasan/.venvs/airflow310/lib/python3.10/site-packages/airflow/example_dags/example_trigger_target_dag.py for tasks to queue
[2025-08-19T17:36:47.608+0200] {logging_mixin.py:188} INFO - [2025-08-19T17:36:47.608+0200] {dagbag.py:545} INFO - Filling up the DagBag from /Users/ehabhasan/.venvs/airflow310/lib/python3.10/site-packages/airflow/example_dags/example_trigger_target_dag.py
[2025-08-19T17:36:47.621+0200] {processor.py:840} INFO - DAG(s) 'example_trigger_target_dag' retrieved from /Users/ehabhasan/.venvs/airflow310/lib/python3.10/site-packages/airflow/example_dags/example_trigger_target_dag.py
[2025-08-19T17:36:47.655+0200] {logging_mixin.py:188} INFO - [2025-08-19T17:36:47.655+0200] {dag.py:3089} INFO - Sync 1 DAGs
[2025-08-19T17:36:47.678+0200] {logging_mixin.py:188} INFO - [2025-08-19T17:36:47.678+0200] {dag.py:3947} INFO - Setting next_dagrun for example_trigger_target_dag to None, run_after=None
[2025-08-19T17:36:47.685+0200] {processor.py:183} INFO - Processing /Users/ehabhasan/.venvs/airflow310/lib/python3.10/site-packages/airflow/example_dags/example_trigger_target_dag.py took 0.079 seconds
[2025-08-19T17:37:45.574+0200] {processor.py:161} INFO - Started process (PID=14573) to work on /Users/ehabhasan/.venvs/airflow310/lib/python3.10/site-packages/airflow/example_dags/example_trigger_target_dag.py
[2025-08-19T17:37:45.575+0200] {processor.py:830} INFO - Processing file /Users/ehabhasan/.venvs/airflow310/lib/python3.10/site-packages/airflow/example_dags/example_trigger_target_dag.py for tasks to queue
[2025-08-19T17:37:45.575+0200] {logging_mixin.py:188} INFO - [2025-08-19T17:37:45.575+0200] {dagbag.py:545} INFO - Filling up the DagBag from /Users/ehabhasan/.venvs/airflow310/lib/python3.10/site-packages/airflow/example_dags/example_trigger_target_dag.py
[2025-08-19T17:37:45.588+0200] {processor.py:840} INFO - DAG(s) 'example_trigger_target_dag' retrieved from /Users/ehabhasan/.venvs/airflow310/lib/python3.10/site-packages/airflow/example_dags/example_trigger_target_dag.py
[2025-08-19T17:37:45.622+0200] {logging_mixin.py:188} INFO - [2025-08-19T17:37:45.622+0200] {dag.py:3089} INFO - Sync 1 DAGs
[2025-08-19T17:37:45.645+0200] {logging_mixin.py:188} INFO - [2025-08-19T17:37:45.645+0200] {dag.py:3947} INFO - Setting next_dagrun for example_trigger_target_dag to None, run_after=None
[2025-08-19T17:37:45.652+0200] {processor.py:183} INFO - Processing /Users/ehabhasan/.venvs/airflow310/lib/python3.10/site-packages/airflow/example_dags/example_trigger_target_dag.py took 0.079 seconds
[2025-08-19T17:38:44.414+0200] {processor.py:161} INFO - Started process (PID=14729) to work on /Users/ehabhasan/.venvs/airflow310/lib/python3.10/site-packages/airflow/example_dags/example_trigger_target_dag.py
[2025-08-19T17:38:44.414+0200] {processor.py:830} INFO - Processing file /Users/ehabhasan/.venvs/airflow310/lib/python3.10/site-packages/airflow/example_dags/example_trigger_target_dag.py for tasks to queue
[2025-08-19T17:38:44.414+0200] {logging_mixin.py:188} INFO - [2025-08-19T17:38:44.414+0200] {dagbag.py:545} INFO - Filling up the DagBag from /Users/ehabhasan/.venvs/airflow310/lib/python3.10/site-packages/airflow/example_dags/example_trigger_target_dag.py
[2025-08-19T17:38:44.428+0200] {processor.py:840} INFO - DAG(s) 'example_trigger_target_dag' retrieved from /Users/ehabhasan/.venvs/airflow310/lib/python3.10/site-packages/airflow/example_dags/example_trigger_target_dag.py
[2025-08-19T17:38:44.465+0200] {logging_mixin.py:188} INFO - [2025-08-19T17:38:44.465+0200] {dag.py:3089} INFO - Sync 1 DAGs
[2025-08-19T17:38:44.489+0200] {logging_mixin.py:188} INFO - [2025-08-19T17:38:44.489+0200] {dag.py:3947} INFO - Setting next_dagrun for example_trigger_target_dag to None, run_after=None
[2025-08-19T17:38:44.496+0200] {processor.py:183} INFO - Processing /Users/ehabhasan/.venvs/airflow310/lib/python3.10/site-packages/airflow/example_dags/example_trigger_target_dag.py took 0.084 seconds
[2025-08-19T17:39:46.206+0200] {processor.py:161} INFO - Started process (PID=14774) to work on /Users/ehabhasan/.venvs/airflow310/lib/python3.10/site-packages/airflow/example_dags/example_trigger_target_dag.py
[2025-08-19T17:39:46.206+0200] {processor.py:830} INFO - Processing file /Users/ehabhasan/.venvs/airflow310/lib/python3.10/site-packages/airflow/example_dags/example_trigger_target_dag.py for tasks to queue
[2025-08-19T17:39:46.207+0200] {logging_mixin.py:188} INFO - [2025-08-19T17:39:46.207+0200] {dagbag.py:545} INFO - Filling up the DagBag from /Users/ehabhasan/.venvs/airflow310/lib/python3.10/site-packages/airflow/example_dags/example_trigger_target_dag.py
[2025-08-19T17:39:46.220+0200] {processor.py:840} INFO - DAG(s) 'example_trigger_target_dag' retrieved from /Users/ehabhasan/.venvs/airflow310/lib/python3.10/site-packages/airflow/example_dags/example_trigger_target_dag.py
[2025-08-19T17:39:46.255+0200] {logging_mixin.py:188} INFO - [2025-08-19T17:39:46.255+0200] {dag.py:3089} INFO - Sync 1 DAGs
[2025-08-19T17:39:46.279+0200] {logging_mixin.py:188} INFO - [2025-08-19T17:39:46.279+0200] {dag.py:3947} INFO - Setting next_dagrun for example_trigger_target_dag to None, run_after=None
[2025-08-19T17:39:46.286+0200] {processor.py:183} INFO - Processing /Users/ehabhasan/.venvs/airflow310/lib/python3.10/site-packages/airflow/example_dags/example_trigger_target_dag.py took 0.081 seconds
[2025-08-19T17:40:43.336+0200] {processor.py:161} INFO - Started process (PID=14856) to work on /Users/ehabhasan/.venvs/airflow310/lib/python3.10/site-packages/airflow/example_dags/example_trigger_target_dag.py
[2025-08-19T17:40:43.336+0200] {processor.py:830} INFO - Processing file /Users/ehabhasan/.venvs/airflow310/lib/python3.10/site-packages/airflow/example_dags/example_trigger_target_dag.py for tasks to queue
[2025-08-19T17:40:43.337+0200] {logging_mixin.py:188} INFO - [2025-08-19T17:40:43.337+0200] {dagbag.py:545} INFO - Filling up the DagBag from /Users/ehabhasan/.venvs/airflow310/lib/python3.10/site-packages/airflow/example_dags/example_trigger_target_dag.py
[2025-08-19T17:40:43.350+0200] {processor.py:840} INFO - DAG(s) 'example_trigger_target_dag' retrieved from /Users/ehabhasan/.venvs/airflow310/lib/python3.10/site-packages/airflow/example_dags/example_trigger_target_dag.py
[2025-08-19T17:40:43.385+0200] {logging_mixin.py:188} INFO - [2025-08-19T17:40:43.385+0200] {dag.py:3089} INFO - Sync 1 DAGs
[2025-08-19T17:40:43.409+0200] {logging_mixin.py:188} INFO - [2025-08-19T17:40:43.408+0200] {dag.py:3947} INFO - Setting next_dagrun for example_trigger_target_dag to None, run_after=None
[2025-08-19T17:40:43.415+0200] {processor.py:183} INFO - Processing /Users/ehabhasan/.venvs/airflow310/lib/python3.10/site-packages/airflow/example_dags/example_trigger_target_dag.py took 0.081 seconds
[2025-08-19T17:45:20.281+0200] {processor.py:161} INFO - Started process (PID=14965) to work on /Users/ehabhasan/.venvs/airflow310/lib/python3.10/site-packages/airflow/example_dags/example_trigger_target_dag.py
[2025-08-19T17:45:20.282+0200] {processor.py:830} INFO - Processing file /Users/ehabhasan/.venvs/airflow310/lib/python3.10/site-packages/airflow/example_dags/example_trigger_target_dag.py for tasks to queue
[2025-08-19T17:45:20.282+0200] {logging_mixin.py:188} INFO - [2025-08-19T17:45:20.282+0200] {dagbag.py:545} INFO - Filling up the DagBag from /Users/ehabhasan/.venvs/airflow310/lib/python3.10/site-packages/airflow/example_dags/example_trigger_target_dag.py
[2025-08-19T17:45:20.295+0200] {processor.py:840} INFO - DAG(s) 'example_trigger_target_dag' retrieved from /Users/ehabhasan/.venvs/airflow310/lib/python3.10/site-packages/airflow/example_dags/example_trigger_target_dag.py
[2025-08-19T17:45:20.329+0200] {logging_mixin.py:188} INFO - [2025-08-19T17:45:20.329+0200] {dag.py:3089} INFO - Sync 1 DAGs
[2025-08-19T17:45:20.353+0200] {logging_mixin.py:188} INFO - [2025-08-19T17:45:20.352+0200] {dag.py:3947} INFO - Setting next_dagrun for example_trigger_target_dag to None, run_after=None
[2025-08-19T17:45:20.359+0200] {processor.py:183} INFO - Processing /Users/ehabhasan/.venvs/airflow310/lib/python3.10/site-packages/airflow/example_dags/example_trigger_target_dag.py took 0.079 seconds
[2025-08-19T17:46:23.031+0200] {processor.py:161} INFO - Started process (PID=15017) to work on /Users/ehabhasan/.venvs/airflow310/lib/python3.10/site-packages/airflow/example_dags/example_trigger_target_dag.py
[2025-08-19T17:46:23.031+0200] {processor.py:830} INFO - Processing file /Users/ehabhasan/.venvs/airflow310/lib/python3.10/site-packages/airflow/example_dags/example_trigger_target_dag.py for tasks to queue
[2025-08-19T17:46:23.032+0200] {logging_mixin.py:188} INFO - [2025-08-19T17:46:23.032+0200] {dagbag.py:545} INFO - Filling up the DagBag from /Users/ehabhasan/.venvs/airflow310/lib/python3.10/site-packages/airflow/example_dags/example_trigger_target_dag.py
[2025-08-19T17:46:23.045+0200] {processor.py:840} INFO - DAG(s) 'example_trigger_target_dag' retrieved from /Users/ehabhasan/.venvs/airflow310/lib/python3.10/site-packages/airflow/example_dags/example_trigger_target_dag.py
[2025-08-19T17:46:23.080+0200] {logging_mixin.py:188} INFO - [2025-08-19T17:46:23.080+0200] {dag.py:3089} INFO - Sync 1 DAGs
[2025-08-19T17:46:23.104+0200] {logging_mixin.py:188} INFO - [2025-08-19T17:46:23.104+0200] {dag.py:3947} INFO - Setting next_dagrun for example_trigger_target_dag to None, run_after=None
[2025-08-19T17:46:23.111+0200] {processor.py:183} INFO - Processing /Users/ehabhasan/.venvs/airflow310/lib/python3.10/site-packages/airflow/example_dags/example_trigger_target_dag.py took 0.082 seconds
[2025-08-19T17:47:23.556+0200] {processor.py:161} INFO - Started process (PID=15066) to work on /Users/ehabhasan/.venvs/airflow310/lib/python3.10/site-packages/airflow/example_dags/example_trigger_target_dag.py
[2025-08-19T17:47:23.557+0200] {processor.py:830} INFO - Processing file /Users/ehabhasan/.venvs/airflow310/lib/python3.10/site-packages/airflow/example_dags/example_trigger_target_dag.py for tasks to queue
[2025-08-19T17:47:23.557+0200] {logging_mixin.py:188} INFO - [2025-08-19T17:47:23.557+0200] {dagbag.py:545} INFO - Filling up the DagBag from /Users/ehabhasan/.venvs/airflow310/lib/python3.10/site-packages/airflow/example_dags/example_trigger_target_dag.py
[2025-08-19T17:47:23.571+0200] {processor.py:840} INFO - DAG(s) 'example_trigger_target_dag' retrieved from /Users/ehabhasan/.venvs/airflow310/lib/python3.10/site-packages/airflow/example_dags/example_trigger_target_dag.py
[2025-08-19T17:47:23.609+0200] {logging_mixin.py:188} INFO - [2025-08-19T17:47:23.609+0200] {dag.py:3089} INFO - Sync 1 DAGs
[2025-08-19T17:47:23.635+0200] {logging_mixin.py:188} INFO - [2025-08-19T17:47:23.635+0200] {dag.py:3947} INFO - Setting next_dagrun for example_trigger_target_dag to None, run_after=None
[2025-08-19T17:47:23.643+0200] {processor.py:183} INFO - Processing /Users/ehabhasan/.venvs/airflow310/lib/python3.10/site-packages/airflow/example_dags/example_trigger_target_dag.py took 0.088 seconds
[2025-08-19T17:48:23.361+0200] {processor.py:161} INFO - Started process (PID=15105) to work on /Users/ehabhasan/.venvs/airflow310/lib/python3.10/site-packages/airflow/example_dags/example_trigger_target_dag.py
[2025-08-19T17:48:23.362+0200] {processor.py:830} INFO - Processing file /Users/ehabhasan/.venvs/airflow310/lib/python3.10/site-packages/airflow/example_dags/example_trigger_target_dag.py for tasks to queue
[2025-08-19T17:48:23.362+0200] {logging_mixin.py:188} INFO - [2025-08-19T17:48:23.362+0200] {dagbag.py:545} INFO - Filling up the DagBag from /Users/ehabhasan/.venvs/airflow310/lib/python3.10/site-packages/airflow/example_dags/example_trigger_target_dag.py
[2025-08-19T17:48:23.375+0200] {processor.py:840} INFO - DAG(s) 'example_trigger_target_dag' retrieved from /Users/ehabhasan/.venvs/airflow310/lib/python3.10/site-packages/airflow/example_dags/example_trigger_target_dag.py
[2025-08-19T17:48:23.409+0200] {logging_mixin.py:188} INFO - [2025-08-19T17:48:23.409+0200] {dag.py:3089} INFO - Sync 1 DAGs
[2025-08-19T17:48:23.432+0200] {logging_mixin.py:188} INFO - [2025-08-19T17:48:23.432+0200] {dag.py:3947} INFO - Setting next_dagrun for example_trigger_target_dag to None, run_after=None
[2025-08-19T17:48:23.439+0200] {processor.py:183} INFO - Processing /Users/ehabhasan/.venvs/airflow310/lib/python3.10/site-packages/airflow/example_dags/example_trigger_target_dag.py took 0.079 seconds
[2025-08-19T17:49:20.522+0200] {processor.py:161} INFO - Started process (PID=15149) to work on /Users/ehabhasan/.venvs/airflow310/lib/python3.10/site-packages/airflow/example_dags/example_trigger_target_dag.py
[2025-08-19T17:49:20.523+0200] {processor.py:830} INFO - Processing file /Users/ehabhasan/.venvs/airflow310/lib/python3.10/site-packages/airflow/example_dags/example_trigger_target_dag.py for tasks to queue
[2025-08-19T17:49:20.523+0200] {logging_mixin.py:188} INFO - [2025-08-19T17:49:20.523+0200] {dagbag.py:545} INFO - Filling up the DagBag from /Users/ehabhasan/.venvs/airflow310/lib/python3.10/site-packages/airflow/example_dags/example_trigger_target_dag.py
[2025-08-19T17:49:20.537+0200] {processor.py:840} INFO - DAG(s) 'example_trigger_target_dag' retrieved from /Users/ehabhasan/.venvs/airflow310/lib/python3.10/site-packages/airflow/example_dags/example_trigger_target_dag.py
[2025-08-19T17:49:20.573+0200] {logging_mixin.py:188} INFO - [2025-08-19T17:49:20.572+0200] {dag.py:3089} INFO - Sync 1 DAGs
[2025-08-19T17:49:20.600+0200] {logging_mixin.py:188} INFO - [2025-08-19T17:49:20.600+0200] {dag.py:3947} INFO - Setting next_dagrun for example_trigger_target_dag to None, run_after=None
[2025-08-19T17:49:20.607+0200] {processor.py:183} INFO - Processing /Users/ehabhasan/.venvs/airflow310/lib/python3.10/site-packages/airflow/example_dags/example_trigger_target_dag.py took 0.086 seconds
