[2025-08-19T16:49:06.593+0200] {processor.py:161} INFO - Started process (PID=7670) to work on /Users/ehabhasan/.venvs/airflow310/lib/python3.10/site-packages/airflow/example_dags/example_bash_operator.py
[2025-08-19T16:49:06.594+0200] {processor.py:830} INFO - Processing file /Users/ehabhasan/.venvs/airflow310/lib/python3.10/site-packages/airflow/example_dags/example_bash_operator.py for tasks to queue
[2025-08-19T16:49:06.594+0200] {logging_mixin.py:188} INFO - [2025-08-19T16:49:06.594+0200] {dagbag.py:545} INFO - Filling up the DagBag from /Users/ehabhasan/.venvs/airflow310/lib/python3.10/site-packages/airflow/example_dags/example_bash_operator.py
[2025-08-19T16:49:06.599+0200] {processor.py:840} INFO - DAG(s) 'example_bash_operator' retrieved from /Users/ehabhasan/.venvs/airflow310/lib/python3.10/site-packages/airflow/example_dags/example_bash_operator.py
[2025-08-19T16:49:06.684+0200] {logging_mixin.py:188} INFO - [2025-08-19T16:49:06.684+0200] {dag.py:3089} INFO - Sync 1 DAGs
[2025-08-19T16:49:06.690+0200] {logging_mixin.py:188} INFO - [2025-08-19T16:49:06.690+0200] {dag.py:3947} INFO - Setting next_dagrun for example_bash_operator to 2025-08-18 00:00:00+00:00, run_after=2025-08-19 00:00:00+00:00
[2025-08-19T16:49:06.697+0200] {processor.py:183} INFO - Processing /Users/ehabhasan/.venvs/airflow310/lib/python3.10/site-packages/airflow/example_dags/example_bash_operator.py took 0.105 seconds
[2025-08-19T16:50:40.408+0200] {processor.py:161} INFO - Started process (PID=7742) to work on /Users/ehabhasan/.venvs/airflow310/lib/python3.10/site-packages/airflow/example_dags/example_bash_operator.py
[2025-08-19T16:50:40.409+0200] {processor.py:830} INFO - Processing file /Users/ehabhasan/.venvs/airflow310/lib/python3.10/site-packages/airflow/example_dags/example_bash_operator.py for tasks to queue
[2025-08-19T16:50:40.409+0200] {logging_mixin.py:188} INFO - [2025-08-19T16:50:40.409+0200] {dagbag.py:545} INFO - Filling up the DagBag from /Users/ehabhasan/.venvs/airflow310/lib/python3.10/site-packages/airflow/example_dags/example_bash_operator.py
[2025-08-19T16:50:40.413+0200] {processor.py:840} INFO - DAG(s) 'example_bash_operator' retrieved from /Users/ehabhasan/.venvs/airflow310/lib/python3.10/site-packages/airflow/example_dags/example_bash_operator.py
[2025-08-19T16:50:40.451+0200] {logging_mixin.py:188} INFO - [2025-08-19T16:50:40.451+0200] {dag.py:3089} INFO - Sync 1 DAGs
[2025-08-19T16:50:40.457+0200] {logging_mixin.py:188} INFO - [2025-08-19T16:50:40.456+0200] {dag.py:3947} INFO - Setting next_dagrun for example_bash_operator to 2025-08-18 00:00:00+00:00, run_after=2025-08-19 00:00:00+00:00
[2025-08-19T16:50:40.462+0200] {processor.py:183} INFO - Processing /Users/ehabhasan/.venvs/airflow310/lib/python3.10/site-packages/airflow/example_dags/example_bash_operator.py took 0.056 seconds
[2025-08-19T16:52:19.978+0200] {processor.py:161} INFO - Started process (PID=7814) to work on /Users/ehabhasan/.venvs/airflow310/lib/python3.10/site-packages/airflow/example_dags/example_bash_operator.py
[2025-08-19T16:52:19.978+0200] {processor.py:830} INFO - Processing file /Users/ehabhasan/.venvs/airflow310/lib/python3.10/site-packages/airflow/example_dags/example_bash_operator.py for tasks to queue
[2025-08-19T16:52:19.978+0200] {logging_mixin.py:188} INFO - [2025-08-19T16:52:19.978+0200] {dagbag.py:545} INFO - Filling up the DagBag from /Users/ehabhasan/.venvs/airflow310/lib/python3.10/site-packages/airflow/example_dags/example_bash_operator.py
[2025-08-19T16:52:19.982+0200] {processor.py:840} INFO - DAG(s) 'example_bash_operator' retrieved from /Users/ehabhasan/.venvs/airflow310/lib/python3.10/site-packages/airflow/example_dags/example_bash_operator.py
[2025-08-19T16:52:20.020+0200] {logging_mixin.py:188} INFO - [2025-08-19T16:52:20.020+0200] {dag.py:3089} INFO - Sync 1 DAGs
[2025-08-19T16:52:20.026+0200] {logging_mixin.py:188} INFO - [2025-08-19T16:52:20.026+0200] {dag.py:3947} INFO - Setting next_dagrun for example_bash_operator to 2025-08-18 00:00:00+00:00, run_after=2025-08-19 00:00:00+00:00
[2025-08-19T16:52:20.033+0200] {processor.py:183} INFO - Processing /Users/ehabhasan/.venvs/airflow310/lib/python3.10/site-packages/airflow/example_dags/example_bash_operator.py took 0.057 seconds
[2025-08-19T16:53:55.900+0200] {processor.py:161} INFO - Started process (PID=7889) to work on /Users/ehabhasan/.venvs/airflow310/lib/python3.10/site-packages/airflow/example_dags/example_bash_operator.py
[2025-08-19T16:53:55.900+0200] {processor.py:830} INFO - Processing file /Users/ehabhasan/.venvs/airflow310/lib/python3.10/site-packages/airflow/example_dags/example_bash_operator.py for tasks to queue
[2025-08-19T16:53:55.900+0200] {logging_mixin.py:188} INFO - [2025-08-19T16:53:55.900+0200] {dagbag.py:545} INFO - Filling up the DagBag from /Users/ehabhasan/.venvs/airflow310/lib/python3.10/site-packages/airflow/example_dags/example_bash_operator.py
[2025-08-19T16:53:55.905+0200] {processor.py:840} INFO - DAG(s) 'example_bash_operator' retrieved from /Users/ehabhasan/.venvs/airflow310/lib/python3.10/site-packages/airflow/example_dags/example_bash_operator.py
[2025-08-19T16:53:55.943+0200] {logging_mixin.py:188} INFO - [2025-08-19T16:53:55.943+0200] {dag.py:3089} INFO - Sync 1 DAGs
[2025-08-19T16:53:55.949+0200] {logging_mixin.py:188} INFO - [2025-08-19T16:53:55.949+0200] {dag.py:3947} INFO - Setting next_dagrun for example_bash_operator to 2025-08-18 00:00:00+00:00, run_after=2025-08-19 00:00:00+00:00
[2025-08-19T16:53:55.955+0200] {processor.py:183} INFO - Processing /Users/ehabhasan/.venvs/airflow310/lib/python3.10/site-packages/airflow/example_dags/example_bash_operator.py took 0.057 seconds
[2025-08-19T16:55:33.059+0200] {processor.py:161} INFO - Started process (PID=7993) to work on /Users/ehabhasan/.venvs/airflow310/lib/python3.10/site-packages/airflow/example_dags/example_bash_operator.py
[2025-08-19T16:55:33.060+0200] {processor.py:830} INFO - Processing file /Users/ehabhasan/.venvs/airflow310/lib/python3.10/site-packages/airflow/example_dags/example_bash_operator.py for tasks to queue
[2025-08-19T16:55:33.061+0200] {logging_mixin.py:188} INFO - [2025-08-19T16:55:33.061+0200] {dagbag.py:545} INFO - Filling up the DagBag from /Users/ehabhasan/.venvs/airflow310/lib/python3.10/site-packages/airflow/example_dags/example_bash_operator.py
[2025-08-19T16:55:33.065+0200] {processor.py:840} INFO - DAG(s) 'example_bash_operator' retrieved from /Users/ehabhasan/.venvs/airflow310/lib/python3.10/site-packages/airflow/example_dags/example_bash_operator.py
[2025-08-19T16:55:33.103+0200] {logging_mixin.py:188} INFO - [2025-08-19T16:55:33.103+0200] {dag.py:3089} INFO - Sync 1 DAGs
[2025-08-19T16:55:33.108+0200] {logging_mixin.py:188} INFO - [2025-08-19T16:55:33.108+0200] {dag.py:3947} INFO - Setting next_dagrun for example_bash_operator to 2025-08-18 00:00:00+00:00, run_after=2025-08-19 00:00:00+00:00
[2025-08-19T16:55:33.115+0200] {processor.py:183} INFO - Processing /Users/ehabhasan/.venvs/airflow310/lib/python3.10/site-packages/airflow/example_dags/example_bash_operator.py took 0.057 seconds
[2025-08-19T16:57:19.765+0200] {processor.py:161} INFO - Started process (PID=8072) to work on /Users/ehabhasan/.venvs/airflow310/lib/python3.10/site-packages/airflow/example_dags/example_bash_operator.py
[2025-08-19T16:57:19.765+0200] {processor.py:830} INFO - Processing file /Users/ehabhasan/.venvs/airflow310/lib/python3.10/site-packages/airflow/example_dags/example_bash_operator.py for tasks to queue
[2025-08-19T16:57:19.765+0200] {logging_mixin.py:188} INFO - [2025-08-19T16:57:19.765+0200] {dagbag.py:545} INFO - Filling up the DagBag from /Users/ehabhasan/.venvs/airflow310/lib/python3.10/site-packages/airflow/example_dags/example_bash_operator.py
[2025-08-19T16:57:19.770+0200] {processor.py:840} INFO - DAG(s) 'example_bash_operator' retrieved from /Users/ehabhasan/.venvs/airflow310/lib/python3.10/site-packages/airflow/example_dags/example_bash_operator.py
[2025-08-19T16:57:19.809+0200] {logging_mixin.py:188} INFO - [2025-08-19T16:57:19.809+0200] {dag.py:3089} INFO - Sync 1 DAGs
[2025-08-19T16:57:19.815+0200] {logging_mixin.py:188} INFO - [2025-08-19T16:57:19.815+0200] {dag.py:3947} INFO - Setting next_dagrun for example_bash_operator to 2025-08-18 00:00:00+00:00, run_after=2025-08-19 00:00:00+00:00
[2025-08-19T16:57:19.821+0200] {processor.py:183} INFO - Processing /Users/ehabhasan/.venvs/airflow310/lib/python3.10/site-packages/airflow/example_dags/example_bash_operator.py took 0.058 seconds
[2025-08-19T16:58:56.447+0200] {processor.py:161} INFO - Started process (PID=8155) to work on /Users/ehabhasan/.venvs/airflow310/lib/python3.10/site-packages/airflow/example_dags/example_bash_operator.py
[2025-08-19T16:58:56.447+0200] {processor.py:830} INFO - Processing file /Users/ehabhasan/.venvs/airflow310/lib/python3.10/site-packages/airflow/example_dags/example_bash_operator.py for tasks to queue
[2025-08-19T16:58:56.447+0200] {logging_mixin.py:188} INFO - [2025-08-19T16:58:56.447+0200] {dagbag.py:545} INFO - Filling up the DagBag from /Users/ehabhasan/.venvs/airflow310/lib/python3.10/site-packages/airflow/example_dags/example_bash_operator.py
[2025-08-19T16:58:56.452+0200] {processor.py:840} INFO - DAG(s) 'example_bash_operator' retrieved from /Users/ehabhasan/.venvs/airflow310/lib/python3.10/site-packages/airflow/example_dags/example_bash_operator.py
[2025-08-19T16:58:56.490+0200] {logging_mixin.py:188} INFO - [2025-08-19T16:58:56.490+0200] {dag.py:3089} INFO - Sync 1 DAGs
[2025-08-19T16:58:56.496+0200] {logging_mixin.py:188} INFO - [2025-08-19T16:58:56.496+0200] {dag.py:3947} INFO - Setting next_dagrun for example_bash_operator to 2025-08-18 00:00:00+00:00, run_after=2025-08-19 00:00:00+00:00
[2025-08-19T16:58:56.502+0200] {processor.py:183} INFO - Processing /Users/ehabhasan/.venvs/airflow310/lib/python3.10/site-packages/airflow/example_dags/example_bash_operator.py took 0.057 seconds
[2025-08-19T17:01:17.345+0200] {processor.py:161} INFO - Started process (PID=8261) to work on /Users/ehabhasan/.venvs/airflow310/lib/python3.10/site-packages/airflow/example_dags/example_bash_operator.py
[2025-08-19T17:01:17.346+0200] {processor.py:830} INFO - Processing file /Users/ehabhasan/.venvs/airflow310/lib/python3.10/site-packages/airflow/example_dags/example_bash_operator.py for tasks to queue
[2025-08-19T17:01:17.346+0200] {logging_mixin.py:188} INFO - [2025-08-19T17:01:17.346+0200] {dagbag.py:545} INFO - Filling up the DagBag from /Users/ehabhasan/.venvs/airflow310/lib/python3.10/site-packages/airflow/example_dags/example_bash_operator.py
[2025-08-19T17:01:17.350+0200] {processor.py:840} INFO - DAG(s) 'example_bash_operator' retrieved from /Users/ehabhasan/.venvs/airflow310/lib/python3.10/site-packages/airflow/example_dags/example_bash_operator.py
[2025-08-19T17:01:17.389+0200] {logging_mixin.py:188} INFO - [2025-08-19T17:01:17.389+0200] {dag.py:3089} INFO - Sync 1 DAGs
[2025-08-19T17:01:17.394+0200] {logging_mixin.py:188} INFO - [2025-08-19T17:01:17.394+0200] {dag.py:3947} INFO - Setting next_dagrun for example_bash_operator to 2025-08-18 00:00:00+00:00, run_after=2025-08-19 00:00:00+00:00
[2025-08-19T17:01:17.400+0200] {processor.py:183} INFO - Processing /Users/ehabhasan/.venvs/airflow310/lib/python3.10/site-packages/airflow/example_dags/example_bash_operator.py took 0.057 seconds
[2025-08-19T17:02:58.453+0200] {processor.py:161} INFO - Started process (PID=8349) to work on /Users/ehabhasan/.venvs/airflow310/lib/python3.10/site-packages/airflow/example_dags/example_bash_operator.py
[2025-08-19T17:02:58.454+0200] {processor.py:830} INFO - Processing file /Users/ehabhasan/.venvs/airflow310/lib/python3.10/site-packages/airflow/example_dags/example_bash_operator.py for tasks to queue
[2025-08-19T17:02:58.454+0200] {logging_mixin.py:188} INFO - [2025-08-19T17:02:58.454+0200] {dagbag.py:545} INFO - Filling up the DagBag from /Users/ehabhasan/.venvs/airflow310/lib/python3.10/site-packages/airflow/example_dags/example_bash_operator.py
[2025-08-19T17:02:58.458+0200] {processor.py:840} INFO - DAG(s) 'example_bash_operator' retrieved from /Users/ehabhasan/.venvs/airflow310/lib/python3.10/site-packages/airflow/example_dags/example_bash_operator.py
[2025-08-19T17:02:58.496+0200] {logging_mixin.py:188} INFO - [2025-08-19T17:02:58.496+0200] {dag.py:3089} INFO - Sync 1 DAGs
[2025-08-19T17:02:58.502+0200] {logging_mixin.py:188} INFO - [2025-08-19T17:02:58.502+0200] {dag.py:3947} INFO - Setting next_dagrun for example_bash_operator to 2025-08-18 00:00:00+00:00, run_after=2025-08-19 00:00:00+00:00
[2025-08-19T17:02:58.508+0200] {processor.py:183} INFO - Processing /Users/ehabhasan/.venvs/airflow310/lib/python3.10/site-packages/airflow/example_dags/example_bash_operator.py took 0.057 seconds
[2025-08-19T17:04:35.099+0200] {processor.py:161} INFO - Started process (PID=8947) to work on /Users/ehabhasan/.venvs/airflow310/lib/python3.10/site-packages/airflow/example_dags/example_bash_operator.py
[2025-08-19T17:04:35.100+0200] {processor.py:830} INFO - Processing file /Users/ehabhasan/.venvs/airflow310/lib/python3.10/site-packages/airflow/example_dags/example_bash_operator.py for tasks to queue
[2025-08-19T17:04:35.100+0200] {logging_mixin.py:188} INFO - [2025-08-19T17:04:35.100+0200] {dagbag.py:545} INFO - Filling up the DagBag from /Users/ehabhasan/.venvs/airflow310/lib/python3.10/site-packages/airflow/example_dags/example_bash_operator.py
[2025-08-19T17:04:35.105+0200] {processor.py:840} INFO - DAG(s) 'example_bash_operator' retrieved from /Users/ehabhasan/.venvs/airflow310/lib/python3.10/site-packages/airflow/example_dags/example_bash_operator.py
[2025-08-19T17:04:35.144+0200] {logging_mixin.py:188} INFO - [2025-08-19T17:04:35.144+0200] {dag.py:3089} INFO - Sync 1 DAGs
[2025-08-19T17:04:35.150+0200] {logging_mixin.py:188} INFO - [2025-08-19T17:04:35.150+0200] {dag.py:3947} INFO - Setting next_dagrun for example_bash_operator to 2025-08-18 00:00:00+00:00, run_after=2025-08-19 00:00:00+00:00
[2025-08-19T17:04:35.156+0200] {processor.py:183} INFO - Processing /Users/ehabhasan/.venvs/airflow310/lib/python3.10/site-packages/airflow/example_dags/example_bash_operator.py took 0.059 seconds
[2025-08-19T17:06:21.052+0200] {processor.py:161} INFO - Started process (PID=9438) to work on /Users/ehabhasan/.venvs/airflow310/lib/python3.10/site-packages/airflow/example_dags/example_bash_operator.py
[2025-08-19T17:06:21.053+0200] {processor.py:830} INFO - Processing file /Users/ehabhasan/.venvs/airflow310/lib/python3.10/site-packages/airflow/example_dags/example_bash_operator.py for tasks to queue
[2025-08-19T17:06:21.053+0200] {logging_mixin.py:188} INFO - [2025-08-19T17:06:21.053+0200] {dagbag.py:545} INFO - Filling up the DagBag from /Users/ehabhasan/.venvs/airflow310/lib/python3.10/site-packages/airflow/example_dags/example_bash_operator.py
[2025-08-19T17:06:21.057+0200] {processor.py:840} INFO - DAG(s) 'example_bash_operator' retrieved from /Users/ehabhasan/.venvs/airflow310/lib/python3.10/site-packages/airflow/example_dags/example_bash_operator.py
[2025-08-19T17:06:21.096+0200] {logging_mixin.py:188} INFO - [2025-08-19T17:06:21.096+0200] {dag.py:3089} INFO - Sync 1 DAGs
[2025-08-19T17:06:21.102+0200] {logging_mixin.py:188} INFO - [2025-08-19T17:06:21.102+0200] {dag.py:3947} INFO - Setting next_dagrun for example_bash_operator to 2025-08-18 00:00:00+00:00, run_after=2025-08-19 00:00:00+00:00
[2025-08-19T17:06:21.108+0200] {processor.py:183} INFO - Processing /Users/ehabhasan/.venvs/airflow310/lib/python3.10/site-packages/airflow/example_dags/example_bash_operator.py took 0.058 seconds
[2025-08-19T17:08:08.717+0200] {processor.py:161} INFO - Started process (PID=10131) to work on /Users/ehabhasan/.venvs/airflow310/lib/python3.10/site-packages/airflow/example_dags/example_bash_operator.py
[2025-08-19T17:08:08.717+0200] {processor.py:830} INFO - Processing file /Users/ehabhasan/.venvs/airflow310/lib/python3.10/site-packages/airflow/example_dags/example_bash_operator.py for tasks to queue
[2025-08-19T17:08:08.718+0200] {logging_mixin.py:188} INFO - [2025-08-19T17:08:08.718+0200] {dagbag.py:545} INFO - Filling up the DagBag from /Users/ehabhasan/.venvs/airflow310/lib/python3.10/site-packages/airflow/example_dags/example_bash_operator.py
[2025-08-19T17:08:08.722+0200] {processor.py:840} INFO - DAG(s) 'example_bash_operator' retrieved from /Users/ehabhasan/.venvs/airflow310/lib/python3.10/site-packages/airflow/example_dags/example_bash_operator.py
[2025-08-19T17:08:08.759+0200] {logging_mixin.py:188} INFO - [2025-08-19T17:08:08.759+0200] {dag.py:3089} INFO - Sync 1 DAGs
[2025-08-19T17:08:08.765+0200] {logging_mixin.py:188} INFO - [2025-08-19T17:08:08.765+0200] {dag.py:3947} INFO - Setting next_dagrun for example_bash_operator to 2025-08-18 00:00:00+00:00, run_after=2025-08-19 00:00:00+00:00
[2025-08-19T17:08:08.771+0200] {processor.py:183} INFO - Processing /Users/ehabhasan/.venvs/airflow310/lib/python3.10/site-packages/airflow/example_dags/example_bash_operator.py took 0.055 seconds
[2025-08-19T17:09:57.728+0200] {processor.py:161} INFO - Started process (PID=10246) to work on /Users/ehabhasan/.venvs/airflow310/lib/python3.10/site-packages/airflow/example_dags/example_bash_operator.py
[2025-08-19T17:09:57.729+0200] {processor.py:830} INFO - Processing file /Users/ehabhasan/.venvs/airflow310/lib/python3.10/site-packages/airflow/example_dags/example_bash_operator.py for tasks to queue
[2025-08-19T17:09:57.729+0200] {logging_mixin.py:188} INFO - [2025-08-19T17:09:57.729+0200] {dagbag.py:545} INFO - Filling up the DagBag from /Users/ehabhasan/.venvs/airflow310/lib/python3.10/site-packages/airflow/example_dags/example_bash_operator.py
[2025-08-19T17:09:57.733+0200] {processor.py:840} INFO - DAG(s) 'example_bash_operator' retrieved from /Users/ehabhasan/.venvs/airflow310/lib/python3.10/site-packages/airflow/example_dags/example_bash_operator.py
[2025-08-19T17:09:57.772+0200] {logging_mixin.py:188} INFO - [2025-08-19T17:09:57.772+0200] {dag.py:3089} INFO - Sync 1 DAGs
[2025-08-19T17:09:57.777+0200] {logging_mixin.py:188} INFO - [2025-08-19T17:09:57.777+0200] {dag.py:3947} INFO - Setting next_dagrun for example_bash_operator to 2025-08-18 00:00:00+00:00, run_after=2025-08-19 00:00:00+00:00
[2025-08-19T17:09:57.784+0200] {processor.py:183} INFO - Processing /Users/ehabhasan/.venvs/airflow310/lib/python3.10/site-packages/airflow/example_dags/example_bash_operator.py took 0.057 seconds
[2025-08-19T17:11:42.411+0200] {processor.py:161} INFO - Started process (PID=10327) to work on /Users/ehabhasan/.venvs/airflow310/lib/python3.10/site-packages/airflow/example_dags/example_bash_operator.py
[2025-08-19T17:11:42.411+0200] {processor.py:830} INFO - Processing file /Users/ehabhasan/.venvs/airflow310/lib/python3.10/site-packages/airflow/example_dags/example_bash_operator.py for tasks to queue
[2025-08-19T17:11:42.412+0200] {logging_mixin.py:188} INFO - [2025-08-19T17:11:42.412+0200] {dagbag.py:545} INFO - Filling up the DagBag from /Users/ehabhasan/.venvs/airflow310/lib/python3.10/site-packages/airflow/example_dags/example_bash_operator.py
[2025-08-19T17:11:42.416+0200] {processor.py:840} INFO - DAG(s) 'example_bash_operator' retrieved from /Users/ehabhasan/.venvs/airflow310/lib/python3.10/site-packages/airflow/example_dags/example_bash_operator.py
[2025-08-19T17:11:42.455+0200] {logging_mixin.py:188} INFO - [2025-08-19T17:11:42.454+0200] {dag.py:3089} INFO - Sync 1 DAGs
[2025-08-19T17:11:42.460+0200] {logging_mixin.py:188} INFO - [2025-08-19T17:11:42.460+0200] {dag.py:3947} INFO - Setting next_dagrun for example_bash_operator to 2025-08-18 00:00:00+00:00, run_after=2025-08-19 00:00:00+00:00
[2025-08-19T17:11:42.467+0200] {processor.py:183} INFO - Processing /Users/ehabhasan/.venvs/airflow310/lib/python3.10/site-packages/airflow/example_dags/example_bash_operator.py took 0.057 seconds
[2025-08-19T17:13:35.945+0200] {processor.py:161} INFO - Started process (PID=10424) to work on /Users/ehabhasan/.venvs/airflow310/lib/python3.10/site-packages/airflow/example_dags/example_bash_operator.py
[2025-08-19T17:13:35.945+0200] {processor.py:830} INFO - Processing file /Users/ehabhasan/.venvs/airflow310/lib/python3.10/site-packages/airflow/example_dags/example_bash_operator.py for tasks to queue
[2025-08-19T17:13:35.945+0200] {logging_mixin.py:188} INFO - [2025-08-19T17:13:35.945+0200] {dagbag.py:545} INFO - Filling up the DagBag from /Users/ehabhasan/.venvs/airflow310/lib/python3.10/site-packages/airflow/example_dags/example_bash_operator.py
[2025-08-19T17:13:35.950+0200] {processor.py:840} INFO - DAG(s) 'example_bash_operator' retrieved from /Users/ehabhasan/.venvs/airflow310/lib/python3.10/site-packages/airflow/example_dags/example_bash_operator.py
[2025-08-19T17:13:35.988+0200] {logging_mixin.py:188} INFO - [2025-08-19T17:13:35.987+0200] {dag.py:3089} INFO - Sync 1 DAGs
[2025-08-19T17:13:35.993+0200] {logging_mixin.py:188} INFO - [2025-08-19T17:13:35.993+0200] {dag.py:3947} INFO - Setting next_dagrun for example_bash_operator to 2025-08-18 00:00:00+00:00, run_after=2025-08-19 00:00:00+00:00
[2025-08-19T17:13:36.000+0200] {processor.py:183} INFO - Processing /Users/ehabhasan/.venvs/airflow310/lib/python3.10/site-packages/airflow/example_dags/example_bash_operator.py took 0.057 seconds
[2025-08-19T17:15:27.897+0200] {processor.py:161} INFO - Started process (PID=10775) to work on /Users/ehabhasan/.venvs/airflow310/lib/python3.10/site-packages/airflow/example_dags/example_bash_operator.py
[2025-08-19T17:15:27.897+0200] {processor.py:830} INFO - Processing file /Users/ehabhasan/.venvs/airflow310/lib/python3.10/site-packages/airflow/example_dags/example_bash_operator.py for tasks to queue
[2025-08-19T17:15:27.898+0200] {logging_mixin.py:188} INFO - [2025-08-19T17:15:27.897+0200] {dagbag.py:545} INFO - Filling up the DagBag from /Users/ehabhasan/.venvs/airflow310/lib/python3.10/site-packages/airflow/example_dags/example_bash_operator.py
[2025-08-19T17:15:27.902+0200] {processor.py:840} INFO - DAG(s) 'example_bash_operator' retrieved from /Users/ehabhasan/.venvs/airflow310/lib/python3.10/site-packages/airflow/example_dags/example_bash_operator.py
[2025-08-19T17:15:27.940+0200] {logging_mixin.py:188} INFO - [2025-08-19T17:15:27.940+0200] {dag.py:3089} INFO - Sync 1 DAGs
[2025-08-19T17:15:27.946+0200] {logging_mixin.py:188} INFO - [2025-08-19T17:15:27.946+0200] {dag.py:3947} INFO - Setting next_dagrun for example_bash_operator to 2025-08-18 00:00:00+00:00, run_after=2025-08-19 00:00:00+00:00
[2025-08-19T17:15:27.953+0200] {processor.py:183} INFO - Processing /Users/ehabhasan/.venvs/airflow310/lib/python3.10/site-packages/airflow/example_dags/example_bash_operator.py took 0.057 seconds
[2025-08-19T17:17:21.336+0200] {processor.py:161} INFO - Started process (PID=11436) to work on /Users/ehabhasan/.venvs/airflow310/lib/python3.10/site-packages/airflow/example_dags/example_bash_operator.py
[2025-08-19T17:17:21.337+0200] {processor.py:830} INFO - Processing file /Users/ehabhasan/.venvs/airflow310/lib/python3.10/site-packages/airflow/example_dags/example_bash_operator.py for tasks to queue
[2025-08-19T17:17:21.337+0200] {logging_mixin.py:188} INFO - [2025-08-19T17:17:21.337+0200] {dagbag.py:545} INFO - Filling up the DagBag from /Users/ehabhasan/.venvs/airflow310/lib/python3.10/site-packages/airflow/example_dags/example_bash_operator.py
[2025-08-19T17:17:21.341+0200] {processor.py:840} INFO - DAG(s) 'example_bash_operator' retrieved from /Users/ehabhasan/.venvs/airflow310/lib/python3.10/site-packages/airflow/example_dags/example_bash_operator.py
[2025-08-19T17:17:21.380+0200] {logging_mixin.py:188} INFO - [2025-08-19T17:17:21.380+0200] {dag.py:3089} INFO - Sync 1 DAGs
[2025-08-19T17:17:21.386+0200] {logging_mixin.py:188} INFO - [2025-08-19T17:17:21.386+0200] {dag.py:3947} INFO - Setting next_dagrun for example_bash_operator to 2025-08-18 00:00:00+00:00, run_after=2025-08-19 00:00:00+00:00
[2025-08-19T17:17:21.392+0200] {processor.py:183} INFO - Processing /Users/ehabhasan/.venvs/airflow310/lib/python3.10/site-packages/airflow/example_dags/example_bash_operator.py took 0.058 seconds
[2025-08-19T17:19:08.418+0200] {processor.py:161} INFO - Started process (PID=11534) to work on /Users/ehabhasan/.venvs/airflow310/lib/python3.10/site-packages/airflow/example_dags/example_bash_operator.py
[2025-08-19T17:19:08.420+0200] {processor.py:830} INFO - Processing file /Users/ehabhasan/.venvs/airflow310/lib/python3.10/site-packages/airflow/example_dags/example_bash_operator.py for tasks to queue
[2025-08-19T17:19:08.420+0200] {logging_mixin.py:188} INFO - [2025-08-19T17:19:08.420+0200] {dagbag.py:545} INFO - Filling up the DagBag from /Users/ehabhasan/.venvs/airflow310/lib/python3.10/site-packages/airflow/example_dags/example_bash_operator.py
[2025-08-19T17:19:08.424+0200] {processor.py:840} INFO - DAG(s) 'example_bash_operator' retrieved from /Users/ehabhasan/.venvs/airflow310/lib/python3.10/site-packages/airflow/example_dags/example_bash_operator.py
[2025-08-19T17:19:08.464+0200] {logging_mixin.py:188} INFO - [2025-08-19T17:19:08.464+0200] {dag.py:3089} INFO - Sync 1 DAGs
[2025-08-19T17:19:08.470+0200] {logging_mixin.py:188} INFO - [2025-08-19T17:19:08.470+0200] {dag.py:3947} INFO - Setting next_dagrun for example_bash_operator to 2025-08-18 00:00:00+00:00, run_after=2025-08-19 00:00:00+00:00
[2025-08-19T17:19:08.476+0200] {processor.py:183} INFO - Processing /Users/ehabhasan/.venvs/airflow310/lib/python3.10/site-packages/airflow/example_dags/example_bash_operator.py took 0.059 seconds
[2025-08-19T17:20:50.412+0200] {processor.py:161} INFO - Started process (PID=11623) to work on /Users/ehabhasan/.venvs/airflow310/lib/python3.10/site-packages/airflow/example_dags/example_bash_operator.py
[2025-08-19T17:20:50.412+0200] {processor.py:830} INFO - Processing file /Users/ehabhasan/.venvs/airflow310/lib/python3.10/site-packages/airflow/example_dags/example_bash_operator.py for tasks to queue
[2025-08-19T17:20:50.413+0200] {logging_mixin.py:188} INFO - [2025-08-19T17:20:50.412+0200] {dagbag.py:545} INFO - Filling up the DagBag from /Users/ehabhasan/.venvs/airflow310/lib/python3.10/site-packages/airflow/example_dags/example_bash_operator.py
[2025-08-19T17:20:50.417+0200] {processor.py:840} INFO - DAG(s) 'example_bash_operator' retrieved from /Users/ehabhasan/.venvs/airflow310/lib/python3.10/site-packages/airflow/example_dags/example_bash_operator.py
[2025-08-19T17:20:50.455+0200] {logging_mixin.py:188} INFO - [2025-08-19T17:20:50.455+0200] {dag.py:3089} INFO - Sync 1 DAGs
[2025-08-19T17:20:50.461+0200] {logging_mixin.py:188} INFO - [2025-08-19T17:20:50.461+0200] {dag.py:3947} INFO - Setting next_dagrun for example_bash_operator to 2025-08-18 00:00:00+00:00, run_after=2025-08-19 00:00:00+00:00
[2025-08-19T17:20:50.467+0200] {processor.py:183} INFO - Processing /Users/ehabhasan/.venvs/airflow310/lib/python3.10/site-packages/airflow/example_dags/example_bash_operator.py took 0.057 seconds
[2025-08-19T17:22:42.058+0200] {processor.py:161} INFO - Started process (PID=11695) to work on /Users/ehabhasan/.venvs/airflow310/lib/python3.10/site-packages/airflow/example_dags/example_bash_operator.py
[2025-08-19T17:22:42.058+0200] {processor.py:830} INFO - Processing file /Users/ehabhasan/.venvs/airflow310/lib/python3.10/site-packages/airflow/example_dags/example_bash_operator.py for tasks to queue
[2025-08-19T17:22:42.058+0200] {logging_mixin.py:188} INFO - [2025-08-19T17:22:42.058+0200] {dagbag.py:545} INFO - Filling up the DagBag from /Users/ehabhasan/.venvs/airflow310/lib/python3.10/site-packages/airflow/example_dags/example_bash_operator.py
[2025-08-19T17:22:42.063+0200] {processor.py:840} INFO - DAG(s) 'example_bash_operator' retrieved from /Users/ehabhasan/.venvs/airflow310/lib/python3.10/site-packages/airflow/example_dags/example_bash_operator.py
[2025-08-19T17:22:42.102+0200] {logging_mixin.py:188} INFO - [2025-08-19T17:22:42.102+0200] {dag.py:3089} INFO - Sync 1 DAGs
[2025-08-19T17:22:42.107+0200] {logging_mixin.py:188} INFO - [2025-08-19T17:22:42.107+0200] {dag.py:3947} INFO - Setting next_dagrun for example_bash_operator to 2025-08-18 00:00:00+00:00, run_after=2025-08-19 00:00:00+00:00
[2025-08-19T17:22:42.114+0200] {processor.py:183} INFO - Processing /Users/ehabhasan/.venvs/airflow310/lib/python3.10/site-packages/airflow/example_dags/example_bash_operator.py took 0.058 seconds
[2025-08-19T17:24:27.921+0200] {processor.py:161} INFO - Started process (PID=11779) to work on /Users/ehabhasan/.venvs/airflow310/lib/python3.10/site-packages/airflow/example_dags/example_bash_operator.py
[2025-08-19T17:24:27.922+0200] {processor.py:830} INFO - Processing file /Users/ehabhasan/.venvs/airflow310/lib/python3.10/site-packages/airflow/example_dags/example_bash_operator.py for tasks to queue
[2025-08-19T17:24:27.922+0200] {logging_mixin.py:188} INFO - [2025-08-19T17:24:27.922+0200] {dagbag.py:545} INFO - Filling up the DagBag from /Users/ehabhasan/.venvs/airflow310/lib/python3.10/site-packages/airflow/example_dags/example_bash_operator.py
[2025-08-19T17:24:27.926+0200] {processor.py:840} INFO - DAG(s) 'example_bash_operator' retrieved from /Users/ehabhasan/.venvs/airflow310/lib/python3.10/site-packages/airflow/example_dags/example_bash_operator.py
[2025-08-19T17:24:27.965+0200] {logging_mixin.py:188} INFO - [2025-08-19T17:24:27.965+0200] {dag.py:3089} INFO - Sync 1 DAGs
[2025-08-19T17:24:27.971+0200] {logging_mixin.py:188} INFO - [2025-08-19T17:24:27.971+0200] {dag.py:3947} INFO - Setting next_dagrun for example_bash_operator to 2025-08-18 00:00:00+00:00, run_after=2025-08-19 00:00:00+00:00
[2025-08-19T17:24:27.977+0200] {processor.py:183} INFO - Processing /Users/ehabhasan/.venvs/airflow310/lib/python3.10/site-packages/airflow/example_dags/example_bash_operator.py took 0.058 seconds
[2025-08-19T17:26:13.627+0200] {processor.py:161} INFO - Started process (PID=11858) to work on /Users/ehabhasan/.venvs/airflow310/lib/python3.10/site-packages/airflow/example_dags/example_bash_operator.py
[2025-08-19T17:26:13.628+0200] {processor.py:830} INFO - Processing file /Users/ehabhasan/.venvs/airflow310/lib/python3.10/site-packages/airflow/example_dags/example_bash_operator.py for tasks to queue
[2025-08-19T17:26:13.628+0200] {logging_mixin.py:188} INFO - [2025-08-19T17:26:13.628+0200] {dagbag.py:545} INFO - Filling up the DagBag from /Users/ehabhasan/.venvs/airflow310/lib/python3.10/site-packages/airflow/example_dags/example_bash_operator.py
[2025-08-19T17:26:13.633+0200] {processor.py:840} INFO - DAG(s) 'example_bash_operator' retrieved from /Users/ehabhasan/.venvs/airflow310/lib/python3.10/site-packages/airflow/example_dags/example_bash_operator.py
[2025-08-19T17:26:13.670+0200] {logging_mixin.py:188} INFO - [2025-08-19T17:26:13.670+0200] {dag.py:3089} INFO - Sync 1 DAGs
[2025-08-19T17:26:13.676+0200] {logging_mixin.py:188} INFO - [2025-08-19T17:26:13.676+0200] {dag.py:3947} INFO - Setting next_dagrun for example_bash_operator to 2025-08-18 00:00:00+00:00, run_after=2025-08-19 00:00:00+00:00
[2025-08-19T17:26:13.682+0200] {processor.py:183} INFO - Processing /Users/ehabhasan/.venvs/airflow310/lib/python3.10/site-packages/airflow/example_dags/example_bash_operator.py took 0.057 seconds
[2025-08-19T17:28:04.490+0200] {processor.py:161} INFO - Started process (PID=11946) to work on /Users/ehabhasan/.venvs/airflow310/lib/python3.10/site-packages/airflow/example_dags/example_bash_operator.py
[2025-08-19T17:28:04.491+0200] {processor.py:830} INFO - Processing file /Users/ehabhasan/.venvs/airflow310/lib/python3.10/site-packages/airflow/example_dags/example_bash_operator.py for tasks to queue
[2025-08-19T17:28:04.491+0200] {logging_mixin.py:188} INFO - [2025-08-19T17:28:04.491+0200] {dagbag.py:545} INFO - Filling up the DagBag from /Users/ehabhasan/.venvs/airflow310/lib/python3.10/site-packages/airflow/example_dags/example_bash_operator.py
[2025-08-19T17:28:04.496+0200] {processor.py:840} INFO - DAG(s) 'example_bash_operator' retrieved from /Users/ehabhasan/.venvs/airflow310/lib/python3.10/site-packages/airflow/example_dags/example_bash_operator.py
[2025-08-19T17:28:04.535+0200] {logging_mixin.py:188} INFO - [2025-08-19T17:28:04.535+0200] {dag.py:3089} INFO - Sync 1 DAGs
[2025-08-19T17:28:04.541+0200] {logging_mixin.py:188} INFO - [2025-08-19T17:28:04.541+0200] {dag.py:3947} INFO - Setting next_dagrun for example_bash_operator to 2025-08-18 00:00:00+00:00, run_after=2025-08-19 00:00:00+00:00
[2025-08-19T17:28:04.548+0200] {processor.py:183} INFO - Processing /Users/ehabhasan/.venvs/airflow310/lib/python3.10/site-packages/airflow/example_dags/example_bash_operator.py took 0.059 seconds
[2025-08-19T17:29:55.783+0200] {processor.py:161} INFO - Started process (PID=12595) to work on /Users/ehabhasan/.venvs/airflow310/lib/python3.10/site-packages/airflow/example_dags/example_bash_operator.py
[2025-08-19T17:29:55.785+0200] {processor.py:830} INFO - Processing file /Users/ehabhasan/.venvs/airflow310/lib/python3.10/site-packages/airflow/example_dags/example_bash_operator.py for tasks to queue
[2025-08-19T17:29:55.785+0200] {logging_mixin.py:188} INFO - [2025-08-19T17:29:55.785+0200] {dagbag.py:545} INFO - Filling up the DagBag from /Users/ehabhasan/.venvs/airflow310/lib/python3.10/site-packages/airflow/example_dags/example_bash_operator.py
[2025-08-19T17:29:55.790+0200] {processor.py:840} INFO - DAG(s) 'example_bash_operator' retrieved from /Users/ehabhasan/.venvs/airflow310/lib/python3.10/site-packages/airflow/example_dags/example_bash_operator.py
[2025-08-19T17:29:55.828+0200] {logging_mixin.py:188} INFO - [2025-08-19T17:29:55.828+0200] {dag.py:3089} INFO - Sync 1 DAGs
[2025-08-19T17:29:55.834+0200] {logging_mixin.py:188} INFO - [2025-08-19T17:29:55.834+0200] {dag.py:3947} INFO - Setting next_dagrun for example_bash_operator to 2025-08-18 00:00:00+00:00, run_after=2025-08-19 00:00:00+00:00
[2025-08-19T17:29:55.840+0200] {processor.py:183} INFO - Processing /Users/ehabhasan/.venvs/airflow310/lib/python3.10/site-packages/airflow/example_dags/example_bash_operator.py took 0.059 seconds
[2025-08-19T17:31:45.586+0200] {processor.py:161} INFO - Started process (PID=13949) to work on /Users/ehabhasan/.venvs/airflow310/lib/python3.10/site-packages/airflow/example_dags/example_bash_operator.py
[2025-08-19T17:31:45.587+0200] {processor.py:830} INFO - Processing file /Users/ehabhasan/.venvs/airflow310/lib/python3.10/site-packages/airflow/example_dags/example_bash_operator.py for tasks to queue
[2025-08-19T17:31:45.587+0200] {logging_mixin.py:188} INFO - [2025-08-19T17:31:45.587+0200] {dagbag.py:545} INFO - Filling up the DagBag from /Users/ehabhasan/.venvs/airflow310/lib/python3.10/site-packages/airflow/example_dags/example_bash_operator.py
[2025-08-19T17:31:45.592+0200] {processor.py:840} INFO - DAG(s) 'example_bash_operator' retrieved from /Users/ehabhasan/.venvs/airflow310/lib/python3.10/site-packages/airflow/example_dags/example_bash_operator.py
[2025-08-19T17:31:45.630+0200] {logging_mixin.py:188} INFO - [2025-08-19T17:31:45.630+0200] {dag.py:3089} INFO - Sync 1 DAGs
[2025-08-19T17:31:45.636+0200] {logging_mixin.py:188} INFO - [2025-08-19T17:31:45.636+0200] {dag.py:3947} INFO - Setting next_dagrun for example_bash_operator to 2025-08-18 00:00:00+00:00, run_after=2025-08-19 00:00:00+00:00
[2025-08-19T17:31:45.642+0200] {processor.py:183} INFO - Processing /Users/ehabhasan/.venvs/airflow310/lib/python3.10/site-packages/airflow/example_dags/example_bash_operator.py took 0.058 seconds
[2025-08-19T17:33:37.372+0200] {processor.py:161} INFO - Started process (PID=14213) to work on /Users/ehabhasan/.venvs/airflow310/lib/python3.10/site-packages/airflow/example_dags/example_bash_operator.py
[2025-08-19T17:33:37.372+0200] {processor.py:830} INFO - Processing file /Users/ehabhasan/.venvs/airflow310/lib/python3.10/site-packages/airflow/example_dags/example_bash_operator.py for tasks to queue
[2025-08-19T17:33:37.372+0200] {logging_mixin.py:188} INFO - [2025-08-19T17:33:37.372+0200] {dagbag.py:545} INFO - Filling up the DagBag from /Users/ehabhasan/.venvs/airflow310/lib/python3.10/site-packages/airflow/example_dags/example_bash_operator.py
[2025-08-19T17:33:37.377+0200] {processor.py:840} INFO - DAG(s) 'example_bash_operator' retrieved from /Users/ehabhasan/.venvs/airflow310/lib/python3.10/site-packages/airflow/example_dags/example_bash_operator.py
[2025-08-19T17:33:37.416+0200] {logging_mixin.py:188} INFO - [2025-08-19T17:33:37.416+0200] {dag.py:3089} INFO - Sync 1 DAGs
[2025-08-19T17:33:37.422+0200] {logging_mixin.py:188} INFO - [2025-08-19T17:33:37.422+0200] {dag.py:3947} INFO - Setting next_dagrun for example_bash_operator to 2025-08-18 00:00:00+00:00, run_after=2025-08-19 00:00:00+00:00
[2025-08-19T17:33:37.428+0200] {processor.py:183} INFO - Processing /Users/ehabhasan/.venvs/airflow310/lib/python3.10/site-packages/airflow/example_dags/example_bash_operator.py took 0.058 seconds
[2025-08-19T17:35:23.148+0200] {processor.py:161} INFO - Started process (PID=14392) to work on /Users/ehabhasan/.venvs/airflow310/lib/python3.10/site-packages/airflow/example_dags/example_bash_operator.py
[2025-08-19T17:35:23.148+0200] {processor.py:830} INFO - Processing file /Users/ehabhasan/.venvs/airflow310/lib/python3.10/site-packages/airflow/example_dags/example_bash_operator.py for tasks to queue
[2025-08-19T17:35:23.148+0200] {logging_mixin.py:188} INFO - [2025-08-19T17:35:23.148+0200] {dagbag.py:545} INFO - Filling up the DagBag from /Users/ehabhasan/.venvs/airflow310/lib/python3.10/site-packages/airflow/example_dags/example_bash_operator.py
[2025-08-19T17:35:23.153+0200] {processor.py:840} INFO - DAG(s) 'example_bash_operator' retrieved from /Users/ehabhasan/.venvs/airflow310/lib/python3.10/site-packages/airflow/example_dags/example_bash_operator.py
[2025-08-19T17:35:23.193+0200] {logging_mixin.py:188} INFO - [2025-08-19T17:35:23.193+0200] {dag.py:3089} INFO - Sync 1 DAGs
[2025-08-19T17:35:23.199+0200] {logging_mixin.py:188} INFO - [2025-08-19T17:35:23.198+0200] {dag.py:3947} INFO - Setting next_dagrun for example_bash_operator to 2025-08-18 00:00:00+00:00, run_after=2025-08-19 00:00:00+00:00
[2025-08-19T17:35:23.205+0200] {processor.py:183} INFO - Processing /Users/ehabhasan/.venvs/airflow310/lib/python3.10/site-packages/airflow/example_dags/example_bash_operator.py took 0.059 seconds
[2025-08-19T17:37:18.377+0200] {processor.py:161} INFO - Started process (PID=14540) to work on /Users/ehabhasan/.venvs/airflow310/lib/python3.10/site-packages/airflow/example_dags/example_bash_operator.py
[2025-08-19T17:37:18.377+0200] {processor.py:830} INFO - Processing file /Users/ehabhasan/.venvs/airflow310/lib/python3.10/site-packages/airflow/example_dags/example_bash_operator.py for tasks to queue
[2025-08-19T17:37:18.377+0200] {logging_mixin.py:188} INFO - [2025-08-19T17:37:18.377+0200] {dagbag.py:545} INFO - Filling up the DagBag from /Users/ehabhasan/.venvs/airflow310/lib/python3.10/site-packages/airflow/example_dags/example_bash_operator.py
[2025-08-19T17:37:18.381+0200] {processor.py:840} INFO - DAG(s) 'example_bash_operator' retrieved from /Users/ehabhasan/.venvs/airflow310/lib/python3.10/site-packages/airflow/example_dags/example_bash_operator.py
[2025-08-19T17:37:18.420+0200] {logging_mixin.py:188} INFO - [2025-08-19T17:37:18.420+0200] {dag.py:3089} INFO - Sync 1 DAGs
[2025-08-19T17:37:18.426+0200] {logging_mixin.py:188} INFO - [2025-08-19T17:37:18.426+0200] {dag.py:3947} INFO - Setting next_dagrun for example_bash_operator to 2025-08-18 00:00:00+00:00, run_after=2025-08-19 00:00:00+00:00
[2025-08-19T17:37:18.432+0200] {processor.py:183} INFO - Processing /Users/ehabhasan/.venvs/airflow310/lib/python3.10/site-packages/airflow/example_dags/example_bash_operator.py took 0.057 seconds
[2025-08-19T17:39:18.624+0200] {processor.py:161} INFO - Started process (PID=14752) to work on /Users/ehabhasan/.venvs/airflow310/lib/python3.10/site-packages/airflow/example_dags/example_bash_operator.py
[2025-08-19T17:39:18.624+0200] {processor.py:830} INFO - Processing file /Users/ehabhasan/.venvs/airflow310/lib/python3.10/site-packages/airflow/example_dags/example_bash_operator.py for tasks to queue
[2025-08-19T17:39:18.624+0200] {logging_mixin.py:188} INFO - [2025-08-19T17:39:18.624+0200] {dagbag.py:545} INFO - Filling up the DagBag from /Users/ehabhasan/.venvs/airflow310/lib/python3.10/site-packages/airflow/example_dags/example_bash_operator.py
[2025-08-19T17:39:18.629+0200] {processor.py:840} INFO - DAG(s) 'example_bash_operator' retrieved from /Users/ehabhasan/.venvs/airflow310/lib/python3.10/site-packages/airflow/example_dags/example_bash_operator.py
[2025-08-19T17:39:18.667+0200] {logging_mixin.py:188} INFO - [2025-08-19T17:39:18.667+0200] {dag.py:3089} INFO - Sync 1 DAGs
[2025-08-19T17:39:18.673+0200] {logging_mixin.py:188} INFO - [2025-08-19T17:39:18.673+0200] {dag.py:3947} INFO - Setting next_dagrun for example_bash_operator to 2025-08-18 00:00:00+00:00, run_after=2025-08-19 00:00:00+00:00
[2025-08-19T17:39:18.679+0200] {processor.py:183} INFO - Processing /Users/ehabhasan/.venvs/airflow310/lib/python3.10/site-packages/airflow/example_dags/example_bash_operator.py took 0.057 seconds
[2025-08-19T17:44:55.821+0200] {processor.py:161} INFO - Started process (PID=14940) to work on /Users/ehabhasan/.venvs/airflow310/lib/python3.10/site-packages/airflow/example_dags/example_bash_operator.py
[2025-08-19T17:44:55.822+0200] {processor.py:830} INFO - Processing file /Users/ehabhasan/.venvs/airflow310/lib/python3.10/site-packages/airflow/example_dags/example_bash_operator.py for tasks to queue
[2025-08-19T17:44:55.822+0200] {logging_mixin.py:188} INFO - [2025-08-19T17:44:55.822+0200] {dagbag.py:545} INFO - Filling up the DagBag from /Users/ehabhasan/.venvs/airflow310/lib/python3.10/site-packages/airflow/example_dags/example_bash_operator.py
[2025-08-19T17:44:55.826+0200] {processor.py:840} INFO - DAG(s) 'example_bash_operator' retrieved from /Users/ehabhasan/.venvs/airflow310/lib/python3.10/site-packages/airflow/example_dags/example_bash_operator.py
[2025-08-19T17:44:55.866+0200] {logging_mixin.py:188} INFO - [2025-08-19T17:44:55.866+0200] {dag.py:3089} INFO - Sync 1 DAGs
[2025-08-19T17:44:55.872+0200] {logging_mixin.py:188} INFO - [2025-08-19T17:44:55.872+0200] {dag.py:3947} INFO - Setting next_dagrun for example_bash_operator to 2025-08-18 00:00:00+00:00, run_after=2025-08-19 00:00:00+00:00
[2025-08-19T17:44:55.878+0200] {processor.py:183} INFO - Processing /Users/ehabhasan/.venvs/airflow310/lib/python3.10/site-packages/airflow/example_dags/example_bash_operator.py took 0.059 seconds
[2025-08-19T17:46:57.251+0200] {processor.py:161} INFO - Started process (PID=15039) to work on /Users/ehabhasan/.venvs/airflow310/lib/python3.10/site-packages/airflow/example_dags/example_bash_operator.py
[2025-08-19T17:46:57.252+0200] {processor.py:830} INFO - Processing file /Users/ehabhasan/.venvs/airflow310/lib/python3.10/site-packages/airflow/example_dags/example_bash_operator.py for tasks to queue
[2025-08-19T17:46:57.252+0200] {logging_mixin.py:188} INFO - [2025-08-19T17:46:57.252+0200] {dagbag.py:545} INFO - Filling up the DagBag from /Users/ehabhasan/.venvs/airflow310/lib/python3.10/site-packages/airflow/example_dags/example_bash_operator.py
[2025-08-19T17:46:57.257+0200] {processor.py:840} INFO - DAG(s) 'example_bash_operator' retrieved from /Users/ehabhasan/.venvs/airflow310/lib/python3.10/site-packages/airflow/example_dags/example_bash_operator.py
[2025-08-19T17:46:57.298+0200] {logging_mixin.py:188} INFO - [2025-08-19T17:46:57.298+0200] {dag.py:3089} INFO - Sync 1 DAGs
[2025-08-19T17:46:57.304+0200] {logging_mixin.py:188} INFO - [2025-08-19T17:46:57.304+0200] {dag.py:3947} INFO - Setting next_dagrun for example_bash_operator to 2025-08-18 00:00:00+00:00, run_after=2025-08-19 00:00:00+00:00
[2025-08-19T17:46:57.311+0200] {processor.py:183} INFO - Processing /Users/ehabhasan/.venvs/airflow310/lib/python3.10/site-packages/airflow/example_dags/example_bash_operator.py took 0.062 seconds
[2025-08-19T17:48:54.122+0200] {processor.py:161} INFO - Started process (PID=15131) to work on /Users/ehabhasan/.venvs/airflow310/lib/python3.10/site-packages/airflow/example_dags/example_bash_operator.py
[2025-08-19T17:48:54.122+0200] {processor.py:830} INFO - Processing file /Users/ehabhasan/.venvs/airflow310/lib/python3.10/site-packages/airflow/example_dags/example_bash_operator.py for tasks to queue
[2025-08-19T17:48:54.122+0200] {logging_mixin.py:188} INFO - [2025-08-19T17:48:54.122+0200] {dagbag.py:545} INFO - Filling up the DagBag from /Users/ehabhasan/.venvs/airflow310/lib/python3.10/site-packages/airflow/example_dags/example_bash_operator.py
[2025-08-19T17:48:54.127+0200] {processor.py:840} INFO - DAG(s) 'example_bash_operator' retrieved from /Users/ehabhasan/.venvs/airflow310/lib/python3.10/site-packages/airflow/example_dags/example_bash_operator.py
[2025-08-19T17:48:54.166+0200] {logging_mixin.py:188} INFO - [2025-08-19T17:48:54.166+0200] {dag.py:3089} INFO - Sync 1 DAGs
[2025-08-19T17:48:54.171+0200] {logging_mixin.py:188} INFO - [2025-08-19T17:48:54.171+0200] {dag.py:3947} INFO - Setting next_dagrun for example_bash_operator to 2025-08-18 00:00:00+00:00, run_after=2025-08-19 00:00:00+00:00
[2025-08-19T17:48:54.178+0200] {processor.py:183} INFO - Processing /Users/ehabhasan/.venvs/airflow310/lib/python3.10/site-packages/airflow/example_dags/example_bash_operator.py took 0.058 seconds
