[2025-08-19T16:48:37.010+0200] {processor.py:161} INFO - Started process (PID=7648) to work on /Users/ehabhasan/.venvs/airflow310/lib/python3.10/site-packages/airflow/example_dags/example_params_trigger_ui.py
[2025-08-19T16:48:37.010+0200] {processor.py:830} INFO - Processing file /Users/ehabhasan/.venvs/airflow310/lib/python3.10/site-packages/airflow/example_dags/example_params_trigger_ui.py for tasks to queue
[2025-08-19T16:48:37.011+0200] {logging_mixin.py:188} INFO - [2025-08-19T16:48:37.010+0200] {dagbag.py:545} INFO - Filling up the DagBag from /Users/ehabhasan/.venvs/airflow310/lib/python3.10/site-packages/airflow/example_dags/example_params_trigger_ui.py
[2025-08-19T16:48:37.028+0200] {processor.py:840} INFO - DAG(s) 'example_params_trigger_ui' retrieved from /Users/ehabhasan/.venvs/airflow310/lib/python3.10/site-packages/airflow/example_dags/example_params_trigger_ui.py
[2025-08-19T16:48:37.122+0200] {logging_mixin.py:188} INFO - [2025-08-19T16:48:37.122+0200] {dag.py:3089} INFO - Sync 1 DAGs
[2025-08-19T16:48:37.125+0200] {logging_mixin.py:188} INFO - [2025-08-19T16:48:37.125+0200] {dag.py:3947} INFO - Setting next_dagrun for example_params_trigger_ui to None, run_after=None
[2025-08-19T16:48:37.132+0200] {processor.py:183} INFO - Processing /Users/ehabhasan/.venvs/airflow310/lib/python3.10/site-packages/airflow/example_dags/example_params_trigger_ui.py took 0.124 seconds
[2025-08-19T16:49:54.976+0200] {processor.py:161} INFO - Started process (PID=7708) to work on /Users/ehabhasan/.venvs/airflow310/lib/python3.10/site-packages/airflow/example_dags/example_params_trigger_ui.py
[2025-08-19T16:49:54.977+0200] {processor.py:830} INFO - Processing file /Users/ehabhasan/.venvs/airflow310/lib/python3.10/site-packages/airflow/example_dags/example_params_trigger_ui.py for tasks to queue
[2025-08-19T16:49:54.977+0200] {logging_mixin.py:188} INFO - [2025-08-19T16:49:54.977+0200] {dagbag.py:545} INFO - Filling up the DagBag from /Users/ehabhasan/.venvs/airflow310/lib/python3.10/site-packages/airflow/example_dags/example_params_trigger_ui.py
[2025-08-19T16:49:54.991+0200] {processor.py:840} INFO - DAG(s) 'example_params_trigger_ui' retrieved from /Users/ehabhasan/.venvs/airflow310/lib/python3.10/site-packages/airflow/example_dags/example_params_trigger_ui.py
[2025-08-19T16:49:55.035+0200] {logging_mixin.py:188} INFO - [2025-08-19T16:49:55.035+0200] {dag.py:3089} INFO - Sync 1 DAGs
[2025-08-19T16:49:55.058+0200] {logging_mixin.py:188} INFO - [2025-08-19T16:49:55.058+0200] {dag.py:3947} INFO - Setting next_dagrun for example_params_trigger_ui to None, run_after=None
[2025-08-19T16:49:55.065+0200] {processor.py:183} INFO - Processing /Users/ehabhasan/.venvs/airflow310/lib/python3.10/site-packages/airflow/example_dags/example_params_trigger_ui.py took 0.090 seconds
[2025-08-19T16:51:28.541+0200] {processor.py:161} INFO - Started process (PID=7776) to work on /Users/ehabhasan/.venvs/airflow310/lib/python3.10/site-packages/airflow/example_dags/example_params_trigger_ui.py
[2025-08-19T16:51:28.543+0200] {processor.py:830} INFO - Processing file /Users/ehabhasan/.venvs/airflow310/lib/python3.10/site-packages/airflow/example_dags/example_params_trigger_ui.py for tasks to queue
[2025-08-19T16:51:28.543+0200] {logging_mixin.py:188} INFO - [2025-08-19T16:51:28.543+0200] {dagbag.py:545} INFO - Filling up the DagBag from /Users/ehabhasan/.venvs/airflow310/lib/python3.10/site-packages/airflow/example_dags/example_params_trigger_ui.py
[2025-08-19T16:51:28.557+0200] {processor.py:840} INFO - DAG(s) 'example_params_trigger_ui' retrieved from /Users/ehabhasan/.venvs/airflow310/lib/python3.10/site-packages/airflow/example_dags/example_params_trigger_ui.py
[2025-08-19T16:51:28.600+0200] {logging_mixin.py:188} INFO - [2025-08-19T16:51:28.600+0200] {dag.py:3089} INFO - Sync 1 DAGs
[2025-08-19T16:51:28.623+0200] {logging_mixin.py:188} INFO - [2025-08-19T16:51:28.623+0200] {dag.py:3947} INFO - Setting next_dagrun for example_params_trigger_ui to None, run_after=None
[2025-08-19T16:51:28.629+0200] {processor.py:183} INFO - Processing /Users/ehabhasan/.venvs/airflow310/lib/python3.10/site-packages/airflow/example_dags/example_params_trigger_ui.py took 0.090 seconds
[2025-08-19T16:53:08.772+0200] {processor.py:161} INFO - Started process (PID=7852) to work on /Users/ehabhasan/.venvs/airflow310/lib/python3.10/site-packages/airflow/example_dags/example_params_trigger_ui.py
[2025-08-19T16:53:08.773+0200] {processor.py:830} INFO - Processing file /Users/ehabhasan/.venvs/airflow310/lib/python3.10/site-packages/airflow/example_dags/example_params_trigger_ui.py for tasks to queue
[2025-08-19T16:53:08.773+0200] {logging_mixin.py:188} INFO - [2025-08-19T16:53:08.773+0200] {dagbag.py:545} INFO - Filling up the DagBag from /Users/ehabhasan/.venvs/airflow310/lib/python3.10/site-packages/airflow/example_dags/example_params_trigger_ui.py
[2025-08-19T16:53:08.787+0200] {processor.py:840} INFO - DAG(s) 'example_params_trigger_ui' retrieved from /Users/ehabhasan/.venvs/airflow310/lib/python3.10/site-packages/airflow/example_dags/example_params_trigger_ui.py
[2025-08-19T16:53:08.830+0200] {logging_mixin.py:188} INFO - [2025-08-19T16:53:08.830+0200] {dag.py:3089} INFO - Sync 1 DAGs
[2025-08-19T16:53:08.852+0200] {logging_mixin.py:188} INFO - [2025-08-19T16:53:08.852+0200] {dag.py:3947} INFO - Setting next_dagrun for example_params_trigger_ui to None, run_after=None
[2025-08-19T16:53:08.859+0200] {processor.py:183} INFO - Processing /Users/ehabhasan/.venvs/airflow310/lib/python3.10/site-packages/airflow/example_dags/example_params_trigger_ui.py took 0.088 seconds
[2025-08-19T16:54:45.158+0200] {processor.py:161} INFO - Started process (PID=7959) to work on /Users/ehabhasan/.venvs/airflow310/lib/python3.10/site-packages/airflow/example_dags/example_params_trigger_ui.py
[2025-08-19T16:54:45.159+0200] {processor.py:830} INFO - Processing file /Users/ehabhasan/.venvs/airflow310/lib/python3.10/site-packages/airflow/example_dags/example_params_trigger_ui.py for tasks to queue
[2025-08-19T16:54:45.159+0200] {logging_mixin.py:188} INFO - [2025-08-19T16:54:45.159+0200] {dagbag.py:545} INFO - Filling up the DagBag from /Users/ehabhasan/.venvs/airflow310/lib/python3.10/site-packages/airflow/example_dags/example_params_trigger_ui.py
[2025-08-19T16:54:45.174+0200] {processor.py:840} INFO - DAG(s) 'example_params_trigger_ui' retrieved from /Users/ehabhasan/.venvs/airflow310/lib/python3.10/site-packages/airflow/example_dags/example_params_trigger_ui.py
[2025-08-19T16:54:45.217+0200] {logging_mixin.py:188} INFO - [2025-08-19T16:54:45.217+0200] {dag.py:3089} INFO - Sync 1 DAGs
[2025-08-19T16:54:45.239+0200] {logging_mixin.py:188} INFO - [2025-08-19T16:54:45.239+0200] {dag.py:3947} INFO - Setting next_dagrun for example_params_trigger_ui to None, run_after=None
[2025-08-19T16:54:45.246+0200] {processor.py:183} INFO - Processing /Users/ehabhasan/.venvs/airflow310/lib/python3.10/site-packages/airflow/example_dags/example_params_trigger_ui.py took 0.089 seconds
[2025-08-19T16:56:24.512+0200] {processor.py:161} INFO - Started process (PID=8032) to work on /Users/ehabhasan/.venvs/airflow310/lib/python3.10/site-packages/airflow/example_dags/example_params_trigger_ui.py
[2025-08-19T16:56:24.513+0200] {processor.py:830} INFO - Processing file /Users/ehabhasan/.venvs/airflow310/lib/python3.10/site-packages/airflow/example_dags/example_params_trigger_ui.py for tasks to queue
[2025-08-19T16:56:24.513+0200] {logging_mixin.py:188} INFO - [2025-08-19T16:56:24.513+0200] {dagbag.py:545} INFO - Filling up the DagBag from /Users/ehabhasan/.venvs/airflow310/lib/python3.10/site-packages/airflow/example_dags/example_params_trigger_ui.py
[2025-08-19T16:56:24.527+0200] {processor.py:840} INFO - DAG(s) 'example_params_trigger_ui' retrieved from /Users/ehabhasan/.venvs/airflow310/lib/python3.10/site-packages/airflow/example_dags/example_params_trigger_ui.py
[2025-08-19T16:56:24.571+0200] {logging_mixin.py:188} INFO - [2025-08-19T16:56:24.571+0200] {dag.py:3089} INFO - Sync 1 DAGs
[2025-08-19T16:56:24.595+0200] {logging_mixin.py:188} INFO - [2025-08-19T16:56:24.595+0200] {dag.py:3947} INFO - Setting next_dagrun for example_params_trigger_ui to None, run_after=None
[2025-08-19T16:56:24.601+0200] {processor.py:183} INFO - Processing /Users/ehabhasan/.venvs/airflow310/lib/python3.10/site-packages/airflow/example_dags/example_params_trigger_ui.py took 0.091 seconds
[2025-08-19T16:58:07.585+0200] {processor.py:161} INFO - Started process (PID=8109) to work on /Users/ehabhasan/.venvs/airflow310/lib/python3.10/site-packages/airflow/example_dags/example_params_trigger_ui.py
[2025-08-19T16:58:07.586+0200] {processor.py:830} INFO - Processing file /Users/ehabhasan/.venvs/airflow310/lib/python3.10/site-packages/airflow/example_dags/example_params_trigger_ui.py for tasks to queue
[2025-08-19T16:58:07.586+0200] {logging_mixin.py:188} INFO - [2025-08-19T16:58:07.586+0200] {dagbag.py:545} INFO - Filling up the DagBag from /Users/ehabhasan/.venvs/airflow310/lib/python3.10/site-packages/airflow/example_dags/example_params_trigger_ui.py
[2025-08-19T16:58:07.600+0200] {processor.py:840} INFO - DAG(s) 'example_params_trigger_ui' retrieved from /Users/ehabhasan/.venvs/airflow310/lib/python3.10/site-packages/airflow/example_dags/example_params_trigger_ui.py
[2025-08-19T16:58:07.644+0200] {logging_mixin.py:188} INFO - [2025-08-19T16:58:07.644+0200] {dag.py:3089} INFO - Sync 1 DAGs
[2025-08-19T16:58:07.667+0200] {logging_mixin.py:188} INFO - [2025-08-19T16:58:07.667+0200] {dag.py:3947} INFO - Setting next_dagrun for example_params_trigger_ui to None, run_after=None
[2025-08-19T16:58:07.673+0200] {processor.py:183} INFO - Processing /Users/ehabhasan/.venvs/airflow310/lib/python3.10/site-packages/airflow/example_dags/example_params_trigger_ui.py took 0.090 seconds
[2025-08-19T17:00:17.515+0200] {processor.py:161} INFO - Started process (PID=8220) to work on /Users/ehabhasan/.venvs/airflow310/lib/python3.10/site-packages/airflow/example_dags/example_params_trigger_ui.py
[2025-08-19T17:00:17.516+0200] {processor.py:830} INFO - Processing file /Users/ehabhasan/.venvs/airflow310/lib/python3.10/site-packages/airflow/example_dags/example_params_trigger_ui.py for tasks to queue
[2025-08-19T17:00:17.516+0200] {logging_mixin.py:188} INFO - [2025-08-19T17:00:17.516+0200] {dagbag.py:545} INFO - Filling up the DagBag from /Users/ehabhasan/.venvs/airflow310/lib/python3.10/site-packages/airflow/example_dags/example_params_trigger_ui.py
[2025-08-19T17:00:17.530+0200] {processor.py:840} INFO - DAG(s) 'example_params_trigger_ui' retrieved from /Users/ehabhasan/.venvs/airflow310/lib/python3.10/site-packages/airflow/example_dags/example_params_trigger_ui.py
[2025-08-19T17:00:17.574+0200] {logging_mixin.py:188} INFO - [2025-08-19T17:00:17.574+0200] {dag.py:3089} INFO - Sync 1 DAGs
[2025-08-19T17:00:17.598+0200] {logging_mixin.py:188} INFO - [2025-08-19T17:00:17.598+0200] {dag.py:3947} INFO - Setting next_dagrun for example_params_trigger_ui to None, run_after=None
[2025-08-19T17:00:17.604+0200] {processor.py:183} INFO - Processing /Users/ehabhasan/.venvs/airflow310/lib/python3.10/site-packages/airflow/example_dags/example_params_trigger_ui.py took 0.091 seconds
[2025-08-19T17:02:06.238+0200] {processor.py:161} INFO - Started process (PID=8304) to work on /Users/ehabhasan/.venvs/airflow310/lib/python3.10/site-packages/airflow/example_dags/example_params_trigger_ui.py
[2025-08-19T17:02:06.239+0200] {processor.py:830} INFO - Processing file /Users/ehabhasan/.venvs/airflow310/lib/python3.10/site-packages/airflow/example_dags/example_params_trigger_ui.py for tasks to queue
[2025-08-19T17:02:06.239+0200] {logging_mixin.py:188} INFO - [2025-08-19T17:02:06.239+0200] {dagbag.py:545} INFO - Filling up the DagBag from /Users/ehabhasan/.venvs/airflow310/lib/python3.10/site-packages/airflow/example_dags/example_params_trigger_ui.py
[2025-08-19T17:02:06.252+0200] {processor.py:840} INFO - DAG(s) 'example_params_trigger_ui' retrieved from /Users/ehabhasan/.venvs/airflow310/lib/python3.10/site-packages/airflow/example_dags/example_params_trigger_ui.py
[2025-08-19T17:02:06.296+0200] {logging_mixin.py:188} INFO - [2025-08-19T17:02:06.296+0200] {dag.py:3089} INFO - Sync 1 DAGs
[2025-08-19T17:02:06.320+0200] {logging_mixin.py:188} INFO - [2025-08-19T17:02:06.320+0200] {dag.py:3947} INFO - Setting next_dagrun for example_params_trigger_ui to None, run_after=None
[2025-08-19T17:02:06.327+0200] {processor.py:183} INFO - Processing /Users/ehabhasan/.venvs/airflow310/lib/python3.10/site-packages/airflow/example_dags/example_params_trigger_ui.py took 0.091 seconds
[2025-08-19T17:03:42.313+0200] {processor.py:161} INFO - Started process (PID=8677) to work on /Users/ehabhasan/.venvs/airflow310/lib/python3.10/site-packages/airflow/example_dags/example_params_trigger_ui.py
[2025-08-19T17:03:42.313+0200] {processor.py:830} INFO - Processing file /Users/ehabhasan/.venvs/airflow310/lib/python3.10/site-packages/airflow/example_dags/example_params_trigger_ui.py for tasks to queue
[2025-08-19T17:03:42.313+0200] {logging_mixin.py:188} INFO - [2025-08-19T17:03:42.313+0200] {dagbag.py:545} INFO - Filling up the DagBag from /Users/ehabhasan/.venvs/airflow310/lib/python3.10/site-packages/airflow/example_dags/example_params_trigger_ui.py
[2025-08-19T17:03:42.327+0200] {processor.py:840} INFO - DAG(s) 'example_params_trigger_ui' retrieved from /Users/ehabhasan/.venvs/airflow310/lib/python3.10/site-packages/airflow/example_dags/example_params_trigger_ui.py
[2025-08-19T17:03:42.370+0200] {logging_mixin.py:188} INFO - [2025-08-19T17:03:42.370+0200] {dag.py:3089} INFO - Sync 1 DAGs
[2025-08-19T17:03:42.393+0200] {logging_mixin.py:188} INFO - [2025-08-19T17:03:42.393+0200] {dag.py:3947} INFO - Setting next_dagrun for example_params_trigger_ui to None, run_after=None
[2025-08-19T17:03:42.400+0200] {processor.py:183} INFO - Processing /Users/ehabhasan/.venvs/airflow310/lib/python3.10/site-packages/airflow/example_dags/example_params_trigger_ui.py took 0.089 seconds
[2025-08-19T17:05:23.663+0200] {processor.py:161} INFO - Started process (PID=8986) to work on /Users/ehabhasan/.venvs/airflow310/lib/python3.10/site-packages/airflow/example_dags/example_params_trigger_ui.py
[2025-08-19T17:05:23.664+0200] {processor.py:830} INFO - Processing file /Users/ehabhasan/.venvs/airflow310/lib/python3.10/site-packages/airflow/example_dags/example_params_trigger_ui.py for tasks to queue
[2025-08-19T17:05:23.664+0200] {logging_mixin.py:188} INFO - [2025-08-19T17:05:23.664+0200] {dagbag.py:545} INFO - Filling up the DagBag from /Users/ehabhasan/.venvs/airflow310/lib/python3.10/site-packages/airflow/example_dags/example_params_trigger_ui.py
[2025-08-19T17:05:23.679+0200] {processor.py:840} INFO - DAG(s) 'example_params_trigger_ui' retrieved from /Users/ehabhasan/.venvs/airflow310/lib/python3.10/site-packages/airflow/example_dags/example_params_trigger_ui.py
[2025-08-19T17:05:23.723+0200] {logging_mixin.py:188} INFO - [2025-08-19T17:05:23.723+0200] {dag.py:3089} INFO - Sync 1 DAGs
[2025-08-19T17:05:23.746+0200] {logging_mixin.py:188} INFO - [2025-08-19T17:05:23.746+0200] {dag.py:3947} INFO - Setting next_dagrun for example_params_trigger_ui to None, run_after=None
[2025-08-19T17:05:23.753+0200] {processor.py:183} INFO - Processing /Users/ehabhasan/.venvs/airflow310/lib/python3.10/site-packages/airflow/example_dags/example_params_trigger_ui.py took 0.091 seconds
[2025-08-19T17:07:11.742+0200] {processor.py:161} INFO - Started process (PID=9960) to work on /Users/ehabhasan/.venvs/airflow310/lib/python3.10/site-packages/airflow/example_dags/example_params_trigger_ui.py
[2025-08-19T17:07:11.743+0200] {processor.py:830} INFO - Processing file /Users/ehabhasan/.venvs/airflow310/lib/python3.10/site-packages/airflow/example_dags/example_params_trigger_ui.py for tasks to queue
[2025-08-19T17:07:11.743+0200] {logging_mixin.py:188} INFO - [2025-08-19T17:07:11.743+0200] {dagbag.py:545} INFO - Filling up the DagBag from /Users/ehabhasan/.venvs/airflow310/lib/python3.10/site-packages/airflow/example_dags/example_params_trigger_ui.py
[2025-08-19T17:07:11.757+0200] {processor.py:840} INFO - DAG(s) 'example_params_trigger_ui' retrieved from /Users/ehabhasan/.venvs/airflow310/lib/python3.10/site-packages/airflow/example_dags/example_params_trigger_ui.py
[2025-08-19T17:07:11.801+0200] {logging_mixin.py:188} INFO - [2025-08-19T17:07:11.801+0200] {dag.py:3089} INFO - Sync 1 DAGs
[2025-08-19T17:07:11.826+0200] {logging_mixin.py:188} INFO - [2025-08-19T17:07:11.826+0200] {dag.py:3947} INFO - Setting next_dagrun for example_params_trigger_ui to None, run_after=None
[2025-08-19T17:07:11.833+0200] {processor.py:183} INFO - Processing /Users/ehabhasan/.venvs/airflow310/lib/python3.10/site-packages/airflow/example_dags/example_params_trigger_ui.py took 0.092 seconds
[2025-08-19T17:08:58.007+0200] {processor.py:161} INFO - Started process (PID=10173) to work on /Users/ehabhasan/.venvs/airflow310/lib/python3.10/site-packages/airflow/example_dags/example_params_trigger_ui.py
[2025-08-19T17:08:58.008+0200] {processor.py:830} INFO - Processing file /Users/ehabhasan/.venvs/airflow310/lib/python3.10/site-packages/airflow/example_dags/example_params_trigger_ui.py for tasks to queue
[2025-08-19T17:08:58.008+0200] {logging_mixin.py:188} INFO - [2025-08-19T17:08:58.008+0200] {dagbag.py:545} INFO - Filling up the DagBag from /Users/ehabhasan/.venvs/airflow310/lib/python3.10/site-packages/airflow/example_dags/example_params_trigger_ui.py
[2025-08-19T17:08:58.031+0200] {processor.py:840} INFO - DAG(s) 'example_params_trigger_ui' retrieved from /Users/ehabhasan/.venvs/airflow310/lib/python3.10/site-packages/airflow/example_dags/example_params_trigger_ui.py
[2025-08-19T17:08:58.093+0200] {logging_mixin.py:188} INFO - [2025-08-19T17:08:58.093+0200] {dag.py:3089} INFO - Sync 1 DAGs
[2025-08-19T17:08:58.117+0200] {logging_mixin.py:188} INFO - [2025-08-19T17:08:58.117+0200] {dag.py:3947} INFO - Setting next_dagrun for example_params_trigger_ui to None, run_after=None
[2025-08-19T17:08:58.124+0200] {processor.py:183} INFO - Processing /Users/ehabhasan/.venvs/airflow310/lib/python3.10/site-packages/airflow/example_dags/example_params_trigger_ui.py took 0.119 seconds
[2025-08-19T17:10:46.680+0200] {processor.py:161} INFO - Started process (PID=10286) to work on /Users/ehabhasan/.venvs/airflow310/lib/python3.10/site-packages/airflow/example_dags/example_params_trigger_ui.py
[2025-08-19T17:10:46.680+0200] {processor.py:830} INFO - Processing file /Users/ehabhasan/.venvs/airflow310/lib/python3.10/site-packages/airflow/example_dags/example_params_trigger_ui.py for tasks to queue
[2025-08-19T17:10:46.681+0200] {logging_mixin.py:188} INFO - [2025-08-19T17:10:46.681+0200] {dagbag.py:545} INFO - Filling up the DagBag from /Users/ehabhasan/.venvs/airflow310/lib/python3.10/site-packages/airflow/example_dags/example_params_trigger_ui.py
[2025-08-19T17:10:46.695+0200] {processor.py:840} INFO - DAG(s) 'example_params_trigger_ui' retrieved from /Users/ehabhasan/.venvs/airflow310/lib/python3.10/site-packages/airflow/example_dags/example_params_trigger_ui.py
[2025-08-19T17:10:46.738+0200] {logging_mixin.py:188} INFO - [2025-08-19T17:10:46.738+0200] {dag.py:3089} INFO - Sync 1 DAGs
[2025-08-19T17:10:46.761+0200] {logging_mixin.py:188} INFO - [2025-08-19T17:10:46.761+0200] {dag.py:3947} INFO - Setting next_dagrun for example_params_trigger_ui to None, run_after=None
[2025-08-19T17:10:46.768+0200] {processor.py:183} INFO - Processing /Users/ehabhasan/.venvs/airflow310/lib/python3.10/site-packages/airflow/example_dags/example_params_trigger_ui.py took 0.089 seconds
[2025-08-19T17:12:37.482+0200] {processor.py:161} INFO - Started process (PID=10380) to work on /Users/ehabhasan/.venvs/airflow310/lib/python3.10/site-packages/airflow/example_dags/example_params_trigger_ui.py
[2025-08-19T17:12:37.483+0200] {processor.py:830} INFO - Processing file /Users/ehabhasan/.venvs/airflow310/lib/python3.10/site-packages/airflow/example_dags/example_params_trigger_ui.py for tasks to queue
[2025-08-19T17:12:37.483+0200] {logging_mixin.py:188} INFO - [2025-08-19T17:12:37.483+0200] {dagbag.py:545} INFO - Filling up the DagBag from /Users/ehabhasan/.venvs/airflow310/lib/python3.10/site-packages/airflow/example_dags/example_params_trigger_ui.py
[2025-08-19T17:12:37.498+0200] {processor.py:840} INFO - DAG(s) 'example_params_trigger_ui' retrieved from /Users/ehabhasan/.venvs/airflow310/lib/python3.10/site-packages/airflow/example_dags/example_params_trigger_ui.py
[2025-08-19T17:12:37.546+0200] {logging_mixin.py:188} INFO - [2025-08-19T17:12:37.546+0200] {dag.py:3089} INFO - Sync 1 DAGs
[2025-08-19T17:12:37.573+0200] {logging_mixin.py:188} INFO - [2025-08-19T17:12:37.573+0200] {dag.py:3947} INFO - Setting next_dagrun for example_params_trigger_ui to None, run_after=None
[2025-08-19T17:12:37.580+0200] {processor.py:183} INFO - Processing /Users/ehabhasan/.venvs/airflow310/lib/python3.10/site-packages/airflow/example_dags/example_params_trigger_ui.py took 0.100 seconds
[2025-08-19T17:14:29.381+0200] {processor.py:161} INFO - Started process (PID=10497) to work on /Users/ehabhasan/.venvs/airflow310/lib/python3.10/site-packages/airflow/example_dags/example_params_trigger_ui.py
[2025-08-19T17:14:29.381+0200] {processor.py:830} INFO - Processing file /Users/ehabhasan/.venvs/airflow310/lib/python3.10/site-packages/airflow/example_dags/example_params_trigger_ui.py for tasks to queue
[2025-08-19T17:14:29.382+0200] {logging_mixin.py:188} INFO - [2025-08-19T17:14:29.382+0200] {dagbag.py:545} INFO - Filling up the DagBag from /Users/ehabhasan/.venvs/airflow310/lib/python3.10/site-packages/airflow/example_dags/example_params_trigger_ui.py
[2025-08-19T17:14:29.396+0200] {processor.py:840} INFO - DAG(s) 'example_params_trigger_ui' retrieved from /Users/ehabhasan/.venvs/airflow310/lib/python3.10/site-packages/airflow/example_dags/example_params_trigger_ui.py
[2025-08-19T17:14:29.440+0200] {logging_mixin.py:188} INFO - [2025-08-19T17:14:29.440+0200] {dag.py:3089} INFO - Sync 1 DAGs
[2025-08-19T17:14:29.465+0200] {logging_mixin.py:188} INFO - [2025-08-19T17:14:29.465+0200] {dag.py:3947} INFO - Setting next_dagrun for example_params_trigger_ui to None, run_after=None
[2025-08-19T17:14:29.472+0200] {processor.py:183} INFO - Processing /Users/ehabhasan/.venvs/airflow310/lib/python3.10/site-packages/airflow/example_dags/example_params_trigger_ui.py took 0.092 seconds
[2025-08-19T17:16:20.915+0200] {processor.py:161} INFO - Started process (PID=10809) to work on /Users/ehabhasan/.venvs/airflow310/lib/python3.10/site-packages/airflow/example_dags/example_params_trigger_ui.py
[2025-08-19T17:16:20.915+0200] {processor.py:830} INFO - Processing file /Users/ehabhasan/.venvs/airflow310/lib/python3.10/site-packages/airflow/example_dags/example_params_trigger_ui.py for tasks to queue
[2025-08-19T17:16:20.916+0200] {logging_mixin.py:188} INFO - [2025-08-19T17:16:20.916+0200] {dagbag.py:545} INFO - Filling up the DagBag from /Users/ehabhasan/.venvs/airflow310/lib/python3.10/site-packages/airflow/example_dags/example_params_trigger_ui.py
[2025-08-19T17:16:20.929+0200] {processor.py:840} INFO - DAG(s) 'example_params_trigger_ui' retrieved from /Users/ehabhasan/.venvs/airflow310/lib/python3.10/site-packages/airflow/example_dags/example_params_trigger_ui.py
[2025-08-19T17:16:20.973+0200] {logging_mixin.py:188} INFO - [2025-08-19T17:16:20.973+0200] {dag.py:3089} INFO - Sync 1 DAGs
[2025-08-19T17:16:20.996+0200] {logging_mixin.py:188} INFO - [2025-08-19T17:16:20.996+0200] {dag.py:3947} INFO - Setting next_dagrun for example_params_trigger_ui to None, run_after=None
[2025-08-19T17:16:21.002+0200] {processor.py:183} INFO - Processing /Users/ehabhasan/.venvs/airflow310/lib/python3.10/site-packages/airflow/example_dags/example_params_trigger_ui.py took 0.089 seconds
[2025-08-19T17:18:14.064+0200] {processor.py:161} INFO - Started process (PID=11484) to work on /Users/ehabhasan/.venvs/airflow310/lib/python3.10/site-packages/airflow/example_dags/example_params_trigger_ui.py
[2025-08-19T17:18:14.065+0200] {processor.py:830} INFO - Processing file /Users/ehabhasan/.venvs/airflow310/lib/python3.10/site-packages/airflow/example_dags/example_params_trigger_ui.py for tasks to queue
[2025-08-19T17:18:14.065+0200] {logging_mixin.py:188} INFO - [2025-08-19T17:18:14.065+0200] {dagbag.py:545} INFO - Filling up the DagBag from /Users/ehabhasan/.venvs/airflow310/lib/python3.10/site-packages/airflow/example_dags/example_params_trigger_ui.py
[2025-08-19T17:18:14.079+0200] {processor.py:840} INFO - DAG(s) 'example_params_trigger_ui' retrieved from /Users/ehabhasan/.venvs/airflow310/lib/python3.10/site-packages/airflow/example_dags/example_params_trigger_ui.py
[2025-08-19T17:18:14.122+0200] {logging_mixin.py:188} INFO - [2025-08-19T17:18:14.122+0200] {dag.py:3089} INFO - Sync 1 DAGs
[2025-08-19T17:18:14.145+0200] {logging_mixin.py:188} INFO - [2025-08-19T17:18:14.145+0200] {dag.py:3947} INFO - Setting next_dagrun for example_params_trigger_ui to None, run_after=None
[2025-08-19T17:18:14.152+0200] {processor.py:183} INFO - Processing /Users/ehabhasan/.venvs/airflow310/lib/python3.10/site-packages/airflow/example_dags/example_params_trigger_ui.py took 0.090 seconds
[2025-08-19T17:19:58.105+0200] {processor.py:161} INFO - Started process (PID=11588) to work on /Users/ehabhasan/.venvs/airflow310/lib/python3.10/site-packages/airflow/example_dags/example_params_trigger_ui.py
[2025-08-19T17:19:58.105+0200] {processor.py:830} INFO - Processing file /Users/ehabhasan/.venvs/airflow310/lib/python3.10/site-packages/airflow/example_dags/example_params_trigger_ui.py for tasks to queue
[2025-08-19T17:19:58.105+0200] {logging_mixin.py:188} INFO - [2025-08-19T17:19:58.105+0200] {dagbag.py:545} INFO - Filling up the DagBag from /Users/ehabhasan/.venvs/airflow310/lib/python3.10/site-packages/airflow/example_dags/example_params_trigger_ui.py
[2025-08-19T17:19:58.120+0200] {processor.py:840} INFO - DAG(s) 'example_params_trigger_ui' retrieved from /Users/ehabhasan/.venvs/airflow310/lib/python3.10/site-packages/airflow/example_dags/example_params_trigger_ui.py
[2025-08-19T17:19:58.165+0200] {logging_mixin.py:188} INFO - [2025-08-19T17:19:58.165+0200] {dag.py:3089} INFO - Sync 1 DAGs
[2025-08-19T17:19:58.189+0200] {logging_mixin.py:188} INFO - [2025-08-19T17:19:58.189+0200] {dag.py:3947} INFO - Setting next_dagrun for example_params_trigger_ui to None, run_after=None
[2025-08-19T17:19:58.196+0200] {processor.py:183} INFO - Processing /Users/ehabhasan/.venvs/airflow310/lib/python3.10/site-packages/airflow/example_dags/example_params_trigger_ui.py took 0.093 seconds
[2025-08-19T17:21:40.147+0200] {processor.py:161} INFO - Started process (PID=11656) to work on /Users/ehabhasan/.venvs/airflow310/lib/python3.10/site-packages/airflow/example_dags/example_params_trigger_ui.py
[2025-08-19T17:21:40.147+0200] {processor.py:830} INFO - Processing file /Users/ehabhasan/.venvs/airflow310/lib/python3.10/site-packages/airflow/example_dags/example_params_trigger_ui.py for tasks to queue
[2025-08-19T17:21:40.147+0200] {logging_mixin.py:188} INFO - [2025-08-19T17:21:40.147+0200] {dagbag.py:545} INFO - Filling up the DagBag from /Users/ehabhasan/.venvs/airflow310/lib/python3.10/site-packages/airflow/example_dags/example_params_trigger_ui.py
[2025-08-19T17:21:40.162+0200] {processor.py:840} INFO - DAG(s) 'example_params_trigger_ui' retrieved from /Users/ehabhasan/.venvs/airflow310/lib/python3.10/site-packages/airflow/example_dags/example_params_trigger_ui.py
[2025-08-19T17:21:40.208+0200] {logging_mixin.py:188} INFO - [2025-08-19T17:21:40.208+0200] {dag.py:3089} INFO - Sync 1 DAGs
[2025-08-19T17:21:40.240+0200] {logging_mixin.py:188} INFO - [2025-08-19T17:21:40.240+0200] {dag.py:3947} INFO - Setting next_dagrun for example_params_trigger_ui to None, run_after=None
[2025-08-19T17:21:40.247+0200] {processor.py:183} INFO - Processing /Users/ehabhasan/.venvs/airflow310/lib/python3.10/site-packages/airflow/example_dags/example_params_trigger_ui.py took 0.102 seconds
[2025-08-19T17:23:32.487+0200] {processor.py:161} INFO - Started process (PID=11734) to work on /Users/ehabhasan/.venvs/airflow310/lib/python3.10/site-packages/airflow/example_dags/example_params_trigger_ui.py
[2025-08-19T17:23:32.487+0200] {processor.py:830} INFO - Processing file /Users/ehabhasan/.venvs/airflow310/lib/python3.10/site-packages/airflow/example_dags/example_params_trigger_ui.py for tasks to queue
[2025-08-19T17:23:32.488+0200] {logging_mixin.py:188} INFO - [2025-08-19T17:23:32.487+0200] {dagbag.py:545} INFO - Filling up the DagBag from /Users/ehabhasan/.venvs/airflow310/lib/python3.10/site-packages/airflow/example_dags/example_params_trigger_ui.py
[2025-08-19T17:23:32.501+0200] {processor.py:840} INFO - DAG(s) 'example_params_trigger_ui' retrieved from /Users/ehabhasan/.venvs/airflow310/lib/python3.10/site-packages/airflow/example_dags/example_params_trigger_ui.py
[2025-08-19T17:23:32.545+0200] {logging_mixin.py:188} INFO - [2025-08-19T17:23:32.545+0200] {dag.py:3089} INFO - Sync 1 DAGs
[2025-08-19T17:23:32.568+0200] {logging_mixin.py:188} INFO - [2025-08-19T17:23:32.568+0200] {dag.py:3947} INFO - Setting next_dagrun for example_params_trigger_ui to None, run_after=None
[2025-08-19T17:23:32.575+0200] {processor.py:183} INFO - Processing /Users/ehabhasan/.venvs/airflow310/lib/python3.10/site-packages/airflow/example_dags/example_params_trigger_ui.py took 0.089 seconds
[2025-08-19T17:25:18.260+0200] {processor.py:161} INFO - Started process (PID=11814) to work on /Users/ehabhasan/.venvs/airflow310/lib/python3.10/site-packages/airflow/example_dags/example_params_trigger_ui.py
[2025-08-19T17:25:18.261+0200] {processor.py:830} INFO - Processing file /Users/ehabhasan/.venvs/airflow310/lib/python3.10/site-packages/airflow/example_dags/example_params_trigger_ui.py for tasks to queue
[2025-08-19T17:25:18.261+0200] {logging_mixin.py:188} INFO - [2025-08-19T17:25:18.261+0200] {dagbag.py:545} INFO - Filling up the DagBag from /Users/ehabhasan/.venvs/airflow310/lib/python3.10/site-packages/airflow/example_dags/example_params_trigger_ui.py
[2025-08-19T17:25:18.275+0200] {processor.py:840} INFO - DAG(s) 'example_params_trigger_ui' retrieved from /Users/ehabhasan/.venvs/airflow310/lib/python3.10/site-packages/airflow/example_dags/example_params_trigger_ui.py
[2025-08-19T17:25:18.320+0200] {logging_mixin.py:188} INFO - [2025-08-19T17:25:18.320+0200] {dag.py:3089} INFO - Sync 1 DAGs
[2025-08-19T17:25:18.343+0200] {logging_mixin.py:188} INFO - [2025-08-19T17:25:18.343+0200] {dag.py:3947} INFO - Setting next_dagrun for example_params_trigger_ui to None, run_after=None
[2025-08-19T17:25:18.350+0200] {processor.py:183} INFO - Processing /Users/ehabhasan/.venvs/airflow310/lib/python3.10/site-packages/airflow/example_dags/example_params_trigger_ui.py took 0.092 seconds
[2025-08-19T17:27:04.460+0200] {processor.py:161} INFO - Started process (PID=11894) to work on /Users/ehabhasan/.venvs/airflow310/lib/python3.10/site-packages/airflow/example_dags/example_params_trigger_ui.py
[2025-08-19T17:27:04.461+0200] {processor.py:830} INFO - Processing file /Users/ehabhasan/.venvs/airflow310/lib/python3.10/site-packages/airflow/example_dags/example_params_trigger_ui.py for tasks to queue
[2025-08-19T17:27:04.461+0200] {logging_mixin.py:188} INFO - [2025-08-19T17:27:04.461+0200] {dagbag.py:545} INFO - Filling up the DagBag from /Users/ehabhasan/.venvs/airflow310/lib/python3.10/site-packages/airflow/example_dags/example_params_trigger_ui.py
[2025-08-19T17:27:04.475+0200] {processor.py:840} INFO - DAG(s) 'example_params_trigger_ui' retrieved from /Users/ehabhasan/.venvs/airflow310/lib/python3.10/site-packages/airflow/example_dags/example_params_trigger_ui.py
[2025-08-19T17:27:04.519+0200] {logging_mixin.py:188} INFO - [2025-08-19T17:27:04.519+0200] {dag.py:3089} INFO - Sync 1 DAGs
[2025-08-19T17:27:04.542+0200] {logging_mixin.py:188} INFO - [2025-08-19T17:27:04.542+0200] {dag.py:3947} INFO - Setting next_dagrun for example_params_trigger_ui to None, run_after=None
[2025-08-19T17:27:04.549+0200] {processor.py:183} INFO - Processing /Users/ehabhasan/.venvs/airflow310/lib/python3.10/site-packages/airflow/example_dags/example_params_trigger_ui.py took 0.091 seconds
[2025-08-19T17:28:53.671+0200] {processor.py:161} INFO - Started process (PID=11981) to work on /Users/ehabhasan/.venvs/airflow310/lib/python3.10/site-packages/airflow/example_dags/example_params_trigger_ui.py
[2025-08-19T17:28:53.672+0200] {processor.py:830} INFO - Processing file /Users/ehabhasan/.venvs/airflow310/lib/python3.10/site-packages/airflow/example_dags/example_params_trigger_ui.py for tasks to queue
[2025-08-19T17:28:53.672+0200] {logging_mixin.py:188} INFO - [2025-08-19T17:28:53.672+0200] {dagbag.py:545} INFO - Filling up the DagBag from /Users/ehabhasan/.venvs/airflow310/lib/python3.10/site-packages/airflow/example_dags/example_params_trigger_ui.py
[2025-08-19T17:28:53.686+0200] {processor.py:840} INFO - DAG(s) 'example_params_trigger_ui' retrieved from /Users/ehabhasan/.venvs/airflow310/lib/python3.10/site-packages/airflow/example_dags/example_params_trigger_ui.py
[2025-08-19T17:28:53.730+0200] {logging_mixin.py:188} INFO - [2025-08-19T17:28:53.730+0200] {dag.py:3089} INFO - Sync 1 DAGs
[2025-08-19T17:28:53.753+0200] {logging_mixin.py:188} INFO - [2025-08-19T17:28:53.753+0200] {dag.py:3947} INFO - Setting next_dagrun for example_params_trigger_ui to None, run_after=None
[2025-08-19T17:28:53.760+0200] {processor.py:183} INFO - Processing /Users/ehabhasan/.venvs/airflow310/lib/python3.10/site-packages/airflow/example_dags/example_params_trigger_ui.py took 0.091 seconds
[2025-08-19T17:30:45.406+0200] {processor.py:161} INFO - Started process (PID=13796) to work on /Users/ehabhasan/.venvs/airflow310/lib/python3.10/site-packages/airflow/example_dags/example_params_trigger_ui.py
[2025-08-19T17:30:45.407+0200] {processor.py:830} INFO - Processing file /Users/ehabhasan/.venvs/airflow310/lib/python3.10/site-packages/airflow/example_dags/example_params_trigger_ui.py for tasks to queue
[2025-08-19T17:30:45.408+0200] {logging_mixin.py:188} INFO - [2025-08-19T17:30:45.408+0200] {dagbag.py:545} INFO - Filling up the DagBag from /Users/ehabhasan/.venvs/airflow310/lib/python3.10/site-packages/airflow/example_dags/example_params_trigger_ui.py
[2025-08-19T17:30:45.422+0200] {processor.py:840} INFO - DAG(s) 'example_params_trigger_ui' retrieved from /Users/ehabhasan/.venvs/airflow310/lib/python3.10/site-packages/airflow/example_dags/example_params_trigger_ui.py
[2025-08-19T17:30:45.468+0200] {logging_mixin.py:188} INFO - [2025-08-19T17:30:45.468+0200] {dag.py:3089} INFO - Sync 1 DAGs
[2025-08-19T17:30:45.494+0200] {logging_mixin.py:188} INFO - [2025-08-19T17:30:45.494+0200] {dag.py:3947} INFO - Setting next_dagrun for example_params_trigger_ui to None, run_after=None
[2025-08-19T17:30:45.501+0200] {processor.py:183} INFO - Processing /Users/ehabhasan/.venvs/airflow310/lib/python3.10/site-packages/airflow/example_dags/example_params_trigger_ui.py took 0.097 seconds
[2025-08-19T17:32:40.439+0200] {processor.py:161} INFO - Started process (PID=14155) to work on /Users/ehabhasan/.venvs/airflow310/lib/python3.10/site-packages/airflow/example_dags/example_params_trigger_ui.py
[2025-08-19T17:32:40.439+0200] {processor.py:830} INFO - Processing file /Users/ehabhasan/.venvs/airflow310/lib/python3.10/site-packages/airflow/example_dags/example_params_trigger_ui.py for tasks to queue
[2025-08-19T17:32:40.439+0200] {logging_mixin.py:188} INFO - [2025-08-19T17:32:40.439+0200] {dagbag.py:545} INFO - Filling up the DagBag from /Users/ehabhasan/.venvs/airflow310/lib/python3.10/site-packages/airflow/example_dags/example_params_trigger_ui.py
[2025-08-19T17:32:40.454+0200] {processor.py:840} INFO - DAG(s) 'example_params_trigger_ui' retrieved from /Users/ehabhasan/.venvs/airflow310/lib/python3.10/site-packages/airflow/example_dags/example_params_trigger_ui.py
[2025-08-19T17:32:40.500+0200] {logging_mixin.py:188} INFO - [2025-08-19T17:32:40.499+0200] {dag.py:3089} INFO - Sync 1 DAGs
[2025-08-19T17:32:40.523+0200] {logging_mixin.py:188} INFO - [2025-08-19T17:32:40.523+0200] {dag.py:3947} INFO - Setting next_dagrun for example_params_trigger_ui to None, run_after=None
[2025-08-19T17:32:40.530+0200] {processor.py:183} INFO - Processing /Users/ehabhasan/.venvs/airflow310/lib/python3.10/site-packages/airflow/example_dags/example_params_trigger_ui.py took 0.092 seconds
[2025-08-19T17:34:27.057+0200] {processor.py:161} INFO - Started process (PID=14258) to work on /Users/ehabhasan/.venvs/airflow310/lib/python3.10/site-packages/airflow/example_dags/example_params_trigger_ui.py
[2025-08-19T17:34:27.057+0200] {processor.py:830} INFO - Processing file /Users/ehabhasan/.venvs/airflow310/lib/python3.10/site-packages/airflow/example_dags/example_params_trigger_ui.py for tasks to queue
[2025-08-19T17:34:27.057+0200] {logging_mixin.py:188} INFO - [2025-08-19T17:34:27.057+0200] {dagbag.py:545} INFO - Filling up the DagBag from /Users/ehabhasan/.venvs/airflow310/lib/python3.10/site-packages/airflow/example_dags/example_params_trigger_ui.py
[2025-08-19T17:34:27.071+0200] {processor.py:840} INFO - DAG(s) 'example_params_trigger_ui' retrieved from /Users/ehabhasan/.venvs/airflow310/lib/python3.10/site-packages/airflow/example_dags/example_params_trigger_ui.py
[2025-08-19T17:34:27.116+0200] {logging_mixin.py:188} INFO - [2025-08-19T17:34:27.115+0200] {dag.py:3089} INFO - Sync 1 DAGs
[2025-08-19T17:34:27.139+0200] {logging_mixin.py:188} INFO - [2025-08-19T17:34:27.139+0200] {dag.py:3947} INFO - Setting next_dagrun for example_params_trigger_ui to None, run_after=None
[2025-08-19T17:34:27.146+0200] {processor.py:183} INFO - Processing /Users/ehabhasan/.venvs/airflow310/lib/python3.10/site-packages/airflow/example_dags/example_params_trigger_ui.py took 0.091 seconds
[2025-08-19T17:36:18.204+0200] {processor.py:161} INFO - Started process (PID=14469) to work on /Users/ehabhasan/.venvs/airflow310/lib/python3.10/site-packages/airflow/example_dags/example_params_trigger_ui.py
[2025-08-19T17:36:18.204+0200] {processor.py:830} INFO - Processing file /Users/ehabhasan/.venvs/airflow310/lib/python3.10/site-packages/airflow/example_dags/example_params_trigger_ui.py for tasks to queue
[2025-08-19T17:36:18.204+0200] {logging_mixin.py:188} INFO - [2025-08-19T17:36:18.204+0200] {dagbag.py:545} INFO - Filling up the DagBag from /Users/ehabhasan/.venvs/airflow310/lib/python3.10/site-packages/airflow/example_dags/example_params_trigger_ui.py
[2025-08-19T17:36:18.219+0200] {processor.py:840} INFO - DAG(s) 'example_params_trigger_ui' retrieved from /Users/ehabhasan/.venvs/airflow310/lib/python3.10/site-packages/airflow/example_dags/example_params_trigger_ui.py
[2025-08-19T17:36:18.264+0200] {logging_mixin.py:188} INFO - [2025-08-19T17:36:18.264+0200] {dag.py:3089} INFO - Sync 1 DAGs
[2025-08-19T17:36:18.288+0200] {logging_mixin.py:188} INFO - [2025-08-19T17:36:18.288+0200] {dag.py:3947} INFO - Setting next_dagrun for example_params_trigger_ui to None, run_after=None
[2025-08-19T17:36:18.294+0200] {processor.py:183} INFO - Processing /Users/ehabhasan/.venvs/airflow310/lib/python3.10/site-packages/airflow/example_dags/example_params_trigger_ui.py took 0.092 seconds
[2025-08-19T17:38:13.270+0200] {processor.py:161} INFO - Started process (PID=14598) to work on /Users/ehabhasan/.venvs/airflow310/lib/python3.10/site-packages/airflow/example_dags/example_params_trigger_ui.py
[2025-08-19T17:38:13.271+0200] {processor.py:830} INFO - Processing file /Users/ehabhasan/.venvs/airflow310/lib/python3.10/site-packages/airflow/example_dags/example_params_trigger_ui.py for tasks to queue
[2025-08-19T17:38:13.271+0200] {logging_mixin.py:188} INFO - [2025-08-19T17:38:13.271+0200] {dagbag.py:545} INFO - Filling up the DagBag from /Users/ehabhasan/.venvs/airflow310/lib/python3.10/site-packages/airflow/example_dags/example_params_trigger_ui.py
[2025-08-19T17:38:13.286+0200] {processor.py:840} INFO - DAG(s) 'example_params_trigger_ui' retrieved from /Users/ehabhasan/.venvs/airflow310/lib/python3.10/site-packages/airflow/example_dags/example_params_trigger_ui.py
[2025-08-19T17:38:13.334+0200] {logging_mixin.py:188} INFO - [2025-08-19T17:38:13.334+0200] {dag.py:3089} INFO - Sync 1 DAGs
[2025-08-19T17:38:13.363+0200] {logging_mixin.py:188} INFO - [2025-08-19T17:38:13.363+0200] {dag.py:3947} INFO - Setting next_dagrun for example_params_trigger_ui to None, run_after=None
[2025-08-19T17:38:13.370+0200] {processor.py:183} INFO - Processing /Users/ehabhasan/.venvs/airflow310/lib/python3.10/site-packages/airflow/example_dags/example_params_trigger_ui.py took 0.102 seconds
[2025-08-19T17:40:16.618+0200] {processor.py:161} INFO - Started process (PID=14838) to work on /Users/ehabhasan/.venvs/airflow310/lib/python3.10/site-packages/airflow/example_dags/example_params_trigger_ui.py
[2025-08-19T17:40:16.618+0200] {processor.py:830} INFO - Processing file /Users/ehabhasan/.venvs/airflow310/lib/python3.10/site-packages/airflow/example_dags/example_params_trigger_ui.py for tasks to queue
[2025-08-19T17:40:16.619+0200] {logging_mixin.py:188} INFO - [2025-08-19T17:40:16.618+0200] {dagbag.py:545} INFO - Filling up the DagBag from /Users/ehabhasan/.venvs/airflow310/lib/python3.10/site-packages/airflow/example_dags/example_params_trigger_ui.py
[2025-08-19T17:40:16.633+0200] {processor.py:840} INFO - DAG(s) 'example_params_trigger_ui' retrieved from /Users/ehabhasan/.venvs/airflow310/lib/python3.10/site-packages/airflow/example_dags/example_params_trigger_ui.py
[2025-08-19T17:40:16.678+0200] {logging_mixin.py:188} INFO - [2025-08-19T17:40:16.678+0200] {dag.py:3089} INFO - Sync 1 DAGs
[2025-08-19T17:40:16.702+0200] {logging_mixin.py:188} INFO - [2025-08-19T17:40:16.702+0200] {dag.py:3947} INFO - Setting next_dagrun for example_params_trigger_ui to None, run_after=None
[2025-08-19T17:40:16.709+0200] {processor.py:183} INFO - Processing /Users/ehabhasan/.venvs/airflow310/lib/python3.10/site-packages/airflow/example_dags/example_params_trigger_ui.py took 0.092 seconds
[2025-08-19T17:45:50.091+0200] {processor.py:161} INFO - Started process (PID=14987) to work on /Users/ehabhasan/.venvs/airflow310/lib/python3.10/site-packages/airflow/example_dags/example_params_trigger_ui.py
[2025-08-19T17:45:50.092+0200] {processor.py:830} INFO - Processing file /Users/ehabhasan/.venvs/airflow310/lib/python3.10/site-packages/airflow/example_dags/example_params_trigger_ui.py for tasks to queue
[2025-08-19T17:45:50.092+0200] {logging_mixin.py:188} INFO - [2025-08-19T17:45:50.092+0200] {dagbag.py:545} INFO - Filling up the DagBag from /Users/ehabhasan/.venvs/airflow310/lib/python3.10/site-packages/airflow/example_dags/example_params_trigger_ui.py
[2025-08-19T17:45:50.106+0200] {processor.py:840} INFO - DAG(s) 'example_params_trigger_ui' retrieved from /Users/ehabhasan/.venvs/airflow310/lib/python3.10/site-packages/airflow/example_dags/example_params_trigger_ui.py
[2025-08-19T17:45:50.150+0200] {logging_mixin.py:188} INFO - [2025-08-19T17:45:50.149+0200] {dag.py:3089} INFO - Sync 1 DAGs
[2025-08-19T17:45:50.176+0200] {logging_mixin.py:188} INFO - [2025-08-19T17:45:50.176+0200] {dag.py:3947} INFO - Setting next_dagrun for example_params_trigger_ui to None, run_after=None
[2025-08-19T17:45:50.183+0200] {processor.py:183} INFO - Processing /Users/ehabhasan/.venvs/airflow310/lib/python3.10/site-packages/airflow/example_dags/example_params_trigger_ui.py took 0.094 seconds
[2025-08-19T17:47:52.943+0200] {processor.py:161} INFO - Started process (PID=15086) to work on /Users/ehabhasan/.venvs/airflow310/lib/python3.10/site-packages/airflow/example_dags/example_params_trigger_ui.py
[2025-08-19T17:47:52.943+0200] {processor.py:830} INFO - Processing file /Users/ehabhasan/.venvs/airflow310/lib/python3.10/site-packages/airflow/example_dags/example_params_trigger_ui.py for tasks to queue
[2025-08-19T17:47:52.943+0200] {logging_mixin.py:188} INFO - [2025-08-19T17:47:52.943+0200] {dagbag.py:545} INFO - Filling up the DagBag from /Users/ehabhasan/.venvs/airflow310/lib/python3.10/site-packages/airflow/example_dags/example_params_trigger_ui.py
[2025-08-19T17:47:52.957+0200] {processor.py:840} INFO - DAG(s) 'example_params_trigger_ui' retrieved from /Users/ehabhasan/.venvs/airflow310/lib/python3.10/site-packages/airflow/example_dags/example_params_trigger_ui.py
[2025-08-19T17:47:53.001+0200] {logging_mixin.py:188} INFO - [2025-08-19T17:47:53.001+0200] {dag.py:3089} INFO - Sync 1 DAGs
[2025-08-19T17:47:53.024+0200] {logging_mixin.py:188} INFO - [2025-08-19T17:47:53.024+0200] {dag.py:3947} INFO - Setting next_dagrun for example_params_trigger_ui to None, run_after=None
[2025-08-19T17:47:53.031+0200] {processor.py:183} INFO - Processing /Users/ehabhasan/.venvs/airflow310/lib/python3.10/site-packages/airflow/example_dags/example_params_trigger_ui.py took 0.090 seconds
[2025-08-19T17:49:43.975+0200] {processor.py:161} INFO - Started process (PID=15169) to work on /Users/ehabhasan/.venvs/airflow310/lib/python3.10/site-packages/airflow/example_dags/example_params_trigger_ui.py
[2025-08-19T17:49:43.976+0200] {processor.py:830} INFO - Processing file /Users/ehabhasan/.venvs/airflow310/lib/python3.10/site-packages/airflow/example_dags/example_params_trigger_ui.py for tasks to queue
[2025-08-19T17:49:43.976+0200] {logging_mixin.py:188} INFO - [2025-08-19T17:49:43.976+0200] {dagbag.py:545} INFO - Filling up the DagBag from /Users/ehabhasan/.venvs/airflow310/lib/python3.10/site-packages/airflow/example_dags/example_params_trigger_ui.py
[2025-08-19T17:49:43.991+0200] {processor.py:840} INFO - DAG(s) 'example_params_trigger_ui' retrieved from /Users/ehabhasan/.venvs/airflow310/lib/python3.10/site-packages/airflow/example_dags/example_params_trigger_ui.py
[2025-08-19T17:49:44.036+0200] {logging_mixin.py:188} INFO - [2025-08-19T17:49:44.036+0200] {dag.py:3089} INFO - Sync 1 DAGs
[2025-08-19T17:49:44.060+0200] {logging_mixin.py:188} INFO - [2025-08-19T17:49:44.060+0200] {dag.py:3947} INFO - Setting next_dagrun for example_params_trigger_ui to None, run_after=None
[2025-08-19T17:49:44.067+0200] {processor.py:183} INFO - Processing /Users/ehabhasan/.venvs/airflow310/lib/python3.10/site-packages/airflow/example_dags/example_params_trigger_ui.py took 0.093 seconds
