[2025-08-19T16:48:41.289+0200] {processor.py:161} INFO - Started process (PID=7652) to work on /Users/ehabhasan/.venvs/airflow310/lib/python3.10/site-packages/airflow/example_dags/example_latest_only_with_trigger.py
[2025-08-19T16:48:41.290+0200] {processor.py:830} INFO - Processing file /Users/ehabhasan/.venvs/airflow310/lib/python3.10/site-packages/airflow/example_dags/example_latest_only_with_trigger.py for tasks to queue
[2025-08-19T16:48:41.290+0200] {logging_mixin.py:188} INFO - [2025-08-19T16:48:41.290+0200] {dagbag.py:545} INFO - Filling up the DagBag from /Users/ehabhasan/.venvs/airflow310/lib/python3.10/site-packages/airflow/example_dags/example_latest_only_with_trigger.py
[2025-08-19T16:48:41.293+0200] {processor.py:840} INFO - DAG(s) 'latest_only_with_trigger' retrieved from /Users/ehabhasan/.venvs/airflow310/lib/python3.10/site-packages/airflow/example_dags/example_latest_only_with_trigger.py
[2025-08-19T16:48:41.377+0200] {logging_mixin.py:188} INFO - [2025-08-19T16:48:41.377+0200] {dag.py:3089} INFO - Sync 1 DAGs
[2025-08-19T16:48:41.383+0200] {logging_mixin.py:188} INFO - [2025-08-19T16:48:41.383+0200] {dag.py:3947} INFO - Setting next_dagrun for latest_only_with_trigger to 2025-08-19 08:00:00+00:00, run_after=2025-08-19 12:00:00+00:00
[2025-08-19T16:48:41.390+0200] {processor.py:183} INFO - Processing /Users/ehabhasan/.venvs/airflow310/lib/python3.10/site-packages/airflow/example_dags/example_latest_only_with_trigger.py took 0.102 seconds
[2025-08-19T16:50:18.060+0200] {processor.py:161} INFO - Started process (PID=7725) to work on /Users/ehabhasan/.venvs/airflow310/lib/python3.10/site-packages/airflow/example_dags/example_latest_only_with_trigger.py
[2025-08-19T16:50:18.061+0200] {processor.py:830} INFO - Processing file /Users/ehabhasan/.venvs/airflow310/lib/python3.10/site-packages/airflow/example_dags/example_latest_only_with_trigger.py for tasks to queue
[2025-08-19T16:50:18.062+0200] {logging_mixin.py:188} INFO - [2025-08-19T16:50:18.062+0200] {dagbag.py:545} INFO - Filling up the DagBag from /Users/ehabhasan/.venvs/airflow310/lib/python3.10/site-packages/airflow/example_dags/example_latest_only_with_trigger.py
[2025-08-19T16:50:18.066+0200] {processor.py:840} INFO - DAG(s) 'latest_only_with_trigger' retrieved from /Users/ehabhasan/.venvs/airflow310/lib/python3.10/site-packages/airflow/example_dags/example_latest_only_with_trigger.py
[2025-08-19T16:50:18.101+0200] {logging_mixin.py:188} INFO - [2025-08-19T16:50:18.101+0200] {dag.py:3089} INFO - Sync 1 DAGs
[2025-08-19T16:50:18.106+0200] {logging_mixin.py:188} INFO - [2025-08-19T16:50:18.106+0200] {dag.py:3947} INFO - Setting next_dagrun for latest_only_with_trigger to 2025-08-19 08:00:00+00:00, run_after=2025-08-19 12:00:00+00:00
[2025-08-19T16:50:18.112+0200] {processor.py:183} INFO - Processing /Users/ehabhasan/.venvs/airflow310/lib/python3.10/site-packages/airflow/example_dags/example_latest_only_with_trigger.py took 0.054 seconds
[2025-08-19T16:51:54.979+0200] {processor.py:161} INFO - Started process (PID=7795) to work on /Users/ehabhasan/.venvs/airflow310/lib/python3.10/site-packages/airflow/example_dags/example_latest_only_with_trigger.py
[2025-08-19T16:51:54.979+0200] {processor.py:830} INFO - Processing file /Users/ehabhasan/.venvs/airflow310/lib/python3.10/site-packages/airflow/example_dags/example_latest_only_with_trigger.py for tasks to queue
[2025-08-19T16:51:54.980+0200] {logging_mixin.py:188} INFO - [2025-08-19T16:51:54.980+0200] {dagbag.py:545} INFO - Filling up the DagBag from /Users/ehabhasan/.venvs/airflow310/lib/python3.10/site-packages/airflow/example_dags/example_latest_only_with_trigger.py
[2025-08-19T16:51:54.982+0200] {processor.py:840} INFO - DAG(s) 'latest_only_with_trigger' retrieved from /Users/ehabhasan/.venvs/airflow310/lib/python3.10/site-packages/airflow/example_dags/example_latest_only_with_trigger.py
[2025-08-19T16:51:55.017+0200] {logging_mixin.py:188} INFO - [2025-08-19T16:51:55.017+0200] {dag.py:3089} INFO - Sync 1 DAGs
[2025-08-19T16:51:55.022+0200] {logging_mixin.py:188} INFO - [2025-08-19T16:51:55.022+0200] {dag.py:3947} INFO - Setting next_dagrun for latest_only_with_trigger to 2025-08-19 08:00:00+00:00, run_after=2025-08-19 12:00:00+00:00
[2025-08-19T16:51:55.028+0200] {processor.py:183} INFO - Processing /Users/ehabhasan/.venvs/airflow310/lib/python3.10/site-packages/airflow/example_dags/example_latest_only_with_trigger.py took 0.051 seconds
[2025-08-19T16:53:32.830+0200] {processor.py:161} INFO - Started process (PID=7868) to work on /Users/ehabhasan/.venvs/airflow310/lib/python3.10/site-packages/airflow/example_dags/example_latest_only_with_trigger.py
[2025-08-19T16:53:32.830+0200] {processor.py:830} INFO - Processing file /Users/ehabhasan/.venvs/airflow310/lib/python3.10/site-packages/airflow/example_dags/example_latest_only_with_trigger.py for tasks to queue
[2025-08-19T16:53:32.830+0200] {logging_mixin.py:188} INFO - [2025-08-19T16:53:32.830+0200] {dagbag.py:545} INFO - Filling up the DagBag from /Users/ehabhasan/.venvs/airflow310/lib/python3.10/site-packages/airflow/example_dags/example_latest_only_with_trigger.py
[2025-08-19T16:53:32.833+0200] {processor.py:840} INFO - DAG(s) 'latest_only_with_trigger' retrieved from /Users/ehabhasan/.venvs/airflow310/lib/python3.10/site-packages/airflow/example_dags/example_latest_only_with_trigger.py
[2025-08-19T16:53:32.868+0200] {logging_mixin.py:188} INFO - [2025-08-19T16:53:32.868+0200] {dag.py:3089} INFO - Sync 1 DAGs
[2025-08-19T16:53:32.873+0200] {logging_mixin.py:188} INFO - [2025-08-19T16:53:32.873+0200] {dag.py:3947} INFO - Setting next_dagrun for latest_only_with_trigger to 2025-08-19 08:00:00+00:00, run_after=2025-08-19 12:00:00+00:00
[2025-08-19T16:53:32.879+0200] {processor.py:183} INFO - Processing /Users/ehabhasan/.venvs/airflow310/lib/python3.10/site-packages/airflow/example_dags/example_latest_only_with_trigger.py took 0.051 seconds
[2025-08-19T16:55:08.586+0200] {processor.py:161} INFO - Started process (PID=7977) to work on /Users/ehabhasan/.venvs/airflow310/lib/python3.10/site-packages/airflow/example_dags/example_latest_only_with_trigger.py
[2025-08-19T16:55:08.587+0200] {processor.py:830} INFO - Processing file /Users/ehabhasan/.venvs/airflow310/lib/python3.10/site-packages/airflow/example_dags/example_latest_only_with_trigger.py for tasks to queue
[2025-08-19T16:55:08.587+0200] {logging_mixin.py:188} INFO - [2025-08-19T16:55:08.587+0200] {dagbag.py:545} INFO - Filling up the DagBag from /Users/ehabhasan/.venvs/airflow310/lib/python3.10/site-packages/airflow/example_dags/example_latest_only_with_trigger.py
[2025-08-19T16:55:08.590+0200] {processor.py:840} INFO - DAG(s) 'latest_only_with_trigger' retrieved from /Users/ehabhasan/.venvs/airflow310/lib/python3.10/site-packages/airflow/example_dags/example_latest_only_with_trigger.py
[2025-08-19T16:55:08.626+0200] {logging_mixin.py:188} INFO - [2025-08-19T16:55:08.625+0200] {dag.py:3089} INFO - Sync 1 DAGs
[2025-08-19T16:55:08.631+0200] {logging_mixin.py:188} INFO - [2025-08-19T16:55:08.631+0200] {dag.py:3947} INFO - Setting next_dagrun for latest_only_with_trigger to 2025-08-19 08:00:00+00:00, run_after=2025-08-19 12:00:00+00:00
[2025-08-19T16:55:08.637+0200] {processor.py:183} INFO - Processing /Users/ehabhasan/.venvs/airflow310/lib/python3.10/site-packages/airflow/example_dags/example_latest_only_with_trigger.py took 0.053 seconds
[2025-08-19T16:56:52.784+0200] {processor.py:161} INFO - Started process (PID=8054) to work on /Users/ehabhasan/.venvs/airflow310/lib/python3.10/site-packages/airflow/example_dags/example_latest_only_with_trigger.py
[2025-08-19T16:56:52.785+0200] {processor.py:830} INFO - Processing file /Users/ehabhasan/.venvs/airflow310/lib/python3.10/site-packages/airflow/example_dags/example_latest_only_with_trigger.py for tasks to queue
[2025-08-19T16:56:52.785+0200] {logging_mixin.py:188} INFO - [2025-08-19T16:56:52.785+0200] {dagbag.py:545} INFO - Filling up the DagBag from /Users/ehabhasan/.venvs/airflow310/lib/python3.10/site-packages/airflow/example_dags/example_latest_only_with_trigger.py
[2025-08-19T16:56:52.788+0200] {processor.py:840} INFO - DAG(s) 'latest_only_with_trigger' retrieved from /Users/ehabhasan/.venvs/airflow310/lib/python3.10/site-packages/airflow/example_dags/example_latest_only_with_trigger.py
[2025-08-19T16:56:52.824+0200] {logging_mixin.py:188} INFO - [2025-08-19T16:56:52.824+0200] {dag.py:3089} INFO - Sync 1 DAGs
[2025-08-19T16:56:52.830+0200] {logging_mixin.py:188} INFO - [2025-08-19T16:56:52.830+0200] {dag.py:3947} INFO - Setting next_dagrun for latest_only_with_trigger to 2025-08-19 08:00:00+00:00, run_after=2025-08-19 12:00:00+00:00
[2025-08-19T16:56:52.836+0200] {processor.py:183} INFO - Processing /Users/ehabhasan/.venvs/airflow310/lib/python3.10/site-packages/airflow/example_dags/example_latest_only_with_trigger.py took 0.053 seconds
[2025-08-19T16:58:31.242+0200] {processor.py:161} INFO - Started process (PID=8125) to work on /Users/ehabhasan/.venvs/airflow310/lib/python3.10/site-packages/airflow/example_dags/example_latest_only_with_trigger.py
[2025-08-19T16:58:31.243+0200] {processor.py:830} INFO - Processing file /Users/ehabhasan/.venvs/airflow310/lib/python3.10/site-packages/airflow/example_dags/example_latest_only_with_trigger.py for tasks to queue
[2025-08-19T16:58:31.244+0200] {logging_mixin.py:188} INFO - [2025-08-19T16:58:31.243+0200] {dagbag.py:545} INFO - Filling up the DagBag from /Users/ehabhasan/.venvs/airflow310/lib/python3.10/site-packages/airflow/example_dags/example_latest_only_with_trigger.py
[2025-08-19T16:58:31.247+0200] {processor.py:840} INFO - DAG(s) 'latest_only_with_trigger' retrieved from /Users/ehabhasan/.venvs/airflow310/lib/python3.10/site-packages/airflow/example_dags/example_latest_only_with_trigger.py
[2025-08-19T16:58:31.281+0200] {logging_mixin.py:188} INFO - [2025-08-19T16:58:31.281+0200] {dag.py:3089} INFO - Sync 1 DAGs
[2025-08-19T16:58:31.286+0200] {logging_mixin.py:188} INFO - [2025-08-19T16:58:31.286+0200] {dag.py:3947} INFO - Setting next_dagrun for latest_only_with_trigger to 2025-08-19 08:00:00+00:00, run_after=2025-08-19 12:00:00+00:00
[2025-08-19T16:58:31.292+0200] {processor.py:183} INFO - Processing /Users/ehabhasan/.venvs/airflow310/lib/python3.10/site-packages/airflow/example_dags/example_latest_only_with_trigger.py took 0.052 seconds
[2025-08-19T17:00:49.865+0200] {processor.py:161} INFO - Started process (PID=8242) to work on /Users/ehabhasan/.venvs/airflow310/lib/python3.10/site-packages/airflow/example_dags/example_latest_only_with_trigger.py
[2025-08-19T17:00:49.866+0200] {processor.py:830} INFO - Processing file /Users/ehabhasan/.venvs/airflow310/lib/python3.10/site-packages/airflow/example_dags/example_latest_only_with_trigger.py for tasks to queue
[2025-08-19T17:00:49.866+0200] {logging_mixin.py:188} INFO - [2025-08-19T17:00:49.866+0200] {dagbag.py:545} INFO - Filling up the DagBag from /Users/ehabhasan/.venvs/airflow310/lib/python3.10/site-packages/airflow/example_dags/example_latest_only_with_trigger.py
[2025-08-19T17:00:49.869+0200] {processor.py:840} INFO - DAG(s) 'latest_only_with_trigger' retrieved from /Users/ehabhasan/.venvs/airflow310/lib/python3.10/site-packages/airflow/example_dags/example_latest_only_with_trigger.py
[2025-08-19T17:00:49.904+0200] {logging_mixin.py:188} INFO - [2025-08-19T17:00:49.904+0200] {dag.py:3089} INFO - Sync 1 DAGs
[2025-08-19T17:00:49.910+0200] {logging_mixin.py:188} INFO - [2025-08-19T17:00:49.910+0200] {dag.py:3947} INFO - Setting next_dagrun for latest_only_with_trigger to 2025-08-19 08:00:00+00:00, run_after=2025-08-19 12:00:00+00:00
[2025-08-19T17:00:49.916+0200] {processor.py:183} INFO - Processing /Users/ehabhasan/.venvs/airflow310/lib/python3.10/site-packages/airflow/example_dags/example_latest_only_with_trigger.py took 0.053 seconds
[2025-08-19T17:02:11.361+0200] {processor.py:161} INFO - Started process (PID=8307) to work on /Users/ehabhasan/.venvs/airflow310/lib/python3.10/site-packages/airflow/example_dags/example_latest_only_with_trigger.py
[2025-08-19T17:02:11.362+0200] {processor.py:830} INFO - Processing file /Users/ehabhasan/.venvs/airflow310/lib/python3.10/site-packages/airflow/example_dags/example_latest_only_with_trigger.py for tasks to queue
[2025-08-19T17:02:11.362+0200] {logging_mixin.py:188} INFO - [2025-08-19T17:02:11.362+0200] {dagbag.py:545} INFO - Filling up the DagBag from /Users/ehabhasan/.venvs/airflow310/lib/python3.10/site-packages/airflow/example_dags/example_latest_only_with_trigger.py
[2025-08-19T17:02:11.365+0200] {processor.py:840} INFO - DAG(s) 'latest_only_with_trigger' retrieved from /Users/ehabhasan/.venvs/airflow310/lib/python3.10/site-packages/airflow/example_dags/example_latest_only_with_trigger.py
[2025-08-19T17:02:11.400+0200] {logging_mixin.py:188} INFO - [2025-08-19T17:02:11.400+0200] {dag.py:3089} INFO - Sync 1 DAGs
[2025-08-19T17:02:11.406+0200] {logging_mixin.py:188} INFO - [2025-08-19T17:02:11.406+0200] {dag.py:3947} INFO - Setting next_dagrun for latest_only_with_trigger to 2025-08-19 08:00:00+00:00, run_after=2025-08-19 12:00:00+00:00
[2025-08-19T17:02:11.412+0200] {processor.py:183} INFO - Processing /Users/ehabhasan/.venvs/airflow310/lib/python3.10/site-packages/airflow/example_dags/example_latest_only_with_trigger.py took 0.052 seconds
[2025-08-19T17:03:47.496+0200] {processor.py:161} INFO - Started process (PID=8680) to work on /Users/ehabhasan/.venvs/airflow310/lib/python3.10/site-packages/airflow/example_dags/example_latest_only_with_trigger.py
[2025-08-19T17:03:47.497+0200] {processor.py:830} INFO - Processing file /Users/ehabhasan/.venvs/airflow310/lib/python3.10/site-packages/airflow/example_dags/example_latest_only_with_trigger.py for tasks to queue
[2025-08-19T17:03:47.497+0200] {logging_mixin.py:188} INFO - [2025-08-19T17:03:47.497+0200] {dagbag.py:545} INFO - Filling up the DagBag from /Users/ehabhasan/.venvs/airflow310/lib/python3.10/site-packages/airflow/example_dags/example_latest_only_with_trigger.py
[2025-08-19T17:03:47.499+0200] {processor.py:840} INFO - DAG(s) 'latest_only_with_trigger' retrieved from /Users/ehabhasan/.venvs/airflow310/lib/python3.10/site-packages/airflow/example_dags/example_latest_only_with_trigger.py
[2025-08-19T17:03:47.535+0200] {logging_mixin.py:188} INFO - [2025-08-19T17:03:47.534+0200] {dag.py:3089} INFO - Sync 1 DAGs
[2025-08-19T17:03:47.540+0200] {logging_mixin.py:188} INFO - [2025-08-19T17:03:47.540+0200] {dag.py:3947} INFO - Setting next_dagrun for latest_only_with_trigger to 2025-08-19 08:00:00+00:00, run_after=2025-08-19 12:00:00+00:00
[2025-08-19T17:03:47.546+0200] {processor.py:183} INFO - Processing /Users/ehabhasan/.venvs/airflow310/lib/python3.10/site-packages/airflow/example_dags/example_latest_only_with_trigger.py took 0.052 seconds
[2025-08-19T17:05:28.783+0200] {processor.py:161} INFO - Started process (PID=8999) to work on /Users/ehabhasan/.venvs/airflow310/lib/python3.10/site-packages/airflow/example_dags/example_latest_only_with_trigger.py
[2025-08-19T17:05:28.783+0200] {processor.py:830} INFO - Processing file /Users/ehabhasan/.venvs/airflow310/lib/python3.10/site-packages/airflow/example_dags/example_latest_only_with_trigger.py for tasks to queue
[2025-08-19T17:05:28.783+0200] {logging_mixin.py:188} INFO - [2025-08-19T17:05:28.783+0200] {dagbag.py:545} INFO - Filling up the DagBag from /Users/ehabhasan/.venvs/airflow310/lib/python3.10/site-packages/airflow/example_dags/example_latest_only_with_trigger.py
[2025-08-19T17:05:28.786+0200] {processor.py:840} INFO - DAG(s) 'latest_only_with_trigger' retrieved from /Users/ehabhasan/.venvs/airflow310/lib/python3.10/site-packages/airflow/example_dags/example_latest_only_with_trigger.py
[2025-08-19T17:05:28.824+0200] {logging_mixin.py:188} INFO - [2025-08-19T17:05:28.824+0200] {dag.py:3089} INFO - Sync 1 DAGs
[2025-08-19T17:05:28.830+0200] {logging_mixin.py:188} INFO - [2025-08-19T17:05:28.830+0200] {dag.py:3947} INFO - Setting next_dagrun for latest_only_with_trigger to 2025-08-19 08:00:00+00:00, run_after=2025-08-19 12:00:00+00:00
[2025-08-19T17:05:28.836+0200] {processor.py:183} INFO - Processing /Users/ehabhasan/.venvs/airflow310/lib/python3.10/site-packages/airflow/example_dags/example_latest_only_with_trigger.py took 0.055 seconds
[2025-08-19T17:07:16.886+0200] {processor.py:161} INFO - Started process (PID=9967) to work on /Users/ehabhasan/.venvs/airflow310/lib/python3.10/site-packages/airflow/example_dags/example_latest_only_with_trigger.py
[2025-08-19T17:07:16.886+0200] {processor.py:830} INFO - Processing file /Users/ehabhasan/.venvs/airflow310/lib/python3.10/site-packages/airflow/example_dags/example_latest_only_with_trigger.py for tasks to queue
[2025-08-19T17:07:16.886+0200] {logging_mixin.py:188} INFO - [2025-08-19T17:07:16.886+0200] {dagbag.py:545} INFO - Filling up the DagBag from /Users/ehabhasan/.venvs/airflow310/lib/python3.10/site-packages/airflow/example_dags/example_latest_only_with_trigger.py
[2025-08-19T17:07:16.889+0200] {processor.py:840} INFO - DAG(s) 'latest_only_with_trigger' retrieved from /Users/ehabhasan/.venvs/airflow310/lib/python3.10/site-packages/airflow/example_dags/example_latest_only_with_trigger.py
[2025-08-19T17:07:16.926+0200] {logging_mixin.py:188} INFO - [2025-08-19T17:07:16.926+0200] {dag.py:3089} INFO - Sync 1 DAGs
[2025-08-19T17:07:16.931+0200] {logging_mixin.py:188} INFO - [2025-08-19T17:07:16.931+0200] {dag.py:3947} INFO - Setting next_dagrun for latest_only_with_trigger to 2025-08-19 08:00:00+00:00, run_after=2025-08-19 12:00:00+00:00
[2025-08-19T17:07:16.938+0200] {processor.py:183} INFO - Processing /Users/ehabhasan/.venvs/airflow310/lib/python3.10/site-packages/airflow/example_dags/example_latest_only_with_trigger.py took 0.054 seconds
[2025-08-19T17:09:03.344+0200] {processor.py:161} INFO - Started process (PID=10176) to work on /Users/ehabhasan/.venvs/airflow310/lib/python3.10/site-packages/airflow/example_dags/example_latest_only_with_trigger.py
[2025-08-19T17:09:03.344+0200] {processor.py:830} INFO - Processing file /Users/ehabhasan/.venvs/airflow310/lib/python3.10/site-packages/airflow/example_dags/example_latest_only_with_trigger.py for tasks to queue
[2025-08-19T17:09:03.344+0200] {logging_mixin.py:188} INFO - [2025-08-19T17:09:03.344+0200] {dagbag.py:545} INFO - Filling up the DagBag from /Users/ehabhasan/.venvs/airflow310/lib/python3.10/site-packages/airflow/example_dags/example_latest_only_with_trigger.py
[2025-08-19T17:09:03.347+0200] {processor.py:840} INFO - DAG(s) 'latest_only_with_trigger' retrieved from /Users/ehabhasan/.venvs/airflow310/lib/python3.10/site-packages/airflow/example_dags/example_latest_only_with_trigger.py
[2025-08-19T17:09:03.386+0200] {logging_mixin.py:188} INFO - [2025-08-19T17:09:03.386+0200] {dag.py:3089} INFO - Sync 1 DAGs
[2025-08-19T17:09:03.392+0200] {logging_mixin.py:188} INFO - [2025-08-19T17:09:03.392+0200] {dag.py:3947} INFO - Setting next_dagrun for latest_only_with_trigger to 2025-08-19 08:00:00+00:00, run_after=2025-08-19 12:00:00+00:00
[2025-08-19T17:09:03.399+0200] {processor.py:183} INFO - Processing /Users/ehabhasan/.venvs/airflow310/lib/python3.10/site-packages/airflow/example_dags/example_latest_only_with_trigger.py took 0.057 seconds
[2025-08-19T17:10:51.153+0200] {processor.py:161} INFO - Started process (PID=10291) to work on /Users/ehabhasan/.venvs/airflow310/lib/python3.10/site-packages/airflow/example_dags/example_latest_only_with_trigger.py
[2025-08-19T17:10:51.154+0200] {processor.py:830} INFO - Processing file /Users/ehabhasan/.venvs/airflow310/lib/python3.10/site-packages/airflow/example_dags/example_latest_only_with_trigger.py for tasks to queue
[2025-08-19T17:10:51.154+0200] {logging_mixin.py:188} INFO - [2025-08-19T17:10:51.154+0200] {dagbag.py:545} INFO - Filling up the DagBag from /Users/ehabhasan/.venvs/airflow310/lib/python3.10/site-packages/airflow/example_dags/example_latest_only_with_trigger.py
[2025-08-19T17:10:51.157+0200] {processor.py:840} INFO - DAG(s) 'latest_only_with_trigger' retrieved from /Users/ehabhasan/.venvs/airflow310/lib/python3.10/site-packages/airflow/example_dags/example_latest_only_with_trigger.py
[2025-08-19T17:10:51.195+0200] {logging_mixin.py:188} INFO - [2025-08-19T17:10:51.195+0200] {dag.py:3089} INFO - Sync 1 DAGs
[2025-08-19T17:10:51.201+0200] {logging_mixin.py:188} INFO - [2025-08-19T17:10:51.201+0200] {dag.py:3947} INFO - Setting next_dagrun for latest_only_with_trigger to 2025-08-19 08:00:00+00:00, run_after=2025-08-19 12:00:00+00:00
[2025-08-19T17:10:51.208+0200] {processor.py:183} INFO - Processing /Users/ehabhasan/.venvs/airflow310/lib/python3.10/site-packages/airflow/example_dags/example_latest_only_with_trigger.py took 0.056 seconds
[2025-08-19T17:12:42.653+0200] {processor.py:161} INFO - Started process (PID=10383) to work on /Users/ehabhasan/.venvs/airflow310/lib/python3.10/site-packages/airflow/example_dags/example_latest_only_with_trigger.py
[2025-08-19T17:12:42.653+0200] {processor.py:830} INFO - Processing file /Users/ehabhasan/.venvs/airflow310/lib/python3.10/site-packages/airflow/example_dags/example_latest_only_with_trigger.py for tasks to queue
[2025-08-19T17:12:42.653+0200] {logging_mixin.py:188} INFO - [2025-08-19T17:12:42.653+0200] {dagbag.py:545} INFO - Filling up the DagBag from /Users/ehabhasan/.venvs/airflow310/lib/python3.10/site-packages/airflow/example_dags/example_latest_only_with_trigger.py
[2025-08-19T17:12:42.656+0200] {processor.py:840} INFO - DAG(s) 'latest_only_with_trigger' retrieved from /Users/ehabhasan/.venvs/airflow310/lib/python3.10/site-packages/airflow/example_dags/example_latest_only_with_trigger.py
[2025-08-19T17:12:42.691+0200] {logging_mixin.py:188} INFO - [2025-08-19T17:12:42.691+0200] {dag.py:3089} INFO - Sync 1 DAGs
[2025-08-19T17:12:42.697+0200] {logging_mixin.py:188} INFO - [2025-08-19T17:12:42.697+0200] {dag.py:3947} INFO - Setting next_dagrun for latest_only_with_trigger to 2025-08-19 08:00:00+00:00, run_after=2025-08-19 12:00:00+00:00
[2025-08-19T17:12:42.703+0200] {processor.py:183} INFO - Processing /Users/ehabhasan/.venvs/airflow310/lib/python3.10/site-packages/airflow/example_dags/example_latest_only_with_trigger.py took 0.052 seconds
[2025-08-19T17:14:34.552+0200] {processor.py:161} INFO - Started process (PID=10500) to work on /Users/ehabhasan/.venvs/airflow310/lib/python3.10/site-packages/airflow/example_dags/example_latest_only_with_trigger.py
[2025-08-19T17:14:34.552+0200] {processor.py:830} INFO - Processing file /Users/ehabhasan/.venvs/airflow310/lib/python3.10/site-packages/airflow/example_dags/example_latest_only_with_trigger.py for tasks to queue
[2025-08-19T17:14:34.552+0200] {logging_mixin.py:188} INFO - [2025-08-19T17:14:34.552+0200] {dagbag.py:545} INFO - Filling up the DagBag from /Users/ehabhasan/.venvs/airflow310/lib/python3.10/site-packages/airflow/example_dags/example_latest_only_with_trigger.py
[2025-08-19T17:14:34.555+0200] {processor.py:840} INFO - DAG(s) 'latest_only_with_trigger' retrieved from /Users/ehabhasan/.venvs/airflow310/lib/python3.10/site-packages/airflow/example_dags/example_latest_only_with_trigger.py
[2025-08-19T17:14:34.591+0200] {logging_mixin.py:188} INFO - [2025-08-19T17:14:34.591+0200] {dag.py:3089} INFO - Sync 1 DAGs
[2025-08-19T17:14:34.597+0200] {logging_mixin.py:188} INFO - [2025-08-19T17:14:34.596+0200] {dag.py:3947} INFO - Setting next_dagrun for latest_only_with_trigger to 2025-08-19 08:00:00+00:00, run_after=2025-08-19 12:00:00+00:00
[2025-08-19T17:14:34.603+0200] {processor.py:183} INFO - Processing /Users/ehabhasan/.venvs/airflow310/lib/python3.10/site-packages/airflow/example_dags/example_latest_only_with_trigger.py took 0.053 seconds
[2025-08-19T17:16:26.015+0200] {processor.py:161} INFO - Started process (PID=10815) to work on /Users/ehabhasan/.venvs/airflow310/lib/python3.10/site-packages/airflow/example_dags/example_latest_only_with_trigger.py
[2025-08-19T17:16:26.016+0200] {processor.py:830} INFO - Processing file /Users/ehabhasan/.venvs/airflow310/lib/python3.10/site-packages/airflow/example_dags/example_latest_only_with_trigger.py for tasks to queue
[2025-08-19T17:16:26.016+0200] {logging_mixin.py:188} INFO - [2025-08-19T17:16:26.016+0200] {dagbag.py:545} INFO - Filling up the DagBag from /Users/ehabhasan/.venvs/airflow310/lib/python3.10/site-packages/airflow/example_dags/example_latest_only_with_trigger.py
[2025-08-19T17:16:26.019+0200] {processor.py:840} INFO - DAG(s) 'latest_only_with_trigger' retrieved from /Users/ehabhasan/.venvs/airflow310/lib/python3.10/site-packages/airflow/example_dags/example_latest_only_with_trigger.py
[2025-08-19T17:16:26.056+0200] {logging_mixin.py:188} INFO - [2025-08-19T17:16:26.055+0200] {dag.py:3089} INFO - Sync 1 DAGs
[2025-08-19T17:16:26.061+0200] {logging_mixin.py:188} INFO - [2025-08-19T17:16:26.061+0200] {dag.py:3947} INFO - Setting next_dagrun for latest_only_with_trigger to 2025-08-19 08:00:00+00:00, run_after=2025-08-19 12:00:00+00:00
[2025-08-19T17:16:26.068+0200] {processor.py:183} INFO - Processing /Users/ehabhasan/.venvs/airflow310/lib/python3.10/site-packages/airflow/example_dags/example_latest_only_with_trigger.py took 0.054 seconds
[2025-08-19T17:18:18.042+0200] {processor.py:161} INFO - Started process (PID=11487) to work on /Users/ehabhasan/.venvs/airflow310/lib/python3.10/site-packages/airflow/example_dags/example_latest_only_with_trigger.py
[2025-08-19T17:18:18.043+0200] {processor.py:830} INFO - Processing file /Users/ehabhasan/.venvs/airflow310/lib/python3.10/site-packages/airflow/example_dags/example_latest_only_with_trigger.py for tasks to queue
[2025-08-19T17:18:18.044+0200] {logging_mixin.py:188} INFO - [2025-08-19T17:18:18.044+0200] {dagbag.py:545} INFO - Filling up the DagBag from /Users/ehabhasan/.venvs/airflow310/lib/python3.10/site-packages/airflow/example_dags/example_latest_only_with_trigger.py
[2025-08-19T17:18:18.047+0200] {processor.py:840} INFO - DAG(s) 'latest_only_with_trigger' retrieved from /Users/ehabhasan/.venvs/airflow310/lib/python3.10/site-packages/airflow/example_dags/example_latest_only_with_trigger.py
[2025-08-19T17:18:18.083+0200] {logging_mixin.py:188} INFO - [2025-08-19T17:18:18.083+0200] {dag.py:3089} INFO - Sync 1 DAGs
[2025-08-19T17:18:18.088+0200] {logging_mixin.py:188} INFO - [2025-08-19T17:18:18.088+0200] {dag.py:3947} INFO - Setting next_dagrun for latest_only_with_trigger to 2025-08-19 08:00:00+00:00, run_after=2025-08-19 12:00:00+00:00
[2025-08-19T17:18:18.094+0200] {processor.py:183} INFO - Processing /Users/ehabhasan/.venvs/airflow310/lib/python3.10/site-packages/airflow/example_dags/example_latest_only_with_trigger.py took 0.054 seconds
[2025-08-19T17:20:02.555+0200] {processor.py:161} INFO - Started process (PID=11591) to work on /Users/ehabhasan/.venvs/airflow310/lib/python3.10/site-packages/airflow/example_dags/example_latest_only_with_trigger.py
[2025-08-19T17:20:02.556+0200] {processor.py:830} INFO - Processing file /Users/ehabhasan/.venvs/airflow310/lib/python3.10/site-packages/airflow/example_dags/example_latest_only_with_trigger.py for tasks to queue
[2025-08-19T17:20:02.556+0200] {logging_mixin.py:188} INFO - [2025-08-19T17:20:02.556+0200] {dagbag.py:545} INFO - Filling up the DagBag from /Users/ehabhasan/.venvs/airflow310/lib/python3.10/site-packages/airflow/example_dags/example_latest_only_with_trigger.py
[2025-08-19T17:20:02.559+0200] {processor.py:840} INFO - DAG(s) 'latest_only_with_trigger' retrieved from /Users/ehabhasan/.venvs/airflow310/lib/python3.10/site-packages/airflow/example_dags/example_latest_only_with_trigger.py
[2025-08-19T17:20:02.604+0200] {logging_mixin.py:188} INFO - [2025-08-19T17:20:02.604+0200] {dag.py:3089} INFO - Sync 1 DAGs
[2025-08-19T17:20:02.610+0200] {logging_mixin.py:188} INFO - [2025-08-19T17:20:02.610+0200] {dag.py:3947} INFO - Setting next_dagrun for latest_only_with_trigger to 2025-08-19 08:00:00+00:00, run_after=2025-08-19 12:00:00+00:00
[2025-08-19T17:20:02.617+0200] {processor.py:183} INFO - Processing /Users/ehabhasan/.venvs/airflow310/lib/python3.10/site-packages/airflow/example_dags/example_latest_only_with_trigger.py took 0.063 seconds
[2025-08-19T17:21:45.432+0200] {processor.py:161} INFO - Started process (PID=11659) to work on /Users/ehabhasan/.venvs/airflow310/lib/python3.10/site-packages/airflow/example_dags/example_latest_only_with_trigger.py
[2025-08-19T17:21:45.433+0200] {processor.py:830} INFO - Processing file /Users/ehabhasan/.venvs/airflow310/lib/python3.10/site-packages/airflow/example_dags/example_latest_only_with_trigger.py for tasks to queue
[2025-08-19T17:21:45.433+0200] {logging_mixin.py:188} INFO - [2025-08-19T17:21:45.433+0200] {dagbag.py:545} INFO - Filling up the DagBag from /Users/ehabhasan/.venvs/airflow310/lib/python3.10/site-packages/airflow/example_dags/example_latest_only_with_trigger.py
[2025-08-19T17:21:45.436+0200] {processor.py:840} INFO - DAG(s) 'latest_only_with_trigger' retrieved from /Users/ehabhasan/.venvs/airflow310/lib/python3.10/site-packages/airflow/example_dags/example_latest_only_with_trigger.py
[2025-08-19T17:21:45.471+0200] {logging_mixin.py:188} INFO - [2025-08-19T17:21:45.471+0200] {dag.py:3089} INFO - Sync 1 DAGs
[2025-08-19T17:21:45.477+0200] {logging_mixin.py:188} INFO - [2025-08-19T17:21:45.477+0200] {dag.py:3947} INFO - Setting next_dagrun for latest_only_with_trigger to 2025-08-19 08:00:00+00:00, run_after=2025-08-19 12:00:00+00:00
[2025-08-19T17:21:45.483+0200] {processor.py:183} INFO - Processing /Users/ehabhasan/.venvs/airflow310/lib/python3.10/site-packages/airflow/example_dags/example_latest_only_with_trigger.py took 0.053 seconds
[2025-08-19T17:23:37.111+0200] {processor.py:161} INFO - Started process (PID=11737) to work on /Users/ehabhasan/.venvs/airflow310/lib/python3.10/site-packages/airflow/example_dags/example_latest_only_with_trigger.py
[2025-08-19T17:23:37.111+0200] {processor.py:830} INFO - Processing file /Users/ehabhasan/.venvs/airflow310/lib/python3.10/site-packages/airflow/example_dags/example_latest_only_with_trigger.py for tasks to queue
[2025-08-19T17:23:37.111+0200] {logging_mixin.py:188} INFO - [2025-08-19T17:23:37.111+0200] {dagbag.py:545} INFO - Filling up the DagBag from /Users/ehabhasan/.venvs/airflow310/lib/python3.10/site-packages/airflow/example_dags/example_latest_only_with_trigger.py
[2025-08-19T17:23:37.114+0200] {processor.py:840} INFO - DAG(s) 'latest_only_with_trigger' retrieved from /Users/ehabhasan/.venvs/airflow310/lib/python3.10/site-packages/airflow/example_dags/example_latest_only_with_trigger.py
[2025-08-19T17:23:37.150+0200] {logging_mixin.py:188} INFO - [2025-08-19T17:23:37.150+0200] {dag.py:3089} INFO - Sync 1 DAGs
[2025-08-19T17:23:37.156+0200] {logging_mixin.py:188} INFO - [2025-08-19T17:23:37.156+0200] {dag.py:3947} INFO - Setting next_dagrun for latest_only_with_trigger to 2025-08-19 08:00:00+00:00, run_after=2025-08-19 12:00:00+00:00
[2025-08-19T17:23:37.163+0200] {processor.py:183} INFO - Processing /Users/ehabhasan/.venvs/airflow310/lib/python3.10/site-packages/airflow/example_dags/example_latest_only_with_trigger.py took 0.054 seconds
[2025-08-19T17:25:22.462+0200] {processor.py:161} INFO - Started process (PID=11817) to work on /Users/ehabhasan/.venvs/airflow310/lib/python3.10/site-packages/airflow/example_dags/example_latest_only_with_trigger.py
[2025-08-19T17:25:22.463+0200] {processor.py:830} INFO - Processing file /Users/ehabhasan/.venvs/airflow310/lib/python3.10/site-packages/airflow/example_dags/example_latest_only_with_trigger.py for tasks to queue
[2025-08-19T17:25:22.463+0200] {logging_mixin.py:188} INFO - [2025-08-19T17:25:22.463+0200] {dagbag.py:545} INFO - Filling up the DagBag from /Users/ehabhasan/.venvs/airflow310/lib/python3.10/site-packages/airflow/example_dags/example_latest_only_with_trigger.py
[2025-08-19T17:25:22.466+0200] {processor.py:840} INFO - DAG(s) 'latest_only_with_trigger' retrieved from /Users/ehabhasan/.venvs/airflow310/lib/python3.10/site-packages/airflow/example_dags/example_latest_only_with_trigger.py
[2025-08-19T17:25:22.502+0200] {logging_mixin.py:188} INFO - [2025-08-19T17:25:22.502+0200] {dag.py:3089} INFO - Sync 1 DAGs
[2025-08-19T17:25:22.507+0200] {logging_mixin.py:188} INFO - [2025-08-19T17:25:22.507+0200] {dag.py:3947} INFO - Setting next_dagrun for latest_only_with_trigger to 2025-08-19 08:00:00+00:00, run_after=2025-08-19 12:00:00+00:00
[2025-08-19T17:25:22.513+0200] {processor.py:183} INFO - Processing /Users/ehabhasan/.venvs/airflow310/lib/python3.10/site-packages/airflow/example_dags/example_latest_only_with_trigger.py took 0.053 seconds
[2025-08-19T17:27:09.590+0200] {processor.py:161} INFO - Started process (PID=11897) to work on /Users/ehabhasan/.venvs/airflow310/lib/python3.10/site-packages/airflow/example_dags/example_latest_only_with_trigger.py
[2025-08-19T17:27:09.591+0200] {processor.py:830} INFO - Processing file /Users/ehabhasan/.venvs/airflow310/lib/python3.10/site-packages/airflow/example_dags/example_latest_only_with_trigger.py for tasks to queue
[2025-08-19T17:27:09.591+0200] {logging_mixin.py:188} INFO - [2025-08-19T17:27:09.591+0200] {dagbag.py:545} INFO - Filling up the DagBag from /Users/ehabhasan/.venvs/airflow310/lib/python3.10/site-packages/airflow/example_dags/example_latest_only_with_trigger.py
[2025-08-19T17:27:09.594+0200] {processor.py:840} INFO - DAG(s) 'latest_only_with_trigger' retrieved from /Users/ehabhasan/.venvs/airflow310/lib/python3.10/site-packages/airflow/example_dags/example_latest_only_with_trigger.py
[2025-08-19T17:27:09.630+0200] {logging_mixin.py:188} INFO - [2025-08-19T17:27:09.629+0200] {dag.py:3089} INFO - Sync 1 DAGs
[2025-08-19T17:27:09.635+0200] {logging_mixin.py:188} INFO - [2025-08-19T17:27:09.635+0200] {dag.py:3947} INFO - Setting next_dagrun for latest_only_with_trigger to 2025-08-19 08:00:00+00:00, run_after=2025-08-19 12:00:00+00:00
[2025-08-19T17:27:09.641+0200] {processor.py:183} INFO - Processing /Users/ehabhasan/.venvs/airflow310/lib/python3.10/site-packages/airflow/example_dags/example_latest_only_with_trigger.py took 0.052 seconds
[2025-08-19T17:28:58.786+0200] {processor.py:161} INFO - Started process (PID=11986) to work on /Users/ehabhasan/.venvs/airflow310/lib/python3.10/site-packages/airflow/example_dags/example_latest_only_with_trigger.py
[2025-08-19T17:28:58.787+0200] {processor.py:830} INFO - Processing file /Users/ehabhasan/.venvs/airflow310/lib/python3.10/site-packages/airflow/example_dags/example_latest_only_with_trigger.py for tasks to queue
[2025-08-19T17:28:58.787+0200] {logging_mixin.py:188} INFO - [2025-08-19T17:28:58.787+0200] {dagbag.py:545} INFO - Filling up the DagBag from /Users/ehabhasan/.venvs/airflow310/lib/python3.10/site-packages/airflow/example_dags/example_latest_only_with_trigger.py
[2025-08-19T17:28:58.790+0200] {processor.py:840} INFO - DAG(s) 'latest_only_with_trigger' retrieved from /Users/ehabhasan/.venvs/airflow310/lib/python3.10/site-packages/airflow/example_dags/example_latest_only_with_trigger.py
[2025-08-19T17:28:58.827+0200] {logging_mixin.py:188} INFO - [2025-08-19T17:28:58.826+0200] {dag.py:3089} INFO - Sync 1 DAGs
[2025-08-19T17:28:58.832+0200] {logging_mixin.py:188} INFO - [2025-08-19T17:28:58.832+0200] {dag.py:3947} INFO - Setting next_dagrun for latest_only_with_trigger to 2025-08-19 08:00:00+00:00, run_after=2025-08-19 12:00:00+00:00
[2025-08-19T17:28:58.838+0200] {processor.py:183} INFO - Processing /Users/ehabhasan/.venvs/airflow310/lib/python3.10/site-packages/airflow/example_dags/example_latest_only_with_trigger.py took 0.054 seconds
[2025-08-19T17:30:50.588+0200] {processor.py:161} INFO - Started process (PID=13909) to work on /Users/ehabhasan/.venvs/airflow310/lib/python3.10/site-packages/airflow/example_dags/example_latest_only_with_trigger.py
[2025-08-19T17:30:50.589+0200] {processor.py:830} INFO - Processing file /Users/ehabhasan/.venvs/airflow310/lib/python3.10/site-packages/airflow/example_dags/example_latest_only_with_trigger.py for tasks to queue
[2025-08-19T17:30:50.589+0200] {logging_mixin.py:188} INFO - [2025-08-19T17:30:50.589+0200] {dagbag.py:545} INFO - Filling up the DagBag from /Users/ehabhasan/.venvs/airflow310/lib/python3.10/site-packages/airflow/example_dags/example_latest_only_with_trigger.py
[2025-08-19T17:30:50.593+0200] {processor.py:840} INFO - DAG(s) 'latest_only_with_trigger' retrieved from /Users/ehabhasan/.venvs/airflow310/lib/python3.10/site-packages/airflow/example_dags/example_latest_only_with_trigger.py
[2025-08-19T17:30:50.630+0200] {logging_mixin.py:188} INFO - [2025-08-19T17:30:50.630+0200] {dag.py:3089} INFO - Sync 1 DAGs
[2025-08-19T17:30:50.636+0200] {logging_mixin.py:188} INFO - [2025-08-19T17:30:50.636+0200] {dag.py:3947} INFO - Setting next_dagrun for latest_only_with_trigger to 2025-08-19 08:00:00+00:00, run_after=2025-08-19 12:00:00+00:00
[2025-08-19T17:30:50.642+0200] {processor.py:183} INFO - Processing /Users/ehabhasan/.venvs/airflow310/lib/python3.10/site-packages/airflow/example_dags/example_latest_only_with_trigger.py took 0.056 seconds
[2025-08-19T17:32:44.585+0200] {processor.py:161} INFO - Started process (PID=14160) to work on /Users/ehabhasan/.venvs/airflow310/lib/python3.10/site-packages/airflow/example_dags/example_latest_only_with_trigger.py
[2025-08-19T17:32:44.585+0200] {processor.py:830} INFO - Processing file /Users/ehabhasan/.venvs/airflow310/lib/python3.10/site-packages/airflow/example_dags/example_latest_only_with_trigger.py for tasks to queue
[2025-08-19T17:32:44.585+0200] {logging_mixin.py:188} INFO - [2025-08-19T17:32:44.585+0200] {dagbag.py:545} INFO - Filling up the DagBag from /Users/ehabhasan/.venvs/airflow310/lib/python3.10/site-packages/airflow/example_dags/example_latest_only_with_trigger.py
[2025-08-19T17:32:44.588+0200] {processor.py:840} INFO - DAG(s) 'latest_only_with_trigger' retrieved from /Users/ehabhasan/.venvs/airflow310/lib/python3.10/site-packages/airflow/example_dags/example_latest_only_with_trigger.py
[2025-08-19T17:32:44.624+0200] {logging_mixin.py:188} INFO - [2025-08-19T17:32:44.623+0200] {dag.py:3089} INFO - Sync 1 DAGs
[2025-08-19T17:32:44.629+0200] {logging_mixin.py:188} INFO - [2025-08-19T17:32:44.629+0200] {dag.py:3947} INFO - Setting next_dagrun for latest_only_with_trigger to 2025-08-19 08:00:00+00:00, run_after=2025-08-19 12:00:00+00:00
[2025-08-19T17:32:44.636+0200] {processor.py:183} INFO - Processing /Users/ehabhasan/.venvs/airflow310/lib/python3.10/site-packages/airflow/example_dags/example_latest_only_with_trigger.py took 0.053 seconds
[2025-08-19T17:34:31.255+0200] {processor.py:161} INFO - Started process (PID=14262) to work on /Users/ehabhasan/.venvs/airflow310/lib/python3.10/site-packages/airflow/example_dags/example_latest_only_with_trigger.py
[2025-08-19T17:34:31.256+0200] {processor.py:830} INFO - Processing file /Users/ehabhasan/.venvs/airflow310/lib/python3.10/site-packages/airflow/example_dags/example_latest_only_with_trigger.py for tasks to queue
[2025-08-19T17:34:31.256+0200] {logging_mixin.py:188} INFO - [2025-08-19T17:34:31.256+0200] {dagbag.py:545} INFO - Filling up the DagBag from /Users/ehabhasan/.venvs/airflow310/lib/python3.10/site-packages/airflow/example_dags/example_latest_only_with_trigger.py
[2025-08-19T17:34:31.259+0200] {processor.py:840} INFO - DAG(s) 'latest_only_with_trigger' retrieved from /Users/ehabhasan/.venvs/airflow310/lib/python3.10/site-packages/airflow/example_dags/example_latest_only_with_trigger.py
[2025-08-19T17:34:31.295+0200] {logging_mixin.py:188} INFO - [2025-08-19T17:34:31.294+0200] {dag.py:3089} INFO - Sync 1 DAGs
[2025-08-19T17:34:31.300+0200] {logging_mixin.py:188} INFO - [2025-08-19T17:34:31.300+0200] {dag.py:3947} INFO - Setting next_dagrun for latest_only_with_trigger to 2025-08-19 08:00:00+00:00, run_after=2025-08-19 12:00:00+00:00
[2025-08-19T17:34:31.306+0200] {processor.py:183} INFO - Processing /Users/ehabhasan/.venvs/airflow310/lib/python3.10/site-packages/airflow/example_dags/example_latest_only_with_trigger.py took 0.053 seconds
[2025-08-19T17:36:23.395+0200] {processor.py:161} INFO - Started process (PID=14472) to work on /Users/ehabhasan/.venvs/airflow310/lib/python3.10/site-packages/airflow/example_dags/example_latest_only_with_trigger.py
[2025-08-19T17:36:23.396+0200] {processor.py:830} INFO - Processing file /Users/ehabhasan/.venvs/airflow310/lib/python3.10/site-packages/airflow/example_dags/example_latest_only_with_trigger.py for tasks to queue
[2025-08-19T17:36:23.396+0200] {logging_mixin.py:188} INFO - [2025-08-19T17:36:23.396+0200] {dagbag.py:545} INFO - Filling up the DagBag from /Users/ehabhasan/.venvs/airflow310/lib/python3.10/site-packages/airflow/example_dags/example_latest_only_with_trigger.py
[2025-08-19T17:36:23.399+0200] {processor.py:840} INFO - DAG(s) 'latest_only_with_trigger' retrieved from /Users/ehabhasan/.venvs/airflow310/lib/python3.10/site-packages/airflow/example_dags/example_latest_only_with_trigger.py
[2025-08-19T17:36:23.435+0200] {logging_mixin.py:188} INFO - [2025-08-19T17:36:23.435+0200] {dag.py:3089} INFO - Sync 1 DAGs
[2025-08-19T17:36:23.440+0200] {logging_mixin.py:188} INFO - [2025-08-19T17:36:23.440+0200] {dag.py:3947} INFO - Setting next_dagrun for latest_only_with_trigger to 2025-08-19 08:00:00+00:00, run_after=2025-08-19 12:00:00+00:00
[2025-08-19T17:36:23.447+0200] {processor.py:183} INFO - Processing /Users/ehabhasan/.venvs/airflow310/lib/python3.10/site-packages/airflow/example_dags/example_latest_only_with_trigger.py took 0.053 seconds
[2025-08-19T17:38:18.413+0200] {processor.py:161} INFO - Started process (PID=14604) to work on /Users/ehabhasan/.venvs/airflow310/lib/python3.10/site-packages/airflow/example_dags/example_latest_only_with_trigger.py
[2025-08-19T17:38:18.414+0200] {processor.py:830} INFO - Processing file /Users/ehabhasan/.venvs/airflow310/lib/python3.10/site-packages/airflow/example_dags/example_latest_only_with_trigger.py for tasks to queue
[2025-08-19T17:38:18.414+0200] {logging_mixin.py:188} INFO - [2025-08-19T17:38:18.414+0200] {dagbag.py:545} INFO - Filling up the DagBag from /Users/ehabhasan/.venvs/airflow310/lib/python3.10/site-packages/airflow/example_dags/example_latest_only_with_trigger.py
[2025-08-19T17:38:18.416+0200] {processor.py:840} INFO - DAG(s) 'latest_only_with_trigger' retrieved from /Users/ehabhasan/.venvs/airflow310/lib/python3.10/site-packages/airflow/example_dags/example_latest_only_with_trigger.py
[2025-08-19T17:38:18.452+0200] {logging_mixin.py:188} INFO - [2025-08-19T17:38:18.451+0200] {dag.py:3089} INFO - Sync 1 DAGs
[2025-08-19T17:38:18.457+0200] {logging_mixin.py:188} INFO - [2025-08-19T17:38:18.457+0200] {dag.py:3947} INFO - Setting next_dagrun for latest_only_with_trigger to 2025-08-19 08:00:00+00:00, run_after=2025-08-19 12:00:00+00:00
[2025-08-19T17:38:18.464+0200] {processor.py:183} INFO - Processing /Users/ehabhasan/.venvs/airflow310/lib/python3.10/site-packages/airflow/example_dags/example_latest_only_with_trigger.py took 0.052 seconds
[2025-08-19T17:40:21.760+0200] {processor.py:161} INFO - Started process (PID=14841) to work on /Users/ehabhasan/.venvs/airflow310/lib/python3.10/site-packages/airflow/example_dags/example_latest_only_with_trigger.py
[2025-08-19T17:40:21.761+0200] {processor.py:830} INFO - Processing file /Users/ehabhasan/.venvs/airflow310/lib/python3.10/site-packages/airflow/example_dags/example_latest_only_with_trigger.py for tasks to queue
[2025-08-19T17:40:21.761+0200] {logging_mixin.py:188} INFO - [2025-08-19T17:40:21.761+0200] {dagbag.py:545} INFO - Filling up the DagBag from /Users/ehabhasan/.venvs/airflow310/lib/python3.10/site-packages/airflow/example_dags/example_latest_only_with_trigger.py
[2025-08-19T17:40:21.764+0200] {processor.py:840} INFO - DAG(s) 'latest_only_with_trigger' retrieved from /Users/ehabhasan/.venvs/airflow310/lib/python3.10/site-packages/airflow/example_dags/example_latest_only_with_trigger.py
[2025-08-19T17:40:21.800+0200] {logging_mixin.py:188} INFO - [2025-08-19T17:40:21.800+0200] {dag.py:3089} INFO - Sync 1 DAGs
[2025-08-19T17:40:21.805+0200] {logging_mixin.py:188} INFO - [2025-08-19T17:40:21.805+0200] {dag.py:3947} INFO - Setting next_dagrun for latest_only_with_trigger to 2025-08-19 08:00:00+00:00, run_after=2025-08-19 12:00:00+00:00
[2025-08-19T17:40:21.812+0200] {processor.py:183} INFO - Processing /Users/ehabhasan/.venvs/airflow310/lib/python3.10/site-packages/airflow/example_dags/example_latest_only_with_trigger.py took 0.053 seconds
[2025-08-19T17:45:55.356+0200] {processor.py:161} INFO - Started process (PID=14990) to work on /Users/ehabhasan/.venvs/airflow310/lib/python3.10/site-packages/airflow/example_dags/example_latest_only_with_trigger.py
[2025-08-19T17:45:55.356+0200] {processor.py:830} INFO - Processing file /Users/ehabhasan/.venvs/airflow310/lib/python3.10/site-packages/airflow/example_dags/example_latest_only_with_trigger.py for tasks to queue
[2025-08-19T17:45:55.357+0200] {logging_mixin.py:188} INFO - [2025-08-19T17:45:55.357+0200] {dagbag.py:545} INFO - Filling up the DagBag from /Users/ehabhasan/.venvs/airflow310/lib/python3.10/site-packages/airflow/example_dags/example_latest_only_with_trigger.py
[2025-08-19T17:45:55.359+0200] {processor.py:840} INFO - DAG(s) 'latest_only_with_trigger' retrieved from /Users/ehabhasan/.venvs/airflow310/lib/python3.10/site-packages/airflow/example_dags/example_latest_only_with_trigger.py
[2025-08-19T17:45:55.395+0200] {logging_mixin.py:188} INFO - [2025-08-19T17:45:55.395+0200] {dag.py:3089} INFO - Sync 1 DAGs
[2025-08-19T17:45:55.400+0200] {logging_mixin.py:188} INFO - [2025-08-19T17:45:55.400+0200] {dag.py:3947} INFO - Setting next_dagrun for latest_only_with_trigger to 2025-08-19 08:00:00+00:00, run_after=2025-08-19 12:00:00+00:00
[2025-08-19T17:45:55.406+0200] {processor.py:183} INFO - Processing /Users/ehabhasan/.venvs/airflow310/lib/python3.10/site-packages/airflow/example_dags/example_latest_only_with_trigger.py took 0.052 seconds
[2025-08-19T17:47:58.074+0200] {processor.py:161} INFO - Started process (PID=15089) to work on /Users/ehabhasan/.venvs/airflow310/lib/python3.10/site-packages/airflow/example_dags/example_latest_only_with_trigger.py
[2025-08-19T17:47:58.074+0200] {processor.py:830} INFO - Processing file /Users/ehabhasan/.venvs/airflow310/lib/python3.10/site-packages/airflow/example_dags/example_latest_only_with_trigger.py for tasks to queue
[2025-08-19T17:47:58.075+0200] {logging_mixin.py:188} INFO - [2025-08-19T17:47:58.075+0200] {dagbag.py:545} INFO - Filling up the DagBag from /Users/ehabhasan/.venvs/airflow310/lib/python3.10/site-packages/airflow/example_dags/example_latest_only_with_trigger.py
[2025-08-19T17:47:58.078+0200] {processor.py:840} INFO - DAG(s) 'latest_only_with_trigger' retrieved from /Users/ehabhasan/.venvs/airflow310/lib/python3.10/site-packages/airflow/example_dags/example_latest_only_with_trigger.py
[2025-08-19T17:47:58.116+0200] {logging_mixin.py:188} INFO - [2025-08-19T17:47:58.116+0200] {dag.py:3089} INFO - Sync 1 DAGs
[2025-08-19T17:47:58.122+0200] {logging_mixin.py:188} INFO - [2025-08-19T17:47:58.122+0200] {dag.py:3947} INFO - Setting next_dagrun for latest_only_with_trigger to 2025-08-19 08:00:00+00:00, run_after=2025-08-19 12:00:00+00:00
[2025-08-19T17:47:58.128+0200] {processor.py:183} INFO - Processing /Users/ehabhasan/.venvs/airflow310/lib/python3.10/site-packages/airflow/example_dags/example_latest_only_with_trigger.py took 0.056 seconds
[2025-08-19T17:49:48.978+0200] {processor.py:161} INFO - Started process (PID=15172) to work on /Users/ehabhasan/.venvs/airflow310/lib/python3.10/site-packages/airflow/example_dags/example_latest_only_with_trigger.py
[2025-08-19T17:49:48.978+0200] {processor.py:830} INFO - Processing file /Users/ehabhasan/.venvs/airflow310/lib/python3.10/site-packages/airflow/example_dags/example_latest_only_with_trigger.py for tasks to queue
[2025-08-19T17:49:48.979+0200] {logging_mixin.py:188} INFO - [2025-08-19T17:49:48.978+0200] {dagbag.py:545} INFO - Filling up the DagBag from /Users/ehabhasan/.venvs/airflow310/lib/python3.10/site-packages/airflow/example_dags/example_latest_only_with_trigger.py
[2025-08-19T17:49:48.981+0200] {processor.py:840} INFO - DAG(s) 'latest_only_with_trigger' retrieved from /Users/ehabhasan/.venvs/airflow310/lib/python3.10/site-packages/airflow/example_dags/example_latest_only_with_trigger.py
[2025-08-19T17:49:49.017+0200] {logging_mixin.py:188} INFO - [2025-08-19T17:49:49.017+0200] {dag.py:3089} INFO - Sync 1 DAGs
[2025-08-19T17:49:49.022+0200] {logging_mixin.py:188} INFO - [2025-08-19T17:49:49.022+0200] {dag.py:3947} INFO - Setting next_dagrun for latest_only_with_trigger to 2025-08-19 08:00:00+00:00, run_after=2025-08-19 12:00:00+00:00
[2025-08-19T17:49:49.029+0200] {processor.py:183} INFO - Processing /Users/ehabhasan/.venvs/airflow310/lib/python3.10/site-packages/airflow/example_dags/example_latest_only_with_trigger.py took 0.052 seconds
