[2025-08-19T16:48:29.349+0200] {processor.py:161} INFO - Started process (PID=7642) to work on /Users/ehabhasan/.venvs/airflow310/lib/python3.10/site-packages/airflow/example_dags/example_sensor_decorator.py
[2025-08-19T16:48:29.349+0200] {processor.py:830} INFO - Processing file /Users/ehabhasan/.venvs/airflow310/lib/python3.10/site-packages/airflow/example_dags/example_sensor_decorator.py for tasks to queue
[2025-08-19T16:48:29.349+0200] {logging_mixin.py:188} INFO - [2025-08-19T16:48:29.349+0200] {dagbag.py:545} INFO - Filling up the DagBag from /Users/ehabhasan/.venvs/airflow310/lib/python3.10/site-packages/airflow/example_dags/example_sensor_decorator.py
[2025-08-19T16:48:29.363+0200] {processor.py:840} INFO - DAG(s) 'example_sensor_decorator' retrieved from /Users/ehabhasan/.venvs/airflow310/lib/python3.10/site-packages/airflow/example_dags/example_sensor_decorator.py
[2025-08-19T16:48:29.448+0200] {logging_mixin.py:188} INFO - [2025-08-19T16:48:29.448+0200] {dag.py:3089} INFO - Sync 1 DAGs
[2025-08-19T16:48:29.451+0200] {logging_mixin.py:188} INFO - [2025-08-19T16:48:29.451+0200] {dag.py:3947} INFO - Setting next_dagrun for example_sensor_decorator to None, run_after=None
[2025-08-19T16:48:29.459+0200] {processor.py:183} INFO - Processing /Users/ehabhasan/.venvs/airflow310/lib/python3.10/site-packages/airflow/example_dags/example_sensor_decorator.py took 0.112 seconds
[2025-08-19T16:49:48.043+0200] {processor.py:161} INFO - Started process (PID=7701) to work on /Users/ehabhasan/.venvs/airflow310/lib/python3.10/site-packages/airflow/example_dags/example_sensor_decorator.py
[2025-08-19T16:49:48.044+0200] {processor.py:830} INFO - Processing file /Users/ehabhasan/.venvs/airflow310/lib/python3.10/site-packages/airflow/example_dags/example_sensor_decorator.py for tasks to queue
[2025-08-19T16:49:48.044+0200] {logging_mixin.py:188} INFO - [2025-08-19T16:49:48.044+0200] {dagbag.py:545} INFO - Filling up the DagBag from /Users/ehabhasan/.venvs/airflow310/lib/python3.10/site-packages/airflow/example_dags/example_sensor_decorator.py
[2025-08-19T16:49:48.057+0200] {processor.py:840} INFO - DAG(s) 'example_sensor_decorator' retrieved from /Users/ehabhasan/.venvs/airflow310/lib/python3.10/site-packages/airflow/example_dags/example_sensor_decorator.py
[2025-08-19T16:49:48.094+0200] {logging_mixin.py:188} INFO - [2025-08-19T16:49:48.094+0200] {dag.py:3089} INFO - Sync 1 DAGs
[2025-08-19T16:49:48.117+0200] {logging_mixin.py:188} INFO - [2025-08-19T16:49:48.117+0200] {dag.py:3947} INFO - Setting next_dagrun for example_sensor_decorator to None, run_after=None
[2025-08-19T16:49:48.124+0200] {processor.py:183} INFO - Processing /Users/ehabhasan/.venvs/airflow310/lib/python3.10/site-packages/airflow/example_dags/example_sensor_decorator.py took 0.082 seconds
[2025-08-19T16:51:19.968+0200] {processor.py:161} INFO - Started process (PID=7771) to work on /Users/ehabhasan/.venvs/airflow310/lib/python3.10/site-packages/airflow/example_dags/example_sensor_decorator.py
[2025-08-19T16:51:19.969+0200] {processor.py:830} INFO - Processing file /Users/ehabhasan/.venvs/airflow310/lib/python3.10/site-packages/airflow/example_dags/example_sensor_decorator.py for tasks to queue
[2025-08-19T16:51:19.969+0200] {logging_mixin.py:188} INFO - [2025-08-19T16:51:19.969+0200] {dagbag.py:545} INFO - Filling up the DagBag from /Users/ehabhasan/.venvs/airflow310/lib/python3.10/site-packages/airflow/example_dags/example_sensor_decorator.py
[2025-08-19T16:51:19.983+0200] {processor.py:840} INFO - DAG(s) 'example_sensor_decorator' retrieved from /Users/ehabhasan/.venvs/airflow310/lib/python3.10/site-packages/airflow/example_dags/example_sensor_decorator.py
[2025-08-19T16:51:20.020+0200] {logging_mixin.py:188} INFO - [2025-08-19T16:51:20.020+0200] {dag.py:3089} INFO - Sync 1 DAGs
[2025-08-19T16:51:20.044+0200] {logging_mixin.py:188} INFO - [2025-08-19T16:51:20.044+0200] {dag.py:3947} INFO - Setting next_dagrun for example_sensor_decorator to None, run_after=None
[2025-08-19T16:51:20.050+0200] {processor.py:183} INFO - Processing /Users/ehabhasan/.venvs/airflow310/lib/python3.10/site-packages/airflow/example_dags/example_sensor_decorator.py took 0.084 seconds
[2025-08-19T16:53:00.228+0200] {processor.py:161} INFO - Started process (PID=7847) to work on /Users/ehabhasan/.venvs/airflow310/lib/python3.10/site-packages/airflow/example_dags/example_sensor_decorator.py
[2025-08-19T16:53:00.229+0200] {processor.py:830} INFO - Processing file /Users/ehabhasan/.venvs/airflow310/lib/python3.10/site-packages/airflow/example_dags/example_sensor_decorator.py for tasks to queue
[2025-08-19T16:53:00.229+0200] {logging_mixin.py:188} INFO - [2025-08-19T16:53:00.229+0200] {dagbag.py:545} INFO - Filling up the DagBag from /Users/ehabhasan/.venvs/airflow310/lib/python3.10/site-packages/airflow/example_dags/example_sensor_decorator.py
[2025-08-19T16:53:00.242+0200] {processor.py:840} INFO - DAG(s) 'example_sensor_decorator' retrieved from /Users/ehabhasan/.venvs/airflow310/lib/python3.10/site-packages/airflow/example_dags/example_sensor_decorator.py
[2025-08-19T16:53:00.279+0200] {logging_mixin.py:188} INFO - [2025-08-19T16:53:00.278+0200] {dag.py:3089} INFO - Sync 1 DAGs
[2025-08-19T16:53:00.301+0200] {logging_mixin.py:188} INFO - [2025-08-19T16:53:00.301+0200] {dag.py:3947} INFO - Setting next_dagrun for example_sensor_decorator to None, run_after=None
[2025-08-19T16:53:00.308+0200] {processor.py:183} INFO - Processing /Users/ehabhasan/.venvs/airflow310/lib/python3.10/site-packages/airflow/example_dags/example_sensor_decorator.py took 0.081 seconds
[2025-08-19T16:54:37.248+0200] {processor.py:161} INFO - Started process (PID=7954) to work on /Users/ehabhasan/.venvs/airflow310/lib/python3.10/site-packages/airflow/example_dags/example_sensor_decorator.py
[2025-08-19T16:54:37.249+0200] {processor.py:830} INFO - Processing file /Users/ehabhasan/.venvs/airflow310/lib/python3.10/site-packages/airflow/example_dags/example_sensor_decorator.py for tasks to queue
[2025-08-19T16:54:37.249+0200] {logging_mixin.py:188} INFO - [2025-08-19T16:54:37.249+0200] {dagbag.py:545} INFO - Filling up the DagBag from /Users/ehabhasan/.venvs/airflow310/lib/python3.10/site-packages/airflow/example_dags/example_sensor_decorator.py
[2025-08-19T16:54:37.262+0200] {processor.py:840} INFO - DAG(s) 'example_sensor_decorator' retrieved from /Users/ehabhasan/.venvs/airflow310/lib/python3.10/site-packages/airflow/example_dags/example_sensor_decorator.py
[2025-08-19T16:54:37.299+0200] {logging_mixin.py:188} INFO - [2025-08-19T16:54:37.298+0200] {dag.py:3089} INFO - Sync 1 DAGs
[2025-08-19T16:54:37.321+0200] {logging_mixin.py:188} INFO - [2025-08-19T16:54:37.321+0200] {dag.py:3947} INFO - Setting next_dagrun for example_sensor_decorator to None, run_after=None
[2025-08-19T16:54:37.328+0200] {processor.py:183} INFO - Processing /Users/ehabhasan/.venvs/airflow310/lib/python3.10/site-packages/airflow/example_dags/example_sensor_decorator.py took 0.081 seconds
[2025-08-19T16:56:15.939+0200] {processor.py:161} INFO - Started process (PID=8027) to work on /Users/ehabhasan/.venvs/airflow310/lib/python3.10/site-packages/airflow/example_dags/example_sensor_decorator.py
[2025-08-19T16:56:15.939+0200] {processor.py:830} INFO - Processing file /Users/ehabhasan/.venvs/airflow310/lib/python3.10/site-packages/airflow/example_dags/example_sensor_decorator.py for tasks to queue
[2025-08-19T16:56:15.940+0200] {logging_mixin.py:188} INFO - [2025-08-19T16:56:15.939+0200] {dagbag.py:545} INFO - Filling up the DagBag from /Users/ehabhasan/.venvs/airflow310/lib/python3.10/site-packages/airflow/example_dags/example_sensor_decorator.py
[2025-08-19T16:56:15.953+0200] {processor.py:840} INFO - DAG(s) 'example_sensor_decorator' retrieved from /Users/ehabhasan/.venvs/airflow310/lib/python3.10/site-packages/airflow/example_dags/example_sensor_decorator.py
[2025-08-19T16:56:15.991+0200] {logging_mixin.py:188} INFO - [2025-08-19T16:56:15.990+0200] {dag.py:3089} INFO - Sync 1 DAGs
[2025-08-19T16:56:16.014+0200] {logging_mixin.py:188} INFO - [2025-08-19T16:56:16.014+0200] {dag.py:3947} INFO - Setting next_dagrun for example_sensor_decorator to None, run_after=None
[2025-08-19T16:56:16.020+0200] {processor.py:183} INFO - Processing /Users/ehabhasan/.venvs/airflow310/lib/python3.10/site-packages/airflow/example_dags/example_sensor_decorator.py took 0.083 seconds
[2025-08-19T16:57:59.611+0200] {processor.py:161} INFO - Started process (PID=8104) to work on /Users/ehabhasan/.venvs/airflow310/lib/python3.10/site-packages/airflow/example_dags/example_sensor_decorator.py
[2025-08-19T16:57:59.612+0200] {processor.py:830} INFO - Processing file /Users/ehabhasan/.venvs/airflow310/lib/python3.10/site-packages/airflow/example_dags/example_sensor_decorator.py for tasks to queue
[2025-08-19T16:57:59.612+0200] {logging_mixin.py:188} INFO - [2025-08-19T16:57:59.612+0200] {dagbag.py:545} INFO - Filling up the DagBag from /Users/ehabhasan/.venvs/airflow310/lib/python3.10/site-packages/airflow/example_dags/example_sensor_decorator.py
[2025-08-19T16:57:59.625+0200] {processor.py:840} INFO - DAG(s) 'example_sensor_decorator' retrieved from /Users/ehabhasan/.venvs/airflow310/lib/python3.10/site-packages/airflow/example_dags/example_sensor_decorator.py
[2025-08-19T16:57:59.662+0200] {logging_mixin.py:188} INFO - [2025-08-19T16:57:59.662+0200] {dag.py:3089} INFO - Sync 1 DAGs
[2025-08-19T16:57:59.685+0200] {logging_mixin.py:188} INFO - [2025-08-19T16:57:59.685+0200] {dag.py:3947} INFO - Setting next_dagrun for example_sensor_decorator to None, run_after=None
[2025-08-19T16:57:59.691+0200] {processor.py:183} INFO - Processing /Users/ehabhasan/.venvs/airflow310/lib/python3.10/site-packages/airflow/example_dags/example_sensor_decorator.py took 0.082 seconds
[2025-08-19T17:00:08.885+0200] {processor.py:161} INFO - Started process (PID=8215) to work on /Users/ehabhasan/.venvs/airflow310/lib/python3.10/site-packages/airflow/example_dags/example_sensor_decorator.py
[2025-08-19T17:00:08.886+0200] {processor.py:830} INFO - Processing file /Users/ehabhasan/.venvs/airflow310/lib/python3.10/site-packages/airflow/example_dags/example_sensor_decorator.py for tasks to queue
[2025-08-19T17:00:08.886+0200] {logging_mixin.py:188} INFO - [2025-08-19T17:00:08.886+0200] {dagbag.py:545} INFO - Filling up the DagBag from /Users/ehabhasan/.venvs/airflow310/lib/python3.10/site-packages/airflow/example_dags/example_sensor_decorator.py
[2025-08-19T17:00:08.900+0200] {processor.py:840} INFO - DAG(s) 'example_sensor_decorator' retrieved from /Users/ehabhasan/.venvs/airflow310/lib/python3.10/site-packages/airflow/example_dags/example_sensor_decorator.py
[2025-08-19T17:00:08.939+0200] {logging_mixin.py:188} INFO - [2025-08-19T17:00:08.939+0200] {dag.py:3089} INFO - Sync 1 DAGs
[2025-08-19T17:00:08.964+0200] {logging_mixin.py:188} INFO - [2025-08-19T17:00:08.964+0200] {dag.py:3947} INFO - Setting next_dagrun for example_sensor_decorator to None, run_after=None
[2025-08-19T17:00:08.971+0200] {processor.py:183} INFO - Processing /Users/ehabhasan/.venvs/airflow310/lib/python3.10/site-packages/airflow/example_dags/example_sensor_decorator.py took 0.088 seconds
[2025-08-19T17:01:57.873+0200] {processor.py:161} INFO - Started process (PID=8299) to work on /Users/ehabhasan/.venvs/airflow310/lib/python3.10/site-packages/airflow/example_dags/example_sensor_decorator.py
[2025-08-19T17:01:57.873+0200] {processor.py:830} INFO - Processing file /Users/ehabhasan/.venvs/airflow310/lib/python3.10/site-packages/airflow/example_dags/example_sensor_decorator.py for tasks to queue
[2025-08-19T17:01:57.873+0200] {logging_mixin.py:188} INFO - [2025-08-19T17:01:57.873+0200] {dagbag.py:545} INFO - Filling up the DagBag from /Users/ehabhasan/.venvs/airflow310/lib/python3.10/site-packages/airflow/example_dags/example_sensor_decorator.py
[2025-08-19T17:01:57.886+0200] {processor.py:840} INFO - DAG(s) 'example_sensor_decorator' retrieved from /Users/ehabhasan/.venvs/airflow310/lib/python3.10/site-packages/airflow/example_dags/example_sensor_decorator.py
[2025-08-19T17:01:57.924+0200] {logging_mixin.py:188} INFO - [2025-08-19T17:01:57.924+0200] {dag.py:3089} INFO - Sync 1 DAGs
[2025-08-19T17:01:57.948+0200] {logging_mixin.py:188} INFO - [2025-08-19T17:01:57.948+0200] {dag.py:3947} INFO - Setting next_dagrun for example_sensor_decorator to None, run_after=None
[2025-08-19T17:01:57.955+0200] {processor.py:183} INFO - Processing /Users/ehabhasan/.venvs/airflow310/lib/python3.10/site-packages/airflow/example_dags/example_sensor_decorator.py took 0.085 seconds
[2025-08-19T17:03:34.820+0200] {processor.py:161} INFO - Started process (PID=8670) to work on /Users/ehabhasan/.venvs/airflow310/lib/python3.10/site-packages/airflow/example_dags/example_sensor_decorator.py
[2025-08-19T17:03:34.821+0200] {processor.py:830} INFO - Processing file /Users/ehabhasan/.venvs/airflow310/lib/python3.10/site-packages/airflow/example_dags/example_sensor_decorator.py for tasks to queue
[2025-08-19T17:03:34.821+0200] {logging_mixin.py:188} INFO - [2025-08-19T17:03:34.821+0200] {dagbag.py:545} INFO - Filling up the DagBag from /Users/ehabhasan/.venvs/airflow310/lib/python3.10/site-packages/airflow/example_dags/example_sensor_decorator.py
[2025-08-19T17:03:34.834+0200] {processor.py:840} INFO - DAG(s) 'example_sensor_decorator' retrieved from /Users/ehabhasan/.venvs/airflow310/lib/python3.10/site-packages/airflow/example_dags/example_sensor_decorator.py
[2025-08-19T17:03:34.871+0200] {logging_mixin.py:188} INFO - [2025-08-19T17:03:34.871+0200] {dag.py:3089} INFO - Sync 1 DAGs
[2025-08-19T17:03:34.895+0200] {logging_mixin.py:188} INFO - [2025-08-19T17:03:34.895+0200] {dag.py:3947} INFO - Setting next_dagrun for example_sensor_decorator to None, run_after=None
[2025-08-19T17:03:34.901+0200] {processor.py:183} INFO - Processing /Users/ehabhasan/.venvs/airflow310/lib/python3.10/site-packages/airflow/example_dags/example_sensor_decorator.py took 0.083 seconds
[2025-08-19T17:05:14.997+0200] {processor.py:161} INFO - Started process (PID=8980) to work on /Users/ehabhasan/.venvs/airflow310/lib/python3.10/site-packages/airflow/example_dags/example_sensor_decorator.py
[2025-08-19T17:05:14.998+0200] {processor.py:830} INFO - Processing file /Users/ehabhasan/.venvs/airflow310/lib/python3.10/site-packages/airflow/example_dags/example_sensor_decorator.py for tasks to queue
[2025-08-19T17:05:14.998+0200] {logging_mixin.py:188} INFO - [2025-08-19T17:05:14.998+0200] {dagbag.py:545} INFO - Filling up the DagBag from /Users/ehabhasan/.venvs/airflow310/lib/python3.10/site-packages/airflow/example_dags/example_sensor_decorator.py
[2025-08-19T17:05:15.011+0200] {processor.py:840} INFO - DAG(s) 'example_sensor_decorator' retrieved from /Users/ehabhasan/.venvs/airflow310/lib/python3.10/site-packages/airflow/example_dags/example_sensor_decorator.py
[2025-08-19T17:05:15.049+0200] {logging_mixin.py:188} INFO - [2025-08-19T17:05:15.049+0200] {dag.py:3089} INFO - Sync 1 DAGs
[2025-08-19T17:05:15.073+0200] {logging_mixin.py:188} INFO - [2025-08-19T17:05:15.073+0200] {dag.py:3947} INFO - Setting next_dagrun for example_sensor_decorator to None, run_after=None
[2025-08-19T17:05:15.080+0200] {processor.py:183} INFO - Processing /Users/ehabhasan/.venvs/airflow310/lib/python3.10/site-packages/airflow/example_dags/example_sensor_decorator.py took 0.084 seconds
[2025-08-19T17:07:03.136+0200] {processor.py:161} INFO - Started process (PID=9467) to work on /Users/ehabhasan/.venvs/airflow310/lib/python3.10/site-packages/airflow/example_dags/example_sensor_decorator.py
[2025-08-19T17:07:03.136+0200] {processor.py:830} INFO - Processing file /Users/ehabhasan/.venvs/airflow310/lib/python3.10/site-packages/airflow/example_dags/example_sensor_decorator.py for tasks to queue
[2025-08-19T17:07:03.136+0200] {logging_mixin.py:188} INFO - [2025-08-19T17:07:03.136+0200] {dagbag.py:545} INFO - Filling up the DagBag from /Users/ehabhasan/.venvs/airflow310/lib/python3.10/site-packages/airflow/example_dags/example_sensor_decorator.py
[2025-08-19T17:07:03.150+0200] {processor.py:840} INFO - DAG(s) 'example_sensor_decorator' retrieved from /Users/ehabhasan/.venvs/airflow310/lib/python3.10/site-packages/airflow/example_dags/example_sensor_decorator.py
[2025-08-19T17:07:03.188+0200] {logging_mixin.py:188} INFO - [2025-08-19T17:07:03.188+0200] {dag.py:3089} INFO - Sync 1 DAGs
[2025-08-19T17:07:03.215+0200] {logging_mixin.py:188} INFO - [2025-08-19T17:07:03.215+0200] {dag.py:3947} INFO - Setting next_dagrun for example_sensor_decorator to None, run_after=None
[2025-08-19T17:07:03.222+0200] {processor.py:183} INFO - Processing /Users/ehabhasan/.venvs/airflow310/lib/python3.10/site-packages/airflow/example_dags/example_sensor_decorator.py took 0.088 seconds
[2025-08-19T17:08:49.258+0200] {processor.py:161} INFO - Started process (PID=10166) to work on /Users/ehabhasan/.venvs/airflow310/lib/python3.10/site-packages/airflow/example_dags/example_sensor_decorator.py
[2025-08-19T17:08:49.258+0200] {processor.py:830} INFO - Processing file /Users/ehabhasan/.venvs/airflow310/lib/python3.10/site-packages/airflow/example_dags/example_sensor_decorator.py for tasks to queue
[2025-08-19T17:08:49.259+0200] {logging_mixin.py:188} INFO - [2025-08-19T17:08:49.259+0200] {dagbag.py:545} INFO - Filling up the DagBag from /Users/ehabhasan/.venvs/airflow310/lib/python3.10/site-packages/airflow/example_dags/example_sensor_decorator.py
[2025-08-19T17:08:49.272+0200] {processor.py:840} INFO - DAG(s) 'example_sensor_decorator' retrieved from /Users/ehabhasan/.venvs/airflow310/lib/python3.10/site-packages/airflow/example_dags/example_sensor_decorator.py
[2025-08-19T17:08:49.308+0200] {logging_mixin.py:188} INFO - [2025-08-19T17:08:49.308+0200] {dag.py:3089} INFO - Sync 1 DAGs
[2025-08-19T17:08:49.332+0200] {logging_mixin.py:188} INFO - [2025-08-19T17:08:49.332+0200] {dag.py:3947} INFO - Setting next_dagrun for example_sensor_decorator to None, run_after=None
[2025-08-19T17:08:49.338+0200] {processor.py:183} INFO - Processing /Users/ehabhasan/.venvs/airflow310/lib/python3.10/site-packages/airflow/example_dags/example_sensor_decorator.py took 0.082 seconds
[2025-08-19T17:10:39.385+0200] {processor.py:161} INFO - Started process (PID=10281) to work on /Users/ehabhasan/.venvs/airflow310/lib/python3.10/site-packages/airflow/example_dags/example_sensor_decorator.py
[2025-08-19T17:10:39.386+0200] {processor.py:830} INFO - Processing file /Users/ehabhasan/.venvs/airflow310/lib/python3.10/site-packages/airflow/example_dags/example_sensor_decorator.py for tasks to queue
[2025-08-19T17:10:39.386+0200] {logging_mixin.py:188} INFO - [2025-08-19T17:10:39.386+0200] {dagbag.py:545} INFO - Filling up the DagBag from /Users/ehabhasan/.venvs/airflow310/lib/python3.10/site-packages/airflow/example_dags/example_sensor_decorator.py
[2025-08-19T17:10:39.399+0200] {processor.py:840} INFO - DAG(s) 'example_sensor_decorator' retrieved from /Users/ehabhasan/.venvs/airflow310/lib/python3.10/site-packages/airflow/example_dags/example_sensor_decorator.py
[2025-08-19T17:10:39.436+0200] {logging_mixin.py:188} INFO - [2025-08-19T17:10:39.436+0200] {dag.py:3089} INFO - Sync 1 DAGs
[2025-08-19T17:10:39.459+0200] {logging_mixin.py:188} INFO - [2025-08-19T17:10:39.459+0200] {dag.py:3947} INFO - Setting next_dagrun for example_sensor_decorator to None, run_after=None
[2025-08-19T17:10:39.465+0200] {processor.py:183} INFO - Processing /Users/ehabhasan/.venvs/airflow310/lib/python3.10/site-packages/airflow/example_dags/example_sensor_decorator.py took 0.082 seconds
[2025-08-19T17:12:28.814+0200] {processor.py:161} INFO - Started process (PID=10367) to work on /Users/ehabhasan/.venvs/airflow310/lib/python3.10/site-packages/airflow/example_dags/example_sensor_decorator.py
[2025-08-19T17:12:28.815+0200] {processor.py:830} INFO - Processing file /Users/ehabhasan/.venvs/airflow310/lib/python3.10/site-packages/airflow/example_dags/example_sensor_decorator.py for tasks to queue
[2025-08-19T17:12:28.815+0200] {logging_mixin.py:188} INFO - [2025-08-19T17:12:28.815+0200] {dagbag.py:545} INFO - Filling up the DagBag from /Users/ehabhasan/.venvs/airflow310/lib/python3.10/site-packages/airflow/example_dags/example_sensor_decorator.py
[2025-08-19T17:12:28.829+0200] {processor.py:840} INFO - DAG(s) 'example_sensor_decorator' retrieved from /Users/ehabhasan/.venvs/airflow310/lib/python3.10/site-packages/airflow/example_dags/example_sensor_decorator.py
[2025-08-19T17:12:28.871+0200] {logging_mixin.py:188} INFO - [2025-08-19T17:12:28.870+0200] {dag.py:3089} INFO - Sync 1 DAGs
[2025-08-19T17:12:28.897+0200] {logging_mixin.py:188} INFO - [2025-08-19T17:12:28.897+0200] {dag.py:3947} INFO - Setting next_dagrun for example_sensor_decorator to None, run_after=None
[2025-08-19T17:12:28.905+0200] {processor.py:183} INFO - Processing /Users/ehabhasan/.venvs/airflow310/lib/python3.10/site-packages/airflow/example_dags/example_sensor_decorator.py took 0.092 seconds
[2025-08-19T17:14:20.764+0200] {processor.py:161} INFO - Started process (PID=10490) to work on /Users/ehabhasan/.venvs/airflow310/lib/python3.10/site-packages/airflow/example_dags/example_sensor_decorator.py
[2025-08-19T17:14:20.764+0200] {processor.py:830} INFO - Processing file /Users/ehabhasan/.venvs/airflow310/lib/python3.10/site-packages/airflow/example_dags/example_sensor_decorator.py for tasks to queue
[2025-08-19T17:14:20.764+0200] {logging_mixin.py:188} INFO - [2025-08-19T17:14:20.764+0200] {dagbag.py:545} INFO - Filling up the DagBag from /Users/ehabhasan/.venvs/airflow310/lib/python3.10/site-packages/airflow/example_dags/example_sensor_decorator.py
[2025-08-19T17:14:20.778+0200] {processor.py:840} INFO - DAG(s) 'example_sensor_decorator' retrieved from /Users/ehabhasan/.venvs/airflow310/lib/python3.10/site-packages/airflow/example_dags/example_sensor_decorator.py
[2025-08-19T17:14:20.815+0200] {logging_mixin.py:188} INFO - [2025-08-19T17:14:20.815+0200] {dag.py:3089} INFO - Sync 1 DAGs
[2025-08-19T17:14:20.838+0200] {logging_mixin.py:188} INFO - [2025-08-19T17:14:20.838+0200] {dag.py:3947} INFO - Setting next_dagrun for example_sensor_decorator to None, run_after=None
[2025-08-19T17:14:20.845+0200] {processor.py:183} INFO - Processing /Users/ehabhasan/.venvs/airflow310/lib/python3.10/site-packages/airflow/example_dags/example_sensor_decorator.py took 0.082 seconds
[2025-08-19T17:16:12.363+0200] {processor.py:161} INFO - Started process (PID=10804) to work on /Users/ehabhasan/.venvs/airflow310/lib/python3.10/site-packages/airflow/example_dags/example_sensor_decorator.py
[2025-08-19T17:16:12.363+0200] {processor.py:830} INFO - Processing file /Users/ehabhasan/.venvs/airflow310/lib/python3.10/site-packages/airflow/example_dags/example_sensor_decorator.py for tasks to queue
[2025-08-19T17:16:12.363+0200] {logging_mixin.py:188} INFO - [2025-08-19T17:16:12.363+0200] {dagbag.py:545} INFO - Filling up the DagBag from /Users/ehabhasan/.venvs/airflow310/lib/python3.10/site-packages/airflow/example_dags/example_sensor_decorator.py
[2025-08-19T17:16:12.376+0200] {processor.py:840} INFO - DAG(s) 'example_sensor_decorator' retrieved from /Users/ehabhasan/.venvs/airflow310/lib/python3.10/site-packages/airflow/example_dags/example_sensor_decorator.py
[2025-08-19T17:16:12.413+0200] {logging_mixin.py:188} INFO - [2025-08-19T17:16:12.413+0200] {dag.py:3089} INFO - Sync 1 DAGs
[2025-08-19T17:16:12.436+0200] {logging_mixin.py:188} INFO - [2025-08-19T17:16:12.436+0200] {dag.py:3947} INFO - Setting next_dagrun for example_sensor_decorator to None, run_after=None
[2025-08-19T17:16:12.443+0200] {processor.py:183} INFO - Processing /Users/ehabhasan/.venvs/airflow310/lib/python3.10/site-packages/airflow/example_dags/example_sensor_decorator.py took 0.081 seconds
[2025-08-19T17:18:05.433+0200] {processor.py:161} INFO - Started process (PID=11478) to work on /Users/ehabhasan/.venvs/airflow310/lib/python3.10/site-packages/airflow/example_dags/example_sensor_decorator.py
[2025-08-19T17:18:05.434+0200] {processor.py:830} INFO - Processing file /Users/ehabhasan/.venvs/airflow310/lib/python3.10/site-packages/airflow/example_dags/example_sensor_decorator.py for tasks to queue
[2025-08-19T17:18:05.434+0200] {logging_mixin.py:188} INFO - [2025-08-19T17:18:05.434+0200] {dagbag.py:545} INFO - Filling up the DagBag from /Users/ehabhasan/.venvs/airflow310/lib/python3.10/site-packages/airflow/example_dags/example_sensor_decorator.py
[2025-08-19T17:18:05.447+0200] {processor.py:840} INFO - DAG(s) 'example_sensor_decorator' retrieved from /Users/ehabhasan/.venvs/airflow310/lib/python3.10/site-packages/airflow/example_dags/example_sensor_decorator.py
[2025-08-19T17:18:05.485+0200] {logging_mixin.py:188} INFO - [2025-08-19T17:18:05.484+0200] {dag.py:3089} INFO - Sync 1 DAGs
[2025-08-19T17:18:05.508+0200] {logging_mixin.py:188} INFO - [2025-08-19T17:18:05.508+0200] {dag.py:3947} INFO - Setting next_dagrun for example_sensor_decorator to None, run_after=None
[2025-08-19T17:18:05.514+0200] {processor.py:183} INFO - Processing /Users/ehabhasan/.venvs/airflow310/lib/python3.10/site-packages/airflow/example_dags/example_sensor_decorator.py took 0.084 seconds
[2025-08-19T17:19:49.980+0200] {processor.py:161} INFO - Started process (PID=11578) to work on /Users/ehabhasan/.venvs/airflow310/lib/python3.10/site-packages/airflow/example_dags/example_sensor_decorator.py
[2025-08-19T17:19:49.981+0200] {processor.py:830} INFO - Processing file /Users/ehabhasan/.venvs/airflow310/lib/python3.10/site-packages/airflow/example_dags/example_sensor_decorator.py for tasks to queue
[2025-08-19T17:19:49.981+0200] {logging_mixin.py:188} INFO - [2025-08-19T17:19:49.981+0200] {dagbag.py:545} INFO - Filling up the DagBag from /Users/ehabhasan/.venvs/airflow310/lib/python3.10/site-packages/airflow/example_dags/example_sensor_decorator.py
[2025-08-19T17:19:49.993+0200] {processor.py:840} INFO - DAG(s) 'example_sensor_decorator' retrieved from /Users/ehabhasan/.venvs/airflow310/lib/python3.10/site-packages/airflow/example_dags/example_sensor_decorator.py
[2025-08-19T17:19:50.031+0200] {logging_mixin.py:188} INFO - [2025-08-19T17:19:50.031+0200] {dag.py:3089} INFO - Sync 1 DAGs
[2025-08-19T17:19:50.054+0200] {logging_mixin.py:188} INFO - [2025-08-19T17:19:50.054+0200] {dag.py:3947} INFO - Setting next_dagrun for example_sensor_decorator to None, run_after=None
[2025-08-19T17:19:50.060+0200] {processor.py:183} INFO - Processing /Users/ehabhasan/.venvs/airflow310/lib/python3.10/site-packages/airflow/example_dags/example_sensor_decorator.py took 0.082 seconds
[2025-08-19T17:21:32.844+0200] {processor.py:161} INFO - Started process (PID=11651) to work on /Users/ehabhasan/.venvs/airflow310/lib/python3.10/site-packages/airflow/example_dags/example_sensor_decorator.py
[2025-08-19T17:21:32.845+0200] {processor.py:830} INFO - Processing file /Users/ehabhasan/.venvs/airflow310/lib/python3.10/site-packages/airflow/example_dags/example_sensor_decorator.py for tasks to queue
[2025-08-19T17:21:32.845+0200] {logging_mixin.py:188} INFO - [2025-08-19T17:21:32.845+0200] {dagbag.py:545} INFO - Filling up the DagBag from /Users/ehabhasan/.venvs/airflow310/lib/python3.10/site-packages/airflow/example_dags/example_sensor_decorator.py
[2025-08-19T17:21:32.858+0200] {processor.py:840} INFO - DAG(s) 'example_sensor_decorator' retrieved from /Users/ehabhasan/.venvs/airflow310/lib/python3.10/site-packages/airflow/example_dags/example_sensor_decorator.py
[2025-08-19T17:21:32.896+0200] {logging_mixin.py:188} INFO - [2025-08-19T17:21:32.895+0200] {dag.py:3089} INFO - Sync 1 DAGs
[2025-08-19T17:21:32.919+0200] {logging_mixin.py:188} INFO - [2025-08-19T17:21:32.919+0200] {dag.py:3947} INFO - Setting next_dagrun for example_sensor_decorator to None, run_after=None
[2025-08-19T17:21:32.925+0200] {processor.py:183} INFO - Processing /Users/ehabhasan/.venvs/airflow310/lib/python3.10/site-packages/airflow/example_dags/example_sensor_decorator.py took 0.082 seconds
[2025-08-19T17:23:24.991+0200] {processor.py:161} INFO - Started process (PID=11727) to work on /Users/ehabhasan/.venvs/airflow310/lib/python3.10/site-packages/airflow/example_dags/example_sensor_decorator.py
[2025-08-19T17:23:24.991+0200] {processor.py:830} INFO - Processing file /Users/ehabhasan/.venvs/airflow310/lib/python3.10/site-packages/airflow/example_dags/example_sensor_decorator.py for tasks to queue
[2025-08-19T17:23:24.992+0200] {logging_mixin.py:188} INFO - [2025-08-19T17:23:24.992+0200] {dagbag.py:545} INFO - Filling up the DagBag from /Users/ehabhasan/.venvs/airflow310/lib/python3.10/site-packages/airflow/example_dags/example_sensor_decorator.py
[2025-08-19T17:23:25.005+0200] {processor.py:840} INFO - DAG(s) 'example_sensor_decorator' retrieved from /Users/ehabhasan/.venvs/airflow310/lib/python3.10/site-packages/airflow/example_dags/example_sensor_decorator.py
[2025-08-19T17:23:25.042+0200] {logging_mixin.py:188} INFO - [2025-08-19T17:23:25.042+0200] {dag.py:3089} INFO - Sync 1 DAGs
[2025-08-19T17:23:25.065+0200] {logging_mixin.py:188} INFO - [2025-08-19T17:23:25.065+0200] {dag.py:3947} INFO - Setting next_dagrun for example_sensor_decorator to None, run_after=None
[2025-08-19T17:23:25.071+0200] {processor.py:183} INFO - Processing /Users/ehabhasan/.venvs/airflow310/lib/python3.10/site-packages/airflow/example_dags/example_sensor_decorator.py took 0.082 seconds
[2025-08-19T17:25:10.076+0200] {processor.py:161} INFO - Started process (PID=11809) to work on /Users/ehabhasan/.venvs/airflow310/lib/python3.10/site-packages/airflow/example_dags/example_sensor_decorator.py
[2025-08-19T17:25:10.077+0200] {processor.py:830} INFO - Processing file /Users/ehabhasan/.venvs/airflow310/lib/python3.10/site-packages/airflow/example_dags/example_sensor_decorator.py for tasks to queue
[2025-08-19T17:25:10.077+0200] {logging_mixin.py:188} INFO - [2025-08-19T17:25:10.077+0200] {dagbag.py:545} INFO - Filling up the DagBag from /Users/ehabhasan/.venvs/airflow310/lib/python3.10/site-packages/airflow/example_dags/example_sensor_decorator.py
[2025-08-19T17:25:10.091+0200] {processor.py:840} INFO - DAG(s) 'example_sensor_decorator' retrieved from /Users/ehabhasan/.venvs/airflow310/lib/python3.10/site-packages/airflow/example_dags/example_sensor_decorator.py
[2025-08-19T17:25:10.130+0200] {logging_mixin.py:188} INFO - [2025-08-19T17:25:10.130+0200] {dag.py:3089} INFO - Sync 1 DAGs
[2025-08-19T17:25:10.156+0200] {logging_mixin.py:188} INFO - [2025-08-19T17:25:10.155+0200] {dag.py:3947} INFO - Setting next_dagrun for example_sensor_decorator to None, run_after=None
[2025-08-19T17:25:10.162+0200] {processor.py:183} INFO - Processing /Users/ehabhasan/.venvs/airflow310/lib/python3.10/site-packages/airflow/example_dags/example_sensor_decorator.py took 0.088 seconds
[2025-08-19T17:26:55.849+0200] {processor.py:161} INFO - Started process (PID=11888) to work on /Users/ehabhasan/.venvs/airflow310/lib/python3.10/site-packages/airflow/example_dags/example_sensor_decorator.py
[2025-08-19T17:26:55.850+0200] {processor.py:830} INFO - Processing file /Users/ehabhasan/.venvs/airflow310/lib/python3.10/site-packages/airflow/example_dags/example_sensor_decorator.py for tasks to queue
[2025-08-19T17:26:55.850+0200] {logging_mixin.py:188} INFO - [2025-08-19T17:26:55.850+0200] {dagbag.py:545} INFO - Filling up the DagBag from /Users/ehabhasan/.venvs/airflow310/lib/python3.10/site-packages/airflow/example_dags/example_sensor_decorator.py
[2025-08-19T17:26:55.863+0200] {processor.py:840} INFO - DAG(s) 'example_sensor_decorator' retrieved from /Users/ehabhasan/.venvs/airflow310/lib/python3.10/site-packages/airflow/example_dags/example_sensor_decorator.py
[2025-08-19T17:26:55.901+0200] {logging_mixin.py:188} INFO - [2025-08-19T17:26:55.900+0200] {dag.py:3089} INFO - Sync 1 DAGs
[2025-08-19T17:26:55.923+0200] {logging_mixin.py:188} INFO - [2025-08-19T17:26:55.923+0200] {dag.py:3947} INFO - Setting next_dagrun for example_sensor_decorator to None, run_after=None
[2025-08-19T17:26:55.930+0200] {processor.py:183} INFO - Processing /Users/ehabhasan/.venvs/airflow310/lib/python3.10/site-packages/airflow/example_dags/example_sensor_decorator.py took 0.083 seconds
[2025-08-19T17:28:45.193+0200] {processor.py:161} INFO - Started process (PID=11976) to work on /Users/ehabhasan/.venvs/airflow310/lib/python3.10/site-packages/airflow/example_dags/example_sensor_decorator.py
[2025-08-19T17:28:45.194+0200] {processor.py:830} INFO - Processing file /Users/ehabhasan/.venvs/airflow310/lib/python3.10/site-packages/airflow/example_dags/example_sensor_decorator.py for tasks to queue
[2025-08-19T17:28:45.194+0200] {logging_mixin.py:188} INFO - [2025-08-19T17:28:45.194+0200] {dagbag.py:545} INFO - Filling up the DagBag from /Users/ehabhasan/.venvs/airflow310/lib/python3.10/site-packages/airflow/example_dags/example_sensor_decorator.py
[2025-08-19T17:28:45.207+0200] {processor.py:840} INFO - DAG(s) 'example_sensor_decorator' retrieved from /Users/ehabhasan/.venvs/airflow310/lib/python3.10/site-packages/airflow/example_dags/example_sensor_decorator.py
[2025-08-19T17:28:45.245+0200] {logging_mixin.py:188} INFO - [2025-08-19T17:28:45.245+0200] {dag.py:3089} INFO - Sync 1 DAGs
[2025-08-19T17:28:45.269+0200] {logging_mixin.py:188} INFO - [2025-08-19T17:28:45.269+0200] {dag.py:3947} INFO - Setting next_dagrun for example_sensor_decorator to None, run_after=None
[2025-08-19T17:28:45.275+0200] {processor.py:183} INFO - Processing /Users/ehabhasan/.venvs/airflow310/lib/python3.10/site-packages/airflow/example_dags/example_sensor_decorator.py took 0.084 seconds
[2025-08-19T17:30:37.116+0200] {processor.py:161} INFO - Started process (PID=13623) to work on /Users/ehabhasan/.venvs/airflow310/lib/python3.10/site-packages/airflow/example_dags/example_sensor_decorator.py
[2025-08-19T17:30:37.117+0200] {processor.py:830} INFO - Processing file /Users/ehabhasan/.venvs/airflow310/lib/python3.10/site-packages/airflow/example_dags/example_sensor_decorator.py for tasks to queue
[2025-08-19T17:30:37.117+0200] {logging_mixin.py:188} INFO - [2025-08-19T17:30:37.117+0200] {dagbag.py:545} INFO - Filling up the DagBag from /Users/ehabhasan/.venvs/airflow310/lib/python3.10/site-packages/airflow/example_dags/example_sensor_decorator.py
[2025-08-19T17:30:37.133+0200] {processor.py:840} INFO - DAG(s) 'example_sensor_decorator' retrieved from /Users/ehabhasan/.venvs/airflow310/lib/python3.10/site-packages/airflow/example_dags/example_sensor_decorator.py
[2025-08-19T17:30:37.173+0200] {logging_mixin.py:188} INFO - [2025-08-19T17:30:37.173+0200] {dag.py:3089} INFO - Sync 1 DAGs
[2025-08-19T17:30:37.202+0200] {logging_mixin.py:188} INFO - [2025-08-19T17:30:37.202+0200] {dag.py:3947} INFO - Setting next_dagrun for example_sensor_decorator to None, run_after=None
[2025-08-19T17:30:37.209+0200] {processor.py:183} INFO - Processing /Users/ehabhasan/.venvs/airflow310/lib/python3.10/site-packages/airflow/example_dags/example_sensor_decorator.py took 0.094 seconds
[2025-08-19T17:32:32.980+0200] {processor.py:161} INFO - Started process (PID=14146) to work on /Users/ehabhasan/.venvs/airflow310/lib/python3.10/site-packages/airflow/example_dags/example_sensor_decorator.py
[2025-08-19T17:32:32.981+0200] {processor.py:830} INFO - Processing file /Users/ehabhasan/.venvs/airflow310/lib/python3.10/site-packages/airflow/example_dags/example_sensor_decorator.py for tasks to queue
[2025-08-19T17:32:32.981+0200] {logging_mixin.py:188} INFO - [2025-08-19T17:32:32.981+0200] {dagbag.py:545} INFO - Filling up the DagBag from /Users/ehabhasan/.venvs/airflow310/lib/python3.10/site-packages/airflow/example_dags/example_sensor_decorator.py
[2025-08-19T17:32:32.994+0200] {processor.py:840} INFO - DAG(s) 'example_sensor_decorator' retrieved from /Users/ehabhasan/.venvs/airflow310/lib/python3.10/site-packages/airflow/example_dags/example_sensor_decorator.py
[2025-08-19T17:32:33.034+0200] {logging_mixin.py:188} INFO - [2025-08-19T17:32:33.034+0200] {dag.py:3089} INFO - Sync 1 DAGs
[2025-08-19T17:32:33.058+0200] {logging_mixin.py:188} INFO - [2025-08-19T17:32:33.058+0200] {dag.py:3947} INFO - Setting next_dagrun for example_sensor_decorator to None, run_after=None
[2025-08-19T17:32:33.064+0200] {processor.py:183} INFO - Processing /Users/ehabhasan/.venvs/airflow310/lib/python3.10/site-packages/airflow/example_dags/example_sensor_decorator.py took 0.086 seconds
[2025-08-19T17:34:19.254+0200] {processor.py:161} INFO - Started process (PID=14246) to work on /Users/ehabhasan/.venvs/airflow310/lib/python3.10/site-packages/airflow/example_dags/example_sensor_decorator.py
[2025-08-19T17:34:19.254+0200] {processor.py:830} INFO - Processing file /Users/ehabhasan/.venvs/airflow310/lib/python3.10/site-packages/airflow/example_dags/example_sensor_decorator.py for tasks to queue
[2025-08-19T17:34:19.255+0200] {logging_mixin.py:188} INFO - [2025-08-19T17:34:19.255+0200] {dagbag.py:545} INFO - Filling up the DagBag from /Users/ehabhasan/.venvs/airflow310/lib/python3.10/site-packages/airflow/example_dags/example_sensor_decorator.py
[2025-08-19T17:34:19.268+0200] {processor.py:840} INFO - DAG(s) 'example_sensor_decorator' retrieved from /Users/ehabhasan/.venvs/airflow310/lib/python3.10/site-packages/airflow/example_dags/example_sensor_decorator.py
[2025-08-19T17:34:19.306+0200] {logging_mixin.py:188} INFO - [2025-08-19T17:34:19.306+0200] {dag.py:3089} INFO - Sync 1 DAGs
[2025-08-19T17:34:19.331+0200] {logging_mixin.py:188} INFO - [2025-08-19T17:34:19.330+0200] {dag.py:3947} INFO - Setting next_dagrun for example_sensor_decorator to None, run_after=None
[2025-08-19T17:34:19.337+0200] {processor.py:183} INFO - Processing /Users/ehabhasan/.venvs/airflow310/lib/python3.10/site-packages/airflow/example_dags/example_sensor_decorator.py took 0.085 seconds
[2025-08-19T17:36:09.584+0200] {processor.py:161} INFO - Started process (PID=14464) to work on /Users/ehabhasan/.venvs/airflow310/lib/python3.10/site-packages/airflow/example_dags/example_sensor_decorator.py
[2025-08-19T17:36:09.585+0200] {processor.py:830} INFO - Processing file /Users/ehabhasan/.venvs/airflow310/lib/python3.10/site-packages/airflow/example_dags/example_sensor_decorator.py for tasks to queue
[2025-08-19T17:36:09.585+0200] {logging_mixin.py:188} INFO - [2025-08-19T17:36:09.585+0200] {dagbag.py:545} INFO - Filling up the DagBag from /Users/ehabhasan/.venvs/airflow310/lib/python3.10/site-packages/airflow/example_dags/example_sensor_decorator.py
[2025-08-19T17:36:09.598+0200] {processor.py:840} INFO - DAG(s) 'example_sensor_decorator' retrieved from /Users/ehabhasan/.venvs/airflow310/lib/python3.10/site-packages/airflow/example_dags/example_sensor_decorator.py
[2025-08-19T17:36:09.636+0200] {logging_mixin.py:188} INFO - [2025-08-19T17:36:09.636+0200] {dag.py:3089} INFO - Sync 1 DAGs
[2025-08-19T17:36:09.661+0200] {logging_mixin.py:188} INFO - [2025-08-19T17:36:09.661+0200] {dag.py:3947} INFO - Setting next_dagrun for example_sensor_decorator to None, run_after=None
[2025-08-19T17:36:09.667+0200] {processor.py:183} INFO - Processing /Users/ehabhasan/.venvs/airflow310/lib/python3.10/site-packages/airflow/example_dags/example_sensor_decorator.py took 0.084 seconds
[2025-08-19T17:38:04.368+0200] {processor.py:161} INFO - Started process (PID=14593) to work on /Users/ehabhasan/.venvs/airflow310/lib/python3.10/site-packages/airflow/example_dags/example_sensor_decorator.py
[2025-08-19T17:38:04.368+0200] {processor.py:830} INFO - Processing file /Users/ehabhasan/.venvs/airflow310/lib/python3.10/site-packages/airflow/example_dags/example_sensor_decorator.py for tasks to queue
[2025-08-19T17:38:04.369+0200] {logging_mixin.py:188} INFO - [2025-08-19T17:38:04.368+0200] {dagbag.py:545} INFO - Filling up the DagBag from /Users/ehabhasan/.venvs/airflow310/lib/python3.10/site-packages/airflow/example_dags/example_sensor_decorator.py
[2025-08-19T17:38:04.383+0200] {processor.py:840} INFO - DAG(s) 'example_sensor_decorator' retrieved from /Users/ehabhasan/.venvs/airflow310/lib/python3.10/site-packages/airflow/example_dags/example_sensor_decorator.py
[2025-08-19T17:38:04.425+0200] {logging_mixin.py:188} INFO - [2025-08-19T17:38:04.425+0200] {dag.py:3089} INFO - Sync 1 DAGs
[2025-08-19T17:38:04.461+0200] {logging_mixin.py:188} INFO - [2025-08-19T17:38:04.461+0200] {dag.py:3947} INFO - Setting next_dagrun for example_sensor_decorator to None, run_after=None
[2025-08-19T17:38:04.469+0200] {processor.py:183} INFO - Processing /Users/ehabhasan/.venvs/airflow310/lib/python3.10/site-packages/airflow/example_dags/example_sensor_decorator.py took 0.103 seconds
[2025-08-19T17:40:09.243+0200] {processor.py:161} INFO - Started process (PID=14829) to work on /Users/ehabhasan/.venvs/airflow310/lib/python3.10/site-packages/airflow/example_dags/example_sensor_decorator.py
[2025-08-19T17:40:09.243+0200] {processor.py:830} INFO - Processing file /Users/ehabhasan/.venvs/airflow310/lib/python3.10/site-packages/airflow/example_dags/example_sensor_decorator.py for tasks to queue
[2025-08-19T17:40:09.243+0200] {logging_mixin.py:188} INFO - [2025-08-19T17:40:09.243+0200] {dagbag.py:545} INFO - Filling up the DagBag from /Users/ehabhasan/.venvs/airflow310/lib/python3.10/site-packages/airflow/example_dags/example_sensor_decorator.py
[2025-08-19T17:40:09.256+0200] {processor.py:840} INFO - DAG(s) 'example_sensor_decorator' retrieved from /Users/ehabhasan/.venvs/airflow310/lib/python3.10/site-packages/airflow/example_dags/example_sensor_decorator.py
[2025-08-19T17:40:09.296+0200] {logging_mixin.py:188} INFO - [2025-08-19T17:40:09.296+0200] {dag.py:3089} INFO - Sync 1 DAGs
[2025-08-19T17:40:09.320+0200] {logging_mixin.py:188} INFO - [2025-08-19T17:40:09.320+0200] {dag.py:3947} INFO - Setting next_dagrun for example_sensor_decorator to None, run_after=None
[2025-08-19T17:40:09.327+0200] {processor.py:183} INFO - Processing /Users/ehabhasan/.venvs/airflow310/lib/python3.10/site-packages/airflow/example_dags/example_sensor_decorator.py took 0.086 seconds
[2025-08-19T17:45:41.450+0200] {processor.py:161} INFO - Started process (PID=14982) to work on /Users/ehabhasan/.venvs/airflow310/lib/python3.10/site-packages/airflow/example_dags/example_sensor_decorator.py
[2025-08-19T17:45:41.451+0200] {processor.py:830} INFO - Processing file /Users/ehabhasan/.venvs/airflow310/lib/python3.10/site-packages/airflow/example_dags/example_sensor_decorator.py for tasks to queue
[2025-08-19T17:45:41.451+0200] {logging_mixin.py:188} INFO - [2025-08-19T17:45:41.451+0200] {dagbag.py:545} INFO - Filling up the DagBag from /Users/ehabhasan/.venvs/airflow310/lib/python3.10/site-packages/airflow/example_dags/example_sensor_decorator.py
[2025-08-19T17:45:41.464+0200] {processor.py:840} INFO - DAG(s) 'example_sensor_decorator' retrieved from /Users/ehabhasan/.venvs/airflow310/lib/python3.10/site-packages/airflow/example_dags/example_sensor_decorator.py
[2025-08-19T17:45:41.502+0200] {logging_mixin.py:188} INFO - [2025-08-19T17:45:41.502+0200] {dag.py:3089} INFO - Sync 1 DAGs
[2025-08-19T17:45:41.527+0200] {logging_mixin.py:188} INFO - [2025-08-19T17:45:41.526+0200] {dag.py:3947} INFO - Setting next_dagrun for example_sensor_decorator to None, run_after=None
[2025-08-19T17:45:41.534+0200] {processor.py:183} INFO - Processing /Users/ehabhasan/.venvs/airflow310/lib/python3.10/site-packages/airflow/example_dags/example_sensor_decorator.py took 0.085 seconds
[2025-08-19T17:47:44.314+0200] {processor.py:161} INFO - Started process (PID=15081) to work on /Users/ehabhasan/.venvs/airflow310/lib/python3.10/site-packages/airflow/example_dags/example_sensor_decorator.py
[2025-08-19T17:47:44.314+0200] {processor.py:830} INFO - Processing file /Users/ehabhasan/.venvs/airflow310/lib/python3.10/site-packages/airflow/example_dags/example_sensor_decorator.py for tasks to queue
[2025-08-19T17:47:44.315+0200] {logging_mixin.py:188} INFO - [2025-08-19T17:47:44.315+0200] {dagbag.py:545} INFO - Filling up the DagBag from /Users/ehabhasan/.venvs/airflow310/lib/python3.10/site-packages/airflow/example_dags/example_sensor_decorator.py
[2025-08-19T17:47:44.328+0200] {processor.py:840} INFO - DAG(s) 'example_sensor_decorator' retrieved from /Users/ehabhasan/.venvs/airflow310/lib/python3.10/site-packages/airflow/example_dags/example_sensor_decorator.py
[2025-08-19T17:47:44.367+0200] {logging_mixin.py:188} INFO - [2025-08-19T17:47:44.367+0200] {dag.py:3089} INFO - Sync 1 DAGs
[2025-08-19T17:47:44.392+0200] {logging_mixin.py:188} INFO - [2025-08-19T17:47:44.391+0200] {dag.py:3947} INFO - Setting next_dagrun for example_sensor_decorator to None, run_after=None
[2025-08-19T17:47:44.398+0200] {processor.py:183} INFO - Processing /Users/ehabhasan/.venvs/airflow310/lib/python3.10/site-packages/airflow/example_dags/example_sensor_decorator.py took 0.086 seconds
[2025-08-19T17:49:36.521+0200] {processor.py:161} INFO - Started process (PID=15164) to work on /Users/ehabhasan/.venvs/airflow310/lib/python3.10/site-packages/airflow/example_dags/example_sensor_decorator.py
[2025-08-19T17:49:36.521+0200] {processor.py:830} INFO - Processing file /Users/ehabhasan/.venvs/airflow310/lib/python3.10/site-packages/airflow/example_dags/example_sensor_decorator.py for tasks to queue
[2025-08-19T17:49:36.521+0200] {logging_mixin.py:188} INFO - [2025-08-19T17:49:36.521+0200] {dagbag.py:545} INFO - Filling up the DagBag from /Users/ehabhasan/.venvs/airflow310/lib/python3.10/site-packages/airflow/example_dags/example_sensor_decorator.py
[2025-08-19T17:49:36.535+0200] {processor.py:840} INFO - DAG(s) 'example_sensor_decorator' retrieved from /Users/ehabhasan/.venvs/airflow310/lib/python3.10/site-packages/airflow/example_dags/example_sensor_decorator.py
[2025-08-19T17:49:36.573+0200] {logging_mixin.py:188} INFO - [2025-08-19T17:49:36.573+0200] {dag.py:3089} INFO - Sync 1 DAGs
[2025-08-19T17:49:36.596+0200] {logging_mixin.py:188} INFO - [2025-08-19T17:49:36.596+0200] {dag.py:3947} INFO - Setting next_dagrun for example_sensor_decorator to None, run_after=None
[2025-08-19T17:49:36.603+0200] {processor.py:183} INFO - Processing /Users/ehabhasan/.venvs/airflow310/lib/python3.10/site-packages/airflow/example_dags/example_sensor_decorator.py took 0.084 seconds
