[2025-08-19T16:48:57.266+0200] {processor.py:161} INFO - Started process (PID=7664) to work on /Users/ehabhasan/.venvs/airflow310/lib/python3.10/site-packages/airflow/example_dags/example_branch_python_dop_operator_3.py
[2025-08-19T16:48:57.266+0200] {processor.py:830} INFO - Processing file /Users/ehabhasan/.venvs/airflow310/lib/python3.10/site-packages/airflow/example_dags/example_branch_python_dop_operator_3.py for tasks to queue
[2025-08-19T16:48:57.266+0200] {logging_mixin.py:188} INFO - [2025-08-19T16:48:57.266+0200] {dagbag.py:545} INFO - Filling up the DagBag from /Users/ehabhasan/.venvs/airflow310/lib/python3.10/site-packages/airflow/example_dags/example_branch_python_dop_operator_3.py
[2025-08-19T16:48:57.281+0200] {processor.py:840} INFO - DAG(s) 'example_branch_dop_operator_v3' retrieved from /Users/ehabhasan/.venvs/airflow310/lib/python3.10/site-packages/airflow/example_dags/example_branch_python_dop_operator_3.py
[2025-08-19T16:48:57.361+0200] {logging_mixin.py:188} INFO - [2025-08-19T16:48:57.361+0200] {dag.py:3089} INFO - Sync 1 DAGs
[2025-08-19T16:48:57.368+0200] {logging_mixin.py:188} INFO - [2025-08-19T16:48:57.368+0200] {dag.py:3947} INFO - Setting next_dagrun for example_branch_dop_operator_v3 to 2025-08-19 14:47:00+00:00, run_after=2025-08-19 14:48:00+00:00
[2025-08-19T16:48:57.375+0200] {processor.py:183} INFO - Processing /Users/ehabhasan/.venvs/airflow310/lib/python3.10/site-packages/airflow/example_dags/example_branch_python_dop_operator_3.py took 0.111 seconds
[2025-08-19T16:50:31.862+0200] {processor.py:161} INFO - Started process (PID=7736) to work on /Users/ehabhasan/.venvs/airflow310/lib/python3.10/site-packages/airflow/example_dags/example_branch_python_dop_operator_3.py
[2025-08-19T16:50:31.864+0200] {processor.py:830} INFO - Processing file /Users/ehabhasan/.venvs/airflow310/lib/python3.10/site-packages/airflow/example_dags/example_branch_python_dop_operator_3.py for tasks to queue
[2025-08-19T16:50:31.864+0200] {logging_mixin.py:188} INFO - [2025-08-19T16:50:31.864+0200] {dagbag.py:545} INFO - Filling up the DagBag from /Users/ehabhasan/.venvs/airflow310/lib/python3.10/site-packages/airflow/example_dags/example_branch_python_dop_operator_3.py
[2025-08-19T16:50:31.878+0200] {processor.py:840} INFO - DAG(s) 'example_branch_dop_operator_v3' retrieved from /Users/ehabhasan/.venvs/airflow310/lib/python3.10/site-packages/airflow/example_dags/example_branch_python_dop_operator_3.py
[2025-08-19T16:50:31.912+0200] {logging_mixin.py:188} INFO - [2025-08-19T16:50:31.911+0200] {dag.py:3089} INFO - Sync 1 DAGs
[2025-08-19T16:50:31.939+0200] {logging_mixin.py:188} INFO - [2025-08-19T16:50:31.939+0200] {dag.py:3947} INFO - Setting next_dagrun for example_branch_dop_operator_v3 to 2025-08-19 14:49:00+00:00, run_after=2025-08-19 14:50:00+00:00
[2025-08-19T16:50:31.945+0200] {processor.py:183} INFO - Processing /Users/ehabhasan/.venvs/airflow310/lib/python3.10/site-packages/airflow/example_dags/example_branch_python_dop_operator_3.py took 0.084 seconds
[2025-08-19T16:52:10.922+0200] {processor.py:161} INFO - Started process (PID=7808) to work on /Users/ehabhasan/.venvs/airflow310/lib/python3.10/site-packages/airflow/example_dags/example_branch_python_dop_operator_3.py
[2025-08-19T16:52:10.922+0200] {processor.py:830} INFO - Processing file /Users/ehabhasan/.venvs/airflow310/lib/python3.10/site-packages/airflow/example_dags/example_branch_python_dop_operator_3.py for tasks to queue
[2025-08-19T16:52:10.922+0200] {logging_mixin.py:188} INFO - [2025-08-19T16:52:10.922+0200] {dagbag.py:545} INFO - Filling up the DagBag from /Users/ehabhasan/.venvs/airflow310/lib/python3.10/site-packages/airflow/example_dags/example_branch_python_dop_operator_3.py
[2025-08-19T16:52:10.936+0200] {processor.py:840} INFO - DAG(s) 'example_branch_dop_operator_v3' retrieved from /Users/ehabhasan/.venvs/airflow310/lib/python3.10/site-packages/airflow/example_dags/example_branch_python_dop_operator_3.py
[2025-08-19T16:52:10.971+0200] {logging_mixin.py:188} INFO - [2025-08-19T16:52:10.970+0200] {dag.py:3089} INFO - Sync 1 DAGs
[2025-08-19T16:52:10.997+0200] {logging_mixin.py:188} INFO - [2025-08-19T16:52:10.997+0200] {dag.py:3947} INFO - Setting next_dagrun for example_branch_dop_operator_v3 to 2025-08-19 14:51:00+00:00, run_after=2025-08-19 14:52:00+00:00
[2025-08-19T16:52:11.004+0200] {processor.py:183} INFO - Processing /Users/ehabhasan/.venvs/airflow310/lib/python3.10/site-packages/airflow/example_dags/example_branch_python_dop_operator_3.py took 0.084 seconds
[2025-08-19T16:53:47.507+0200] {processor.py:161} INFO - Started process (PID=7878) to work on /Users/ehabhasan/.venvs/airflow310/lib/python3.10/site-packages/airflow/example_dags/example_branch_python_dop_operator_3.py
[2025-08-19T16:53:47.508+0200] {processor.py:830} INFO - Processing file /Users/ehabhasan/.venvs/airflow310/lib/python3.10/site-packages/airflow/example_dags/example_branch_python_dop_operator_3.py for tasks to queue
[2025-08-19T16:53:47.508+0200] {logging_mixin.py:188} INFO - [2025-08-19T16:53:47.508+0200] {dagbag.py:545} INFO - Filling up the DagBag from /Users/ehabhasan/.venvs/airflow310/lib/python3.10/site-packages/airflow/example_dags/example_branch_python_dop_operator_3.py
[2025-08-19T16:53:47.522+0200] {processor.py:840} INFO - DAG(s) 'example_branch_dop_operator_v3' retrieved from /Users/ehabhasan/.venvs/airflow310/lib/python3.10/site-packages/airflow/example_dags/example_branch_python_dop_operator_3.py
[2025-08-19T16:53:47.557+0200] {logging_mixin.py:188} INFO - [2025-08-19T16:53:47.556+0200] {dag.py:3089} INFO - Sync 1 DAGs
[2025-08-19T16:53:47.583+0200] {logging_mixin.py:188} INFO - [2025-08-19T16:53:47.583+0200] {dag.py:3947} INFO - Setting next_dagrun for example_branch_dop_operator_v3 to 2025-08-19 14:52:00+00:00, run_after=2025-08-19 14:53:00+00:00
[2025-08-19T16:53:47.590+0200] {processor.py:183} INFO - Processing /Users/ehabhasan/.venvs/airflow310/lib/python3.10/site-packages/airflow/example_dags/example_branch_python_dop_operator_3.py took 0.084 seconds
[2025-08-19T16:55:24.044+0200] {processor.py:161} INFO - Started process (PID=7987) to work on /Users/ehabhasan/.venvs/airflow310/lib/python3.10/site-packages/airflow/example_dags/example_branch_python_dop_operator_3.py
[2025-08-19T16:55:24.045+0200] {processor.py:830} INFO - Processing file /Users/ehabhasan/.venvs/airflow310/lib/python3.10/site-packages/airflow/example_dags/example_branch_python_dop_operator_3.py for tasks to queue
[2025-08-19T16:55:24.046+0200] {logging_mixin.py:188} INFO - [2025-08-19T16:55:24.046+0200] {dagbag.py:545} INFO - Filling up the DagBag from /Users/ehabhasan/.venvs/airflow310/lib/python3.10/site-packages/airflow/example_dags/example_branch_python_dop_operator_3.py
[2025-08-19T16:55:24.059+0200] {processor.py:840} INFO - DAG(s) 'example_branch_dop_operator_v3' retrieved from /Users/ehabhasan/.venvs/airflow310/lib/python3.10/site-packages/airflow/example_dags/example_branch_python_dop_operator_3.py
[2025-08-19T16:55:24.093+0200] {logging_mixin.py:188} INFO - [2025-08-19T16:55:24.093+0200] {dag.py:3089} INFO - Sync 1 DAGs
[2025-08-19T16:55:24.120+0200] {logging_mixin.py:188} INFO - [2025-08-19T16:55:24.120+0200] {dag.py:3947} INFO - Setting next_dagrun for example_branch_dop_operator_v3 to 2025-08-19 14:54:00+00:00, run_after=2025-08-19 14:55:00+00:00
[2025-08-19T16:55:24.126+0200] {processor.py:183} INFO - Processing /Users/ehabhasan/.venvs/airflow310/lib/python3.10/site-packages/airflow/example_dags/example_branch_python_dop_operator_3.py took 0.084 seconds
[2025-08-19T16:57:09.674+0200] {processor.py:161} INFO - Started process (PID=8066) to work on /Users/ehabhasan/.venvs/airflow310/lib/python3.10/site-packages/airflow/example_dags/example_branch_python_dop_operator_3.py
[2025-08-19T16:57:09.674+0200] {processor.py:830} INFO - Processing file /Users/ehabhasan/.venvs/airflow310/lib/python3.10/site-packages/airflow/example_dags/example_branch_python_dop_operator_3.py for tasks to queue
[2025-08-19T16:57:09.674+0200] {logging_mixin.py:188} INFO - [2025-08-19T16:57:09.674+0200] {dagbag.py:545} INFO - Filling up the DagBag from /Users/ehabhasan/.venvs/airflow310/lib/python3.10/site-packages/airflow/example_dags/example_branch_python_dop_operator_3.py
[2025-08-19T16:57:09.688+0200] {processor.py:840} INFO - DAG(s) 'example_branch_dop_operator_v3' retrieved from /Users/ehabhasan/.venvs/airflow310/lib/python3.10/site-packages/airflow/example_dags/example_branch_python_dop_operator_3.py
[2025-08-19T16:57:09.723+0200] {logging_mixin.py:188} INFO - [2025-08-19T16:57:09.723+0200] {dag.py:3089} INFO - Sync 1 DAGs
[2025-08-19T16:57:09.750+0200] {logging_mixin.py:188} INFO - [2025-08-19T16:57:09.750+0200] {dag.py:3947} INFO - Setting next_dagrun for example_branch_dop_operator_v3 to 2025-08-19 14:56:00+00:00, run_after=2025-08-19 14:57:00+00:00
[2025-08-19T16:57:09.757+0200] {processor.py:183} INFO - Processing /Users/ehabhasan/.venvs/airflow310/lib/python3.10/site-packages/airflow/example_dags/example_branch_python_dop_operator_3.py took 0.085 seconds
[2025-08-19T16:58:46.010+0200] {processor.py:161} INFO - Started process (PID=8135) to work on /Users/ehabhasan/.venvs/airflow310/lib/python3.10/site-packages/airflow/example_dags/example_branch_python_dop_operator_3.py
[2025-08-19T16:58:46.011+0200] {processor.py:830} INFO - Processing file /Users/ehabhasan/.venvs/airflow310/lib/python3.10/site-packages/airflow/example_dags/example_branch_python_dop_operator_3.py for tasks to queue
[2025-08-19T16:58:46.011+0200] {logging_mixin.py:188} INFO - [2025-08-19T16:58:46.011+0200] {dagbag.py:545} INFO - Filling up the DagBag from /Users/ehabhasan/.venvs/airflow310/lib/python3.10/site-packages/airflow/example_dags/example_branch_python_dop_operator_3.py
[2025-08-19T16:58:46.025+0200] {processor.py:840} INFO - DAG(s) 'example_branch_dop_operator_v3' retrieved from /Users/ehabhasan/.venvs/airflow310/lib/python3.10/site-packages/airflow/example_dags/example_branch_python_dop_operator_3.py
[2025-08-19T16:58:46.059+0200] {logging_mixin.py:188} INFO - [2025-08-19T16:58:46.059+0200] {dag.py:3089} INFO - Sync 1 DAGs
[2025-08-19T16:58:46.085+0200] {logging_mixin.py:188} INFO - [2025-08-19T16:58:46.085+0200] {dag.py:3947} INFO - Setting next_dagrun for example_branch_dop_operator_v3 to 2025-08-19 14:57:00+00:00, run_after=2025-08-19 14:58:00+00:00
[2025-08-19T16:58:46.092+0200] {processor.py:183} INFO - Processing /Users/ehabhasan/.venvs/airflow310/lib/python3.10/site-packages/airflow/example_dags/example_branch_python_dop_operator_3.py took 0.084 seconds
[2025-08-19T17:01:07.179+0200] {processor.py:161} INFO - Started process (PID=8254) to work on /Users/ehabhasan/.venvs/airflow310/lib/python3.10/site-packages/airflow/example_dags/example_branch_python_dop_operator_3.py
[2025-08-19T17:01:07.180+0200] {processor.py:830} INFO - Processing file /Users/ehabhasan/.venvs/airflow310/lib/python3.10/site-packages/airflow/example_dags/example_branch_python_dop_operator_3.py for tasks to queue
[2025-08-19T17:01:07.180+0200] {logging_mixin.py:188} INFO - [2025-08-19T17:01:07.180+0200] {dagbag.py:545} INFO - Filling up the DagBag from /Users/ehabhasan/.venvs/airflow310/lib/python3.10/site-packages/airflow/example_dags/example_branch_python_dop_operator_3.py
[2025-08-19T17:01:07.194+0200] {processor.py:840} INFO - DAG(s) 'example_branch_dop_operator_v3' retrieved from /Users/ehabhasan/.venvs/airflow310/lib/python3.10/site-packages/airflow/example_dags/example_branch_python_dop_operator_3.py
[2025-08-19T17:01:07.232+0200] {logging_mixin.py:188} INFO - [2025-08-19T17:01:07.232+0200] {dag.py:3089} INFO - Sync 1 DAGs
[2025-08-19T17:01:07.260+0200] {logging_mixin.py:188} INFO - [2025-08-19T17:01:07.260+0200] {dag.py:3947} INFO - Setting next_dagrun for example_branch_dop_operator_v3 to 2025-08-19 15:00:00+00:00, run_after=2025-08-19 15:01:00+00:00
[2025-08-19T17:01:07.266+0200] {processor.py:183} INFO - Processing /Users/ehabhasan/.venvs/airflow310/lib/python3.10/site-packages/airflow/example_dags/example_branch_python_dop_operator_3.py took 0.089 seconds
[2025-08-19T17:02:49.403+0200] {processor.py:161} INFO - Started process (PID=8341) to work on /Users/ehabhasan/.venvs/airflow310/lib/python3.10/site-packages/airflow/example_dags/example_branch_python_dop_operator_3.py
[2025-08-19T17:02:49.403+0200] {processor.py:830} INFO - Processing file /Users/ehabhasan/.venvs/airflow310/lib/python3.10/site-packages/airflow/example_dags/example_branch_python_dop_operator_3.py for tasks to queue
[2025-08-19T17:02:49.404+0200] {logging_mixin.py:188} INFO - [2025-08-19T17:02:49.404+0200] {dagbag.py:545} INFO - Filling up the DagBag from /Users/ehabhasan/.venvs/airflow310/lib/python3.10/site-packages/airflow/example_dags/example_branch_python_dop_operator_3.py
[2025-08-19T17:02:49.417+0200] {processor.py:840} INFO - DAG(s) 'example_branch_dop_operator_v3' retrieved from /Users/ehabhasan/.venvs/airflow310/lib/python3.10/site-packages/airflow/example_dags/example_branch_python_dop_operator_3.py
[2025-08-19T17:02:49.451+0200] {logging_mixin.py:188} INFO - [2025-08-19T17:02:49.451+0200] {dag.py:3089} INFO - Sync 1 DAGs
[2025-08-19T17:02:49.478+0200] {logging_mixin.py:188} INFO - [2025-08-19T17:02:49.478+0200] {dag.py:3947} INFO - Setting next_dagrun for example_branch_dop_operator_v3 to 2025-08-19 15:01:00+00:00, run_after=2025-08-19 15:02:00+00:00
[2025-08-19T17:02:49.484+0200] {processor.py:183} INFO - Processing /Users/ehabhasan/.venvs/airflow310/lib/python3.10/site-packages/airflow/example_dags/example_branch_python_dop_operator_3.py took 0.083 seconds
[2025-08-19T17:04:24.885+0200] {processor.py:161} INFO - Started process (PID=8937) to work on /Users/ehabhasan/.venvs/airflow310/lib/python3.10/site-packages/airflow/example_dags/example_branch_python_dop_operator_3.py
[2025-08-19T17:04:24.885+0200] {processor.py:830} INFO - Processing file /Users/ehabhasan/.venvs/airflow310/lib/python3.10/site-packages/airflow/example_dags/example_branch_python_dop_operator_3.py for tasks to queue
[2025-08-19T17:04:24.885+0200] {logging_mixin.py:188} INFO - [2025-08-19T17:04:24.885+0200] {dagbag.py:545} INFO - Filling up the DagBag from /Users/ehabhasan/.venvs/airflow310/lib/python3.10/site-packages/airflow/example_dags/example_branch_python_dop_operator_3.py
[2025-08-19T17:04:24.899+0200] {processor.py:840} INFO - DAG(s) 'example_branch_dop_operator_v3' retrieved from /Users/ehabhasan/.venvs/airflow310/lib/python3.10/site-packages/airflow/example_dags/example_branch_python_dop_operator_3.py
[2025-08-19T17:04:24.935+0200] {logging_mixin.py:188} INFO - [2025-08-19T17:04:24.934+0200] {dag.py:3089} INFO - Sync 1 DAGs
[2025-08-19T17:04:24.961+0200] {logging_mixin.py:188} INFO - [2025-08-19T17:04:24.961+0200] {dag.py:3947} INFO - Setting next_dagrun for example_branch_dop_operator_v3 to 2025-08-19 15:03:00+00:00, run_after=2025-08-19 15:04:00+00:00
[2025-08-19T17:04:24.968+0200] {processor.py:183} INFO - Processing /Users/ehabhasan/.venvs/airflow310/lib/python3.10/site-packages/airflow/example_dags/example_branch_python_dop_operator_3.py took 0.085 seconds
[2025-08-19T17:06:11.414+0200] {processor.py:161} INFO - Started process (PID=9427) to work on /Users/ehabhasan/.venvs/airflow310/lib/python3.10/site-packages/airflow/example_dags/example_branch_python_dop_operator_3.py
[2025-08-19T17:06:11.414+0200] {processor.py:830} INFO - Processing file /Users/ehabhasan/.venvs/airflow310/lib/python3.10/site-packages/airflow/example_dags/example_branch_python_dop_operator_3.py for tasks to queue
[2025-08-19T17:06:11.414+0200] {logging_mixin.py:188} INFO - [2025-08-19T17:06:11.414+0200] {dagbag.py:545} INFO - Filling up the DagBag from /Users/ehabhasan/.venvs/airflow310/lib/python3.10/site-packages/airflow/example_dags/example_branch_python_dop_operator_3.py
[2025-08-19T17:06:11.429+0200] {processor.py:840} INFO - DAG(s) 'example_branch_dop_operator_v3' retrieved from /Users/ehabhasan/.venvs/airflow310/lib/python3.10/site-packages/airflow/example_dags/example_branch_python_dop_operator_3.py
[2025-08-19T17:06:11.465+0200] {logging_mixin.py:188} INFO - [2025-08-19T17:06:11.464+0200] {dag.py:3089} INFO - Sync 1 DAGs
[2025-08-19T17:06:11.492+0200] {logging_mixin.py:188} INFO - [2025-08-19T17:06:11.492+0200] {dag.py:3947} INFO - Setting next_dagrun for example_branch_dop_operator_v3 to 2025-08-19 15:05:00+00:00, run_after=2025-08-19 15:06:00+00:00
[2025-08-19T17:06:11.499+0200] {processor.py:183} INFO - Processing /Users/ehabhasan/.venvs/airflow310/lib/python3.10/site-packages/airflow/example_dags/example_branch_python_dop_operator_3.py took 0.087 seconds
[2025-08-19T17:07:59.252+0200] {processor.py:161} INFO - Started process (PID=10125) to work on /Users/ehabhasan/.venvs/airflow310/lib/python3.10/site-packages/airflow/example_dags/example_branch_python_dop_operator_3.py
[2025-08-19T17:07:59.252+0200] {processor.py:830} INFO - Processing file /Users/ehabhasan/.venvs/airflow310/lib/python3.10/site-packages/airflow/example_dags/example_branch_python_dop_operator_3.py for tasks to queue
[2025-08-19T17:07:59.252+0200] {logging_mixin.py:188} INFO - [2025-08-19T17:07:59.252+0200] {dagbag.py:545} INFO - Filling up the DagBag from /Users/ehabhasan/.venvs/airflow310/lib/python3.10/site-packages/airflow/example_dags/example_branch_python_dop_operator_3.py
[2025-08-19T17:07:59.266+0200] {processor.py:840} INFO - DAG(s) 'example_branch_dop_operator_v3' retrieved from /Users/ehabhasan/.venvs/airflow310/lib/python3.10/site-packages/airflow/example_dags/example_branch_python_dop_operator_3.py
[2025-08-19T17:07:59.301+0200] {logging_mixin.py:188} INFO - [2025-08-19T17:07:59.300+0200] {dag.py:3089} INFO - Sync 1 DAGs
[2025-08-19T17:07:59.327+0200] {logging_mixin.py:188} INFO - [2025-08-19T17:07:59.327+0200] {dag.py:3947} INFO - Setting next_dagrun for example_branch_dop_operator_v3 to 2025-08-19 15:06:00+00:00, run_after=2025-08-19 15:07:00+00:00
[2025-08-19T17:07:59.334+0200] {processor.py:183} INFO - Processing /Users/ehabhasan/.venvs/airflow310/lib/python3.10/site-packages/airflow/example_dags/example_branch_python_dop_operator_3.py took 0.084 seconds
[2025-08-19T17:09:48.641+0200] {processor.py:161} INFO - Started process (PID=10237) to work on /Users/ehabhasan/.venvs/airflow310/lib/python3.10/site-packages/airflow/example_dags/example_branch_python_dop_operator_3.py
[2025-08-19T17:09:48.642+0200] {processor.py:830} INFO - Processing file /Users/ehabhasan/.venvs/airflow310/lib/python3.10/site-packages/airflow/example_dags/example_branch_python_dop_operator_3.py for tasks to queue
[2025-08-19T17:09:48.642+0200] {logging_mixin.py:188} INFO - [2025-08-19T17:09:48.642+0200] {dagbag.py:545} INFO - Filling up the DagBag from /Users/ehabhasan/.venvs/airflow310/lib/python3.10/site-packages/airflow/example_dags/example_branch_python_dop_operator_3.py
[2025-08-19T17:09:48.657+0200] {processor.py:840} INFO - DAG(s) 'example_branch_dop_operator_v3' retrieved from /Users/ehabhasan/.venvs/airflow310/lib/python3.10/site-packages/airflow/example_dags/example_branch_python_dop_operator_3.py
[2025-08-19T17:09:48.692+0200] {logging_mixin.py:188} INFO - [2025-08-19T17:09:48.692+0200] {dag.py:3089} INFO - Sync 1 DAGs
[2025-08-19T17:09:48.721+0200] {logging_mixin.py:188} INFO - [2025-08-19T17:09:48.721+0200] {dag.py:3947} INFO - Setting next_dagrun for example_branch_dop_operator_v3 to 2025-08-19 15:08:00+00:00, run_after=2025-08-19 15:09:00+00:00
[2025-08-19T17:09:48.728+0200] {processor.py:183} INFO - Processing /Users/ehabhasan/.venvs/airflow310/lib/python3.10/site-packages/airflow/example_dags/example_branch_python_dop_operator_3.py took 0.088 seconds
[2025-08-19T17:11:32.215+0200] {processor.py:161} INFO - Started process (PID=10321) to work on /Users/ehabhasan/.venvs/airflow310/lib/python3.10/site-packages/airflow/example_dags/example_branch_python_dop_operator_3.py
[2025-08-19T17:11:32.215+0200] {processor.py:830} INFO - Processing file /Users/ehabhasan/.venvs/airflow310/lib/python3.10/site-packages/airflow/example_dags/example_branch_python_dop_operator_3.py for tasks to queue
[2025-08-19T17:11:32.216+0200] {logging_mixin.py:188} INFO - [2025-08-19T17:11:32.215+0200] {dagbag.py:545} INFO - Filling up the DagBag from /Users/ehabhasan/.venvs/airflow310/lib/python3.10/site-packages/airflow/example_dags/example_branch_python_dop_operator_3.py
[2025-08-19T17:11:32.229+0200] {processor.py:840} INFO - DAG(s) 'example_branch_dop_operator_v3' retrieved from /Users/ehabhasan/.venvs/airflow310/lib/python3.10/site-packages/airflow/example_dags/example_branch_python_dop_operator_3.py
[2025-08-19T17:11:32.264+0200] {logging_mixin.py:188} INFO - [2025-08-19T17:11:32.264+0200] {dag.py:3089} INFO - Sync 1 DAGs
[2025-08-19T17:11:32.291+0200] {logging_mixin.py:188} INFO - [2025-08-19T17:11:32.291+0200] {dag.py:3947} INFO - Setting next_dagrun for example_branch_dop_operator_v3 to 2025-08-19 15:10:00+00:00, run_after=2025-08-19 15:11:00+00:00
[2025-08-19T17:11:32.297+0200] {processor.py:183} INFO - Processing /Users/ehabhasan/.venvs/airflow310/lib/python3.10/site-packages/airflow/example_dags/example_branch_python_dop_operator_3.py took 0.084 seconds
[2025-08-19T17:13:25.843+0200] {processor.py:161} INFO - Started process (PID=10418) to work on /Users/ehabhasan/.venvs/airflow310/lib/python3.10/site-packages/airflow/example_dags/example_branch_python_dop_operator_3.py
[2025-08-19T17:13:25.843+0200] {processor.py:830} INFO - Processing file /Users/ehabhasan/.venvs/airflow310/lib/python3.10/site-packages/airflow/example_dags/example_branch_python_dop_operator_3.py for tasks to queue
[2025-08-19T17:13:25.843+0200] {logging_mixin.py:188} INFO - [2025-08-19T17:13:25.843+0200] {dagbag.py:545} INFO - Filling up the DagBag from /Users/ehabhasan/.venvs/airflow310/lib/python3.10/site-packages/airflow/example_dags/example_branch_python_dop_operator_3.py
[2025-08-19T17:13:25.857+0200] {processor.py:840} INFO - DAG(s) 'example_branch_dop_operator_v3' retrieved from /Users/ehabhasan/.venvs/airflow310/lib/python3.10/site-packages/airflow/example_dags/example_branch_python_dop_operator_3.py
[2025-08-19T17:13:25.891+0200] {logging_mixin.py:188} INFO - [2025-08-19T17:13:25.891+0200] {dag.py:3089} INFO - Sync 1 DAGs
[2025-08-19T17:13:25.917+0200] {logging_mixin.py:188} INFO - [2025-08-19T17:13:25.917+0200] {dag.py:3947} INFO - Setting next_dagrun for example_branch_dop_operator_v3 to 2025-08-19 15:12:00+00:00, run_after=2025-08-19 15:13:00+00:00
[2025-08-19T17:13:25.924+0200] {processor.py:183} INFO - Processing /Users/ehabhasan/.venvs/airflow310/lib/python3.10/site-packages/airflow/example_dags/example_branch_python_dop_operator_3.py took 0.083 seconds
[2025-08-19T17:15:17.655+0200] {processor.py:161} INFO - Started process (PID=10769) to work on /Users/ehabhasan/.venvs/airflow310/lib/python3.10/site-packages/airflow/example_dags/example_branch_python_dop_operator_3.py
[2025-08-19T17:15:17.655+0200] {processor.py:830} INFO - Processing file /Users/ehabhasan/.venvs/airflow310/lib/python3.10/site-packages/airflow/example_dags/example_branch_python_dop_operator_3.py for tasks to queue
[2025-08-19T17:15:17.656+0200] {logging_mixin.py:188} INFO - [2025-08-19T17:15:17.656+0200] {dagbag.py:545} INFO - Filling up the DagBag from /Users/ehabhasan/.venvs/airflow310/lib/python3.10/site-packages/airflow/example_dags/example_branch_python_dop_operator_3.py
[2025-08-19T17:15:17.670+0200] {processor.py:840} INFO - DAG(s) 'example_branch_dop_operator_v3' retrieved from /Users/ehabhasan/.venvs/airflow310/lib/python3.10/site-packages/airflow/example_dags/example_branch_python_dop_operator_3.py
[2025-08-19T17:15:17.704+0200] {logging_mixin.py:188} INFO - [2025-08-19T17:15:17.704+0200] {dag.py:3089} INFO - Sync 1 DAGs
[2025-08-19T17:15:17.730+0200] {logging_mixin.py:188} INFO - [2025-08-19T17:15:17.730+0200] {dag.py:3947} INFO - Setting next_dagrun for example_branch_dop_operator_v3 to 2025-08-19 15:14:00+00:00, run_after=2025-08-19 15:15:00+00:00
[2025-08-19T17:15:17.737+0200] {processor.py:183} INFO - Processing /Users/ehabhasan/.venvs/airflow310/lib/python3.10/site-packages/airflow/example_dags/example_branch_python_dop_operator_3.py took 0.084 seconds
[2025-08-19T17:17:10.972+0200] {processor.py:161} INFO - Started process (PID=11426) to work on /Users/ehabhasan/.venvs/airflow310/lib/python3.10/site-packages/airflow/example_dags/example_branch_python_dop_operator_3.py
[2025-08-19T17:17:10.972+0200] {processor.py:830} INFO - Processing file /Users/ehabhasan/.venvs/airflow310/lib/python3.10/site-packages/airflow/example_dags/example_branch_python_dop_operator_3.py for tasks to queue
[2025-08-19T17:17:10.972+0200] {logging_mixin.py:188} INFO - [2025-08-19T17:17:10.972+0200] {dagbag.py:545} INFO - Filling up the DagBag from /Users/ehabhasan/.venvs/airflow310/lib/python3.10/site-packages/airflow/example_dags/example_branch_python_dop_operator_3.py
[2025-08-19T17:17:10.986+0200] {processor.py:840} INFO - DAG(s) 'example_branch_dop_operator_v3' retrieved from /Users/ehabhasan/.venvs/airflow310/lib/python3.10/site-packages/airflow/example_dags/example_branch_python_dop_operator_3.py
[2025-08-19T17:17:11.020+0200] {logging_mixin.py:188} INFO - [2025-08-19T17:17:11.020+0200] {dag.py:3089} INFO - Sync 1 DAGs
[2025-08-19T17:17:11.046+0200] {logging_mixin.py:188} INFO - [2025-08-19T17:17:11.046+0200] {dag.py:3947} INFO - Setting next_dagrun for example_branch_dop_operator_v3 to 2025-08-19 15:16:00+00:00, run_after=2025-08-19 15:17:00+00:00
[2025-08-19T17:17:11.053+0200] {processor.py:183} INFO - Processing /Users/ehabhasan/.venvs/airflow310/lib/python3.10/site-packages/airflow/example_dags/example_branch_python_dop_operator_3.py took 0.083 seconds
[2025-08-19T17:18:58.070+0200] {processor.py:161} INFO - Started process (PID=11519) to work on /Users/ehabhasan/.venvs/airflow310/lib/python3.10/site-packages/airflow/example_dags/example_branch_python_dop_operator_3.py
[2025-08-19T17:18:58.071+0200] {processor.py:830} INFO - Processing file /Users/ehabhasan/.venvs/airflow310/lib/python3.10/site-packages/airflow/example_dags/example_branch_python_dop_operator_3.py for tasks to queue
[2025-08-19T17:18:58.071+0200] {logging_mixin.py:188} INFO - [2025-08-19T17:18:58.071+0200] {dagbag.py:545} INFO - Filling up the DagBag from /Users/ehabhasan/.venvs/airflow310/lib/python3.10/site-packages/airflow/example_dags/example_branch_python_dop_operator_3.py
[2025-08-19T17:18:58.085+0200] {processor.py:840} INFO - DAG(s) 'example_branch_dop_operator_v3' retrieved from /Users/ehabhasan/.venvs/airflow310/lib/python3.10/site-packages/airflow/example_dags/example_branch_python_dop_operator_3.py
[2025-08-19T17:18:58.119+0200] {logging_mixin.py:188} INFO - [2025-08-19T17:18:58.119+0200] {dag.py:3089} INFO - Sync 1 DAGs
[2025-08-19T17:18:58.145+0200] {logging_mixin.py:188} INFO - [2025-08-19T17:18:58.145+0200] {dag.py:3947} INFO - Setting next_dagrun for example_branch_dop_operator_v3 to 2025-08-19 15:17:00+00:00, run_after=2025-08-19 15:18:00+00:00
[2025-08-19T17:18:58.152+0200] {processor.py:183} INFO - Processing /Users/ehabhasan/.venvs/airflow310/lib/python3.10/site-packages/airflow/example_dags/example_branch_python_dop_operator_3.py took 0.084 seconds
[2025-08-19T17:20:41.476+0200] {processor.py:161} INFO - Started process (PID=11617) to work on /Users/ehabhasan/.venvs/airflow310/lib/python3.10/site-packages/airflow/example_dags/example_branch_python_dop_operator_3.py
[2025-08-19T17:20:41.477+0200] {processor.py:830} INFO - Processing file /Users/ehabhasan/.venvs/airflow310/lib/python3.10/site-packages/airflow/example_dags/example_branch_python_dop_operator_3.py for tasks to queue
[2025-08-19T17:20:41.477+0200] {logging_mixin.py:188} INFO - [2025-08-19T17:20:41.477+0200] {dagbag.py:545} INFO - Filling up the DagBag from /Users/ehabhasan/.venvs/airflow310/lib/python3.10/site-packages/airflow/example_dags/example_branch_python_dop_operator_3.py
[2025-08-19T17:20:41.491+0200] {processor.py:840} INFO - DAG(s) 'example_branch_dop_operator_v3' retrieved from /Users/ehabhasan/.venvs/airflow310/lib/python3.10/site-packages/airflow/example_dags/example_branch_python_dop_operator_3.py
[2025-08-19T17:20:41.525+0200] {logging_mixin.py:188} INFO - [2025-08-19T17:20:41.525+0200] {dag.py:3089} INFO - Sync 1 DAGs
[2025-08-19T17:20:41.559+0200] {logging_mixin.py:188} INFO - [2025-08-19T17:20:41.559+0200] {dag.py:3947} INFO - Setting next_dagrun for example_branch_dop_operator_v3 to 2025-08-19 15:19:00+00:00, run_after=2025-08-19 15:20:00+00:00
[2025-08-19T17:20:41.567+0200] {processor.py:183} INFO - Processing /Users/ehabhasan/.venvs/airflow310/lib/python3.10/site-packages/airflow/example_dags/example_branch_python_dop_operator_3.py took 0.092 seconds
[2025-08-19T17:22:33.448+0200] {processor.py:161} INFO - Started process (PID=11689) to work on /Users/ehabhasan/.venvs/airflow310/lib/python3.10/site-packages/airflow/example_dags/example_branch_python_dop_operator_3.py
[2025-08-19T17:22:33.448+0200] {processor.py:830} INFO - Processing file /Users/ehabhasan/.venvs/airflow310/lib/python3.10/site-packages/airflow/example_dags/example_branch_python_dop_operator_3.py for tasks to queue
[2025-08-19T17:22:33.448+0200] {logging_mixin.py:188} INFO - [2025-08-19T17:22:33.448+0200] {dagbag.py:545} INFO - Filling up the DagBag from /Users/ehabhasan/.venvs/airflow310/lib/python3.10/site-packages/airflow/example_dags/example_branch_python_dop_operator_3.py
[2025-08-19T17:22:33.463+0200] {processor.py:840} INFO - DAG(s) 'example_branch_dop_operator_v3' retrieved from /Users/ehabhasan/.venvs/airflow310/lib/python3.10/site-packages/airflow/example_dags/example_branch_python_dop_operator_3.py
[2025-08-19T17:22:33.498+0200] {logging_mixin.py:188} INFO - [2025-08-19T17:22:33.498+0200] {dag.py:3089} INFO - Sync 1 DAGs
[2025-08-19T17:22:33.524+0200] {logging_mixin.py:188} INFO - [2025-08-19T17:22:33.524+0200] {dag.py:3947} INFO - Setting next_dagrun for example_branch_dop_operator_v3 to 2025-08-19 15:21:00+00:00, run_after=2025-08-19 15:22:00+00:00
[2025-08-19T17:22:33.531+0200] {processor.py:183} INFO - Processing /Users/ehabhasan/.venvs/airflow310/lib/python3.10/site-packages/airflow/example_dags/example_branch_python_dop_operator_3.py took 0.085 seconds
[2025-08-19T17:24:18.926+0200] {processor.py:161} INFO - Started process (PID=11770) to work on /Users/ehabhasan/.venvs/airflow310/lib/python3.10/site-packages/airflow/example_dags/example_branch_python_dop_operator_3.py
[2025-08-19T17:24:18.926+0200] {processor.py:830} INFO - Processing file /Users/ehabhasan/.venvs/airflow310/lib/python3.10/site-packages/airflow/example_dags/example_branch_python_dop_operator_3.py for tasks to queue
[2025-08-19T17:24:18.926+0200] {logging_mixin.py:188} INFO - [2025-08-19T17:24:18.926+0200] {dagbag.py:545} INFO - Filling up the DagBag from /Users/ehabhasan/.venvs/airflow310/lib/python3.10/site-packages/airflow/example_dags/example_branch_python_dop_operator_3.py
[2025-08-19T17:24:18.943+0200] {processor.py:840} INFO - DAG(s) 'example_branch_dop_operator_v3' retrieved from /Users/ehabhasan/.venvs/airflow310/lib/python3.10/site-packages/airflow/example_dags/example_branch_python_dop_operator_3.py
[2025-08-19T17:24:18.982+0200] {logging_mixin.py:188} INFO - [2025-08-19T17:24:18.982+0200] {dag.py:3089} INFO - Sync 1 DAGs
[2025-08-19T17:24:19.010+0200] {logging_mixin.py:188} INFO - [2025-08-19T17:24:19.010+0200] {dag.py:3947} INFO - Setting next_dagrun for example_branch_dop_operator_v3 to 2025-08-19 15:23:00+00:00, run_after=2025-08-19 15:24:00+00:00
[2025-08-19T17:24:19.017+0200] {processor.py:183} INFO - Processing /Users/ehabhasan/.venvs/airflow310/lib/python3.10/site-packages/airflow/example_dags/example_branch_python_dop_operator_3.py took 0.093 seconds
[2025-08-19T17:26:04.152+0200] {processor.py:161} INFO - Started process (PID=11852) to work on /Users/ehabhasan/.venvs/airflow310/lib/python3.10/site-packages/airflow/example_dags/example_branch_python_dop_operator_3.py
[2025-08-19T17:26:04.154+0200] {processor.py:830} INFO - Processing file /Users/ehabhasan/.venvs/airflow310/lib/python3.10/site-packages/airflow/example_dags/example_branch_python_dop_operator_3.py for tasks to queue
[2025-08-19T17:26:04.154+0200] {logging_mixin.py:188} INFO - [2025-08-19T17:26:04.154+0200] {dagbag.py:545} INFO - Filling up the DagBag from /Users/ehabhasan/.venvs/airflow310/lib/python3.10/site-packages/airflow/example_dags/example_branch_python_dop_operator_3.py
[2025-08-19T17:26:04.168+0200] {processor.py:840} INFO - DAG(s) 'example_branch_dop_operator_v3' retrieved from /Users/ehabhasan/.venvs/airflow310/lib/python3.10/site-packages/airflow/example_dags/example_branch_python_dop_operator_3.py
[2025-08-19T17:26:04.202+0200] {logging_mixin.py:188} INFO - [2025-08-19T17:26:04.202+0200] {dag.py:3089} INFO - Sync 1 DAGs
[2025-08-19T17:26:04.230+0200] {logging_mixin.py:188} INFO - [2025-08-19T17:26:04.230+0200] {dag.py:3947} INFO - Setting next_dagrun for example_branch_dop_operator_v3 to 2025-08-19 15:25:00+00:00, run_after=2025-08-19 15:26:00+00:00
[2025-08-19T17:26:04.237+0200] {processor.py:183} INFO - Processing /Users/ehabhasan/.venvs/airflow310/lib/python3.10/site-packages/airflow/example_dags/example_branch_python_dop_operator_3.py took 0.086 seconds
[2025-08-19T17:27:55.382+0200] {processor.py:161} INFO - Started process (PID=11933) to work on /Users/ehabhasan/.venvs/airflow310/lib/python3.10/site-packages/airflow/example_dags/example_branch_python_dop_operator_3.py
[2025-08-19T17:27:55.383+0200] {processor.py:830} INFO - Processing file /Users/ehabhasan/.venvs/airflow310/lib/python3.10/site-packages/airflow/example_dags/example_branch_python_dop_operator_3.py for tasks to queue
[2025-08-19T17:27:55.383+0200] {logging_mixin.py:188} INFO - [2025-08-19T17:27:55.383+0200] {dagbag.py:545} INFO - Filling up the DagBag from /Users/ehabhasan/.venvs/airflow310/lib/python3.10/site-packages/airflow/example_dags/example_branch_python_dop_operator_3.py
[2025-08-19T17:27:55.397+0200] {processor.py:840} INFO - DAG(s) 'example_branch_dop_operator_v3' retrieved from /Users/ehabhasan/.venvs/airflow310/lib/python3.10/site-packages/airflow/example_dags/example_branch_python_dop_operator_3.py
[2025-08-19T17:27:55.432+0200] {logging_mixin.py:188} INFO - [2025-08-19T17:27:55.432+0200] {dag.py:3089} INFO - Sync 1 DAGs
[2025-08-19T17:27:55.459+0200] {logging_mixin.py:188} INFO - [2025-08-19T17:27:55.459+0200] {dag.py:3947} INFO - Setting next_dagrun for example_branch_dop_operator_v3 to 2025-08-19 15:26:00+00:00, run_after=2025-08-19 15:27:00+00:00
[2025-08-19T17:27:55.466+0200] {processor.py:183} INFO - Processing /Users/ehabhasan/.venvs/airflow310/lib/python3.10/site-packages/airflow/example_dags/example_branch_python_dop_operator_3.py took 0.086 seconds
[2025-08-19T17:29:45.684+0200] {processor.py:161} INFO - Started process (PID=12089) to work on /Users/ehabhasan/.venvs/airflow310/lib/python3.10/site-packages/airflow/example_dags/example_branch_python_dop_operator_3.py
[2025-08-19T17:29:45.685+0200] {processor.py:830} INFO - Processing file /Users/ehabhasan/.venvs/airflow310/lib/python3.10/site-packages/airflow/example_dags/example_branch_python_dop_operator_3.py for tasks to queue
[2025-08-19T17:29:45.685+0200] {logging_mixin.py:188} INFO - [2025-08-19T17:29:45.685+0200] {dagbag.py:545} INFO - Filling up the DagBag from /Users/ehabhasan/.venvs/airflow310/lib/python3.10/site-packages/airflow/example_dags/example_branch_python_dop_operator_3.py
[2025-08-19T17:29:45.701+0200] {processor.py:840} INFO - DAG(s) 'example_branch_dop_operator_v3' retrieved from /Users/ehabhasan/.venvs/airflow310/lib/python3.10/site-packages/airflow/example_dags/example_branch_python_dop_operator_3.py
[2025-08-19T17:29:45.736+0200] {logging_mixin.py:188} INFO - [2025-08-19T17:29:45.735+0200] {dag.py:3089} INFO - Sync 1 DAGs
[2025-08-19T17:29:45.764+0200] {logging_mixin.py:188} INFO - [2025-08-19T17:29:45.764+0200] {dag.py:3947} INFO - Setting next_dagrun for example_branch_dop_operator_v3 to 2025-08-19 15:28:00+00:00, run_after=2025-08-19 15:29:00+00:00
[2025-08-19T17:29:45.771+0200] {processor.py:183} INFO - Processing /Users/ehabhasan/.venvs/airflow310/lib/python3.10/site-packages/airflow/example_dags/example_branch_python_dop_operator_3.py took 0.089 seconds
[2025-08-19T17:31:36.858+0200] {processor.py:161} INFO - Started process (PID=13943) to work on /Users/ehabhasan/.venvs/airflow310/lib/python3.10/site-packages/airflow/example_dags/example_branch_python_dop_operator_3.py
[2025-08-19T17:31:36.859+0200] {processor.py:830} INFO - Processing file /Users/ehabhasan/.venvs/airflow310/lib/python3.10/site-packages/airflow/example_dags/example_branch_python_dop_operator_3.py for tasks to queue
[2025-08-19T17:31:36.860+0200] {logging_mixin.py:188} INFO - [2025-08-19T17:31:36.860+0200] {dagbag.py:545} INFO - Filling up the DagBag from /Users/ehabhasan/.venvs/airflow310/lib/python3.10/site-packages/airflow/example_dags/example_branch_python_dop_operator_3.py
[2025-08-19T17:31:36.874+0200] {processor.py:840} INFO - DAG(s) 'example_branch_dop_operator_v3' retrieved from /Users/ehabhasan/.venvs/airflow310/lib/python3.10/site-packages/airflow/example_dags/example_branch_python_dop_operator_3.py
[2025-08-19T17:31:36.910+0200] {logging_mixin.py:188} INFO - [2025-08-19T17:31:36.910+0200] {dag.py:3089} INFO - Sync 1 DAGs
[2025-08-19T17:31:36.938+0200] {logging_mixin.py:188} INFO - [2025-08-19T17:31:36.938+0200] {dag.py:3947} INFO - Setting next_dagrun for example_branch_dop_operator_v3 to 2025-08-19 15:30:00+00:00, run_after=2025-08-19 15:31:00+00:00
[2025-08-19T17:31:36.944+0200] {processor.py:183} INFO - Processing /Users/ehabhasan/.venvs/airflow310/lib/python3.10/site-packages/airflow/example_dags/example_branch_python_dop_operator_3.py took 0.088 seconds
[2025-08-19T17:33:28.271+0200] {processor.py:161} INFO - Started process (PID=14205) to work on /Users/ehabhasan/.venvs/airflow310/lib/python3.10/site-packages/airflow/example_dags/example_branch_python_dop_operator_3.py
[2025-08-19T17:33:28.272+0200] {processor.py:830} INFO - Processing file /Users/ehabhasan/.venvs/airflow310/lib/python3.10/site-packages/airflow/example_dags/example_branch_python_dop_operator_3.py for tasks to queue
[2025-08-19T17:33:28.272+0200] {logging_mixin.py:188} INFO - [2025-08-19T17:33:28.272+0200] {dagbag.py:545} INFO - Filling up the DagBag from /Users/ehabhasan/.venvs/airflow310/lib/python3.10/site-packages/airflow/example_dags/example_branch_python_dop_operator_3.py
[2025-08-19T17:33:28.286+0200] {processor.py:840} INFO - DAG(s) 'example_branch_dop_operator_v3' retrieved from /Users/ehabhasan/.venvs/airflow310/lib/python3.10/site-packages/airflow/example_dags/example_branch_python_dop_operator_3.py
[2025-08-19T17:33:28.322+0200] {logging_mixin.py:188} INFO - [2025-08-19T17:33:28.322+0200] {dag.py:3089} INFO - Sync 1 DAGs
[2025-08-19T17:33:28.349+0200] {logging_mixin.py:188} INFO - [2025-08-19T17:33:28.349+0200] {dag.py:3947} INFO - Setting next_dagrun for example_branch_dop_operator_v3 to 2025-08-19 15:32:00+00:00, run_after=2025-08-19 15:33:00+00:00
[2025-08-19T17:33:28.356+0200] {processor.py:183} INFO - Processing /Users/ehabhasan/.venvs/airflow310/lib/python3.10/site-packages/airflow/example_dags/example_branch_python_dop_operator_3.py took 0.086 seconds
[2025-08-19T17:35:12.992+0200] {processor.py:161} INFO - Started process (PID=14386) to work on /Users/ehabhasan/.venvs/airflow310/lib/python3.10/site-packages/airflow/example_dags/example_branch_python_dop_operator_3.py
[2025-08-19T17:35:12.993+0200] {processor.py:830} INFO - Processing file /Users/ehabhasan/.venvs/airflow310/lib/python3.10/site-packages/airflow/example_dags/example_branch_python_dop_operator_3.py for tasks to queue
[2025-08-19T17:35:12.993+0200] {logging_mixin.py:188} INFO - [2025-08-19T17:35:12.993+0200] {dagbag.py:545} INFO - Filling up the DagBag from /Users/ehabhasan/.venvs/airflow310/lib/python3.10/site-packages/airflow/example_dags/example_branch_python_dop_operator_3.py
[2025-08-19T17:35:13.008+0200] {processor.py:840} INFO - DAG(s) 'example_branch_dop_operator_v3' retrieved from /Users/ehabhasan/.venvs/airflow310/lib/python3.10/site-packages/airflow/example_dags/example_branch_python_dop_operator_3.py
[2025-08-19T17:35:13.045+0200] {logging_mixin.py:188} INFO - [2025-08-19T17:35:13.044+0200] {dag.py:3089} INFO - Sync 1 DAGs
[2025-08-19T17:35:13.073+0200] {logging_mixin.py:188} INFO - [2025-08-19T17:35:13.073+0200] {dag.py:3947} INFO - Setting next_dagrun for example_branch_dop_operator_v3 to 2025-08-19 15:34:00+00:00, run_after=2025-08-19 15:35:00+00:00
[2025-08-19T17:35:13.080+0200] {processor.py:183} INFO - Processing /Users/ehabhasan/.venvs/airflow310/lib/python3.10/site-packages/airflow/example_dags/example_branch_python_dop_operator_3.py took 0.089 seconds
[2025-08-19T17:37:08.211+0200] {processor.py:161} INFO - Started process (PID=14526) to work on /Users/ehabhasan/.venvs/airflow310/lib/python3.10/site-packages/airflow/example_dags/example_branch_python_dop_operator_3.py
[2025-08-19T17:37:08.211+0200] {processor.py:830} INFO - Processing file /Users/ehabhasan/.venvs/airflow310/lib/python3.10/site-packages/airflow/example_dags/example_branch_python_dop_operator_3.py for tasks to queue
[2025-08-19T17:37:08.212+0200] {logging_mixin.py:188} INFO - [2025-08-19T17:37:08.212+0200] {dagbag.py:545} INFO - Filling up the DagBag from /Users/ehabhasan/.venvs/airflow310/lib/python3.10/site-packages/airflow/example_dags/example_branch_python_dop_operator_3.py
[2025-08-19T17:37:08.229+0200] {processor.py:840} INFO - DAG(s) 'example_branch_dop_operator_v3' retrieved from /Users/ehabhasan/.venvs/airflow310/lib/python3.10/site-packages/airflow/example_dags/example_branch_python_dop_operator_3.py
[2025-08-19T17:37:08.270+0200] {logging_mixin.py:188} INFO - [2025-08-19T17:37:08.270+0200] {dag.py:3089} INFO - Sync 1 DAGs
[2025-08-19T17:37:08.304+0200] {logging_mixin.py:188} INFO - [2025-08-19T17:37:08.304+0200] {dag.py:3947} INFO - Setting next_dagrun for example_branch_dop_operator_v3 to 2025-08-19 15:36:00+00:00, run_after=2025-08-19 15:37:00+00:00
[2025-08-19T17:37:08.311+0200] {processor.py:183} INFO - Processing /Users/ehabhasan/.venvs/airflow310/lib/python3.10/site-packages/airflow/example_dags/example_branch_python_dop_operator_3.py took 0.102 seconds
[2025-08-19T17:39:08.494+0200] {processor.py:161} INFO - Started process (PID=14746) to work on /Users/ehabhasan/.venvs/airflow310/lib/python3.10/site-packages/airflow/example_dags/example_branch_python_dop_operator_3.py
[2025-08-19T17:39:08.494+0200] {processor.py:830} INFO - Processing file /Users/ehabhasan/.venvs/airflow310/lib/python3.10/site-packages/airflow/example_dags/example_branch_python_dop_operator_3.py for tasks to queue
[2025-08-19T17:39:08.494+0200] {logging_mixin.py:188} INFO - [2025-08-19T17:39:08.494+0200] {dagbag.py:545} INFO - Filling up the DagBag from /Users/ehabhasan/.venvs/airflow310/lib/python3.10/site-packages/airflow/example_dags/example_branch_python_dop_operator_3.py
[2025-08-19T17:39:08.508+0200] {processor.py:840} INFO - DAG(s) 'example_branch_dop_operator_v3' retrieved from /Users/ehabhasan/.venvs/airflow310/lib/python3.10/site-packages/airflow/example_dags/example_branch_python_dop_operator_3.py
[2025-08-19T17:39:08.542+0200] {logging_mixin.py:188} INFO - [2025-08-19T17:39:08.542+0200] {dag.py:3089} INFO - Sync 1 DAGs
[2025-08-19T17:39:08.569+0200] {logging_mixin.py:188} INFO - [2025-08-19T17:39:08.569+0200] {dag.py:3947} INFO - Setting next_dagrun for example_branch_dop_operator_v3 to 2025-08-19 15:38:00+00:00, run_after=2025-08-19 15:39:00+00:00
[2025-08-19T17:39:08.576+0200] {processor.py:183} INFO - Processing /Users/ehabhasan/.venvs/airflow310/lib/python3.10/site-packages/airflow/example_dags/example_branch_python_dop_operator_3.py took 0.084 seconds
[2025-08-19T17:44:46.073+0200] {processor.py:161} INFO - Started process (PID=14930) to work on /Users/ehabhasan/.venvs/airflow310/lib/python3.10/site-packages/airflow/example_dags/example_branch_python_dop_operator_3.py
[2025-08-19T17:44:46.074+0200] {processor.py:830} INFO - Processing file /Users/ehabhasan/.venvs/airflow310/lib/python3.10/site-packages/airflow/example_dags/example_branch_python_dop_operator_3.py for tasks to queue
[2025-08-19T17:44:46.074+0200] {logging_mixin.py:188} INFO - [2025-08-19T17:44:46.074+0200] {dagbag.py:545} INFO - Filling up the DagBag from /Users/ehabhasan/.venvs/airflow310/lib/python3.10/site-packages/airflow/example_dags/example_branch_python_dop_operator_3.py
[2025-08-19T17:44:46.088+0200] {processor.py:840} INFO - DAG(s) 'example_branch_dop_operator_v3' retrieved from /Users/ehabhasan/.venvs/airflow310/lib/python3.10/site-packages/airflow/example_dags/example_branch_python_dop_operator_3.py
[2025-08-19T17:44:46.123+0200] {logging_mixin.py:188} INFO - [2025-08-19T17:44:46.123+0200] {dag.py:3089} INFO - Sync 1 DAGs
[2025-08-19T17:44:46.150+0200] {logging_mixin.py:188} INFO - [2025-08-19T17:44:46.150+0200] {dag.py:3947} INFO - Setting next_dagrun for example_branch_dop_operator_v3 to 2025-08-19 15:43:00+00:00, run_after=2025-08-19 15:44:00+00:00
[2025-08-19T17:44:46.157+0200] {processor.py:183} INFO - Processing /Users/ehabhasan/.venvs/airflow310/lib/python3.10/site-packages/airflow/example_dags/example_branch_python_dop_operator_3.py took 0.085 seconds
[2025-08-19T17:46:47.030+0200] {processor.py:161} INFO - Started process (PID=15033) to work on /Users/ehabhasan/.venvs/airflow310/lib/python3.10/site-packages/airflow/example_dags/example_branch_python_dop_operator_3.py
[2025-08-19T17:46:47.030+0200] {processor.py:830} INFO - Processing file /Users/ehabhasan/.venvs/airflow310/lib/python3.10/site-packages/airflow/example_dags/example_branch_python_dop_operator_3.py for tasks to queue
[2025-08-19T17:46:47.031+0200] {logging_mixin.py:188} INFO - [2025-08-19T17:46:47.031+0200] {dagbag.py:545} INFO - Filling up the DagBag from /Users/ehabhasan/.venvs/airflow310/lib/python3.10/site-packages/airflow/example_dags/example_branch_python_dop_operator_3.py
[2025-08-19T17:46:47.045+0200] {processor.py:840} INFO - DAG(s) 'example_branch_dop_operator_v3' retrieved from /Users/ehabhasan/.venvs/airflow310/lib/python3.10/site-packages/airflow/example_dags/example_branch_python_dop_operator_3.py
[2025-08-19T17:46:47.080+0200] {logging_mixin.py:188} INFO - [2025-08-19T17:46:47.080+0200] {dag.py:3089} INFO - Sync 1 DAGs
[2025-08-19T17:46:47.107+0200] {logging_mixin.py:188} INFO - [2025-08-19T17:46:47.107+0200] {dag.py:3947} INFO - Setting next_dagrun for example_branch_dop_operator_v3 to 2025-08-19 15:45:00+00:00, run_after=2025-08-19 15:46:00+00:00
[2025-08-19T17:46:47.115+0200] {processor.py:183} INFO - Processing /Users/ehabhasan/.venvs/airflow310/lib/python3.10/site-packages/airflow/example_dags/example_branch_python_dop_operator_3.py took 0.086 seconds
[2025-08-19T17:48:44.912+0200] {processor.py:161} INFO - Started process (PID=15125) to work on /Users/ehabhasan/.venvs/airflow310/lib/python3.10/site-packages/airflow/example_dags/example_branch_python_dop_operator_3.py
[2025-08-19T17:48:44.913+0200] {processor.py:830} INFO - Processing file /Users/ehabhasan/.venvs/airflow310/lib/python3.10/site-packages/airflow/example_dags/example_branch_python_dop_operator_3.py for tasks to queue
[2025-08-19T17:48:44.913+0200] {logging_mixin.py:188} INFO - [2025-08-19T17:48:44.913+0200] {dagbag.py:545} INFO - Filling up the DagBag from /Users/ehabhasan/.venvs/airflow310/lib/python3.10/site-packages/airflow/example_dags/example_branch_python_dop_operator_3.py
[2025-08-19T17:48:44.928+0200] {processor.py:840} INFO - DAG(s) 'example_branch_dop_operator_v3' retrieved from /Users/ehabhasan/.venvs/airflow310/lib/python3.10/site-packages/airflow/example_dags/example_branch_python_dop_operator_3.py
[2025-08-19T17:48:44.963+0200] {logging_mixin.py:188} INFO - [2025-08-19T17:48:44.963+0200] {dag.py:3089} INFO - Sync 1 DAGs
[2025-08-19T17:48:44.990+0200] {logging_mixin.py:188} INFO - [2025-08-19T17:48:44.990+0200] {dag.py:3947} INFO - Setting next_dagrun for example_branch_dop_operator_v3 to 2025-08-19 15:47:00+00:00, run_after=2025-08-19 15:48:00+00:00
[2025-08-19T17:48:44.997+0200] {processor.py:183} INFO - Processing /Users/ehabhasan/.venvs/airflow310/lib/python3.10/site-packages/airflow/example_dags/example_branch_python_dop_operator_3.py took 0.086 seconds
