[2025-08-19T16:48:30.567+0200] {processor.py:161} INFO - Started process (PID=7643) to work on /Users/ehabhasan/.venvs/airflow310/lib/python3.10/site-packages/airflow/example_dags/example_python_operator.py
[2025-08-19T16:48:30.567+0200] {processor.py:830} INFO - Processing file /Users/ehabhasan/.venvs/airflow310/lib/python3.10/site-packages/airflow/example_dags/example_python_operator.py for tasks to queue
[2025-08-19T16:48:30.567+0200] {logging_mixin.py:188} INFO - [2025-08-19T16:48:30.567+0200] {dagbag.py:545} INFO - Filling up the DagBag from /Users/ehabhasan/.venvs/airflow310/lib/python3.10/site-packages/airflow/example_dags/example_python_operator.py
[2025-08-19T16:48:30.577+0200] {logging_mixin.py:188} INFO - [2025-08-19T16:48:30.577+0200] {example_python_operator.py:93} WARNING - The virtalenv_python example task requires virtualenv, please install it.
[2025-08-19T16:48:30.578+0200] {processor.py:840} INFO - DAG(s) 'example_python_operator' retrieved from /Users/ehabhasan/.venvs/airflow310/lib/python3.10/site-packages/airflow/example_dags/example_python_operator.py
[2025-08-19T16:48:30.661+0200] {logging_mixin.py:188} INFO - [2025-08-19T16:48:30.661+0200] {dag.py:3089} INFO - Sync 1 DAGs
[2025-08-19T16:48:30.664+0200] {logging_mixin.py:188} INFO - [2025-08-19T16:48:30.664+0200] {dag.py:3947} INFO - Setting next_dagrun for example_python_operator to None, run_after=None
[2025-08-19T16:48:30.671+0200] {processor.py:183} INFO - Processing /Users/ehabhasan/.venvs/airflow310/lib/python3.10/site-packages/airflow/example_dags/example_python_operator.py took 0.105 seconds
[2025-08-19T16:49:49.112+0200] {processor.py:161} INFO - Started process (PID=7702) to work on /Users/ehabhasan/.venvs/airflow310/lib/python3.10/site-packages/airflow/example_dags/example_python_operator.py
[2025-08-19T16:49:49.112+0200] {processor.py:830} INFO - Processing file /Users/ehabhasan/.venvs/airflow310/lib/python3.10/site-packages/airflow/example_dags/example_python_operator.py for tasks to queue
[2025-08-19T16:49:49.112+0200] {logging_mixin.py:188} INFO - [2025-08-19T16:49:49.112+0200] {dagbag.py:545} INFO - Filling up the DagBag from /Users/ehabhasan/.venvs/airflow310/lib/python3.10/site-packages/airflow/example_dags/example_python_operator.py
[2025-08-19T16:49:49.121+0200] {logging_mixin.py:188} INFO - [2025-08-19T16:49:49.121+0200] {example_python_operator.py:93} WARNING - The virtalenv_python example task requires virtualenv, please install it.
[2025-08-19T16:49:49.122+0200] {processor.py:840} INFO - DAG(s) 'example_python_operator' retrieved from /Users/ehabhasan/.venvs/airflow310/lib/python3.10/site-packages/airflow/example_dags/example_python_operator.py
[2025-08-19T16:49:49.157+0200] {logging_mixin.py:188} INFO - [2025-08-19T16:49:49.157+0200] {dag.py:3089} INFO - Sync 1 DAGs
[2025-08-19T16:49:49.161+0200] {logging_mixin.py:188} INFO - [2025-08-19T16:49:49.161+0200] {dag.py:3947} INFO - Setting next_dagrun for example_python_operator to None, run_after=None
[2025-08-19T16:49:49.187+0200] {processor.py:183} INFO - Processing /Users/ehabhasan/.venvs/airflow310/lib/python3.10/site-packages/airflow/example_dags/example_python_operator.py took 0.078 seconds
[2025-08-19T16:51:21.680+0200] {processor.py:161} INFO - Started process (PID=7772) to work on /Users/ehabhasan/.venvs/airflow310/lib/python3.10/site-packages/airflow/example_dags/example_python_operator.py
[2025-08-19T16:51:21.680+0200] {processor.py:830} INFO - Processing file /Users/ehabhasan/.venvs/airflow310/lib/python3.10/site-packages/airflow/example_dags/example_python_operator.py for tasks to queue
[2025-08-19T16:51:21.681+0200] {logging_mixin.py:188} INFO - [2025-08-19T16:51:21.680+0200] {dagbag.py:545} INFO - Filling up the DagBag from /Users/ehabhasan/.venvs/airflow310/lib/python3.10/site-packages/airflow/example_dags/example_python_operator.py
[2025-08-19T16:51:21.689+0200] {logging_mixin.py:188} INFO - [2025-08-19T16:51:21.689+0200] {example_python_operator.py:93} WARNING - The virtalenv_python example task requires virtualenv, please install it.
[2025-08-19T16:51:21.690+0200] {processor.py:840} INFO - DAG(s) 'example_python_operator' retrieved from /Users/ehabhasan/.venvs/airflow310/lib/python3.10/site-packages/airflow/example_dags/example_python_operator.py
[2025-08-19T16:51:21.725+0200] {logging_mixin.py:188} INFO - [2025-08-19T16:51:21.724+0200] {dag.py:3089} INFO - Sync 1 DAGs
[2025-08-19T16:51:21.728+0200] {logging_mixin.py:188} INFO - [2025-08-19T16:51:21.728+0200] {dag.py:3947} INFO - Setting next_dagrun for example_python_operator to None, run_after=None
[2025-08-19T16:51:21.754+0200] {processor.py:183} INFO - Processing /Users/ehabhasan/.venvs/airflow310/lib/python3.10/site-packages/airflow/example_dags/example_python_operator.py took 0.076 seconds
[2025-08-19T16:53:01.920+0200] {processor.py:161} INFO - Started process (PID=7848) to work on /Users/ehabhasan/.venvs/airflow310/lib/python3.10/site-packages/airflow/example_dags/example_python_operator.py
[2025-08-19T16:53:01.920+0200] {processor.py:830} INFO - Processing file /Users/ehabhasan/.venvs/airflow310/lib/python3.10/site-packages/airflow/example_dags/example_python_operator.py for tasks to queue
[2025-08-19T16:53:01.921+0200] {logging_mixin.py:188} INFO - [2025-08-19T16:53:01.921+0200] {dagbag.py:545} INFO - Filling up the DagBag from /Users/ehabhasan/.venvs/airflow310/lib/python3.10/site-packages/airflow/example_dags/example_python_operator.py
[2025-08-19T16:53:01.929+0200] {logging_mixin.py:188} INFO - [2025-08-19T16:53:01.929+0200] {example_python_operator.py:93} WARNING - The virtalenv_python example task requires virtualenv, please install it.
[2025-08-19T16:53:01.930+0200] {processor.py:840} INFO - DAG(s) 'example_python_operator' retrieved from /Users/ehabhasan/.venvs/airflow310/lib/python3.10/site-packages/airflow/example_dags/example_python_operator.py
[2025-08-19T16:53:01.965+0200] {logging_mixin.py:188} INFO - [2025-08-19T16:53:01.965+0200] {dag.py:3089} INFO - Sync 1 DAGs
[2025-08-19T16:53:01.968+0200] {logging_mixin.py:188} INFO - [2025-08-19T16:53:01.968+0200] {dag.py:3947} INFO - Setting next_dagrun for example_python_operator to None, run_after=None
[2025-08-19T16:53:01.994+0200] {processor.py:183} INFO - Processing /Users/ehabhasan/.venvs/airflow310/lib/python3.10/site-packages/airflow/example_dags/example_python_operator.py took 0.076 seconds
[2025-08-19T16:54:38.434+0200] {processor.py:161} INFO - Started process (PID=7955) to work on /Users/ehabhasan/.venvs/airflow310/lib/python3.10/site-packages/airflow/example_dags/example_python_operator.py
[2025-08-19T16:54:38.435+0200] {processor.py:830} INFO - Processing file /Users/ehabhasan/.venvs/airflow310/lib/python3.10/site-packages/airflow/example_dags/example_python_operator.py for tasks to queue
[2025-08-19T16:54:38.435+0200] {logging_mixin.py:188} INFO - [2025-08-19T16:54:38.435+0200] {dagbag.py:545} INFO - Filling up the DagBag from /Users/ehabhasan/.venvs/airflow310/lib/python3.10/site-packages/airflow/example_dags/example_python_operator.py
[2025-08-19T16:54:38.444+0200] {logging_mixin.py:188} INFO - [2025-08-19T16:54:38.444+0200] {example_python_operator.py:93} WARNING - The virtalenv_python example task requires virtualenv, please install it.
[2025-08-19T16:54:38.445+0200] {processor.py:840} INFO - DAG(s) 'example_python_operator' retrieved from /Users/ehabhasan/.venvs/airflow310/lib/python3.10/site-packages/airflow/example_dags/example_python_operator.py
[2025-08-19T16:54:38.479+0200] {logging_mixin.py:188} INFO - [2025-08-19T16:54:38.479+0200] {dag.py:3089} INFO - Sync 1 DAGs
[2025-08-19T16:54:38.483+0200] {logging_mixin.py:188} INFO - [2025-08-19T16:54:38.482+0200] {dag.py:3947} INFO - Setting next_dagrun for example_python_operator to None, run_after=None
[2025-08-19T16:54:38.509+0200] {processor.py:183} INFO - Processing /Users/ehabhasan/.venvs/airflow310/lib/python3.10/site-packages/airflow/example_dags/example_python_operator.py took 0.077 seconds
[2025-08-19T16:56:17.653+0200] {processor.py:161} INFO - Started process (PID=8028) to work on /Users/ehabhasan/.venvs/airflow310/lib/python3.10/site-packages/airflow/example_dags/example_python_operator.py
[2025-08-19T16:56:17.653+0200] {processor.py:830} INFO - Processing file /Users/ehabhasan/.venvs/airflow310/lib/python3.10/site-packages/airflow/example_dags/example_python_operator.py for tasks to queue
[2025-08-19T16:56:17.654+0200] {logging_mixin.py:188} INFO - [2025-08-19T16:56:17.654+0200] {dagbag.py:545} INFO - Filling up the DagBag from /Users/ehabhasan/.venvs/airflow310/lib/python3.10/site-packages/airflow/example_dags/example_python_operator.py
[2025-08-19T16:56:17.663+0200] {logging_mixin.py:188} INFO - [2025-08-19T16:56:17.663+0200] {example_python_operator.py:93} WARNING - The virtalenv_python example task requires virtualenv, please install it.
[2025-08-19T16:56:17.664+0200] {processor.py:840} INFO - DAG(s) 'example_python_operator' retrieved from /Users/ehabhasan/.venvs/airflow310/lib/python3.10/site-packages/airflow/example_dags/example_python_operator.py
[2025-08-19T16:56:17.699+0200] {logging_mixin.py:188} INFO - [2025-08-19T16:56:17.699+0200] {dag.py:3089} INFO - Sync 1 DAGs
[2025-08-19T16:56:17.702+0200] {logging_mixin.py:188} INFO - [2025-08-19T16:56:17.702+0200] {dag.py:3947} INFO - Setting next_dagrun for example_python_operator to None, run_after=None
[2025-08-19T16:56:17.729+0200] {processor.py:183} INFO - Processing /Users/ehabhasan/.venvs/airflow310/lib/python3.10/site-packages/airflow/example_dags/example_python_operator.py took 0.077 seconds
[2025-08-19T16:58:00.719+0200] {processor.py:161} INFO - Started process (PID=8105) to work on /Users/ehabhasan/.venvs/airflow310/lib/python3.10/site-packages/airflow/example_dags/example_python_operator.py
[2025-08-19T16:58:00.720+0200] {processor.py:830} INFO - Processing file /Users/ehabhasan/.venvs/airflow310/lib/python3.10/site-packages/airflow/example_dags/example_python_operator.py for tasks to queue
[2025-08-19T16:58:00.721+0200] {logging_mixin.py:188} INFO - [2025-08-19T16:58:00.721+0200] {dagbag.py:545} INFO - Filling up the DagBag from /Users/ehabhasan/.venvs/airflow310/lib/python3.10/site-packages/airflow/example_dags/example_python_operator.py
[2025-08-19T16:58:00.729+0200] {logging_mixin.py:188} INFO - [2025-08-19T16:58:00.729+0200] {example_python_operator.py:93} WARNING - The virtalenv_python example task requires virtualenv, please install it.
[2025-08-19T16:58:00.731+0200] {processor.py:840} INFO - DAG(s) 'example_python_operator' retrieved from /Users/ehabhasan/.venvs/airflow310/lib/python3.10/site-packages/airflow/example_dags/example_python_operator.py
[2025-08-19T16:58:00.765+0200] {logging_mixin.py:188} INFO - [2025-08-19T16:58:00.765+0200] {dag.py:3089} INFO - Sync 1 DAGs
[2025-08-19T16:58:00.768+0200] {logging_mixin.py:188} INFO - [2025-08-19T16:58:00.768+0200] {dag.py:3947} INFO - Setting next_dagrun for example_python_operator to None, run_after=None
[2025-08-19T16:58:00.795+0200] {processor.py:183} INFO - Processing /Users/ehabhasan/.venvs/airflow310/lib/python3.10/site-packages/airflow/example_dags/example_python_operator.py took 0.078 seconds
[2025-08-19T17:00:10.610+0200] {processor.py:161} INFO - Started process (PID=8216) to work on /Users/ehabhasan/.venvs/airflow310/lib/python3.10/site-packages/airflow/example_dags/example_python_operator.py
[2025-08-19T17:00:10.610+0200] {processor.py:830} INFO - Processing file /Users/ehabhasan/.venvs/airflow310/lib/python3.10/site-packages/airflow/example_dags/example_python_operator.py for tasks to queue
[2025-08-19T17:00:10.611+0200] {logging_mixin.py:188} INFO - [2025-08-19T17:00:10.610+0200] {dagbag.py:545} INFO - Filling up the DagBag from /Users/ehabhasan/.venvs/airflow310/lib/python3.10/site-packages/airflow/example_dags/example_python_operator.py
[2025-08-19T17:00:10.620+0200] {logging_mixin.py:188} INFO - [2025-08-19T17:00:10.620+0200] {example_python_operator.py:93} WARNING - The virtalenv_python example task requires virtualenv, please install it.
[2025-08-19T17:00:10.621+0200] {processor.py:840} INFO - DAG(s) 'example_python_operator' retrieved from /Users/ehabhasan/.venvs/airflow310/lib/python3.10/site-packages/airflow/example_dags/example_python_operator.py
[2025-08-19T17:00:10.659+0200] {logging_mixin.py:188} INFO - [2025-08-19T17:00:10.659+0200] {dag.py:3089} INFO - Sync 1 DAGs
[2025-08-19T17:00:10.664+0200] {logging_mixin.py:188} INFO - [2025-08-19T17:00:10.664+0200] {dag.py:3947} INFO - Setting next_dagrun for example_python_operator to None, run_after=None
[2025-08-19T17:00:10.691+0200] {processor.py:183} INFO - Processing /Users/ehabhasan/.venvs/airflow310/lib/python3.10/site-packages/airflow/example_dags/example_python_operator.py took 0.084 seconds
[2025-08-19T17:01:59.499+0200] {processor.py:161} INFO - Started process (PID=8300) to work on /Users/ehabhasan/.venvs/airflow310/lib/python3.10/site-packages/airflow/example_dags/example_python_operator.py
[2025-08-19T17:01:59.500+0200] {processor.py:830} INFO - Processing file /Users/ehabhasan/.venvs/airflow310/lib/python3.10/site-packages/airflow/example_dags/example_python_operator.py for tasks to queue
[2025-08-19T17:01:59.500+0200] {logging_mixin.py:188} INFO - [2025-08-19T17:01:59.500+0200] {dagbag.py:545} INFO - Filling up the DagBag from /Users/ehabhasan/.venvs/airflow310/lib/python3.10/site-packages/airflow/example_dags/example_python_operator.py
[2025-08-19T17:01:59.509+0200] {logging_mixin.py:188} INFO - [2025-08-19T17:01:59.509+0200] {example_python_operator.py:93} WARNING - The virtalenv_python example task requires virtualenv, please install it.
[2025-08-19T17:01:59.510+0200] {processor.py:840} INFO - DAG(s) 'example_python_operator' retrieved from /Users/ehabhasan/.venvs/airflow310/lib/python3.10/site-packages/airflow/example_dags/example_python_operator.py
[2025-08-19T17:01:59.545+0200] {logging_mixin.py:188} INFO - [2025-08-19T17:01:59.545+0200] {dag.py:3089} INFO - Sync 1 DAGs
[2025-08-19T17:01:59.548+0200] {logging_mixin.py:188} INFO - [2025-08-19T17:01:59.548+0200] {dag.py:3947} INFO - Setting next_dagrun for example_python_operator to None, run_after=None
[2025-08-19T17:01:59.575+0200] {processor.py:183} INFO - Processing /Users/ehabhasan/.venvs/airflow310/lib/python3.10/site-packages/airflow/example_dags/example_python_operator.py took 0.077 seconds
[2025-08-19T17:03:36.604+0200] {processor.py:161} INFO - Started process (PID=8671) to work on /Users/ehabhasan/.venvs/airflow310/lib/python3.10/site-packages/airflow/example_dags/example_python_operator.py
[2025-08-19T17:03:36.605+0200] {processor.py:830} INFO - Processing file /Users/ehabhasan/.venvs/airflow310/lib/python3.10/site-packages/airflow/example_dags/example_python_operator.py for tasks to queue
[2025-08-19T17:03:36.605+0200] {logging_mixin.py:188} INFO - [2025-08-19T17:03:36.605+0200] {dagbag.py:545} INFO - Filling up the DagBag from /Users/ehabhasan/.venvs/airflow310/lib/python3.10/site-packages/airflow/example_dags/example_python_operator.py
[2025-08-19T17:03:36.614+0200] {logging_mixin.py:188} INFO - [2025-08-19T17:03:36.614+0200] {example_python_operator.py:93} WARNING - The virtalenv_python example task requires virtualenv, please install it.
[2025-08-19T17:03:36.615+0200] {processor.py:840} INFO - DAG(s) 'example_python_operator' retrieved from /Users/ehabhasan/.venvs/airflow310/lib/python3.10/site-packages/airflow/example_dags/example_python_operator.py
[2025-08-19T17:03:36.651+0200] {logging_mixin.py:188} INFO - [2025-08-19T17:03:36.651+0200] {dag.py:3089} INFO - Sync 1 DAGs
[2025-08-19T17:03:36.654+0200] {logging_mixin.py:188} INFO - [2025-08-19T17:03:36.654+0200] {dag.py:3947} INFO - Setting next_dagrun for example_python_operator to None, run_after=None
[2025-08-19T17:03:36.682+0200] {processor.py:183} INFO - Processing /Users/ehabhasan/.venvs/airflow310/lib/python3.10/site-packages/airflow/example_dags/example_python_operator.py took 0.080 seconds
[2025-08-19T17:05:16.709+0200] {processor.py:161} INFO - Started process (PID=8981) to work on /Users/ehabhasan/.venvs/airflow310/lib/python3.10/site-packages/airflow/example_dags/example_python_operator.py
[2025-08-19T17:05:16.709+0200] {processor.py:830} INFO - Processing file /Users/ehabhasan/.venvs/airflow310/lib/python3.10/site-packages/airflow/example_dags/example_python_operator.py for tasks to queue
[2025-08-19T17:05:16.710+0200] {logging_mixin.py:188} INFO - [2025-08-19T17:05:16.709+0200] {dagbag.py:545} INFO - Filling up the DagBag from /Users/ehabhasan/.venvs/airflow310/lib/python3.10/site-packages/airflow/example_dags/example_python_operator.py
[2025-08-19T17:05:16.718+0200] {logging_mixin.py:188} INFO - [2025-08-19T17:05:16.718+0200] {example_python_operator.py:93} WARNING - The virtalenv_python example task requires virtualenv, please install it.
[2025-08-19T17:05:16.719+0200] {processor.py:840} INFO - DAG(s) 'example_python_operator' retrieved from /Users/ehabhasan/.venvs/airflow310/lib/python3.10/site-packages/airflow/example_dags/example_python_operator.py
[2025-08-19T17:05:16.756+0200] {logging_mixin.py:188} INFO - [2025-08-19T17:05:16.756+0200] {dag.py:3089} INFO - Sync 1 DAGs
[2025-08-19T17:05:16.760+0200] {logging_mixin.py:188} INFO - [2025-08-19T17:05:16.760+0200] {dag.py:3947} INFO - Setting next_dagrun for example_python_operator to None, run_after=None
[2025-08-19T17:05:16.788+0200] {processor.py:183} INFO - Processing /Users/ehabhasan/.venvs/airflow310/lib/python3.10/site-packages/airflow/example_dags/example_python_operator.py took 0.080 seconds
[2025-08-19T17:07:04.882+0200] {processor.py:161} INFO - Started process (PID=9468) to work on /Users/ehabhasan/.venvs/airflow310/lib/python3.10/site-packages/airflow/example_dags/example_python_operator.py
[2025-08-19T17:07:04.882+0200] {processor.py:830} INFO - Processing file /Users/ehabhasan/.venvs/airflow310/lib/python3.10/site-packages/airflow/example_dags/example_python_operator.py for tasks to queue
[2025-08-19T17:07:04.883+0200] {logging_mixin.py:188} INFO - [2025-08-19T17:07:04.883+0200] {dagbag.py:545} INFO - Filling up the DagBag from /Users/ehabhasan/.venvs/airflow310/lib/python3.10/site-packages/airflow/example_dags/example_python_operator.py
[2025-08-19T17:07:04.891+0200] {logging_mixin.py:188} INFO - [2025-08-19T17:07:04.891+0200] {example_python_operator.py:93} WARNING - The virtalenv_python example task requires virtualenv, please install it.
[2025-08-19T17:07:04.892+0200] {processor.py:840} INFO - DAG(s) 'example_python_operator' retrieved from /Users/ehabhasan/.venvs/airflow310/lib/python3.10/site-packages/airflow/example_dags/example_python_operator.py
[2025-08-19T17:07:04.930+0200] {logging_mixin.py:188} INFO - [2025-08-19T17:07:04.930+0200] {dag.py:3089} INFO - Sync 1 DAGs
[2025-08-19T17:07:04.933+0200] {logging_mixin.py:188} INFO - [2025-08-19T17:07:04.933+0200] {dag.py:3947} INFO - Setting next_dagrun for example_python_operator to None, run_after=None
[2025-08-19T17:07:04.964+0200] {processor.py:183} INFO - Processing /Users/ehabhasan/.venvs/airflow310/lib/python3.10/site-packages/airflow/example_dags/example_python_operator.py took 0.084 seconds
[2025-08-19T17:08:50.984+0200] {processor.py:161} INFO - Started process (PID=10167) to work on /Users/ehabhasan/.venvs/airflow310/lib/python3.10/site-packages/airflow/example_dags/example_python_operator.py
[2025-08-19T17:08:50.985+0200] {processor.py:830} INFO - Processing file /Users/ehabhasan/.venvs/airflow310/lib/python3.10/site-packages/airflow/example_dags/example_python_operator.py for tasks to queue
[2025-08-19T17:08:50.985+0200] {logging_mixin.py:188} INFO - [2025-08-19T17:08:50.985+0200] {dagbag.py:545} INFO - Filling up the DagBag from /Users/ehabhasan/.venvs/airflow310/lib/python3.10/site-packages/airflow/example_dags/example_python_operator.py
[2025-08-19T17:08:50.994+0200] {logging_mixin.py:188} INFO - [2025-08-19T17:08:50.994+0200] {example_python_operator.py:93} WARNING - The virtalenv_python example task requires virtualenv, please install it.
[2025-08-19T17:08:50.995+0200] {processor.py:840} INFO - DAG(s) 'example_python_operator' retrieved from /Users/ehabhasan/.venvs/airflow310/lib/python3.10/site-packages/airflow/example_dags/example_python_operator.py
[2025-08-19T17:08:51.031+0200] {logging_mixin.py:188} INFO - [2025-08-19T17:08:51.030+0200] {dag.py:3089} INFO - Sync 1 DAGs
[2025-08-19T17:08:51.034+0200] {logging_mixin.py:188} INFO - [2025-08-19T17:08:51.034+0200] {dag.py:3947} INFO - Setting next_dagrun for example_python_operator to None, run_after=None
[2025-08-19T17:08:51.061+0200] {processor.py:183} INFO - Processing /Users/ehabhasan/.venvs/airflow310/lib/python3.10/site-packages/airflow/example_dags/example_python_operator.py took 0.078 seconds
[2025-08-19T17:10:40.278+0200] {processor.py:161} INFO - Started process (PID=10282) to work on /Users/ehabhasan/.venvs/airflow310/lib/python3.10/site-packages/airflow/example_dags/example_python_operator.py
[2025-08-19T17:10:40.278+0200] {processor.py:830} INFO - Processing file /Users/ehabhasan/.venvs/airflow310/lib/python3.10/site-packages/airflow/example_dags/example_python_operator.py for tasks to queue
[2025-08-19T17:10:40.278+0200] {logging_mixin.py:188} INFO - [2025-08-19T17:10:40.278+0200] {dagbag.py:545} INFO - Filling up the DagBag from /Users/ehabhasan/.venvs/airflow310/lib/python3.10/site-packages/airflow/example_dags/example_python_operator.py
[2025-08-19T17:10:40.287+0200] {logging_mixin.py:188} INFO - [2025-08-19T17:10:40.287+0200] {example_python_operator.py:93} WARNING - The virtalenv_python example task requires virtualenv, please install it.
[2025-08-19T17:10:40.288+0200] {processor.py:840} INFO - DAG(s) 'example_python_operator' retrieved from /Users/ehabhasan/.venvs/airflow310/lib/python3.10/site-packages/airflow/example_dags/example_python_operator.py
[2025-08-19T17:10:40.324+0200] {logging_mixin.py:188} INFO - [2025-08-19T17:10:40.324+0200] {dag.py:3089} INFO - Sync 1 DAGs
[2025-08-19T17:10:40.328+0200] {logging_mixin.py:188} INFO - [2025-08-19T17:10:40.328+0200] {dag.py:3947} INFO - Setting next_dagrun for example_python_operator to None, run_after=None
[2025-08-19T17:10:40.355+0200] {processor.py:183} INFO - Processing /Users/ehabhasan/.venvs/airflow310/lib/python3.10/site-packages/airflow/example_dags/example_python_operator.py took 0.079 seconds
[2025-08-19T17:12:30.599+0200] {processor.py:161} INFO - Started process (PID=10368) to work on /Users/ehabhasan/.venvs/airflow310/lib/python3.10/site-packages/airflow/example_dags/example_python_operator.py
[2025-08-19T17:12:30.600+0200] {processor.py:830} INFO - Processing file /Users/ehabhasan/.venvs/airflow310/lib/python3.10/site-packages/airflow/example_dags/example_python_operator.py for tasks to queue
[2025-08-19T17:12:30.600+0200] {logging_mixin.py:188} INFO - [2025-08-19T17:12:30.600+0200] {dagbag.py:545} INFO - Filling up the DagBag from /Users/ehabhasan/.venvs/airflow310/lib/python3.10/site-packages/airflow/example_dags/example_python_operator.py
[2025-08-19T17:12:30.609+0200] {logging_mixin.py:188} INFO - [2025-08-19T17:12:30.609+0200] {example_python_operator.py:93} WARNING - The virtalenv_python example task requires virtualenv, please install it.
[2025-08-19T17:12:30.610+0200] {processor.py:840} INFO - DAG(s) 'example_python_operator' retrieved from /Users/ehabhasan/.venvs/airflow310/lib/python3.10/site-packages/airflow/example_dags/example_python_operator.py
[2025-08-19T17:12:30.645+0200] {logging_mixin.py:188} INFO - [2025-08-19T17:12:30.645+0200] {dag.py:3089} INFO - Sync 1 DAGs
[2025-08-19T17:12:30.648+0200] {logging_mixin.py:188} INFO - [2025-08-19T17:12:30.648+0200] {dag.py:3947} INFO - Setting next_dagrun for example_python_operator to None, run_after=None
[2025-08-19T17:12:30.676+0200] {processor.py:183} INFO - Processing /Users/ehabhasan/.venvs/airflow310/lib/python3.10/site-packages/airflow/example_dags/example_python_operator.py took 0.078 seconds
[2025-08-19T17:14:22.481+0200] {processor.py:161} INFO - Started process (PID=10492) to work on /Users/ehabhasan/.venvs/airflow310/lib/python3.10/site-packages/airflow/example_dags/example_python_operator.py
[2025-08-19T17:14:22.481+0200] {processor.py:830} INFO - Processing file /Users/ehabhasan/.venvs/airflow310/lib/python3.10/site-packages/airflow/example_dags/example_python_operator.py for tasks to queue
[2025-08-19T17:14:22.481+0200] {logging_mixin.py:188} INFO - [2025-08-19T17:14:22.481+0200] {dagbag.py:545} INFO - Filling up the DagBag from /Users/ehabhasan/.venvs/airflow310/lib/python3.10/site-packages/airflow/example_dags/example_python_operator.py
[2025-08-19T17:14:22.490+0200] {logging_mixin.py:188} INFO - [2025-08-19T17:14:22.490+0200] {example_python_operator.py:93} WARNING - The virtalenv_python example task requires virtualenv, please install it.
[2025-08-19T17:14:22.491+0200] {processor.py:840} INFO - DAG(s) 'example_python_operator' retrieved from /Users/ehabhasan/.venvs/airflow310/lib/python3.10/site-packages/airflow/example_dags/example_python_operator.py
[2025-08-19T17:14:22.526+0200] {logging_mixin.py:188} INFO - [2025-08-19T17:14:22.526+0200] {dag.py:3089} INFO - Sync 1 DAGs
[2025-08-19T17:14:22.529+0200] {logging_mixin.py:188} INFO - [2025-08-19T17:14:22.529+0200] {dag.py:3947} INFO - Setting next_dagrun for example_python_operator to None, run_after=None
[2025-08-19T17:14:22.556+0200] {processor.py:183} INFO - Processing /Users/ehabhasan/.venvs/airflow310/lib/python3.10/site-packages/airflow/example_dags/example_python_operator.py took 0.077 seconds
[2025-08-19T17:16:14.089+0200] {processor.py:161} INFO - Started process (PID=10805) to work on /Users/ehabhasan/.venvs/airflow310/lib/python3.10/site-packages/airflow/example_dags/example_python_operator.py
[2025-08-19T17:16:14.090+0200] {processor.py:830} INFO - Processing file /Users/ehabhasan/.venvs/airflow310/lib/python3.10/site-packages/airflow/example_dags/example_python_operator.py for tasks to queue
[2025-08-19T17:16:14.090+0200] {logging_mixin.py:188} INFO - [2025-08-19T17:16:14.090+0200] {dagbag.py:545} INFO - Filling up the DagBag from /Users/ehabhasan/.venvs/airflow310/lib/python3.10/site-packages/airflow/example_dags/example_python_operator.py
[2025-08-19T17:16:14.099+0200] {logging_mixin.py:188} INFO - [2025-08-19T17:16:14.099+0200] {example_python_operator.py:93} WARNING - The virtalenv_python example task requires virtualenv, please install it.
[2025-08-19T17:16:14.100+0200] {processor.py:840} INFO - DAG(s) 'example_python_operator' retrieved from /Users/ehabhasan/.venvs/airflow310/lib/python3.10/site-packages/airflow/example_dags/example_python_operator.py
[2025-08-19T17:16:14.137+0200] {logging_mixin.py:188} INFO - [2025-08-19T17:16:14.137+0200] {dag.py:3089} INFO - Sync 1 DAGs
[2025-08-19T17:16:14.140+0200] {logging_mixin.py:188} INFO - [2025-08-19T17:16:14.140+0200] {dag.py:3947} INFO - Setting next_dagrun for example_python_operator to None, run_after=None
[2025-08-19T17:16:14.167+0200] {processor.py:183} INFO - Processing /Users/ehabhasan/.venvs/airflow310/lib/python3.10/site-packages/airflow/example_dags/example_python_operator.py took 0.079 seconds
[2025-08-19T17:18:07.169+0200] {processor.py:161} INFO - Started process (PID=11480) to work on /Users/ehabhasan/.venvs/airflow310/lib/python3.10/site-packages/airflow/example_dags/example_python_operator.py
[2025-08-19T17:18:07.171+0200] {processor.py:830} INFO - Processing file /Users/ehabhasan/.venvs/airflow310/lib/python3.10/site-packages/airflow/example_dags/example_python_operator.py for tasks to queue
[2025-08-19T17:18:07.171+0200] {logging_mixin.py:188} INFO - [2025-08-19T17:18:07.171+0200] {dagbag.py:545} INFO - Filling up the DagBag from /Users/ehabhasan/.venvs/airflow310/lib/python3.10/site-packages/airflow/example_dags/example_python_operator.py
[2025-08-19T17:18:07.180+0200] {logging_mixin.py:188} INFO - [2025-08-19T17:18:07.180+0200] {example_python_operator.py:93} WARNING - The virtalenv_python example task requires virtualenv, please install it.
[2025-08-19T17:18:07.181+0200] {processor.py:840} INFO - DAG(s) 'example_python_operator' retrieved from /Users/ehabhasan/.venvs/airflow310/lib/python3.10/site-packages/airflow/example_dags/example_python_operator.py
[2025-08-19T17:18:07.217+0200] {logging_mixin.py:188} INFO - [2025-08-19T17:18:07.216+0200] {dag.py:3089} INFO - Sync 1 DAGs
[2025-08-19T17:18:07.220+0200] {logging_mixin.py:188} INFO - [2025-08-19T17:18:07.220+0200] {dag.py:3947} INFO - Setting next_dagrun for example_python_operator to None, run_after=None
[2025-08-19T17:18:07.247+0200] {processor.py:183} INFO - Processing /Users/ehabhasan/.venvs/airflow310/lib/python3.10/site-packages/airflow/example_dags/example_python_operator.py took 0.080 seconds
[2025-08-19T17:19:51.690+0200] {processor.py:161} INFO - Started process (PID=11579) to work on /Users/ehabhasan/.venvs/airflow310/lib/python3.10/site-packages/airflow/example_dags/example_python_operator.py
[2025-08-19T17:19:51.690+0200] {processor.py:830} INFO - Processing file /Users/ehabhasan/.venvs/airflow310/lib/python3.10/site-packages/airflow/example_dags/example_python_operator.py for tasks to queue
[2025-08-19T17:19:51.690+0200] {logging_mixin.py:188} INFO - [2025-08-19T17:19:51.690+0200] {dagbag.py:545} INFO - Filling up the DagBag from /Users/ehabhasan/.venvs/airflow310/lib/python3.10/site-packages/airflow/example_dags/example_python_operator.py
[2025-08-19T17:19:51.699+0200] {logging_mixin.py:188} INFO - [2025-08-19T17:19:51.699+0200] {example_python_operator.py:93} WARNING - The virtalenv_python example task requires virtualenv, please install it.
[2025-08-19T17:19:51.700+0200] {processor.py:840} INFO - DAG(s) 'example_python_operator' retrieved from /Users/ehabhasan/.venvs/airflow310/lib/python3.10/site-packages/airflow/example_dags/example_python_operator.py
[2025-08-19T17:19:51.735+0200] {logging_mixin.py:188} INFO - [2025-08-19T17:19:51.735+0200] {dag.py:3089} INFO - Sync 1 DAGs
[2025-08-19T17:19:51.738+0200] {logging_mixin.py:188} INFO - [2025-08-19T17:19:51.738+0200] {dag.py:3947} INFO - Setting next_dagrun for example_python_operator to None, run_after=None
[2025-08-19T17:19:51.765+0200] {processor.py:183} INFO - Processing /Users/ehabhasan/.venvs/airflow310/lib/python3.10/site-packages/airflow/example_dags/example_python_operator.py took 0.076 seconds
[2025-08-19T17:21:33.960+0200] {processor.py:161} INFO - Started process (PID=11652) to work on /Users/ehabhasan/.venvs/airflow310/lib/python3.10/site-packages/airflow/example_dags/example_python_operator.py
[2025-08-19T17:21:33.961+0200] {processor.py:830} INFO - Processing file /Users/ehabhasan/.venvs/airflow310/lib/python3.10/site-packages/airflow/example_dags/example_python_operator.py for tasks to queue
[2025-08-19T17:21:33.961+0200] {logging_mixin.py:188} INFO - [2025-08-19T17:21:33.961+0200] {dagbag.py:545} INFO - Filling up the DagBag from /Users/ehabhasan/.venvs/airflow310/lib/python3.10/site-packages/airflow/example_dags/example_python_operator.py
[2025-08-19T17:21:33.970+0200] {logging_mixin.py:188} INFO - [2025-08-19T17:21:33.970+0200] {example_python_operator.py:93} WARNING - The virtalenv_python example task requires virtualenv, please install it.
[2025-08-19T17:21:33.971+0200] {processor.py:840} INFO - DAG(s) 'example_python_operator' retrieved from /Users/ehabhasan/.venvs/airflow310/lib/python3.10/site-packages/airflow/example_dags/example_python_operator.py
[2025-08-19T17:21:34.006+0200] {logging_mixin.py:188} INFO - [2025-08-19T17:21:34.006+0200] {dag.py:3089} INFO - Sync 1 DAGs
[2025-08-19T17:21:34.009+0200] {logging_mixin.py:188} INFO - [2025-08-19T17:21:34.009+0200] {dag.py:3947} INFO - Setting next_dagrun for example_python_operator to None, run_after=None
[2025-08-19T17:21:34.036+0200] {processor.py:183} INFO - Processing /Users/ehabhasan/.venvs/airflow310/lib/python3.10/site-packages/airflow/example_dags/example_python_operator.py took 0.077 seconds
[2025-08-19T17:23:26.581+0200] {processor.py:161} INFO - Started process (PID=11728) to work on /Users/ehabhasan/.venvs/airflow310/lib/python3.10/site-packages/airflow/example_dags/example_python_operator.py
[2025-08-19T17:23:26.581+0200] {processor.py:830} INFO - Processing file /Users/ehabhasan/.venvs/airflow310/lib/python3.10/site-packages/airflow/example_dags/example_python_operator.py for tasks to queue
[2025-08-19T17:23:26.581+0200] {logging_mixin.py:188} INFO - [2025-08-19T17:23:26.581+0200] {dagbag.py:545} INFO - Filling up the DagBag from /Users/ehabhasan/.venvs/airflow310/lib/python3.10/site-packages/airflow/example_dags/example_python_operator.py
[2025-08-19T17:23:26.590+0200] {logging_mixin.py:188} INFO - [2025-08-19T17:23:26.590+0200] {example_python_operator.py:93} WARNING - The virtalenv_python example task requires virtualenv, please install it.
[2025-08-19T17:23:26.591+0200] {processor.py:840} INFO - DAG(s) 'example_python_operator' retrieved from /Users/ehabhasan/.venvs/airflow310/lib/python3.10/site-packages/airflow/example_dags/example_python_operator.py
[2025-08-19T17:23:26.627+0200] {logging_mixin.py:188} INFO - [2025-08-19T17:23:26.627+0200] {dag.py:3089} INFO - Sync 1 DAGs
[2025-08-19T17:23:26.630+0200] {logging_mixin.py:188} INFO - [2025-08-19T17:23:26.630+0200] {dag.py:3947} INFO - Setting next_dagrun for example_python_operator to None, run_after=None
[2025-08-19T17:23:26.657+0200] {processor.py:183} INFO - Processing /Users/ehabhasan/.venvs/airflow310/lib/python3.10/site-packages/airflow/example_dags/example_python_operator.py took 0.078 seconds
[2025-08-19T17:25:11.813+0200] {processor.py:161} INFO - Started process (PID=11810) to work on /Users/ehabhasan/.venvs/airflow310/lib/python3.10/site-packages/airflow/example_dags/example_python_operator.py
[2025-08-19T17:25:11.814+0200] {processor.py:830} INFO - Processing file /Users/ehabhasan/.venvs/airflow310/lib/python3.10/site-packages/airflow/example_dags/example_python_operator.py for tasks to queue
[2025-08-19T17:25:11.814+0200] {logging_mixin.py:188} INFO - [2025-08-19T17:25:11.814+0200] {dagbag.py:545} INFO - Filling up the DagBag from /Users/ehabhasan/.venvs/airflow310/lib/python3.10/site-packages/airflow/example_dags/example_python_operator.py
[2025-08-19T17:25:11.823+0200] {logging_mixin.py:188} INFO - [2025-08-19T17:25:11.823+0200] {example_python_operator.py:93} WARNING - The virtalenv_python example task requires virtualenv, please install it.
[2025-08-19T17:25:11.824+0200] {processor.py:840} INFO - DAG(s) 'example_python_operator' retrieved from /Users/ehabhasan/.venvs/airflow310/lib/python3.10/site-packages/airflow/example_dags/example_python_operator.py
[2025-08-19T17:25:11.859+0200] {logging_mixin.py:188} INFO - [2025-08-19T17:25:11.859+0200] {dag.py:3089} INFO - Sync 1 DAGs
[2025-08-19T17:25:11.862+0200] {logging_mixin.py:188} INFO - [2025-08-19T17:25:11.862+0200] {dag.py:3947} INFO - Setting next_dagrun for example_python_operator to None, run_after=None
[2025-08-19T17:25:11.888+0200] {processor.py:183} INFO - Processing /Users/ehabhasan/.venvs/airflow310/lib/python3.10/site-packages/airflow/example_dags/example_python_operator.py took 0.077 seconds
[2025-08-19T17:26:57.583+0200] {processor.py:161} INFO - Started process (PID=11889) to work on /Users/ehabhasan/.venvs/airflow310/lib/python3.10/site-packages/airflow/example_dags/example_python_operator.py
[2025-08-19T17:26:57.584+0200] {processor.py:830} INFO - Processing file /Users/ehabhasan/.venvs/airflow310/lib/python3.10/site-packages/airflow/example_dags/example_python_operator.py for tasks to queue
[2025-08-19T17:26:57.585+0200] {logging_mixin.py:188} INFO - [2025-08-19T17:26:57.584+0200] {dagbag.py:545} INFO - Filling up the DagBag from /Users/ehabhasan/.venvs/airflow310/lib/python3.10/site-packages/airflow/example_dags/example_python_operator.py
[2025-08-19T17:26:57.594+0200] {logging_mixin.py:188} INFO - [2025-08-19T17:26:57.593+0200] {example_python_operator.py:93} WARNING - The virtalenv_python example task requires virtualenv, please install it.
[2025-08-19T17:26:57.595+0200] {processor.py:840} INFO - DAG(s) 'example_python_operator' retrieved from /Users/ehabhasan/.venvs/airflow310/lib/python3.10/site-packages/airflow/example_dags/example_python_operator.py
[2025-08-19T17:26:57.630+0200] {logging_mixin.py:188} INFO - [2025-08-19T17:26:57.630+0200] {dag.py:3089} INFO - Sync 1 DAGs
[2025-08-19T17:26:57.633+0200] {logging_mixin.py:188} INFO - [2025-08-19T17:26:57.633+0200] {dag.py:3947} INFO - Setting next_dagrun for example_python_operator to None, run_after=None
[2025-08-19T17:26:57.660+0200] {processor.py:183} INFO - Processing /Users/ehabhasan/.venvs/airflow310/lib/python3.10/site-packages/airflow/example_dags/example_python_operator.py took 0.078 seconds
[2025-08-19T17:28:46.910+0200] {processor.py:161} INFO - Started process (PID=11977) to work on /Users/ehabhasan/.venvs/airflow310/lib/python3.10/site-packages/airflow/example_dags/example_python_operator.py
[2025-08-19T17:28:46.911+0200] {processor.py:830} INFO - Processing file /Users/ehabhasan/.venvs/airflow310/lib/python3.10/site-packages/airflow/example_dags/example_python_operator.py for tasks to queue
[2025-08-19T17:28:46.911+0200] {logging_mixin.py:188} INFO - [2025-08-19T17:28:46.911+0200] {dagbag.py:545} INFO - Filling up the DagBag from /Users/ehabhasan/.venvs/airflow310/lib/python3.10/site-packages/airflow/example_dags/example_python_operator.py
[2025-08-19T17:28:46.920+0200] {logging_mixin.py:188} INFO - [2025-08-19T17:28:46.920+0200] {example_python_operator.py:93} WARNING - The virtalenv_python example task requires virtualenv, please install it.
[2025-08-19T17:28:46.921+0200] {processor.py:840} INFO - DAG(s) 'example_python_operator' retrieved from /Users/ehabhasan/.venvs/airflow310/lib/python3.10/site-packages/airflow/example_dags/example_python_operator.py
[2025-08-19T17:28:46.957+0200] {logging_mixin.py:188} INFO - [2025-08-19T17:28:46.957+0200] {dag.py:3089} INFO - Sync 1 DAGs
[2025-08-19T17:28:46.960+0200] {logging_mixin.py:188} INFO - [2025-08-19T17:28:46.960+0200] {dag.py:3947} INFO - Setting next_dagrun for example_python_operator to None, run_after=None
[2025-08-19T17:28:46.986+0200] {processor.py:183} INFO - Processing /Users/ehabhasan/.venvs/airflow310/lib/python3.10/site-packages/airflow/example_dags/example_python_operator.py took 0.078 seconds
[2025-08-19T17:30:38.851+0200] {processor.py:161} INFO - Started process (PID=13702) to work on /Users/ehabhasan/.venvs/airflow310/lib/python3.10/site-packages/airflow/example_dags/example_python_operator.py
[2025-08-19T17:30:38.851+0200] {processor.py:830} INFO - Processing file /Users/ehabhasan/.venvs/airflow310/lib/python3.10/site-packages/airflow/example_dags/example_python_operator.py for tasks to queue
[2025-08-19T17:30:38.852+0200] {logging_mixin.py:188} INFO - [2025-08-19T17:30:38.851+0200] {dagbag.py:545} INFO - Filling up the DagBag from /Users/ehabhasan/.venvs/airflow310/lib/python3.10/site-packages/airflow/example_dags/example_python_operator.py
[2025-08-19T17:30:38.861+0200] {logging_mixin.py:188} INFO - [2025-08-19T17:30:38.861+0200] {example_python_operator.py:93} WARNING - The virtalenv_python example task requires virtualenv, please install it.
[2025-08-19T17:30:38.862+0200] {processor.py:840} INFO - DAG(s) 'example_python_operator' retrieved from /Users/ehabhasan/.venvs/airflow310/lib/python3.10/site-packages/airflow/example_dags/example_python_operator.py
[2025-08-19T17:30:38.899+0200] {logging_mixin.py:188} INFO - [2025-08-19T17:30:38.898+0200] {dag.py:3089} INFO - Sync 1 DAGs
[2025-08-19T17:30:38.902+0200] {logging_mixin.py:188} INFO - [2025-08-19T17:30:38.902+0200] {dag.py:3947} INFO - Setting next_dagrun for example_python_operator to None, run_after=None
[2025-08-19T17:30:38.930+0200] {processor.py:183} INFO - Processing /Users/ehabhasan/.venvs/airflow310/lib/python3.10/site-packages/airflow/example_dags/example_python_operator.py took 0.080 seconds
[2025-08-19T17:32:34.724+0200] {processor.py:161} INFO - Started process (PID=14147) to work on /Users/ehabhasan/.venvs/airflow310/lib/python3.10/site-packages/airflow/example_dags/example_python_operator.py
[2025-08-19T17:32:34.725+0200] {processor.py:830} INFO - Processing file /Users/ehabhasan/.venvs/airflow310/lib/python3.10/site-packages/airflow/example_dags/example_python_operator.py for tasks to queue
[2025-08-19T17:32:34.725+0200] {logging_mixin.py:188} INFO - [2025-08-19T17:32:34.725+0200] {dagbag.py:545} INFO - Filling up the DagBag from /Users/ehabhasan/.venvs/airflow310/lib/python3.10/site-packages/airflow/example_dags/example_python_operator.py
[2025-08-19T17:32:34.734+0200] {logging_mixin.py:188} INFO - [2025-08-19T17:32:34.734+0200] {example_python_operator.py:93} WARNING - The virtalenv_python example task requires virtualenv, please install it.
[2025-08-19T17:32:34.735+0200] {processor.py:840} INFO - DAG(s) 'example_python_operator' retrieved from /Users/ehabhasan/.venvs/airflow310/lib/python3.10/site-packages/airflow/example_dags/example_python_operator.py
[2025-08-19T17:32:34.771+0200] {logging_mixin.py:188} INFO - [2025-08-19T17:32:34.771+0200] {dag.py:3089} INFO - Sync 1 DAGs
[2025-08-19T17:32:34.774+0200] {logging_mixin.py:188} INFO - [2025-08-19T17:32:34.774+0200] {dag.py:3947} INFO - Setting next_dagrun for example_python_operator to None, run_after=None
[2025-08-19T17:32:34.801+0200] {processor.py:183} INFO - Processing /Users/ehabhasan/.venvs/airflow310/lib/python3.10/site-packages/airflow/example_dags/example_python_operator.py took 0.078 seconds
[2025-08-19T17:34:20.987+0200] {processor.py:161} INFO - Started process (PID=14251) to work on /Users/ehabhasan/.venvs/airflow310/lib/python3.10/site-packages/airflow/example_dags/example_python_operator.py
[2025-08-19T17:34:20.987+0200] {processor.py:830} INFO - Processing file /Users/ehabhasan/.venvs/airflow310/lib/python3.10/site-packages/airflow/example_dags/example_python_operator.py for tasks to queue
[2025-08-19T17:34:20.987+0200] {logging_mixin.py:188} INFO - [2025-08-19T17:34:20.987+0200] {dagbag.py:545} INFO - Filling up the DagBag from /Users/ehabhasan/.venvs/airflow310/lib/python3.10/site-packages/airflow/example_dags/example_python_operator.py
[2025-08-19T17:34:20.997+0200] {logging_mixin.py:188} INFO - [2025-08-19T17:34:20.997+0200] {example_python_operator.py:93} WARNING - The virtalenv_python example task requires virtualenv, please install it.
[2025-08-19T17:34:20.999+0200] {processor.py:840} INFO - DAG(s) 'example_python_operator' retrieved from /Users/ehabhasan/.venvs/airflow310/lib/python3.10/site-packages/airflow/example_dags/example_python_operator.py
[2025-08-19T17:34:21.037+0200] {logging_mixin.py:188} INFO - [2025-08-19T17:34:21.037+0200] {dag.py:3089} INFO - Sync 1 DAGs
[2025-08-19T17:34:21.040+0200] {logging_mixin.py:188} INFO - [2025-08-19T17:34:21.040+0200] {dag.py:3947} INFO - Setting next_dagrun for example_python_operator to None, run_after=None
[2025-08-19T17:34:21.069+0200] {processor.py:183} INFO - Processing /Users/ehabhasan/.venvs/airflow310/lib/python3.10/site-packages/airflow/example_dags/example_python_operator.py took 0.085 seconds
[2025-08-19T17:36:11.314+0200] {processor.py:161} INFO - Started process (PID=14465) to work on /Users/ehabhasan/.venvs/airflow310/lib/python3.10/site-packages/airflow/example_dags/example_python_operator.py
[2025-08-19T17:36:11.314+0200] {processor.py:830} INFO - Processing file /Users/ehabhasan/.venvs/airflow310/lib/python3.10/site-packages/airflow/example_dags/example_python_operator.py for tasks to queue
[2025-08-19T17:36:11.315+0200] {logging_mixin.py:188} INFO - [2025-08-19T17:36:11.315+0200] {dagbag.py:545} INFO - Filling up the DagBag from /Users/ehabhasan/.venvs/airflow310/lib/python3.10/site-packages/airflow/example_dags/example_python_operator.py
[2025-08-19T17:36:11.324+0200] {logging_mixin.py:188} INFO - [2025-08-19T17:36:11.324+0200] {example_python_operator.py:93} WARNING - The virtalenv_python example task requires virtualenv, please install it.
[2025-08-19T17:36:11.325+0200] {processor.py:840} INFO - DAG(s) 'example_python_operator' retrieved from /Users/ehabhasan/.venvs/airflow310/lib/python3.10/site-packages/airflow/example_dags/example_python_operator.py
[2025-08-19T17:36:11.361+0200] {logging_mixin.py:188} INFO - [2025-08-19T17:36:11.361+0200] {dag.py:3089} INFO - Sync 1 DAGs
[2025-08-19T17:36:11.364+0200] {logging_mixin.py:188} INFO - [2025-08-19T17:36:11.364+0200] {dag.py:3947} INFO - Setting next_dagrun for example_python_operator to None, run_after=None
[2025-08-19T17:36:11.391+0200] {processor.py:183} INFO - Processing /Users/ehabhasan/.venvs/airflow310/lib/python3.10/site-packages/airflow/example_dags/example_python_operator.py took 0.079 seconds
[2025-08-19T17:38:06.144+0200] {processor.py:161} INFO - Started process (PID=14594) to work on /Users/ehabhasan/.venvs/airflow310/lib/python3.10/site-packages/airflow/example_dags/example_python_operator.py
[2025-08-19T17:38:06.145+0200] {processor.py:830} INFO - Processing file /Users/ehabhasan/.venvs/airflow310/lib/python3.10/site-packages/airflow/example_dags/example_python_operator.py for tasks to queue
[2025-08-19T17:38:06.145+0200] {logging_mixin.py:188} INFO - [2025-08-19T17:38:06.145+0200] {dagbag.py:545} INFO - Filling up the DagBag from /Users/ehabhasan/.venvs/airflow310/lib/python3.10/site-packages/airflow/example_dags/example_python_operator.py
[2025-08-19T17:38:06.155+0200] {logging_mixin.py:188} INFO - [2025-08-19T17:38:06.155+0200] {example_python_operator.py:93} WARNING - The virtalenv_python example task requires virtualenv, please install it.
[2025-08-19T17:38:06.156+0200] {processor.py:840} INFO - DAG(s) 'example_python_operator' retrieved from /Users/ehabhasan/.venvs/airflow310/lib/python3.10/site-packages/airflow/example_dags/example_python_operator.py
[2025-08-19T17:38:06.194+0200] {logging_mixin.py:188} INFO - [2025-08-19T17:38:06.194+0200] {dag.py:3089} INFO - Sync 1 DAGs
[2025-08-19T17:38:06.197+0200] {logging_mixin.py:188} INFO - [2025-08-19T17:38:06.197+0200] {dag.py:3947} INFO - Setting next_dagrun for example_python_operator to None, run_after=None
[2025-08-19T17:38:06.226+0200] {processor.py:183} INFO - Processing /Users/ehabhasan/.venvs/airflow310/lib/python3.10/site-packages/airflow/example_dags/example_python_operator.py took 0.084 seconds
[2025-08-19T17:40:10.967+0200] {processor.py:161} INFO - Started process (PID=14832) to work on /Users/ehabhasan/.venvs/airflow310/lib/python3.10/site-packages/airflow/example_dags/example_python_operator.py
[2025-08-19T17:40:10.967+0200] {processor.py:830} INFO - Processing file /Users/ehabhasan/.venvs/airflow310/lib/python3.10/site-packages/airflow/example_dags/example_python_operator.py for tasks to queue
[2025-08-19T17:40:10.967+0200] {logging_mixin.py:188} INFO - [2025-08-19T17:40:10.967+0200] {dagbag.py:545} INFO - Filling up the DagBag from /Users/ehabhasan/.venvs/airflow310/lib/python3.10/site-packages/airflow/example_dags/example_python_operator.py
[2025-08-19T17:40:10.977+0200] {logging_mixin.py:188} INFO - [2025-08-19T17:40:10.977+0200] {example_python_operator.py:93} WARNING - The virtalenv_python example task requires virtualenv, please install it.
[2025-08-19T17:40:10.978+0200] {processor.py:840} INFO - DAG(s) 'example_python_operator' retrieved from /Users/ehabhasan/.venvs/airflow310/lib/python3.10/site-packages/airflow/example_dags/example_python_operator.py
[2025-08-19T17:40:11.022+0200] {logging_mixin.py:188} INFO - [2025-08-19T17:40:11.022+0200] {dag.py:3089} INFO - Sync 1 DAGs
[2025-08-19T17:40:11.025+0200] {logging_mixin.py:188} INFO - [2025-08-19T17:40:11.025+0200] {dag.py:3947} INFO - Setting next_dagrun for example_python_operator to None, run_after=None
[2025-08-19T17:40:11.060+0200] {processor.py:183} INFO - Processing /Users/ehabhasan/.venvs/airflow310/lib/python3.10/site-packages/airflow/example_dags/example_python_operator.py took 0.095 seconds
[2025-08-19T17:45:43.195+0200] {processor.py:161} INFO - Started process (PID=14983) to work on /Users/ehabhasan/.venvs/airflow310/lib/python3.10/site-packages/airflow/example_dags/example_python_operator.py
[2025-08-19T17:45:43.195+0200] {processor.py:830} INFO - Processing file /Users/ehabhasan/.venvs/airflow310/lib/python3.10/site-packages/airflow/example_dags/example_python_operator.py for tasks to queue
[2025-08-19T17:45:43.195+0200] {logging_mixin.py:188} INFO - [2025-08-19T17:45:43.195+0200] {dagbag.py:545} INFO - Filling up the DagBag from /Users/ehabhasan/.venvs/airflow310/lib/python3.10/site-packages/airflow/example_dags/example_python_operator.py
[2025-08-19T17:45:43.204+0200] {logging_mixin.py:188} INFO - [2025-08-19T17:45:43.204+0200] {example_python_operator.py:93} WARNING - The virtalenv_python example task requires virtualenv, please install it.
[2025-08-19T17:45:43.205+0200] {processor.py:840} INFO - DAG(s) 'example_python_operator' retrieved from /Users/ehabhasan/.venvs/airflow310/lib/python3.10/site-packages/airflow/example_dags/example_python_operator.py
[2025-08-19T17:45:43.241+0200] {logging_mixin.py:188} INFO - [2025-08-19T17:45:43.241+0200] {dag.py:3089} INFO - Sync 1 DAGs
[2025-08-19T17:45:43.244+0200] {logging_mixin.py:188} INFO - [2025-08-19T17:45:43.244+0200] {dag.py:3947} INFO - Setting next_dagrun for example_python_operator to None, run_after=None
[2025-08-19T17:45:43.271+0200] {processor.py:183} INFO - Processing /Users/ehabhasan/.venvs/airflow310/lib/python3.10/site-packages/airflow/example_dags/example_python_operator.py took 0.077 seconds
[2025-08-19T17:47:46.054+0200] {processor.py:161} INFO - Started process (PID=15082) to work on /Users/ehabhasan/.venvs/airflow310/lib/python3.10/site-packages/airflow/example_dags/example_python_operator.py
[2025-08-19T17:47:46.054+0200] {processor.py:830} INFO - Processing file /Users/ehabhasan/.venvs/airflow310/lib/python3.10/site-packages/airflow/example_dags/example_python_operator.py for tasks to queue
[2025-08-19T17:47:46.054+0200] {logging_mixin.py:188} INFO - [2025-08-19T17:47:46.054+0200] {dagbag.py:545} INFO - Filling up the DagBag from /Users/ehabhasan/.venvs/airflow310/lib/python3.10/site-packages/airflow/example_dags/example_python_operator.py
[2025-08-19T17:47:46.064+0200] {logging_mixin.py:188} INFO - [2025-08-19T17:47:46.063+0200] {example_python_operator.py:93} WARNING - The virtalenv_python example task requires virtualenv, please install it.
[2025-08-19T17:47:46.065+0200] {processor.py:840} INFO - DAG(s) 'example_python_operator' retrieved from /Users/ehabhasan/.venvs/airflow310/lib/python3.10/site-packages/airflow/example_dags/example_python_operator.py
[2025-08-19T17:47:46.101+0200] {logging_mixin.py:188} INFO - [2025-08-19T17:47:46.101+0200] {dag.py:3089} INFO - Sync 1 DAGs
[2025-08-19T17:47:46.105+0200] {logging_mixin.py:188} INFO - [2025-08-19T17:47:46.105+0200] {dag.py:3947} INFO - Setting next_dagrun for example_python_operator to None, run_after=None
[2025-08-19T17:47:46.131+0200] {processor.py:183} INFO - Processing /Users/ehabhasan/.venvs/airflow310/lib/python3.10/site-packages/airflow/example_dags/example_python_operator.py took 0.079 seconds
[2025-08-19T17:49:38.007+0200] {processor.py:161} INFO - Started process (PID=15165) to work on /Users/ehabhasan/.venvs/airflow310/lib/python3.10/site-packages/airflow/example_dags/example_python_operator.py
[2025-08-19T17:49:38.007+0200] {processor.py:830} INFO - Processing file /Users/ehabhasan/.venvs/airflow310/lib/python3.10/site-packages/airflow/example_dags/example_python_operator.py for tasks to queue
[2025-08-19T17:49:38.007+0200] {logging_mixin.py:188} INFO - [2025-08-19T17:49:38.007+0200] {dagbag.py:545} INFO - Filling up the DagBag from /Users/ehabhasan/.venvs/airflow310/lib/python3.10/site-packages/airflow/example_dags/example_python_operator.py
[2025-08-19T17:49:38.016+0200] {logging_mixin.py:188} INFO - [2025-08-19T17:49:38.016+0200] {example_python_operator.py:93} WARNING - The virtalenv_python example task requires virtualenv, please install it.
[2025-08-19T17:49:38.017+0200] {processor.py:840} INFO - DAG(s) 'example_python_operator' retrieved from /Users/ehabhasan/.venvs/airflow310/lib/python3.10/site-packages/airflow/example_dags/example_python_operator.py
[2025-08-19T17:49:38.053+0200] {logging_mixin.py:188} INFO - [2025-08-19T17:49:38.052+0200] {dag.py:3089} INFO - Sync 1 DAGs
[2025-08-19T17:49:38.056+0200] {logging_mixin.py:188} INFO - [2025-08-19T17:49:38.056+0200] {dag.py:3947} INFO - Setting next_dagrun for example_python_operator to None, run_after=None
[2025-08-19T17:49:38.082+0200] {processor.py:183} INFO - Processing /Users/ehabhasan/.venvs/airflow310/lib/python3.10/site-packages/airflow/example_dags/example_python_operator.py took 0.078 seconds
