[2025-08-19T16:48:24.121+0200] {processor.py:161} INFO - Started process (PID=7639) to work on /Users/ehabhasan/.venvs/airflow310/lib/python3.10/site-packages/airflow/example_dags/example_setup_teardown_taskflow.py
[2025-08-19T16:48:24.121+0200] {processor.py:830} INFO - Processing file /Users/ehabhasan/.venvs/airflow310/lib/python3.10/site-packages/airflow/example_dags/example_setup_teardown_taskflow.py for tasks to queue
[2025-08-19T16:48:24.122+0200] {logging_mixin.py:188} INFO - [2025-08-19T16:48:24.122+0200] {dagbag.py:545} INFO - Filling up the DagBag from /Users/ehabhasan/.venvs/airflow310/lib/python3.10/site-packages/airflow/example_dags/example_setup_teardown_taskflow.py
[2025-08-19T16:48:24.136+0200] {processor.py:840} INFO - DAG(s) 'example_setup_teardown_taskflow' retrieved from /Users/ehabhasan/.venvs/airflow310/lib/python3.10/site-packages/airflow/example_dags/example_setup_teardown_taskflow.py
[2025-08-19T16:48:24.220+0200] {logging_mixin.py:188} INFO - [2025-08-19T16:48:24.220+0200] {dag.py:3089} INFO - Sync 1 DAGs
[2025-08-19T16:48:24.225+0200] {logging_mixin.py:188} INFO - [2025-08-19T16:48:24.225+0200] {dag.py:3947} INFO - Setting next_dagrun for example_setup_teardown_taskflow to 2025-08-18 00:00:00+00:00, run_after=2025-08-19 00:00:00+00:00
[2025-08-19T16:48:24.232+0200] {processor.py:183} INFO - Processing /Users/ehabhasan/.venvs/airflow310/lib/python3.10/site-packages/airflow/example_dags/example_setup_teardown_taskflow.py took 0.113 seconds
[2025-08-19T16:49:42.960+0200] {processor.py:161} INFO - Started process (PID=7698) to work on /Users/ehabhasan/.venvs/airflow310/lib/python3.10/site-packages/airflow/example_dags/example_setup_teardown_taskflow.py
[2025-08-19T16:49:42.961+0200] {processor.py:830} INFO - Processing file /Users/ehabhasan/.venvs/airflow310/lib/python3.10/site-packages/airflow/example_dags/example_setup_teardown_taskflow.py for tasks to queue
[2025-08-19T16:49:42.961+0200] {logging_mixin.py:188} INFO - [2025-08-19T16:49:42.961+0200] {dagbag.py:545} INFO - Filling up the DagBag from /Users/ehabhasan/.venvs/airflow310/lib/python3.10/site-packages/airflow/example_dags/example_setup_teardown_taskflow.py
[2025-08-19T16:49:42.975+0200] {processor.py:840} INFO - DAG(s) 'example_setup_teardown_taskflow' retrieved from /Users/ehabhasan/.venvs/airflow310/lib/python3.10/site-packages/airflow/example_dags/example_setup_teardown_taskflow.py
[2025-08-19T16:49:43.010+0200] {logging_mixin.py:188} INFO - [2025-08-19T16:49:43.010+0200] {dag.py:3089} INFO - Sync 1 DAGs
[2025-08-19T16:49:43.035+0200] {logging_mixin.py:188} INFO - [2025-08-19T16:49:43.035+0200] {dag.py:3947} INFO - Setting next_dagrun for example_setup_teardown_taskflow to 2025-08-18 00:00:00+00:00, run_after=2025-08-19 00:00:00+00:00
[2025-08-19T16:49:43.041+0200] {processor.py:183} INFO - Processing /Users/ehabhasan/.venvs/airflow310/lib/python3.10/site-packages/airflow/example_dags/example_setup_teardown_taskflow.py took 0.083 seconds
[2025-08-19T16:51:14.966+0200] {processor.py:161} INFO - Started process (PID=7768) to work on /Users/ehabhasan/.venvs/airflow310/lib/python3.10/site-packages/airflow/example_dags/example_setup_teardown_taskflow.py
[2025-08-19T16:51:14.967+0200] {processor.py:830} INFO - Processing file /Users/ehabhasan/.venvs/airflow310/lib/python3.10/site-packages/airflow/example_dags/example_setup_teardown_taskflow.py for tasks to queue
[2025-08-19T16:51:14.968+0200] {logging_mixin.py:188} INFO - [2025-08-19T16:51:14.968+0200] {dagbag.py:545} INFO - Filling up the DagBag from /Users/ehabhasan/.venvs/airflow310/lib/python3.10/site-packages/airflow/example_dags/example_setup_teardown_taskflow.py
[2025-08-19T16:51:14.982+0200] {processor.py:840} INFO - DAG(s) 'example_setup_teardown_taskflow' retrieved from /Users/ehabhasan/.venvs/airflow310/lib/python3.10/site-packages/airflow/example_dags/example_setup_teardown_taskflow.py
[2025-08-19T16:51:15.016+0200] {logging_mixin.py:188} INFO - [2025-08-19T16:51:15.016+0200] {dag.py:3089} INFO - Sync 1 DAGs
[2025-08-19T16:51:15.042+0200] {logging_mixin.py:188} INFO - [2025-08-19T16:51:15.042+0200] {dag.py:3947} INFO - Setting next_dagrun for example_setup_teardown_taskflow to 2025-08-18 00:00:00+00:00, run_after=2025-08-19 00:00:00+00:00
[2025-08-19T16:51:15.048+0200] {processor.py:183} INFO - Processing /Users/ehabhasan/.venvs/airflow310/lib/python3.10/site-packages/airflow/example_dags/example_setup_teardown_taskflow.py took 0.083 seconds
[2025-08-19T16:52:55.142+0200] {processor.py:161} INFO - Started process (PID=7840) to work on /Users/ehabhasan/.venvs/airflow310/lib/python3.10/site-packages/airflow/example_dags/example_setup_teardown_taskflow.py
[2025-08-19T16:52:55.142+0200] {processor.py:830} INFO - Processing file /Users/ehabhasan/.venvs/airflow310/lib/python3.10/site-packages/airflow/example_dags/example_setup_teardown_taskflow.py for tasks to queue
[2025-08-19T16:52:55.142+0200] {logging_mixin.py:188} INFO - [2025-08-19T16:52:55.142+0200] {dagbag.py:545} INFO - Filling up the DagBag from /Users/ehabhasan/.venvs/airflow310/lib/python3.10/site-packages/airflow/example_dags/example_setup_teardown_taskflow.py
[2025-08-19T16:52:55.156+0200] {processor.py:840} INFO - DAG(s) 'example_setup_teardown_taskflow' retrieved from /Users/ehabhasan/.venvs/airflow310/lib/python3.10/site-packages/airflow/example_dags/example_setup_teardown_taskflow.py
[2025-08-19T16:52:55.192+0200] {logging_mixin.py:188} INFO - [2025-08-19T16:52:55.192+0200] {dag.py:3089} INFO - Sync 1 DAGs
[2025-08-19T16:52:55.218+0200] {logging_mixin.py:188} INFO - [2025-08-19T16:52:55.218+0200] {dag.py:3947} INFO - Setting next_dagrun for example_setup_teardown_taskflow to 2025-08-18 00:00:00+00:00, run_after=2025-08-19 00:00:00+00:00
[2025-08-19T16:52:55.224+0200] {processor.py:183} INFO - Processing /Users/ehabhasan/.venvs/airflow310/lib/python3.10/site-packages/airflow/example_dags/example_setup_teardown_taskflow.py took 0.084 seconds
[2025-08-19T16:54:32.729+0200] {processor.py:161} INFO - Started process (PID=7951) to work on /Users/ehabhasan/.venvs/airflow310/lib/python3.10/site-packages/airflow/example_dags/example_setup_teardown_taskflow.py
[2025-08-19T16:54:32.730+0200] {processor.py:830} INFO - Processing file /Users/ehabhasan/.venvs/airflow310/lib/python3.10/site-packages/airflow/example_dags/example_setup_teardown_taskflow.py for tasks to queue
[2025-08-19T16:54:32.731+0200] {logging_mixin.py:188} INFO - [2025-08-19T16:54:32.730+0200] {dagbag.py:545} INFO - Filling up the DagBag from /Users/ehabhasan/.venvs/airflow310/lib/python3.10/site-packages/airflow/example_dags/example_setup_teardown_taskflow.py
[2025-08-19T16:54:32.744+0200] {processor.py:840} INFO - DAG(s) 'example_setup_teardown_taskflow' retrieved from /Users/ehabhasan/.venvs/airflow310/lib/python3.10/site-packages/airflow/example_dags/example_setup_teardown_taskflow.py
[2025-08-19T16:54:32.780+0200] {logging_mixin.py:188} INFO - [2025-08-19T16:54:32.779+0200] {dag.py:3089} INFO - Sync 1 DAGs
[2025-08-19T16:54:32.804+0200] {logging_mixin.py:188} INFO - [2025-08-19T16:54:32.804+0200] {dag.py:3947} INFO - Setting next_dagrun for example_setup_teardown_taskflow to 2025-08-18 00:00:00+00:00, run_after=2025-08-19 00:00:00+00:00
[2025-08-19T16:54:32.811+0200] {processor.py:183} INFO - Processing /Users/ehabhasan/.venvs/airflow310/lib/python3.10/site-packages/airflow/example_dags/example_setup_teardown_taskflow.py took 0.083 seconds
[2025-08-19T16:56:10.822+0200] {processor.py:161} INFO - Started process (PID=8024) to work on /Users/ehabhasan/.venvs/airflow310/lib/python3.10/site-packages/airflow/example_dags/example_setup_teardown_taskflow.py
[2025-08-19T16:56:10.823+0200] {processor.py:830} INFO - Processing file /Users/ehabhasan/.venvs/airflow310/lib/python3.10/site-packages/airflow/example_dags/example_setup_teardown_taskflow.py for tasks to queue
[2025-08-19T16:56:10.823+0200] {logging_mixin.py:188} INFO - [2025-08-19T16:56:10.823+0200] {dagbag.py:545} INFO - Filling up the DagBag from /Users/ehabhasan/.venvs/airflow310/lib/python3.10/site-packages/airflow/example_dags/example_setup_teardown_taskflow.py
[2025-08-19T16:56:10.837+0200] {processor.py:840} INFO - DAG(s) 'example_setup_teardown_taskflow' retrieved from /Users/ehabhasan/.venvs/airflow310/lib/python3.10/site-packages/airflow/example_dags/example_setup_teardown_taskflow.py
[2025-08-19T16:56:10.872+0200] {logging_mixin.py:188} INFO - [2025-08-19T16:56:10.872+0200] {dag.py:3089} INFO - Sync 1 DAGs
[2025-08-19T16:56:10.898+0200] {logging_mixin.py:188} INFO - [2025-08-19T16:56:10.898+0200] {dag.py:3947} INFO - Setting next_dagrun for example_setup_teardown_taskflow to 2025-08-18 00:00:00+00:00, run_after=2025-08-19 00:00:00+00:00
[2025-08-19T16:56:10.905+0200] {processor.py:183} INFO - Processing /Users/ehabhasan/.venvs/airflow310/lib/python3.10/site-packages/airflow/example_dags/example_setup_teardown_taskflow.py took 0.085 seconds
[2025-08-19T16:57:54.996+0200] {processor.py:161} INFO - Started process (PID=8098) to work on /Users/ehabhasan/.venvs/airflow310/lib/python3.10/site-packages/airflow/example_dags/example_setup_teardown_taskflow.py
[2025-08-19T16:57:54.996+0200] {processor.py:830} INFO - Processing file /Users/ehabhasan/.venvs/airflow310/lib/python3.10/site-packages/airflow/example_dags/example_setup_teardown_taskflow.py for tasks to queue
[2025-08-19T16:57:54.997+0200] {logging_mixin.py:188} INFO - [2025-08-19T16:57:54.997+0200] {dagbag.py:545} INFO - Filling up the DagBag from /Users/ehabhasan/.venvs/airflow310/lib/python3.10/site-packages/airflow/example_dags/example_setup_teardown_taskflow.py
[2025-08-19T16:57:55.011+0200] {processor.py:840} INFO - DAG(s) 'example_setup_teardown_taskflow' retrieved from /Users/ehabhasan/.venvs/airflow310/lib/python3.10/site-packages/airflow/example_dags/example_setup_teardown_taskflow.py
[2025-08-19T16:57:55.046+0200] {logging_mixin.py:188} INFO - [2025-08-19T16:57:55.046+0200] {dag.py:3089} INFO - Sync 1 DAGs
[2025-08-19T16:57:55.072+0200] {logging_mixin.py:188} INFO - [2025-08-19T16:57:55.072+0200] {dag.py:3947} INFO - Setting next_dagrun for example_setup_teardown_taskflow to 2025-08-18 00:00:00+00:00, run_after=2025-08-19 00:00:00+00:00
[2025-08-19T16:57:55.078+0200] {processor.py:183} INFO - Processing /Users/ehabhasan/.venvs/airflow310/lib/python3.10/site-packages/airflow/example_dags/example_setup_teardown_taskflow.py took 0.084 seconds
[2025-08-19T17:00:03.653+0200] {processor.py:161} INFO - Started process (PID=8212) to work on /Users/ehabhasan/.venvs/airflow310/lib/python3.10/site-packages/airflow/example_dags/example_setup_teardown_taskflow.py
[2025-08-19T17:00:03.654+0200] {processor.py:830} INFO - Processing file /Users/ehabhasan/.venvs/airflow310/lib/python3.10/site-packages/airflow/example_dags/example_setup_teardown_taskflow.py for tasks to queue
[2025-08-19T17:00:03.654+0200] {logging_mixin.py:188} INFO - [2025-08-19T17:00:03.654+0200] {dagbag.py:545} INFO - Filling up the DagBag from /Users/ehabhasan/.venvs/airflow310/lib/python3.10/site-packages/airflow/example_dags/example_setup_teardown_taskflow.py
[2025-08-19T17:00:03.669+0200] {processor.py:840} INFO - DAG(s) 'example_setup_teardown_taskflow' retrieved from /Users/ehabhasan/.venvs/airflow310/lib/python3.10/site-packages/airflow/example_dags/example_setup_teardown_taskflow.py
[2025-08-19T17:00:03.707+0200] {logging_mixin.py:188} INFO - [2025-08-19T17:00:03.707+0200] {dag.py:3089} INFO - Sync 1 DAGs
[2025-08-19T17:00:03.735+0200] {logging_mixin.py:188} INFO - [2025-08-19T17:00:03.735+0200] {dag.py:3947} INFO - Setting next_dagrun for example_setup_teardown_taskflow to 2025-08-18 00:00:00+00:00, run_after=2025-08-19 00:00:00+00:00
[2025-08-19T17:00:03.742+0200] {processor.py:183} INFO - Processing /Users/ehabhasan/.venvs/airflow310/lib/python3.10/site-packages/airflow/example_dags/example_setup_teardown_taskflow.py took 0.090 seconds
[2025-08-19T17:01:53.793+0200] {processor.py:161} INFO - Started process (PID=8296) to work on /Users/ehabhasan/.venvs/airflow310/lib/python3.10/site-packages/airflow/example_dags/example_setup_teardown_taskflow.py
[2025-08-19T17:01:53.794+0200] {processor.py:830} INFO - Processing file /Users/ehabhasan/.venvs/airflow310/lib/python3.10/site-packages/airflow/example_dags/example_setup_teardown_taskflow.py for tasks to queue
[2025-08-19T17:01:53.794+0200] {logging_mixin.py:188} INFO - [2025-08-19T17:01:53.794+0200] {dagbag.py:545} INFO - Filling up the DagBag from /Users/ehabhasan/.venvs/airflow310/lib/python3.10/site-packages/airflow/example_dags/example_setup_teardown_taskflow.py
[2025-08-19T17:01:53.808+0200] {processor.py:840} INFO - DAG(s) 'example_setup_teardown_taskflow' retrieved from /Users/ehabhasan/.venvs/airflow310/lib/python3.10/site-packages/airflow/example_dags/example_setup_teardown_taskflow.py
[2025-08-19T17:01:53.844+0200] {logging_mixin.py:188} INFO - [2025-08-19T17:01:53.844+0200] {dag.py:3089} INFO - Sync 1 DAGs
[2025-08-19T17:01:53.870+0200] {logging_mixin.py:188} INFO - [2025-08-19T17:01:53.870+0200] {dag.py:3947} INFO - Setting next_dagrun for example_setup_teardown_taskflow to 2025-08-18 00:00:00+00:00, run_after=2025-08-19 00:00:00+00:00
[2025-08-19T17:01:53.876+0200] {processor.py:183} INFO - Processing /Users/ehabhasan/.venvs/airflow310/lib/python3.10/site-packages/airflow/example_dags/example_setup_teardown_taskflow.py took 0.084 seconds
[2025-08-19T17:03:30.310+0200] {processor.py:161} INFO - Started process (PID=8372) to work on /Users/ehabhasan/.venvs/airflow310/lib/python3.10/site-packages/airflow/example_dags/example_setup_teardown_taskflow.py
[2025-08-19T17:03:30.311+0200] {processor.py:830} INFO - Processing file /Users/ehabhasan/.venvs/airflow310/lib/python3.10/site-packages/airflow/example_dags/example_setup_teardown_taskflow.py for tasks to queue
[2025-08-19T17:03:30.311+0200] {logging_mixin.py:188} INFO - [2025-08-19T17:03:30.311+0200] {dagbag.py:545} INFO - Filling up the DagBag from /Users/ehabhasan/.venvs/airflow310/lib/python3.10/site-packages/airflow/example_dags/example_setup_teardown_taskflow.py
[2025-08-19T17:03:30.326+0200] {processor.py:840} INFO - DAG(s) 'example_setup_teardown_taskflow' retrieved from /Users/ehabhasan/.venvs/airflow310/lib/python3.10/site-packages/airflow/example_dags/example_setup_teardown_taskflow.py
[2025-08-19T17:03:30.367+0200] {logging_mixin.py:188} INFO - [2025-08-19T17:03:30.366+0200] {dag.py:3089} INFO - Sync 1 DAGs
[2025-08-19T17:03:30.397+0200] {logging_mixin.py:188} INFO - [2025-08-19T17:03:30.397+0200] {dag.py:3947} INFO - Setting next_dagrun for example_setup_teardown_taskflow to 2025-08-18 00:00:00+00:00, run_after=2025-08-19 00:00:00+00:00
[2025-08-19T17:03:30.404+0200] {processor.py:183} INFO - Processing /Users/ehabhasan/.venvs/airflow310/lib/python3.10/site-packages/airflow/example_dags/example_setup_teardown_taskflow.py took 0.096 seconds
[2025-08-19T17:05:09.948+0200] {processor.py:161} INFO - Started process (PID=8977) to work on /Users/ehabhasan/.venvs/airflow310/lib/python3.10/site-packages/airflow/example_dags/example_setup_teardown_taskflow.py
[2025-08-19T17:05:09.949+0200] {processor.py:830} INFO - Processing file /Users/ehabhasan/.venvs/airflow310/lib/python3.10/site-packages/airflow/example_dags/example_setup_teardown_taskflow.py for tasks to queue
[2025-08-19T17:05:09.949+0200] {logging_mixin.py:188} INFO - [2025-08-19T17:05:09.949+0200] {dagbag.py:545} INFO - Filling up the DagBag from /Users/ehabhasan/.venvs/airflow310/lib/python3.10/site-packages/airflow/example_dags/example_setup_teardown_taskflow.py
[2025-08-19T17:05:09.963+0200] {processor.py:840} INFO - DAG(s) 'example_setup_teardown_taskflow' retrieved from /Users/ehabhasan/.venvs/airflow310/lib/python3.10/site-packages/airflow/example_dags/example_setup_teardown_taskflow.py
[2025-08-19T17:05:10.001+0200] {logging_mixin.py:188} INFO - [2025-08-19T17:05:10.001+0200] {dag.py:3089} INFO - Sync 1 DAGs
[2025-08-19T17:05:10.035+0200] {logging_mixin.py:188} INFO - [2025-08-19T17:05:10.035+0200] {dag.py:3947} INFO - Setting next_dagrun for example_setup_teardown_taskflow to 2025-08-18 00:00:00+00:00, run_after=2025-08-19 00:00:00+00:00
[2025-08-19T17:05:10.042+0200] {processor.py:183} INFO - Processing /Users/ehabhasan/.venvs/airflow310/lib/python3.10/site-packages/airflow/example_dags/example_setup_teardown_taskflow.py took 0.096 seconds
[2025-08-19T17:06:57.994+0200] {processor.py:161} INFO - Started process (PID=9464) to work on /Users/ehabhasan/.venvs/airflow310/lib/python3.10/site-packages/airflow/example_dags/example_setup_teardown_taskflow.py
[2025-08-19T17:06:57.995+0200] {processor.py:830} INFO - Processing file /Users/ehabhasan/.venvs/airflow310/lib/python3.10/site-packages/airflow/example_dags/example_setup_teardown_taskflow.py for tasks to queue
[2025-08-19T17:06:57.995+0200] {logging_mixin.py:188} INFO - [2025-08-19T17:06:57.995+0200] {dagbag.py:545} INFO - Filling up the DagBag from /Users/ehabhasan/.venvs/airflow310/lib/python3.10/site-packages/airflow/example_dags/example_setup_teardown_taskflow.py
[2025-08-19T17:06:58.009+0200] {processor.py:840} INFO - DAG(s) 'example_setup_teardown_taskflow' retrieved from /Users/ehabhasan/.venvs/airflow310/lib/python3.10/site-packages/airflow/example_dags/example_setup_teardown_taskflow.py
[2025-08-19T17:06:58.044+0200] {logging_mixin.py:188} INFO - [2025-08-19T17:06:58.044+0200] {dag.py:3089} INFO - Sync 1 DAGs
[2025-08-19T17:06:58.070+0200] {logging_mixin.py:188} INFO - [2025-08-19T17:06:58.070+0200] {dag.py:3947} INFO - Setting next_dagrun for example_setup_teardown_taskflow to 2025-08-18 00:00:00+00:00, run_after=2025-08-19 00:00:00+00:00
[2025-08-19T17:06:58.076+0200] {processor.py:183} INFO - Processing /Users/ehabhasan/.venvs/airflow310/lib/python3.10/site-packages/airflow/example_dags/example_setup_teardown_taskflow.py took 0.084 seconds
[2025-08-19T17:08:44.150+0200] {processor.py:161} INFO - Started process (PID=10163) to work on /Users/ehabhasan/.venvs/airflow310/lib/python3.10/site-packages/airflow/example_dags/example_setup_teardown_taskflow.py
[2025-08-19T17:08:44.150+0200] {processor.py:830} INFO - Processing file /Users/ehabhasan/.venvs/airflow310/lib/python3.10/site-packages/airflow/example_dags/example_setup_teardown_taskflow.py for tasks to queue
[2025-08-19T17:08:44.150+0200] {logging_mixin.py:188} INFO - [2025-08-19T17:08:44.150+0200] {dagbag.py:545} INFO - Filling up the DagBag from /Users/ehabhasan/.venvs/airflow310/lib/python3.10/site-packages/airflow/example_dags/example_setup_teardown_taskflow.py
[2025-08-19T17:08:44.165+0200] {processor.py:840} INFO - DAG(s) 'example_setup_teardown_taskflow' retrieved from /Users/ehabhasan/.venvs/airflow310/lib/python3.10/site-packages/airflow/example_dags/example_setup_teardown_taskflow.py
[2025-08-19T17:08:44.202+0200] {logging_mixin.py:188} INFO - [2025-08-19T17:08:44.202+0200] {dag.py:3089} INFO - Sync 1 DAGs
[2025-08-19T17:08:44.230+0200] {logging_mixin.py:188} INFO - [2025-08-19T17:08:44.230+0200] {dag.py:3947} INFO - Setting next_dagrun for example_setup_teardown_taskflow to 2025-08-18 00:00:00+00:00, run_after=2025-08-19 00:00:00+00:00
[2025-08-19T17:08:44.237+0200] {processor.py:183} INFO - Processing /Users/ehabhasan/.venvs/airflow310/lib/python3.10/site-packages/airflow/example_dags/example_setup_teardown_taskflow.py took 0.089 seconds
[2025-08-19T17:10:34.569+0200] {processor.py:161} INFO - Started process (PID=10278) to work on /Users/ehabhasan/.venvs/airflow310/lib/python3.10/site-packages/airflow/example_dags/example_setup_teardown_taskflow.py
[2025-08-19T17:10:34.569+0200] {processor.py:830} INFO - Processing file /Users/ehabhasan/.venvs/airflow310/lib/python3.10/site-packages/airflow/example_dags/example_setup_teardown_taskflow.py for tasks to queue
[2025-08-19T17:10:34.569+0200] {logging_mixin.py:188} INFO - [2025-08-19T17:10:34.569+0200] {dagbag.py:545} INFO - Filling up the DagBag from /Users/ehabhasan/.venvs/airflow310/lib/python3.10/site-packages/airflow/example_dags/example_setup_teardown_taskflow.py
[2025-08-19T17:10:34.584+0200] {processor.py:840} INFO - DAG(s) 'example_setup_teardown_taskflow' retrieved from /Users/ehabhasan/.venvs/airflow310/lib/python3.10/site-packages/airflow/example_dags/example_setup_teardown_taskflow.py
[2025-08-19T17:10:34.621+0200] {logging_mixin.py:188} INFO - [2025-08-19T17:10:34.621+0200] {dag.py:3089} INFO - Sync 1 DAGs
[2025-08-19T17:10:34.647+0200] {logging_mixin.py:188} INFO - [2025-08-19T17:10:34.647+0200] {dag.py:3947} INFO - Setting next_dagrun for example_setup_teardown_taskflow to 2025-08-18 00:00:00+00:00, run_after=2025-08-19 00:00:00+00:00
[2025-08-19T17:10:34.653+0200] {processor.py:183} INFO - Processing /Users/ehabhasan/.venvs/airflow310/lib/python3.10/site-packages/airflow/example_dags/example_setup_teardown_taskflow.py took 0.086 seconds
[2025-08-19T17:12:23.722+0200] {processor.py:161} INFO - Started process (PID=10364) to work on /Users/ehabhasan/.venvs/airflow310/lib/python3.10/site-packages/airflow/example_dags/example_setup_teardown_taskflow.py
[2025-08-19T17:12:23.722+0200] {processor.py:830} INFO - Processing file /Users/ehabhasan/.venvs/airflow310/lib/python3.10/site-packages/airflow/example_dags/example_setup_teardown_taskflow.py for tasks to queue
[2025-08-19T17:12:23.722+0200] {logging_mixin.py:188} INFO - [2025-08-19T17:12:23.722+0200] {dagbag.py:545} INFO - Filling up the DagBag from /Users/ehabhasan/.venvs/airflow310/lib/python3.10/site-packages/airflow/example_dags/example_setup_teardown_taskflow.py
[2025-08-19T17:12:23.736+0200] {processor.py:840} INFO - DAG(s) 'example_setup_teardown_taskflow' retrieved from /Users/ehabhasan/.venvs/airflow310/lib/python3.10/site-packages/airflow/example_dags/example_setup_teardown_taskflow.py
[2025-08-19T17:12:23.772+0200] {logging_mixin.py:188} INFO - [2025-08-19T17:12:23.772+0200] {dag.py:3089} INFO - Sync 1 DAGs
[2025-08-19T17:12:23.798+0200] {logging_mixin.py:188} INFO - [2025-08-19T17:12:23.798+0200] {dag.py:3947} INFO - Setting next_dagrun for example_setup_teardown_taskflow to 2025-08-18 00:00:00+00:00, run_after=2025-08-19 00:00:00+00:00
[2025-08-19T17:12:23.804+0200] {processor.py:183} INFO - Processing /Users/ehabhasan/.venvs/airflow310/lib/python3.10/site-packages/airflow/example_dags/example_setup_teardown_taskflow.py took 0.084 seconds
[2025-08-19T17:14:15.653+0200] {processor.py:161} INFO - Started process (PID=10471) to work on /Users/ehabhasan/.venvs/airflow310/lib/python3.10/site-packages/airflow/example_dags/example_setup_teardown_taskflow.py
[2025-08-19T17:14:15.653+0200] {processor.py:830} INFO - Processing file /Users/ehabhasan/.venvs/airflow310/lib/python3.10/site-packages/airflow/example_dags/example_setup_teardown_taskflow.py for tasks to queue
[2025-08-19T17:14:15.653+0200] {logging_mixin.py:188} INFO - [2025-08-19T17:14:15.653+0200] {dagbag.py:545} INFO - Filling up the DagBag from /Users/ehabhasan/.venvs/airflow310/lib/python3.10/site-packages/airflow/example_dags/example_setup_teardown_taskflow.py
[2025-08-19T17:14:15.668+0200] {processor.py:840} INFO - DAG(s) 'example_setup_teardown_taskflow' retrieved from /Users/ehabhasan/.venvs/airflow310/lib/python3.10/site-packages/airflow/example_dags/example_setup_teardown_taskflow.py
[2025-08-19T17:14:15.703+0200] {logging_mixin.py:188} INFO - [2025-08-19T17:14:15.703+0200] {dag.py:3089} INFO - Sync 1 DAGs
[2025-08-19T17:14:15.731+0200] {logging_mixin.py:188} INFO - [2025-08-19T17:14:15.730+0200] {dag.py:3947} INFO - Setting next_dagrun for example_setup_teardown_taskflow to 2025-08-18 00:00:00+00:00, run_after=2025-08-19 00:00:00+00:00
[2025-08-19T17:14:15.737+0200] {processor.py:183} INFO - Processing /Users/ehabhasan/.venvs/airflow310/lib/python3.10/site-packages/airflow/example_dags/example_setup_teardown_taskflow.py took 0.086 seconds
[2025-08-19T17:16:07.310+0200] {processor.py:161} INFO - Started process (PID=10801) to work on /Users/ehabhasan/.venvs/airflow310/lib/python3.10/site-packages/airflow/example_dags/example_setup_teardown_taskflow.py
[2025-08-19T17:16:07.310+0200] {processor.py:830} INFO - Processing file /Users/ehabhasan/.venvs/airflow310/lib/python3.10/site-packages/airflow/example_dags/example_setup_teardown_taskflow.py for tasks to queue
[2025-08-19T17:16:07.310+0200] {logging_mixin.py:188} INFO - [2025-08-19T17:16:07.310+0200] {dagbag.py:545} INFO - Filling up the DagBag from /Users/ehabhasan/.venvs/airflow310/lib/python3.10/site-packages/airflow/example_dags/example_setup_teardown_taskflow.py
[2025-08-19T17:16:07.324+0200] {processor.py:840} INFO - DAG(s) 'example_setup_teardown_taskflow' retrieved from /Users/ehabhasan/.venvs/airflow310/lib/python3.10/site-packages/airflow/example_dags/example_setup_teardown_taskflow.py
[2025-08-19T17:16:07.359+0200] {logging_mixin.py:188} INFO - [2025-08-19T17:16:07.359+0200] {dag.py:3089} INFO - Sync 1 DAGs
[2025-08-19T17:16:07.384+0200] {logging_mixin.py:188} INFO - [2025-08-19T17:16:07.384+0200] {dag.py:3947} INFO - Setting next_dagrun for example_setup_teardown_taskflow to 2025-08-18 00:00:00+00:00, run_after=2025-08-19 00:00:00+00:00
[2025-08-19T17:16:07.390+0200] {processor.py:183} INFO - Processing /Users/ehabhasan/.venvs/airflow310/lib/python3.10/site-packages/airflow/example_dags/example_setup_teardown_taskflow.py took 0.082 seconds
[2025-08-19T17:18:01.228+0200] {processor.py:161} INFO - Started process (PID=11475) to work on /Users/ehabhasan/.venvs/airflow310/lib/python3.10/site-packages/airflow/example_dags/example_setup_teardown_taskflow.py
[2025-08-19T17:18:01.229+0200] {processor.py:830} INFO - Processing file /Users/ehabhasan/.venvs/airflow310/lib/python3.10/site-packages/airflow/example_dags/example_setup_teardown_taskflow.py for tasks to queue
[2025-08-19T17:18:01.229+0200] {logging_mixin.py:188} INFO - [2025-08-19T17:18:01.229+0200] {dagbag.py:545} INFO - Filling up the DagBag from /Users/ehabhasan/.venvs/airflow310/lib/python3.10/site-packages/airflow/example_dags/example_setup_teardown_taskflow.py
[2025-08-19T17:18:01.243+0200] {processor.py:840} INFO - DAG(s) 'example_setup_teardown_taskflow' retrieved from /Users/ehabhasan/.venvs/airflow310/lib/python3.10/site-packages/airflow/example_dags/example_setup_teardown_taskflow.py
[2025-08-19T17:18:01.280+0200] {logging_mixin.py:188} INFO - [2025-08-19T17:18:01.280+0200] {dag.py:3089} INFO - Sync 1 DAGs
[2025-08-19T17:18:01.307+0200] {logging_mixin.py:188} INFO - [2025-08-19T17:18:01.307+0200] {dag.py:3947} INFO - Setting next_dagrun for example_setup_teardown_taskflow to 2025-08-18 00:00:00+00:00, run_after=2025-08-19 00:00:00+00:00
[2025-08-19T17:18:01.314+0200] {processor.py:183} INFO - Processing /Users/ehabhasan/.venvs/airflow310/lib/python3.10/site-packages/airflow/example_dags/example_setup_teardown_taskflow.py took 0.088 seconds
[2025-08-19T17:19:46.009+0200] {processor.py:161} INFO - Started process (PID=11573) to work on /Users/ehabhasan/.venvs/airflow310/lib/python3.10/site-packages/airflow/example_dags/example_setup_teardown_taskflow.py
[2025-08-19T17:19:46.009+0200] {processor.py:830} INFO - Processing file /Users/ehabhasan/.venvs/airflow310/lib/python3.10/site-packages/airflow/example_dags/example_setup_teardown_taskflow.py for tasks to queue
[2025-08-19T17:19:46.009+0200] {logging_mixin.py:188} INFO - [2025-08-19T17:19:46.009+0200] {dagbag.py:545} INFO - Filling up the DagBag from /Users/ehabhasan/.venvs/airflow310/lib/python3.10/site-packages/airflow/example_dags/example_setup_teardown_taskflow.py
[2025-08-19T17:19:46.023+0200] {processor.py:840} INFO - DAG(s) 'example_setup_teardown_taskflow' retrieved from /Users/ehabhasan/.venvs/airflow310/lib/python3.10/site-packages/airflow/example_dags/example_setup_teardown_taskflow.py
[2025-08-19T17:19:46.058+0200] {logging_mixin.py:188} INFO - [2025-08-19T17:19:46.058+0200] {dag.py:3089} INFO - Sync 1 DAGs
[2025-08-19T17:19:46.084+0200] {logging_mixin.py:188} INFO - [2025-08-19T17:19:46.084+0200] {dag.py:3947} INFO - Setting next_dagrun for example_setup_teardown_taskflow to 2025-08-18 00:00:00+00:00, run_after=2025-08-19 00:00:00+00:00
[2025-08-19T17:19:46.090+0200] {processor.py:183} INFO - Processing /Users/ehabhasan/.venvs/airflow310/lib/python3.10/site-packages/airflow/example_dags/example_setup_teardown_taskflow.py took 0.083 seconds
[2025-08-19T17:21:27.770+0200] {processor.py:161} INFO - Started process (PID=11648) to work on /Users/ehabhasan/.venvs/airflow310/lib/python3.10/site-packages/airflow/example_dags/example_setup_teardown_taskflow.py
[2025-08-19T17:21:27.771+0200] {processor.py:830} INFO - Processing file /Users/ehabhasan/.venvs/airflow310/lib/python3.10/site-packages/airflow/example_dags/example_setup_teardown_taskflow.py for tasks to queue
[2025-08-19T17:21:27.771+0200] {logging_mixin.py:188} INFO - [2025-08-19T17:21:27.771+0200] {dagbag.py:545} INFO - Filling up the DagBag from /Users/ehabhasan/.venvs/airflow310/lib/python3.10/site-packages/airflow/example_dags/example_setup_teardown_taskflow.py
[2025-08-19T17:21:27.785+0200] {processor.py:840} INFO - DAG(s) 'example_setup_teardown_taskflow' retrieved from /Users/ehabhasan/.venvs/airflow310/lib/python3.10/site-packages/airflow/example_dags/example_setup_teardown_taskflow.py
[2025-08-19T17:21:27.820+0200] {logging_mixin.py:188} INFO - [2025-08-19T17:21:27.820+0200] {dag.py:3089} INFO - Sync 1 DAGs
[2025-08-19T17:21:27.845+0200] {logging_mixin.py:188} INFO - [2025-08-19T17:21:27.845+0200] {dag.py:3947} INFO - Setting next_dagrun for example_setup_teardown_taskflow to 2025-08-18 00:00:00+00:00, run_after=2025-08-19 00:00:00+00:00
[2025-08-19T17:21:27.852+0200] {processor.py:183} INFO - Processing /Users/ehabhasan/.venvs/airflow310/lib/python3.10/site-packages/airflow/example_dags/example_setup_teardown_taskflow.py took 0.083 seconds
[2025-08-19T17:23:20.418+0200] {processor.py:161} INFO - Started process (PID=11722) to work on /Users/ehabhasan/.venvs/airflow310/lib/python3.10/site-packages/airflow/example_dags/example_setup_teardown_taskflow.py
[2025-08-19T17:23:20.418+0200] {processor.py:830} INFO - Processing file /Users/ehabhasan/.venvs/airflow310/lib/python3.10/site-packages/airflow/example_dags/example_setup_teardown_taskflow.py for tasks to queue
[2025-08-19T17:23:20.418+0200] {logging_mixin.py:188} INFO - [2025-08-19T17:23:20.418+0200] {dagbag.py:545} INFO - Filling up the DagBag from /Users/ehabhasan/.venvs/airflow310/lib/python3.10/site-packages/airflow/example_dags/example_setup_teardown_taskflow.py
[2025-08-19T17:23:20.432+0200] {processor.py:840} INFO - DAG(s) 'example_setup_teardown_taskflow' retrieved from /Users/ehabhasan/.venvs/airflow310/lib/python3.10/site-packages/airflow/example_dags/example_setup_teardown_taskflow.py
[2025-08-19T17:23:20.468+0200] {logging_mixin.py:188} INFO - [2025-08-19T17:23:20.467+0200] {dag.py:3089} INFO - Sync 1 DAGs
[2025-08-19T17:23:20.492+0200] {logging_mixin.py:188} INFO - [2025-08-19T17:23:20.492+0200] {dag.py:3947} INFO - Setting next_dagrun for example_setup_teardown_taskflow to 2025-08-18 00:00:00+00:00, run_after=2025-08-19 00:00:00+00:00
[2025-08-19T17:23:20.500+0200] {processor.py:183} INFO - Processing /Users/ehabhasan/.venvs/airflow310/lib/python3.10/site-packages/airflow/example_dags/example_setup_teardown_taskflow.py took 0.084 seconds
[2025-08-19T17:25:05.044+0200] {processor.py:161} INFO - Started process (PID=11806) to work on /Users/ehabhasan/.venvs/airflow310/lib/python3.10/site-packages/airflow/example_dags/example_setup_teardown_taskflow.py
[2025-08-19T17:25:05.045+0200] {processor.py:830} INFO - Processing file /Users/ehabhasan/.venvs/airflow310/lib/python3.10/site-packages/airflow/example_dags/example_setup_teardown_taskflow.py for tasks to queue
[2025-08-19T17:25:05.045+0200] {logging_mixin.py:188} INFO - [2025-08-19T17:25:05.045+0200] {dagbag.py:545} INFO - Filling up the DagBag from /Users/ehabhasan/.venvs/airflow310/lib/python3.10/site-packages/airflow/example_dags/example_setup_teardown_taskflow.py
[2025-08-19T17:25:05.059+0200] {processor.py:840} INFO - DAG(s) 'example_setup_teardown_taskflow' retrieved from /Users/ehabhasan/.venvs/airflow310/lib/python3.10/site-packages/airflow/example_dags/example_setup_teardown_taskflow.py
[2025-08-19T17:25:05.095+0200] {logging_mixin.py:188} INFO - [2025-08-19T17:25:05.095+0200] {dag.py:3089} INFO - Sync 1 DAGs
[2025-08-19T17:25:05.121+0200] {logging_mixin.py:188} INFO - [2025-08-19T17:25:05.120+0200] {dag.py:3947} INFO - Setting next_dagrun for example_setup_teardown_taskflow to 2025-08-18 00:00:00+00:00, run_after=2025-08-19 00:00:00+00:00
[2025-08-19T17:25:05.127+0200] {processor.py:183} INFO - Processing /Users/ehabhasan/.venvs/airflow310/lib/python3.10/site-packages/airflow/example_dags/example_setup_teardown_taskflow.py took 0.085 seconds
[2025-08-19T17:26:50.750+0200] {processor.py:161} INFO - Started process (PID=11883) to work on /Users/ehabhasan/.venvs/airflow310/lib/python3.10/site-packages/airflow/example_dags/example_setup_teardown_taskflow.py
[2025-08-19T17:26:50.751+0200] {processor.py:830} INFO - Processing file /Users/ehabhasan/.venvs/airflow310/lib/python3.10/site-packages/airflow/example_dags/example_setup_teardown_taskflow.py for tasks to queue
[2025-08-19T17:26:50.751+0200] {logging_mixin.py:188} INFO - [2025-08-19T17:26:50.751+0200] {dagbag.py:545} INFO - Filling up the DagBag from /Users/ehabhasan/.venvs/airflow310/lib/python3.10/site-packages/airflow/example_dags/example_setup_teardown_taskflow.py
[2025-08-19T17:26:50.766+0200] {processor.py:840} INFO - DAG(s) 'example_setup_teardown_taskflow' retrieved from /Users/ehabhasan/.venvs/airflow310/lib/python3.10/site-packages/airflow/example_dags/example_setup_teardown_taskflow.py
[2025-08-19T17:26:50.801+0200] {logging_mixin.py:188} INFO - [2025-08-19T17:26:50.801+0200] {dag.py:3089} INFO - Sync 1 DAGs
[2025-08-19T17:26:50.826+0200] {logging_mixin.py:188} INFO - [2025-08-19T17:26:50.826+0200] {dag.py:3947} INFO - Setting next_dagrun for example_setup_teardown_taskflow to 2025-08-18 00:00:00+00:00, run_after=2025-08-19 00:00:00+00:00
[2025-08-19T17:26:50.833+0200] {processor.py:183} INFO - Processing /Users/ehabhasan/.venvs/airflow310/lib/python3.10/site-packages/airflow/example_dags/example_setup_teardown_taskflow.py took 0.084 seconds
[2025-08-19T17:28:40.093+0200] {processor.py:161} INFO - Started process (PID=11973) to work on /Users/ehabhasan/.venvs/airflow310/lib/python3.10/site-packages/airflow/example_dags/example_setup_teardown_taskflow.py
[2025-08-19T17:28:40.094+0200] {processor.py:830} INFO - Processing file /Users/ehabhasan/.venvs/airflow310/lib/python3.10/site-packages/airflow/example_dags/example_setup_teardown_taskflow.py for tasks to queue
[2025-08-19T17:28:40.094+0200] {logging_mixin.py:188} INFO - [2025-08-19T17:28:40.094+0200] {dagbag.py:545} INFO - Filling up the DagBag from /Users/ehabhasan/.venvs/airflow310/lib/python3.10/site-packages/airflow/example_dags/example_setup_teardown_taskflow.py
[2025-08-19T17:28:40.107+0200] {processor.py:840} INFO - DAG(s) 'example_setup_teardown_taskflow' retrieved from /Users/ehabhasan/.venvs/airflow310/lib/python3.10/site-packages/airflow/example_dags/example_setup_teardown_taskflow.py
[2025-08-19T17:28:40.143+0200] {logging_mixin.py:188} INFO - [2025-08-19T17:28:40.143+0200] {dag.py:3089} INFO - Sync 1 DAGs
[2025-08-19T17:28:40.169+0200] {logging_mixin.py:188} INFO - [2025-08-19T17:28:40.169+0200] {dag.py:3947} INFO - Setting next_dagrun for example_setup_teardown_taskflow to 2025-08-18 00:00:00+00:00, run_after=2025-08-19 00:00:00+00:00
[2025-08-19T17:28:40.176+0200] {processor.py:183} INFO - Processing /Users/ehabhasan/.venvs/airflow310/lib/python3.10/site-packages/airflow/example_dags/example_setup_teardown_taskflow.py took 0.085 seconds
[2025-08-19T17:30:32.802+0200] {processor.py:161} INFO - Started process (PID=13213) to work on /Users/ehabhasan/.venvs/airflow310/lib/python3.10/site-packages/airflow/example_dags/example_setup_teardown_taskflow.py
[2025-08-19T17:30:32.802+0200] {processor.py:830} INFO - Processing file /Users/ehabhasan/.venvs/airflow310/lib/python3.10/site-packages/airflow/example_dags/example_setup_teardown_taskflow.py for tasks to queue
[2025-08-19T17:30:32.802+0200] {logging_mixin.py:188} INFO - [2025-08-19T17:30:32.802+0200] {dagbag.py:545} INFO - Filling up the DagBag from /Users/ehabhasan/.venvs/airflow310/lib/python3.10/site-packages/airflow/example_dags/example_setup_teardown_taskflow.py
[2025-08-19T17:30:32.817+0200] {processor.py:840} INFO - DAG(s) 'example_setup_teardown_taskflow' retrieved from /Users/ehabhasan/.venvs/airflow310/lib/python3.10/site-packages/airflow/example_dags/example_setup_teardown_taskflow.py
[2025-08-19T17:30:32.855+0200] {logging_mixin.py:188} INFO - [2025-08-19T17:30:32.855+0200] {dag.py:3089} INFO - Sync 1 DAGs
[2025-08-19T17:30:32.883+0200] {logging_mixin.py:188} INFO - [2025-08-19T17:30:32.883+0200] {dag.py:3947} INFO - Setting next_dagrun for example_setup_teardown_taskflow to 2025-08-18 00:00:00+00:00, run_after=2025-08-19 00:00:00+00:00
[2025-08-19T17:30:32.890+0200] {processor.py:183} INFO - Processing /Users/ehabhasan/.venvs/airflow310/lib/python3.10/site-packages/airflow/example_dags/example_setup_teardown_taskflow.py took 0.090 seconds
[2025-08-19T17:32:28.861+0200] {processor.py:161} INFO - Started process (PID=14142) to work on /Users/ehabhasan/.venvs/airflow310/lib/python3.10/site-packages/airflow/example_dags/example_setup_teardown_taskflow.py
[2025-08-19T17:32:28.861+0200] {processor.py:830} INFO - Processing file /Users/ehabhasan/.venvs/airflow310/lib/python3.10/site-packages/airflow/example_dags/example_setup_teardown_taskflow.py for tasks to queue
[2025-08-19T17:32:28.861+0200] {logging_mixin.py:188} INFO - [2025-08-19T17:32:28.861+0200] {dagbag.py:545} INFO - Filling up the DagBag from /Users/ehabhasan/.venvs/airflow310/lib/python3.10/site-packages/airflow/example_dags/example_setup_teardown_taskflow.py
[2025-08-19T17:32:28.877+0200] {processor.py:840} INFO - DAG(s) 'example_setup_teardown_taskflow' retrieved from /Users/ehabhasan/.venvs/airflow310/lib/python3.10/site-packages/airflow/example_dags/example_setup_teardown_taskflow.py
[2025-08-19T17:32:28.914+0200] {logging_mixin.py:188} INFO - [2025-08-19T17:32:28.913+0200] {dag.py:3089} INFO - Sync 1 DAGs
[2025-08-19T17:32:28.940+0200] {logging_mixin.py:188} INFO - [2025-08-19T17:32:28.940+0200] {dag.py:3947} INFO - Setting next_dagrun for example_setup_teardown_taskflow to 2025-08-18 00:00:00+00:00, run_after=2025-08-19 00:00:00+00:00
[2025-08-19T17:32:28.947+0200] {processor.py:183} INFO - Processing /Users/ehabhasan/.venvs/airflow310/lib/python3.10/site-packages/airflow/example_dags/example_setup_teardown_taskflow.py took 0.089 seconds
[2025-08-19T17:34:14.639+0200] {processor.py:161} INFO - Started process (PID=14243) to work on /Users/ehabhasan/.venvs/airflow310/lib/python3.10/site-packages/airflow/example_dags/example_setup_teardown_taskflow.py
[2025-08-19T17:34:14.639+0200] {processor.py:830} INFO - Processing file /Users/ehabhasan/.venvs/airflow310/lib/python3.10/site-packages/airflow/example_dags/example_setup_teardown_taskflow.py for tasks to queue
[2025-08-19T17:34:14.640+0200] {logging_mixin.py:188} INFO - [2025-08-19T17:34:14.640+0200] {dagbag.py:545} INFO - Filling up the DagBag from /Users/ehabhasan/.venvs/airflow310/lib/python3.10/site-packages/airflow/example_dags/example_setup_teardown_taskflow.py
[2025-08-19T17:34:14.654+0200] {processor.py:840} INFO - DAG(s) 'example_setup_teardown_taskflow' retrieved from /Users/ehabhasan/.venvs/airflow310/lib/python3.10/site-packages/airflow/example_dags/example_setup_teardown_taskflow.py
[2025-08-19T17:34:14.690+0200] {logging_mixin.py:188} INFO - [2025-08-19T17:34:14.690+0200] {dag.py:3089} INFO - Sync 1 DAGs
[2025-08-19T17:34:14.716+0200] {logging_mixin.py:188} INFO - [2025-08-19T17:34:14.716+0200] {dag.py:3947} INFO - Setting next_dagrun for example_setup_teardown_taskflow to 2025-08-18 00:00:00+00:00, run_after=2025-08-19 00:00:00+00:00
[2025-08-19T17:34:14.723+0200] {processor.py:183} INFO - Processing /Users/ehabhasan/.venvs/airflow310/lib/python3.10/site-packages/airflow/example_dags/example_setup_teardown_taskflow.py took 0.086 seconds
[2025-08-19T17:36:04.456+0200] {processor.py:161} INFO - Started process (PID=14461) to work on /Users/ehabhasan/.venvs/airflow310/lib/python3.10/site-packages/airflow/example_dags/example_setup_teardown_taskflow.py
[2025-08-19T17:36:04.457+0200] {processor.py:830} INFO - Processing file /Users/ehabhasan/.venvs/airflow310/lib/python3.10/site-packages/airflow/example_dags/example_setup_teardown_taskflow.py for tasks to queue
[2025-08-19T17:36:04.457+0200] {logging_mixin.py:188} INFO - [2025-08-19T17:36:04.457+0200] {dagbag.py:545} INFO - Filling up the DagBag from /Users/ehabhasan/.venvs/airflow310/lib/python3.10/site-packages/airflow/example_dags/example_setup_teardown_taskflow.py
[2025-08-19T17:36:04.471+0200] {processor.py:840} INFO - DAG(s) 'example_setup_teardown_taskflow' retrieved from /Users/ehabhasan/.venvs/airflow310/lib/python3.10/site-packages/airflow/example_dags/example_setup_teardown_taskflow.py
[2025-08-19T17:36:04.507+0200] {logging_mixin.py:188} INFO - [2025-08-19T17:36:04.507+0200] {dag.py:3089} INFO - Sync 1 DAGs
[2025-08-19T17:36:04.533+0200] {logging_mixin.py:188} INFO - [2025-08-19T17:36:04.533+0200] {dag.py:3947} INFO - Setting next_dagrun for example_setup_teardown_taskflow to 2025-08-18 00:00:00+00:00, run_after=2025-08-19 00:00:00+00:00
[2025-08-19T17:36:04.540+0200] {processor.py:183} INFO - Processing /Users/ehabhasan/.venvs/airflow310/lib/python3.10/site-packages/airflow/example_dags/example_setup_teardown_taskflow.py took 0.085 seconds
[2025-08-19T17:37:59.270+0200] {processor.py:161} INFO - Started process (PID=14589) to work on /Users/ehabhasan/.venvs/airflow310/lib/python3.10/site-packages/airflow/example_dags/example_setup_teardown_taskflow.py
[2025-08-19T17:37:59.270+0200] {processor.py:830} INFO - Processing file /Users/ehabhasan/.venvs/airflow310/lib/python3.10/site-packages/airflow/example_dags/example_setup_teardown_taskflow.py for tasks to queue
[2025-08-19T17:37:59.270+0200] {logging_mixin.py:188} INFO - [2025-08-19T17:37:59.270+0200] {dagbag.py:545} INFO - Filling up the DagBag from /Users/ehabhasan/.venvs/airflow310/lib/python3.10/site-packages/airflow/example_dags/example_setup_teardown_taskflow.py
[2025-08-19T17:37:59.285+0200] {processor.py:840} INFO - DAG(s) 'example_setup_teardown_taskflow' retrieved from /Users/ehabhasan/.venvs/airflow310/lib/python3.10/site-packages/airflow/example_dags/example_setup_teardown_taskflow.py
[2025-08-19T17:37:59.321+0200] {logging_mixin.py:188} INFO - [2025-08-19T17:37:59.321+0200] {dag.py:3089} INFO - Sync 1 DAGs
[2025-08-19T17:37:59.347+0200] {logging_mixin.py:188} INFO - [2025-08-19T17:37:59.347+0200] {dag.py:3947} INFO - Setting next_dagrun for example_setup_teardown_taskflow to 2025-08-18 00:00:00+00:00, run_after=2025-08-19 00:00:00+00:00
[2025-08-19T17:37:59.353+0200] {processor.py:183} INFO - Processing /Users/ehabhasan/.venvs/airflow310/lib/python3.10/site-packages/airflow/example_dags/example_setup_teardown_taskflow.py took 0.085 seconds
[2025-08-19T17:40:04.221+0200] {processor.py:161} INFO - Started process (PID=14823) to work on /Users/ehabhasan/.venvs/airflow310/lib/python3.10/site-packages/airflow/example_dags/example_setup_teardown_taskflow.py
[2025-08-19T17:40:04.221+0200] {processor.py:830} INFO - Processing file /Users/ehabhasan/.venvs/airflow310/lib/python3.10/site-packages/airflow/example_dags/example_setup_teardown_taskflow.py for tasks to queue
[2025-08-19T17:40:04.221+0200] {logging_mixin.py:188} INFO - [2025-08-19T17:40:04.221+0200] {dagbag.py:545} INFO - Filling up the DagBag from /Users/ehabhasan/.venvs/airflow310/lib/python3.10/site-packages/airflow/example_dags/example_setup_teardown_taskflow.py
[2025-08-19T17:40:04.237+0200] {processor.py:840} INFO - DAG(s) 'example_setup_teardown_taskflow' retrieved from /Users/ehabhasan/.venvs/airflow310/lib/python3.10/site-packages/airflow/example_dags/example_setup_teardown_taskflow.py
[2025-08-19T17:40:04.276+0200] {logging_mixin.py:188} INFO - [2025-08-19T17:40:04.276+0200] {dag.py:3089} INFO - Sync 1 DAGs
[2025-08-19T17:40:04.309+0200] {logging_mixin.py:188} INFO - [2025-08-19T17:40:04.308+0200] {dag.py:3947} INFO - Setting next_dagrun for example_setup_teardown_taskflow to 2025-08-18 00:00:00+00:00, run_after=2025-08-19 00:00:00+00:00
[2025-08-19T17:40:04.315+0200] {processor.py:183} INFO - Processing /Users/ehabhasan/.venvs/airflow310/lib/python3.10/site-packages/airflow/example_dags/example_setup_teardown_taskflow.py took 0.097 seconds
[2025-08-19T17:45:36.341+0200] {processor.py:161} INFO - Started process (PID=14979) to work on /Users/ehabhasan/.venvs/airflow310/lib/python3.10/site-packages/airflow/example_dags/example_setup_teardown_taskflow.py
[2025-08-19T17:45:36.341+0200] {processor.py:830} INFO - Processing file /Users/ehabhasan/.venvs/airflow310/lib/python3.10/site-packages/airflow/example_dags/example_setup_teardown_taskflow.py for tasks to queue
[2025-08-19T17:45:36.341+0200] {logging_mixin.py:188} INFO - [2025-08-19T17:45:36.341+0200] {dagbag.py:545} INFO - Filling up the DagBag from /Users/ehabhasan/.venvs/airflow310/lib/python3.10/site-packages/airflow/example_dags/example_setup_teardown_taskflow.py
[2025-08-19T17:45:36.355+0200] {processor.py:840} INFO - DAG(s) 'example_setup_teardown_taskflow' retrieved from /Users/ehabhasan/.venvs/airflow310/lib/python3.10/site-packages/airflow/example_dags/example_setup_teardown_taskflow.py
[2025-08-19T17:45:36.392+0200] {logging_mixin.py:188} INFO - [2025-08-19T17:45:36.392+0200] {dag.py:3089} INFO - Sync 1 DAGs
[2025-08-19T17:45:36.417+0200] {logging_mixin.py:188} INFO - [2025-08-19T17:45:36.417+0200] {dag.py:3947} INFO - Setting next_dagrun for example_setup_teardown_taskflow to 2025-08-18 00:00:00+00:00, run_after=2025-08-19 00:00:00+00:00
[2025-08-19T17:45:36.424+0200] {processor.py:183} INFO - Processing /Users/ehabhasan/.venvs/airflow310/lib/python3.10/site-packages/airflow/example_dags/example_setup_teardown_taskflow.py took 0.085 seconds
[2025-08-19T17:47:39.147+0200] {processor.py:161} INFO - Started process (PID=15077) to work on /Users/ehabhasan/.venvs/airflow310/lib/python3.10/site-packages/airflow/example_dags/example_setup_teardown_taskflow.py
[2025-08-19T17:47:39.147+0200] {processor.py:830} INFO - Processing file /Users/ehabhasan/.venvs/airflow310/lib/python3.10/site-packages/airflow/example_dags/example_setup_teardown_taskflow.py for tasks to queue
[2025-08-19T17:47:39.148+0200] {logging_mixin.py:188} INFO - [2025-08-19T17:47:39.148+0200] {dagbag.py:545} INFO - Filling up the DagBag from /Users/ehabhasan/.venvs/airflow310/lib/python3.10/site-packages/airflow/example_dags/example_setup_teardown_taskflow.py
[2025-08-19T17:47:39.162+0200] {processor.py:840} INFO - DAG(s) 'example_setup_teardown_taskflow' retrieved from /Users/ehabhasan/.venvs/airflow310/lib/python3.10/site-packages/airflow/example_dags/example_setup_teardown_taskflow.py
[2025-08-19T17:47:39.197+0200] {logging_mixin.py:188} INFO - [2025-08-19T17:47:39.197+0200] {dag.py:3089} INFO - Sync 1 DAGs
[2025-08-19T17:47:39.224+0200] {logging_mixin.py:188} INFO - [2025-08-19T17:47:39.224+0200] {dag.py:3947} INFO - Setting next_dagrun for example_setup_teardown_taskflow to 2025-08-18 00:00:00+00:00, run_after=2025-08-19 00:00:00+00:00
[2025-08-19T17:47:39.230+0200] {processor.py:183} INFO - Processing /Users/ehabhasan/.venvs/airflow310/lib/python3.10/site-packages/airflow/example_dags/example_setup_teardown_taskflow.py took 0.085 seconds
[2025-08-19T17:49:31.465+0200] {processor.py:161} INFO - Started process (PID=15159) to work on /Users/ehabhasan/.venvs/airflow310/lib/python3.10/site-packages/airflow/example_dags/example_setup_teardown_taskflow.py
[2025-08-19T17:49:31.466+0200] {processor.py:830} INFO - Processing file /Users/ehabhasan/.venvs/airflow310/lib/python3.10/site-packages/airflow/example_dags/example_setup_teardown_taskflow.py for tasks to queue
[2025-08-19T17:49:31.466+0200] {logging_mixin.py:188} INFO - [2025-08-19T17:49:31.466+0200] {dagbag.py:545} INFO - Filling up the DagBag from /Users/ehabhasan/.venvs/airflow310/lib/python3.10/site-packages/airflow/example_dags/example_setup_teardown_taskflow.py
[2025-08-19T17:49:31.480+0200] {processor.py:840} INFO - DAG(s) 'example_setup_teardown_taskflow' retrieved from /Users/ehabhasan/.venvs/airflow310/lib/python3.10/site-packages/airflow/example_dags/example_setup_teardown_taskflow.py
[2025-08-19T17:49:31.516+0200] {logging_mixin.py:188} INFO - [2025-08-19T17:49:31.516+0200] {dag.py:3089} INFO - Sync 1 DAGs
[2025-08-19T17:49:31.542+0200] {logging_mixin.py:188} INFO - [2025-08-19T17:49:31.542+0200] {dag.py:3947} INFO - Setting next_dagrun for example_setup_teardown_taskflow to 2025-08-18 00:00:00+00:00, run_after=2025-08-19 00:00:00+00:00
[2025-08-19T17:49:31.549+0200] {processor.py:183} INFO - Processing /Users/ehabhasan/.venvs/airflow310/lib/python3.10/site-packages/airflow/example_dags/example_setup_teardown_taskflow.py took 0.085 seconds
