[2025-08-19T16:48:38.808+0200] {processor.py:161} INFO - Started process (PID=7650) to work on /Users/ehabhasan/.venvs/airflow310/lib/python3.10/site-packages/airflow/example_dags/example_nested_branch_dag.py
[2025-08-19T16:48:38.808+0200] {processor.py:830} INFO - Processing file /Users/ehabhasan/.venvs/airflow310/lib/python3.10/site-packages/airflow/example_dags/example_nested_branch_dag.py for tasks to queue
[2025-08-19T16:48:38.809+0200] {logging_mixin.py:188} INFO - [2025-08-19T16:48:38.809+0200] {dagbag.py:545} INFO - Filling up the DagBag from /Users/ehabhasan/.venvs/airflow310/lib/python3.10/site-packages/airflow/example_dags/example_nested_branch_dag.py
[2025-08-19T16:48:38.825+0200] {processor.py:840} INFO - DAG(s) 'example_nested_branch_dag' retrieved from /Users/ehabhasan/.venvs/airflow310/lib/python3.10/site-packages/airflow/example_dags/example_nested_branch_dag.py
[2025-08-19T16:48:38.911+0200] {logging_mixin.py:188} INFO - [2025-08-19T16:48:38.911+0200] {dag.py:3089} INFO - Sync 1 DAGs
[2025-08-19T16:48:38.917+0200] {logging_mixin.py:188} INFO - [2025-08-19T16:48:38.917+0200] {dag.py:3947} INFO - Setting next_dagrun for example_nested_branch_dag to 2025-08-18 00:00:00+00:00, run_after=2025-08-19 00:00:00+00:00
[2025-08-19T16:48:38.924+0200] {processor.py:183} INFO - Processing /Users/ehabhasan/.venvs/airflow310/lib/python3.10/site-packages/airflow/example_dags/example_nested_branch_dag.py took 0.118 seconds
[2025-08-19T16:49:56.701+0200] {processor.py:161} INFO - Started process (PID=7709) to work on /Users/ehabhasan/.venvs/airflow310/lib/python3.10/site-packages/airflow/example_dags/example_nested_branch_dag.py
[2025-08-19T16:49:56.702+0200] {processor.py:830} INFO - Processing file /Users/ehabhasan/.venvs/airflow310/lib/python3.10/site-packages/airflow/example_dags/example_nested_branch_dag.py for tasks to queue
[2025-08-19T16:49:56.702+0200] {logging_mixin.py:188} INFO - [2025-08-19T16:49:56.702+0200] {dagbag.py:545} INFO - Filling up the DagBag from /Users/ehabhasan/.venvs/airflow310/lib/python3.10/site-packages/airflow/example_dags/example_nested_branch_dag.py
[2025-08-19T16:49:56.717+0200] {processor.py:840} INFO - DAG(s) 'example_nested_branch_dag' retrieved from /Users/ehabhasan/.venvs/airflow310/lib/python3.10/site-packages/airflow/example_dags/example_nested_branch_dag.py
[2025-08-19T16:49:56.752+0200] {logging_mixin.py:188} INFO - [2025-08-19T16:49:56.752+0200] {dag.py:3089} INFO - Sync 1 DAGs
[2025-08-19T16:49:56.777+0200] {logging_mixin.py:188} INFO - [2025-08-19T16:49:56.777+0200] {dag.py:3947} INFO - Setting next_dagrun for example_nested_branch_dag to 2025-08-18 00:00:00+00:00, run_after=2025-08-19 00:00:00+00:00
[2025-08-19T16:49:56.784+0200] {processor.py:183} INFO - Processing /Users/ehabhasan/.venvs/airflow310/lib/python3.10/site-packages/airflow/example_dags/example_nested_branch_dag.py took 0.084 seconds
[2025-08-19T16:51:30.266+0200] {processor.py:161} INFO - Started process (PID=7777) to work on /Users/ehabhasan/.venvs/airflow310/lib/python3.10/site-packages/airflow/example_dags/example_nested_branch_dag.py
[2025-08-19T16:51:30.267+0200] {processor.py:830} INFO - Processing file /Users/ehabhasan/.venvs/airflow310/lib/python3.10/site-packages/airflow/example_dags/example_nested_branch_dag.py for tasks to queue
[2025-08-19T16:51:30.267+0200] {logging_mixin.py:188} INFO - [2025-08-19T16:51:30.267+0200] {dagbag.py:545} INFO - Filling up the DagBag from /Users/ehabhasan/.venvs/airflow310/lib/python3.10/site-packages/airflow/example_dags/example_nested_branch_dag.py
[2025-08-19T16:51:30.282+0200] {processor.py:840} INFO - DAG(s) 'example_nested_branch_dag' retrieved from /Users/ehabhasan/.venvs/airflow310/lib/python3.10/site-packages/airflow/example_dags/example_nested_branch_dag.py
[2025-08-19T16:51:30.316+0200] {logging_mixin.py:188} INFO - [2025-08-19T16:51:30.316+0200] {dag.py:3089} INFO - Sync 1 DAGs
[2025-08-19T16:51:30.341+0200] {logging_mixin.py:188} INFO - [2025-08-19T16:51:30.341+0200] {dag.py:3947} INFO - Setting next_dagrun for example_nested_branch_dag to 2025-08-18 00:00:00+00:00, run_after=2025-08-19 00:00:00+00:00
[2025-08-19T16:51:30.347+0200] {processor.py:183} INFO - Processing /Users/ehabhasan/.venvs/airflow310/lib/python3.10/site-packages/airflow/example_dags/example_nested_branch_dag.py took 0.083 seconds
[2025-08-19T16:53:10.496+0200] {processor.py:161} INFO - Started process (PID=7853) to work on /Users/ehabhasan/.venvs/airflow310/lib/python3.10/site-packages/airflow/example_dags/example_nested_branch_dag.py
[2025-08-19T16:53:10.496+0200] {processor.py:830} INFO - Processing file /Users/ehabhasan/.venvs/airflow310/lib/python3.10/site-packages/airflow/example_dags/example_nested_branch_dag.py for tasks to queue
[2025-08-19T16:53:10.496+0200] {logging_mixin.py:188} INFO - [2025-08-19T16:53:10.496+0200] {dagbag.py:545} INFO - Filling up the DagBag from /Users/ehabhasan/.venvs/airflow310/lib/python3.10/site-packages/airflow/example_dags/example_nested_branch_dag.py
[2025-08-19T16:53:10.511+0200] {processor.py:840} INFO - DAG(s) 'example_nested_branch_dag' retrieved from /Users/ehabhasan/.venvs/airflow310/lib/python3.10/site-packages/airflow/example_dags/example_nested_branch_dag.py
[2025-08-19T16:53:10.546+0200] {logging_mixin.py:188} INFO - [2025-08-19T16:53:10.546+0200] {dag.py:3089} INFO - Sync 1 DAGs
[2025-08-19T16:53:10.571+0200] {logging_mixin.py:188} INFO - [2025-08-19T16:53:10.571+0200] {dag.py:3947} INFO - Setting next_dagrun for example_nested_branch_dag to 2025-08-18 00:00:00+00:00, run_after=2025-08-19 00:00:00+00:00
[2025-08-19T16:53:10.578+0200] {processor.py:183} INFO - Processing /Users/ehabhasan/.venvs/airflow310/lib/python3.10/site-packages/airflow/example_dags/example_nested_branch_dag.py took 0.084 seconds
[2025-08-19T16:54:46.869+0200] {processor.py:161} INFO - Started process (PID=7960) to work on /Users/ehabhasan/.venvs/airflow310/lib/python3.10/site-packages/airflow/example_dags/example_nested_branch_dag.py
[2025-08-19T16:54:46.869+0200] {processor.py:830} INFO - Processing file /Users/ehabhasan/.venvs/airflow310/lib/python3.10/site-packages/airflow/example_dags/example_nested_branch_dag.py for tasks to queue
[2025-08-19T16:54:46.870+0200] {logging_mixin.py:188} INFO - [2025-08-19T16:54:46.870+0200] {dagbag.py:545} INFO - Filling up the DagBag from /Users/ehabhasan/.venvs/airflow310/lib/python3.10/site-packages/airflow/example_dags/example_nested_branch_dag.py
[2025-08-19T16:54:46.884+0200] {processor.py:840} INFO - DAG(s) 'example_nested_branch_dag' retrieved from /Users/ehabhasan/.venvs/airflow310/lib/python3.10/site-packages/airflow/example_dags/example_nested_branch_dag.py
[2025-08-19T16:54:46.918+0200] {logging_mixin.py:188} INFO - [2025-08-19T16:54:46.918+0200] {dag.py:3089} INFO - Sync 1 DAGs
[2025-08-19T16:54:46.944+0200] {logging_mixin.py:188} INFO - [2025-08-19T16:54:46.944+0200] {dag.py:3947} INFO - Setting next_dagrun for example_nested_branch_dag to 2025-08-18 00:00:00+00:00, run_after=2025-08-19 00:00:00+00:00
[2025-08-19T16:54:46.950+0200] {processor.py:183} INFO - Processing /Users/ehabhasan/.venvs/airflow310/lib/python3.10/site-packages/airflow/example_dags/example_nested_branch_dag.py took 0.083 seconds
[2025-08-19T16:56:26.253+0200] {processor.py:161} INFO - Started process (PID=8033) to work on /Users/ehabhasan/.venvs/airflow310/lib/python3.10/site-packages/airflow/example_dags/example_nested_branch_dag.py
[2025-08-19T16:56:26.254+0200] {processor.py:830} INFO - Processing file /Users/ehabhasan/.venvs/airflow310/lib/python3.10/site-packages/airflow/example_dags/example_nested_branch_dag.py for tasks to queue
[2025-08-19T16:56:26.254+0200] {logging_mixin.py:188} INFO - [2025-08-19T16:56:26.254+0200] {dagbag.py:545} INFO - Filling up the DagBag from /Users/ehabhasan/.venvs/airflow310/lib/python3.10/site-packages/airflow/example_dags/example_nested_branch_dag.py
[2025-08-19T16:56:26.269+0200] {processor.py:840} INFO - DAG(s) 'example_nested_branch_dag' retrieved from /Users/ehabhasan/.venvs/airflow310/lib/python3.10/site-packages/airflow/example_dags/example_nested_branch_dag.py
[2025-08-19T16:56:26.304+0200] {logging_mixin.py:188} INFO - [2025-08-19T16:56:26.304+0200] {dag.py:3089} INFO - Sync 1 DAGs
[2025-08-19T16:56:26.330+0200] {logging_mixin.py:188} INFO - [2025-08-19T16:56:26.330+0200] {dag.py:3947} INFO - Setting next_dagrun for example_nested_branch_dag to 2025-08-18 00:00:00+00:00, run_after=2025-08-19 00:00:00+00:00
[2025-08-19T16:56:26.336+0200] {processor.py:183} INFO - Processing /Users/ehabhasan/.venvs/airflow310/lib/python3.10/site-packages/airflow/example_dags/example_nested_branch_dag.py took 0.084 seconds
[2025-08-19T16:58:08.608+0200] {processor.py:161} INFO - Started process (PID=8110) to work on /Users/ehabhasan/.venvs/airflow310/lib/python3.10/site-packages/airflow/example_dags/example_nested_branch_dag.py
[2025-08-19T16:58:08.609+0200] {processor.py:830} INFO - Processing file /Users/ehabhasan/.venvs/airflow310/lib/python3.10/site-packages/airflow/example_dags/example_nested_branch_dag.py for tasks to queue
[2025-08-19T16:58:08.609+0200] {logging_mixin.py:188} INFO - [2025-08-19T16:58:08.609+0200] {dagbag.py:545} INFO - Filling up the DagBag from /Users/ehabhasan/.venvs/airflow310/lib/python3.10/site-packages/airflow/example_dags/example_nested_branch_dag.py
[2025-08-19T16:58:08.624+0200] {processor.py:840} INFO - DAG(s) 'example_nested_branch_dag' retrieved from /Users/ehabhasan/.venvs/airflow310/lib/python3.10/site-packages/airflow/example_dags/example_nested_branch_dag.py
[2025-08-19T16:58:08.659+0200] {logging_mixin.py:188} INFO - [2025-08-19T16:58:08.659+0200] {dag.py:3089} INFO - Sync 1 DAGs
[2025-08-19T16:58:08.684+0200] {logging_mixin.py:188} INFO - [2025-08-19T16:58:08.684+0200] {dag.py:3947} INFO - Setting next_dagrun for example_nested_branch_dag to 2025-08-18 00:00:00+00:00, run_after=2025-08-19 00:00:00+00:00
[2025-08-19T16:58:08.690+0200] {processor.py:183} INFO - Processing /Users/ehabhasan/.venvs/airflow310/lib/python3.10/site-packages/airflow/example_dags/example_nested_branch_dag.py took 0.083 seconds
[2025-08-19T17:00:19.279+0200] {processor.py:161} INFO - Started process (PID=8221) to work on /Users/ehabhasan/.venvs/airflow310/lib/python3.10/site-packages/airflow/example_dags/example_nested_branch_dag.py
[2025-08-19T17:00:19.279+0200] {processor.py:830} INFO - Processing file /Users/ehabhasan/.venvs/airflow310/lib/python3.10/site-packages/airflow/example_dags/example_nested_branch_dag.py for tasks to queue
[2025-08-19T17:00:19.280+0200] {logging_mixin.py:188} INFO - [2025-08-19T17:00:19.279+0200] {dagbag.py:545} INFO - Filling up the DagBag from /Users/ehabhasan/.venvs/airflow310/lib/python3.10/site-packages/airflow/example_dags/example_nested_branch_dag.py
[2025-08-19T17:00:19.294+0200] {processor.py:840} INFO - DAG(s) 'example_nested_branch_dag' retrieved from /Users/ehabhasan/.venvs/airflow310/lib/python3.10/site-packages/airflow/example_dags/example_nested_branch_dag.py
[2025-08-19T17:00:19.331+0200] {logging_mixin.py:188} INFO - [2025-08-19T17:00:19.331+0200] {dag.py:3089} INFO - Sync 1 DAGs
[2025-08-19T17:00:19.358+0200] {logging_mixin.py:188} INFO - [2025-08-19T17:00:19.358+0200] {dag.py:3947} INFO - Setting next_dagrun for example_nested_branch_dag to 2025-08-18 00:00:00+00:00, run_after=2025-08-19 00:00:00+00:00
[2025-08-19T17:00:19.365+0200] {processor.py:183} INFO - Processing /Users/ehabhasan/.venvs/airflow310/lib/python3.10/site-packages/airflow/example_dags/example_nested_branch_dag.py took 0.088 seconds
[2025-08-19T17:02:07.968+0200] {processor.py:161} INFO - Started process (PID=8305) to work on /Users/ehabhasan/.venvs/airflow310/lib/python3.10/site-packages/airflow/example_dags/example_nested_branch_dag.py
[2025-08-19T17:02:07.968+0200] {processor.py:830} INFO - Processing file /Users/ehabhasan/.venvs/airflow310/lib/python3.10/site-packages/airflow/example_dags/example_nested_branch_dag.py for tasks to queue
[2025-08-19T17:02:07.968+0200] {logging_mixin.py:188} INFO - [2025-08-19T17:02:07.968+0200] {dagbag.py:545} INFO - Filling up the DagBag from /Users/ehabhasan/.venvs/airflow310/lib/python3.10/site-packages/airflow/example_dags/example_nested_branch_dag.py
[2025-08-19T17:02:07.982+0200] {processor.py:840} INFO - DAG(s) 'example_nested_branch_dag' retrieved from /Users/ehabhasan/.venvs/airflow310/lib/python3.10/site-packages/airflow/example_dags/example_nested_branch_dag.py
[2025-08-19T17:02:08.017+0200] {logging_mixin.py:188} INFO - [2025-08-19T17:02:08.017+0200] {dag.py:3089} INFO - Sync 1 DAGs
[2025-08-19T17:02:08.043+0200] {logging_mixin.py:188} INFO - [2025-08-19T17:02:08.042+0200] {dag.py:3947} INFO - Setting next_dagrun for example_nested_branch_dag to 2025-08-18 00:00:00+00:00, run_after=2025-08-19 00:00:00+00:00
[2025-08-19T17:02:08.049+0200] {processor.py:183} INFO - Processing /Users/ehabhasan/.venvs/airflow310/lib/python3.10/site-packages/airflow/example_dags/example_nested_branch_dag.py took 0.083 seconds
[2025-08-19T17:03:44.049+0200] {processor.py:161} INFO - Started process (PID=8678) to work on /Users/ehabhasan/.venvs/airflow310/lib/python3.10/site-packages/airflow/example_dags/example_nested_branch_dag.py
[2025-08-19T17:03:44.050+0200] {processor.py:830} INFO - Processing file /Users/ehabhasan/.venvs/airflow310/lib/python3.10/site-packages/airflow/example_dags/example_nested_branch_dag.py for tasks to queue
[2025-08-19T17:03:44.050+0200] {logging_mixin.py:188} INFO - [2025-08-19T17:03:44.050+0200] {dagbag.py:545} INFO - Filling up the DagBag from /Users/ehabhasan/.venvs/airflow310/lib/python3.10/site-packages/airflow/example_dags/example_nested_branch_dag.py
[2025-08-19T17:03:44.064+0200] {processor.py:840} INFO - DAG(s) 'example_nested_branch_dag' retrieved from /Users/ehabhasan/.venvs/airflow310/lib/python3.10/site-packages/airflow/example_dags/example_nested_branch_dag.py
[2025-08-19T17:03:44.099+0200] {logging_mixin.py:188} INFO - [2025-08-19T17:03:44.099+0200] {dag.py:3089} INFO - Sync 1 DAGs
[2025-08-19T17:03:44.125+0200] {logging_mixin.py:188} INFO - [2025-08-19T17:03:44.125+0200] {dag.py:3947} INFO - Setting next_dagrun for example_nested_branch_dag to 2025-08-18 00:00:00+00:00, run_after=2025-08-19 00:00:00+00:00
[2025-08-19T17:03:44.131+0200] {processor.py:183} INFO - Processing /Users/ehabhasan/.venvs/airflow310/lib/python3.10/site-packages/airflow/example_dags/example_nested_branch_dag.py took 0.083 seconds
[2025-08-19T17:05:25.391+0200] {processor.py:161} INFO - Started process (PID=8987) to work on /Users/ehabhasan/.venvs/airflow310/lib/python3.10/site-packages/airflow/example_dags/example_nested_branch_dag.py
[2025-08-19T17:05:25.392+0200] {processor.py:830} INFO - Processing file /Users/ehabhasan/.venvs/airflow310/lib/python3.10/site-packages/airflow/example_dags/example_nested_branch_dag.py for tasks to queue
[2025-08-19T17:05:25.392+0200] {logging_mixin.py:188} INFO - [2025-08-19T17:05:25.392+0200] {dagbag.py:545} INFO - Filling up the DagBag from /Users/ehabhasan/.venvs/airflow310/lib/python3.10/site-packages/airflow/example_dags/example_nested_branch_dag.py
[2025-08-19T17:05:25.406+0200] {processor.py:840} INFO - DAG(s) 'example_nested_branch_dag' retrieved from /Users/ehabhasan/.venvs/airflow310/lib/python3.10/site-packages/airflow/example_dags/example_nested_branch_dag.py
[2025-08-19T17:05:25.440+0200] {logging_mixin.py:188} INFO - [2025-08-19T17:05:25.440+0200] {dag.py:3089} INFO - Sync 1 DAGs
[2025-08-19T17:05:25.466+0200] {logging_mixin.py:188} INFO - [2025-08-19T17:05:25.466+0200] {dag.py:3947} INFO - Setting next_dagrun for example_nested_branch_dag to 2025-08-18 00:00:00+00:00, run_after=2025-08-19 00:00:00+00:00
[2025-08-19T17:05:25.473+0200] {processor.py:183} INFO - Processing /Users/ehabhasan/.venvs/airflow310/lib/python3.10/site-packages/airflow/example_dags/example_nested_branch_dag.py took 0.083 seconds
[2025-08-19T17:07:13.489+0200] {processor.py:161} INFO - Started process (PID=9963) to work on /Users/ehabhasan/.venvs/airflow310/lib/python3.10/site-packages/airflow/example_dags/example_nested_branch_dag.py
[2025-08-19T17:07:13.489+0200] {processor.py:830} INFO - Processing file /Users/ehabhasan/.venvs/airflow310/lib/python3.10/site-packages/airflow/example_dags/example_nested_branch_dag.py for tasks to queue
[2025-08-19T17:07:13.489+0200] {logging_mixin.py:188} INFO - [2025-08-19T17:07:13.489+0200] {dagbag.py:545} INFO - Filling up the DagBag from /Users/ehabhasan/.venvs/airflow310/lib/python3.10/site-packages/airflow/example_dags/example_nested_branch_dag.py
[2025-08-19T17:07:13.503+0200] {processor.py:840} INFO - DAG(s) 'example_nested_branch_dag' retrieved from /Users/ehabhasan/.venvs/airflow310/lib/python3.10/site-packages/airflow/example_dags/example_nested_branch_dag.py
[2025-08-19T17:07:13.538+0200] {logging_mixin.py:188} INFO - [2025-08-19T17:07:13.538+0200] {dag.py:3089} INFO - Sync 1 DAGs
[2025-08-19T17:07:13.564+0200] {logging_mixin.py:188} INFO - [2025-08-19T17:07:13.564+0200] {dag.py:3947} INFO - Setting next_dagrun for example_nested_branch_dag to 2025-08-18 00:00:00+00:00, run_after=2025-08-19 00:00:00+00:00
[2025-08-19T17:07:13.572+0200] {processor.py:183} INFO - Processing /Users/ehabhasan/.venvs/airflow310/lib/python3.10/site-packages/airflow/example_dags/example_nested_branch_dag.py took 0.085 seconds
[2025-08-19T17:08:59.825+0200] {processor.py:161} INFO - Started process (PID=10174) to work on /Users/ehabhasan/.venvs/airflow310/lib/python3.10/site-packages/airflow/example_dags/example_nested_branch_dag.py
[2025-08-19T17:08:59.826+0200] {processor.py:830} INFO - Processing file /Users/ehabhasan/.venvs/airflow310/lib/python3.10/site-packages/airflow/example_dags/example_nested_branch_dag.py for tasks to queue
[2025-08-19T17:08:59.826+0200] {logging_mixin.py:188} INFO - [2025-08-19T17:08:59.826+0200] {dagbag.py:545} INFO - Filling up the DagBag from /Users/ehabhasan/.venvs/airflow310/lib/python3.10/site-packages/airflow/example_dags/example_nested_branch_dag.py
[2025-08-19T17:08:59.841+0200] {processor.py:840} INFO - DAG(s) 'example_nested_branch_dag' retrieved from /Users/ehabhasan/.venvs/airflow310/lib/python3.10/site-packages/airflow/example_dags/example_nested_branch_dag.py
[2025-08-19T17:08:59.877+0200] {logging_mixin.py:188} INFO - [2025-08-19T17:08:59.877+0200] {dag.py:3089} INFO - Sync 1 DAGs
[2025-08-19T17:08:59.905+0200] {logging_mixin.py:188} INFO - [2025-08-19T17:08:59.905+0200] {dag.py:3947} INFO - Setting next_dagrun for example_nested_branch_dag to 2025-08-18 00:00:00+00:00, run_after=2025-08-19 00:00:00+00:00
[2025-08-19T17:08:59.912+0200] {processor.py:183} INFO - Processing /Users/ehabhasan/.venvs/airflow310/lib/python3.10/site-packages/airflow/example_dags/example_nested_branch_dag.py took 0.088 seconds
[2025-08-19T17:10:48.391+0200] {processor.py:161} INFO - Started process (PID=10287) to work on /Users/ehabhasan/.venvs/airflow310/lib/python3.10/site-packages/airflow/example_dags/example_nested_branch_dag.py
[2025-08-19T17:10:48.391+0200] {processor.py:830} INFO - Processing file /Users/ehabhasan/.venvs/airflow310/lib/python3.10/site-packages/airflow/example_dags/example_nested_branch_dag.py for tasks to queue
[2025-08-19T17:10:48.392+0200] {logging_mixin.py:188} INFO - [2025-08-19T17:10:48.392+0200] {dagbag.py:545} INFO - Filling up the DagBag from /Users/ehabhasan/.venvs/airflow310/lib/python3.10/site-packages/airflow/example_dags/example_nested_branch_dag.py
[2025-08-19T17:10:48.406+0200] {processor.py:840} INFO - DAG(s) 'example_nested_branch_dag' retrieved from /Users/ehabhasan/.venvs/airflow310/lib/python3.10/site-packages/airflow/example_dags/example_nested_branch_dag.py
[2025-08-19T17:10:48.442+0200] {logging_mixin.py:188} INFO - [2025-08-19T17:10:48.442+0200] {dag.py:3089} INFO - Sync 1 DAGs
[2025-08-19T17:10:48.469+0200] {logging_mixin.py:188} INFO - [2025-08-19T17:10:48.469+0200] {dag.py:3947} INFO - Setting next_dagrun for example_nested_branch_dag to 2025-08-18 00:00:00+00:00, run_after=2025-08-19 00:00:00+00:00
[2025-08-19T17:10:48.476+0200] {processor.py:183} INFO - Processing /Users/ehabhasan/.venvs/airflow310/lib/python3.10/site-packages/airflow/example_dags/example_nested_branch_dag.py took 0.087 seconds
[2025-08-19T17:12:39.249+0200] {processor.py:161} INFO - Started process (PID=10381) to work on /Users/ehabhasan/.venvs/airflow310/lib/python3.10/site-packages/airflow/example_dags/example_nested_branch_dag.py
[2025-08-19T17:12:39.250+0200] {processor.py:830} INFO - Processing file /Users/ehabhasan/.venvs/airflow310/lib/python3.10/site-packages/airflow/example_dags/example_nested_branch_dag.py for tasks to queue
[2025-08-19T17:12:39.250+0200] {logging_mixin.py:188} INFO - [2025-08-19T17:12:39.250+0200] {dagbag.py:545} INFO - Filling up the DagBag from /Users/ehabhasan/.venvs/airflow310/lib/python3.10/site-packages/airflow/example_dags/example_nested_branch_dag.py
[2025-08-19T17:12:39.264+0200] {processor.py:840} INFO - DAG(s) 'example_nested_branch_dag' retrieved from /Users/ehabhasan/.venvs/airflow310/lib/python3.10/site-packages/airflow/example_dags/example_nested_branch_dag.py
[2025-08-19T17:12:39.299+0200] {logging_mixin.py:188} INFO - [2025-08-19T17:12:39.299+0200] {dag.py:3089} INFO - Sync 1 DAGs
[2025-08-19T17:12:39.326+0200] {logging_mixin.py:188} INFO - [2025-08-19T17:12:39.326+0200] {dag.py:3947} INFO - Setting next_dagrun for example_nested_branch_dag to 2025-08-18 00:00:00+00:00, run_after=2025-08-19 00:00:00+00:00
[2025-08-19T17:12:39.333+0200] {processor.py:183} INFO - Processing /Users/ehabhasan/.venvs/airflow310/lib/python3.10/site-packages/airflow/example_dags/example_nested_branch_dag.py took 0.085 seconds
[2025-08-19T17:14:31.126+0200] {processor.py:161} INFO - Started process (PID=10498) to work on /Users/ehabhasan/.venvs/airflow310/lib/python3.10/site-packages/airflow/example_dags/example_nested_branch_dag.py
[2025-08-19T17:14:31.126+0200] {processor.py:830} INFO - Processing file /Users/ehabhasan/.venvs/airflow310/lib/python3.10/site-packages/airflow/example_dags/example_nested_branch_dag.py for tasks to queue
[2025-08-19T17:14:31.126+0200] {logging_mixin.py:188} INFO - [2025-08-19T17:14:31.126+0200] {dagbag.py:545} INFO - Filling up the DagBag from /Users/ehabhasan/.venvs/airflow310/lib/python3.10/site-packages/airflow/example_dags/example_nested_branch_dag.py
[2025-08-19T17:14:31.141+0200] {processor.py:840} INFO - DAG(s) 'example_nested_branch_dag' retrieved from /Users/ehabhasan/.venvs/airflow310/lib/python3.10/site-packages/airflow/example_dags/example_nested_branch_dag.py
[2025-08-19T17:14:31.176+0200] {logging_mixin.py:188} INFO - [2025-08-19T17:14:31.176+0200] {dag.py:3089} INFO - Sync 1 DAGs
[2025-08-19T17:14:31.202+0200] {logging_mixin.py:188} INFO - [2025-08-19T17:14:31.202+0200] {dag.py:3947} INFO - Setting next_dagrun for example_nested_branch_dag to 2025-08-18 00:00:00+00:00, run_after=2025-08-19 00:00:00+00:00
[2025-08-19T17:14:31.209+0200] {processor.py:183} INFO - Processing /Users/ehabhasan/.venvs/airflow310/lib/python3.10/site-packages/airflow/example_dags/example_nested_branch_dag.py took 0.085 seconds
[2025-08-19T17:16:22.624+0200] {processor.py:161} INFO - Started process (PID=10810) to work on /Users/ehabhasan/.venvs/airflow310/lib/python3.10/site-packages/airflow/example_dags/example_nested_branch_dag.py
[2025-08-19T17:16:22.624+0200] {processor.py:830} INFO - Processing file /Users/ehabhasan/.venvs/airflow310/lib/python3.10/site-packages/airflow/example_dags/example_nested_branch_dag.py for tasks to queue
[2025-08-19T17:16:22.624+0200] {logging_mixin.py:188} INFO - [2025-08-19T17:16:22.624+0200] {dagbag.py:545} INFO - Filling up the DagBag from /Users/ehabhasan/.venvs/airflow310/lib/python3.10/site-packages/airflow/example_dags/example_nested_branch_dag.py
[2025-08-19T17:16:22.639+0200] {processor.py:840} INFO - DAG(s) 'example_nested_branch_dag' retrieved from /Users/ehabhasan/.venvs/airflow310/lib/python3.10/site-packages/airflow/example_dags/example_nested_branch_dag.py
[2025-08-19T17:16:22.674+0200] {logging_mixin.py:188} INFO - [2025-08-19T17:16:22.674+0200] {dag.py:3089} INFO - Sync 1 DAGs
[2025-08-19T17:16:22.699+0200] {logging_mixin.py:188} INFO - [2025-08-19T17:16:22.699+0200] {dag.py:3947} INFO - Setting next_dagrun for example_nested_branch_dag to 2025-08-18 00:00:00+00:00, run_after=2025-08-19 00:00:00+00:00
[2025-08-19T17:16:22.706+0200] {processor.py:183} INFO - Processing /Users/ehabhasan/.venvs/airflow310/lib/python3.10/site-packages/airflow/example_dags/example_nested_branch_dag.py took 0.084 seconds
[2025-08-19T17:18:15.780+0200] {processor.py:161} INFO - Started process (PID=11485) to work on /Users/ehabhasan/.venvs/airflow310/lib/python3.10/site-packages/airflow/example_dags/example_nested_branch_dag.py
[2025-08-19T17:18:15.781+0200] {processor.py:830} INFO - Processing file /Users/ehabhasan/.venvs/airflow310/lib/python3.10/site-packages/airflow/example_dags/example_nested_branch_dag.py for tasks to queue
[2025-08-19T17:18:15.781+0200] {logging_mixin.py:188} INFO - [2025-08-19T17:18:15.781+0200] {dagbag.py:545} INFO - Filling up the DagBag from /Users/ehabhasan/.venvs/airflow310/lib/python3.10/site-packages/airflow/example_dags/example_nested_branch_dag.py
[2025-08-19T17:18:15.795+0200] {processor.py:840} INFO - DAG(s) 'example_nested_branch_dag' retrieved from /Users/ehabhasan/.venvs/airflow310/lib/python3.10/site-packages/airflow/example_dags/example_nested_branch_dag.py
[2025-08-19T17:18:15.830+0200] {logging_mixin.py:188} INFO - [2025-08-19T17:18:15.830+0200] {dag.py:3089} INFO - Sync 1 DAGs
[2025-08-19T17:18:15.855+0200] {logging_mixin.py:188} INFO - [2025-08-19T17:18:15.855+0200] {dag.py:3947} INFO - Setting next_dagrun for example_nested_branch_dag to 2025-08-18 00:00:00+00:00, run_after=2025-08-19 00:00:00+00:00
[2025-08-19T17:18:15.861+0200] {processor.py:183} INFO - Processing /Users/ehabhasan/.venvs/airflow310/lib/python3.10/site-packages/airflow/example_dags/example_nested_branch_dag.py took 0.083 seconds
[2025-08-19T17:19:59.829+0200] {processor.py:161} INFO - Started process (PID=11589) to work on /Users/ehabhasan/.venvs/airflow310/lib/python3.10/site-packages/airflow/example_dags/example_nested_branch_dag.py
[2025-08-19T17:19:59.829+0200] {processor.py:830} INFO - Processing file /Users/ehabhasan/.venvs/airflow310/lib/python3.10/site-packages/airflow/example_dags/example_nested_branch_dag.py for tasks to queue
[2025-08-19T17:19:59.830+0200] {logging_mixin.py:188} INFO - [2025-08-19T17:19:59.830+0200] {dagbag.py:545} INFO - Filling up the DagBag from /Users/ehabhasan/.venvs/airflow310/lib/python3.10/site-packages/airflow/example_dags/example_nested_branch_dag.py
[2025-08-19T17:19:59.844+0200] {processor.py:840} INFO - DAG(s) 'example_nested_branch_dag' retrieved from /Users/ehabhasan/.venvs/airflow310/lib/python3.10/site-packages/airflow/example_dags/example_nested_branch_dag.py
[2025-08-19T17:19:59.880+0200] {logging_mixin.py:188} INFO - [2025-08-19T17:19:59.880+0200] {dag.py:3089} INFO - Sync 1 DAGs
[2025-08-19T17:19:59.907+0200] {logging_mixin.py:188} INFO - [2025-08-19T17:19:59.906+0200] {dag.py:3947} INFO - Setting next_dagrun for example_nested_branch_dag to 2025-08-18 00:00:00+00:00, run_after=2025-08-19 00:00:00+00:00
[2025-08-19T17:19:59.913+0200] {processor.py:183} INFO - Processing /Users/ehabhasan/.venvs/airflow310/lib/python3.10/site-packages/airflow/example_dags/example_nested_branch_dag.py took 0.085 seconds
[2025-08-19T17:21:41.877+0200] {processor.py:161} INFO - Started process (PID=11657) to work on /Users/ehabhasan/.venvs/airflow310/lib/python3.10/site-packages/airflow/example_dags/example_nested_branch_dag.py
[2025-08-19T17:21:41.878+0200] {processor.py:830} INFO - Processing file /Users/ehabhasan/.venvs/airflow310/lib/python3.10/site-packages/airflow/example_dags/example_nested_branch_dag.py for tasks to queue
[2025-08-19T17:21:41.878+0200] {logging_mixin.py:188} INFO - [2025-08-19T17:21:41.878+0200] {dagbag.py:545} INFO - Filling up the DagBag from /Users/ehabhasan/.venvs/airflow310/lib/python3.10/site-packages/airflow/example_dags/example_nested_branch_dag.py
[2025-08-19T17:21:41.895+0200] {processor.py:840} INFO - DAG(s) 'example_nested_branch_dag' retrieved from /Users/ehabhasan/.venvs/airflow310/lib/python3.10/site-packages/airflow/example_dags/example_nested_branch_dag.py
[2025-08-19T17:21:41.934+0200] {logging_mixin.py:188} INFO - [2025-08-19T17:21:41.934+0200] {dag.py:3089} INFO - Sync 1 DAGs
[2025-08-19T17:21:41.962+0200] {logging_mixin.py:188} INFO - [2025-08-19T17:21:41.962+0200] {dag.py:3947} INFO - Setting next_dagrun for example_nested_branch_dag to 2025-08-18 00:00:00+00:00, run_after=2025-08-19 00:00:00+00:00
[2025-08-19T17:21:41.969+0200] {processor.py:183} INFO - Processing /Users/ehabhasan/.venvs/airflow310/lib/python3.10/site-packages/airflow/example_dags/example_nested_branch_dag.py took 0.094 seconds
[2025-08-19T17:23:34.223+0200] {processor.py:161} INFO - Started process (PID=11735) to work on /Users/ehabhasan/.venvs/airflow310/lib/python3.10/site-packages/airflow/example_dags/example_nested_branch_dag.py
[2025-08-19T17:23:34.224+0200] {processor.py:830} INFO - Processing file /Users/ehabhasan/.venvs/airflow310/lib/python3.10/site-packages/airflow/example_dags/example_nested_branch_dag.py for tasks to queue
[2025-08-19T17:23:34.224+0200] {logging_mixin.py:188} INFO - [2025-08-19T17:23:34.224+0200] {dagbag.py:545} INFO - Filling up the DagBag from /Users/ehabhasan/.venvs/airflow310/lib/python3.10/site-packages/airflow/example_dags/example_nested_branch_dag.py
[2025-08-19T17:23:34.238+0200] {processor.py:840} INFO - DAG(s) 'example_nested_branch_dag' retrieved from /Users/ehabhasan/.venvs/airflow310/lib/python3.10/site-packages/airflow/example_dags/example_nested_branch_dag.py
[2025-08-19T17:23:34.273+0200] {logging_mixin.py:188} INFO - [2025-08-19T17:23:34.273+0200] {dag.py:3089} INFO - Sync 1 DAGs
[2025-08-19T17:23:34.298+0200] {logging_mixin.py:188} INFO - [2025-08-19T17:23:34.298+0200] {dag.py:3947} INFO - Setting next_dagrun for example_nested_branch_dag to 2025-08-18 00:00:00+00:00, run_after=2025-08-19 00:00:00+00:00
[2025-08-19T17:23:34.305+0200] {processor.py:183} INFO - Processing /Users/ehabhasan/.venvs/airflow310/lib/python3.10/site-packages/airflow/example_dags/example_nested_branch_dag.py took 0.083 seconds
[2025-08-19T17:25:19.983+0200] {processor.py:161} INFO - Started process (PID=11815) to work on /Users/ehabhasan/.venvs/airflow310/lib/python3.10/site-packages/airflow/example_dags/example_nested_branch_dag.py
[2025-08-19T17:25:19.984+0200] {processor.py:830} INFO - Processing file /Users/ehabhasan/.venvs/airflow310/lib/python3.10/site-packages/airflow/example_dags/example_nested_branch_dag.py for tasks to queue
[2025-08-19T17:25:19.984+0200] {logging_mixin.py:188} INFO - [2025-08-19T17:25:19.984+0200] {dagbag.py:545} INFO - Filling up the DagBag from /Users/ehabhasan/.venvs/airflow310/lib/python3.10/site-packages/airflow/example_dags/example_nested_branch_dag.py
[2025-08-19T17:25:19.998+0200] {processor.py:840} INFO - DAG(s) 'example_nested_branch_dag' retrieved from /Users/ehabhasan/.venvs/airflow310/lib/python3.10/site-packages/airflow/example_dags/example_nested_branch_dag.py
[2025-08-19T17:25:20.034+0200] {logging_mixin.py:188} INFO - [2025-08-19T17:25:20.034+0200] {dag.py:3089} INFO - Sync 1 DAGs
[2025-08-19T17:25:20.060+0200] {logging_mixin.py:188} INFO - [2025-08-19T17:25:20.060+0200] {dag.py:3947} INFO - Setting next_dagrun for example_nested_branch_dag to 2025-08-18 00:00:00+00:00, run_after=2025-08-19 00:00:00+00:00
[2025-08-19T17:25:20.066+0200] {processor.py:183} INFO - Processing /Users/ehabhasan/.venvs/airflow310/lib/python3.10/site-packages/airflow/example_dags/example_nested_branch_dag.py took 0.085 seconds
[2025-08-19T17:27:06.194+0200] {processor.py:161} INFO - Started process (PID=11895) to work on /Users/ehabhasan/.venvs/airflow310/lib/python3.10/site-packages/airflow/example_dags/example_nested_branch_dag.py
[2025-08-19T17:27:06.195+0200] {processor.py:830} INFO - Processing file /Users/ehabhasan/.venvs/airflow310/lib/python3.10/site-packages/airflow/example_dags/example_nested_branch_dag.py for tasks to queue
[2025-08-19T17:27:06.196+0200] {logging_mixin.py:188} INFO - [2025-08-19T17:27:06.195+0200] {dagbag.py:545} INFO - Filling up the DagBag from /Users/ehabhasan/.venvs/airflow310/lib/python3.10/site-packages/airflow/example_dags/example_nested_branch_dag.py
[2025-08-19T17:27:06.210+0200] {processor.py:840} INFO - DAG(s) 'example_nested_branch_dag' retrieved from /Users/ehabhasan/.venvs/airflow310/lib/python3.10/site-packages/airflow/example_dags/example_nested_branch_dag.py
[2025-08-19T17:27:06.246+0200] {logging_mixin.py:188} INFO - [2025-08-19T17:27:06.246+0200] {dag.py:3089} INFO - Sync 1 DAGs
[2025-08-19T17:27:06.272+0200] {logging_mixin.py:188} INFO - [2025-08-19T17:27:06.272+0200] {dag.py:3947} INFO - Setting next_dagrun for example_nested_branch_dag to 2025-08-18 00:00:00+00:00, run_after=2025-08-19 00:00:00+00:00
[2025-08-19T17:27:06.278+0200] {processor.py:183} INFO - Processing /Users/ehabhasan/.venvs/airflow310/lib/python3.10/site-packages/airflow/example_dags/example_nested_branch_dag.py took 0.086 seconds
[2025-08-19T17:28:55.401+0200] {processor.py:161} INFO - Started process (PID=11984) to work on /Users/ehabhasan/.venvs/airflow310/lib/python3.10/site-packages/airflow/example_dags/example_nested_branch_dag.py
[2025-08-19T17:28:55.402+0200] {processor.py:830} INFO - Processing file /Users/ehabhasan/.venvs/airflow310/lib/python3.10/site-packages/airflow/example_dags/example_nested_branch_dag.py for tasks to queue
[2025-08-19T17:28:55.402+0200] {logging_mixin.py:188} INFO - [2025-08-19T17:28:55.402+0200] {dagbag.py:545} INFO - Filling up the DagBag from /Users/ehabhasan/.venvs/airflow310/lib/python3.10/site-packages/airflow/example_dags/example_nested_branch_dag.py
[2025-08-19T17:28:55.417+0200] {processor.py:840} INFO - DAG(s) 'example_nested_branch_dag' retrieved from /Users/ehabhasan/.venvs/airflow310/lib/python3.10/site-packages/airflow/example_dags/example_nested_branch_dag.py
[2025-08-19T17:28:55.453+0200] {logging_mixin.py:188} INFO - [2025-08-19T17:28:55.453+0200] {dag.py:3089} INFO - Sync 1 DAGs
[2025-08-19T17:28:55.479+0200] {logging_mixin.py:188} INFO - [2025-08-19T17:28:55.479+0200] {dag.py:3947} INFO - Setting next_dagrun for example_nested_branch_dag to 2025-08-18 00:00:00+00:00, run_after=2025-08-19 00:00:00+00:00
[2025-08-19T17:28:55.485+0200] {processor.py:183} INFO - Processing /Users/ehabhasan/.venvs/airflow310/lib/python3.10/site-packages/airflow/example_dags/example_nested_branch_dag.py took 0.086 seconds
[2025-08-19T17:30:47.148+0200] {processor.py:161} INFO - Started process (PID=13904) to work on /Users/ehabhasan/.venvs/airflow310/lib/python3.10/site-packages/airflow/example_dags/example_nested_branch_dag.py
[2025-08-19T17:30:47.149+0200] {processor.py:830} INFO - Processing file /Users/ehabhasan/.venvs/airflow310/lib/python3.10/site-packages/airflow/example_dags/example_nested_branch_dag.py for tasks to queue
[2025-08-19T17:30:47.149+0200] {logging_mixin.py:188} INFO - [2025-08-19T17:30:47.149+0200] {dagbag.py:545} INFO - Filling up the DagBag from /Users/ehabhasan/.venvs/airflow310/lib/python3.10/site-packages/airflow/example_dags/example_nested_branch_dag.py
[2025-08-19T17:30:47.164+0200] {processor.py:840} INFO - DAG(s) 'example_nested_branch_dag' retrieved from /Users/ehabhasan/.venvs/airflow310/lib/python3.10/site-packages/airflow/example_dags/example_nested_branch_dag.py
[2025-08-19T17:30:47.200+0200] {logging_mixin.py:188} INFO - [2025-08-19T17:30:47.200+0200] {dag.py:3089} INFO - Sync 1 DAGs
[2025-08-19T17:30:47.227+0200] {logging_mixin.py:188} INFO - [2025-08-19T17:30:47.227+0200] {dag.py:3947} INFO - Setting next_dagrun for example_nested_branch_dag to 2025-08-18 00:00:00+00:00, run_after=2025-08-19 00:00:00+00:00
[2025-08-19T17:30:47.233+0200] {processor.py:183} INFO - Processing /Users/ehabhasan/.venvs/airflow310/lib/python3.10/site-packages/airflow/example_dags/example_nested_branch_dag.py took 0.087 seconds
[2025-08-19T17:32:41.636+0200] {processor.py:161} INFO - Started process (PID=14156) to work on /Users/ehabhasan/.venvs/airflow310/lib/python3.10/site-packages/airflow/example_dags/example_nested_branch_dag.py
[2025-08-19T17:32:41.636+0200] {processor.py:830} INFO - Processing file /Users/ehabhasan/.venvs/airflow310/lib/python3.10/site-packages/airflow/example_dags/example_nested_branch_dag.py for tasks to queue
[2025-08-19T17:32:41.636+0200] {logging_mixin.py:188} INFO - [2025-08-19T17:32:41.636+0200] {dagbag.py:545} INFO - Filling up the DagBag from /Users/ehabhasan/.venvs/airflow310/lib/python3.10/site-packages/airflow/example_dags/example_nested_branch_dag.py
[2025-08-19T17:32:41.651+0200] {processor.py:840} INFO - DAG(s) 'example_nested_branch_dag' retrieved from /Users/ehabhasan/.venvs/airflow310/lib/python3.10/site-packages/airflow/example_dags/example_nested_branch_dag.py
[2025-08-19T17:32:41.687+0200] {logging_mixin.py:188} INFO - [2025-08-19T17:32:41.687+0200] {dag.py:3089} INFO - Sync 1 DAGs
[2025-08-19T17:32:41.713+0200] {logging_mixin.py:188} INFO - [2025-08-19T17:32:41.712+0200] {dag.py:3947} INFO - Setting next_dagrun for example_nested_branch_dag to 2025-08-18 00:00:00+00:00, run_after=2025-08-19 00:00:00+00:00
[2025-08-19T17:32:41.719+0200] {processor.py:183} INFO - Processing /Users/ehabhasan/.venvs/airflow310/lib/python3.10/site-packages/airflow/example_dags/example_nested_branch_dag.py took 0.085 seconds
[2025-08-19T17:34:27.853+0200] {processor.py:161} INFO - Started process (PID=14259) to work on /Users/ehabhasan/.venvs/airflow310/lib/python3.10/site-packages/airflow/example_dags/example_nested_branch_dag.py
[2025-08-19T17:34:27.854+0200] {processor.py:830} INFO - Processing file /Users/ehabhasan/.venvs/airflow310/lib/python3.10/site-packages/airflow/example_dags/example_nested_branch_dag.py for tasks to queue
[2025-08-19T17:34:27.855+0200] {logging_mixin.py:188} INFO - [2025-08-19T17:34:27.855+0200] {dagbag.py:545} INFO - Filling up the DagBag from /Users/ehabhasan/.venvs/airflow310/lib/python3.10/site-packages/airflow/example_dags/example_nested_branch_dag.py
[2025-08-19T17:34:27.870+0200] {processor.py:840} INFO - DAG(s) 'example_nested_branch_dag' retrieved from /Users/ehabhasan/.venvs/airflow310/lib/python3.10/site-packages/airflow/example_dags/example_nested_branch_dag.py
[2025-08-19T17:34:27.906+0200] {logging_mixin.py:188} INFO - [2025-08-19T17:34:27.906+0200] {dag.py:3089} INFO - Sync 1 DAGs
[2025-08-19T17:34:27.932+0200] {logging_mixin.py:188} INFO - [2025-08-19T17:34:27.932+0200] {dag.py:3947} INFO - Setting next_dagrun for example_nested_branch_dag to 2025-08-18 00:00:00+00:00, run_after=2025-08-19 00:00:00+00:00
[2025-08-19T17:34:27.938+0200] {processor.py:183} INFO - Processing /Users/ehabhasan/.venvs/airflow310/lib/python3.10/site-packages/airflow/example_dags/example_nested_branch_dag.py took 0.087 seconds
[2025-08-19T17:36:19.951+0200] {processor.py:161} INFO - Started process (PID=14470) to work on /Users/ehabhasan/.venvs/airflow310/lib/python3.10/site-packages/airflow/example_dags/example_nested_branch_dag.py
[2025-08-19T17:36:19.951+0200] {processor.py:830} INFO - Processing file /Users/ehabhasan/.venvs/airflow310/lib/python3.10/site-packages/airflow/example_dags/example_nested_branch_dag.py for tasks to queue
[2025-08-19T17:36:19.952+0200] {logging_mixin.py:188} INFO - [2025-08-19T17:36:19.952+0200] {dagbag.py:545} INFO - Filling up the DagBag from /Users/ehabhasan/.venvs/airflow310/lib/python3.10/site-packages/airflow/example_dags/example_nested_branch_dag.py
[2025-08-19T17:36:19.966+0200] {processor.py:840} INFO - DAG(s) 'example_nested_branch_dag' retrieved from /Users/ehabhasan/.venvs/airflow310/lib/python3.10/site-packages/airflow/example_dags/example_nested_branch_dag.py
[2025-08-19T17:36:20.003+0200] {logging_mixin.py:188} INFO - [2025-08-19T17:36:20.003+0200] {dag.py:3089} INFO - Sync 1 DAGs
[2025-08-19T17:36:20.029+0200] {logging_mixin.py:188} INFO - [2025-08-19T17:36:20.029+0200] {dag.py:3947} INFO - Setting next_dagrun for example_nested_branch_dag to 2025-08-18 00:00:00+00:00, run_after=2025-08-19 00:00:00+00:00
[2025-08-19T17:36:20.036+0200] {processor.py:183} INFO - Processing /Users/ehabhasan/.venvs/airflow310/lib/python3.10/site-packages/airflow/example_dags/example_nested_branch_dag.py took 0.087 seconds
[2025-08-19T17:38:15.024+0200] {processor.py:161} INFO - Started process (PID=14599) to work on /Users/ehabhasan/.venvs/airflow310/lib/python3.10/site-packages/airflow/example_dags/example_nested_branch_dag.py
[2025-08-19T17:38:15.024+0200] {processor.py:830} INFO - Processing file /Users/ehabhasan/.venvs/airflow310/lib/python3.10/site-packages/airflow/example_dags/example_nested_branch_dag.py for tasks to queue
[2025-08-19T17:38:15.024+0200] {logging_mixin.py:188} INFO - [2025-08-19T17:38:15.024+0200] {dagbag.py:545} INFO - Filling up the DagBag from /Users/ehabhasan/.venvs/airflow310/lib/python3.10/site-packages/airflow/example_dags/example_nested_branch_dag.py
[2025-08-19T17:38:15.038+0200] {processor.py:840} INFO - DAG(s) 'example_nested_branch_dag' retrieved from /Users/ehabhasan/.venvs/airflow310/lib/python3.10/site-packages/airflow/example_dags/example_nested_branch_dag.py
[2025-08-19T17:38:15.074+0200] {logging_mixin.py:188} INFO - [2025-08-19T17:38:15.073+0200] {dag.py:3089} INFO - Sync 1 DAGs
[2025-08-19T17:38:15.099+0200] {logging_mixin.py:188} INFO - [2025-08-19T17:38:15.099+0200] {dag.py:3947} INFO - Setting next_dagrun for example_nested_branch_dag to 2025-08-18 00:00:00+00:00, run_after=2025-08-19 00:00:00+00:00
[2025-08-19T17:38:15.106+0200] {processor.py:183} INFO - Processing /Users/ehabhasan/.venvs/airflow310/lib/python3.10/site-packages/airflow/example_dags/example_nested_branch_dag.py took 0.084 seconds
[2025-08-19T17:40:18.342+0200] {processor.py:161} INFO - Started process (PID=14839) to work on /Users/ehabhasan/.venvs/airflow310/lib/python3.10/site-packages/airflow/example_dags/example_nested_branch_dag.py
[2025-08-19T17:40:18.342+0200] {processor.py:830} INFO - Processing file /Users/ehabhasan/.venvs/airflow310/lib/python3.10/site-packages/airflow/example_dags/example_nested_branch_dag.py for tasks to queue
[2025-08-19T17:40:18.343+0200] {logging_mixin.py:188} INFO - [2025-08-19T17:40:18.343+0200] {dagbag.py:545} INFO - Filling up the DagBag from /Users/ehabhasan/.venvs/airflow310/lib/python3.10/site-packages/airflow/example_dags/example_nested_branch_dag.py
[2025-08-19T17:40:18.357+0200] {processor.py:840} INFO - DAG(s) 'example_nested_branch_dag' retrieved from /Users/ehabhasan/.venvs/airflow310/lib/python3.10/site-packages/airflow/example_dags/example_nested_branch_dag.py
[2025-08-19T17:40:18.392+0200] {logging_mixin.py:188} INFO - [2025-08-19T17:40:18.392+0200] {dag.py:3089} INFO - Sync 1 DAGs
[2025-08-19T17:40:18.418+0200] {logging_mixin.py:188} INFO - [2025-08-19T17:40:18.418+0200] {dag.py:3947} INFO - Setting next_dagrun for example_nested_branch_dag to 2025-08-18 00:00:00+00:00, run_after=2025-08-19 00:00:00+00:00
[2025-08-19T17:40:18.425+0200] {processor.py:183} INFO - Processing /Users/ehabhasan/.venvs/airflow310/lib/python3.10/site-packages/airflow/example_dags/example_nested_branch_dag.py took 0.085 seconds
[2025-08-19T17:45:51.849+0200] {processor.py:161} INFO - Started process (PID=14988) to work on /Users/ehabhasan/.venvs/airflow310/lib/python3.10/site-packages/airflow/example_dags/example_nested_branch_dag.py
[2025-08-19T17:45:51.849+0200] {processor.py:830} INFO - Processing file /Users/ehabhasan/.venvs/airflow310/lib/python3.10/site-packages/airflow/example_dags/example_nested_branch_dag.py for tasks to queue
[2025-08-19T17:45:51.849+0200] {logging_mixin.py:188} INFO - [2025-08-19T17:45:51.849+0200] {dagbag.py:545} INFO - Filling up the DagBag from /Users/ehabhasan/.venvs/airflow310/lib/python3.10/site-packages/airflow/example_dags/example_nested_branch_dag.py
[2025-08-19T17:45:51.863+0200] {processor.py:840} INFO - DAG(s) 'example_nested_branch_dag' retrieved from /Users/ehabhasan/.venvs/airflow310/lib/python3.10/site-packages/airflow/example_dags/example_nested_branch_dag.py
[2025-08-19T17:45:51.898+0200] {logging_mixin.py:188} INFO - [2025-08-19T17:45:51.898+0200] {dag.py:3089} INFO - Sync 1 DAGs
[2025-08-19T17:45:51.924+0200] {logging_mixin.py:188} INFO - [2025-08-19T17:45:51.924+0200] {dag.py:3947} INFO - Setting next_dagrun for example_nested_branch_dag to 2025-08-18 00:00:00+00:00, run_after=2025-08-19 00:00:00+00:00
[2025-08-19T17:45:51.930+0200] {processor.py:183} INFO - Processing /Users/ehabhasan/.venvs/airflow310/lib/python3.10/site-packages/airflow/example_dags/example_nested_branch_dag.py took 0.083 seconds
[2025-08-19T17:47:54.666+0200] {processor.py:161} INFO - Started process (PID=15087) to work on /Users/ehabhasan/.venvs/airflow310/lib/python3.10/site-packages/airflow/example_dags/example_nested_branch_dag.py
[2025-08-19T17:47:54.666+0200] {processor.py:830} INFO - Processing file /Users/ehabhasan/.venvs/airflow310/lib/python3.10/site-packages/airflow/example_dags/example_nested_branch_dag.py for tasks to queue
[2025-08-19T17:47:54.667+0200] {logging_mixin.py:188} INFO - [2025-08-19T17:47:54.667+0200] {dagbag.py:545} INFO - Filling up the DagBag from /Users/ehabhasan/.venvs/airflow310/lib/python3.10/site-packages/airflow/example_dags/example_nested_branch_dag.py
[2025-08-19T17:47:54.681+0200] {processor.py:840} INFO - DAG(s) 'example_nested_branch_dag' retrieved from /Users/ehabhasan/.venvs/airflow310/lib/python3.10/site-packages/airflow/example_dags/example_nested_branch_dag.py
[2025-08-19T17:47:54.718+0200] {logging_mixin.py:188} INFO - [2025-08-19T17:47:54.717+0200] {dag.py:3089} INFO - Sync 1 DAGs
[2025-08-19T17:47:54.744+0200] {logging_mixin.py:188} INFO - [2025-08-19T17:47:54.744+0200] {dag.py:3947} INFO - Setting next_dagrun for example_nested_branch_dag to 2025-08-18 00:00:00+00:00, run_after=2025-08-19 00:00:00+00:00
[2025-08-19T17:47:54.750+0200] {processor.py:183} INFO - Processing /Users/ehabhasan/.venvs/airflow310/lib/python3.10/site-packages/airflow/example_dags/example_nested_branch_dag.py took 0.086 seconds
[2025-08-19T17:49:45.505+0200] {processor.py:161} INFO - Started process (PID=15170) to work on /Users/ehabhasan/.venvs/airflow310/lib/python3.10/site-packages/airflow/example_dags/example_nested_branch_dag.py
[2025-08-19T17:49:45.505+0200] {processor.py:830} INFO - Processing file /Users/ehabhasan/.venvs/airflow310/lib/python3.10/site-packages/airflow/example_dags/example_nested_branch_dag.py for tasks to queue
[2025-08-19T17:49:45.506+0200] {logging_mixin.py:188} INFO - [2025-08-19T17:49:45.506+0200] {dagbag.py:545} INFO - Filling up the DagBag from /Users/ehabhasan/.venvs/airflow310/lib/python3.10/site-packages/airflow/example_dags/example_nested_branch_dag.py
[2025-08-19T17:49:45.520+0200] {processor.py:840} INFO - DAG(s) 'example_nested_branch_dag' retrieved from /Users/ehabhasan/.venvs/airflow310/lib/python3.10/site-packages/airflow/example_dags/example_nested_branch_dag.py
[2025-08-19T17:49:45.568+0200] {logging_mixin.py:188} INFO - [2025-08-19T17:49:45.568+0200] {dag.py:3089} INFO - Sync 1 DAGs
[2025-08-19T17:49:45.599+0200] {logging_mixin.py:188} INFO - [2025-08-19T17:49:45.599+0200] {dag.py:3947} INFO - Setting next_dagrun for example_nested_branch_dag to 2025-08-18 00:00:00+00:00, run_after=2025-08-19 00:00:00+00:00
[2025-08-19T17:49:45.606+0200] {processor.py:183} INFO - Processing /Users/ehabhasan/.venvs/airflow310/lib/python3.10/site-packages/airflow/example_dags/example_nested_branch_dag.py took 0.102 seconds
