[2025-08-19T16:49:02.327+0200] {processor.py:161} INFO - Started process (PID=7667) to work on /Users/ehabhasan/.venvs/airflow310/lib/python3.10/site-packages/airflow/example_dags/example_branch_labels.py
[2025-08-19T16:49:02.328+0200] {processor.py:830} INFO - Processing file /Users/ehabhasan/.venvs/airflow310/lib/python3.10/site-packages/airflow/example_dags/example_branch_labels.py for tasks to queue
[2025-08-19T16:49:02.328+0200] {logging_mixin.py:188} INFO - [2025-08-19T16:49:02.328+0200] {dagbag.py:545} INFO - Filling up the DagBag from /Users/ehabhasan/.venvs/airflow310/lib/python3.10/site-packages/airflow/example_dags/example_branch_labels.py
[2025-08-19T16:49:02.332+0200] {processor.py:840} INFO - DAG(s) 'example_branch_labels' retrieved from /Users/ehabhasan/.venvs/airflow310/lib/python3.10/site-packages/airflow/example_dags/example_branch_labels.py
[2025-08-19T16:49:02.413+0200] {logging_mixin.py:188} INFO - [2025-08-19T16:49:02.413+0200] {dag.py:3089} INFO - Sync 1 DAGs
[2025-08-19T16:49:02.419+0200] {logging_mixin.py:188} INFO - [2025-08-19T16:49:02.419+0200] {dag.py:3947} INFO - Setting next_dagrun for example_branch_labels to 2025-08-18 00:00:00+00:00, run_after=2025-08-19 00:00:00+00:00
[2025-08-19T16:49:02.426+0200] {processor.py:183} INFO - Processing /Users/ehabhasan/.venvs/airflow310/lib/python3.10/site-packages/airflow/example_dags/example_branch_labels.py took 0.100 seconds
[2025-08-19T16:50:36.917+0200] {processor.py:161} INFO - Started process (PID=7739) to work on /Users/ehabhasan/.venvs/airflow310/lib/python3.10/site-packages/airflow/example_dags/example_branch_labels.py
[2025-08-19T16:50:36.918+0200] {processor.py:830} INFO - Processing file /Users/ehabhasan/.venvs/airflow310/lib/python3.10/site-packages/airflow/example_dags/example_branch_labels.py for tasks to queue
[2025-08-19T16:50:36.918+0200] {logging_mixin.py:188} INFO - [2025-08-19T16:50:36.918+0200] {dagbag.py:545} INFO - Filling up the DagBag from /Users/ehabhasan/.venvs/airflow310/lib/python3.10/site-packages/airflow/example_dags/example_branch_labels.py
[2025-08-19T16:50:36.921+0200] {processor.py:840} INFO - DAG(s) 'example_branch_labels' retrieved from /Users/ehabhasan/.venvs/airflow310/lib/python3.10/site-packages/airflow/example_dags/example_branch_labels.py
[2025-08-19T16:50:36.956+0200] {logging_mixin.py:188} INFO - [2025-08-19T16:50:36.956+0200] {dag.py:3089} INFO - Sync 1 DAGs
[2025-08-19T16:50:36.961+0200] {logging_mixin.py:188} INFO - [2025-08-19T16:50:36.961+0200] {dag.py:3947} INFO - Setting next_dagrun for example_branch_labels to 2025-08-18 00:00:00+00:00, run_after=2025-08-19 00:00:00+00:00
[2025-08-19T16:50:36.967+0200] {processor.py:183} INFO - Processing /Users/ehabhasan/.venvs/airflow310/lib/python3.10/site-packages/airflow/example_dags/example_branch_labels.py took 0.052 seconds
[2025-08-19T16:52:15.607+0200] {processor.py:161} INFO - Started process (PID=7811) to work on /Users/ehabhasan/.venvs/airflow310/lib/python3.10/site-packages/airflow/example_dags/example_branch_labels.py
[2025-08-19T16:52:15.607+0200] {processor.py:830} INFO - Processing file /Users/ehabhasan/.venvs/airflow310/lib/python3.10/site-packages/airflow/example_dags/example_branch_labels.py for tasks to queue
[2025-08-19T16:52:15.607+0200] {logging_mixin.py:188} INFO - [2025-08-19T16:52:15.607+0200] {dagbag.py:545} INFO - Filling up the DagBag from /Users/ehabhasan/.venvs/airflow310/lib/python3.10/site-packages/airflow/example_dags/example_branch_labels.py
[2025-08-19T16:52:15.610+0200] {processor.py:840} INFO - DAG(s) 'example_branch_labels' retrieved from /Users/ehabhasan/.venvs/airflow310/lib/python3.10/site-packages/airflow/example_dags/example_branch_labels.py
[2025-08-19T16:52:15.647+0200] {logging_mixin.py:188} INFO - [2025-08-19T16:52:15.647+0200] {dag.py:3089} INFO - Sync 1 DAGs
[2025-08-19T16:52:15.652+0200] {logging_mixin.py:188} INFO - [2025-08-19T16:52:15.652+0200] {dag.py:3947} INFO - Setting next_dagrun for example_branch_labels to 2025-08-18 00:00:00+00:00, run_after=2025-08-19 00:00:00+00:00
[2025-08-19T16:52:15.658+0200] {processor.py:183} INFO - Processing /Users/ehabhasan/.venvs/airflow310/lib/python3.10/site-packages/airflow/example_dags/example_branch_labels.py took 0.053 seconds
[2025-08-19T16:53:50.861+0200] {processor.py:161} INFO - Started process (PID=7883) to work on /Users/ehabhasan/.venvs/airflow310/lib/python3.10/site-packages/airflow/example_dags/example_branch_labels.py
[2025-08-19T16:53:50.862+0200] {processor.py:830} INFO - Processing file /Users/ehabhasan/.venvs/airflow310/lib/python3.10/site-packages/airflow/example_dags/example_branch_labels.py for tasks to queue
[2025-08-19T16:53:50.862+0200] {logging_mixin.py:188} INFO - [2025-08-19T16:53:50.862+0200] {dagbag.py:545} INFO - Filling up the DagBag from /Users/ehabhasan/.venvs/airflow310/lib/python3.10/site-packages/airflow/example_dags/example_branch_labels.py
[2025-08-19T16:53:50.865+0200] {processor.py:840} INFO - DAG(s) 'example_branch_labels' retrieved from /Users/ehabhasan/.venvs/airflow310/lib/python3.10/site-packages/airflow/example_dags/example_branch_labels.py
[2025-08-19T16:53:50.900+0200] {logging_mixin.py:188} INFO - [2025-08-19T16:53:50.900+0200] {dag.py:3089} INFO - Sync 1 DAGs
[2025-08-19T16:53:50.906+0200] {logging_mixin.py:188} INFO - [2025-08-19T16:53:50.906+0200] {dag.py:3947} INFO - Setting next_dagrun for example_branch_labels to 2025-08-18 00:00:00+00:00, run_after=2025-08-19 00:00:00+00:00
[2025-08-19T16:53:50.912+0200] {processor.py:183} INFO - Processing /Users/ehabhasan/.venvs/airflow310/lib/python3.10/site-packages/airflow/example_dags/example_branch_labels.py took 0.052 seconds
[2025-08-19T16:55:28.376+0200] {processor.py:161} INFO - Started process (PID=7990) to work on /Users/ehabhasan/.venvs/airflow310/lib/python3.10/site-packages/airflow/example_dags/example_branch_labels.py
[2025-08-19T16:55:28.377+0200] {processor.py:830} INFO - Processing file /Users/ehabhasan/.venvs/airflow310/lib/python3.10/site-packages/airflow/example_dags/example_branch_labels.py for tasks to queue
[2025-08-19T16:55:28.377+0200] {logging_mixin.py:188} INFO - [2025-08-19T16:55:28.377+0200] {dagbag.py:545} INFO - Filling up the DagBag from /Users/ehabhasan/.venvs/airflow310/lib/python3.10/site-packages/airflow/example_dags/example_branch_labels.py
[2025-08-19T16:55:28.381+0200] {processor.py:840} INFO - DAG(s) 'example_branch_labels' retrieved from /Users/ehabhasan/.venvs/airflow310/lib/python3.10/site-packages/airflow/example_dags/example_branch_labels.py
[2025-08-19T16:55:28.416+0200] {logging_mixin.py:188} INFO - [2025-08-19T16:55:28.416+0200] {dag.py:3089} INFO - Sync 1 DAGs
[2025-08-19T16:55:28.421+0200] {logging_mixin.py:188} INFO - [2025-08-19T16:55:28.421+0200] {dag.py:3947} INFO - Setting next_dagrun for example_branch_labels to 2025-08-18 00:00:00+00:00, run_after=2025-08-19 00:00:00+00:00
[2025-08-19T16:55:28.427+0200] {processor.py:183} INFO - Processing /Users/ehabhasan/.venvs/airflow310/lib/python3.10/site-packages/airflow/example_dags/example_branch_labels.py took 0.053 seconds
[2025-08-19T16:57:14.703+0200] {processor.py:161} INFO - Started process (PID=8069) to work on /Users/ehabhasan/.venvs/airflow310/lib/python3.10/site-packages/airflow/example_dags/example_branch_labels.py
[2025-08-19T16:57:14.703+0200] {processor.py:830} INFO - Processing file /Users/ehabhasan/.venvs/airflow310/lib/python3.10/site-packages/airflow/example_dags/example_branch_labels.py for tasks to queue
[2025-08-19T16:57:14.704+0200] {logging_mixin.py:188} INFO - [2025-08-19T16:57:14.704+0200] {dagbag.py:545} INFO - Filling up the DagBag from /Users/ehabhasan/.venvs/airflow310/lib/python3.10/site-packages/airflow/example_dags/example_branch_labels.py
[2025-08-19T16:57:14.707+0200] {processor.py:840} INFO - DAG(s) 'example_branch_labels' retrieved from /Users/ehabhasan/.venvs/airflow310/lib/python3.10/site-packages/airflow/example_dags/example_branch_labels.py
[2025-08-19T16:57:14.743+0200] {logging_mixin.py:188} INFO - [2025-08-19T16:57:14.743+0200] {dag.py:3089} INFO - Sync 1 DAGs
[2025-08-19T16:57:14.749+0200] {logging_mixin.py:188} INFO - [2025-08-19T16:57:14.749+0200] {dag.py:3947} INFO - Setting next_dagrun for example_branch_labels to 2025-08-18 00:00:00+00:00, run_after=2025-08-19 00:00:00+00:00
[2025-08-19T16:57:14.755+0200] {processor.py:183} INFO - Processing /Users/ehabhasan/.venvs/airflow310/lib/python3.10/site-packages/airflow/example_dags/example_branch_labels.py took 0.054 seconds
[2025-08-19T16:58:50.932+0200] {processor.py:161} INFO - Started process (PID=8138) to work on /Users/ehabhasan/.venvs/airflow310/lib/python3.10/site-packages/airflow/example_dags/example_branch_labels.py
[2025-08-19T16:58:50.933+0200] {processor.py:830} INFO - Processing file /Users/ehabhasan/.venvs/airflow310/lib/python3.10/site-packages/airflow/example_dags/example_branch_labels.py for tasks to queue
[2025-08-19T16:58:50.934+0200] {logging_mixin.py:188} INFO - [2025-08-19T16:58:50.933+0200] {dagbag.py:545} INFO - Filling up the DagBag from /Users/ehabhasan/.venvs/airflow310/lib/python3.10/site-packages/airflow/example_dags/example_branch_labels.py
[2025-08-19T16:58:50.936+0200] {processor.py:840} INFO - DAG(s) 'example_branch_labels' retrieved from /Users/ehabhasan/.venvs/airflow310/lib/python3.10/site-packages/airflow/example_dags/example_branch_labels.py
[2025-08-19T16:58:50.971+0200] {logging_mixin.py:188} INFO - [2025-08-19T16:58:50.971+0200] {dag.py:3089} INFO - Sync 1 DAGs
[2025-08-19T16:58:50.976+0200] {logging_mixin.py:188} INFO - [2025-08-19T16:58:50.976+0200] {dag.py:3947} INFO - Setting next_dagrun for example_branch_labels to 2025-08-18 00:00:00+00:00, run_after=2025-08-19 00:00:00+00:00
[2025-08-19T16:58:50.983+0200] {processor.py:183} INFO - Processing /Users/ehabhasan/.venvs/airflow310/lib/python3.10/site-packages/airflow/example_dags/example_branch_labels.py took 0.052 seconds
[2025-08-19T17:01:12.254+0200] {processor.py:161} INFO - Started process (PID=8257) to work on /Users/ehabhasan/.venvs/airflow310/lib/python3.10/site-packages/airflow/example_dags/example_branch_labels.py
[2025-08-19T17:01:12.255+0200] {processor.py:830} INFO - Processing file /Users/ehabhasan/.venvs/airflow310/lib/python3.10/site-packages/airflow/example_dags/example_branch_labels.py for tasks to queue
[2025-08-19T17:01:12.256+0200] {logging_mixin.py:188} INFO - [2025-08-19T17:01:12.255+0200] {dagbag.py:545} INFO - Filling up the DagBag from /Users/ehabhasan/.venvs/airflow310/lib/python3.10/site-packages/airflow/example_dags/example_branch_labels.py
[2025-08-19T17:01:12.259+0200] {processor.py:840} INFO - DAG(s) 'example_branch_labels' retrieved from /Users/ehabhasan/.venvs/airflow310/lib/python3.10/site-packages/airflow/example_dags/example_branch_labels.py
[2025-08-19T17:01:12.294+0200] {logging_mixin.py:188} INFO - [2025-08-19T17:01:12.294+0200] {dag.py:3089} INFO - Sync 1 DAGs
[2025-08-19T17:01:12.299+0200] {logging_mixin.py:188} INFO - [2025-08-19T17:01:12.299+0200] {dag.py:3947} INFO - Setting next_dagrun for example_branch_labels to 2025-08-18 00:00:00+00:00, run_after=2025-08-19 00:00:00+00:00
[2025-08-19T17:01:12.306+0200] {processor.py:183} INFO - Processing /Users/ehabhasan/.venvs/airflow310/lib/python3.10/site-packages/airflow/example_dags/example_branch_labels.py took 0.053 seconds
[2025-08-19T17:02:54.452+0200] {processor.py:161} INFO - Started process (PID=8346) to work on /Users/ehabhasan/.venvs/airflow310/lib/python3.10/site-packages/airflow/example_dags/example_branch_labels.py
[2025-08-19T17:02:54.452+0200] {processor.py:830} INFO - Processing file /Users/ehabhasan/.venvs/airflow310/lib/python3.10/site-packages/airflow/example_dags/example_branch_labels.py for tasks to queue
[2025-08-19T17:02:54.453+0200] {logging_mixin.py:188} INFO - [2025-08-19T17:02:54.452+0200] {dagbag.py:545} INFO - Filling up the DagBag from /Users/ehabhasan/.venvs/airflow310/lib/python3.10/site-packages/airflow/example_dags/example_branch_labels.py
[2025-08-19T17:02:54.456+0200] {processor.py:840} INFO - DAG(s) 'example_branch_labels' retrieved from /Users/ehabhasan/.venvs/airflow310/lib/python3.10/site-packages/airflow/example_dags/example_branch_labels.py
[2025-08-19T17:02:54.491+0200] {logging_mixin.py:188} INFO - [2025-08-19T17:02:54.491+0200] {dag.py:3089} INFO - Sync 1 DAGs
[2025-08-19T17:02:54.497+0200] {logging_mixin.py:188} INFO - [2025-08-19T17:02:54.497+0200] {dag.py:3947} INFO - Setting next_dagrun for example_branch_labels to 2025-08-18 00:00:00+00:00, run_after=2025-08-19 00:00:00+00:00
[2025-08-19T17:02:54.503+0200] {processor.py:183} INFO - Processing /Users/ehabhasan/.venvs/airflow310/lib/python3.10/site-packages/airflow/example_dags/example_branch_labels.py took 0.053 seconds
[2025-08-19T17:04:29.987+0200] {processor.py:161} INFO - Started process (PID=8944) to work on /Users/ehabhasan/.venvs/airflow310/lib/python3.10/site-packages/airflow/example_dags/example_branch_labels.py
[2025-08-19T17:04:29.987+0200] {processor.py:830} INFO - Processing file /Users/ehabhasan/.venvs/airflow310/lib/python3.10/site-packages/airflow/example_dags/example_branch_labels.py for tasks to queue
[2025-08-19T17:04:29.987+0200] {logging_mixin.py:188} INFO - [2025-08-19T17:04:29.987+0200] {dagbag.py:545} INFO - Filling up the DagBag from /Users/ehabhasan/.venvs/airflow310/lib/python3.10/site-packages/airflow/example_dags/example_branch_labels.py
[2025-08-19T17:04:29.990+0200] {processor.py:840} INFO - DAG(s) 'example_branch_labels' retrieved from /Users/ehabhasan/.venvs/airflow310/lib/python3.10/site-packages/airflow/example_dags/example_branch_labels.py
[2025-08-19T17:04:30.027+0200] {logging_mixin.py:188} INFO - [2025-08-19T17:04:30.027+0200] {dag.py:3089} INFO - Sync 1 DAGs
[2025-08-19T17:04:30.033+0200] {logging_mixin.py:188} INFO - [2025-08-19T17:04:30.033+0200] {dag.py:3947} INFO - Setting next_dagrun for example_branch_labels to 2025-08-18 00:00:00+00:00, run_after=2025-08-19 00:00:00+00:00
[2025-08-19T17:04:30.040+0200] {processor.py:183} INFO - Processing /Users/ehabhasan/.venvs/airflow310/lib/python3.10/site-packages/airflow/example_dags/example_branch_labels.py took 0.055 seconds
[2025-08-19T17:06:16.527+0200] {processor.py:161} INFO - Started process (PID=9434) to work on /Users/ehabhasan/.venvs/airflow310/lib/python3.10/site-packages/airflow/example_dags/example_branch_labels.py
[2025-08-19T17:06:16.527+0200] {processor.py:830} INFO - Processing file /Users/ehabhasan/.venvs/airflow310/lib/python3.10/site-packages/airflow/example_dags/example_branch_labels.py for tasks to queue
[2025-08-19T17:06:16.528+0200] {logging_mixin.py:188} INFO - [2025-08-19T17:06:16.528+0200] {dagbag.py:545} INFO - Filling up the DagBag from /Users/ehabhasan/.venvs/airflow310/lib/python3.10/site-packages/airflow/example_dags/example_branch_labels.py
[2025-08-19T17:06:16.531+0200] {processor.py:840} INFO - DAG(s) 'example_branch_labels' retrieved from /Users/ehabhasan/.venvs/airflow310/lib/python3.10/site-packages/airflow/example_dags/example_branch_labels.py
[2025-08-19T17:06:16.567+0200] {logging_mixin.py:188} INFO - [2025-08-19T17:06:16.567+0200] {dag.py:3089} INFO - Sync 1 DAGs
[2025-08-19T17:06:16.573+0200] {logging_mixin.py:188} INFO - [2025-08-19T17:06:16.573+0200] {dag.py:3947} INFO - Setting next_dagrun for example_branch_labels to 2025-08-18 00:00:00+00:00, run_after=2025-08-19 00:00:00+00:00
[2025-08-19T17:06:16.579+0200] {processor.py:183} INFO - Processing /Users/ehabhasan/.venvs/airflow310/lib/python3.10/site-packages/airflow/example_dags/example_branch_labels.py took 0.054 seconds
[2025-08-19T17:08:03.657+0200] {processor.py:161} INFO - Started process (PID=10128) to work on /Users/ehabhasan/.venvs/airflow310/lib/python3.10/site-packages/airflow/example_dags/example_branch_labels.py
[2025-08-19T17:08:03.657+0200] {processor.py:830} INFO - Processing file /Users/ehabhasan/.venvs/airflow310/lib/python3.10/site-packages/airflow/example_dags/example_branch_labels.py for tasks to queue
[2025-08-19T17:08:03.658+0200] {logging_mixin.py:188} INFO - [2025-08-19T17:08:03.658+0200] {dagbag.py:545} INFO - Filling up the DagBag from /Users/ehabhasan/.venvs/airflow310/lib/python3.10/site-packages/airflow/example_dags/example_branch_labels.py
[2025-08-19T17:08:03.661+0200] {processor.py:840} INFO - DAG(s) 'example_branch_labels' retrieved from /Users/ehabhasan/.venvs/airflow310/lib/python3.10/site-packages/airflow/example_dags/example_branch_labels.py
[2025-08-19T17:08:03.696+0200] {logging_mixin.py:188} INFO - [2025-08-19T17:08:03.696+0200] {dag.py:3089} INFO - Sync 1 DAGs
[2025-08-19T17:08:03.702+0200] {logging_mixin.py:188} INFO - [2025-08-19T17:08:03.702+0200] {dag.py:3947} INFO - Setting next_dagrun for example_branch_labels to 2025-08-18 00:00:00+00:00, run_after=2025-08-19 00:00:00+00:00
[2025-08-19T17:08:03.708+0200] {processor.py:183} INFO - Processing /Users/ehabhasan/.venvs/airflow310/lib/python3.10/site-packages/airflow/example_dags/example_branch_labels.py took 0.053 seconds
[2025-08-19T17:09:53.741+0200] {processor.py:161} INFO - Started process (PID=10242) to work on /Users/ehabhasan/.venvs/airflow310/lib/python3.10/site-packages/airflow/example_dags/example_branch_labels.py
[2025-08-19T17:09:53.742+0200] {processor.py:830} INFO - Processing file /Users/ehabhasan/.venvs/airflow310/lib/python3.10/site-packages/airflow/example_dags/example_branch_labels.py for tasks to queue
[2025-08-19T17:09:53.742+0200] {logging_mixin.py:188} INFO - [2025-08-19T17:09:53.742+0200] {dagbag.py:545} INFO - Filling up the DagBag from /Users/ehabhasan/.venvs/airflow310/lib/python3.10/site-packages/airflow/example_dags/example_branch_labels.py
[2025-08-19T17:09:53.745+0200] {processor.py:840} INFO - DAG(s) 'example_branch_labels' retrieved from /Users/ehabhasan/.venvs/airflow310/lib/python3.10/site-packages/airflow/example_dags/example_branch_labels.py
[2025-08-19T17:09:53.780+0200] {logging_mixin.py:188} INFO - [2025-08-19T17:09:53.780+0200] {dag.py:3089} INFO - Sync 1 DAGs
[2025-08-19T17:09:53.786+0200] {logging_mixin.py:188} INFO - [2025-08-19T17:09:53.786+0200] {dag.py:3947} INFO - Setting next_dagrun for example_branch_labels to 2025-08-18 00:00:00+00:00, run_after=2025-08-19 00:00:00+00:00
[2025-08-19T17:09:53.793+0200] {processor.py:183} INFO - Processing /Users/ehabhasan/.venvs/airflow310/lib/python3.10/site-packages/airflow/example_dags/example_branch_labels.py took 0.053 seconds
[2025-08-19T17:11:37.287+0200] {processor.py:161} INFO - Started process (PID=10324) to work on /Users/ehabhasan/.venvs/airflow310/lib/python3.10/site-packages/airflow/example_dags/example_branch_labels.py
[2025-08-19T17:11:37.287+0200] {processor.py:830} INFO - Processing file /Users/ehabhasan/.venvs/airflow310/lib/python3.10/site-packages/airflow/example_dags/example_branch_labels.py for tasks to queue
[2025-08-19T17:11:37.288+0200] {logging_mixin.py:188} INFO - [2025-08-19T17:11:37.288+0200] {dagbag.py:545} INFO - Filling up the DagBag from /Users/ehabhasan/.venvs/airflow310/lib/python3.10/site-packages/airflow/example_dags/example_branch_labels.py
[2025-08-19T17:11:37.291+0200] {processor.py:840} INFO - DAG(s) 'example_branch_labels' retrieved from /Users/ehabhasan/.venvs/airflow310/lib/python3.10/site-packages/airflow/example_dags/example_branch_labels.py
[2025-08-19T17:11:37.326+0200] {logging_mixin.py:188} INFO - [2025-08-19T17:11:37.326+0200] {dag.py:3089} INFO - Sync 1 DAGs
[2025-08-19T17:11:37.332+0200] {logging_mixin.py:188} INFO - [2025-08-19T17:11:37.332+0200] {dag.py:3947} INFO - Setting next_dagrun for example_branch_labels to 2025-08-18 00:00:00+00:00, run_after=2025-08-19 00:00:00+00:00
[2025-08-19T17:11:37.338+0200] {processor.py:183} INFO - Processing /Users/ehabhasan/.venvs/airflow310/lib/python3.10/site-packages/airflow/example_dags/example_branch_labels.py took 0.053 seconds
[2025-08-19T17:13:30.884+0200] {processor.py:161} INFO - Started process (PID=10421) to work on /Users/ehabhasan/.venvs/airflow310/lib/python3.10/site-packages/airflow/example_dags/example_branch_labels.py
[2025-08-19T17:13:30.884+0200] {processor.py:830} INFO - Processing file /Users/ehabhasan/.venvs/airflow310/lib/python3.10/site-packages/airflow/example_dags/example_branch_labels.py for tasks to queue
[2025-08-19T17:13:30.885+0200] {logging_mixin.py:188} INFO - [2025-08-19T17:13:30.885+0200] {dagbag.py:545} INFO - Filling up the DagBag from /Users/ehabhasan/.venvs/airflow310/lib/python3.10/site-packages/airflow/example_dags/example_branch_labels.py
[2025-08-19T17:13:30.888+0200] {processor.py:840} INFO - DAG(s) 'example_branch_labels' retrieved from /Users/ehabhasan/.venvs/airflow310/lib/python3.10/site-packages/airflow/example_dags/example_branch_labels.py
[2025-08-19T17:13:30.923+0200] {logging_mixin.py:188} INFO - [2025-08-19T17:13:30.923+0200] {dag.py:3089} INFO - Sync 1 DAGs
[2025-08-19T17:13:30.929+0200] {logging_mixin.py:188} INFO - [2025-08-19T17:13:30.929+0200] {dag.py:3947} INFO - Setting next_dagrun for example_branch_labels to 2025-08-18 00:00:00+00:00, run_after=2025-08-19 00:00:00+00:00
[2025-08-19T17:13:30.935+0200] {processor.py:183} INFO - Processing /Users/ehabhasan/.venvs/airflow310/lib/python3.10/site-packages/airflow/example_dags/example_branch_labels.py took 0.053 seconds
[2025-08-19T17:15:22.763+0200] {processor.py:161} INFO - Started process (PID=10772) to work on /Users/ehabhasan/.venvs/airflow310/lib/python3.10/site-packages/airflow/example_dags/example_branch_labels.py
[2025-08-19T17:15:22.764+0200] {processor.py:830} INFO - Processing file /Users/ehabhasan/.venvs/airflow310/lib/python3.10/site-packages/airflow/example_dags/example_branch_labels.py for tasks to queue
[2025-08-19T17:15:22.764+0200] {logging_mixin.py:188} INFO - [2025-08-19T17:15:22.764+0200] {dagbag.py:545} INFO - Filling up the DagBag from /Users/ehabhasan/.venvs/airflow310/lib/python3.10/site-packages/airflow/example_dags/example_branch_labels.py
[2025-08-19T17:15:22.767+0200] {processor.py:840} INFO - DAG(s) 'example_branch_labels' retrieved from /Users/ehabhasan/.venvs/airflow310/lib/python3.10/site-packages/airflow/example_dags/example_branch_labels.py
[2025-08-19T17:15:22.803+0200] {logging_mixin.py:188} INFO - [2025-08-19T17:15:22.802+0200] {dag.py:3089} INFO - Sync 1 DAGs
[2025-08-19T17:15:22.808+0200] {logging_mixin.py:188} INFO - [2025-08-19T17:15:22.808+0200] {dag.py:3947} INFO - Setting next_dagrun for example_branch_labels to 2025-08-18 00:00:00+00:00, run_after=2025-08-19 00:00:00+00:00
[2025-08-19T17:15:22.815+0200] {processor.py:183} INFO - Processing /Users/ehabhasan/.venvs/airflow310/lib/python3.10/site-packages/airflow/example_dags/example_branch_labels.py took 0.053 seconds
[2025-08-19T17:17:16.243+0200] {processor.py:161} INFO - Started process (PID=11431) to work on /Users/ehabhasan/.venvs/airflow310/lib/python3.10/site-packages/airflow/example_dags/example_branch_labels.py
[2025-08-19T17:17:16.243+0200] {processor.py:830} INFO - Processing file /Users/ehabhasan/.venvs/airflow310/lib/python3.10/site-packages/airflow/example_dags/example_branch_labels.py for tasks to queue
[2025-08-19T17:17:16.244+0200] {logging_mixin.py:188} INFO - [2025-08-19T17:17:16.243+0200] {dagbag.py:545} INFO - Filling up the DagBag from /Users/ehabhasan/.venvs/airflow310/lib/python3.10/site-packages/airflow/example_dags/example_branch_labels.py
[2025-08-19T17:17:16.247+0200] {processor.py:840} INFO - DAG(s) 'example_branch_labels' retrieved from /Users/ehabhasan/.venvs/airflow310/lib/python3.10/site-packages/airflow/example_dags/example_branch_labels.py
[2025-08-19T17:17:16.286+0200] {logging_mixin.py:188} INFO - [2025-08-19T17:17:16.285+0200] {dag.py:3089} INFO - Sync 1 DAGs
[2025-08-19T17:17:16.292+0200] {logging_mixin.py:188} INFO - [2025-08-19T17:17:16.292+0200] {dag.py:3947} INFO - Setting next_dagrun for example_branch_labels to 2025-08-18 00:00:00+00:00, run_after=2025-08-19 00:00:00+00:00
[2025-08-19T17:17:16.298+0200] {processor.py:183} INFO - Processing /Users/ehabhasan/.venvs/airflow310/lib/python3.10/site-packages/airflow/example_dags/example_branch_labels.py took 0.057 seconds
[2025-08-19T17:19:03.351+0200] {processor.py:161} INFO - Started process (PID=11526) to work on /Users/ehabhasan/.venvs/airflow310/lib/python3.10/site-packages/airflow/example_dags/example_branch_labels.py
[2025-08-19T17:19:03.353+0200] {processor.py:830} INFO - Processing file /Users/ehabhasan/.venvs/airflow310/lib/python3.10/site-packages/airflow/example_dags/example_branch_labels.py for tasks to queue
[2025-08-19T17:19:03.353+0200] {logging_mixin.py:188} INFO - [2025-08-19T17:19:03.353+0200] {dagbag.py:545} INFO - Filling up the DagBag from /Users/ehabhasan/.venvs/airflow310/lib/python3.10/site-packages/airflow/example_dags/example_branch_labels.py
[2025-08-19T17:19:03.356+0200] {processor.py:840} INFO - DAG(s) 'example_branch_labels' retrieved from /Users/ehabhasan/.venvs/airflow310/lib/python3.10/site-packages/airflow/example_dags/example_branch_labels.py
[2025-08-19T17:19:03.392+0200] {logging_mixin.py:188} INFO - [2025-08-19T17:19:03.392+0200] {dag.py:3089} INFO - Sync 1 DAGs
[2025-08-19T17:19:03.397+0200] {logging_mixin.py:188} INFO - [2025-08-19T17:19:03.397+0200] {dag.py:3947} INFO - Setting next_dagrun for example_branch_labels to 2025-08-18 00:00:00+00:00, run_after=2025-08-19 00:00:00+00:00
[2025-08-19T17:19:03.403+0200] {processor.py:183} INFO - Processing /Users/ehabhasan/.venvs/airflow310/lib/python3.10/site-packages/airflow/example_dags/example_branch_labels.py took 0.054 seconds
[2025-08-19T17:20:45.873+0200] {processor.py:161} INFO - Started process (PID=11620) to work on /Users/ehabhasan/.venvs/airflow310/lib/python3.10/site-packages/airflow/example_dags/example_branch_labels.py
[2025-08-19T17:20:45.873+0200] {processor.py:830} INFO - Processing file /Users/ehabhasan/.venvs/airflow310/lib/python3.10/site-packages/airflow/example_dags/example_branch_labels.py for tasks to queue
[2025-08-19T17:20:45.873+0200] {logging_mixin.py:188} INFO - [2025-08-19T17:20:45.873+0200] {dagbag.py:545} INFO - Filling up the DagBag from /Users/ehabhasan/.venvs/airflow310/lib/python3.10/site-packages/airflow/example_dags/example_branch_labels.py
[2025-08-19T17:20:45.876+0200] {processor.py:840} INFO - DAG(s) 'example_branch_labels' retrieved from /Users/ehabhasan/.venvs/airflow310/lib/python3.10/site-packages/airflow/example_dags/example_branch_labels.py
[2025-08-19T17:20:45.913+0200] {logging_mixin.py:188} INFO - [2025-08-19T17:20:45.912+0200] {dag.py:3089} INFO - Sync 1 DAGs
[2025-08-19T17:20:45.918+0200] {logging_mixin.py:188} INFO - [2025-08-19T17:20:45.918+0200] {dag.py:3947} INFO - Setting next_dagrun for example_branch_labels to 2025-08-18 00:00:00+00:00, run_after=2025-08-19 00:00:00+00:00
[2025-08-19T17:20:45.924+0200] {processor.py:183} INFO - Processing /Users/ehabhasan/.venvs/airflow310/lib/python3.10/site-packages/airflow/example_dags/example_branch_labels.py took 0.053 seconds
[2025-08-19T17:22:38.201+0200] {processor.py:161} INFO - Started process (PID=11692) to work on /Users/ehabhasan/.venvs/airflow310/lib/python3.10/site-packages/airflow/example_dags/example_branch_labels.py
[2025-08-19T17:22:38.201+0200] {processor.py:830} INFO - Processing file /Users/ehabhasan/.venvs/airflow310/lib/python3.10/site-packages/airflow/example_dags/example_branch_labels.py for tasks to queue
[2025-08-19T17:22:38.201+0200] {logging_mixin.py:188} INFO - [2025-08-19T17:22:38.201+0200] {dagbag.py:545} INFO - Filling up the DagBag from /Users/ehabhasan/.venvs/airflow310/lib/python3.10/site-packages/airflow/example_dags/example_branch_labels.py
[2025-08-19T17:22:38.205+0200] {processor.py:840} INFO - DAG(s) 'example_branch_labels' retrieved from /Users/ehabhasan/.venvs/airflow310/lib/python3.10/site-packages/airflow/example_dags/example_branch_labels.py
[2025-08-19T17:22:38.242+0200] {logging_mixin.py:188} INFO - [2025-08-19T17:22:38.242+0200] {dag.py:3089} INFO - Sync 1 DAGs
[2025-08-19T17:22:38.248+0200] {logging_mixin.py:188} INFO - [2025-08-19T17:22:38.248+0200] {dag.py:3947} INFO - Setting next_dagrun for example_branch_labels to 2025-08-18 00:00:00+00:00, run_after=2025-08-19 00:00:00+00:00
[2025-08-19T17:22:38.254+0200] {processor.py:183} INFO - Processing /Users/ehabhasan/.venvs/airflow310/lib/python3.10/site-packages/airflow/example_dags/example_branch_labels.py took 0.055 seconds
[2025-08-19T17:24:24.010+0200] {processor.py:161} INFO - Started process (PID=11776) to work on /Users/ehabhasan/.venvs/airflow310/lib/python3.10/site-packages/airflow/example_dags/example_branch_labels.py
[2025-08-19T17:24:24.011+0200] {processor.py:830} INFO - Processing file /Users/ehabhasan/.venvs/airflow310/lib/python3.10/site-packages/airflow/example_dags/example_branch_labels.py for tasks to queue
[2025-08-19T17:24:24.011+0200] {logging_mixin.py:188} INFO - [2025-08-19T17:24:24.011+0200] {dagbag.py:545} INFO - Filling up the DagBag from /Users/ehabhasan/.venvs/airflow310/lib/python3.10/site-packages/airflow/example_dags/example_branch_labels.py
[2025-08-19T17:24:24.015+0200] {processor.py:840} INFO - DAG(s) 'example_branch_labels' retrieved from /Users/ehabhasan/.venvs/airflow310/lib/python3.10/site-packages/airflow/example_dags/example_branch_labels.py
[2025-08-19T17:24:24.052+0200] {logging_mixin.py:188} INFO - [2025-08-19T17:24:24.052+0200] {dag.py:3089} INFO - Sync 1 DAGs
[2025-08-19T17:24:24.058+0200] {logging_mixin.py:188} INFO - [2025-08-19T17:24:24.058+0200] {dag.py:3947} INFO - Setting next_dagrun for example_branch_labels to 2025-08-18 00:00:00+00:00, run_after=2025-08-19 00:00:00+00:00
[2025-08-19T17:24:24.065+0200] {processor.py:183} INFO - Processing /Users/ehabhasan/.venvs/airflow310/lib/python3.10/site-packages/airflow/example_dags/example_branch_labels.py took 0.057 seconds
[2025-08-19T17:26:09.211+0200] {processor.py:161} INFO - Started process (PID=11855) to work on /Users/ehabhasan/.venvs/airflow310/lib/python3.10/site-packages/airflow/example_dags/example_branch_labels.py
[2025-08-19T17:26:09.212+0200] {processor.py:830} INFO - Processing file /Users/ehabhasan/.venvs/airflow310/lib/python3.10/site-packages/airflow/example_dags/example_branch_labels.py for tasks to queue
[2025-08-19T17:26:09.212+0200] {logging_mixin.py:188} INFO - [2025-08-19T17:26:09.212+0200] {dagbag.py:545} INFO - Filling up the DagBag from /Users/ehabhasan/.venvs/airflow310/lib/python3.10/site-packages/airflow/example_dags/example_branch_labels.py
[2025-08-19T17:26:09.216+0200] {processor.py:840} INFO - DAG(s) 'example_branch_labels' retrieved from /Users/ehabhasan/.venvs/airflow310/lib/python3.10/site-packages/airflow/example_dags/example_branch_labels.py
[2025-08-19T17:26:09.251+0200] {logging_mixin.py:188} INFO - [2025-08-19T17:26:09.251+0200] {dag.py:3089} INFO - Sync 1 DAGs
[2025-08-19T17:26:09.257+0200] {logging_mixin.py:188} INFO - [2025-08-19T17:26:09.257+0200] {dag.py:3947} INFO - Setting next_dagrun for example_branch_labels to 2025-08-18 00:00:00+00:00, run_after=2025-08-19 00:00:00+00:00
[2025-08-19T17:26:09.263+0200] {processor.py:183} INFO - Processing /Users/ehabhasan/.venvs/airflow310/lib/python3.10/site-packages/airflow/example_dags/example_branch_labels.py took 0.053 seconds
[2025-08-19T17:27:59.869+0200] {processor.py:161} INFO - Started process (PID=11936) to work on /Users/ehabhasan/.venvs/airflow310/lib/python3.10/site-packages/airflow/example_dags/example_branch_labels.py
[2025-08-19T17:27:59.870+0200] {processor.py:830} INFO - Processing file /Users/ehabhasan/.venvs/airflow310/lib/python3.10/site-packages/airflow/example_dags/example_branch_labels.py for tasks to queue
[2025-08-19T17:27:59.870+0200] {logging_mixin.py:188} INFO - [2025-08-19T17:27:59.870+0200] {dagbag.py:545} INFO - Filling up the DagBag from /Users/ehabhasan/.venvs/airflow310/lib/python3.10/site-packages/airflow/example_dags/example_branch_labels.py
[2025-08-19T17:27:59.873+0200] {processor.py:840} INFO - DAG(s) 'example_branch_labels' retrieved from /Users/ehabhasan/.venvs/airflow310/lib/python3.10/site-packages/airflow/example_dags/example_branch_labels.py
[2025-08-19T17:27:59.909+0200] {logging_mixin.py:188} INFO - [2025-08-19T17:27:59.909+0200] {dag.py:3089} INFO - Sync 1 DAGs
[2025-08-19T17:27:59.915+0200] {logging_mixin.py:188} INFO - [2025-08-19T17:27:59.915+0200] {dag.py:3947} INFO - Setting next_dagrun for example_branch_labels to 2025-08-18 00:00:00+00:00, run_after=2025-08-19 00:00:00+00:00
[2025-08-19T17:27:59.922+0200] {processor.py:183} INFO - Processing /Users/ehabhasan/.venvs/airflow310/lib/python3.10/site-packages/airflow/example_dags/example_branch_labels.py took 0.055 seconds
[2025-08-19T17:29:50.805+0200] {processor.py:161} INFO - Started process (PID=12488) to work on /Users/ehabhasan/.venvs/airflow310/lib/python3.10/site-packages/airflow/example_dags/example_branch_labels.py
[2025-08-19T17:29:50.806+0200] {processor.py:830} INFO - Processing file /Users/ehabhasan/.venvs/airflow310/lib/python3.10/site-packages/airflow/example_dags/example_branch_labels.py for tasks to queue
[2025-08-19T17:29:50.807+0200] {logging_mixin.py:188} INFO - [2025-08-19T17:29:50.807+0200] {dagbag.py:545} INFO - Filling up the DagBag from /Users/ehabhasan/.venvs/airflow310/lib/python3.10/site-packages/airflow/example_dags/example_branch_labels.py
[2025-08-19T17:29:50.810+0200] {processor.py:840} INFO - DAG(s) 'example_branch_labels' retrieved from /Users/ehabhasan/.venvs/airflow310/lib/python3.10/site-packages/airflow/example_dags/example_branch_labels.py
[2025-08-19T17:29:50.850+0200] {logging_mixin.py:188} INFO - [2025-08-19T17:29:50.850+0200] {dag.py:3089} INFO - Sync 1 DAGs
[2025-08-19T17:29:50.858+0200] {logging_mixin.py:188} INFO - [2025-08-19T17:29:50.858+0200] {dag.py:3947} INFO - Setting next_dagrun for example_branch_labels to 2025-08-18 00:00:00+00:00, run_after=2025-08-19 00:00:00+00:00
[2025-08-19T17:29:50.865+0200] {processor.py:183} INFO - Processing /Users/ehabhasan/.venvs/airflow310/lib/python3.10/site-packages/airflow/example_dags/example_branch_labels.py took 0.062 seconds
[2025-08-19T17:31:40.910+0200] {processor.py:161} INFO - Started process (PID=13946) to work on /Users/ehabhasan/.venvs/airflow310/lib/python3.10/site-packages/airflow/example_dags/example_branch_labels.py
[2025-08-19T17:31:40.911+0200] {processor.py:830} INFO - Processing file /Users/ehabhasan/.venvs/airflow310/lib/python3.10/site-packages/airflow/example_dags/example_branch_labels.py for tasks to queue
[2025-08-19T17:31:40.911+0200] {logging_mixin.py:188} INFO - [2025-08-19T17:31:40.911+0200] {dagbag.py:545} INFO - Filling up the DagBag from /Users/ehabhasan/.venvs/airflow310/lib/python3.10/site-packages/airflow/example_dags/example_branch_labels.py
[2025-08-19T17:31:40.915+0200] {processor.py:840} INFO - DAG(s) 'example_branch_labels' retrieved from /Users/ehabhasan/.venvs/airflow310/lib/python3.10/site-packages/airflow/example_dags/example_branch_labels.py
[2025-08-19T17:31:40.950+0200] {logging_mixin.py:188} INFO - [2025-08-19T17:31:40.950+0200] {dag.py:3089} INFO - Sync 1 DAGs
[2025-08-19T17:31:40.956+0200] {logging_mixin.py:188} INFO - [2025-08-19T17:31:40.956+0200] {dag.py:3947} INFO - Setting next_dagrun for example_branch_labels to 2025-08-18 00:00:00+00:00, run_after=2025-08-19 00:00:00+00:00
[2025-08-19T17:31:40.962+0200] {processor.py:183} INFO - Processing /Users/ehabhasan/.venvs/airflow310/lib/python3.10/site-packages/airflow/example_dags/example_branch_labels.py took 0.053 seconds
[2025-08-19T17:33:32.996+0200] {processor.py:161} INFO - Started process (PID=14208) to work on /Users/ehabhasan/.venvs/airflow310/lib/python3.10/site-packages/airflow/example_dags/example_branch_labels.py
[2025-08-19T17:33:32.996+0200] {processor.py:830} INFO - Processing file /Users/ehabhasan/.venvs/airflow310/lib/python3.10/site-packages/airflow/example_dags/example_branch_labels.py for tasks to queue
[2025-08-19T17:33:32.997+0200] {logging_mixin.py:188} INFO - [2025-08-19T17:33:32.996+0200] {dagbag.py:545} INFO - Filling up the DagBag from /Users/ehabhasan/.venvs/airflow310/lib/python3.10/site-packages/airflow/example_dags/example_branch_labels.py
[2025-08-19T17:33:33.000+0200] {processor.py:840} INFO - DAG(s) 'example_branch_labels' retrieved from /Users/ehabhasan/.venvs/airflow310/lib/python3.10/site-packages/airflow/example_dags/example_branch_labels.py
[2025-08-19T17:33:33.037+0200] {logging_mixin.py:188} INFO - [2025-08-19T17:33:33.037+0200] {dag.py:3089} INFO - Sync 1 DAGs
[2025-08-19T17:33:33.043+0200] {logging_mixin.py:188} INFO - [2025-08-19T17:33:33.043+0200] {dag.py:3947} INFO - Setting next_dagrun for example_branch_labels to 2025-08-18 00:00:00+00:00, run_after=2025-08-19 00:00:00+00:00
[2025-08-19T17:33:33.049+0200] {processor.py:183} INFO - Processing /Users/ehabhasan/.venvs/airflow310/lib/python3.10/site-packages/airflow/example_dags/example_branch_labels.py took 0.055 seconds
[2025-08-19T17:35:18.072+0200] {processor.py:161} INFO - Started process (PID=14389) to work on /Users/ehabhasan/.venvs/airflow310/lib/python3.10/site-packages/airflow/example_dags/example_branch_labels.py
[2025-08-19T17:35:18.073+0200] {processor.py:830} INFO - Processing file /Users/ehabhasan/.venvs/airflow310/lib/python3.10/site-packages/airflow/example_dags/example_branch_labels.py for tasks to queue
[2025-08-19T17:35:18.073+0200] {logging_mixin.py:188} INFO - [2025-08-19T17:35:18.073+0200] {dagbag.py:545} INFO - Filling up the DagBag from /Users/ehabhasan/.venvs/airflow310/lib/python3.10/site-packages/airflow/example_dags/example_branch_labels.py
[2025-08-19T17:35:18.076+0200] {processor.py:840} INFO - DAG(s) 'example_branch_labels' retrieved from /Users/ehabhasan/.venvs/airflow310/lib/python3.10/site-packages/airflow/example_dags/example_branch_labels.py
[2025-08-19T17:35:18.113+0200] {logging_mixin.py:188} INFO - [2025-08-19T17:35:18.113+0200] {dag.py:3089} INFO - Sync 1 DAGs
[2025-08-19T17:35:18.119+0200] {logging_mixin.py:188} INFO - [2025-08-19T17:35:18.119+0200] {dag.py:3947} INFO - Setting next_dagrun for example_branch_labels to 2025-08-18 00:00:00+00:00, run_after=2025-08-19 00:00:00+00:00
[2025-08-19T17:35:18.126+0200] {processor.py:183} INFO - Processing /Users/ehabhasan/.venvs/airflow310/lib/python3.10/site-packages/airflow/example_dags/example_branch_labels.py took 0.055 seconds
[2025-08-19T17:37:13.308+0200] {processor.py:161} INFO - Started process (PID=14535) to work on /Users/ehabhasan/.venvs/airflow310/lib/python3.10/site-packages/airflow/example_dags/example_branch_labels.py
[2025-08-19T17:37:13.308+0200] {processor.py:830} INFO - Processing file /Users/ehabhasan/.venvs/airflow310/lib/python3.10/site-packages/airflow/example_dags/example_branch_labels.py for tasks to queue
[2025-08-19T17:37:13.309+0200] {logging_mixin.py:188} INFO - [2025-08-19T17:37:13.308+0200] {dagbag.py:545} INFO - Filling up the DagBag from /Users/ehabhasan/.venvs/airflow310/lib/python3.10/site-packages/airflow/example_dags/example_branch_labels.py
[2025-08-19T17:37:13.312+0200] {processor.py:840} INFO - DAG(s) 'example_branch_labels' retrieved from /Users/ehabhasan/.venvs/airflow310/lib/python3.10/site-packages/airflow/example_dags/example_branch_labels.py
[2025-08-19T17:37:13.347+0200] {logging_mixin.py:188} INFO - [2025-08-19T17:37:13.347+0200] {dag.py:3089} INFO - Sync 1 DAGs
[2025-08-19T17:37:13.353+0200] {logging_mixin.py:188} INFO - [2025-08-19T17:37:13.353+0200] {dag.py:3947} INFO - Setting next_dagrun for example_branch_labels to 2025-08-18 00:00:00+00:00, run_after=2025-08-19 00:00:00+00:00
[2025-08-19T17:37:13.359+0200] {processor.py:183} INFO - Processing /Users/ehabhasan/.venvs/airflow310/lib/python3.10/site-packages/airflow/example_dags/example_branch_labels.py took 0.053 seconds
[2025-08-19T17:39:13.553+0200] {processor.py:161} INFO - Started process (PID=14749) to work on /Users/ehabhasan/.venvs/airflow310/lib/python3.10/site-packages/airflow/example_dags/example_branch_labels.py
[2025-08-19T17:39:13.553+0200] {processor.py:830} INFO - Processing file /Users/ehabhasan/.venvs/airflow310/lib/python3.10/site-packages/airflow/example_dags/example_branch_labels.py for tasks to queue
[2025-08-19T17:39:13.553+0200] {logging_mixin.py:188} INFO - [2025-08-19T17:39:13.553+0200] {dagbag.py:545} INFO - Filling up the DagBag from /Users/ehabhasan/.venvs/airflow310/lib/python3.10/site-packages/airflow/example_dags/example_branch_labels.py
[2025-08-19T17:39:13.557+0200] {processor.py:840} INFO - DAG(s) 'example_branch_labels' retrieved from /Users/ehabhasan/.venvs/airflow310/lib/python3.10/site-packages/airflow/example_dags/example_branch_labels.py
[2025-08-19T17:39:13.593+0200] {logging_mixin.py:188} INFO - [2025-08-19T17:39:13.593+0200] {dag.py:3089} INFO - Sync 1 DAGs
[2025-08-19T17:39:13.599+0200] {logging_mixin.py:188} INFO - [2025-08-19T17:39:13.599+0200] {dag.py:3947} INFO - Setting next_dagrun for example_branch_labels to 2025-08-18 00:00:00+00:00, run_after=2025-08-19 00:00:00+00:00
[2025-08-19T17:39:13.605+0200] {processor.py:183} INFO - Processing /Users/ehabhasan/.venvs/airflow310/lib/python3.10/site-packages/airflow/example_dags/example_branch_labels.py took 0.054 seconds
[2025-08-19T17:44:51.109+0200] {processor.py:161} INFO - Started process (PID=14935) to work on /Users/ehabhasan/.venvs/airflow310/lib/python3.10/site-packages/airflow/example_dags/example_branch_labels.py
[2025-08-19T17:44:51.110+0200] {processor.py:830} INFO - Processing file /Users/ehabhasan/.venvs/airflow310/lib/python3.10/site-packages/airflow/example_dags/example_branch_labels.py for tasks to queue
[2025-08-19T17:44:51.110+0200] {logging_mixin.py:188} INFO - [2025-08-19T17:44:51.110+0200] {dagbag.py:545} INFO - Filling up the DagBag from /Users/ehabhasan/.venvs/airflow310/lib/python3.10/site-packages/airflow/example_dags/example_branch_labels.py
[2025-08-19T17:44:51.114+0200] {processor.py:840} INFO - DAG(s) 'example_branch_labels' retrieved from /Users/ehabhasan/.venvs/airflow310/lib/python3.10/site-packages/airflow/example_dags/example_branch_labels.py
[2025-08-19T17:44:51.155+0200] {logging_mixin.py:188} INFO - [2025-08-19T17:44:51.155+0200] {dag.py:3089} INFO - Sync 1 DAGs
[2025-08-19T17:44:51.162+0200] {logging_mixin.py:188} INFO - [2025-08-19T17:44:51.162+0200] {dag.py:3947} INFO - Setting next_dagrun for example_branch_labels to 2025-08-18 00:00:00+00:00, run_after=2025-08-19 00:00:00+00:00
[2025-08-19T17:44:51.169+0200] {processor.py:183} INFO - Processing /Users/ehabhasan/.venvs/airflow310/lib/python3.10/site-packages/airflow/example_dags/example_branch_labels.py took 0.062 seconds
[2025-08-19T17:46:52.140+0200] {processor.py:161} INFO - Started process (PID=15036) to work on /Users/ehabhasan/.venvs/airflow310/lib/python3.10/site-packages/airflow/example_dags/example_branch_labels.py
[2025-08-19T17:46:52.140+0200] {processor.py:830} INFO - Processing file /Users/ehabhasan/.venvs/airflow310/lib/python3.10/site-packages/airflow/example_dags/example_branch_labels.py for tasks to queue
[2025-08-19T17:46:52.141+0200] {logging_mixin.py:188} INFO - [2025-08-19T17:46:52.140+0200] {dagbag.py:545} INFO - Filling up the DagBag from /Users/ehabhasan/.venvs/airflow310/lib/python3.10/site-packages/airflow/example_dags/example_branch_labels.py
[2025-08-19T17:46:52.144+0200] {processor.py:840} INFO - DAG(s) 'example_branch_labels' retrieved from /Users/ehabhasan/.venvs/airflow310/lib/python3.10/site-packages/airflow/example_dags/example_branch_labels.py
[2025-08-19T17:46:52.180+0200] {logging_mixin.py:188} INFO - [2025-08-19T17:46:52.180+0200] {dag.py:3089} INFO - Sync 1 DAGs
[2025-08-19T17:46:52.185+0200] {logging_mixin.py:188} INFO - [2025-08-19T17:46:52.185+0200] {dag.py:3947} INFO - Setting next_dagrun for example_branch_labels to 2025-08-18 00:00:00+00:00, run_after=2025-08-19 00:00:00+00:00
[2025-08-19T17:46:52.192+0200] {processor.py:183} INFO - Processing /Users/ehabhasan/.venvs/airflow310/lib/python3.10/site-packages/airflow/example_dags/example_branch_labels.py took 0.054 seconds
[2025-08-19T17:48:50.113+0200] {processor.py:161} INFO - Started process (PID=15128) to work on /Users/ehabhasan/.venvs/airflow310/lib/python3.10/site-packages/airflow/example_dags/example_branch_labels.py
[2025-08-19T17:48:50.113+0200] {processor.py:830} INFO - Processing file /Users/ehabhasan/.venvs/airflow310/lib/python3.10/site-packages/airflow/example_dags/example_branch_labels.py for tasks to queue
[2025-08-19T17:48:50.113+0200] {logging_mixin.py:188} INFO - [2025-08-19T17:48:50.113+0200] {dagbag.py:545} INFO - Filling up the DagBag from /Users/ehabhasan/.venvs/airflow310/lib/python3.10/site-packages/airflow/example_dags/example_branch_labels.py
[2025-08-19T17:48:50.117+0200] {processor.py:840} INFO - DAG(s) 'example_branch_labels' retrieved from /Users/ehabhasan/.venvs/airflow310/lib/python3.10/site-packages/airflow/example_dags/example_branch_labels.py
[2025-08-19T17:48:50.153+0200] {logging_mixin.py:188} INFO - [2025-08-19T17:48:50.153+0200] {dag.py:3089} INFO - Sync 1 DAGs
[2025-08-19T17:48:50.159+0200] {logging_mixin.py:188} INFO - [2025-08-19T17:48:50.159+0200] {dag.py:3947} INFO - Setting next_dagrun for example_branch_labels to 2025-08-18 00:00:00+00:00, run_after=2025-08-19 00:00:00+00:00
[2025-08-19T17:48:50.165+0200] {processor.py:183} INFO - Processing /Users/ehabhasan/.venvs/airflow310/lib/python3.10/site-packages/airflow/example_dags/example_branch_labels.py took 0.054 seconds
