[2025-08-19T16:48:22.372+0200] {processor.py:161} INFO - Started process (PID=7638) to work on /Users/ehabhasan/.venvs/airflow310/lib/python3.10/site-packages/airflow/example_dags/example_short_circuit_decorator.py
[2025-08-19T16:48:22.373+0200] {processor.py:830} INFO - Processing file /Users/ehabhasan/.venvs/airflow310/lib/python3.10/site-packages/airflow/example_dags/example_short_circuit_decorator.py for tasks to queue
[2025-08-19T16:48:22.373+0200] {logging_mixin.py:188} INFO - [2025-08-19T16:48:22.373+0200] {dagbag.py:545} INFO - Filling up the DagBag from /Users/ehabhasan/.venvs/airflow310/lib/python3.10/site-packages/airflow/example_dags/example_short_circuit_decorator.py
[2025-08-19T16:48:22.388+0200] {processor.py:840} INFO - DAG(s) 'example_short_circuit_decorator' retrieved from /Users/ehabhasan/.venvs/airflow310/lib/python3.10/site-packages/airflow/example_dags/example_short_circuit_decorator.py
[2025-08-19T16:48:22.471+0200] {logging_mixin.py:188} INFO - [2025-08-19T16:48:22.470+0200] {dag.py:3089} INFO - Sync 1 DAGs
[2025-08-19T16:48:22.476+0200] {logging_mixin.py:188} INFO - [2025-08-19T16:48:22.476+0200] {dag.py:3947} INFO - Setting next_dagrun for example_short_circuit_decorator to 2025-08-18 00:00:00+00:00, run_after=2025-08-19 00:00:00+00:00
[2025-08-19T16:48:22.484+0200] {processor.py:183} INFO - Processing /Users/ehabhasan/.venvs/airflow310/lib/python3.10/site-packages/airflow/example_dags/example_short_circuit_decorator.py took 0.114 seconds
[2025-08-19T16:49:41.400+0200] {processor.py:161} INFO - Started process (PID=7697) to work on /Users/ehabhasan/.venvs/airflow310/lib/python3.10/site-packages/airflow/example_dags/example_short_circuit_decorator.py
[2025-08-19T16:49:41.401+0200] {processor.py:830} INFO - Processing file /Users/ehabhasan/.venvs/airflow310/lib/python3.10/site-packages/airflow/example_dags/example_short_circuit_decorator.py for tasks to queue
[2025-08-19T16:49:41.402+0200] {logging_mixin.py:188} INFO - [2025-08-19T16:49:41.402+0200] {dagbag.py:545} INFO - Filling up the DagBag from /Users/ehabhasan/.venvs/airflow310/lib/python3.10/site-packages/airflow/example_dags/example_short_circuit_decorator.py
[2025-08-19T16:49:41.416+0200] {processor.py:840} INFO - DAG(s) 'example_short_circuit_decorator' retrieved from /Users/ehabhasan/.venvs/airflow310/lib/python3.10/site-packages/airflow/example_dags/example_short_circuit_decorator.py
[2025-08-19T16:49:41.451+0200] {logging_mixin.py:188} INFO - [2025-08-19T16:49:41.451+0200] {dag.py:3089} INFO - Sync 1 DAGs
[2025-08-19T16:49:41.476+0200] {logging_mixin.py:188} INFO - [2025-08-19T16:49:41.476+0200] {dag.py:3947} INFO - Setting next_dagrun for example_short_circuit_decorator to 2025-08-18 00:00:00+00:00, run_after=2025-08-19 00:00:00+00:00
[2025-08-19T16:49:41.482+0200] {processor.py:183} INFO - Processing /Users/ehabhasan/.venvs/airflow310/lib/python3.10/site-packages/airflow/example_dags/example_short_circuit_decorator.py took 0.083 seconds
[2025-08-19T16:51:13.465+0200] {processor.py:161} INFO - Started process (PID=7767) to work on /Users/ehabhasan/.venvs/airflow310/lib/python3.10/site-packages/airflow/example_dags/example_short_circuit_decorator.py
[2025-08-19T16:51:13.466+0200] {processor.py:830} INFO - Processing file /Users/ehabhasan/.venvs/airflow310/lib/python3.10/site-packages/airflow/example_dags/example_short_circuit_decorator.py for tasks to queue
[2025-08-19T16:51:13.466+0200] {logging_mixin.py:188} INFO - [2025-08-19T16:51:13.466+0200] {dagbag.py:545} INFO - Filling up the DagBag from /Users/ehabhasan/.venvs/airflow310/lib/python3.10/site-packages/airflow/example_dags/example_short_circuit_decorator.py
[2025-08-19T16:51:13.481+0200] {processor.py:840} INFO - DAG(s) 'example_short_circuit_decorator' retrieved from /Users/ehabhasan/.venvs/airflow310/lib/python3.10/site-packages/airflow/example_dags/example_short_circuit_decorator.py
[2025-08-19T16:51:13.516+0200] {logging_mixin.py:188} INFO - [2025-08-19T16:51:13.516+0200] {dag.py:3089} INFO - Sync 1 DAGs
[2025-08-19T16:51:13.541+0200] {logging_mixin.py:188} INFO - [2025-08-19T16:51:13.541+0200] {dag.py:3947} INFO - Setting next_dagrun for example_short_circuit_decorator to 2025-08-18 00:00:00+00:00, run_after=2025-08-19 00:00:00+00:00
[2025-08-19T16:51:13.548+0200] {processor.py:183} INFO - Processing /Users/ehabhasan/.venvs/airflow310/lib/python3.10/site-packages/airflow/example_dags/example_short_circuit_decorator.py took 0.084 seconds
[2025-08-19T16:52:53.434+0200] {processor.py:161} INFO - Started process (PID=7839) to work on /Users/ehabhasan/.venvs/airflow310/lib/python3.10/site-packages/airflow/example_dags/example_short_circuit_decorator.py
[2025-08-19T16:52:53.435+0200] {processor.py:830} INFO - Processing file /Users/ehabhasan/.venvs/airflow310/lib/python3.10/site-packages/airflow/example_dags/example_short_circuit_decorator.py for tasks to queue
[2025-08-19T16:52:53.435+0200] {logging_mixin.py:188} INFO - [2025-08-19T16:52:53.435+0200] {dagbag.py:545} INFO - Filling up the DagBag from /Users/ehabhasan/.venvs/airflow310/lib/python3.10/site-packages/airflow/example_dags/example_short_circuit_decorator.py
[2025-08-19T16:52:53.449+0200] {processor.py:840} INFO - DAG(s) 'example_short_circuit_decorator' retrieved from /Users/ehabhasan/.venvs/airflow310/lib/python3.10/site-packages/airflow/example_dags/example_short_circuit_decorator.py
[2025-08-19T16:52:53.484+0200] {logging_mixin.py:188} INFO - [2025-08-19T16:52:53.484+0200] {dag.py:3089} INFO - Sync 1 DAGs
[2025-08-19T16:52:53.509+0200] {logging_mixin.py:188} INFO - [2025-08-19T16:52:53.509+0200] {dag.py:3947} INFO - Setting next_dagrun for example_short_circuit_decorator to 2025-08-18 00:00:00+00:00, run_after=2025-08-19 00:00:00+00:00
[2025-08-19T16:52:53.516+0200] {processor.py:183} INFO - Processing /Users/ehabhasan/.venvs/airflow310/lib/python3.10/site-packages/airflow/example_dags/example_short_circuit_decorator.py took 0.083 seconds
[2025-08-19T16:54:31.029+0200] {processor.py:161} INFO - Started process (PID=7950) to work on /Users/ehabhasan/.venvs/airflow310/lib/python3.10/site-packages/airflow/example_dags/example_short_circuit_decorator.py
[2025-08-19T16:54:31.029+0200] {processor.py:830} INFO - Processing file /Users/ehabhasan/.venvs/airflow310/lib/python3.10/site-packages/airflow/example_dags/example_short_circuit_decorator.py for tasks to queue
[2025-08-19T16:54:31.029+0200] {logging_mixin.py:188} INFO - [2025-08-19T16:54:31.029+0200] {dagbag.py:545} INFO - Filling up the DagBag from /Users/ehabhasan/.venvs/airflow310/lib/python3.10/site-packages/airflow/example_dags/example_short_circuit_decorator.py
[2025-08-19T16:54:31.043+0200] {processor.py:840} INFO - DAG(s) 'example_short_circuit_decorator' retrieved from /Users/ehabhasan/.venvs/airflow310/lib/python3.10/site-packages/airflow/example_dags/example_short_circuit_decorator.py
[2025-08-19T16:54:31.079+0200] {logging_mixin.py:188} INFO - [2025-08-19T16:54:31.079+0200] {dag.py:3089} INFO - Sync 1 DAGs
[2025-08-19T16:54:31.104+0200] {logging_mixin.py:188} INFO - [2025-08-19T16:54:31.104+0200] {dag.py:3947} INFO - Setting next_dagrun for example_short_circuit_decorator to 2025-08-18 00:00:00+00:00, run_after=2025-08-19 00:00:00+00:00
[2025-08-19T16:54:31.110+0200] {processor.py:183} INFO - Processing /Users/ehabhasan/.venvs/airflow310/lib/python3.10/site-packages/airflow/example_dags/example_short_circuit_decorator.py took 0.084 seconds
[2025-08-19T16:56:09.105+0200] {processor.py:161} INFO - Started process (PID=8023) to work on /Users/ehabhasan/.venvs/airflow310/lib/python3.10/site-packages/airflow/example_dags/example_short_circuit_decorator.py
[2025-08-19T16:56:09.105+0200] {processor.py:830} INFO - Processing file /Users/ehabhasan/.venvs/airflow310/lib/python3.10/site-packages/airflow/example_dags/example_short_circuit_decorator.py for tasks to queue
[2025-08-19T16:56:09.105+0200] {logging_mixin.py:188} INFO - [2025-08-19T16:56:09.105+0200] {dagbag.py:545} INFO - Filling up the DagBag from /Users/ehabhasan/.venvs/airflow310/lib/python3.10/site-packages/airflow/example_dags/example_short_circuit_decorator.py
[2025-08-19T16:56:09.120+0200] {processor.py:840} INFO - DAG(s) 'example_short_circuit_decorator' retrieved from /Users/ehabhasan/.venvs/airflow310/lib/python3.10/site-packages/airflow/example_dags/example_short_circuit_decorator.py
[2025-08-19T16:56:09.156+0200] {logging_mixin.py:188} INFO - [2025-08-19T16:56:09.156+0200] {dag.py:3089} INFO - Sync 1 DAGs
[2025-08-19T16:56:09.182+0200] {logging_mixin.py:188} INFO - [2025-08-19T16:56:09.182+0200] {dag.py:3947} INFO - Setting next_dagrun for example_short_circuit_decorator to 2025-08-18 00:00:00+00:00, run_after=2025-08-19 00:00:00+00:00
[2025-08-19T16:56:09.188+0200] {processor.py:183} INFO - Processing /Users/ehabhasan/.venvs/airflow310/lib/python3.10/site-packages/airflow/example_dags/example_short_circuit_decorator.py took 0.085 seconds
[2025-08-19T16:57:53.456+0200] {processor.py:161} INFO - Started process (PID=8097) to work on /Users/ehabhasan/.venvs/airflow310/lib/python3.10/site-packages/airflow/example_dags/example_short_circuit_decorator.py
[2025-08-19T16:57:53.456+0200] {processor.py:830} INFO - Processing file /Users/ehabhasan/.venvs/airflow310/lib/python3.10/site-packages/airflow/example_dags/example_short_circuit_decorator.py for tasks to queue
[2025-08-19T16:57:53.457+0200] {logging_mixin.py:188} INFO - [2025-08-19T16:57:53.456+0200] {dagbag.py:545} INFO - Filling up the DagBag from /Users/ehabhasan/.venvs/airflow310/lib/python3.10/site-packages/airflow/example_dags/example_short_circuit_decorator.py
[2025-08-19T16:57:53.471+0200] {processor.py:840} INFO - DAG(s) 'example_short_circuit_decorator' retrieved from /Users/ehabhasan/.venvs/airflow310/lib/python3.10/site-packages/airflow/example_dags/example_short_circuit_decorator.py
[2025-08-19T16:57:53.507+0200] {logging_mixin.py:188} INFO - [2025-08-19T16:57:53.507+0200] {dag.py:3089} INFO - Sync 1 DAGs
[2025-08-19T16:57:53.532+0200] {logging_mixin.py:188} INFO - [2025-08-19T16:57:53.532+0200] {dag.py:3947} INFO - Setting next_dagrun for example_short_circuit_decorator to 2025-08-18 00:00:00+00:00, run_after=2025-08-19 00:00:00+00:00
[2025-08-19T16:57:53.538+0200] {processor.py:183} INFO - Processing /Users/ehabhasan/.venvs/airflow310/lib/python3.10/site-packages/airflow/example_dags/example_short_circuit_decorator.py took 0.084 seconds
[2025-08-19T17:00:01.922+0200] {processor.py:161} INFO - Started process (PID=8211) to work on /Users/ehabhasan/.venvs/airflow310/lib/python3.10/site-packages/airflow/example_dags/example_short_circuit_decorator.py
[2025-08-19T17:00:01.922+0200] {processor.py:830} INFO - Processing file /Users/ehabhasan/.venvs/airflow310/lib/python3.10/site-packages/airflow/example_dags/example_short_circuit_decorator.py for tasks to queue
[2025-08-19T17:00:01.922+0200] {logging_mixin.py:188} INFO - [2025-08-19T17:00:01.922+0200] {dagbag.py:545} INFO - Filling up the DagBag from /Users/ehabhasan/.venvs/airflow310/lib/python3.10/site-packages/airflow/example_dags/example_short_circuit_decorator.py
[2025-08-19T17:00:01.937+0200] {processor.py:840} INFO - DAG(s) 'example_short_circuit_decorator' retrieved from /Users/ehabhasan/.venvs/airflow310/lib/python3.10/site-packages/airflow/example_dags/example_short_circuit_decorator.py
[2025-08-19T17:00:01.973+0200] {logging_mixin.py:188} INFO - [2025-08-19T17:00:01.973+0200] {dag.py:3089} INFO - Sync 1 DAGs
[2025-08-19T17:00:02.000+0200] {logging_mixin.py:188} INFO - [2025-08-19T17:00:02.000+0200] {dag.py:3947} INFO - Setting next_dagrun for example_short_circuit_decorator to 2025-08-18 00:00:00+00:00, run_after=2025-08-19 00:00:00+00:00
[2025-08-19T17:00:02.006+0200] {processor.py:183} INFO - Processing /Users/ehabhasan/.venvs/airflow310/lib/python3.10/site-packages/airflow/example_dags/example_short_circuit_decorator.py took 0.087 seconds
[2025-08-19T17:01:52.063+0200] {processor.py:161} INFO - Started process (PID=8293) to work on /Users/ehabhasan/.venvs/airflow310/lib/python3.10/site-packages/airflow/example_dags/example_short_circuit_decorator.py
[2025-08-19T17:01:52.064+0200] {processor.py:830} INFO - Processing file /Users/ehabhasan/.venvs/airflow310/lib/python3.10/site-packages/airflow/example_dags/example_short_circuit_decorator.py for tasks to queue
[2025-08-19T17:01:52.064+0200] {logging_mixin.py:188} INFO - [2025-08-19T17:01:52.064+0200] {dagbag.py:545} INFO - Filling up the DagBag from /Users/ehabhasan/.venvs/airflow310/lib/python3.10/site-packages/airflow/example_dags/example_short_circuit_decorator.py
[2025-08-19T17:01:52.078+0200] {processor.py:840} INFO - DAG(s) 'example_short_circuit_decorator' retrieved from /Users/ehabhasan/.venvs/airflow310/lib/python3.10/site-packages/airflow/example_dags/example_short_circuit_decorator.py
[2025-08-19T17:01:52.113+0200] {logging_mixin.py:188} INFO - [2025-08-19T17:01:52.113+0200] {dag.py:3089} INFO - Sync 1 DAGs
[2025-08-19T17:01:52.139+0200] {logging_mixin.py:188} INFO - [2025-08-19T17:01:52.139+0200] {dag.py:3947} INFO - Setting next_dagrun for example_short_circuit_decorator to 2025-08-18 00:00:00+00:00, run_after=2025-08-19 00:00:00+00:00
[2025-08-19T17:01:52.146+0200] {processor.py:183} INFO - Processing /Users/ehabhasan/.venvs/airflow310/lib/python3.10/site-packages/airflow/example_dags/example_short_circuit_decorator.py took 0.084 seconds
[2025-08-19T17:03:28.540+0200] {processor.py:161} INFO - Started process (PID=8371) to work on /Users/ehabhasan/.venvs/airflow310/lib/python3.10/site-packages/airflow/example_dags/example_short_circuit_decorator.py
[2025-08-19T17:03:28.540+0200] {processor.py:830} INFO - Processing file /Users/ehabhasan/.venvs/airflow310/lib/python3.10/site-packages/airflow/example_dags/example_short_circuit_decorator.py for tasks to queue
[2025-08-19T17:03:28.540+0200] {logging_mixin.py:188} INFO - [2025-08-19T17:03:28.540+0200] {dagbag.py:545} INFO - Filling up the DagBag from /Users/ehabhasan/.venvs/airflow310/lib/python3.10/site-packages/airflow/example_dags/example_short_circuit_decorator.py
[2025-08-19T17:03:28.555+0200] {processor.py:840} INFO - DAG(s) 'example_short_circuit_decorator' retrieved from /Users/ehabhasan/.venvs/airflow310/lib/python3.10/site-packages/airflow/example_dags/example_short_circuit_decorator.py
[2025-08-19T17:03:28.592+0200] {logging_mixin.py:188} INFO - [2025-08-19T17:03:28.592+0200] {dag.py:3089} INFO - Sync 1 DAGs
[2025-08-19T17:03:28.619+0200] {logging_mixin.py:188} INFO - [2025-08-19T17:03:28.619+0200] {dag.py:3947} INFO - Setting next_dagrun for example_short_circuit_decorator to 2025-08-18 00:00:00+00:00, run_after=2025-08-19 00:00:00+00:00
[2025-08-19T17:03:28.625+0200] {processor.py:183} INFO - Processing /Users/ehabhasan/.venvs/airflow310/lib/python3.10/site-packages/airflow/example_dags/example_short_circuit_decorator.py took 0.087 seconds
[2025-08-19T17:05:08.191+0200] {processor.py:161} INFO - Started process (PID=8976) to work on /Users/ehabhasan/.venvs/airflow310/lib/python3.10/site-packages/airflow/example_dags/example_short_circuit_decorator.py
[2025-08-19T17:05:08.192+0200] {processor.py:830} INFO - Processing file /Users/ehabhasan/.venvs/airflow310/lib/python3.10/site-packages/airflow/example_dags/example_short_circuit_decorator.py for tasks to queue
[2025-08-19T17:05:08.192+0200] {logging_mixin.py:188} INFO - [2025-08-19T17:05:08.192+0200] {dagbag.py:545} INFO - Filling up the DagBag from /Users/ehabhasan/.venvs/airflow310/lib/python3.10/site-packages/airflow/example_dags/example_short_circuit_decorator.py
[2025-08-19T17:05:08.207+0200] {processor.py:840} INFO - DAG(s) 'example_short_circuit_decorator' retrieved from /Users/ehabhasan/.venvs/airflow310/lib/python3.10/site-packages/airflow/example_dags/example_short_circuit_decorator.py
[2025-08-19T17:05:08.243+0200] {logging_mixin.py:188} INFO - [2025-08-19T17:05:08.243+0200] {dag.py:3089} INFO - Sync 1 DAGs
[2025-08-19T17:05:08.271+0200] {logging_mixin.py:188} INFO - [2025-08-19T17:05:08.271+0200] {dag.py:3947} INFO - Setting next_dagrun for example_short_circuit_decorator to 2025-08-18 00:00:00+00:00, run_after=2025-08-19 00:00:00+00:00
[2025-08-19T17:05:08.278+0200] {processor.py:183} INFO - Processing /Users/ehabhasan/.venvs/airflow310/lib/python3.10/site-packages/airflow/example_dags/example_short_circuit_decorator.py took 0.088 seconds
[2025-08-19T17:06:56.276+0200] {processor.py:161} INFO - Started process (PID=9463) to work on /Users/ehabhasan/.venvs/airflow310/lib/python3.10/site-packages/airflow/example_dags/example_short_circuit_decorator.py
[2025-08-19T17:06:56.276+0200] {processor.py:830} INFO - Processing file /Users/ehabhasan/.venvs/airflow310/lib/python3.10/site-packages/airflow/example_dags/example_short_circuit_decorator.py for tasks to queue
[2025-08-19T17:06:56.277+0200] {logging_mixin.py:188} INFO - [2025-08-19T17:06:56.276+0200] {dagbag.py:545} INFO - Filling up the DagBag from /Users/ehabhasan/.venvs/airflow310/lib/python3.10/site-packages/airflow/example_dags/example_short_circuit_decorator.py
[2025-08-19T17:06:56.291+0200] {processor.py:840} INFO - DAG(s) 'example_short_circuit_decorator' retrieved from /Users/ehabhasan/.venvs/airflow310/lib/python3.10/site-packages/airflow/example_dags/example_short_circuit_decorator.py
[2025-08-19T17:06:56.326+0200] {logging_mixin.py:188} INFO - [2025-08-19T17:06:56.326+0200] {dag.py:3089} INFO - Sync 1 DAGs
[2025-08-19T17:06:56.351+0200] {logging_mixin.py:188} INFO - [2025-08-19T17:06:56.351+0200] {dag.py:3947} INFO - Setting next_dagrun for example_short_circuit_decorator to 2025-08-18 00:00:00+00:00, run_after=2025-08-19 00:00:00+00:00
[2025-08-19T17:06:56.357+0200] {processor.py:183} INFO - Processing /Users/ehabhasan/.venvs/airflow310/lib/python3.10/site-packages/airflow/example_dags/example_short_circuit_decorator.py took 0.083 seconds
[2025-08-19T17:08:42.402+0200] {processor.py:161} INFO - Started process (PID=10162) to work on /Users/ehabhasan/.venvs/airflow310/lib/python3.10/site-packages/airflow/example_dags/example_short_circuit_decorator.py
[2025-08-19T17:08:42.402+0200] {processor.py:830} INFO - Processing file /Users/ehabhasan/.venvs/airflow310/lib/python3.10/site-packages/airflow/example_dags/example_short_circuit_decorator.py for tasks to queue
[2025-08-19T17:08:42.403+0200] {logging_mixin.py:188} INFO - [2025-08-19T17:08:42.402+0200] {dagbag.py:545} INFO - Filling up the DagBag from /Users/ehabhasan/.venvs/airflow310/lib/python3.10/site-packages/airflow/example_dags/example_short_circuit_decorator.py
[2025-08-19T17:08:42.417+0200] {processor.py:840} INFO - DAG(s) 'example_short_circuit_decorator' retrieved from /Users/ehabhasan/.venvs/airflow310/lib/python3.10/site-packages/airflow/example_dags/example_short_circuit_decorator.py
[2025-08-19T17:08:42.454+0200] {logging_mixin.py:188} INFO - [2025-08-19T17:08:42.454+0200] {dag.py:3089} INFO - Sync 1 DAGs
[2025-08-19T17:08:42.482+0200] {logging_mixin.py:188} INFO - [2025-08-19T17:08:42.482+0200] {dag.py:3947} INFO - Setting next_dagrun for example_short_circuit_decorator to 2025-08-18 00:00:00+00:00, run_after=2025-08-19 00:00:00+00:00
[2025-08-19T17:08:42.489+0200] {processor.py:183} INFO - Processing /Users/ehabhasan/.venvs/airflow310/lib/python3.10/site-packages/airflow/example_dags/example_short_circuit_decorator.py took 0.089 seconds
[2025-08-19T17:10:32.812+0200] {processor.py:161} INFO - Started process (PID=10277) to work on /Users/ehabhasan/.venvs/airflow310/lib/python3.10/site-packages/airflow/example_dags/example_short_circuit_decorator.py
[2025-08-19T17:10:32.812+0200] {processor.py:830} INFO - Processing file /Users/ehabhasan/.venvs/airflow310/lib/python3.10/site-packages/airflow/example_dags/example_short_circuit_decorator.py for tasks to queue
[2025-08-19T17:10:32.813+0200] {logging_mixin.py:188} INFO - [2025-08-19T17:10:32.813+0200] {dagbag.py:545} INFO - Filling up the DagBag from /Users/ehabhasan/.venvs/airflow310/lib/python3.10/site-packages/airflow/example_dags/example_short_circuit_decorator.py
[2025-08-19T17:10:32.826+0200] {processor.py:840} INFO - DAG(s) 'example_short_circuit_decorator' retrieved from /Users/ehabhasan/.venvs/airflow310/lib/python3.10/site-packages/airflow/example_dags/example_short_circuit_decorator.py
[2025-08-19T17:10:32.863+0200] {logging_mixin.py:188} INFO - [2025-08-19T17:10:32.863+0200] {dag.py:3089} INFO - Sync 1 DAGs
[2025-08-19T17:10:32.889+0200] {logging_mixin.py:188} INFO - [2025-08-19T17:10:32.889+0200] {dag.py:3947} INFO - Setting next_dagrun for example_short_circuit_decorator to 2025-08-18 00:00:00+00:00, run_after=2025-08-19 00:00:00+00:00
[2025-08-19T17:10:32.895+0200] {processor.py:183} INFO - Processing /Users/ehabhasan/.venvs/airflow310/lib/python3.10/site-packages/airflow/example_dags/example_short_circuit_decorator.py took 0.085 seconds
[2025-08-19T17:12:21.993+0200] {processor.py:161} INFO - Started process (PID=10363) to work on /Users/ehabhasan/.venvs/airflow310/lib/python3.10/site-packages/airflow/example_dags/example_short_circuit_decorator.py
[2025-08-19T17:12:21.993+0200] {processor.py:830} INFO - Processing file /Users/ehabhasan/.venvs/airflow310/lib/python3.10/site-packages/airflow/example_dags/example_short_circuit_decorator.py for tasks to queue
[2025-08-19T17:12:21.993+0200] {logging_mixin.py:188} INFO - [2025-08-19T17:12:21.993+0200] {dagbag.py:545} INFO - Filling up the DagBag from /Users/ehabhasan/.venvs/airflow310/lib/python3.10/site-packages/airflow/example_dags/example_short_circuit_decorator.py
[2025-08-19T17:12:22.007+0200] {processor.py:840} INFO - DAG(s) 'example_short_circuit_decorator' retrieved from /Users/ehabhasan/.venvs/airflow310/lib/python3.10/site-packages/airflow/example_dags/example_short_circuit_decorator.py
[2025-08-19T17:12:22.043+0200] {logging_mixin.py:188} INFO - [2025-08-19T17:12:22.043+0200] {dag.py:3089} INFO - Sync 1 DAGs
[2025-08-19T17:12:22.069+0200] {logging_mixin.py:188} INFO - [2025-08-19T17:12:22.069+0200] {dag.py:3947} INFO - Setting next_dagrun for example_short_circuit_decorator to 2025-08-18 00:00:00+00:00, run_after=2025-08-19 00:00:00+00:00
[2025-08-19T17:12:22.075+0200] {processor.py:183} INFO - Processing /Users/ehabhasan/.venvs/airflow310/lib/python3.10/site-packages/airflow/example_dags/example_short_circuit_decorator.py took 0.084 seconds
[2025-08-19T17:14:13.919+0200] {processor.py:161} INFO - Started process (PID=10450) to work on /Users/ehabhasan/.venvs/airflow310/lib/python3.10/site-packages/airflow/example_dags/example_short_circuit_decorator.py
[2025-08-19T17:14:13.919+0200] {processor.py:830} INFO - Processing file /Users/ehabhasan/.venvs/airflow310/lib/python3.10/site-packages/airflow/example_dags/example_short_circuit_decorator.py for tasks to queue
[2025-08-19T17:14:13.920+0200] {logging_mixin.py:188} INFO - [2025-08-19T17:14:13.920+0200] {dagbag.py:545} INFO - Filling up the DagBag from /Users/ehabhasan/.venvs/airflow310/lib/python3.10/site-packages/airflow/example_dags/example_short_circuit_decorator.py
[2025-08-19T17:14:13.934+0200] {processor.py:840} INFO - DAG(s) 'example_short_circuit_decorator' retrieved from /Users/ehabhasan/.venvs/airflow310/lib/python3.10/site-packages/airflow/example_dags/example_short_circuit_decorator.py
[2025-08-19T17:14:13.971+0200] {logging_mixin.py:188} INFO - [2025-08-19T17:14:13.971+0200] {dag.py:3089} INFO - Sync 1 DAGs
[2025-08-19T17:14:13.998+0200] {logging_mixin.py:188} INFO - [2025-08-19T17:14:13.998+0200] {dag.py:3947} INFO - Setting next_dagrun for example_short_circuit_decorator to 2025-08-18 00:00:00+00:00, run_after=2025-08-19 00:00:00+00:00
[2025-08-19T17:14:14.005+0200] {processor.py:183} INFO - Processing /Users/ehabhasan/.venvs/airflow310/lib/python3.10/site-packages/airflow/example_dags/example_short_circuit_decorator.py took 0.088 seconds
[2025-08-19T17:16:05.593+0200] {processor.py:161} INFO - Started process (PID=10800) to work on /Users/ehabhasan/.venvs/airflow310/lib/python3.10/site-packages/airflow/example_dags/example_short_circuit_decorator.py
[2025-08-19T17:16:05.594+0200] {processor.py:830} INFO - Processing file /Users/ehabhasan/.venvs/airflow310/lib/python3.10/site-packages/airflow/example_dags/example_short_circuit_decorator.py for tasks to queue
[2025-08-19T17:16:05.594+0200] {logging_mixin.py:188} INFO - [2025-08-19T17:16:05.594+0200] {dagbag.py:545} INFO - Filling up the DagBag from /Users/ehabhasan/.venvs/airflow310/lib/python3.10/site-packages/airflow/example_dags/example_short_circuit_decorator.py
[2025-08-19T17:16:05.608+0200] {processor.py:840} INFO - DAG(s) 'example_short_circuit_decorator' retrieved from /Users/ehabhasan/.venvs/airflow310/lib/python3.10/site-packages/airflow/example_dags/example_short_circuit_decorator.py
[2025-08-19T17:16:05.644+0200] {logging_mixin.py:188} INFO - [2025-08-19T17:16:05.644+0200] {dag.py:3089} INFO - Sync 1 DAGs
[2025-08-19T17:16:05.669+0200] {logging_mixin.py:188} INFO - [2025-08-19T17:16:05.669+0200] {dag.py:3947} INFO - Setting next_dagrun for example_short_circuit_decorator to 2025-08-18 00:00:00+00:00, run_after=2025-08-19 00:00:00+00:00
[2025-08-19T17:16:05.676+0200] {processor.py:183} INFO - Processing /Users/ehabhasan/.venvs/airflow310/lib/python3.10/site-packages/airflow/example_dags/example_short_circuit_decorator.py took 0.084 seconds
[2025-08-19T17:17:59.796+0200] {processor.py:161} INFO - Started process (PID=11474) to work on /Users/ehabhasan/.venvs/airflow310/lib/python3.10/site-packages/airflow/example_dags/example_short_circuit_decorator.py
[2025-08-19T17:17:59.797+0200] {processor.py:830} INFO - Processing file /Users/ehabhasan/.venvs/airflow310/lib/python3.10/site-packages/airflow/example_dags/example_short_circuit_decorator.py for tasks to queue
[2025-08-19T17:17:59.797+0200] {logging_mixin.py:188} INFO - [2025-08-19T17:17:59.797+0200] {dagbag.py:545} INFO - Filling up the DagBag from /Users/ehabhasan/.venvs/airflow310/lib/python3.10/site-packages/airflow/example_dags/example_short_circuit_decorator.py
[2025-08-19T17:17:59.811+0200] {processor.py:840} INFO - DAG(s) 'example_short_circuit_decorator' retrieved from /Users/ehabhasan/.venvs/airflow310/lib/python3.10/site-packages/airflow/example_dags/example_short_circuit_decorator.py
[2025-08-19T17:17:59.847+0200] {logging_mixin.py:188} INFO - [2025-08-19T17:17:59.847+0200] {dag.py:3089} INFO - Sync 1 DAGs
[2025-08-19T17:17:59.873+0200] {logging_mixin.py:188} INFO - [2025-08-19T17:17:59.873+0200] {dag.py:3947} INFO - Setting next_dagrun for example_short_circuit_decorator to 2025-08-18 00:00:00+00:00, run_after=2025-08-19 00:00:00+00:00
[2025-08-19T17:17:59.880+0200] {processor.py:183} INFO - Processing /Users/ehabhasan/.venvs/airflow310/lib/python3.10/site-packages/airflow/example_dags/example_short_circuit_decorator.py took 0.085 seconds
[2025-08-19T17:19:44.265+0200] {processor.py:161} INFO - Started process (PID=11572) to work on /Users/ehabhasan/.venvs/airflow310/lib/python3.10/site-packages/airflow/example_dags/example_short_circuit_decorator.py
[2025-08-19T17:19:44.265+0200] {processor.py:830} INFO - Processing file /Users/ehabhasan/.venvs/airflow310/lib/python3.10/site-packages/airflow/example_dags/example_short_circuit_decorator.py for tasks to queue
[2025-08-19T17:19:44.265+0200] {logging_mixin.py:188} INFO - [2025-08-19T17:19:44.265+0200] {dagbag.py:545} INFO - Filling up the DagBag from /Users/ehabhasan/.venvs/airflow310/lib/python3.10/site-packages/airflow/example_dags/example_short_circuit_decorator.py
[2025-08-19T17:19:44.279+0200] {processor.py:840} INFO - DAG(s) 'example_short_circuit_decorator' retrieved from /Users/ehabhasan/.venvs/airflow310/lib/python3.10/site-packages/airflow/example_dags/example_short_circuit_decorator.py
[2025-08-19T17:19:44.314+0200] {logging_mixin.py:188} INFO - [2025-08-19T17:19:44.314+0200] {dag.py:3089} INFO - Sync 1 DAGs
[2025-08-19T17:19:44.340+0200] {logging_mixin.py:188} INFO - [2025-08-19T17:19:44.340+0200] {dag.py:3947} INFO - Setting next_dagrun for example_short_circuit_decorator to 2025-08-18 00:00:00+00:00, run_after=2025-08-19 00:00:00+00:00
[2025-08-19T17:19:44.346+0200] {processor.py:183} INFO - Processing /Users/ehabhasan/.venvs/airflow310/lib/python3.10/site-packages/airflow/example_dags/example_short_circuit_decorator.py took 0.083 seconds
[2025-08-19T17:21:26.058+0200] {processor.py:161} INFO - Started process (PID=11647) to work on /Users/ehabhasan/.venvs/airflow310/lib/python3.10/site-packages/airflow/example_dags/example_short_circuit_decorator.py
[2025-08-19T17:21:26.058+0200] {processor.py:830} INFO - Processing file /Users/ehabhasan/.venvs/airflow310/lib/python3.10/site-packages/airflow/example_dags/example_short_circuit_decorator.py for tasks to queue
[2025-08-19T17:21:26.058+0200] {logging_mixin.py:188} INFO - [2025-08-19T17:21:26.058+0200] {dagbag.py:545} INFO - Filling up the DagBag from /Users/ehabhasan/.venvs/airflow310/lib/python3.10/site-packages/airflow/example_dags/example_short_circuit_decorator.py
[2025-08-19T17:21:26.072+0200] {processor.py:840} INFO - DAG(s) 'example_short_circuit_decorator' retrieved from /Users/ehabhasan/.venvs/airflow310/lib/python3.10/site-packages/airflow/example_dags/example_short_circuit_decorator.py
[2025-08-19T17:21:26.108+0200] {logging_mixin.py:188} INFO - [2025-08-19T17:21:26.107+0200] {dag.py:3089} INFO - Sync 1 DAGs
[2025-08-19T17:21:26.133+0200] {logging_mixin.py:188} INFO - [2025-08-19T17:21:26.133+0200] {dag.py:3947} INFO - Setting next_dagrun for example_short_circuit_decorator to 2025-08-18 00:00:00+00:00, run_after=2025-08-19 00:00:00+00:00
[2025-08-19T17:21:26.139+0200] {processor.py:183} INFO - Processing /Users/ehabhasan/.venvs/airflow310/lib/python3.10/site-packages/airflow/example_dags/example_short_circuit_decorator.py took 0.083 seconds
[2025-08-19T17:23:19.362+0200] {processor.py:161} INFO - Started process (PID=11721) to work on /Users/ehabhasan/.venvs/airflow310/lib/python3.10/site-packages/airflow/example_dags/example_short_circuit_decorator.py
[2025-08-19T17:23:19.363+0200] {processor.py:830} INFO - Processing file /Users/ehabhasan/.venvs/airflow310/lib/python3.10/site-packages/airflow/example_dags/example_short_circuit_decorator.py for tasks to queue
[2025-08-19T17:23:19.363+0200] {logging_mixin.py:188} INFO - [2025-08-19T17:23:19.363+0200] {dagbag.py:545} INFO - Filling up the DagBag from /Users/ehabhasan/.venvs/airflow310/lib/python3.10/site-packages/airflow/example_dags/example_short_circuit_decorator.py
[2025-08-19T17:23:19.377+0200] {processor.py:840} INFO - DAG(s) 'example_short_circuit_decorator' retrieved from /Users/ehabhasan/.venvs/airflow310/lib/python3.10/site-packages/airflow/example_dags/example_short_circuit_decorator.py
[2025-08-19T17:23:19.411+0200] {logging_mixin.py:188} INFO - [2025-08-19T17:23:19.411+0200] {dag.py:3089} INFO - Sync 1 DAGs
[2025-08-19T17:23:19.437+0200] {logging_mixin.py:188} INFO - [2025-08-19T17:23:19.437+0200] {dag.py:3947} INFO - Setting next_dagrun for example_short_circuit_decorator to 2025-08-18 00:00:00+00:00, run_after=2025-08-19 00:00:00+00:00
[2025-08-19T17:23:19.443+0200] {processor.py:183} INFO - Processing /Users/ehabhasan/.venvs/airflow310/lib/python3.10/site-packages/airflow/example_dags/example_short_circuit_decorator.py took 0.083 seconds
[2025-08-19T17:25:04.226+0200] {processor.py:161} INFO - Started process (PID=11805) to work on /Users/ehabhasan/.venvs/airflow310/lib/python3.10/site-packages/airflow/example_dags/example_short_circuit_decorator.py
[2025-08-19T17:25:04.227+0200] {processor.py:830} INFO - Processing file /Users/ehabhasan/.venvs/airflow310/lib/python3.10/site-packages/airflow/example_dags/example_short_circuit_decorator.py for tasks to queue
[2025-08-19T17:25:04.228+0200] {logging_mixin.py:188} INFO - [2025-08-19T17:25:04.228+0200] {dagbag.py:545} INFO - Filling up the DagBag from /Users/ehabhasan/.venvs/airflow310/lib/python3.10/site-packages/airflow/example_dags/example_short_circuit_decorator.py
[2025-08-19T17:25:04.242+0200] {processor.py:840} INFO - DAG(s) 'example_short_circuit_decorator' retrieved from /Users/ehabhasan/.venvs/airflow310/lib/python3.10/site-packages/airflow/example_dags/example_short_circuit_decorator.py
[2025-08-19T17:25:04.278+0200] {logging_mixin.py:188} INFO - [2025-08-19T17:25:04.278+0200] {dag.py:3089} INFO - Sync 1 DAGs
[2025-08-19T17:25:04.303+0200] {logging_mixin.py:188} INFO - [2025-08-19T17:25:04.303+0200] {dag.py:3947} INFO - Setting next_dagrun for example_short_circuit_decorator to 2025-08-18 00:00:00+00:00, run_after=2025-08-19 00:00:00+00:00
[2025-08-19T17:25:04.310+0200] {processor.py:183} INFO - Processing /Users/ehabhasan/.venvs/airflow310/lib/python3.10/site-packages/airflow/example_dags/example_short_circuit_decorator.py took 0.085 seconds
[2025-08-19T17:26:49.036+0200] {processor.py:161} INFO - Started process (PID=11882) to work on /Users/ehabhasan/.venvs/airflow310/lib/python3.10/site-packages/airflow/example_dags/example_short_circuit_decorator.py
[2025-08-19T17:26:49.036+0200] {processor.py:830} INFO - Processing file /Users/ehabhasan/.venvs/airflow310/lib/python3.10/site-packages/airflow/example_dags/example_short_circuit_decorator.py for tasks to queue
[2025-08-19T17:26:49.036+0200] {logging_mixin.py:188} INFO - [2025-08-19T17:26:49.036+0200] {dagbag.py:545} INFO - Filling up the DagBag from /Users/ehabhasan/.venvs/airflow310/lib/python3.10/site-packages/airflow/example_dags/example_short_circuit_decorator.py
[2025-08-19T17:26:49.051+0200] {processor.py:840} INFO - DAG(s) 'example_short_circuit_decorator' retrieved from /Users/ehabhasan/.venvs/airflow310/lib/python3.10/site-packages/airflow/example_dags/example_short_circuit_decorator.py
[2025-08-19T17:26:49.087+0200] {logging_mixin.py:188} INFO - [2025-08-19T17:26:49.087+0200] {dag.py:3089} INFO - Sync 1 DAGs
[2025-08-19T17:26:49.112+0200] {logging_mixin.py:188} INFO - [2025-08-19T17:26:49.112+0200] {dag.py:3947} INFO - Setting next_dagrun for example_short_circuit_decorator to 2025-08-18 00:00:00+00:00, run_after=2025-08-19 00:00:00+00:00
[2025-08-19T17:26:49.119+0200] {processor.py:183} INFO - Processing /Users/ehabhasan/.venvs/airflow310/lib/python3.10/site-packages/airflow/example_dags/example_short_circuit_decorator.py took 0.085 seconds
[2025-08-19T17:28:38.740+0200] {processor.py:161} INFO - Started process (PID=11972) to work on /Users/ehabhasan/.venvs/airflow310/lib/python3.10/site-packages/airflow/example_dags/example_short_circuit_decorator.py
[2025-08-19T17:28:38.741+0200] {processor.py:830} INFO - Processing file /Users/ehabhasan/.venvs/airflow310/lib/python3.10/site-packages/airflow/example_dags/example_short_circuit_decorator.py for tasks to queue
[2025-08-19T17:28:38.741+0200] {logging_mixin.py:188} INFO - [2025-08-19T17:28:38.741+0200] {dagbag.py:545} INFO - Filling up the DagBag from /Users/ehabhasan/.venvs/airflow310/lib/python3.10/site-packages/airflow/example_dags/example_short_circuit_decorator.py
[2025-08-19T17:28:38.755+0200] {processor.py:840} INFO - DAG(s) 'example_short_circuit_decorator' retrieved from /Users/ehabhasan/.venvs/airflow310/lib/python3.10/site-packages/airflow/example_dags/example_short_circuit_decorator.py
[2025-08-19T17:28:38.791+0200] {logging_mixin.py:188} INFO - [2025-08-19T17:28:38.791+0200] {dag.py:3089} INFO - Sync 1 DAGs
[2025-08-19T17:28:38.816+0200] {logging_mixin.py:188} INFO - [2025-08-19T17:28:38.816+0200] {dag.py:3947} INFO - Setting next_dagrun for example_short_circuit_decorator to 2025-08-18 00:00:00+00:00, run_after=2025-08-19 00:00:00+00:00
[2025-08-19T17:28:38.823+0200] {processor.py:183} INFO - Processing /Users/ehabhasan/.venvs/airflow310/lib/python3.10/site-packages/airflow/example_dags/example_short_circuit_decorator.py took 0.084 seconds
[2025-08-19T17:30:31.034+0200] {processor.py:161} INFO - Started process (PID=13113) to work on /Users/ehabhasan/.venvs/airflow310/lib/python3.10/site-packages/airflow/example_dags/example_short_circuit_decorator.py
[2025-08-19T17:30:31.034+0200] {processor.py:830} INFO - Processing file /Users/ehabhasan/.venvs/airflow310/lib/python3.10/site-packages/airflow/example_dags/example_short_circuit_decorator.py for tasks to queue
[2025-08-19T17:30:31.035+0200] {logging_mixin.py:188} INFO - [2025-08-19T17:30:31.035+0200] {dagbag.py:545} INFO - Filling up the DagBag from /Users/ehabhasan/.venvs/airflow310/lib/python3.10/site-packages/airflow/example_dags/example_short_circuit_decorator.py
[2025-08-19T17:30:31.050+0200] {processor.py:840} INFO - DAG(s) 'example_short_circuit_decorator' retrieved from /Users/ehabhasan/.venvs/airflow310/lib/python3.10/site-packages/airflow/example_dags/example_short_circuit_decorator.py
[2025-08-19T17:30:31.087+0200] {logging_mixin.py:188} INFO - [2025-08-19T17:30:31.087+0200] {dag.py:3089} INFO - Sync 1 DAGs
[2025-08-19T17:30:31.118+0200] {logging_mixin.py:188} INFO - [2025-08-19T17:30:31.118+0200] {dag.py:3947} INFO - Setting next_dagrun for example_short_circuit_decorator to 2025-08-18 00:00:00+00:00, run_after=2025-08-19 00:00:00+00:00
[2025-08-19T17:30:31.125+0200] {processor.py:183} INFO - Processing /Users/ehabhasan/.venvs/airflow310/lib/python3.10/site-packages/airflow/example_dags/example_short_circuit_decorator.py took 0.093 seconds
[2025-08-19T17:32:27.140+0200] {processor.py:161} INFO - Started process (PID=14141) to work on /Users/ehabhasan/.venvs/airflow310/lib/python3.10/site-packages/airflow/example_dags/example_short_circuit_decorator.py
[2025-08-19T17:32:27.141+0200] {processor.py:830} INFO - Processing file /Users/ehabhasan/.venvs/airflow310/lib/python3.10/site-packages/airflow/example_dags/example_short_circuit_decorator.py for tasks to queue
[2025-08-19T17:32:27.141+0200] {logging_mixin.py:188} INFO - [2025-08-19T17:32:27.141+0200] {dagbag.py:545} INFO - Filling up the DagBag from /Users/ehabhasan/.venvs/airflow310/lib/python3.10/site-packages/airflow/example_dags/example_short_circuit_decorator.py
[2025-08-19T17:32:27.156+0200] {processor.py:840} INFO - DAG(s) 'example_short_circuit_decorator' retrieved from /Users/ehabhasan/.venvs/airflow310/lib/python3.10/site-packages/airflow/example_dags/example_short_circuit_decorator.py
[2025-08-19T17:32:27.195+0200] {logging_mixin.py:188} INFO - [2025-08-19T17:32:27.195+0200] {dag.py:3089} INFO - Sync 1 DAGs
[2025-08-19T17:32:27.224+0200] {logging_mixin.py:188} INFO - [2025-08-19T17:32:27.224+0200] {dag.py:3947} INFO - Setting next_dagrun for example_short_circuit_decorator to 2025-08-18 00:00:00+00:00, run_after=2025-08-19 00:00:00+00:00
[2025-08-19T17:32:27.231+0200] {processor.py:183} INFO - Processing /Users/ehabhasan/.venvs/airflow310/lib/python3.10/site-packages/airflow/example_dags/example_short_circuit_decorator.py took 0.092 seconds
[2025-08-19T17:34:12.898+0200] {processor.py:161} INFO - Started process (PID=14241) to work on /Users/ehabhasan/.venvs/airflow310/lib/python3.10/site-packages/airflow/example_dags/example_short_circuit_decorator.py
[2025-08-19T17:34:12.898+0200] {processor.py:830} INFO - Processing file /Users/ehabhasan/.venvs/airflow310/lib/python3.10/site-packages/airflow/example_dags/example_short_circuit_decorator.py for tasks to queue
[2025-08-19T17:34:12.898+0200] {logging_mixin.py:188} INFO - [2025-08-19T17:34:12.898+0200] {dagbag.py:545} INFO - Filling up the DagBag from /Users/ehabhasan/.venvs/airflow310/lib/python3.10/site-packages/airflow/example_dags/example_short_circuit_decorator.py
[2025-08-19T17:34:12.913+0200] {processor.py:840} INFO - DAG(s) 'example_short_circuit_decorator' retrieved from /Users/ehabhasan/.venvs/airflow310/lib/python3.10/site-packages/airflow/example_dags/example_short_circuit_decorator.py
[2025-08-19T17:34:12.949+0200] {logging_mixin.py:188} INFO - [2025-08-19T17:34:12.949+0200] {dag.py:3089} INFO - Sync 1 DAGs
[2025-08-19T17:34:12.976+0200] {logging_mixin.py:188} INFO - [2025-08-19T17:34:12.976+0200] {dag.py:3947} INFO - Setting next_dagrun for example_short_circuit_decorator to 2025-08-18 00:00:00+00:00, run_after=2025-08-19 00:00:00+00:00
[2025-08-19T17:34:12.983+0200] {processor.py:183} INFO - Processing /Users/ehabhasan/.venvs/airflow310/lib/python3.10/site-packages/airflow/example_dags/example_short_circuit_decorator.py took 0.087 seconds
[2025-08-19T17:36:02.725+0200] {processor.py:161} INFO - Started process (PID=14460) to work on /Users/ehabhasan/.venvs/airflow310/lib/python3.10/site-packages/airflow/example_dags/example_short_circuit_decorator.py
[2025-08-19T17:36:02.725+0200] {processor.py:830} INFO - Processing file /Users/ehabhasan/.venvs/airflow310/lib/python3.10/site-packages/airflow/example_dags/example_short_circuit_decorator.py for tasks to queue
[2025-08-19T17:36:02.725+0200] {logging_mixin.py:188} INFO - [2025-08-19T17:36:02.725+0200] {dagbag.py:545} INFO - Filling up the DagBag from /Users/ehabhasan/.venvs/airflow310/lib/python3.10/site-packages/airflow/example_dags/example_short_circuit_decorator.py
[2025-08-19T17:36:02.739+0200] {processor.py:840} INFO - DAG(s) 'example_short_circuit_decorator' retrieved from /Users/ehabhasan/.venvs/airflow310/lib/python3.10/site-packages/airflow/example_dags/example_short_circuit_decorator.py
[2025-08-19T17:36:02.774+0200] {logging_mixin.py:188} INFO - [2025-08-19T17:36:02.774+0200] {dag.py:3089} INFO - Sync 1 DAGs
[2025-08-19T17:36:02.800+0200] {logging_mixin.py:188} INFO - [2025-08-19T17:36:02.800+0200] {dag.py:3947} INFO - Setting next_dagrun for example_short_circuit_decorator to 2025-08-18 00:00:00+00:00, run_after=2025-08-19 00:00:00+00:00
[2025-08-19T17:36:02.806+0200] {processor.py:183} INFO - Processing /Users/ehabhasan/.venvs/airflow310/lib/python3.10/site-packages/airflow/example_dags/example_short_circuit_decorator.py took 0.083 seconds
[2025-08-19T17:37:57.539+0200] {processor.py:161} INFO - Started process (PID=14588) to work on /Users/ehabhasan/.venvs/airflow310/lib/python3.10/site-packages/airflow/example_dags/example_short_circuit_decorator.py
[2025-08-19T17:37:57.539+0200] {processor.py:830} INFO - Processing file /Users/ehabhasan/.venvs/airflow310/lib/python3.10/site-packages/airflow/example_dags/example_short_circuit_decorator.py for tasks to queue
[2025-08-19T17:37:57.540+0200] {logging_mixin.py:188} INFO - [2025-08-19T17:37:57.539+0200] {dagbag.py:545} INFO - Filling up the DagBag from /Users/ehabhasan/.venvs/airflow310/lib/python3.10/site-packages/airflow/example_dags/example_short_circuit_decorator.py
[2025-08-19T17:37:57.554+0200] {processor.py:840} INFO - DAG(s) 'example_short_circuit_decorator' retrieved from /Users/ehabhasan/.venvs/airflow310/lib/python3.10/site-packages/airflow/example_dags/example_short_circuit_decorator.py
[2025-08-19T17:37:57.590+0200] {logging_mixin.py:188} INFO - [2025-08-19T17:37:57.590+0200] {dag.py:3089} INFO - Sync 1 DAGs
[2025-08-19T17:37:57.615+0200] {logging_mixin.py:188} INFO - [2025-08-19T17:37:57.615+0200] {dag.py:3947} INFO - Setting next_dagrun for example_short_circuit_decorator to 2025-08-18 00:00:00+00:00, run_after=2025-08-19 00:00:00+00:00
[2025-08-19T17:37:57.622+0200] {processor.py:183} INFO - Processing /Users/ehabhasan/.venvs/airflow310/lib/python3.10/site-packages/airflow/example_dags/example_short_circuit_decorator.py took 0.085 seconds
[2025-08-19T17:40:01.895+0200] {processor.py:161} INFO - Started process (PID=14808) to work on /Users/ehabhasan/.venvs/airflow310/lib/python3.10/site-packages/airflow/example_dags/example_short_circuit_decorator.py
[2025-08-19T17:40:01.896+0200] {processor.py:830} INFO - Processing file /Users/ehabhasan/.venvs/airflow310/lib/python3.10/site-packages/airflow/example_dags/example_short_circuit_decorator.py for tasks to queue
[2025-08-19T17:40:01.896+0200] {logging_mixin.py:188} INFO - [2025-08-19T17:40:01.896+0200] {dagbag.py:545} INFO - Filling up the DagBag from /Users/ehabhasan/.venvs/airflow310/lib/python3.10/site-packages/airflow/example_dags/example_short_circuit_decorator.py
[2025-08-19T17:40:01.911+0200] {processor.py:840} INFO - DAG(s) 'example_short_circuit_decorator' retrieved from /Users/ehabhasan/.venvs/airflow310/lib/python3.10/site-packages/airflow/example_dags/example_short_circuit_decorator.py
[2025-08-19T17:40:01.948+0200] {logging_mixin.py:188} INFO - [2025-08-19T17:40:01.948+0200] {dag.py:3089} INFO - Sync 1 DAGs
[2025-08-19T17:40:01.974+0200] {logging_mixin.py:188} INFO - [2025-08-19T17:40:01.974+0200] {dag.py:3947} INFO - Setting next_dagrun for example_short_circuit_decorator to 2025-08-18 00:00:00+00:00, run_after=2025-08-19 00:00:00+00:00
[2025-08-19T17:40:01.981+0200] {processor.py:183} INFO - Processing /Users/ehabhasan/.venvs/airflow310/lib/python3.10/site-packages/airflow/example_dags/example_short_circuit_decorator.py took 0.087 seconds
[2025-08-19T17:45:34.581+0200] {processor.py:161} INFO - Started process (PID=14976) to work on /Users/ehabhasan/.venvs/airflow310/lib/python3.10/site-packages/airflow/example_dags/example_short_circuit_decorator.py
[2025-08-19T17:45:34.582+0200] {processor.py:830} INFO - Processing file /Users/ehabhasan/.venvs/airflow310/lib/python3.10/site-packages/airflow/example_dags/example_short_circuit_decorator.py for tasks to queue
[2025-08-19T17:45:34.583+0200] {logging_mixin.py:188} INFO - [2025-08-19T17:45:34.583+0200] {dagbag.py:545} INFO - Filling up the DagBag from /Users/ehabhasan/.venvs/airflow310/lib/python3.10/site-packages/airflow/example_dags/example_short_circuit_decorator.py
[2025-08-19T17:45:34.597+0200] {processor.py:840} INFO - DAG(s) 'example_short_circuit_decorator' retrieved from /Users/ehabhasan/.venvs/airflow310/lib/python3.10/site-packages/airflow/example_dags/example_short_circuit_decorator.py
[2025-08-19T17:45:34.636+0200] {logging_mixin.py:188} INFO - [2025-08-19T17:45:34.636+0200] {dag.py:3089} INFO - Sync 1 DAGs
[2025-08-19T17:45:34.667+0200] {logging_mixin.py:188} INFO - [2025-08-19T17:45:34.667+0200] {dag.py:3947} INFO - Setting next_dagrun for example_short_circuit_decorator to 2025-08-18 00:00:00+00:00, run_after=2025-08-19 00:00:00+00:00
[2025-08-19T17:45:34.673+0200] {processor.py:183} INFO - Processing /Users/ehabhasan/.venvs/airflow310/lib/python3.10/site-packages/airflow/example_dags/example_short_circuit_decorator.py took 0.094 seconds
[2025-08-19T17:47:37.427+0200] {processor.py:161} INFO - Started process (PID=15076) to work on /Users/ehabhasan/.venvs/airflow310/lib/python3.10/site-packages/airflow/example_dags/example_short_circuit_decorator.py
[2025-08-19T17:47:37.428+0200] {processor.py:830} INFO - Processing file /Users/ehabhasan/.venvs/airflow310/lib/python3.10/site-packages/airflow/example_dags/example_short_circuit_decorator.py for tasks to queue
[2025-08-19T17:47:37.428+0200] {logging_mixin.py:188} INFO - [2025-08-19T17:47:37.428+0200] {dagbag.py:545} INFO - Filling up the DagBag from /Users/ehabhasan/.venvs/airflow310/lib/python3.10/site-packages/airflow/example_dags/example_short_circuit_decorator.py
[2025-08-19T17:47:37.442+0200] {processor.py:840} INFO - DAG(s) 'example_short_circuit_decorator' retrieved from /Users/ehabhasan/.venvs/airflow310/lib/python3.10/site-packages/airflow/example_dags/example_short_circuit_decorator.py
[2025-08-19T17:47:37.480+0200] {logging_mixin.py:188} INFO - [2025-08-19T17:47:37.480+0200] {dag.py:3089} INFO - Sync 1 DAGs
[2025-08-19T17:47:37.505+0200] {logging_mixin.py:188} INFO - [2025-08-19T17:47:37.505+0200] {dag.py:3947} INFO - Setting next_dagrun for example_short_circuit_decorator to 2025-08-18 00:00:00+00:00, run_after=2025-08-19 00:00:00+00:00
[2025-08-19T17:47:37.512+0200] {processor.py:183} INFO - Processing /Users/ehabhasan/.venvs/airflow310/lib/python3.10/site-packages/airflow/example_dags/example_short_circuit_decorator.py took 0.086 seconds
[2025-08-19T17:49:30.090+0200] {processor.py:161} INFO - Started process (PID=15158) to work on /Users/ehabhasan/.venvs/airflow310/lib/python3.10/site-packages/airflow/example_dags/example_short_circuit_decorator.py
[2025-08-19T17:49:30.091+0200] {processor.py:830} INFO - Processing file /Users/ehabhasan/.venvs/airflow310/lib/python3.10/site-packages/airflow/example_dags/example_short_circuit_decorator.py for tasks to queue
[2025-08-19T17:49:30.091+0200] {logging_mixin.py:188} INFO - [2025-08-19T17:49:30.091+0200] {dagbag.py:545} INFO - Filling up the DagBag from /Users/ehabhasan/.venvs/airflow310/lib/python3.10/site-packages/airflow/example_dags/example_short_circuit_decorator.py
[2025-08-19T17:49:30.105+0200] {processor.py:840} INFO - DAG(s) 'example_short_circuit_decorator' retrieved from /Users/ehabhasan/.venvs/airflow310/lib/python3.10/site-packages/airflow/example_dags/example_short_circuit_decorator.py
[2025-08-19T17:49:30.141+0200] {logging_mixin.py:188} INFO - [2025-08-19T17:49:30.141+0200] {dag.py:3089} INFO - Sync 1 DAGs
[2025-08-19T17:49:30.166+0200] {logging_mixin.py:188} INFO - [2025-08-19T17:49:30.166+0200] {dag.py:3947} INFO - Setting next_dagrun for example_short_circuit_decorator to 2025-08-18 00:00:00+00:00, run_after=2025-08-19 00:00:00+00:00
[2025-08-19T17:49:30.173+0200] {processor.py:183} INFO - Processing /Users/ehabhasan/.venvs/airflow310/lib/python3.10/site-packages/airflow/example_dags/example_short_circuit_decorator.py took 0.084 seconds
