[2025-08-19T16:49:00.673+0200] {processor.py:161} INFO - Started process (PID=7666) to work on /Users/ehabhasan/.venvs/airflow310/lib/python3.10/site-packages/airflow/example_dags/example_branch_operator.py
[2025-08-19T16:49:00.674+0200] {processor.py:830} INFO - Processing file /Users/ehabhasan/.venvs/airflow310/lib/python3.10/site-packages/airflow/example_dags/example_branch_operator.py for tasks to queue
[2025-08-19T16:49:00.674+0200] {logging_mixin.py:188} INFO - [2025-08-19T16:49:00.674+0200] {dagbag.py:545} INFO - Filling up the DagBag from /Users/ehabhasan/.venvs/airflow310/lib/python3.10/site-packages/airflow/example_dags/example_branch_operator.py
[2025-08-19T16:49:00.683+0200] {processor.py:842} WARNING - No viable dags retrieved from /Users/ehabhasan/.venvs/airflow310/lib/python3.10/site-packages/airflow/example_dags/example_branch_operator.py
[2025-08-19T16:49:00.711+0200] {processor.py:183} INFO - Processing /Users/ehabhasan/.venvs/airflow310/lib/python3.10/site-packages/airflow/example_dags/example_branch_operator.py took 0.039 seconds
[2025-08-19T16:50:35.254+0200] {processor.py:161} INFO - Started process (PID=7738) to work on /Users/ehabhasan/.venvs/airflow310/lib/python3.10/site-packages/airflow/example_dags/example_branch_operator.py
[2025-08-19T16:50:35.255+0200] {processor.py:830} INFO - Processing file /Users/ehabhasan/.venvs/airflow310/lib/python3.10/site-packages/airflow/example_dags/example_branch_operator.py for tasks to queue
[2025-08-19T16:50:35.255+0200] {logging_mixin.py:188} INFO - [2025-08-19T16:50:35.255+0200] {dagbag.py:545} INFO - Filling up the DagBag from /Users/ehabhasan/.venvs/airflow310/lib/python3.10/site-packages/airflow/example_dags/example_branch_operator.py
[2025-08-19T16:50:35.264+0200] {processor.py:842} WARNING - No viable dags retrieved from /Users/ehabhasan/.venvs/airflow310/lib/python3.10/site-packages/airflow/example_dags/example_branch_operator.py
[2025-08-19T16:50:35.291+0200] {processor.py:183} INFO - Processing /Users/ehabhasan/.venvs/airflow310/lib/python3.10/site-packages/airflow/example_dags/example_branch_operator.py took 0.039 seconds
[2025-08-19T16:52:13.932+0200] {processor.py:161} INFO - Started process (PID=7810) to work on /Users/ehabhasan/.venvs/airflow310/lib/python3.10/site-packages/airflow/example_dags/example_branch_operator.py
[2025-08-19T16:52:13.932+0200] {processor.py:830} INFO - Processing file /Users/ehabhasan/.venvs/airflow310/lib/python3.10/site-packages/airflow/example_dags/example_branch_operator.py for tasks to queue
[2025-08-19T16:52:13.932+0200] {logging_mixin.py:188} INFO - [2025-08-19T16:52:13.932+0200] {dagbag.py:545} INFO - Filling up the DagBag from /Users/ehabhasan/.venvs/airflow310/lib/python3.10/site-packages/airflow/example_dags/example_branch_operator.py
[2025-08-19T16:52:13.940+0200] {processor.py:842} WARNING - No viable dags retrieved from /Users/ehabhasan/.venvs/airflow310/lib/python3.10/site-packages/airflow/example_dags/example_branch_operator.py
[2025-08-19T16:52:13.969+0200] {processor.py:183} INFO - Processing /Users/ehabhasan/.venvs/airflow310/lib/python3.10/site-packages/airflow/example_dags/example_branch_operator.py took 0.038 seconds
[2025-08-19T16:53:50.062+0200] {processor.py:161} INFO - Started process (PID=7880) to work on /Users/ehabhasan/.venvs/airflow310/lib/python3.10/site-packages/airflow/example_dags/example_branch_operator.py
[2025-08-19T16:53:50.062+0200] {processor.py:830} INFO - Processing file /Users/ehabhasan/.venvs/airflow310/lib/python3.10/site-packages/airflow/example_dags/example_branch_operator.py for tasks to queue
[2025-08-19T16:53:50.063+0200] {logging_mixin.py:188} INFO - [2025-08-19T16:53:50.062+0200] {dagbag.py:545} INFO - Filling up the DagBag from /Users/ehabhasan/.venvs/airflow310/lib/python3.10/site-packages/airflow/example_dags/example_branch_operator.py
[2025-08-19T16:53:50.070+0200] {processor.py:842} WARNING - No viable dags retrieved from /Users/ehabhasan/.venvs/airflow310/lib/python3.10/site-packages/airflow/example_dags/example_branch_operator.py
[2025-08-19T16:53:50.099+0200] {processor.py:183} INFO - Processing /Users/ehabhasan/.venvs/airflow310/lib/python3.10/site-packages/airflow/example_dags/example_branch_operator.py took 0.039 seconds
[2025-08-19T16:55:26.721+0200] {processor.py:161} INFO - Started process (PID=7989) to work on /Users/ehabhasan/.venvs/airflow310/lib/python3.10/site-packages/airflow/example_dags/example_branch_operator.py
[2025-08-19T16:55:26.722+0200] {processor.py:830} INFO - Processing file /Users/ehabhasan/.venvs/airflow310/lib/python3.10/site-packages/airflow/example_dags/example_branch_operator.py for tasks to queue
[2025-08-19T16:55:26.722+0200] {logging_mixin.py:188} INFO - [2025-08-19T16:55:26.722+0200] {dagbag.py:545} INFO - Filling up the DagBag from /Users/ehabhasan/.venvs/airflow310/lib/python3.10/site-packages/airflow/example_dags/example_branch_operator.py
[2025-08-19T16:55:26.730+0200] {processor.py:842} WARNING - No viable dags retrieved from /Users/ehabhasan/.venvs/airflow310/lib/python3.10/site-packages/airflow/example_dags/example_branch_operator.py
[2025-08-19T16:55:26.758+0200] {processor.py:183} INFO - Processing /Users/ehabhasan/.venvs/airflow310/lib/python3.10/site-packages/airflow/example_dags/example_branch_operator.py took 0.038 seconds
[2025-08-19T16:57:13.044+0200] {processor.py:161} INFO - Started process (PID=8068) to work on /Users/ehabhasan/.venvs/airflow310/lib/python3.10/site-packages/airflow/example_dags/example_branch_operator.py
[2025-08-19T16:57:13.045+0200] {processor.py:830} INFO - Processing file /Users/ehabhasan/.venvs/airflow310/lib/python3.10/site-packages/airflow/example_dags/example_branch_operator.py for tasks to queue
[2025-08-19T16:57:13.045+0200] {logging_mixin.py:188} INFO - [2025-08-19T16:57:13.045+0200] {dagbag.py:545} INFO - Filling up the DagBag from /Users/ehabhasan/.venvs/airflow310/lib/python3.10/site-packages/airflow/example_dags/example_branch_operator.py
[2025-08-19T16:57:13.053+0200] {processor.py:842} WARNING - No viable dags retrieved from /Users/ehabhasan/.venvs/airflow310/lib/python3.10/site-packages/airflow/example_dags/example_branch_operator.py
[2025-08-19T16:57:13.081+0200] {processor.py:183} INFO - Processing /Users/ehabhasan/.venvs/airflow310/lib/python3.10/site-packages/airflow/example_dags/example_branch_operator.py took 0.039 seconds
[2025-08-19T16:58:49.369+0200] {processor.py:161} INFO - Started process (PID=8137) to work on /Users/ehabhasan/.venvs/airflow310/lib/python3.10/site-packages/airflow/example_dags/example_branch_operator.py
[2025-08-19T16:58:49.370+0200] {processor.py:830} INFO - Processing file /Users/ehabhasan/.venvs/airflow310/lib/python3.10/site-packages/airflow/example_dags/example_branch_operator.py for tasks to queue
[2025-08-19T16:58:49.370+0200] {logging_mixin.py:188} INFO - [2025-08-19T16:58:49.370+0200] {dagbag.py:545} INFO - Filling up the DagBag from /Users/ehabhasan/.venvs/airflow310/lib/python3.10/site-packages/airflow/example_dags/example_branch_operator.py
[2025-08-19T16:58:49.378+0200] {processor.py:842} WARNING - No viable dags retrieved from /Users/ehabhasan/.venvs/airflow310/lib/python3.10/site-packages/airflow/example_dags/example_branch_operator.py
[2025-08-19T16:58:49.406+0200] {processor.py:183} INFO - Processing /Users/ehabhasan/.venvs/airflow310/lib/python3.10/site-packages/airflow/example_dags/example_branch_operator.py took 0.039 seconds
[2025-08-19T17:01:10.569+0200] {processor.py:161} INFO - Started process (PID=8256) to work on /Users/ehabhasan/.venvs/airflow310/lib/python3.10/site-packages/airflow/example_dags/example_branch_operator.py
[2025-08-19T17:01:10.570+0200] {processor.py:830} INFO - Processing file /Users/ehabhasan/.venvs/airflow310/lib/python3.10/site-packages/airflow/example_dags/example_branch_operator.py for tasks to queue
[2025-08-19T17:01:10.570+0200] {logging_mixin.py:188} INFO - [2025-08-19T17:01:10.570+0200] {dagbag.py:545} INFO - Filling up the DagBag from /Users/ehabhasan/.venvs/airflow310/lib/python3.10/site-packages/airflow/example_dags/example_branch_operator.py
[2025-08-19T17:01:10.579+0200] {processor.py:842} WARNING - No viable dags retrieved from /Users/ehabhasan/.venvs/airflow310/lib/python3.10/site-packages/airflow/example_dags/example_branch_operator.py
[2025-08-19T17:01:10.610+0200] {processor.py:183} INFO - Processing /Users/ehabhasan/.venvs/airflow310/lib/python3.10/site-packages/airflow/example_dags/example_branch_operator.py took 0.042 seconds
[2025-08-19T17:02:52.771+0200] {processor.py:161} INFO - Started process (PID=8345) to work on /Users/ehabhasan/.venvs/airflow310/lib/python3.10/site-packages/airflow/example_dags/example_branch_operator.py
[2025-08-19T17:02:52.771+0200] {processor.py:830} INFO - Processing file /Users/ehabhasan/.venvs/airflow310/lib/python3.10/site-packages/airflow/example_dags/example_branch_operator.py for tasks to queue
[2025-08-19T17:02:52.772+0200] {logging_mixin.py:188} INFO - [2025-08-19T17:02:52.772+0200] {dagbag.py:545} INFO - Filling up the DagBag from /Users/ehabhasan/.venvs/airflow310/lib/python3.10/site-packages/airflow/example_dags/example_branch_operator.py
[2025-08-19T17:02:52.780+0200] {processor.py:842} WARNING - No viable dags retrieved from /Users/ehabhasan/.venvs/airflow310/lib/python3.10/site-packages/airflow/example_dags/example_branch_operator.py
[2025-08-19T17:02:52.809+0200] {processor.py:183} INFO - Processing /Users/ehabhasan/.venvs/airflow310/lib/python3.10/site-packages/airflow/example_dags/example_branch_operator.py took 0.040 seconds
[2025-08-19T17:04:28.286+0200] {processor.py:161} INFO - Started process (PID=8941) to work on /Users/ehabhasan/.venvs/airflow310/lib/python3.10/site-packages/airflow/example_dags/example_branch_operator.py
[2025-08-19T17:04:28.286+0200] {processor.py:830} INFO - Processing file /Users/ehabhasan/.venvs/airflow310/lib/python3.10/site-packages/airflow/example_dags/example_branch_operator.py for tasks to queue
[2025-08-19T17:04:28.287+0200] {logging_mixin.py:188} INFO - [2025-08-19T17:04:28.287+0200] {dagbag.py:545} INFO - Filling up the DagBag from /Users/ehabhasan/.venvs/airflow310/lib/python3.10/site-packages/airflow/example_dags/example_branch_operator.py
[2025-08-19T17:04:28.295+0200] {processor.py:842} WARNING - No viable dags retrieved from /Users/ehabhasan/.venvs/airflow310/lib/python3.10/site-packages/airflow/example_dags/example_branch_operator.py
[2025-08-19T17:04:28.330+0200] {processor.py:183} INFO - Processing /Users/ehabhasan/.venvs/airflow310/lib/python3.10/site-packages/airflow/example_dags/example_branch_operator.py took 0.046 seconds
[2025-08-19T17:06:14.824+0200] {processor.py:161} INFO - Started process (PID=9431) to work on /Users/ehabhasan/.venvs/airflow310/lib/python3.10/site-packages/airflow/example_dags/example_branch_operator.py
[2025-08-19T17:06:14.825+0200] {processor.py:830} INFO - Processing file /Users/ehabhasan/.venvs/airflow310/lib/python3.10/site-packages/airflow/example_dags/example_branch_operator.py for tasks to queue
[2025-08-19T17:06:14.825+0200] {logging_mixin.py:188} INFO - [2025-08-19T17:06:14.825+0200] {dagbag.py:545} INFO - Filling up the DagBag from /Users/ehabhasan/.venvs/airflow310/lib/python3.10/site-packages/airflow/example_dags/example_branch_operator.py
[2025-08-19T17:06:14.833+0200] {processor.py:842} WARNING - No viable dags retrieved from /Users/ehabhasan/.venvs/airflow310/lib/python3.10/site-packages/airflow/example_dags/example_branch_operator.py
[2025-08-19T17:06:14.862+0200] {processor.py:183} INFO - Processing /Users/ehabhasan/.venvs/airflow310/lib/python3.10/site-packages/airflow/example_dags/example_branch_operator.py took 0.039 seconds
[2025-08-19T17:08:01.985+0200] {processor.py:161} INFO - Started process (PID=10127) to work on /Users/ehabhasan/.venvs/airflow310/lib/python3.10/site-packages/airflow/example_dags/example_branch_operator.py
[2025-08-19T17:08:01.985+0200] {processor.py:830} INFO - Processing file /Users/ehabhasan/.venvs/airflow310/lib/python3.10/site-packages/airflow/example_dags/example_branch_operator.py for tasks to queue
[2025-08-19T17:08:01.986+0200] {logging_mixin.py:188} INFO - [2025-08-19T17:08:01.986+0200] {dagbag.py:545} INFO - Filling up the DagBag from /Users/ehabhasan/.venvs/airflow310/lib/python3.10/site-packages/airflow/example_dags/example_branch_operator.py
[2025-08-19T17:08:01.993+0200] {processor.py:842} WARNING - No viable dags retrieved from /Users/ehabhasan/.venvs/airflow310/lib/python3.10/site-packages/airflow/example_dags/example_branch_operator.py
[2025-08-19T17:08:02.022+0200] {processor.py:183} INFO - Processing /Users/ehabhasan/.venvs/airflow310/lib/python3.10/site-packages/airflow/example_dags/example_branch_operator.py took 0.039 seconds
[2025-08-19T17:09:52.052+0200] {processor.py:161} INFO - Started process (PID=10239) to work on /Users/ehabhasan/.venvs/airflow310/lib/python3.10/site-packages/airflow/example_dags/example_branch_operator.py
[2025-08-19T17:09:52.052+0200] {processor.py:830} INFO - Processing file /Users/ehabhasan/.venvs/airflow310/lib/python3.10/site-packages/airflow/example_dags/example_branch_operator.py for tasks to queue
[2025-08-19T17:09:52.052+0200] {logging_mixin.py:188} INFO - [2025-08-19T17:09:52.052+0200] {dagbag.py:545} INFO - Filling up the DagBag from /Users/ehabhasan/.venvs/airflow310/lib/python3.10/site-packages/airflow/example_dags/example_branch_operator.py
[2025-08-19T17:09:52.060+0200] {processor.py:842} WARNING - No viable dags retrieved from /Users/ehabhasan/.venvs/airflow310/lib/python3.10/site-packages/airflow/example_dags/example_branch_operator.py
[2025-08-19T17:09:52.089+0200] {processor.py:183} INFO - Processing /Users/ehabhasan/.venvs/airflow310/lib/python3.10/site-packages/airflow/example_dags/example_branch_operator.py took 0.039 seconds
[2025-08-19T17:11:35.618+0200] {processor.py:161} INFO - Started process (PID=10323) to work on /Users/ehabhasan/.venvs/airflow310/lib/python3.10/site-packages/airflow/example_dags/example_branch_operator.py
[2025-08-19T17:11:35.619+0200] {processor.py:830} INFO - Processing file /Users/ehabhasan/.venvs/airflow310/lib/python3.10/site-packages/airflow/example_dags/example_branch_operator.py for tasks to queue
[2025-08-19T17:11:35.619+0200] {logging_mixin.py:188} INFO - [2025-08-19T17:11:35.619+0200] {dagbag.py:545} INFO - Filling up the DagBag from /Users/ehabhasan/.venvs/airflow310/lib/python3.10/site-packages/airflow/example_dags/example_branch_operator.py
[2025-08-19T17:11:35.626+0200] {processor.py:842} WARNING - No viable dags retrieved from /Users/ehabhasan/.venvs/airflow310/lib/python3.10/site-packages/airflow/example_dags/example_branch_operator.py
[2025-08-19T17:11:35.655+0200] {processor.py:183} INFO - Processing /Users/ehabhasan/.venvs/airflow310/lib/python3.10/site-packages/airflow/example_dags/example_branch_operator.py took 0.039 seconds
[2025-08-19T17:13:29.210+0200] {processor.py:161} INFO - Started process (PID=10420) to work on /Users/ehabhasan/.venvs/airflow310/lib/python3.10/site-packages/airflow/example_dags/example_branch_operator.py
[2025-08-19T17:13:29.211+0200] {processor.py:830} INFO - Processing file /Users/ehabhasan/.venvs/airflow310/lib/python3.10/site-packages/airflow/example_dags/example_branch_operator.py for tasks to queue
[2025-08-19T17:13:29.211+0200] {logging_mixin.py:188} INFO - [2025-08-19T17:13:29.211+0200] {dagbag.py:545} INFO - Filling up the DagBag from /Users/ehabhasan/.venvs/airflow310/lib/python3.10/site-packages/airflow/example_dags/example_branch_operator.py
[2025-08-19T17:13:29.219+0200] {processor.py:842} WARNING - No viable dags retrieved from /Users/ehabhasan/.venvs/airflow310/lib/python3.10/site-packages/airflow/example_dags/example_branch_operator.py
[2025-08-19T17:13:29.248+0200] {processor.py:183} INFO - Processing /Users/ehabhasan/.venvs/airflow310/lib/python3.10/site-packages/airflow/example_dags/example_branch_operator.py took 0.039 seconds
[2025-08-19T17:15:21.042+0200] {processor.py:161} INFO - Started process (PID=10771) to work on /Users/ehabhasan/.venvs/airflow310/lib/python3.10/site-packages/airflow/example_dags/example_branch_operator.py
[2025-08-19T17:15:21.042+0200] {processor.py:830} INFO - Processing file /Users/ehabhasan/.venvs/airflow310/lib/python3.10/site-packages/airflow/example_dags/example_branch_operator.py for tasks to queue
[2025-08-19T17:15:21.042+0200] {logging_mixin.py:188} INFO - [2025-08-19T17:15:21.042+0200] {dagbag.py:545} INFO - Filling up the DagBag from /Users/ehabhasan/.venvs/airflow310/lib/python3.10/site-packages/airflow/example_dags/example_branch_operator.py
[2025-08-19T17:15:21.051+0200] {processor.py:842} WARNING - No viable dags retrieved from /Users/ehabhasan/.venvs/airflow310/lib/python3.10/site-packages/airflow/example_dags/example_branch_operator.py
[2025-08-19T17:15:21.081+0200] {processor.py:183} INFO - Processing /Users/ehabhasan/.venvs/airflow310/lib/python3.10/site-packages/airflow/example_dags/example_branch_operator.py took 0.041 seconds
[2025-08-19T17:17:14.503+0200] {processor.py:161} INFO - Started process (PID=11428) to work on /Users/ehabhasan/.venvs/airflow310/lib/python3.10/site-packages/airflow/example_dags/example_branch_operator.py
[2025-08-19T17:17:14.504+0200] {processor.py:830} INFO - Processing file /Users/ehabhasan/.venvs/airflow310/lib/python3.10/site-packages/airflow/example_dags/example_branch_operator.py for tasks to queue
[2025-08-19T17:17:14.504+0200] {logging_mixin.py:188} INFO - [2025-08-19T17:17:14.504+0200] {dagbag.py:545} INFO - Filling up the DagBag from /Users/ehabhasan/.venvs/airflow310/lib/python3.10/site-packages/airflow/example_dags/example_branch_operator.py
[2025-08-19T17:17:14.515+0200] {processor.py:842} WARNING - No viable dags retrieved from /Users/ehabhasan/.venvs/airflow310/lib/python3.10/site-packages/airflow/example_dags/example_branch_operator.py
[2025-08-19T17:17:14.549+0200] {processor.py:183} INFO - Processing /Users/ehabhasan/.venvs/airflow310/lib/python3.10/site-packages/airflow/example_dags/example_branch_operator.py took 0.047 seconds
[2025-08-19T17:19:01.522+0200] {processor.py:161} INFO - Started process (PID=11523) to work on /Users/ehabhasan/.venvs/airflow310/lib/python3.10/site-packages/airflow/example_dags/example_branch_operator.py
[2025-08-19T17:19:01.523+0200] {processor.py:830} INFO - Processing file /Users/ehabhasan/.venvs/airflow310/lib/python3.10/site-packages/airflow/example_dags/example_branch_operator.py for tasks to queue
[2025-08-19T17:19:01.523+0200] {logging_mixin.py:188} INFO - [2025-08-19T17:19:01.523+0200] {dagbag.py:545} INFO - Filling up the DagBag from /Users/ehabhasan/.venvs/airflow310/lib/python3.10/site-packages/airflow/example_dags/example_branch_operator.py
[2025-08-19T17:19:01.533+0200] {processor.py:842} WARNING - No viable dags retrieved from /Users/ehabhasan/.venvs/airflow310/lib/python3.10/site-packages/airflow/example_dags/example_branch_operator.py
[2025-08-19T17:19:01.563+0200] {processor.py:183} INFO - Processing /Users/ehabhasan/.venvs/airflow310/lib/python3.10/site-packages/airflow/example_dags/example_branch_operator.py took 0.044 seconds
[2025-08-19T17:20:44.203+0200] {processor.py:161} INFO - Started process (PID=11619) to work on /Users/ehabhasan/.venvs/airflow310/lib/python3.10/site-packages/airflow/example_dags/example_branch_operator.py
[2025-08-19T17:20:44.204+0200] {processor.py:830} INFO - Processing file /Users/ehabhasan/.venvs/airflow310/lib/python3.10/site-packages/airflow/example_dags/example_branch_operator.py for tasks to queue
[2025-08-19T17:20:44.204+0200] {logging_mixin.py:188} INFO - [2025-08-19T17:20:44.204+0200] {dagbag.py:545} INFO - Filling up the DagBag from /Users/ehabhasan/.venvs/airflow310/lib/python3.10/site-packages/airflow/example_dags/example_branch_operator.py
[2025-08-19T17:20:44.212+0200] {processor.py:842} WARNING - No viable dags retrieved from /Users/ehabhasan/.venvs/airflow310/lib/python3.10/site-packages/airflow/example_dags/example_branch_operator.py
[2025-08-19T17:20:44.240+0200] {processor.py:183} INFO - Processing /Users/ehabhasan/.venvs/airflow310/lib/python3.10/site-packages/airflow/example_dags/example_branch_operator.py took 0.039 seconds
[2025-08-19T17:22:36.505+0200] {processor.py:161} INFO - Started process (PID=11691) to work on /Users/ehabhasan/.venvs/airflow310/lib/python3.10/site-packages/airflow/example_dags/example_branch_operator.py
[2025-08-19T17:22:36.505+0200] {processor.py:830} INFO - Processing file /Users/ehabhasan/.venvs/airflow310/lib/python3.10/site-packages/airflow/example_dags/example_branch_operator.py for tasks to queue
[2025-08-19T17:22:36.506+0200] {logging_mixin.py:188} INFO - [2025-08-19T17:22:36.506+0200] {dagbag.py:545} INFO - Filling up the DagBag from /Users/ehabhasan/.venvs/airflow310/lib/python3.10/site-packages/airflow/example_dags/example_branch_operator.py
[2025-08-19T17:22:36.514+0200] {processor.py:842} WARNING - No viable dags retrieved from /Users/ehabhasan/.venvs/airflow310/lib/python3.10/site-packages/airflow/example_dags/example_branch_operator.py
[2025-08-19T17:22:36.545+0200] {processor.py:183} INFO - Processing /Users/ehabhasan/.venvs/airflow310/lib/python3.10/site-packages/airflow/example_dags/example_branch_operator.py took 0.041 seconds
[2025-08-19T17:24:22.327+0200] {processor.py:161} INFO - Started process (PID=11775) to work on /Users/ehabhasan/.venvs/airflow310/lib/python3.10/site-packages/airflow/example_dags/example_branch_operator.py
[2025-08-19T17:24:22.328+0200] {processor.py:830} INFO - Processing file /Users/ehabhasan/.venvs/airflow310/lib/python3.10/site-packages/airflow/example_dags/example_branch_operator.py for tasks to queue
[2025-08-19T17:24:22.328+0200] {logging_mixin.py:188} INFO - [2025-08-19T17:24:22.328+0200] {dagbag.py:545} INFO - Filling up the DagBag from /Users/ehabhasan/.venvs/airflow310/lib/python3.10/site-packages/airflow/example_dags/example_branch_operator.py
[2025-08-19T17:24:22.336+0200] {processor.py:842} WARNING - No viable dags retrieved from /Users/ehabhasan/.venvs/airflow310/lib/python3.10/site-packages/airflow/example_dags/example_branch_operator.py
[2025-08-19T17:24:22.365+0200] {processor.py:183} INFO - Processing /Users/ehabhasan/.venvs/airflow310/lib/python3.10/site-packages/airflow/example_dags/example_branch_operator.py took 0.040 seconds
[2025-08-19T17:26:07.546+0200] {processor.py:161} INFO - Started process (PID=11854) to work on /Users/ehabhasan/.venvs/airflow310/lib/python3.10/site-packages/airflow/example_dags/example_branch_operator.py
[2025-08-19T17:26:07.547+0200] {processor.py:830} INFO - Processing file /Users/ehabhasan/.venvs/airflow310/lib/python3.10/site-packages/airflow/example_dags/example_branch_operator.py for tasks to queue
[2025-08-19T17:26:07.547+0200] {logging_mixin.py:188} INFO - [2025-08-19T17:26:07.547+0200] {dagbag.py:545} INFO - Filling up the DagBag from /Users/ehabhasan/.venvs/airflow310/lib/python3.10/site-packages/airflow/example_dags/example_branch_operator.py
[2025-08-19T17:26:07.555+0200] {processor.py:842} WARNING - No viable dags retrieved from /Users/ehabhasan/.venvs/airflow310/lib/python3.10/site-packages/airflow/example_dags/example_branch_operator.py
[2025-08-19T17:26:07.584+0200] {processor.py:183} INFO - Processing /Users/ehabhasan/.venvs/airflow310/lib/python3.10/site-packages/airflow/example_dags/example_branch_operator.py took 0.040 seconds
[2025-08-19T17:27:58.191+0200] {processor.py:161} INFO - Started process (PID=11935) to work on /Users/ehabhasan/.venvs/airflow310/lib/python3.10/site-packages/airflow/example_dags/example_branch_operator.py
[2025-08-19T17:27:58.192+0200] {processor.py:830} INFO - Processing file /Users/ehabhasan/.venvs/airflow310/lib/python3.10/site-packages/airflow/example_dags/example_branch_operator.py for tasks to queue
[2025-08-19T17:27:58.192+0200] {logging_mixin.py:188} INFO - [2025-08-19T17:27:58.192+0200] {dagbag.py:545} INFO - Filling up the DagBag from /Users/ehabhasan/.venvs/airflow310/lib/python3.10/site-packages/airflow/example_dags/example_branch_operator.py
[2025-08-19T17:27:58.200+0200] {processor.py:842} WARNING - No viable dags retrieved from /Users/ehabhasan/.venvs/airflow310/lib/python3.10/site-packages/airflow/example_dags/example_branch_operator.py
[2025-08-19T17:27:58.230+0200] {processor.py:183} INFO - Processing /Users/ehabhasan/.venvs/airflow310/lib/python3.10/site-packages/airflow/example_dags/example_branch_operator.py took 0.041 seconds
[2025-08-19T17:29:49.109+0200] {processor.py:161} INFO - Started process (PID=12417) to work on /Users/ehabhasan/.venvs/airflow310/lib/python3.10/site-packages/airflow/example_dags/example_branch_operator.py
[2025-08-19T17:29:49.110+0200] {processor.py:830} INFO - Processing file /Users/ehabhasan/.venvs/airflow310/lib/python3.10/site-packages/airflow/example_dags/example_branch_operator.py for tasks to queue
[2025-08-19T17:29:49.110+0200] {logging_mixin.py:188} INFO - [2025-08-19T17:29:49.110+0200] {dagbag.py:545} INFO - Filling up the DagBag from /Users/ehabhasan/.venvs/airflow310/lib/python3.10/site-packages/airflow/example_dags/example_branch_operator.py
[2025-08-19T17:29:49.118+0200] {processor.py:842} WARNING - No viable dags retrieved from /Users/ehabhasan/.venvs/airflow310/lib/python3.10/site-packages/airflow/example_dags/example_branch_operator.py
[2025-08-19T17:29:49.149+0200] {processor.py:183} INFO - Processing /Users/ehabhasan/.venvs/airflow310/lib/python3.10/site-packages/airflow/example_dags/example_branch_operator.py took 0.042 seconds
[2025-08-19T17:31:40.257+0200] {processor.py:161} INFO - Started process (PID=13945) to work on /Users/ehabhasan/.venvs/airflow310/lib/python3.10/site-packages/airflow/example_dags/example_branch_operator.py
[2025-08-19T17:31:40.259+0200] {processor.py:830} INFO - Processing file /Users/ehabhasan/.venvs/airflow310/lib/python3.10/site-packages/airflow/example_dags/example_branch_operator.py for tasks to queue
[2025-08-19T17:31:40.259+0200] {logging_mixin.py:188} INFO - [2025-08-19T17:31:40.259+0200] {dagbag.py:545} INFO - Filling up the DagBag from /Users/ehabhasan/.venvs/airflow310/lib/python3.10/site-packages/airflow/example_dags/example_branch_operator.py
[2025-08-19T17:31:40.267+0200] {processor.py:842} WARNING - No viable dags retrieved from /Users/ehabhasan/.venvs/airflow310/lib/python3.10/site-packages/airflow/example_dags/example_branch_operator.py
[2025-08-19T17:31:40.298+0200] {processor.py:183} INFO - Processing /Users/ehabhasan/.venvs/airflow310/lib/python3.10/site-packages/airflow/example_dags/example_branch_operator.py took 0.043 seconds
[2025-08-19T17:33:31.324+0200] {processor.py:161} INFO - Started process (PID=14207) to work on /Users/ehabhasan/.venvs/airflow310/lib/python3.10/site-packages/airflow/example_dags/example_branch_operator.py
[2025-08-19T17:33:31.324+0200] {processor.py:830} INFO - Processing file /Users/ehabhasan/.venvs/airflow310/lib/python3.10/site-packages/airflow/example_dags/example_branch_operator.py for tasks to queue
[2025-08-19T17:33:31.324+0200] {logging_mixin.py:188} INFO - [2025-08-19T17:33:31.324+0200] {dagbag.py:545} INFO - Filling up the DagBag from /Users/ehabhasan/.venvs/airflow310/lib/python3.10/site-packages/airflow/example_dags/example_branch_operator.py
[2025-08-19T17:33:31.332+0200] {processor.py:842} WARNING - No viable dags retrieved from /Users/ehabhasan/.venvs/airflow310/lib/python3.10/site-packages/airflow/example_dags/example_branch_operator.py
[2025-08-19T17:33:31.362+0200] {processor.py:183} INFO - Processing /Users/ehabhasan/.venvs/airflow310/lib/python3.10/site-packages/airflow/example_dags/example_branch_operator.py took 0.039 seconds
[2025-08-19T17:35:16.407+0200] {processor.py:161} INFO - Started process (PID=14388) to work on /Users/ehabhasan/.venvs/airflow310/lib/python3.10/site-packages/airflow/example_dags/example_branch_operator.py
[2025-08-19T17:35:16.407+0200] {processor.py:830} INFO - Processing file /Users/ehabhasan/.venvs/airflow310/lib/python3.10/site-packages/airflow/example_dags/example_branch_operator.py for tasks to queue
[2025-08-19T17:35:16.407+0200] {logging_mixin.py:188} INFO - [2025-08-19T17:35:16.407+0200] {dagbag.py:545} INFO - Filling up the DagBag from /Users/ehabhasan/.venvs/airflow310/lib/python3.10/site-packages/airflow/example_dags/example_branch_operator.py
[2025-08-19T17:35:16.415+0200] {processor.py:842} WARNING - No viable dags retrieved from /Users/ehabhasan/.venvs/airflow310/lib/python3.10/site-packages/airflow/example_dags/example_branch_operator.py
[2025-08-19T17:35:16.444+0200] {processor.py:183} INFO - Processing /Users/ehabhasan/.venvs/airflow310/lib/python3.10/site-packages/airflow/example_dags/example_branch_operator.py took 0.039 seconds
[2025-08-19T17:37:11.654+0200] {processor.py:161} INFO - Started process (PID=14530) to work on /Users/ehabhasan/.venvs/airflow310/lib/python3.10/site-packages/airflow/example_dags/example_branch_operator.py
[2025-08-19T17:37:11.655+0200] {processor.py:830} INFO - Processing file /Users/ehabhasan/.venvs/airflow310/lib/python3.10/site-packages/airflow/example_dags/example_branch_operator.py for tasks to queue
[2025-08-19T17:37:11.655+0200] {logging_mixin.py:188} INFO - [2025-08-19T17:37:11.655+0200] {dagbag.py:545} INFO - Filling up the DagBag from /Users/ehabhasan/.venvs/airflow310/lib/python3.10/site-packages/airflow/example_dags/example_branch_operator.py
[2025-08-19T17:37:11.663+0200] {processor.py:842} WARNING - No viable dags retrieved from /Users/ehabhasan/.venvs/airflow310/lib/python3.10/site-packages/airflow/example_dags/example_branch_operator.py
[2025-08-19T17:37:11.693+0200] {processor.py:183} INFO - Processing /Users/ehabhasan/.venvs/airflow310/lib/python3.10/site-packages/airflow/example_dags/example_branch_operator.py took 0.040 seconds
[2025-08-19T17:39:11.866+0200] {processor.py:161} INFO - Started process (PID=14748) to work on /Users/ehabhasan/.venvs/airflow310/lib/python3.10/site-packages/airflow/example_dags/example_branch_operator.py
[2025-08-19T17:39:11.867+0200] {processor.py:830} INFO - Processing file /Users/ehabhasan/.venvs/airflow310/lib/python3.10/site-packages/airflow/example_dags/example_branch_operator.py for tasks to queue
[2025-08-19T17:39:11.867+0200] {logging_mixin.py:188} INFO - [2025-08-19T17:39:11.867+0200] {dagbag.py:545} INFO - Filling up the DagBag from /Users/ehabhasan/.venvs/airflow310/lib/python3.10/site-packages/airflow/example_dags/example_branch_operator.py
[2025-08-19T17:39:11.875+0200] {processor.py:842} WARNING - No viable dags retrieved from /Users/ehabhasan/.venvs/airflow310/lib/python3.10/site-packages/airflow/example_dags/example_branch_operator.py
[2025-08-19T17:39:11.904+0200] {processor.py:183} INFO - Processing /Users/ehabhasan/.venvs/airflow310/lib/python3.10/site-packages/airflow/example_dags/example_branch_operator.py took 0.039 seconds
[2025-08-19T17:44:49.431+0200] {processor.py:161} INFO - Started process (PID=14934) to work on /Users/ehabhasan/.venvs/airflow310/lib/python3.10/site-packages/airflow/example_dags/example_branch_operator.py
[2025-08-19T17:44:49.432+0200] {processor.py:830} INFO - Processing file /Users/ehabhasan/.venvs/airflow310/lib/python3.10/site-packages/airflow/example_dags/example_branch_operator.py for tasks to queue
[2025-08-19T17:44:49.432+0200] {logging_mixin.py:188} INFO - [2025-08-19T17:44:49.432+0200] {dagbag.py:545} INFO - Filling up the DagBag from /Users/ehabhasan/.venvs/airflow310/lib/python3.10/site-packages/airflow/example_dags/example_branch_operator.py
[2025-08-19T17:44:49.440+0200] {processor.py:842} WARNING - No viable dags retrieved from /Users/ehabhasan/.venvs/airflow310/lib/python3.10/site-packages/airflow/example_dags/example_branch_operator.py
[2025-08-19T17:44:49.469+0200] {processor.py:183} INFO - Processing /Users/ehabhasan/.venvs/airflow310/lib/python3.10/site-packages/airflow/example_dags/example_branch_operator.py took 0.040 seconds
[2025-08-19T17:46:50.467+0200] {processor.py:161} INFO - Started process (PID=15035) to work on /Users/ehabhasan/.venvs/airflow310/lib/python3.10/site-packages/airflow/example_dags/example_branch_operator.py
[2025-08-19T17:46:50.468+0200] {processor.py:830} INFO - Processing file /Users/ehabhasan/.venvs/airflow310/lib/python3.10/site-packages/airflow/example_dags/example_branch_operator.py for tasks to queue
[2025-08-19T17:46:50.468+0200] {logging_mixin.py:188} INFO - [2025-08-19T17:46:50.468+0200] {dagbag.py:545} INFO - Filling up the DagBag from /Users/ehabhasan/.venvs/airflow310/lib/python3.10/site-packages/airflow/example_dags/example_branch_operator.py
[2025-08-19T17:46:50.476+0200] {processor.py:842} WARNING - No viable dags retrieved from /Users/ehabhasan/.venvs/airflow310/lib/python3.10/site-packages/airflow/example_dags/example_branch_operator.py
[2025-08-19T17:46:50.506+0200] {processor.py:183} INFO - Processing /Users/ehabhasan/.venvs/airflow310/lib/python3.10/site-packages/airflow/example_dags/example_branch_operator.py took 0.040 seconds
[2025-08-19T17:48:48.442+0200] {processor.py:161} INFO - Started process (PID=15127) to work on /Users/ehabhasan/.venvs/airflow310/lib/python3.10/site-packages/airflow/example_dags/example_branch_operator.py
[2025-08-19T17:48:48.442+0200] {processor.py:830} INFO - Processing file /Users/ehabhasan/.venvs/airflow310/lib/python3.10/site-packages/airflow/example_dags/example_branch_operator.py for tasks to queue
[2025-08-19T17:48:48.442+0200] {logging_mixin.py:188} INFO - [2025-08-19T17:48:48.442+0200] {dagbag.py:545} INFO - Filling up the DagBag from /Users/ehabhasan/.venvs/airflow310/lib/python3.10/site-packages/airflow/example_dags/example_branch_operator.py
[2025-08-19T17:48:48.451+0200] {processor.py:842} WARNING - No viable dags retrieved from /Users/ehabhasan/.venvs/airflow310/lib/python3.10/site-packages/airflow/example_dags/example_branch_operator.py
[2025-08-19T17:48:48.481+0200] {processor.py:183} INFO - Processing /Users/ehabhasan/.venvs/airflow310/lib/python3.10/site-packages/airflow/example_dags/example_branch_operator.py took 0.040 seconds
