[2025-08-19T16:48:25.881+0200] {processor.py:161} INFO - Started process (PID=7640) to work on /Users/ehabhasan/.venvs/airflow310/lib/python3.10/site-packages/airflow/example_dags/example_setup_teardown.py
[2025-08-19T16:48:25.882+0200] {processor.py:830} INFO - Processing file /Users/ehabhasan/.venvs/airflow310/lib/python3.10/site-packages/airflow/example_dags/example_setup_teardown.py for tasks to queue
[2025-08-19T16:48:25.882+0200] {logging_mixin.py:188} INFO - [2025-08-19T16:48:25.882+0200] {dagbag.py:545} INFO - Filling up the DagBag from /Users/ehabhasan/.venvs/airflow310/lib/python3.10/site-packages/airflow/example_dags/example_setup_teardown.py
[2025-08-19T16:48:25.885+0200] {processor.py:840} INFO - DAG(s) 'example_setup_teardown' retrieved from /Users/ehabhasan/.venvs/airflow310/lib/python3.10/site-packages/airflow/example_dags/example_setup_teardown.py
[2025-08-19T16:48:25.969+0200] {logging_mixin.py:188} INFO - [2025-08-19T16:48:25.969+0200] {dag.py:3089} INFO - Sync 1 DAGs
[2025-08-19T16:48:25.975+0200] {logging_mixin.py:188} INFO - [2025-08-19T16:48:25.974+0200] {dag.py:3947} INFO - Setting next_dagrun for example_setup_teardown to 2025-08-18 00:00:00+00:00, run_after=2025-08-19 00:00:00+00:00
[2025-08-19T16:48:25.981+0200] {processor.py:183} INFO - Processing /Users/ehabhasan/.venvs/airflow310/lib/python3.10/site-packages/airflow/example_dags/example_setup_teardown.py took 0.102 seconds
[2025-08-19T16:49:44.671+0200] {processor.py:161} INFO - Started process (PID=7699) to work on /Users/ehabhasan/.venvs/airflow310/lib/python3.10/site-packages/airflow/example_dags/example_setup_teardown.py
[2025-08-19T16:49:44.672+0200] {processor.py:830} INFO - Processing file /Users/ehabhasan/.venvs/airflow310/lib/python3.10/site-packages/airflow/example_dags/example_setup_teardown.py for tasks to queue
[2025-08-19T16:49:44.672+0200] {logging_mixin.py:188} INFO - [2025-08-19T16:49:44.672+0200] {dagbag.py:545} INFO - Filling up the DagBag from /Users/ehabhasan/.venvs/airflow310/lib/python3.10/site-packages/airflow/example_dags/example_setup_teardown.py
[2025-08-19T16:49:44.675+0200] {processor.py:840} INFO - DAG(s) 'example_setup_teardown' retrieved from /Users/ehabhasan/.venvs/airflow310/lib/python3.10/site-packages/airflow/example_dags/example_setup_teardown.py
[2025-08-19T16:49:44.710+0200] {logging_mixin.py:188} INFO - [2025-08-19T16:49:44.710+0200] {dag.py:3089} INFO - Sync 1 DAGs
[2025-08-19T16:49:44.715+0200] {logging_mixin.py:188} INFO - [2025-08-19T16:49:44.715+0200] {dag.py:3947} INFO - Setting next_dagrun for example_setup_teardown to 2025-08-18 00:00:00+00:00, run_after=2025-08-19 00:00:00+00:00
[2025-08-19T16:49:44.721+0200] {processor.py:183} INFO - Processing /Users/ehabhasan/.venvs/airflow310/lib/python3.10/site-packages/airflow/example_dags/example_setup_teardown.py took 0.052 seconds
[2025-08-19T16:51:16.688+0200] {processor.py:161} INFO - Started process (PID=7769) to work on /Users/ehabhasan/.venvs/airflow310/lib/python3.10/site-packages/airflow/example_dags/example_setup_teardown.py
[2025-08-19T16:51:16.689+0200] {processor.py:830} INFO - Processing file /Users/ehabhasan/.venvs/airflow310/lib/python3.10/site-packages/airflow/example_dags/example_setup_teardown.py for tasks to queue
[2025-08-19T16:51:16.689+0200] {logging_mixin.py:188} INFO - [2025-08-19T16:51:16.689+0200] {dagbag.py:545} INFO - Filling up the DagBag from /Users/ehabhasan/.venvs/airflow310/lib/python3.10/site-packages/airflow/example_dags/example_setup_teardown.py
[2025-08-19T16:51:16.692+0200] {processor.py:840} INFO - DAG(s) 'example_setup_teardown' retrieved from /Users/ehabhasan/.venvs/airflow310/lib/python3.10/site-packages/airflow/example_dags/example_setup_teardown.py
[2025-08-19T16:51:16.727+0200] {logging_mixin.py:188} INFO - [2025-08-19T16:51:16.727+0200] {dag.py:3089} INFO - Sync 1 DAGs
[2025-08-19T16:51:16.733+0200] {logging_mixin.py:188} INFO - [2025-08-19T16:51:16.733+0200] {dag.py:3947} INFO - Setting next_dagrun for example_setup_teardown to 2025-08-18 00:00:00+00:00, run_after=2025-08-19 00:00:00+00:00
[2025-08-19T16:51:16.739+0200] {processor.py:183} INFO - Processing /Users/ehabhasan/.venvs/airflow310/lib/python3.10/site-packages/airflow/example_dags/example_setup_teardown.py took 0.053 seconds
[2025-08-19T16:52:56.863+0200] {processor.py:161} INFO - Started process (PID=7843) to work on /Users/ehabhasan/.venvs/airflow310/lib/python3.10/site-packages/airflow/example_dags/example_setup_teardown.py
[2025-08-19T16:52:56.863+0200] {processor.py:830} INFO - Processing file /Users/ehabhasan/.venvs/airflow310/lib/python3.10/site-packages/airflow/example_dags/example_setup_teardown.py for tasks to queue
[2025-08-19T16:52:56.863+0200] {logging_mixin.py:188} INFO - [2025-08-19T16:52:56.863+0200] {dagbag.py:545} INFO - Filling up the DagBag from /Users/ehabhasan/.venvs/airflow310/lib/python3.10/site-packages/airflow/example_dags/example_setup_teardown.py
[2025-08-19T16:52:56.866+0200] {processor.py:840} INFO - DAG(s) 'example_setup_teardown' retrieved from /Users/ehabhasan/.venvs/airflow310/lib/python3.10/site-packages/airflow/example_dags/example_setup_teardown.py
[2025-08-19T16:52:56.901+0200] {logging_mixin.py:188} INFO - [2025-08-19T16:52:56.901+0200] {dag.py:3089} INFO - Sync 1 DAGs
[2025-08-19T16:52:56.907+0200] {logging_mixin.py:188} INFO - [2025-08-19T16:52:56.907+0200] {dag.py:3947} INFO - Setting next_dagrun for example_setup_teardown to 2025-08-18 00:00:00+00:00, run_after=2025-08-19 00:00:00+00:00
[2025-08-19T16:52:56.913+0200] {processor.py:183} INFO - Processing /Users/ehabhasan/.venvs/airflow310/lib/python3.10/site-packages/airflow/example_dags/example_setup_teardown.py took 0.052 seconds
[2025-08-19T16:54:33.879+0200] {processor.py:161} INFO - Started process (PID=7952) to work on /Users/ehabhasan/.venvs/airflow310/lib/python3.10/site-packages/airflow/example_dags/example_setup_teardown.py
[2025-08-19T16:54:33.880+0200] {processor.py:830} INFO - Processing file /Users/ehabhasan/.venvs/airflow310/lib/python3.10/site-packages/airflow/example_dags/example_setup_teardown.py for tasks to queue
[2025-08-19T16:54:33.880+0200] {logging_mixin.py:188} INFO - [2025-08-19T16:54:33.880+0200] {dagbag.py:545} INFO - Filling up the DagBag from /Users/ehabhasan/.venvs/airflow310/lib/python3.10/site-packages/airflow/example_dags/example_setup_teardown.py
[2025-08-19T16:54:33.883+0200] {processor.py:840} INFO - DAG(s) 'example_setup_teardown' retrieved from /Users/ehabhasan/.venvs/airflow310/lib/python3.10/site-packages/airflow/example_dags/example_setup_teardown.py
[2025-08-19T16:54:33.918+0200] {logging_mixin.py:188} INFO - [2025-08-19T16:54:33.918+0200] {dag.py:3089} INFO - Sync 1 DAGs
[2025-08-19T16:54:33.923+0200] {logging_mixin.py:188} INFO - [2025-08-19T16:54:33.923+0200] {dag.py:3947} INFO - Setting next_dagrun for example_setup_teardown to 2025-08-18 00:00:00+00:00, run_after=2025-08-19 00:00:00+00:00
[2025-08-19T16:54:33.929+0200] {processor.py:183} INFO - Processing /Users/ehabhasan/.venvs/airflow310/lib/python3.10/site-packages/airflow/example_dags/example_setup_teardown.py took 0.052 seconds
[2025-08-19T16:56:12.536+0200] {processor.py:161} INFO - Started process (PID=8025) to work on /Users/ehabhasan/.venvs/airflow310/lib/python3.10/site-packages/airflow/example_dags/example_setup_teardown.py
[2025-08-19T16:56:12.536+0200] {processor.py:830} INFO - Processing file /Users/ehabhasan/.venvs/airflow310/lib/python3.10/site-packages/airflow/example_dags/example_setup_teardown.py for tasks to queue
[2025-08-19T16:56:12.536+0200] {logging_mixin.py:188} INFO - [2025-08-19T16:56:12.536+0200] {dagbag.py:545} INFO - Filling up the DagBag from /Users/ehabhasan/.venvs/airflow310/lib/python3.10/site-packages/airflow/example_dags/example_setup_teardown.py
[2025-08-19T16:56:12.539+0200] {processor.py:840} INFO - DAG(s) 'example_setup_teardown' retrieved from /Users/ehabhasan/.venvs/airflow310/lib/python3.10/site-packages/airflow/example_dags/example_setup_teardown.py
[2025-08-19T16:56:12.575+0200] {logging_mixin.py:188} INFO - [2025-08-19T16:56:12.575+0200] {dag.py:3089} INFO - Sync 1 DAGs
[2025-08-19T16:56:12.581+0200] {logging_mixin.py:188} INFO - [2025-08-19T16:56:12.581+0200] {dag.py:3947} INFO - Setting next_dagrun for example_setup_teardown to 2025-08-18 00:00:00+00:00, run_after=2025-08-19 00:00:00+00:00
[2025-08-19T16:56:12.587+0200] {processor.py:183} INFO - Processing /Users/ehabhasan/.venvs/airflow310/lib/python3.10/site-packages/airflow/example_dags/example_setup_teardown.py took 0.053 seconds
[2025-08-19T16:57:56.237+0200] {processor.py:161} INFO - Started process (PID=8102) to work on /Users/ehabhasan/.venvs/airflow310/lib/python3.10/site-packages/airflow/example_dags/example_setup_teardown.py
[2025-08-19T16:57:56.238+0200] {processor.py:830} INFO - Processing file /Users/ehabhasan/.venvs/airflow310/lib/python3.10/site-packages/airflow/example_dags/example_setup_teardown.py for tasks to queue
[2025-08-19T16:57:56.238+0200] {logging_mixin.py:188} INFO - [2025-08-19T16:57:56.238+0200] {dagbag.py:545} INFO - Filling up the DagBag from /Users/ehabhasan/.venvs/airflow310/lib/python3.10/site-packages/airflow/example_dags/example_setup_teardown.py
[2025-08-19T16:57:56.241+0200] {processor.py:840} INFO - DAG(s) 'example_setup_teardown' retrieved from /Users/ehabhasan/.venvs/airflow310/lib/python3.10/site-packages/airflow/example_dags/example_setup_teardown.py
[2025-08-19T16:57:56.276+0200] {logging_mixin.py:188} INFO - [2025-08-19T16:57:56.276+0200] {dag.py:3089} INFO - Sync 1 DAGs
[2025-08-19T16:57:56.282+0200] {logging_mixin.py:188} INFO - [2025-08-19T16:57:56.282+0200] {dag.py:3947} INFO - Setting next_dagrun for example_setup_teardown to 2025-08-18 00:00:00+00:00, run_after=2025-08-19 00:00:00+00:00
[2025-08-19T16:57:56.289+0200] {processor.py:183} INFO - Processing /Users/ehabhasan/.venvs/airflow310/lib/python3.10/site-packages/airflow/example_dags/example_setup_teardown.py took 0.053 seconds
[2025-08-19T17:00:05.447+0200] {processor.py:161} INFO - Started process (PID=8213) to work on /Users/ehabhasan/.venvs/airflow310/lib/python3.10/site-packages/airflow/example_dags/example_setup_teardown.py
[2025-08-19T17:00:05.447+0200] {processor.py:830} INFO - Processing file /Users/ehabhasan/.venvs/airflow310/lib/python3.10/site-packages/airflow/example_dags/example_setup_teardown.py for tasks to queue
[2025-08-19T17:00:05.447+0200] {logging_mixin.py:188} INFO - [2025-08-19T17:00:05.447+0200] {dagbag.py:545} INFO - Filling up the DagBag from /Users/ehabhasan/.venvs/airflow310/lib/python3.10/site-packages/airflow/example_dags/example_setup_teardown.py
[2025-08-19T17:00:05.451+0200] {processor.py:840} INFO - DAG(s) 'example_setup_teardown' retrieved from /Users/ehabhasan/.venvs/airflow310/lib/python3.10/site-packages/airflow/example_dags/example_setup_teardown.py
[2025-08-19T17:00:05.491+0200] {logging_mixin.py:188} INFO - [2025-08-19T17:00:05.491+0200] {dag.py:3089} INFO - Sync 1 DAGs
[2025-08-19T17:00:05.497+0200] {logging_mixin.py:188} INFO - [2025-08-19T17:00:05.497+0200] {dag.py:3947} INFO - Setting next_dagrun for example_setup_teardown to 2025-08-18 00:00:00+00:00, run_after=2025-08-19 00:00:00+00:00
[2025-08-19T17:00:05.504+0200] {processor.py:183} INFO - Processing /Users/ehabhasan/.venvs/airflow310/lib/python3.10/site-packages/airflow/example_dags/example_setup_teardown.py took 0.059 seconds
[2025-08-19T17:01:54.491+0200] {processor.py:161} INFO - Started process (PID=8297) to work on /Users/ehabhasan/.venvs/airflow310/lib/python3.10/site-packages/airflow/example_dags/example_setup_teardown.py
[2025-08-19T17:01:54.491+0200] {processor.py:830} INFO - Processing file /Users/ehabhasan/.venvs/airflow310/lib/python3.10/site-packages/airflow/example_dags/example_setup_teardown.py for tasks to queue
[2025-08-19T17:01:54.491+0200] {logging_mixin.py:188} INFO - [2025-08-19T17:01:54.491+0200] {dagbag.py:545} INFO - Filling up the DagBag from /Users/ehabhasan/.venvs/airflow310/lib/python3.10/site-packages/airflow/example_dags/example_setup_teardown.py
[2025-08-19T17:01:54.494+0200] {processor.py:840} INFO - DAG(s) 'example_setup_teardown' retrieved from /Users/ehabhasan/.venvs/airflow310/lib/python3.10/site-packages/airflow/example_dags/example_setup_teardown.py
[2025-08-19T17:01:54.530+0200] {logging_mixin.py:188} INFO - [2025-08-19T17:01:54.529+0200] {dag.py:3089} INFO - Sync 1 DAGs
[2025-08-19T17:01:54.535+0200] {logging_mixin.py:188} INFO - [2025-08-19T17:01:54.535+0200] {dag.py:3947} INFO - Setting next_dagrun for example_setup_teardown to 2025-08-18 00:00:00+00:00, run_after=2025-08-19 00:00:00+00:00
[2025-08-19T17:01:54.542+0200] {processor.py:183} INFO - Processing /Users/ehabhasan/.venvs/airflow310/lib/python3.10/site-packages/airflow/example_dags/example_setup_teardown.py took 0.053 seconds
[2025-08-19T17:03:31.506+0200] {processor.py:161} INFO - Started process (PID=8385) to work on /Users/ehabhasan/.venvs/airflow310/lib/python3.10/site-packages/airflow/example_dags/example_setup_teardown.py
[2025-08-19T17:03:31.506+0200] {processor.py:830} INFO - Processing file /Users/ehabhasan/.venvs/airflow310/lib/python3.10/site-packages/airflow/example_dags/example_setup_teardown.py for tasks to queue
[2025-08-19T17:03:31.506+0200] {logging_mixin.py:188} INFO - [2025-08-19T17:03:31.506+0200] {dagbag.py:545} INFO - Filling up the DagBag from /Users/ehabhasan/.venvs/airflow310/lib/python3.10/site-packages/airflow/example_dags/example_setup_teardown.py
[2025-08-19T17:03:31.509+0200] {processor.py:840} INFO - DAG(s) 'example_setup_teardown' retrieved from /Users/ehabhasan/.venvs/airflow310/lib/python3.10/site-packages/airflow/example_dags/example_setup_teardown.py
[2025-08-19T17:03:31.545+0200] {logging_mixin.py:188} INFO - [2025-08-19T17:03:31.545+0200] {dag.py:3089} INFO - Sync 1 DAGs
[2025-08-19T17:03:31.550+0200] {logging_mixin.py:188} INFO - [2025-08-19T17:03:31.550+0200] {dag.py:3947} INFO - Setting next_dagrun for example_setup_teardown to 2025-08-18 00:00:00+00:00, run_after=2025-08-19 00:00:00+00:00
[2025-08-19T17:03:31.557+0200] {processor.py:183} INFO - Processing /Users/ehabhasan/.venvs/airflow310/lib/python3.10/site-packages/airflow/example_dags/example_setup_teardown.py took 0.052 seconds
[2025-08-19T17:05:11.720+0200] {processor.py:161} INFO - Started process (PID=8978) to work on /Users/ehabhasan/.venvs/airflow310/lib/python3.10/site-packages/airflow/example_dags/example_setup_teardown.py
[2025-08-19T17:05:11.720+0200] {processor.py:830} INFO - Processing file /Users/ehabhasan/.venvs/airflow310/lib/python3.10/site-packages/airflow/example_dags/example_setup_teardown.py for tasks to queue
[2025-08-19T17:05:11.720+0200] {logging_mixin.py:188} INFO - [2025-08-19T17:05:11.720+0200] {dagbag.py:545} INFO - Filling up the DagBag from /Users/ehabhasan/.venvs/airflow310/lib/python3.10/site-packages/airflow/example_dags/example_setup_teardown.py
[2025-08-19T17:05:11.723+0200] {processor.py:840} INFO - DAG(s) 'example_setup_teardown' retrieved from /Users/ehabhasan/.venvs/airflow310/lib/python3.10/site-packages/airflow/example_dags/example_setup_teardown.py
[2025-08-19T17:05:11.763+0200] {logging_mixin.py:188} INFO - [2025-08-19T17:05:11.762+0200] {dag.py:3089} INFO - Sync 1 DAGs
[2025-08-19T17:05:11.769+0200] {logging_mixin.py:188} INFO - [2025-08-19T17:05:11.769+0200] {dag.py:3947} INFO - Setting next_dagrun for example_setup_teardown to 2025-08-18 00:00:00+00:00, run_after=2025-08-19 00:00:00+00:00
[2025-08-19T17:05:11.776+0200] {processor.py:183} INFO - Processing /Users/ehabhasan/.venvs/airflow310/lib/python3.10/site-packages/airflow/example_dags/example_setup_teardown.py took 0.058 seconds
[2025-08-19T17:06:59.703+0200] {processor.py:161} INFO - Started process (PID=9465) to work on /Users/ehabhasan/.venvs/airflow310/lib/python3.10/site-packages/airflow/example_dags/example_setup_teardown.py
[2025-08-19T17:06:59.703+0200] {processor.py:830} INFO - Processing file /Users/ehabhasan/.venvs/airflow310/lib/python3.10/site-packages/airflow/example_dags/example_setup_teardown.py for tasks to queue
[2025-08-19T17:06:59.703+0200] {logging_mixin.py:188} INFO - [2025-08-19T17:06:59.703+0200] {dagbag.py:545} INFO - Filling up the DagBag from /Users/ehabhasan/.venvs/airflow310/lib/python3.10/site-packages/airflow/example_dags/example_setup_teardown.py
[2025-08-19T17:06:59.706+0200] {processor.py:840} INFO - DAG(s) 'example_setup_teardown' retrieved from /Users/ehabhasan/.venvs/airflow310/lib/python3.10/site-packages/airflow/example_dags/example_setup_teardown.py
[2025-08-19T17:06:59.741+0200] {logging_mixin.py:188} INFO - [2025-08-19T17:06:59.741+0200] {dag.py:3089} INFO - Sync 1 DAGs
[2025-08-19T17:06:59.746+0200] {logging_mixin.py:188} INFO - [2025-08-19T17:06:59.746+0200] {dag.py:3947} INFO - Setting next_dagrun for example_setup_teardown to 2025-08-18 00:00:00+00:00, run_after=2025-08-19 00:00:00+00:00
[2025-08-19T17:06:59.753+0200] {processor.py:183} INFO - Processing /Users/ehabhasan/.venvs/airflow310/lib/python3.10/site-packages/airflow/example_dags/example_setup_teardown.py took 0.052 seconds
[2025-08-19T17:08:45.884+0200] {processor.py:161} INFO - Started process (PID=10164) to work on /Users/ehabhasan/.venvs/airflow310/lib/python3.10/site-packages/airflow/example_dags/example_setup_teardown.py
[2025-08-19T17:08:45.884+0200] {processor.py:830} INFO - Processing file /Users/ehabhasan/.venvs/airflow310/lib/python3.10/site-packages/airflow/example_dags/example_setup_teardown.py for tasks to queue
[2025-08-19T17:08:45.884+0200] {logging_mixin.py:188} INFO - [2025-08-19T17:08:45.884+0200] {dagbag.py:545} INFO - Filling up the DagBag from /Users/ehabhasan/.venvs/airflow310/lib/python3.10/site-packages/airflow/example_dags/example_setup_teardown.py
[2025-08-19T17:08:45.887+0200] {processor.py:840} INFO - DAG(s) 'example_setup_teardown' retrieved from /Users/ehabhasan/.venvs/airflow310/lib/python3.10/site-packages/airflow/example_dags/example_setup_teardown.py
[2025-08-19T17:08:45.922+0200] {logging_mixin.py:188} INFO - [2025-08-19T17:08:45.922+0200] {dag.py:3089} INFO - Sync 1 DAGs
[2025-08-19T17:08:45.927+0200] {logging_mixin.py:188} INFO - [2025-08-19T17:08:45.927+0200] {dag.py:3947} INFO - Setting next_dagrun for example_setup_teardown to 2025-08-18 00:00:00+00:00, run_after=2025-08-19 00:00:00+00:00
[2025-08-19T17:08:45.933+0200] {processor.py:183} INFO - Processing /Users/ehabhasan/.venvs/airflow310/lib/python3.10/site-packages/airflow/example_dags/example_setup_teardown.py took 0.051 seconds
[2025-08-19T17:10:35.997+0200] {processor.py:161} INFO - Started process (PID=10279) to work on /Users/ehabhasan/.venvs/airflow310/lib/python3.10/site-packages/airflow/example_dags/example_setup_teardown.py
[2025-08-19T17:10:35.997+0200] {processor.py:830} INFO - Processing file /Users/ehabhasan/.venvs/airflow310/lib/python3.10/site-packages/airflow/example_dags/example_setup_teardown.py for tasks to queue
[2025-08-19T17:10:35.997+0200] {logging_mixin.py:188} INFO - [2025-08-19T17:10:35.997+0200] {dagbag.py:545} INFO - Filling up the DagBag from /Users/ehabhasan/.venvs/airflow310/lib/python3.10/site-packages/airflow/example_dags/example_setup_teardown.py
[2025-08-19T17:10:36.000+0200] {processor.py:840} INFO - DAG(s) 'example_setup_teardown' retrieved from /Users/ehabhasan/.venvs/airflow310/lib/python3.10/site-packages/airflow/example_dags/example_setup_teardown.py
[2025-08-19T17:10:36.037+0200] {logging_mixin.py:188} INFO - [2025-08-19T17:10:36.037+0200] {dag.py:3089} INFO - Sync 1 DAGs
[2025-08-19T17:10:36.043+0200] {logging_mixin.py:188} INFO - [2025-08-19T17:10:36.043+0200] {dag.py:3947} INFO - Setting next_dagrun for example_setup_teardown to 2025-08-18 00:00:00+00:00, run_after=2025-08-19 00:00:00+00:00
[2025-08-19T17:10:36.049+0200] {processor.py:183} INFO - Processing /Users/ehabhasan/.venvs/airflow310/lib/python3.10/site-packages/airflow/example_dags/example_setup_teardown.py took 0.054 seconds
[2025-08-19T17:12:25.439+0200] {processor.py:161} INFO - Started process (PID=10365) to work on /Users/ehabhasan/.venvs/airflow310/lib/python3.10/site-packages/airflow/example_dags/example_setup_teardown.py
[2025-08-19T17:12:25.439+0200] {processor.py:830} INFO - Processing file /Users/ehabhasan/.venvs/airflow310/lib/python3.10/site-packages/airflow/example_dags/example_setup_teardown.py for tasks to queue
[2025-08-19T17:12:25.440+0200] {logging_mixin.py:188} INFO - [2025-08-19T17:12:25.440+0200] {dagbag.py:545} INFO - Filling up the DagBag from /Users/ehabhasan/.venvs/airflow310/lib/python3.10/site-packages/airflow/example_dags/example_setup_teardown.py
[2025-08-19T17:12:25.442+0200] {processor.py:840} INFO - DAG(s) 'example_setup_teardown' retrieved from /Users/ehabhasan/.venvs/airflow310/lib/python3.10/site-packages/airflow/example_dags/example_setup_teardown.py
[2025-08-19T17:12:25.477+0200] {logging_mixin.py:188} INFO - [2025-08-19T17:12:25.477+0200] {dag.py:3089} INFO - Sync 1 DAGs
[2025-08-19T17:12:25.483+0200] {logging_mixin.py:188} INFO - [2025-08-19T17:12:25.483+0200] {dag.py:3947} INFO - Setting next_dagrun for example_setup_teardown to 2025-08-18 00:00:00+00:00, run_after=2025-08-19 00:00:00+00:00
[2025-08-19T17:12:25.489+0200] {processor.py:183} INFO - Processing /Users/ehabhasan/.venvs/airflow310/lib/python3.10/site-packages/airflow/example_dags/example_setup_teardown.py took 0.052 seconds
[2025-08-19T17:14:17.370+0200] {processor.py:161} INFO - Started process (PID=10486) to work on /Users/ehabhasan/.venvs/airflow310/lib/python3.10/site-packages/airflow/example_dags/example_setup_teardown.py
[2025-08-19T17:14:17.370+0200] {processor.py:830} INFO - Processing file /Users/ehabhasan/.venvs/airflow310/lib/python3.10/site-packages/airflow/example_dags/example_setup_teardown.py for tasks to queue
[2025-08-19T17:14:17.370+0200] {logging_mixin.py:188} INFO - [2025-08-19T17:14:17.370+0200] {dagbag.py:545} INFO - Filling up the DagBag from /Users/ehabhasan/.venvs/airflow310/lib/python3.10/site-packages/airflow/example_dags/example_setup_teardown.py
[2025-08-19T17:14:17.373+0200] {processor.py:840} INFO - DAG(s) 'example_setup_teardown' retrieved from /Users/ehabhasan/.venvs/airflow310/lib/python3.10/site-packages/airflow/example_dags/example_setup_teardown.py
[2025-08-19T17:14:17.408+0200] {logging_mixin.py:188} INFO - [2025-08-19T17:14:17.408+0200] {dag.py:3089} INFO - Sync 1 DAGs
[2025-08-19T17:14:17.414+0200] {logging_mixin.py:188} INFO - [2025-08-19T17:14:17.414+0200] {dag.py:3947} INFO - Setting next_dagrun for example_setup_teardown to 2025-08-18 00:00:00+00:00, run_after=2025-08-19 00:00:00+00:00
[2025-08-19T17:14:17.420+0200] {processor.py:183} INFO - Processing /Users/ehabhasan/.venvs/airflow310/lib/python3.10/site-packages/airflow/example_dags/example_setup_teardown.py took 0.052 seconds
[2025-08-19T17:16:09.011+0200] {processor.py:161} INFO - Started process (PID=10802) to work on /Users/ehabhasan/.venvs/airflow310/lib/python3.10/site-packages/airflow/example_dags/example_setup_teardown.py
[2025-08-19T17:16:09.011+0200] {processor.py:830} INFO - Processing file /Users/ehabhasan/.venvs/airflow310/lib/python3.10/site-packages/airflow/example_dags/example_setup_teardown.py for tasks to queue
[2025-08-19T17:16:09.011+0200] {logging_mixin.py:188} INFO - [2025-08-19T17:16:09.011+0200] {dagbag.py:545} INFO - Filling up the DagBag from /Users/ehabhasan/.venvs/airflow310/lib/python3.10/site-packages/airflow/example_dags/example_setup_teardown.py
[2025-08-19T17:16:09.014+0200] {processor.py:840} INFO - DAG(s) 'example_setup_teardown' retrieved from /Users/ehabhasan/.venvs/airflow310/lib/python3.10/site-packages/airflow/example_dags/example_setup_teardown.py
[2025-08-19T17:16:09.049+0200] {logging_mixin.py:188} INFO - [2025-08-19T17:16:09.049+0200] {dag.py:3089} INFO - Sync 1 DAGs
[2025-08-19T17:16:09.054+0200] {logging_mixin.py:188} INFO - [2025-08-19T17:16:09.054+0200] {dag.py:3947} INFO - Setting next_dagrun for example_setup_teardown to 2025-08-18 00:00:00+00:00, run_after=2025-08-19 00:00:00+00:00
[2025-08-19T17:16:09.061+0200] {processor.py:183} INFO - Processing /Users/ehabhasan/.venvs/airflow310/lib/python3.10/site-packages/airflow/example_dags/example_setup_teardown.py took 0.052 seconds
[2025-08-19T17:18:02.048+0200] {processor.py:161} INFO - Started process (PID=11476) to work on /Users/ehabhasan/.venvs/airflow310/lib/python3.10/site-packages/airflow/example_dags/example_setup_teardown.py
[2025-08-19T17:18:02.049+0200] {processor.py:830} INFO - Processing file /Users/ehabhasan/.venvs/airflow310/lib/python3.10/site-packages/airflow/example_dags/example_setup_teardown.py for tasks to queue
[2025-08-19T17:18:02.049+0200] {logging_mixin.py:188} INFO - [2025-08-19T17:18:02.049+0200] {dagbag.py:545} INFO - Filling up the DagBag from /Users/ehabhasan/.venvs/airflow310/lib/python3.10/site-packages/airflow/example_dags/example_setup_teardown.py
[2025-08-19T17:18:02.052+0200] {processor.py:840} INFO - DAG(s) 'example_setup_teardown' retrieved from /Users/ehabhasan/.venvs/airflow310/lib/python3.10/site-packages/airflow/example_dags/example_setup_teardown.py
[2025-08-19T17:18:02.088+0200] {logging_mixin.py:188} INFO - [2025-08-19T17:18:02.088+0200] {dag.py:3089} INFO - Sync 1 DAGs
[2025-08-19T17:18:02.094+0200] {logging_mixin.py:188} INFO - [2025-08-19T17:18:02.094+0200] {dag.py:3947} INFO - Setting next_dagrun for example_setup_teardown to 2025-08-18 00:00:00+00:00, run_after=2025-08-19 00:00:00+00:00
[2025-08-19T17:18:02.100+0200] {processor.py:183} INFO - Processing /Users/ehabhasan/.venvs/airflow310/lib/python3.10/site-packages/airflow/example_dags/example_setup_teardown.py took 0.054 seconds
[2025-08-19T17:19:47.408+0200] {processor.py:161} INFO - Started process (PID=11576) to work on /Users/ehabhasan/.venvs/airflow310/lib/python3.10/site-packages/airflow/example_dags/example_setup_teardown.py
[2025-08-19T17:19:47.408+0200] {processor.py:830} INFO - Processing file /Users/ehabhasan/.venvs/airflow310/lib/python3.10/site-packages/airflow/example_dags/example_setup_teardown.py for tasks to queue
[2025-08-19T17:19:47.408+0200] {logging_mixin.py:188} INFO - [2025-08-19T17:19:47.408+0200] {dagbag.py:545} INFO - Filling up the DagBag from /Users/ehabhasan/.venvs/airflow310/lib/python3.10/site-packages/airflow/example_dags/example_setup_teardown.py
[2025-08-19T17:19:47.411+0200] {processor.py:840} INFO - DAG(s) 'example_setup_teardown' retrieved from /Users/ehabhasan/.venvs/airflow310/lib/python3.10/site-packages/airflow/example_dags/example_setup_teardown.py
[2025-08-19T17:19:47.447+0200] {logging_mixin.py:188} INFO - [2025-08-19T17:19:47.447+0200] {dag.py:3089} INFO - Sync 1 DAGs
[2025-08-19T17:19:47.453+0200] {logging_mixin.py:188} INFO - [2025-08-19T17:19:47.453+0200] {dag.py:3947} INFO - Setting next_dagrun for example_setup_teardown to 2025-08-18 00:00:00+00:00, run_after=2025-08-19 00:00:00+00:00
[2025-08-19T17:19:47.459+0200] {processor.py:183} INFO - Processing /Users/ehabhasan/.venvs/airflow310/lib/python3.10/site-packages/airflow/example_dags/example_setup_teardown.py took 0.054 seconds
[2025-08-19T17:21:29.470+0200] {processor.py:161} INFO - Started process (PID=11649) to work on /Users/ehabhasan/.venvs/airflow310/lib/python3.10/site-packages/airflow/example_dags/example_setup_teardown.py
[2025-08-19T17:21:29.470+0200] {processor.py:830} INFO - Processing file /Users/ehabhasan/.venvs/airflow310/lib/python3.10/site-packages/airflow/example_dags/example_setup_teardown.py for tasks to queue
[2025-08-19T17:21:29.471+0200] {logging_mixin.py:188} INFO - [2025-08-19T17:21:29.471+0200] {dagbag.py:545} INFO - Filling up the DagBag from /Users/ehabhasan/.venvs/airflow310/lib/python3.10/site-packages/airflow/example_dags/example_setup_teardown.py
[2025-08-19T17:21:29.473+0200] {processor.py:840} INFO - DAG(s) 'example_setup_teardown' retrieved from /Users/ehabhasan/.venvs/airflow310/lib/python3.10/site-packages/airflow/example_dags/example_setup_teardown.py
[2025-08-19T17:21:29.508+0200] {logging_mixin.py:188} INFO - [2025-08-19T17:21:29.508+0200] {dag.py:3089} INFO - Sync 1 DAGs
[2025-08-19T17:21:29.514+0200] {logging_mixin.py:188} INFO - [2025-08-19T17:21:29.514+0200] {dag.py:3947} INFO - Setting next_dagrun for example_setup_teardown to 2025-08-18 00:00:00+00:00, run_after=2025-08-19 00:00:00+00:00
[2025-08-19T17:21:29.520+0200] {processor.py:183} INFO - Processing /Users/ehabhasan/.venvs/airflow310/lib/python3.10/site-packages/airflow/example_dags/example_setup_teardown.py took 0.052 seconds
[2025-08-19T17:23:21.654+0200] {processor.py:161} INFO - Started process (PID=11723) to work on /Users/ehabhasan/.venvs/airflow310/lib/python3.10/site-packages/airflow/example_dags/example_setup_teardown.py
[2025-08-19T17:23:21.655+0200] {processor.py:830} INFO - Processing file /Users/ehabhasan/.venvs/airflow310/lib/python3.10/site-packages/airflow/example_dags/example_setup_teardown.py for tasks to queue
[2025-08-19T17:23:21.655+0200] {logging_mixin.py:188} INFO - [2025-08-19T17:23:21.655+0200] {dagbag.py:545} INFO - Filling up the DagBag from /Users/ehabhasan/.venvs/airflow310/lib/python3.10/site-packages/airflow/example_dags/example_setup_teardown.py
[2025-08-19T17:23:21.658+0200] {processor.py:840} INFO - DAG(s) 'example_setup_teardown' retrieved from /Users/ehabhasan/.venvs/airflow310/lib/python3.10/site-packages/airflow/example_dags/example_setup_teardown.py
[2025-08-19T17:23:21.693+0200] {logging_mixin.py:188} INFO - [2025-08-19T17:23:21.693+0200] {dag.py:3089} INFO - Sync 1 DAGs
[2025-08-19T17:23:21.699+0200] {logging_mixin.py:188} INFO - [2025-08-19T17:23:21.699+0200] {dag.py:3947} INFO - Setting next_dagrun for example_setup_teardown to 2025-08-18 00:00:00+00:00, run_after=2025-08-19 00:00:00+00:00
[2025-08-19T17:23:21.706+0200] {processor.py:183} INFO - Processing /Users/ehabhasan/.venvs/airflow310/lib/python3.10/site-packages/airflow/example_dags/example_setup_teardown.py took 0.053 seconds
[2025-08-19T17:25:06.759+0200] {processor.py:161} INFO - Started process (PID=11807) to work on /Users/ehabhasan/.venvs/airflow310/lib/python3.10/site-packages/airflow/example_dags/example_setup_teardown.py
[2025-08-19T17:25:06.760+0200] {processor.py:830} INFO - Processing file /Users/ehabhasan/.venvs/airflow310/lib/python3.10/site-packages/airflow/example_dags/example_setup_teardown.py for tasks to queue
[2025-08-19T17:25:06.760+0200] {logging_mixin.py:188} INFO - [2025-08-19T17:25:06.760+0200] {dagbag.py:545} INFO - Filling up the DagBag from /Users/ehabhasan/.venvs/airflow310/lib/python3.10/site-packages/airflow/example_dags/example_setup_teardown.py
[2025-08-19T17:25:06.763+0200] {processor.py:840} INFO - DAG(s) 'example_setup_teardown' retrieved from /Users/ehabhasan/.venvs/airflow310/lib/python3.10/site-packages/airflow/example_dags/example_setup_teardown.py
[2025-08-19T17:25:06.799+0200] {logging_mixin.py:188} INFO - [2025-08-19T17:25:06.799+0200] {dag.py:3089} INFO - Sync 1 DAGs
[2025-08-19T17:25:06.804+0200] {logging_mixin.py:188} INFO - [2025-08-19T17:25:06.804+0200] {dag.py:3947} INFO - Setting next_dagrun for example_setup_teardown to 2025-08-18 00:00:00+00:00, run_after=2025-08-19 00:00:00+00:00
[2025-08-19T17:25:06.810+0200] {processor.py:183} INFO - Processing /Users/ehabhasan/.venvs/airflow310/lib/python3.10/site-packages/airflow/example_dags/example_setup_teardown.py took 0.053 seconds
[2025-08-19T17:26:52.459+0200] {processor.py:161} INFO - Started process (PID=11884) to work on /Users/ehabhasan/.venvs/airflow310/lib/python3.10/site-packages/airflow/example_dags/example_setup_teardown.py
[2025-08-19T17:26:52.460+0200] {processor.py:830} INFO - Processing file /Users/ehabhasan/.venvs/airflow310/lib/python3.10/site-packages/airflow/example_dags/example_setup_teardown.py for tasks to queue
[2025-08-19T17:26:52.460+0200] {logging_mixin.py:188} INFO - [2025-08-19T17:26:52.460+0200] {dagbag.py:545} INFO - Filling up the DagBag from /Users/ehabhasan/.venvs/airflow310/lib/python3.10/site-packages/airflow/example_dags/example_setup_teardown.py
[2025-08-19T17:26:52.463+0200] {processor.py:840} INFO - DAG(s) 'example_setup_teardown' retrieved from /Users/ehabhasan/.venvs/airflow310/lib/python3.10/site-packages/airflow/example_dags/example_setup_teardown.py
[2025-08-19T17:26:52.499+0200] {logging_mixin.py:188} INFO - [2025-08-19T17:26:52.499+0200] {dag.py:3089} INFO - Sync 1 DAGs
[2025-08-19T17:26:52.505+0200] {logging_mixin.py:188} INFO - [2025-08-19T17:26:52.505+0200] {dag.py:3947} INFO - Setting next_dagrun for example_setup_teardown to 2025-08-18 00:00:00+00:00, run_after=2025-08-19 00:00:00+00:00
[2025-08-19T17:26:52.511+0200] {processor.py:183} INFO - Processing /Users/ehabhasan/.venvs/airflow310/lib/python3.10/site-packages/airflow/example_dags/example_setup_teardown.py took 0.054 seconds
[2025-08-19T17:28:41.802+0200] {processor.py:161} INFO - Started process (PID=11974) to work on /Users/ehabhasan/.venvs/airflow310/lib/python3.10/site-packages/airflow/example_dags/example_setup_teardown.py
[2025-08-19T17:28:41.803+0200] {processor.py:830} INFO - Processing file /Users/ehabhasan/.venvs/airflow310/lib/python3.10/site-packages/airflow/example_dags/example_setup_teardown.py for tasks to queue
[2025-08-19T17:28:41.804+0200] {logging_mixin.py:188} INFO - [2025-08-19T17:28:41.804+0200] {dagbag.py:545} INFO - Filling up the DagBag from /Users/ehabhasan/.venvs/airflow310/lib/python3.10/site-packages/airflow/example_dags/example_setup_teardown.py
[2025-08-19T17:28:41.806+0200] {processor.py:840} INFO - DAG(s) 'example_setup_teardown' retrieved from /Users/ehabhasan/.venvs/airflow310/lib/python3.10/site-packages/airflow/example_dags/example_setup_teardown.py
[2025-08-19T17:28:41.842+0200] {logging_mixin.py:188} INFO - [2025-08-19T17:28:41.842+0200] {dag.py:3089} INFO - Sync 1 DAGs
[2025-08-19T17:28:41.848+0200] {logging_mixin.py:188} INFO - [2025-08-19T17:28:41.848+0200] {dag.py:3947} INFO - Setting next_dagrun for example_setup_teardown to 2025-08-18 00:00:00+00:00, run_after=2025-08-19 00:00:00+00:00
[2025-08-19T17:28:41.854+0200] {processor.py:183} INFO - Processing /Users/ehabhasan/.venvs/airflow310/lib/python3.10/site-packages/airflow/example_dags/example_setup_teardown.py took 0.053 seconds
[2025-08-19T17:30:34.549+0200] {processor.py:161} INFO - Started process (PID=13408) to work on /Users/ehabhasan/.venvs/airflow310/lib/python3.10/site-packages/airflow/example_dags/example_setup_teardown.py
[2025-08-19T17:30:34.550+0200] {processor.py:830} INFO - Processing file /Users/ehabhasan/.venvs/airflow310/lib/python3.10/site-packages/airflow/example_dags/example_setup_teardown.py for tasks to queue
[2025-08-19T17:30:34.550+0200] {logging_mixin.py:188} INFO - [2025-08-19T17:30:34.550+0200] {dagbag.py:545} INFO - Filling up the DagBag from /Users/ehabhasan/.venvs/airflow310/lib/python3.10/site-packages/airflow/example_dags/example_setup_teardown.py
[2025-08-19T17:30:34.553+0200] {processor.py:840} INFO - DAG(s) 'example_setup_teardown' retrieved from /Users/ehabhasan/.venvs/airflow310/lib/python3.10/site-packages/airflow/example_dags/example_setup_teardown.py
[2025-08-19T17:30:34.591+0200] {logging_mixin.py:188} INFO - [2025-08-19T17:30:34.591+0200] {dag.py:3089} INFO - Sync 1 DAGs
[2025-08-19T17:30:34.597+0200] {logging_mixin.py:188} INFO - [2025-08-19T17:30:34.596+0200] {dag.py:3947} INFO - Setting next_dagrun for example_setup_teardown to 2025-08-18 00:00:00+00:00, run_after=2025-08-19 00:00:00+00:00
[2025-08-19T17:30:34.603+0200] {processor.py:183} INFO - Processing /Users/ehabhasan/.venvs/airflow310/lib/python3.10/site-packages/airflow/example_dags/example_setup_teardown.py took 0.055 seconds
[2025-08-19T17:32:29.560+0200] {processor.py:161} INFO - Started process (PID=14143) to work on /Users/ehabhasan/.venvs/airflow310/lib/python3.10/site-packages/airflow/example_dags/example_setup_teardown.py
[2025-08-19T17:32:29.560+0200] {processor.py:830} INFO - Processing file /Users/ehabhasan/.venvs/airflow310/lib/python3.10/site-packages/airflow/example_dags/example_setup_teardown.py for tasks to queue
[2025-08-19T17:32:29.561+0200] {logging_mixin.py:188} INFO - [2025-08-19T17:32:29.561+0200] {dagbag.py:545} INFO - Filling up the DagBag from /Users/ehabhasan/.venvs/airflow310/lib/python3.10/site-packages/airflow/example_dags/example_setup_teardown.py
[2025-08-19T17:32:29.564+0200] {processor.py:840} INFO - DAG(s) 'example_setup_teardown' retrieved from /Users/ehabhasan/.venvs/airflow310/lib/python3.10/site-packages/airflow/example_dags/example_setup_teardown.py
[2025-08-19T17:32:29.602+0200] {logging_mixin.py:188} INFO - [2025-08-19T17:32:29.601+0200] {dag.py:3089} INFO - Sync 1 DAGs
[2025-08-19T17:32:29.607+0200] {logging_mixin.py:188} INFO - [2025-08-19T17:32:29.607+0200] {dag.py:3947} INFO - Setting next_dagrun for example_setup_teardown to 2025-08-18 00:00:00+00:00, run_after=2025-08-19 00:00:00+00:00
[2025-08-19T17:32:29.614+0200] {processor.py:183} INFO - Processing /Users/ehabhasan/.venvs/airflow310/lib/python3.10/site-packages/airflow/example_dags/example_setup_teardown.py took 0.056 seconds
[2025-08-19T17:34:16.369+0200] {processor.py:161} INFO - Started process (PID=14244) to work on /Users/ehabhasan/.venvs/airflow310/lib/python3.10/site-packages/airflow/example_dags/example_setup_teardown.py
[2025-08-19T17:34:16.370+0200] {processor.py:830} INFO - Processing file /Users/ehabhasan/.venvs/airflow310/lib/python3.10/site-packages/airflow/example_dags/example_setup_teardown.py for tasks to queue
[2025-08-19T17:34:16.370+0200] {logging_mixin.py:188} INFO - [2025-08-19T17:34:16.370+0200] {dagbag.py:545} INFO - Filling up the DagBag from /Users/ehabhasan/.venvs/airflow310/lib/python3.10/site-packages/airflow/example_dags/example_setup_teardown.py
[2025-08-19T17:34:16.373+0200] {processor.py:840} INFO - DAG(s) 'example_setup_teardown' retrieved from /Users/ehabhasan/.venvs/airflow310/lib/python3.10/site-packages/airflow/example_dags/example_setup_teardown.py
[2025-08-19T17:34:16.412+0200] {logging_mixin.py:188} INFO - [2025-08-19T17:34:16.412+0200] {dag.py:3089} INFO - Sync 1 DAGs
[2025-08-19T17:34:16.417+0200] {logging_mixin.py:188} INFO - [2025-08-19T17:34:16.417+0200] {dag.py:3947} INFO - Setting next_dagrun for example_setup_teardown to 2025-08-18 00:00:00+00:00, run_after=2025-08-19 00:00:00+00:00
[2025-08-19T17:34:16.424+0200] {processor.py:183} INFO - Processing /Users/ehabhasan/.venvs/airflow310/lib/python3.10/site-packages/airflow/example_dags/example_setup_teardown.py took 0.057 seconds
[2025-08-19T17:36:06.184+0200] {processor.py:161} INFO - Started process (PID=14462) to work on /Users/ehabhasan/.venvs/airflow310/lib/python3.10/site-packages/airflow/example_dags/example_setup_teardown.py
[2025-08-19T17:36:06.185+0200] {processor.py:830} INFO - Processing file /Users/ehabhasan/.venvs/airflow310/lib/python3.10/site-packages/airflow/example_dags/example_setup_teardown.py for tasks to queue
[2025-08-19T17:36:06.185+0200] {logging_mixin.py:188} INFO - [2025-08-19T17:36:06.185+0200] {dagbag.py:545} INFO - Filling up the DagBag from /Users/ehabhasan/.venvs/airflow310/lib/python3.10/site-packages/airflow/example_dags/example_setup_teardown.py
[2025-08-19T17:36:06.187+0200] {processor.py:840} INFO - DAG(s) 'example_setup_teardown' retrieved from /Users/ehabhasan/.venvs/airflow310/lib/python3.10/site-packages/airflow/example_dags/example_setup_teardown.py
[2025-08-19T17:36:06.223+0200] {logging_mixin.py:188} INFO - [2025-08-19T17:36:06.223+0200] {dag.py:3089} INFO - Sync 1 DAGs
[2025-08-19T17:36:06.229+0200] {logging_mixin.py:188} INFO - [2025-08-19T17:36:06.229+0200] {dag.py:3947} INFO - Setting next_dagrun for example_setup_teardown to 2025-08-18 00:00:00+00:00, run_after=2025-08-19 00:00:00+00:00
[2025-08-19T17:36:06.235+0200] {processor.py:183} INFO - Processing /Users/ehabhasan/.venvs/airflow310/lib/python3.10/site-packages/airflow/example_dags/example_setup_teardown.py took 0.053 seconds
[2025-08-19T17:38:00.985+0200] {processor.py:161} INFO - Started process (PID=14590) to work on /Users/ehabhasan/.venvs/airflow310/lib/python3.10/site-packages/airflow/example_dags/example_setup_teardown.py
[2025-08-19T17:38:00.985+0200] {processor.py:830} INFO - Processing file /Users/ehabhasan/.venvs/airflow310/lib/python3.10/site-packages/airflow/example_dags/example_setup_teardown.py for tasks to queue
[2025-08-19T17:38:00.986+0200] {logging_mixin.py:188} INFO - [2025-08-19T17:38:00.986+0200] {dagbag.py:545} INFO - Filling up the DagBag from /Users/ehabhasan/.venvs/airflow310/lib/python3.10/site-packages/airflow/example_dags/example_setup_teardown.py
[2025-08-19T17:38:00.988+0200] {processor.py:840} INFO - DAG(s) 'example_setup_teardown' retrieved from /Users/ehabhasan/.venvs/airflow310/lib/python3.10/site-packages/airflow/example_dags/example_setup_teardown.py
[2025-08-19T17:38:01.024+0200] {logging_mixin.py:188} INFO - [2025-08-19T17:38:01.024+0200] {dag.py:3089} INFO - Sync 1 DAGs
[2025-08-19T17:38:01.030+0200] {logging_mixin.py:188} INFO - [2025-08-19T17:38:01.030+0200] {dag.py:3947} INFO - Setting next_dagrun for example_setup_teardown to 2025-08-18 00:00:00+00:00, run_after=2025-08-19 00:00:00+00:00
[2025-08-19T17:38:01.036+0200] {processor.py:183} INFO - Processing /Users/ehabhasan/.venvs/airflow310/lib/python3.10/site-packages/airflow/example_dags/example_setup_teardown.py took 0.053 seconds
[2025-08-19T17:40:05.920+0200] {processor.py:161} INFO - Started process (PID=14826) to work on /Users/ehabhasan/.venvs/airflow310/lib/python3.10/site-packages/airflow/example_dags/example_setup_teardown.py
[2025-08-19T17:40:05.920+0200] {processor.py:830} INFO - Processing file /Users/ehabhasan/.venvs/airflow310/lib/python3.10/site-packages/airflow/example_dags/example_setup_teardown.py for tasks to queue
[2025-08-19T17:40:05.920+0200] {logging_mixin.py:188} INFO - [2025-08-19T17:40:05.920+0200] {dagbag.py:545} INFO - Filling up the DagBag from /Users/ehabhasan/.venvs/airflow310/lib/python3.10/site-packages/airflow/example_dags/example_setup_teardown.py
[2025-08-19T17:40:05.923+0200] {processor.py:840} INFO - DAG(s) 'example_setup_teardown' retrieved from /Users/ehabhasan/.venvs/airflow310/lib/python3.10/site-packages/airflow/example_dags/example_setup_teardown.py
[2025-08-19T17:40:05.960+0200] {logging_mixin.py:188} INFO - [2025-08-19T17:40:05.960+0200] {dag.py:3089} INFO - Sync 1 DAGs
[2025-08-19T17:40:05.966+0200] {logging_mixin.py:188} INFO - [2025-08-19T17:40:05.966+0200] {dag.py:3947} INFO - Setting next_dagrun for example_setup_teardown to 2025-08-18 00:00:00+00:00, run_after=2025-08-19 00:00:00+00:00
[2025-08-19T17:40:05.973+0200] {processor.py:183} INFO - Processing /Users/ehabhasan/.venvs/airflow310/lib/python3.10/site-packages/airflow/example_dags/example_setup_teardown.py took 0.055 seconds
[2025-08-19T17:45:38.073+0200] {processor.py:161} INFO - Started process (PID=14980) to work on /Users/ehabhasan/.venvs/airflow310/lib/python3.10/site-packages/airflow/example_dags/example_setup_teardown.py
[2025-08-19T17:45:38.073+0200] {processor.py:830} INFO - Processing file /Users/ehabhasan/.venvs/airflow310/lib/python3.10/site-packages/airflow/example_dags/example_setup_teardown.py for tasks to queue
[2025-08-19T17:45:38.073+0200] {logging_mixin.py:188} INFO - [2025-08-19T17:45:38.073+0200] {dagbag.py:545} INFO - Filling up the DagBag from /Users/ehabhasan/.venvs/airflow310/lib/python3.10/site-packages/airflow/example_dags/example_setup_teardown.py
[2025-08-19T17:45:38.076+0200] {processor.py:840} INFO - DAG(s) 'example_setup_teardown' retrieved from /Users/ehabhasan/.venvs/airflow310/lib/python3.10/site-packages/airflow/example_dags/example_setup_teardown.py
[2025-08-19T17:45:38.112+0200] {logging_mixin.py:188} INFO - [2025-08-19T17:45:38.111+0200] {dag.py:3089} INFO - Sync 1 DAGs
[2025-08-19T17:45:38.117+0200] {logging_mixin.py:188} INFO - [2025-08-19T17:45:38.117+0200] {dag.py:3947} INFO - Setting next_dagrun for example_setup_teardown to 2025-08-18 00:00:00+00:00, run_after=2025-08-19 00:00:00+00:00
[2025-08-19T17:45:38.124+0200] {processor.py:183} INFO - Processing /Users/ehabhasan/.venvs/airflow310/lib/python3.10/site-packages/airflow/example_dags/example_setup_teardown.py took 0.053 seconds
[2025-08-19T17:47:40.901+0200] {processor.py:161} INFO - Started process (PID=15078) to work on /Users/ehabhasan/.venvs/airflow310/lib/python3.10/site-packages/airflow/example_dags/example_setup_teardown.py
[2025-08-19T17:47:40.902+0200] {processor.py:830} INFO - Processing file /Users/ehabhasan/.venvs/airflow310/lib/python3.10/site-packages/airflow/example_dags/example_setup_teardown.py for tasks to queue
[2025-08-19T17:47:40.902+0200] {logging_mixin.py:188} INFO - [2025-08-19T17:47:40.902+0200] {dagbag.py:545} INFO - Filling up the DagBag from /Users/ehabhasan/.venvs/airflow310/lib/python3.10/site-packages/airflow/example_dags/example_setup_teardown.py
[2025-08-19T17:47:40.905+0200] {processor.py:840} INFO - DAG(s) 'example_setup_teardown' retrieved from /Users/ehabhasan/.venvs/airflow310/lib/python3.10/site-packages/airflow/example_dags/example_setup_teardown.py
[2025-08-19T17:47:40.944+0200] {logging_mixin.py:188} INFO - [2025-08-19T17:47:40.944+0200] {dag.py:3089} INFO - Sync 1 DAGs
[2025-08-19T17:47:40.950+0200] {logging_mixin.py:188} INFO - [2025-08-19T17:47:40.950+0200] {dag.py:3947} INFO - Setting next_dagrun for example_setup_teardown to 2025-08-18 00:00:00+00:00, run_after=2025-08-19 00:00:00+00:00
[2025-08-19T17:47:40.957+0200] {processor.py:183} INFO - Processing /Users/ehabhasan/.venvs/airflow310/lib/python3.10/site-packages/airflow/example_dags/example_setup_teardown.py took 0.058 seconds
[2025-08-19T17:49:33.182+0200] {processor.py:161} INFO - Started process (PID=15160) to work on /Users/ehabhasan/.venvs/airflow310/lib/python3.10/site-packages/airflow/example_dags/example_setup_teardown.py
[2025-08-19T17:49:33.182+0200] {processor.py:830} INFO - Processing file /Users/ehabhasan/.venvs/airflow310/lib/python3.10/site-packages/airflow/example_dags/example_setup_teardown.py for tasks to queue
[2025-08-19T17:49:33.183+0200] {logging_mixin.py:188} INFO - [2025-08-19T17:49:33.183+0200] {dagbag.py:545} INFO - Filling up the DagBag from /Users/ehabhasan/.venvs/airflow310/lib/python3.10/site-packages/airflow/example_dags/example_setup_teardown.py
[2025-08-19T17:49:33.185+0200] {processor.py:840} INFO - DAG(s) 'example_setup_teardown' retrieved from /Users/ehabhasan/.venvs/airflow310/lib/python3.10/site-packages/airflow/example_dags/example_setup_teardown.py
[2025-08-19T17:49:33.221+0200] {logging_mixin.py:188} INFO - [2025-08-19T17:49:33.221+0200] {dag.py:3089} INFO - Sync 1 DAGs
[2025-08-19T17:49:33.226+0200] {logging_mixin.py:188} INFO - [2025-08-19T17:49:33.226+0200] {dag.py:3947} INFO - Setting next_dagrun for example_setup_teardown to 2025-08-18 00:00:00+00:00, run_after=2025-08-19 00:00:00+00:00
[2025-08-19T17:49:33.233+0200] {processor.py:183} INFO - Processing /Users/ehabhasan/.venvs/airflow310/lib/python3.10/site-packages/airflow/example_dags/example_setup_teardown.py took 0.052 seconds
