[2025-08-19T16:48:44.534+0200] {processor.py:161} INFO - Started process (PID=7654) to work on /Users/ehabhasan/.venvs/airflow310/lib/python3.10/site-packages/airflow/example_dags/example_kubernetes_executor.py
[2025-08-19T16:48:44.534+0200] {processor.py:830} INFO - Processing file /Users/ehabhasan/.venvs/airflow310/lib/python3.10/site-packages/airflow/example_dags/example_kubernetes_executor.py for tasks to queue
[2025-08-19T16:48:44.534+0200] {logging_mixin.py:188} INFO - [2025-08-19T16:48:44.534+0200] {dagbag.py:545} INFO - Filling up the DagBag from /Users/ehabhasan/.venvs/airflow310/lib/python3.10/site-packages/airflow/example_dags/example_kubernetes_executor.py
[2025-08-19T16:48:44.547+0200] {logging_mixin.py:188} INFO - [2025-08-19T16:48:44.547+0200] {example_kubernetes_executor.py:39} WARNING - The example_kubernetes_executor example DAG requires the kubernetes provider. Please install it with: pip install apache-airflow[cncf.kubernetes]
[2025-08-19T16:48:44.548+0200] {processor.py:842} WARNING - No viable dags retrieved from /Users/ehabhasan/.venvs/airflow310/lib/python3.10/site-packages/airflow/example_dags/example_kubernetes_executor.py
[2025-08-19T16:48:44.576+0200] {processor.py:183} INFO - Processing /Users/ehabhasan/.venvs/airflow310/lib/python3.10/site-packages/airflow/example_dags/example_kubernetes_executor.py took 0.044 seconds
[2025-08-19T16:50:20.471+0200] {processor.py:161} INFO - Started process (PID=7727) to work on /Users/ehabhasan/.venvs/airflow310/lib/python3.10/site-packages/airflow/example_dags/example_kubernetes_executor.py
[2025-08-19T16:50:20.473+0200] {processor.py:830} INFO - Processing file /Users/ehabhasan/.venvs/airflow310/lib/python3.10/site-packages/airflow/example_dags/example_kubernetes_executor.py for tasks to queue
[2025-08-19T16:50:20.473+0200] {logging_mixin.py:188} INFO - [2025-08-19T16:50:20.473+0200] {dagbag.py:545} INFO - Filling up the DagBag from /Users/ehabhasan/.venvs/airflow310/lib/python3.10/site-packages/airflow/example_dags/example_kubernetes_executor.py
[2025-08-19T16:50:20.485+0200] {logging_mixin.py:188} INFO - [2025-08-19T16:50:20.485+0200] {example_kubernetes_executor.py:39} WARNING - The example_kubernetes_executor example DAG requires the kubernetes provider. Please install it with: pip install apache-airflow[cncf.kubernetes]
[2025-08-19T16:50:20.485+0200] {processor.py:842} WARNING - No viable dags retrieved from /Users/ehabhasan/.venvs/airflow310/lib/python3.10/site-packages/airflow/example_dags/example_kubernetes_executor.py
[2025-08-19T16:50:20.513+0200] {processor.py:183} INFO - Processing /Users/ehabhasan/.venvs/airflow310/lib/python3.10/site-packages/airflow/example_dags/example_kubernetes_executor.py took 0.044 seconds
[2025-08-19T16:51:58.259+0200] {processor.py:161} INFO - Started process (PID=7800) to work on /Users/ehabhasan/.venvs/airflow310/lib/python3.10/site-packages/airflow/example_dags/example_kubernetes_executor.py
[2025-08-19T16:51:58.260+0200] {processor.py:830} INFO - Processing file /Users/ehabhasan/.venvs/airflow310/lib/python3.10/site-packages/airflow/example_dags/example_kubernetes_executor.py for tasks to queue
[2025-08-19T16:51:58.260+0200] {logging_mixin.py:188} INFO - [2025-08-19T16:51:58.260+0200] {dagbag.py:545} INFO - Filling up the DagBag from /Users/ehabhasan/.venvs/airflow310/lib/python3.10/site-packages/airflow/example_dags/example_kubernetes_executor.py
[2025-08-19T16:51:58.272+0200] {logging_mixin.py:188} INFO - [2025-08-19T16:51:58.272+0200] {example_kubernetes_executor.py:39} WARNING - The example_kubernetes_executor example DAG requires the kubernetes provider. Please install it with: pip install apache-airflow[cncf.kubernetes]
[2025-08-19T16:51:58.272+0200] {processor.py:842} WARNING - No viable dags retrieved from /Users/ehabhasan/.venvs/airflow310/lib/python3.10/site-packages/airflow/example_dags/example_kubernetes_executor.py
[2025-08-19T16:51:58.300+0200] {processor.py:183} INFO - Processing /Users/ehabhasan/.venvs/airflow310/lib/python3.10/site-packages/airflow/example_dags/example_kubernetes_executor.py took 0.043 seconds
[2025-08-19T16:53:35.945+0200] {processor.py:161} INFO - Started process (PID=7870) to work on /Users/ehabhasan/.venvs/airflow310/lib/python3.10/site-packages/airflow/example_dags/example_kubernetes_executor.py
[2025-08-19T16:53:35.945+0200] {processor.py:830} INFO - Processing file /Users/ehabhasan/.venvs/airflow310/lib/python3.10/site-packages/airflow/example_dags/example_kubernetes_executor.py for tasks to queue
[2025-08-19T16:53:35.946+0200] {logging_mixin.py:188} INFO - [2025-08-19T16:53:35.946+0200] {dagbag.py:545} INFO - Filling up the DagBag from /Users/ehabhasan/.venvs/airflow310/lib/python3.10/site-packages/airflow/example_dags/example_kubernetes_executor.py
[2025-08-19T16:53:35.958+0200] {logging_mixin.py:188} INFO - [2025-08-19T16:53:35.958+0200] {example_kubernetes_executor.py:39} WARNING - The example_kubernetes_executor example DAG requires the kubernetes provider. Please install it with: pip install apache-airflow[cncf.kubernetes]
[2025-08-19T16:53:35.958+0200] {processor.py:842} WARNING - No viable dags retrieved from /Users/ehabhasan/.venvs/airflow310/lib/python3.10/site-packages/airflow/example_dags/example_kubernetes_executor.py
[2025-08-19T16:53:35.986+0200] {processor.py:183} INFO - Processing /Users/ehabhasan/.venvs/airflow310/lib/python3.10/site-packages/airflow/example_dags/example_kubernetes_executor.py took 0.043 seconds
[2025-08-19T16:55:11.700+0200] {processor.py:161} INFO - Started process (PID=7979) to work on /Users/ehabhasan/.venvs/airflow310/lib/python3.10/site-packages/airflow/example_dags/example_kubernetes_executor.py
[2025-08-19T16:55:11.701+0200] {processor.py:830} INFO - Processing file /Users/ehabhasan/.venvs/airflow310/lib/python3.10/site-packages/airflow/example_dags/example_kubernetes_executor.py for tasks to queue
[2025-08-19T16:55:11.702+0200] {logging_mixin.py:188} INFO - [2025-08-19T16:55:11.701+0200] {dagbag.py:545} INFO - Filling up the DagBag from /Users/ehabhasan/.venvs/airflow310/lib/python3.10/site-packages/airflow/example_dags/example_kubernetes_executor.py
[2025-08-19T16:55:11.714+0200] {logging_mixin.py:188} INFO - [2025-08-19T16:55:11.714+0200] {example_kubernetes_executor.py:39} WARNING - The example_kubernetes_executor example DAG requires the kubernetes provider. Please install it with: pip install apache-airflow[cncf.kubernetes]
[2025-08-19T16:55:11.714+0200] {processor.py:842} WARNING - No viable dags retrieved from /Users/ehabhasan/.venvs/airflow310/lib/python3.10/site-packages/airflow/example_dags/example_kubernetes_executor.py
[2025-08-19T16:55:11.742+0200] {processor.py:183} INFO - Processing /Users/ehabhasan/.venvs/airflow310/lib/python3.10/site-packages/airflow/example_dags/example_kubernetes_executor.py took 0.043 seconds
[2025-08-19T16:56:55.937+0200] {processor.py:161} INFO - Started process (PID=8056) to work on /Users/ehabhasan/.venvs/airflow310/lib/python3.10/site-packages/airflow/example_dags/example_kubernetes_executor.py
[2025-08-19T16:56:55.937+0200] {processor.py:830} INFO - Processing file /Users/ehabhasan/.venvs/airflow310/lib/python3.10/site-packages/airflow/example_dags/example_kubernetes_executor.py for tasks to queue
[2025-08-19T16:56:55.937+0200] {logging_mixin.py:188} INFO - [2025-08-19T16:56:55.937+0200] {dagbag.py:545} INFO - Filling up the DagBag from /Users/ehabhasan/.venvs/airflow310/lib/python3.10/site-packages/airflow/example_dags/example_kubernetes_executor.py
[2025-08-19T16:56:55.950+0200] {logging_mixin.py:188} INFO - [2025-08-19T16:56:55.950+0200] {example_kubernetes_executor.py:39} WARNING - The example_kubernetes_executor example DAG requires the kubernetes provider. Please install it with: pip install apache-airflow[cncf.kubernetes]
[2025-08-19T16:56:55.950+0200] {processor.py:842} WARNING - No viable dags retrieved from /Users/ehabhasan/.venvs/airflow310/lib/python3.10/site-packages/airflow/example_dags/example_kubernetes_executor.py
[2025-08-19T16:56:55.979+0200] {processor.py:183} INFO - Processing /Users/ehabhasan/.venvs/airflow310/lib/python3.10/site-packages/airflow/example_dags/example_kubernetes_executor.py took 0.044 seconds
[2025-08-19T16:58:33.595+0200] {processor.py:161} INFO - Started process (PID=8127) to work on /Users/ehabhasan/.venvs/airflow310/lib/python3.10/site-packages/airflow/example_dags/example_kubernetes_executor.py
[2025-08-19T16:58:33.596+0200] {processor.py:830} INFO - Processing file /Users/ehabhasan/.venvs/airflow310/lib/python3.10/site-packages/airflow/example_dags/example_kubernetes_executor.py for tasks to queue
[2025-08-19T16:58:33.597+0200] {logging_mixin.py:188} INFO - [2025-08-19T16:58:33.597+0200] {dagbag.py:545} INFO - Filling up the DagBag from /Users/ehabhasan/.venvs/airflow310/lib/python3.10/site-packages/airflow/example_dags/example_kubernetes_executor.py
[2025-08-19T16:58:33.609+0200] {logging_mixin.py:188} INFO - [2025-08-19T16:58:33.608+0200] {example_kubernetes_executor.py:39} WARNING - The example_kubernetes_executor example DAG requires the kubernetes provider. Please install it with: pip install apache-airflow[cncf.kubernetes]
[2025-08-19T16:58:33.609+0200] {processor.py:842} WARNING - No viable dags retrieved from /Users/ehabhasan/.venvs/airflow310/lib/python3.10/site-packages/airflow/example_dags/example_kubernetes_executor.py
[2025-08-19T16:58:33.637+0200] {processor.py:183} INFO - Processing /Users/ehabhasan/.venvs/airflow310/lib/python3.10/site-packages/airflow/example_dags/example_kubernetes_executor.py took 0.043 seconds
[2025-08-19T17:00:53.247+0200] {processor.py:161} INFO - Started process (PID=8246) to work on /Users/ehabhasan/.venvs/airflow310/lib/python3.10/site-packages/airflow/example_dags/example_kubernetes_executor.py
[2025-08-19T17:00:53.248+0200] {processor.py:830} INFO - Processing file /Users/ehabhasan/.venvs/airflow310/lib/python3.10/site-packages/airflow/example_dags/example_kubernetes_executor.py for tasks to queue
[2025-08-19T17:00:53.248+0200] {logging_mixin.py:188} INFO - [2025-08-19T17:00:53.248+0200] {dagbag.py:545} INFO - Filling up the DagBag from /Users/ehabhasan/.venvs/airflow310/lib/python3.10/site-packages/airflow/example_dags/example_kubernetes_executor.py
[2025-08-19T17:00:53.262+0200] {logging_mixin.py:188} INFO - [2025-08-19T17:00:53.262+0200] {example_kubernetes_executor.py:39} WARNING - The example_kubernetes_executor example DAG requires the kubernetes provider. Please install it with: pip install apache-airflow[cncf.kubernetes]
[2025-08-19T17:00:53.262+0200] {processor.py:842} WARNING - No viable dags retrieved from /Users/ehabhasan/.venvs/airflow310/lib/python3.10/site-packages/airflow/example_dags/example_kubernetes_executor.py
[2025-08-19T17:00:53.291+0200] {processor.py:183} INFO - Processing /Users/ehabhasan/.venvs/airflow310/lib/python3.10/site-packages/airflow/example_dags/example_kubernetes_executor.py took 0.046 seconds
[2025-08-19T17:02:37.875+0200] {processor.py:161} INFO - Started process (PID=8331) to work on /Users/ehabhasan/.venvs/airflow310/lib/python3.10/site-packages/airflow/example_dags/example_kubernetes_executor.py
[2025-08-19T17:02:37.875+0200] {processor.py:830} INFO - Processing file /Users/ehabhasan/.venvs/airflow310/lib/python3.10/site-packages/airflow/example_dags/example_kubernetes_executor.py for tasks to queue
[2025-08-19T17:02:37.875+0200] {logging_mixin.py:188} INFO - [2025-08-19T17:02:37.875+0200] {dagbag.py:545} INFO - Filling up the DagBag from /Users/ehabhasan/.venvs/airflow310/lib/python3.10/site-packages/airflow/example_dags/example_kubernetes_executor.py
[2025-08-19T17:02:37.888+0200] {logging_mixin.py:188} INFO - [2025-08-19T17:02:37.888+0200] {example_kubernetes_executor.py:39} WARNING - The example_kubernetes_executor example DAG requires the kubernetes provider. Please install it with: pip install apache-airflow[cncf.kubernetes]
[2025-08-19T17:02:37.888+0200] {processor.py:842} WARNING - No viable dags retrieved from /Users/ehabhasan/.venvs/airflow310/lib/python3.10/site-packages/airflow/example_dags/example_kubernetes_executor.py
[2025-08-19T17:02:37.917+0200] {processor.py:183} INFO - Processing /Users/ehabhasan/.venvs/airflow310/lib/python3.10/site-packages/airflow/example_dags/example_kubernetes_executor.py took 0.044 seconds
[2025-08-19T17:04:12.462+0200] {processor.py:161} INFO - Started process (PID=8924) to work on /Users/ehabhasan/.venvs/airflow310/lib/python3.10/site-packages/airflow/example_dags/example_kubernetes_executor.py
[2025-08-19T17:04:12.463+0200] {processor.py:830} INFO - Processing file /Users/ehabhasan/.venvs/airflow310/lib/python3.10/site-packages/airflow/example_dags/example_kubernetes_executor.py for tasks to queue
[2025-08-19T17:04:12.463+0200] {logging_mixin.py:188} INFO - [2025-08-19T17:04:12.463+0200] {dagbag.py:545} INFO - Filling up the DagBag from /Users/ehabhasan/.venvs/airflow310/lib/python3.10/site-packages/airflow/example_dags/example_kubernetes_executor.py
[2025-08-19T17:04:12.476+0200] {logging_mixin.py:188} INFO - [2025-08-19T17:04:12.476+0200] {example_kubernetes_executor.py:39} WARNING - The example_kubernetes_executor example DAG requires the kubernetes provider. Please install it with: pip install apache-airflow[cncf.kubernetes]
[2025-08-19T17:04:12.476+0200] {processor.py:842} WARNING - No viable dags retrieved from /Users/ehabhasan/.venvs/airflow310/lib/python3.10/site-packages/airflow/example_dags/example_kubernetes_executor.py
[2025-08-19T17:04:12.504+0200] {processor.py:183} INFO - Processing /Users/ehabhasan/.venvs/airflow310/lib/python3.10/site-packages/airflow/example_dags/example_kubernetes_executor.py took 0.043 seconds
[2025-08-19T17:05:57.541+0200] {processor.py:161} INFO - Started process (PID=9304) to work on /Users/ehabhasan/.venvs/airflow310/lib/python3.10/site-packages/airflow/example_dags/example_kubernetes_executor.py
[2025-08-19T17:05:57.542+0200] {processor.py:830} INFO - Processing file /Users/ehabhasan/.venvs/airflow310/lib/python3.10/site-packages/airflow/example_dags/example_kubernetes_executor.py for tasks to queue
[2025-08-19T17:05:57.542+0200] {logging_mixin.py:188} INFO - [2025-08-19T17:05:57.542+0200] {dagbag.py:545} INFO - Filling up the DagBag from /Users/ehabhasan/.venvs/airflow310/lib/python3.10/site-packages/airflow/example_dags/example_kubernetes_executor.py
[2025-08-19T17:05:57.555+0200] {logging_mixin.py:188} INFO - [2025-08-19T17:05:57.554+0200] {example_kubernetes_executor.py:39} WARNING - The example_kubernetes_executor example DAG requires the kubernetes provider. Please install it with: pip install apache-airflow[cncf.kubernetes]
[2025-08-19T17:05:57.555+0200] {processor.py:842} WARNING - No viable dags retrieved from /Users/ehabhasan/.venvs/airflow310/lib/python3.10/site-packages/airflow/example_dags/example_kubernetes_executor.py
[2025-08-19T17:05:57.583+0200] {processor.py:183} INFO - Processing /Users/ehabhasan/.venvs/airflow310/lib/python3.10/site-packages/airflow/example_dags/example_kubernetes_executor.py took 0.043 seconds
[2025-08-19T17:07:45.295+0200] {processor.py:161} INFO - Started process (PID=10114) to work on /Users/ehabhasan/.venvs/airflow310/lib/python3.10/site-packages/airflow/example_dags/example_kubernetes_executor.py
[2025-08-19T17:07:45.295+0200] {processor.py:830} INFO - Processing file /Users/ehabhasan/.venvs/airflow310/lib/python3.10/site-packages/airflow/example_dags/example_kubernetes_executor.py for tasks to queue
[2025-08-19T17:07:45.295+0200] {logging_mixin.py:188} INFO - [2025-08-19T17:07:45.295+0200] {dagbag.py:545} INFO - Filling up the DagBag from /Users/ehabhasan/.venvs/airflow310/lib/python3.10/site-packages/airflow/example_dags/example_kubernetes_executor.py
[2025-08-19T17:07:45.308+0200] {logging_mixin.py:188} INFO - [2025-08-19T17:07:45.308+0200] {example_kubernetes_executor.py:39} WARNING - The example_kubernetes_executor example DAG requires the kubernetes provider. Please install it with: pip install apache-airflow[cncf.kubernetes]
[2025-08-19T17:07:45.308+0200] {processor.py:842} WARNING - No viable dags retrieved from /Users/ehabhasan/.venvs/airflow310/lib/python3.10/site-packages/airflow/example_dags/example_kubernetes_executor.py
[2025-08-19T17:07:45.336+0200] {processor.py:183} INFO - Processing /Users/ehabhasan/.venvs/airflow310/lib/python3.10/site-packages/airflow/example_dags/example_kubernetes_executor.py took 0.043 seconds
[2025-08-19T17:09:36.034+0200] {processor.py:161} INFO - Started process (PID=10217) to work on /Users/ehabhasan/.venvs/airflow310/lib/python3.10/site-packages/airflow/example_dags/example_kubernetes_executor.py
[2025-08-19T17:09:36.034+0200] {processor.py:830} INFO - Processing file /Users/ehabhasan/.venvs/airflow310/lib/python3.10/site-packages/airflow/example_dags/example_kubernetes_executor.py for tasks to queue
[2025-08-19T17:09:36.034+0200] {logging_mixin.py:188} INFO - [2025-08-19T17:09:36.034+0200] {dagbag.py:545} INFO - Filling up the DagBag from /Users/ehabhasan/.venvs/airflow310/lib/python3.10/site-packages/airflow/example_dags/example_kubernetes_executor.py
[2025-08-19T17:09:36.047+0200] {logging_mixin.py:188} INFO - [2025-08-19T17:09:36.047+0200] {example_kubernetes_executor.py:39} WARNING - The example_kubernetes_executor example DAG requires the kubernetes provider. Please install it with: pip install apache-airflow[cncf.kubernetes]
[2025-08-19T17:09:36.047+0200] {processor.py:842} WARNING - No viable dags retrieved from /Users/ehabhasan/.venvs/airflow310/lib/python3.10/site-packages/airflow/example_dags/example_kubernetes_executor.py
[2025-08-19T17:09:36.076+0200] {processor.py:183} INFO - Processing /Users/ehabhasan/.venvs/airflow310/lib/python3.10/site-packages/airflow/example_dags/example_kubernetes_executor.py took 0.044 seconds
[2025-08-19T17:11:18.792+0200] {processor.py:161} INFO - Started process (PID=10313) to work on /Users/ehabhasan/.venvs/airflow310/lib/python3.10/site-packages/airflow/example_dags/example_kubernetes_executor.py
[2025-08-19T17:11:18.793+0200] {processor.py:830} INFO - Processing file /Users/ehabhasan/.venvs/airflow310/lib/python3.10/site-packages/airflow/example_dags/example_kubernetes_executor.py for tasks to queue
[2025-08-19T17:11:18.793+0200] {logging_mixin.py:188} INFO - [2025-08-19T17:11:18.793+0200] {dagbag.py:545} INFO - Filling up the DagBag from /Users/ehabhasan/.venvs/airflow310/lib/python3.10/site-packages/airflow/example_dags/example_kubernetes_executor.py
[2025-08-19T17:11:18.805+0200] {logging_mixin.py:188} INFO - [2025-08-19T17:11:18.805+0200] {example_kubernetes_executor.py:39} WARNING - The example_kubernetes_executor example DAG requires the kubernetes provider. Please install it with: pip install apache-airflow[cncf.kubernetes]
[2025-08-19T17:11:18.805+0200] {processor.py:842} WARNING - No viable dags retrieved from /Users/ehabhasan/.venvs/airflow310/lib/python3.10/site-packages/airflow/example_dags/example_kubernetes_executor.py
[2025-08-19T17:11:18.834+0200] {processor.py:183} INFO - Processing /Users/ehabhasan/.venvs/airflow310/lib/python3.10/site-packages/airflow/example_dags/example_kubernetes_executor.py took 0.043 seconds
[2025-08-19T17:13:12.373+0200] {processor.py:161} INFO - Started process (PID=10408) to work on /Users/ehabhasan/.venvs/airflow310/lib/python3.10/site-packages/airflow/example_dags/example_kubernetes_executor.py
[2025-08-19T17:13:12.373+0200] {processor.py:830} INFO - Processing file /Users/ehabhasan/.venvs/airflow310/lib/python3.10/site-packages/airflow/example_dags/example_kubernetes_executor.py for tasks to queue
[2025-08-19T17:13:12.374+0200] {logging_mixin.py:188} INFO - [2025-08-19T17:13:12.374+0200] {dagbag.py:545} INFO - Filling up the DagBag from /Users/ehabhasan/.venvs/airflow310/lib/python3.10/site-packages/airflow/example_dags/example_kubernetes_executor.py
[2025-08-19T17:13:12.386+0200] {logging_mixin.py:188} INFO - [2025-08-19T17:13:12.386+0200] {example_kubernetes_executor.py:39} WARNING - The example_kubernetes_executor example DAG requires the kubernetes provider. Please install it with: pip install apache-airflow[cncf.kubernetes]
[2025-08-19T17:13:12.386+0200] {processor.py:842} WARNING - No viable dags retrieved from /Users/ehabhasan/.venvs/airflow310/lib/python3.10/site-packages/airflow/example_dags/example_kubernetes_executor.py
[2025-08-19T17:13:12.414+0200] {processor.py:183} INFO - Processing /Users/ehabhasan/.venvs/airflow310/lib/python3.10/site-packages/airflow/example_dags/example_kubernetes_executor.py took 0.043 seconds
[2025-08-19T17:15:05.925+0200] {processor.py:161} INFO - Started process (PID=10642) to work on /Users/ehabhasan/.venvs/airflow310/lib/python3.10/site-packages/airflow/example_dags/example_kubernetes_executor.py
[2025-08-19T17:15:05.926+0200] {processor.py:830} INFO - Processing file /Users/ehabhasan/.venvs/airflow310/lib/python3.10/site-packages/airflow/example_dags/example_kubernetes_executor.py for tasks to queue
[2025-08-19T17:15:05.926+0200] {logging_mixin.py:188} INFO - [2025-08-19T17:15:05.926+0200] {dagbag.py:545} INFO - Filling up the DagBag from /Users/ehabhasan/.venvs/airflow310/lib/python3.10/site-packages/airflow/example_dags/example_kubernetes_executor.py
[2025-08-19T17:15:05.938+0200] {logging_mixin.py:188} INFO - [2025-08-19T17:15:05.938+0200] {example_kubernetes_executor.py:39} WARNING - The example_kubernetes_executor example DAG requires the kubernetes provider. Please install it with: pip install apache-airflow[cncf.kubernetes]
[2025-08-19T17:15:05.938+0200] {processor.py:842} WARNING - No viable dags retrieved from /Users/ehabhasan/.venvs/airflow310/lib/python3.10/site-packages/airflow/example_dags/example_kubernetes_executor.py
[2025-08-19T17:15:05.967+0200] {processor.py:183} INFO - Processing /Users/ehabhasan/.venvs/airflow310/lib/python3.10/site-packages/airflow/example_dags/example_kubernetes_executor.py took 0.043 seconds
[2025-08-19T17:16:57.251+0200] {processor.py:161} INFO - Started process (PID=11414) to work on /Users/ehabhasan/.venvs/airflow310/lib/python3.10/site-packages/airflow/example_dags/example_kubernetes_executor.py
[2025-08-19T17:16:57.251+0200] {processor.py:830} INFO - Processing file /Users/ehabhasan/.venvs/airflow310/lib/python3.10/site-packages/airflow/example_dags/example_kubernetes_executor.py for tasks to queue
[2025-08-19T17:16:57.251+0200] {logging_mixin.py:188} INFO - [2025-08-19T17:16:57.251+0200] {dagbag.py:545} INFO - Filling up the DagBag from /Users/ehabhasan/.venvs/airflow310/lib/python3.10/site-packages/airflow/example_dags/example_kubernetes_executor.py
[2025-08-19T17:16:57.266+0200] {logging_mixin.py:188} INFO - [2025-08-19T17:16:57.266+0200] {example_kubernetes_executor.py:39} WARNING - The example_kubernetes_executor example DAG requires the kubernetes provider. Please install it with: pip install apache-airflow[cncf.kubernetes]
[2025-08-19T17:16:57.266+0200] {processor.py:842} WARNING - No viable dags retrieved from /Users/ehabhasan/.venvs/airflow310/lib/python3.10/site-packages/airflow/example_dags/example_kubernetes_executor.py
[2025-08-19T17:16:57.296+0200] {processor.py:183} INFO - Processing /Users/ehabhasan/.venvs/airflow310/lib/python3.10/site-packages/airflow/example_dags/example_kubernetes_executor.py took 0.048 seconds
[2025-08-19T17:18:44.457+0200] {processor.py:161} INFO - Started process (PID=11509) to work on /Users/ehabhasan/.venvs/airflow310/lib/python3.10/site-packages/airflow/example_dags/example_kubernetes_executor.py
[2025-08-19T17:18:44.458+0200] {processor.py:830} INFO - Processing file /Users/ehabhasan/.venvs/airflow310/lib/python3.10/site-packages/airflow/example_dags/example_kubernetes_executor.py for tasks to queue
[2025-08-19T17:18:44.458+0200] {logging_mixin.py:188} INFO - [2025-08-19T17:18:44.458+0200] {dagbag.py:545} INFO - Filling up the DagBag from /Users/ehabhasan/.venvs/airflow310/lib/python3.10/site-packages/airflow/example_dags/example_kubernetes_executor.py
[2025-08-19T17:18:44.471+0200] {logging_mixin.py:188} INFO - [2025-08-19T17:18:44.471+0200] {example_kubernetes_executor.py:39} WARNING - The example_kubernetes_executor example DAG requires the kubernetes provider. Please install it with: pip install apache-airflow[cncf.kubernetes]
[2025-08-19T17:18:44.471+0200] {processor.py:842} WARNING - No viable dags retrieved from /Users/ehabhasan/.venvs/airflow310/lib/python3.10/site-packages/airflow/example_dags/example_kubernetes_executor.py
[2025-08-19T17:18:44.500+0200] {processor.py:183} INFO - Processing /Users/ehabhasan/.venvs/airflow310/lib/python3.10/site-packages/airflow/example_dags/example_kubernetes_executor.py took 0.044 seconds
[2025-08-19T17:20:29.064+0200] {processor.py:161} INFO - Started process (PID=11609) to work on /Users/ehabhasan/.venvs/airflow310/lib/python3.10/site-packages/airflow/example_dags/example_kubernetes_executor.py
[2025-08-19T17:20:29.065+0200] {processor.py:830} INFO - Processing file /Users/ehabhasan/.venvs/airflow310/lib/python3.10/site-packages/airflow/example_dags/example_kubernetes_executor.py for tasks to queue
[2025-08-19T17:20:29.065+0200] {logging_mixin.py:188} INFO - [2025-08-19T17:20:29.065+0200] {dagbag.py:545} INFO - Filling up the DagBag from /Users/ehabhasan/.venvs/airflow310/lib/python3.10/site-packages/airflow/example_dags/example_kubernetes_executor.py
[2025-08-19T17:20:29.077+0200] {logging_mixin.py:188} INFO - [2025-08-19T17:20:29.077+0200] {example_kubernetes_executor.py:39} WARNING - The example_kubernetes_executor example DAG requires the kubernetes provider. Please install it with: pip install apache-airflow[cncf.kubernetes]
[2025-08-19T17:20:29.077+0200] {processor.py:842} WARNING - No viable dags retrieved from /Users/ehabhasan/.venvs/airflow310/lib/python3.10/site-packages/airflow/example_dags/example_kubernetes_executor.py
[2025-08-19T17:20:29.105+0200] {processor.py:183} INFO - Processing /Users/ehabhasan/.venvs/airflow310/lib/python3.10/site-packages/airflow/example_dags/example_kubernetes_executor.py took 0.043 seconds
[2025-08-19T17:22:19.628+0200] {processor.py:161} INFO - Started process (PID=11681) to work on /Users/ehabhasan/.venvs/airflow310/lib/python3.10/site-packages/airflow/example_dags/example_kubernetes_executor.py
[2025-08-19T17:22:19.628+0200] {processor.py:830} INFO - Processing file /Users/ehabhasan/.venvs/airflow310/lib/python3.10/site-packages/airflow/example_dags/example_kubernetes_executor.py for tasks to queue
[2025-08-19T17:22:19.628+0200] {logging_mixin.py:188} INFO - [2025-08-19T17:22:19.628+0200] {dagbag.py:545} INFO - Filling up the DagBag from /Users/ehabhasan/.venvs/airflow310/lib/python3.10/site-packages/airflow/example_dags/example_kubernetes_executor.py
[2025-08-19T17:22:19.640+0200] {logging_mixin.py:188} INFO - [2025-08-19T17:22:19.640+0200] {example_kubernetes_executor.py:39} WARNING - The example_kubernetes_executor example DAG requires the kubernetes provider. Please install it with: pip install apache-airflow[cncf.kubernetes]
[2025-08-19T17:22:19.641+0200] {processor.py:842} WARNING - No viable dags retrieved from /Users/ehabhasan/.venvs/airflow310/lib/python3.10/site-packages/airflow/example_dags/example_kubernetes_executor.py
[2025-08-19T17:22:19.670+0200] {processor.py:183} INFO - Processing /Users/ehabhasan/.venvs/airflow310/lib/python3.10/site-packages/airflow/example_dags/example_kubernetes_executor.py took 0.044 seconds
[2025-08-19T17:24:05.427+0200] {processor.py:161} INFO - Started process (PID=11758) to work on /Users/ehabhasan/.venvs/airflow310/lib/python3.10/site-packages/airflow/example_dags/example_kubernetes_executor.py
[2025-08-19T17:24:05.428+0200] {processor.py:830} INFO - Processing file /Users/ehabhasan/.venvs/airflow310/lib/python3.10/site-packages/airflow/example_dags/example_kubernetes_executor.py for tasks to queue
[2025-08-19T17:24:05.428+0200] {logging_mixin.py:188} INFO - [2025-08-19T17:24:05.428+0200] {dagbag.py:545} INFO - Filling up the DagBag from /Users/ehabhasan/.venvs/airflow310/lib/python3.10/site-packages/airflow/example_dags/example_kubernetes_executor.py
[2025-08-19T17:24:05.441+0200] {logging_mixin.py:188} INFO - [2025-08-19T17:24:05.440+0200] {example_kubernetes_executor.py:39} WARNING - The example_kubernetes_executor example DAG requires the kubernetes provider. Please install it with: pip install apache-airflow[cncf.kubernetes]
[2025-08-19T17:24:05.441+0200] {processor.py:842} WARNING - No viable dags retrieved from /Users/ehabhasan/.venvs/airflow310/lib/python3.10/site-packages/airflow/example_dags/example_kubernetes_executor.py
[2025-08-19T17:24:05.471+0200] {processor.py:183} INFO - Processing /Users/ehabhasan/.venvs/airflow310/lib/python3.10/site-packages/airflow/example_dags/example_kubernetes_executor.py took 0.046 seconds
[2025-08-19T17:25:52.251+0200] {processor.py:161} INFO - Started process (PID=11841) to work on /Users/ehabhasan/.venvs/airflow310/lib/python3.10/site-packages/airflow/example_dags/example_kubernetes_executor.py
[2025-08-19T17:25:52.252+0200] {processor.py:830} INFO - Processing file /Users/ehabhasan/.venvs/airflow310/lib/python3.10/site-packages/airflow/example_dags/example_kubernetes_executor.py for tasks to queue
[2025-08-19T17:25:52.252+0200] {logging_mixin.py:188} INFO - [2025-08-19T17:25:52.252+0200] {dagbag.py:545} INFO - Filling up the DagBag from /Users/ehabhasan/.venvs/airflow310/lib/python3.10/site-packages/airflow/example_dags/example_kubernetes_executor.py
[2025-08-19T17:25:52.265+0200] {logging_mixin.py:188} INFO - [2025-08-19T17:25:52.265+0200] {example_kubernetes_executor.py:39} WARNING - The example_kubernetes_executor example DAG requires the kubernetes provider. Please install it with: pip install apache-airflow[cncf.kubernetes]
[2025-08-19T17:25:52.265+0200] {processor.py:842} WARNING - No viable dags retrieved from /Users/ehabhasan/.venvs/airflow310/lib/python3.10/site-packages/airflow/example_dags/example_kubernetes_executor.py
[2025-08-19T17:25:52.297+0200] {processor.py:183} INFO - Processing /Users/ehabhasan/.venvs/airflow310/lib/python3.10/site-packages/airflow/example_dags/example_kubernetes_executor.py took 0.047 seconds
[2025-08-19T17:27:42.662+0200] {processor.py:161} INFO - Started process (PID=11923) to work on /Users/ehabhasan/.venvs/airflow310/lib/python3.10/site-packages/airflow/example_dags/example_kubernetes_executor.py
[2025-08-19T17:27:42.663+0200] {processor.py:830} INFO - Processing file /Users/ehabhasan/.venvs/airflow310/lib/python3.10/site-packages/airflow/example_dags/example_kubernetes_executor.py for tasks to queue
[2025-08-19T17:27:42.663+0200] {logging_mixin.py:188} INFO - [2025-08-19T17:27:42.663+0200] {dagbag.py:545} INFO - Filling up the DagBag from /Users/ehabhasan/.venvs/airflow310/lib/python3.10/site-packages/airflow/example_dags/example_kubernetes_executor.py
[2025-08-19T17:27:42.676+0200] {logging_mixin.py:188} INFO - [2025-08-19T17:27:42.676+0200] {example_kubernetes_executor.py:39} WARNING - The example_kubernetes_executor example DAG requires the kubernetes provider. Please install it with: pip install apache-airflow[cncf.kubernetes]
[2025-08-19T17:27:42.676+0200] {processor.py:842} WARNING - No viable dags retrieved from /Users/ehabhasan/.venvs/airflow310/lib/python3.10/site-packages/airflow/example_dags/example_kubernetes_executor.py
[2025-08-19T17:27:42.704+0200] {processor.py:183} INFO - Processing /Users/ehabhasan/.venvs/airflow310/lib/python3.10/site-packages/airflow/example_dags/example_kubernetes_executor.py took 0.044 seconds
[2025-08-19T17:29:33.153+0200] {processor.py:161} INFO - Started process (PID=12010) to work on /Users/ehabhasan/.venvs/airflow310/lib/python3.10/site-packages/airflow/example_dags/example_kubernetes_executor.py
[2025-08-19T17:29:33.153+0200] {processor.py:830} INFO - Processing file /Users/ehabhasan/.venvs/airflow310/lib/python3.10/site-packages/airflow/example_dags/example_kubernetes_executor.py for tasks to queue
[2025-08-19T17:29:33.154+0200] {logging_mixin.py:188} INFO - [2025-08-19T17:29:33.154+0200] {dagbag.py:545} INFO - Filling up the DagBag from /Users/ehabhasan/.venvs/airflow310/lib/python3.10/site-packages/airflow/example_dags/example_kubernetes_executor.py
[2025-08-19T17:29:33.166+0200] {logging_mixin.py:188} INFO - [2025-08-19T17:29:33.166+0200] {example_kubernetes_executor.py:39} WARNING - The example_kubernetes_executor example DAG requires the kubernetes provider. Please install it with: pip install apache-airflow[cncf.kubernetes]
[2025-08-19T17:29:33.166+0200] {processor.py:842} WARNING - No viable dags retrieved from /Users/ehabhasan/.venvs/airflow310/lib/python3.10/site-packages/airflow/example_dags/example_kubernetes_executor.py
[2025-08-19T17:29:33.196+0200] {processor.py:183} INFO - Processing /Users/ehabhasan/.venvs/airflow310/lib/python3.10/site-packages/airflow/example_dags/example_kubernetes_executor.py took 0.044 seconds
[2025-08-19T17:31:22.942+0200] {processor.py:161} INFO - Started process (PID=13935) to work on /Users/ehabhasan/.venvs/airflow310/lib/python3.10/site-packages/airflow/example_dags/example_kubernetes_executor.py
[2025-08-19T17:31:22.943+0200] {processor.py:830} INFO - Processing file /Users/ehabhasan/.venvs/airflow310/lib/python3.10/site-packages/airflow/example_dags/example_kubernetes_executor.py for tasks to queue
[2025-08-19T17:31:22.943+0200] {logging_mixin.py:188} INFO - [2025-08-19T17:31:22.943+0200] {dagbag.py:545} INFO - Filling up the DagBag from /Users/ehabhasan/.venvs/airflow310/lib/python3.10/site-packages/airflow/example_dags/example_kubernetes_executor.py
[2025-08-19T17:31:22.956+0200] {logging_mixin.py:188} INFO - [2025-08-19T17:31:22.955+0200] {example_kubernetes_executor.py:39} WARNING - The example_kubernetes_executor example DAG requires the kubernetes provider. Please install it with: pip install apache-airflow[cncf.kubernetes]
[2025-08-19T17:31:22.956+0200] {processor.py:842} WARNING - No viable dags retrieved from /Users/ehabhasan/.venvs/airflow310/lib/python3.10/site-packages/airflow/example_dags/example_kubernetes_executor.py
[2025-08-19T17:31:22.985+0200] {processor.py:183} INFO - Processing /Users/ehabhasan/.venvs/airflow310/lib/python3.10/site-packages/airflow/example_dags/example_kubernetes_executor.py took 0.045 seconds
[2025-08-19T17:33:15.636+0200] {processor.py:161} INFO - Started process (PID=14191) to work on /Users/ehabhasan/.venvs/airflow310/lib/python3.10/site-packages/airflow/example_dags/example_kubernetes_executor.py
[2025-08-19T17:33:15.637+0200] {processor.py:830} INFO - Processing file /Users/ehabhasan/.venvs/airflow310/lib/python3.10/site-packages/airflow/example_dags/example_kubernetes_executor.py for tasks to queue
[2025-08-19T17:33:15.637+0200] {logging_mixin.py:188} INFO - [2025-08-19T17:33:15.637+0200] {dagbag.py:545} INFO - Filling up the DagBag from /Users/ehabhasan/.venvs/airflow310/lib/python3.10/site-packages/airflow/example_dags/example_kubernetes_executor.py
[2025-08-19T17:33:15.649+0200] {logging_mixin.py:188} INFO - [2025-08-19T17:33:15.649+0200] {example_kubernetes_executor.py:39} WARNING - The example_kubernetes_executor example DAG requires the kubernetes provider. Please install it with: pip install apache-airflow[cncf.kubernetes]
[2025-08-19T17:33:15.650+0200] {processor.py:842} WARNING - No viable dags retrieved from /Users/ehabhasan/.venvs/airflow310/lib/python3.10/site-packages/airflow/example_dags/example_kubernetes_executor.py
[2025-08-19T17:33:15.678+0200] {processor.py:183} INFO - Processing /Users/ehabhasan/.venvs/airflow310/lib/python3.10/site-packages/airflow/example_dags/example_kubernetes_executor.py took 0.044 seconds
[2025-08-19T17:35:00.315+0200] {processor.py:161} INFO - Started process (PID=14285) to work on /Users/ehabhasan/.venvs/airflow310/lib/python3.10/site-packages/airflow/example_dags/example_kubernetes_executor.py
[2025-08-19T17:35:00.315+0200] {processor.py:830} INFO - Processing file /Users/ehabhasan/.venvs/airflow310/lib/python3.10/site-packages/airflow/example_dags/example_kubernetes_executor.py for tasks to queue
[2025-08-19T17:35:00.315+0200] {logging_mixin.py:188} INFO - [2025-08-19T17:35:00.315+0200] {dagbag.py:545} INFO - Filling up the DagBag from /Users/ehabhasan/.venvs/airflow310/lib/python3.10/site-packages/airflow/example_dags/example_kubernetes_executor.py
[2025-08-19T17:35:00.328+0200] {logging_mixin.py:188} INFO - [2025-08-19T17:35:00.327+0200] {example_kubernetes_executor.py:39} WARNING - The example_kubernetes_executor example DAG requires the kubernetes provider. Please install it with: pip install apache-airflow[cncf.kubernetes]
[2025-08-19T17:35:00.328+0200] {processor.py:842} WARNING - No viable dags retrieved from /Users/ehabhasan/.venvs/airflow310/lib/python3.10/site-packages/airflow/example_dags/example_kubernetes_executor.py
[2025-08-19T17:35:00.357+0200] {processor.py:183} INFO - Processing /Users/ehabhasan/.venvs/airflow310/lib/python3.10/site-packages/airflow/example_dags/example_kubernetes_executor.py took 0.043 seconds
[2025-08-19T17:36:55.670+0200] {processor.py:161} INFO - Started process (PID=14509) to work on /Users/ehabhasan/.venvs/airflow310/lib/python3.10/site-packages/airflow/example_dags/example_kubernetes_executor.py
[2025-08-19T17:36:55.671+0200] {processor.py:830} INFO - Processing file /Users/ehabhasan/.venvs/airflow310/lib/python3.10/site-packages/airflow/example_dags/example_kubernetes_executor.py for tasks to queue
[2025-08-19T17:36:55.671+0200] {logging_mixin.py:188} INFO - [2025-08-19T17:36:55.671+0200] {dagbag.py:545} INFO - Filling up the DagBag from /Users/ehabhasan/.venvs/airflow310/lib/python3.10/site-packages/airflow/example_dags/example_kubernetes_executor.py
[2025-08-19T17:36:55.684+0200] {logging_mixin.py:188} INFO - [2025-08-19T17:36:55.683+0200] {example_kubernetes_executor.py:39} WARNING - The example_kubernetes_executor example DAG requires the kubernetes provider. Please install it with: pip install apache-airflow[cncf.kubernetes]
[2025-08-19T17:36:55.684+0200] {processor.py:842} WARNING - No viable dags retrieved from /Users/ehabhasan/.venvs/airflow310/lib/python3.10/site-packages/airflow/example_dags/example_kubernetes_executor.py
[2025-08-19T17:36:55.713+0200] {processor.py:183} INFO - Processing /Users/ehabhasan/.venvs/airflow310/lib/python3.10/site-packages/airflow/example_dags/example_kubernetes_executor.py took 0.044 seconds
[2025-08-19T17:38:54.784+0200] {processor.py:161} INFO - Started process (PID=14738) to work on /Users/ehabhasan/.venvs/airflow310/lib/python3.10/site-packages/airflow/example_dags/example_kubernetes_executor.py
[2025-08-19T17:38:54.785+0200] {processor.py:830} INFO - Processing file /Users/ehabhasan/.venvs/airflow310/lib/python3.10/site-packages/airflow/example_dags/example_kubernetes_executor.py for tasks to queue
[2025-08-19T17:38:54.785+0200] {logging_mixin.py:188} INFO - [2025-08-19T17:38:54.785+0200] {dagbag.py:545} INFO - Filling up the DagBag from /Users/ehabhasan/.venvs/airflow310/lib/python3.10/site-packages/airflow/example_dags/example_kubernetes_executor.py
[2025-08-19T17:38:54.798+0200] {logging_mixin.py:188} INFO - [2025-08-19T17:38:54.798+0200] {example_kubernetes_executor.py:39} WARNING - The example_kubernetes_executor example DAG requires the kubernetes provider. Please install it with: pip install apache-airflow[cncf.kubernetes]
[2025-08-19T17:38:54.798+0200] {processor.py:842} WARNING - No viable dags retrieved from /Users/ehabhasan/.venvs/airflow310/lib/python3.10/site-packages/airflow/example_dags/example_kubernetes_executor.py
[2025-08-19T17:38:54.827+0200] {processor.py:183} INFO - Processing /Users/ehabhasan/.venvs/airflow310/lib/python3.10/site-packages/airflow/example_dags/example_kubernetes_executor.py took 0.044 seconds
[2025-08-19T17:44:34.459+0200] {processor.py:161} INFO - Started process (PID=14902) to work on /Users/ehabhasan/.venvs/airflow310/lib/python3.10/site-packages/airflow/example_dags/example_kubernetes_executor.py
[2025-08-19T17:44:34.459+0200] {processor.py:830} INFO - Processing file /Users/ehabhasan/.venvs/airflow310/lib/python3.10/site-packages/airflow/example_dags/example_kubernetes_executor.py for tasks to queue
[2025-08-19T17:44:34.460+0200] {logging_mixin.py:188} INFO - [2025-08-19T17:44:34.459+0200] {dagbag.py:545} INFO - Filling up the DagBag from /Users/ehabhasan/.venvs/airflow310/lib/python3.10/site-packages/airflow/example_dags/example_kubernetes_executor.py
[2025-08-19T17:44:34.473+0200] {logging_mixin.py:188} INFO - [2025-08-19T17:44:34.472+0200] {example_kubernetes_executor.py:39} WARNING - The example_kubernetes_executor example DAG requires the kubernetes provider. Please install it with: pip install apache-airflow[cncf.kubernetes]
[2025-08-19T17:44:34.473+0200] {processor.py:842} WARNING - No viable dags retrieved from /Users/ehabhasan/.venvs/airflow310/lib/python3.10/site-packages/airflow/example_dags/example_kubernetes_executor.py
[2025-08-19T17:44:34.502+0200] {processor.py:183} INFO - Processing /Users/ehabhasan/.venvs/airflow310/lib/python3.10/site-packages/airflow/example_dags/example_kubernetes_executor.py took 0.045 seconds
[2025-08-19T17:46:33.271+0200] {processor.py:161} INFO - Started process (PID=15023) to work on /Users/ehabhasan/.venvs/airflow310/lib/python3.10/site-packages/airflow/example_dags/example_kubernetes_executor.py
[2025-08-19T17:46:33.272+0200] {processor.py:830} INFO - Processing file /Users/ehabhasan/.venvs/airflow310/lib/python3.10/site-packages/airflow/example_dags/example_kubernetes_executor.py for tasks to queue
[2025-08-19T17:46:33.272+0200] {logging_mixin.py:188} INFO - [2025-08-19T17:46:33.272+0200] {dagbag.py:545} INFO - Filling up the DagBag from /Users/ehabhasan/.venvs/airflow310/lib/python3.10/site-packages/airflow/example_dags/example_kubernetes_executor.py
[2025-08-19T17:46:33.284+0200] {logging_mixin.py:188} INFO - [2025-08-19T17:46:33.284+0200] {example_kubernetes_executor.py:39} WARNING - The example_kubernetes_executor example DAG requires the kubernetes provider. Please install it with: pip install apache-airflow[cncf.kubernetes]
[2025-08-19T17:46:33.284+0200] {processor.py:842} WARNING - No viable dags retrieved from /Users/ehabhasan/.venvs/airflow310/lib/python3.10/site-packages/airflow/example_dags/example_kubernetes_executor.py
[2025-08-19T17:46:33.313+0200] {processor.py:183} INFO - Processing /Users/ehabhasan/.venvs/airflow310/lib/python3.10/site-packages/airflow/example_dags/example_kubernetes_executor.py took 0.043 seconds
[2025-08-19T17:48:32.437+0200] {processor.py:161} INFO - Started process (PID=15115) to work on /Users/ehabhasan/.venvs/airflow310/lib/python3.10/site-packages/airflow/example_dags/example_kubernetes_executor.py
[2025-08-19T17:48:32.437+0200] {processor.py:830} INFO - Processing file /Users/ehabhasan/.venvs/airflow310/lib/python3.10/site-packages/airflow/example_dags/example_kubernetes_executor.py for tasks to queue
[2025-08-19T17:48:32.438+0200] {logging_mixin.py:188} INFO - [2025-08-19T17:48:32.438+0200] {dagbag.py:545} INFO - Filling up the DagBag from /Users/ehabhasan/.venvs/airflow310/lib/python3.10/site-packages/airflow/example_dags/example_kubernetes_executor.py
[2025-08-19T17:48:32.450+0200] {logging_mixin.py:188} INFO - [2025-08-19T17:48:32.450+0200] {example_kubernetes_executor.py:39} WARNING - The example_kubernetes_executor example DAG requires the kubernetes provider. Please install it with: pip install apache-airflow[cncf.kubernetes]
[2025-08-19T17:48:32.450+0200] {processor.py:842} WARNING - No viable dags retrieved from /Users/ehabhasan/.venvs/airflow310/lib/python3.10/site-packages/airflow/example_dags/example_kubernetes_executor.py
[2025-08-19T17:48:32.479+0200] {processor.py:183} INFO - Processing /Users/ehabhasan/.venvs/airflow310/lib/python3.10/site-packages/airflow/example_dags/example_kubernetes_executor.py took 0.044 seconds
