[2025-08-19T16:48:13.221+0200] {processor.py:161} INFO - Started process (PID=7632) to work on /Users/ehabhasan/.venvs/airflow310/lib/python3.10/site-packages/airflow/example_dags/example_task_group_decorator.py
[2025-08-19T16:48:13.221+0200] {processor.py:830} INFO - Processing file /Users/ehabhasan/.venvs/airflow310/lib/python3.10/site-packages/airflow/example_dags/example_task_group_decorator.py for tasks to queue
[2025-08-19T16:48:13.221+0200] {logging_mixin.py:188} INFO - [2025-08-19T16:48:13.221+0200] {dagbag.py:545} INFO - Filling up the DagBag from /Users/ehabhasan/.venvs/airflow310/lib/python3.10/site-packages/airflow/example_dags/example_task_group_decorator.py
[2025-08-19T16:48:13.238+0200] {processor.py:840} INFO - DAG(s) 'example_task_group_decorator' retrieved from /Users/ehabhasan/.venvs/airflow310/lib/python3.10/site-packages/airflow/example_dags/example_task_group_decorator.py
[2025-08-19T16:48:13.243+0200] {logging_mixin.py:188} INFO - [2025-08-19T16:48:13.243+0200] {dag.py:3089} INFO - Sync 1 DAGs
[2025-08-19T16:48:13.296+0200] {logging_mixin.py:188} INFO - [2025-08-19T16:48:13.296+0200] {dag.py:3947} INFO - Setting next_dagrun for example_task_group_decorator to 2025-08-18 00:00:00+00:00, run_after=2025-08-19 00:00:00+00:00
[2025-08-19T16:48:13.303+0200] {processor.py:183} INFO - Processing /Users/ehabhasan/.venvs/airflow310/lib/python3.10/site-packages/airflow/example_dags/example_task_group_decorator.py took 0.084 seconds
[2025-08-19T16:49:33.238+0200] {processor.py:161} INFO - Started process (PID=7691) to work on /Users/ehabhasan/.venvs/airflow310/lib/python3.10/site-packages/airflow/example_dags/example_task_group_decorator.py
[2025-08-19T16:49:33.239+0200] {processor.py:830} INFO - Processing file /Users/ehabhasan/.venvs/airflow310/lib/python3.10/site-packages/airflow/example_dags/example_task_group_decorator.py for tasks to queue
[2025-08-19T16:49:33.239+0200] {logging_mixin.py:188} INFO - [2025-08-19T16:49:33.239+0200] {dagbag.py:545} INFO - Filling up the DagBag from /Users/ehabhasan/.venvs/airflow310/lib/python3.10/site-packages/airflow/example_dags/example_task_group_decorator.py
[2025-08-19T16:49:33.255+0200] {processor.py:840} INFO - DAG(s) 'example_task_group_decorator' retrieved from /Users/ehabhasan/.venvs/airflow310/lib/python3.10/site-packages/airflow/example_dags/example_task_group_decorator.py
[2025-08-19T16:49:33.338+0200] {logging_mixin.py:188} INFO - [2025-08-19T16:49:33.338+0200] {dag.py:3089} INFO - Sync 1 DAGs
[2025-08-19T16:49:33.343+0200] {logging_mixin.py:188} INFO - [2025-08-19T16:49:33.343+0200] {dag.py:3947} INFO - Setting next_dagrun for example_task_group_decorator to 2025-08-18 00:00:00+00:00, run_after=2025-08-19 00:00:00+00:00
[2025-08-19T16:49:33.350+0200] {processor.py:183} INFO - Processing /Users/ehabhasan/.venvs/airflow310/lib/python3.10/site-packages/airflow/example_dags/example_task_group_decorator.py took 0.114 seconds
[2025-08-19T16:51:04.179+0200] {processor.py:161} INFO - Started process (PID=7761) to work on /Users/ehabhasan/.venvs/airflow310/lib/python3.10/site-packages/airflow/example_dags/example_task_group_decorator.py
[2025-08-19T16:51:04.180+0200] {processor.py:830} INFO - Processing file /Users/ehabhasan/.venvs/airflow310/lib/python3.10/site-packages/airflow/example_dags/example_task_group_decorator.py for tasks to queue
[2025-08-19T16:51:04.181+0200] {logging_mixin.py:188} INFO - [2025-08-19T16:51:04.181+0200] {dagbag.py:545} INFO - Filling up the DagBag from /Users/ehabhasan/.venvs/airflow310/lib/python3.10/site-packages/airflow/example_dags/example_task_group_decorator.py
[2025-08-19T16:51:04.196+0200] {processor.py:840} INFO - DAG(s) 'example_task_group_decorator' retrieved from /Users/ehabhasan/.venvs/airflow310/lib/python3.10/site-packages/airflow/example_dags/example_task_group_decorator.py
[2025-08-19T16:51:04.232+0200] {logging_mixin.py:188} INFO - [2025-08-19T16:51:04.232+0200] {dag.py:3089} INFO - Sync 1 DAGs
[2025-08-19T16:51:04.257+0200] {logging_mixin.py:188} INFO - [2025-08-19T16:51:04.257+0200] {dag.py:3947} INFO - Setting next_dagrun for example_task_group_decorator to 2025-08-18 00:00:00+00:00, run_after=2025-08-19 00:00:00+00:00
[2025-08-19T16:51:04.264+0200] {processor.py:183} INFO - Processing /Users/ehabhasan/.venvs/airflow310/lib/python3.10/site-packages/airflow/example_dags/example_task_group_decorator.py took 0.086 seconds
[2025-08-19T16:52:44.656+0200] {processor.py:161} INFO - Started process (PID=7831) to work on /Users/ehabhasan/.venvs/airflow310/lib/python3.10/site-packages/airflow/example_dags/example_task_group_decorator.py
[2025-08-19T16:52:44.657+0200] {processor.py:830} INFO - Processing file /Users/ehabhasan/.venvs/airflow310/lib/python3.10/site-packages/airflow/example_dags/example_task_group_decorator.py for tasks to queue
[2025-08-19T16:52:44.657+0200] {logging_mixin.py:188} INFO - [2025-08-19T16:52:44.657+0200] {dagbag.py:545} INFO - Filling up the DagBag from /Users/ehabhasan/.venvs/airflow310/lib/python3.10/site-packages/airflow/example_dags/example_task_group_decorator.py
[2025-08-19T16:52:44.672+0200] {processor.py:840} INFO - DAG(s) 'example_task_group_decorator' retrieved from /Users/ehabhasan/.venvs/airflow310/lib/python3.10/site-packages/airflow/example_dags/example_task_group_decorator.py
[2025-08-19T16:52:44.709+0200] {logging_mixin.py:188} INFO - [2025-08-19T16:52:44.709+0200] {dag.py:3089} INFO - Sync 1 DAGs
[2025-08-19T16:52:44.734+0200] {logging_mixin.py:188} INFO - [2025-08-19T16:52:44.734+0200] {dag.py:3947} INFO - Setting next_dagrun for example_task_group_decorator to 2025-08-18 00:00:00+00:00, run_after=2025-08-19 00:00:00+00:00
[2025-08-19T16:52:44.740+0200] {processor.py:183} INFO - Processing /Users/ehabhasan/.venvs/airflow310/lib/python3.10/site-packages/airflow/example_dags/example_task_group_decorator.py took 0.086 seconds
[2025-08-19T16:54:20.788+0200] {processor.py:161} INFO - Started process (PID=7934) to work on /Users/ehabhasan/.venvs/airflow310/lib/python3.10/site-packages/airflow/example_dags/example_task_group_decorator.py
[2025-08-19T16:54:20.789+0200] {processor.py:830} INFO - Processing file /Users/ehabhasan/.venvs/airflow310/lib/python3.10/site-packages/airflow/example_dags/example_task_group_decorator.py for tasks to queue
[2025-08-19T16:54:20.789+0200] {logging_mixin.py:188} INFO - [2025-08-19T16:54:20.789+0200] {dagbag.py:545} INFO - Filling up the DagBag from /Users/ehabhasan/.venvs/airflow310/lib/python3.10/site-packages/airflow/example_dags/example_task_group_decorator.py
[2025-08-19T16:54:20.805+0200] {processor.py:840} INFO - DAG(s) 'example_task_group_decorator' retrieved from /Users/ehabhasan/.venvs/airflow310/lib/python3.10/site-packages/airflow/example_dags/example_task_group_decorator.py
[2025-08-19T16:54:20.842+0200] {logging_mixin.py:188} INFO - [2025-08-19T16:54:20.841+0200] {dag.py:3089} INFO - Sync 1 DAGs
[2025-08-19T16:54:20.867+0200] {logging_mixin.py:188} INFO - [2025-08-19T16:54:20.867+0200] {dag.py:3947} INFO - Setting next_dagrun for example_task_group_decorator to 2025-08-18 00:00:00+00:00, run_after=2025-08-19 00:00:00+00:00
[2025-08-19T16:54:20.874+0200] {processor.py:183} INFO - Processing /Users/ehabhasan/.venvs/airflow310/lib/python3.10/site-packages/airflow/example_dags/example_task_group_decorator.py took 0.088 seconds
[2025-08-19T16:55:58.888+0200] {processor.py:161} INFO - Started process (PID=8014) to work on /Users/ehabhasan/.venvs/airflow310/lib/python3.10/site-packages/airflow/example_dags/example_task_group_decorator.py
[2025-08-19T16:55:58.889+0200] {processor.py:830} INFO - Processing file /Users/ehabhasan/.venvs/airflow310/lib/python3.10/site-packages/airflow/example_dags/example_task_group_decorator.py for tasks to queue
[2025-08-19T16:55:58.889+0200] {logging_mixin.py:188} INFO - [2025-08-19T16:55:58.889+0200] {dagbag.py:545} INFO - Filling up the DagBag from /Users/ehabhasan/.venvs/airflow310/lib/python3.10/site-packages/airflow/example_dags/example_task_group_decorator.py
[2025-08-19T16:55:58.905+0200] {processor.py:840} INFO - DAG(s) 'example_task_group_decorator' retrieved from /Users/ehabhasan/.venvs/airflow310/lib/python3.10/site-packages/airflow/example_dags/example_task_group_decorator.py
[2025-08-19T16:55:58.941+0200] {logging_mixin.py:188} INFO - [2025-08-19T16:55:58.941+0200] {dag.py:3089} INFO - Sync 1 DAGs
[2025-08-19T16:55:58.967+0200] {logging_mixin.py:188} INFO - [2025-08-19T16:55:58.967+0200] {dag.py:3947} INFO - Setting next_dagrun for example_task_group_decorator to 2025-08-18 00:00:00+00:00, run_after=2025-08-19 00:00:00+00:00
[2025-08-19T16:55:58.973+0200] {processor.py:183} INFO - Processing /Users/ehabhasan/.venvs/airflow310/lib/python3.10/site-packages/airflow/example_dags/example_task_group_decorator.py took 0.086 seconds
[2025-08-19T16:57:45.278+0200] {processor.py:161} INFO - Started process (PID=8089) to work on /Users/ehabhasan/.venvs/airflow310/lib/python3.10/site-packages/airflow/example_dags/example_task_group_decorator.py
[2025-08-19T16:57:45.279+0200] {processor.py:830} INFO - Processing file /Users/ehabhasan/.venvs/airflow310/lib/python3.10/site-packages/airflow/example_dags/example_task_group_decorator.py for tasks to queue
[2025-08-19T16:57:45.279+0200] {logging_mixin.py:188} INFO - [2025-08-19T16:57:45.279+0200] {dagbag.py:545} INFO - Filling up the DagBag from /Users/ehabhasan/.venvs/airflow310/lib/python3.10/site-packages/airflow/example_dags/example_task_group_decorator.py
[2025-08-19T16:57:45.295+0200] {processor.py:840} INFO - DAG(s) 'example_task_group_decorator' retrieved from /Users/ehabhasan/.venvs/airflow310/lib/python3.10/site-packages/airflow/example_dags/example_task_group_decorator.py
[2025-08-19T16:57:45.331+0200] {logging_mixin.py:188} INFO - [2025-08-19T16:57:45.331+0200] {dag.py:3089} INFO - Sync 1 DAGs
[2025-08-19T16:57:45.356+0200] {logging_mixin.py:188} INFO - [2025-08-19T16:57:45.356+0200] {dag.py:3947} INFO - Setting next_dagrun for example_task_group_decorator to 2025-08-18 00:00:00+00:00, run_after=2025-08-19 00:00:00+00:00
[2025-08-19T16:57:45.363+0200] {processor.py:183} INFO - Processing /Users/ehabhasan/.venvs/airflow310/lib/python3.10/site-packages/airflow/example_dags/example_task_group_decorator.py took 0.086 seconds
[2025-08-19T16:59:51.589+0200] {processor.py:161} INFO - Started process (PID=8186) to work on /Users/ehabhasan/.venvs/airflow310/lib/python3.10/site-packages/airflow/example_dags/example_task_group_decorator.py
[2025-08-19T16:59:51.590+0200] {processor.py:830} INFO - Processing file /Users/ehabhasan/.venvs/airflow310/lib/python3.10/site-packages/airflow/example_dags/example_task_group_decorator.py for tasks to queue
[2025-08-19T16:59:51.590+0200] {logging_mixin.py:188} INFO - [2025-08-19T16:59:51.590+0200] {dagbag.py:545} INFO - Filling up the DagBag from /Users/ehabhasan/.venvs/airflow310/lib/python3.10/site-packages/airflow/example_dags/example_task_group_decorator.py
[2025-08-19T16:59:51.607+0200] {processor.py:840} INFO - DAG(s) 'example_task_group_decorator' retrieved from /Users/ehabhasan/.venvs/airflow310/lib/python3.10/site-packages/airflow/example_dags/example_task_group_decorator.py
[2025-08-19T16:59:51.646+0200] {logging_mixin.py:188} INFO - [2025-08-19T16:59:51.646+0200] {dag.py:3089} INFO - Sync 1 DAGs
[2025-08-19T16:59:51.672+0200] {logging_mixin.py:188} INFO - [2025-08-19T16:59:51.672+0200] {dag.py:3947} INFO - Setting next_dagrun for example_task_group_decorator to 2025-08-18 00:00:00+00:00, run_after=2025-08-19 00:00:00+00:00
[2025-08-19T16:59:51.679+0200] {processor.py:183} INFO - Processing /Users/ehabhasan/.venvs/airflow310/lib/python3.10/site-packages/airflow/example_dags/example_task_group_decorator.py took 0.092 seconds
[2025-08-19T17:00:48.153+0200] {processor.py:161} INFO - Started process (PID=8241) to work on /Users/ehabhasan/.venvs/airflow310/lib/python3.10/site-packages/airflow/example_dags/example_task_group_decorator.py
[2025-08-19T17:00:48.153+0200] {processor.py:830} INFO - Processing file /Users/ehabhasan/.venvs/airflow310/lib/python3.10/site-packages/airflow/example_dags/example_task_group_decorator.py for tasks to queue
[2025-08-19T17:00:48.154+0200] {logging_mixin.py:188} INFO - [2025-08-19T17:00:48.153+0200] {dagbag.py:545} INFO - Filling up the DagBag from /Users/ehabhasan/.venvs/airflow310/lib/python3.10/site-packages/airflow/example_dags/example_task_group_decorator.py
[2025-08-19T17:00:48.169+0200] {processor.py:840} INFO - DAG(s) 'example_task_group_decorator' retrieved from /Users/ehabhasan/.venvs/airflow310/lib/python3.10/site-packages/airflow/example_dags/example_task_group_decorator.py
[2025-08-19T17:00:48.205+0200] {logging_mixin.py:188} INFO - [2025-08-19T17:00:48.205+0200] {dag.py:3089} INFO - Sync 1 DAGs
[2025-08-19T17:00:48.230+0200] {logging_mixin.py:188} INFO - [2025-08-19T17:00:48.230+0200] {dag.py:3947} INFO - Setting next_dagrun for example_task_group_decorator to 2025-08-18 00:00:00+00:00, run_after=2025-08-19 00:00:00+00:00
[2025-08-19T17:00:48.237+0200] {processor.py:183} INFO - Processing /Users/ehabhasan/.venvs/airflow310/lib/python3.10/site-packages/airflow/example_dags/example_task_group_decorator.py took 0.086 seconds
[2025-08-19T17:01:42.922+0200] {processor.py:161} INFO - Started process (PID=8286) to work on /Users/ehabhasan/.venvs/airflow310/lib/python3.10/site-packages/airflow/example_dags/example_task_group_decorator.py
[2025-08-19T17:01:42.922+0200] {processor.py:830} INFO - Processing file /Users/ehabhasan/.venvs/airflow310/lib/python3.10/site-packages/airflow/example_dags/example_task_group_decorator.py for tasks to queue
[2025-08-19T17:01:42.923+0200] {logging_mixin.py:188} INFO - [2025-08-19T17:01:42.923+0200] {dagbag.py:545} INFO - Filling up the DagBag from /Users/ehabhasan/.venvs/airflow310/lib/python3.10/site-packages/airflow/example_dags/example_task_group_decorator.py
[2025-08-19T17:01:42.938+0200] {processor.py:840} INFO - DAG(s) 'example_task_group_decorator' retrieved from /Users/ehabhasan/.venvs/airflow310/lib/python3.10/site-packages/airflow/example_dags/example_task_group_decorator.py
[2025-08-19T17:01:42.977+0200] {logging_mixin.py:188} INFO - [2025-08-19T17:01:42.977+0200] {dag.py:3089} INFO - Sync 1 DAGs
[2025-08-19T17:01:43.003+0200] {logging_mixin.py:188} INFO - [2025-08-19T17:01:43.003+0200] {dag.py:3947} INFO - Setting next_dagrun for example_task_group_decorator to 2025-08-18 00:00:00+00:00, run_after=2025-08-19 00:00:00+00:00
[2025-08-19T17:01:43.010+0200] {processor.py:183} INFO - Processing /Users/ehabhasan/.venvs/airflow310/lib/python3.10/site-packages/airflow/example_dags/example_task_group_decorator.py took 0.089 seconds
[2025-08-19T17:03:20.052+0200] {processor.py:161} INFO - Started process (PID=8365) to work on /Users/ehabhasan/.venvs/airflow310/lib/python3.10/site-packages/airflow/example_dags/example_task_group_decorator.py
[2025-08-19T17:03:20.053+0200] {processor.py:830} INFO - Processing file /Users/ehabhasan/.venvs/airflow310/lib/python3.10/site-packages/airflow/example_dags/example_task_group_decorator.py for tasks to queue
[2025-08-19T17:03:20.053+0200] {logging_mixin.py:188} INFO - [2025-08-19T17:03:20.053+0200] {dagbag.py:545} INFO - Filling up the DagBag from /Users/ehabhasan/.venvs/airflow310/lib/python3.10/site-packages/airflow/example_dags/example_task_group_decorator.py
[2025-08-19T17:03:20.068+0200] {processor.py:840} INFO - DAG(s) 'example_task_group_decorator' retrieved from /Users/ehabhasan/.venvs/airflow310/lib/python3.10/site-packages/airflow/example_dags/example_task_group_decorator.py
[2025-08-19T17:03:20.107+0200] {logging_mixin.py:188} INFO - [2025-08-19T17:03:20.107+0200] {dag.py:3089} INFO - Sync 1 DAGs
[2025-08-19T17:03:20.136+0200] {logging_mixin.py:188} INFO - [2025-08-19T17:03:20.136+0200] {dag.py:3947} INFO - Setting next_dagrun for example_task_group_decorator to 2025-08-18 00:00:00+00:00, run_after=2025-08-19 00:00:00+00:00
[2025-08-19T17:03:20.142+0200] {processor.py:183} INFO - Processing /Users/ehabhasan/.venvs/airflow310/lib/python3.10/site-packages/airflow/example_dags/example_task_group_decorator.py took 0.092 seconds
[2025-08-19T17:05:00.074+0200] {processor.py:161} INFO - Started process (PID=8970) to work on /Users/ehabhasan/.venvs/airflow310/lib/python3.10/site-packages/airflow/example_dags/example_task_group_decorator.py
[2025-08-19T17:05:00.074+0200] {processor.py:830} INFO - Processing file /Users/ehabhasan/.venvs/airflow310/lib/python3.10/site-packages/airflow/example_dags/example_task_group_decorator.py for tasks to queue
[2025-08-19T17:05:00.074+0200] {logging_mixin.py:188} INFO - [2025-08-19T17:05:00.074+0200] {dagbag.py:545} INFO - Filling up the DagBag from /Users/ehabhasan/.venvs/airflow310/lib/python3.10/site-packages/airflow/example_dags/example_task_group_decorator.py
[2025-08-19T17:05:00.090+0200] {processor.py:840} INFO - DAG(s) 'example_task_group_decorator' retrieved from /Users/ehabhasan/.venvs/airflow310/lib/python3.10/site-packages/airflow/example_dags/example_task_group_decorator.py
[2025-08-19T17:05:00.127+0200] {logging_mixin.py:188} INFO - [2025-08-19T17:05:00.126+0200] {dag.py:3089} INFO - Sync 1 DAGs
[2025-08-19T17:05:00.152+0200] {logging_mixin.py:188} INFO - [2025-08-19T17:05:00.152+0200] {dag.py:3947} INFO - Setting next_dagrun for example_task_group_decorator to 2025-08-18 00:00:00+00:00, run_after=2025-08-19 00:00:00+00:00
[2025-08-19T17:05:00.158+0200] {processor.py:183} INFO - Processing /Users/ehabhasan/.venvs/airflow310/lib/python3.10/site-packages/airflow/example_dags/example_task_group_decorator.py took 0.086 seconds
[2025-08-19T17:06:46.085+0200] {processor.py:161} INFO - Started process (PID=9454) to work on /Users/ehabhasan/.venvs/airflow310/lib/python3.10/site-packages/airflow/example_dags/example_task_group_decorator.py
[2025-08-19T17:06:46.086+0200] {processor.py:830} INFO - Processing file /Users/ehabhasan/.venvs/airflow310/lib/python3.10/site-packages/airflow/example_dags/example_task_group_decorator.py for tasks to queue
[2025-08-19T17:06:46.086+0200] {logging_mixin.py:188} INFO - [2025-08-19T17:06:46.086+0200] {dagbag.py:545} INFO - Filling up the DagBag from /Users/ehabhasan/.venvs/airflow310/lib/python3.10/site-packages/airflow/example_dags/example_task_group_decorator.py
[2025-08-19T17:06:46.102+0200] {processor.py:840} INFO - DAG(s) 'example_task_group_decorator' retrieved from /Users/ehabhasan/.venvs/airflow310/lib/python3.10/site-packages/airflow/example_dags/example_task_group_decorator.py
[2025-08-19T17:06:46.139+0200] {logging_mixin.py:188} INFO - [2025-08-19T17:06:46.139+0200] {dag.py:3089} INFO - Sync 1 DAGs
[2025-08-19T17:06:46.164+0200] {logging_mixin.py:188} INFO - [2025-08-19T17:06:46.164+0200] {dag.py:3947} INFO - Setting next_dagrun for example_task_group_decorator to 2025-08-18 00:00:00+00:00, run_after=2025-08-19 00:00:00+00:00
[2025-08-19T17:06:46.170+0200] {processor.py:183} INFO - Processing /Users/ehabhasan/.venvs/airflow310/lib/python3.10/site-packages/airflow/example_dags/example_task_group_decorator.py took 0.087 seconds
[2025-08-19T17:07:41.216+0200] {processor.py:161} INFO - Started process (PID=10111) to work on /Users/ehabhasan/.venvs/airflow310/lib/python3.10/site-packages/airflow/example_dags/example_task_group_decorator.py
[2025-08-19T17:07:41.216+0200] {processor.py:830} INFO - Processing file /Users/ehabhasan/.venvs/airflow310/lib/python3.10/site-packages/airflow/example_dags/example_task_group_decorator.py for tasks to queue
[2025-08-19T17:07:41.216+0200] {logging_mixin.py:188} INFO - [2025-08-19T17:07:41.216+0200] {dagbag.py:545} INFO - Filling up the DagBag from /Users/ehabhasan/.venvs/airflow310/lib/python3.10/site-packages/airflow/example_dags/example_task_group_decorator.py
[2025-08-19T17:07:41.232+0200] {processor.py:840} INFO - DAG(s) 'example_task_group_decorator' retrieved from /Users/ehabhasan/.venvs/airflow310/lib/python3.10/site-packages/airflow/example_dags/example_task_group_decorator.py
[2025-08-19T17:07:41.268+0200] {logging_mixin.py:188} INFO - [2025-08-19T17:07:41.268+0200] {dag.py:3089} INFO - Sync 1 DAGs
[2025-08-19T17:07:41.294+0200] {logging_mixin.py:188} INFO - [2025-08-19T17:07:41.294+0200] {dag.py:3947} INFO - Setting next_dagrun for example_task_group_decorator to 2025-08-18 00:00:00+00:00, run_after=2025-08-19 00:00:00+00:00
[2025-08-19T17:07:41.301+0200] {processor.py:183} INFO - Processing /Users/ehabhasan/.venvs/airflow310/lib/python3.10/site-packages/airflow/example_dags/example_task_group_decorator.py took 0.087 seconds
[2025-08-19T17:09:31.314+0200] {processor.py:161} INFO - Started process (PID=10214) to work on /Users/ehabhasan/.venvs/airflow310/lib/python3.10/site-packages/airflow/example_dags/example_task_group_decorator.py
[2025-08-19T17:09:31.314+0200] {processor.py:830} INFO - Processing file /Users/ehabhasan/.venvs/airflow310/lib/python3.10/site-packages/airflow/example_dags/example_task_group_decorator.py for tasks to queue
[2025-08-19T17:09:31.314+0200] {logging_mixin.py:188} INFO - [2025-08-19T17:09:31.314+0200] {dagbag.py:545} INFO - Filling up the DagBag from /Users/ehabhasan/.venvs/airflow310/lib/python3.10/site-packages/airflow/example_dags/example_task_group_decorator.py
[2025-08-19T17:09:31.332+0200] {processor.py:840} INFO - DAG(s) 'example_task_group_decorator' retrieved from /Users/ehabhasan/.venvs/airflow310/lib/python3.10/site-packages/airflow/example_dags/example_task_group_decorator.py
[2025-08-19T17:09:31.372+0200] {logging_mixin.py:188} INFO - [2025-08-19T17:09:31.372+0200] {dag.py:3089} INFO - Sync 1 DAGs
[2025-08-19T17:09:31.401+0200] {logging_mixin.py:188} INFO - [2025-08-19T17:09:31.401+0200] {dag.py:3947} INFO - Setting next_dagrun for example_task_group_decorator to 2025-08-18 00:00:00+00:00, run_after=2025-08-19 00:00:00+00:00
[2025-08-19T17:09:31.408+0200] {processor.py:183} INFO - Processing /Users/ehabhasan/.venvs/airflow310/lib/python3.10/site-packages/airflow/example_dags/example_task_group_decorator.py took 0.096 seconds
[2025-08-19T17:11:14.432+0200] {processor.py:161} INFO - Started process (PID=10308) to work on /Users/ehabhasan/.venvs/airflow310/lib/python3.10/site-packages/airflow/example_dags/example_task_group_decorator.py
[2025-08-19T17:11:14.432+0200] {processor.py:830} INFO - Processing file /Users/ehabhasan/.venvs/airflow310/lib/python3.10/site-packages/airflow/example_dags/example_task_group_decorator.py for tasks to queue
[2025-08-19T17:11:14.433+0200] {logging_mixin.py:188} INFO - [2025-08-19T17:11:14.432+0200] {dagbag.py:545} INFO - Filling up the DagBag from /Users/ehabhasan/.venvs/airflow310/lib/python3.10/site-packages/airflow/example_dags/example_task_group_decorator.py
[2025-08-19T17:11:14.448+0200] {processor.py:840} INFO - DAG(s) 'example_task_group_decorator' retrieved from /Users/ehabhasan/.venvs/airflow310/lib/python3.10/site-packages/airflow/example_dags/example_task_group_decorator.py
[2025-08-19T17:11:14.485+0200] {logging_mixin.py:188} INFO - [2025-08-19T17:11:14.484+0200] {dag.py:3089} INFO - Sync 1 DAGs
[2025-08-19T17:11:14.510+0200] {logging_mixin.py:188} INFO - [2025-08-19T17:11:14.510+0200] {dag.py:3947} INFO - Setting next_dagrun for example_task_group_decorator to 2025-08-18 00:00:00+00:00, run_after=2025-08-19 00:00:00+00:00
[2025-08-19T17:11:14.517+0200] {processor.py:183} INFO - Processing /Users/ehabhasan/.venvs/airflow310/lib/python3.10/site-packages/airflow/example_dags/example_task_group_decorator.py took 0.086 seconds
[2025-08-19T17:12:13.404+0200] {processor.py:161} INFO - Started process (PID=10358) to work on /Users/ehabhasan/.venvs/airflow310/lib/python3.10/site-packages/airflow/example_dags/example_task_group_decorator.py
[2025-08-19T17:12:13.404+0200] {processor.py:830} INFO - Processing file /Users/ehabhasan/.venvs/airflow310/lib/python3.10/site-packages/airflow/example_dags/example_task_group_decorator.py for tasks to queue
[2025-08-19T17:12:13.405+0200] {logging_mixin.py:188} INFO - [2025-08-19T17:12:13.405+0200] {dagbag.py:545} INFO - Filling up the DagBag from /Users/ehabhasan/.venvs/airflow310/lib/python3.10/site-packages/airflow/example_dags/example_task_group_decorator.py
[2025-08-19T17:12:13.423+0200] {processor.py:840} INFO - DAG(s) 'example_task_group_decorator' retrieved from /Users/ehabhasan/.venvs/airflow310/lib/python3.10/site-packages/airflow/example_dags/example_task_group_decorator.py
[2025-08-19T17:12:13.471+0200] {logging_mixin.py:188} INFO - [2025-08-19T17:12:13.471+0200] {dag.py:3089} INFO - Sync 1 DAGs
[2025-08-19T17:12:13.513+0200] {logging_mixin.py:188} INFO - [2025-08-19T17:12:13.513+0200] {dag.py:3947} INFO - Setting next_dagrun for example_task_group_decorator to 2025-08-18 00:00:00+00:00, run_after=2025-08-19 00:00:00+00:00
[2025-08-19T17:12:13.521+0200] {processor.py:183} INFO - Processing /Users/ehabhasan/.venvs/airflow310/lib/python3.10/site-packages/airflow/example_dags/example_task_group_decorator.py took 0.119 seconds
[2025-08-19T17:13:08.223+0200] {processor.py:161} INFO - Started process (PID=10404) to work on /Users/ehabhasan/.venvs/airflow310/lib/python3.10/site-packages/airflow/example_dags/example_task_group_decorator.py
[2025-08-19T17:13:08.223+0200] {processor.py:830} INFO - Processing file /Users/ehabhasan/.venvs/airflow310/lib/python3.10/site-packages/airflow/example_dags/example_task_group_decorator.py for tasks to queue
[2025-08-19T17:13:08.223+0200] {logging_mixin.py:188} INFO - [2025-08-19T17:13:08.223+0200] {dagbag.py:545} INFO - Filling up the DagBag from /Users/ehabhasan/.venvs/airflow310/lib/python3.10/site-packages/airflow/example_dags/example_task_group_decorator.py
[2025-08-19T17:13:08.239+0200] {processor.py:840} INFO - DAG(s) 'example_task_group_decorator' retrieved from /Users/ehabhasan/.venvs/airflow310/lib/python3.10/site-packages/airflow/example_dags/example_task_group_decorator.py
[2025-08-19T17:13:08.275+0200] {logging_mixin.py:188} INFO - [2025-08-19T17:13:08.275+0200] {dag.py:3089} INFO - Sync 1 DAGs
[2025-08-19T17:13:08.301+0200] {logging_mixin.py:188} INFO - [2025-08-19T17:13:08.300+0200] {dag.py:3947} INFO - Setting next_dagrun for example_task_group_decorator to 2025-08-18 00:00:00+00:00, run_after=2025-08-19 00:00:00+00:00
[2025-08-19T17:13:08.307+0200] {processor.py:183} INFO - Processing /Users/ehabhasan/.venvs/airflow310/lib/python3.10/site-packages/airflow/example_dags/example_task_group_decorator.py took 0.086 seconds
[2025-08-19T17:14:05.315+0200] {processor.py:161} INFO - Started process (PID=10445) to work on /Users/ehabhasan/.venvs/airflow310/lib/python3.10/site-packages/airflow/example_dags/example_task_group_decorator.py
[2025-08-19T17:14:05.316+0200] {processor.py:830} INFO - Processing file /Users/ehabhasan/.venvs/airflow310/lib/python3.10/site-packages/airflow/example_dags/example_task_group_decorator.py for tasks to queue
[2025-08-19T17:14:05.316+0200] {logging_mixin.py:188} INFO - [2025-08-19T17:14:05.316+0200] {dagbag.py:545} INFO - Filling up the DagBag from /Users/ehabhasan/.venvs/airflow310/lib/python3.10/site-packages/airflow/example_dags/example_task_group_decorator.py
[2025-08-19T17:14:05.332+0200] {processor.py:840} INFO - DAG(s) 'example_task_group_decorator' retrieved from /Users/ehabhasan/.venvs/airflow310/lib/python3.10/site-packages/airflow/example_dags/example_task_group_decorator.py
[2025-08-19T17:14:05.369+0200] {logging_mixin.py:188} INFO - [2025-08-19T17:14:05.369+0200] {dag.py:3089} INFO - Sync 1 DAGs
[2025-08-19T17:14:05.394+0200] {logging_mixin.py:188} INFO - [2025-08-19T17:14:05.393+0200] {dag.py:3947} INFO - Setting next_dagrun for example_task_group_decorator to 2025-08-18 00:00:00+00:00, run_after=2025-08-19 00:00:00+00:00
[2025-08-19T17:14:05.400+0200] {processor.py:183} INFO - Processing /Users/ehabhasan/.venvs/airflow310/lib/python3.10/site-packages/airflow/example_dags/example_task_group_decorator.py took 0.086 seconds
[2025-08-19T17:15:01.065+0200] {processor.py:161} INFO - Started process (PID=10519) to work on /Users/ehabhasan/.venvs/airflow310/lib/python3.10/site-packages/airflow/example_dags/example_task_group_decorator.py
[2025-08-19T17:15:01.065+0200] {processor.py:830} INFO - Processing file /Users/ehabhasan/.venvs/airflow310/lib/python3.10/site-packages/airflow/example_dags/example_task_group_decorator.py for tasks to queue
[2025-08-19T17:15:01.065+0200] {logging_mixin.py:188} INFO - [2025-08-19T17:15:01.065+0200] {dagbag.py:545} INFO - Filling up the DagBag from /Users/ehabhasan/.venvs/airflow310/lib/python3.10/site-packages/airflow/example_dags/example_task_group_decorator.py
[2025-08-19T17:15:01.081+0200] {processor.py:840} INFO - DAG(s) 'example_task_group_decorator' retrieved from /Users/ehabhasan/.venvs/airflow310/lib/python3.10/site-packages/airflow/example_dags/example_task_group_decorator.py
[2025-08-19T17:15:01.117+0200] {logging_mixin.py:188} INFO - [2025-08-19T17:15:01.117+0200] {dag.py:3089} INFO - Sync 1 DAGs
[2025-08-19T17:15:01.142+0200] {logging_mixin.py:188} INFO - [2025-08-19T17:15:01.142+0200] {dag.py:3947} INFO - Setting next_dagrun for example_task_group_decorator to 2025-08-18 00:00:00+00:00, run_after=2025-08-19 00:00:00+00:00
[2025-08-19T17:15:01.149+0200] {processor.py:183} INFO - Processing /Users/ehabhasan/.venvs/airflow310/lib/python3.10/site-packages/airflow/example_dags/example_task_group_decorator.py took 0.086 seconds
[2025-08-19T17:16:52.128+0200] {processor.py:161} INFO - Started process (PID=11409) to work on /Users/ehabhasan/.venvs/airflow310/lib/python3.10/site-packages/airflow/example_dags/example_task_group_decorator.py
[2025-08-19T17:16:52.128+0200] {processor.py:830} INFO - Processing file /Users/ehabhasan/.venvs/airflow310/lib/python3.10/site-packages/airflow/example_dags/example_task_group_decorator.py for tasks to queue
[2025-08-19T17:16:52.129+0200] {logging_mixin.py:188} INFO - [2025-08-19T17:16:52.129+0200] {dagbag.py:545} INFO - Filling up the DagBag from /Users/ehabhasan/.venvs/airflow310/lib/python3.10/site-packages/airflow/example_dags/example_task_group_decorator.py
[2025-08-19T17:16:52.144+0200] {processor.py:840} INFO - DAG(s) 'example_task_group_decorator' retrieved from /Users/ehabhasan/.venvs/airflow310/lib/python3.10/site-packages/airflow/example_dags/example_task_group_decorator.py
[2025-08-19T17:16:52.182+0200] {logging_mixin.py:188} INFO - [2025-08-19T17:16:52.182+0200] {dag.py:3089} INFO - Sync 1 DAGs
[2025-08-19T17:16:52.208+0200] {logging_mixin.py:188} INFO - [2025-08-19T17:16:52.208+0200] {dag.py:3947} INFO - Setting next_dagrun for example_task_group_decorator to 2025-08-18 00:00:00+00:00, run_after=2025-08-19 00:00:00+00:00
[2025-08-19T17:16:52.214+0200] {processor.py:183} INFO - Processing /Users/ehabhasan/.venvs/airflow310/lib/python3.10/site-packages/airflow/example_dags/example_task_group_decorator.py took 0.088 seconds
[2025-08-19T17:17:48.979+0200] {processor.py:161} INFO - Started process (PID=11465) to work on /Users/ehabhasan/.venvs/airflow310/lib/python3.10/site-packages/airflow/example_dags/example_task_group_decorator.py
[2025-08-19T17:17:48.980+0200] {processor.py:830} INFO - Processing file /Users/ehabhasan/.venvs/airflow310/lib/python3.10/site-packages/airflow/example_dags/example_task_group_decorator.py for tasks to queue
[2025-08-19T17:17:48.980+0200] {logging_mixin.py:188} INFO - [2025-08-19T17:17:48.980+0200] {dagbag.py:545} INFO - Filling up the DagBag from /Users/ehabhasan/.venvs/airflow310/lib/python3.10/site-packages/airflow/example_dags/example_task_group_decorator.py
[2025-08-19T17:17:48.996+0200] {processor.py:840} INFO - DAG(s) 'example_task_group_decorator' retrieved from /Users/ehabhasan/.venvs/airflow310/lib/python3.10/site-packages/airflow/example_dags/example_task_group_decorator.py
[2025-08-19T17:17:49.032+0200] {logging_mixin.py:188} INFO - [2025-08-19T17:17:49.032+0200] {dag.py:3089} INFO - Sync 1 DAGs
[2025-08-19T17:17:49.057+0200] {logging_mixin.py:188} INFO - [2025-08-19T17:17:49.057+0200] {dag.py:3947} INFO - Setting next_dagrun for example_task_group_decorator to 2025-08-18 00:00:00+00:00, run_after=2025-08-19 00:00:00+00:00
[2025-08-19T17:17:49.063+0200] {processor.py:183} INFO - Processing /Users/ehabhasan/.venvs/airflow310/lib/python3.10/site-packages/airflow/example_dags/example_task_group_decorator.py took 0.086 seconds
[2025-08-19T17:18:41.963+0200] {processor.py:161} INFO - Started process (PID=11507) to work on /Users/ehabhasan/.venvs/airflow310/lib/python3.10/site-packages/airflow/example_dags/example_task_group_decorator.py
[2025-08-19T17:18:41.963+0200] {processor.py:830} INFO - Processing file /Users/ehabhasan/.venvs/airflow310/lib/python3.10/site-packages/airflow/example_dags/example_task_group_decorator.py for tasks to queue
[2025-08-19T17:18:41.963+0200] {logging_mixin.py:188} INFO - [2025-08-19T17:18:41.963+0200] {dagbag.py:545} INFO - Filling up the DagBag from /Users/ehabhasan/.venvs/airflow310/lib/python3.10/site-packages/airflow/example_dags/example_task_group_decorator.py
[2025-08-19T17:18:41.979+0200] {processor.py:840} INFO - DAG(s) 'example_task_group_decorator' retrieved from /Users/ehabhasan/.venvs/airflow310/lib/python3.10/site-packages/airflow/example_dags/example_task_group_decorator.py
[2025-08-19T17:18:42.019+0200] {logging_mixin.py:188} INFO - [2025-08-19T17:18:42.019+0200] {dag.py:3089} INFO - Sync 1 DAGs
[2025-08-19T17:18:42.046+0200] {logging_mixin.py:188} INFO - [2025-08-19T17:18:42.045+0200] {dag.py:3947} INFO - Setting next_dagrun for example_task_group_decorator to 2025-08-18 00:00:00+00:00, run_after=2025-08-19 00:00:00+00:00
[2025-08-19T17:18:42.052+0200] {processor.py:183} INFO - Processing /Users/ehabhasan/.venvs/airflow310/lib/python3.10/site-packages/airflow/example_dags/example_task_group_decorator.py took 0.091 seconds
[2025-08-19T17:20:27.289+0200] {processor.py:161} INFO - Started process (PID=11607) to work on /Users/ehabhasan/.venvs/airflow310/lib/python3.10/site-packages/airflow/example_dags/example_task_group_decorator.py
[2025-08-19T17:20:27.290+0200] {processor.py:830} INFO - Processing file /Users/ehabhasan/.venvs/airflow310/lib/python3.10/site-packages/airflow/example_dags/example_task_group_decorator.py for tasks to queue
[2025-08-19T17:20:27.290+0200] {logging_mixin.py:188} INFO - [2025-08-19T17:20:27.290+0200] {dagbag.py:545} INFO - Filling up the DagBag from /Users/ehabhasan/.venvs/airflow310/lib/python3.10/site-packages/airflow/example_dags/example_task_group_decorator.py
[2025-08-19T17:20:27.306+0200] {processor.py:840} INFO - DAG(s) 'example_task_group_decorator' retrieved from /Users/ehabhasan/.venvs/airflow310/lib/python3.10/site-packages/airflow/example_dags/example_task_group_decorator.py
[2025-08-19T17:20:27.342+0200] {logging_mixin.py:188} INFO - [2025-08-19T17:20:27.342+0200] {dag.py:3089} INFO - Sync 1 DAGs
[2025-08-19T17:20:27.368+0200] {logging_mixin.py:188} INFO - [2025-08-19T17:20:27.367+0200] {dag.py:3947} INFO - Setting next_dagrun for example_task_group_decorator to 2025-08-18 00:00:00+00:00, run_after=2025-08-19 00:00:00+00:00
[2025-08-19T17:20:27.374+0200] {processor.py:183} INFO - Processing /Users/ehabhasan/.venvs/airflow310/lib/python3.10/site-packages/airflow/example_dags/example_task_group_decorator.py took 0.086 seconds
[2025-08-19T17:22:16.156+0200] {processor.py:161} INFO - Started process (PID=11679) to work on /Users/ehabhasan/.venvs/airflow310/lib/python3.10/site-packages/airflow/example_dags/example_task_group_decorator.py
[2025-08-19T17:22:16.157+0200] {processor.py:830} INFO - Processing file /Users/ehabhasan/.venvs/airflow310/lib/python3.10/site-packages/airflow/example_dags/example_task_group_decorator.py for tasks to queue
[2025-08-19T17:22:16.157+0200] {logging_mixin.py:188} INFO - [2025-08-19T17:22:16.157+0200] {dagbag.py:545} INFO - Filling up the DagBag from /Users/ehabhasan/.venvs/airflow310/lib/python3.10/site-packages/airflow/example_dags/example_task_group_decorator.py
[2025-08-19T17:22:16.173+0200] {processor.py:840} INFO - DAG(s) 'example_task_group_decorator' retrieved from /Users/ehabhasan/.venvs/airflow310/lib/python3.10/site-packages/airflow/example_dags/example_task_group_decorator.py
[2025-08-19T17:22:16.211+0200] {logging_mixin.py:188} INFO - [2025-08-19T17:22:16.211+0200] {dag.py:3089} INFO - Sync 1 DAGs
[2025-08-19T17:22:16.237+0200] {logging_mixin.py:188} INFO - [2025-08-19T17:22:16.237+0200] {dag.py:3947} INFO - Setting next_dagrun for example_task_group_decorator to 2025-08-18 00:00:00+00:00, run_after=2025-08-19 00:00:00+00:00
[2025-08-19T17:22:16.244+0200] {processor.py:183} INFO - Processing /Users/ehabhasan/.venvs/airflow310/lib/python3.10/site-packages/airflow/example_dags/example_task_group_decorator.py took 0.090 seconds
[2025-08-19T17:24:02.017+0200] {processor.py:161} INFO - Started process (PID=11756) to work on /Users/ehabhasan/.venvs/airflow310/lib/python3.10/site-packages/airflow/example_dags/example_task_group_decorator.py
[2025-08-19T17:24:02.017+0200] {processor.py:830} INFO - Processing file /Users/ehabhasan/.venvs/airflow310/lib/python3.10/site-packages/airflow/example_dags/example_task_group_decorator.py for tasks to queue
[2025-08-19T17:24:02.017+0200] {logging_mixin.py:188} INFO - [2025-08-19T17:24:02.017+0200] {dagbag.py:545} INFO - Filling up the DagBag from /Users/ehabhasan/.venvs/airflow310/lib/python3.10/site-packages/airflow/example_dags/example_task_group_decorator.py
[2025-08-19T17:24:02.033+0200] {processor.py:840} INFO - DAG(s) 'example_task_group_decorator' retrieved from /Users/ehabhasan/.venvs/airflow310/lib/python3.10/site-packages/airflow/example_dags/example_task_group_decorator.py
[2025-08-19T17:24:02.071+0200] {logging_mixin.py:188} INFO - [2025-08-19T17:24:02.070+0200] {dag.py:3089} INFO - Sync 1 DAGs
[2025-08-19T17:24:02.096+0200] {logging_mixin.py:188} INFO - [2025-08-19T17:24:02.096+0200] {dag.py:3947} INFO - Setting next_dagrun for example_task_group_decorator to 2025-08-18 00:00:00+00:00, run_after=2025-08-19 00:00:00+00:00
[2025-08-19T17:24:02.102+0200] {processor.py:183} INFO - Processing /Users/ehabhasan/.venvs/airflow310/lib/python3.10/site-packages/airflow/example_dags/example_task_group_decorator.py took 0.087 seconds
[2025-08-19T17:25:49.324+0200] {processor.py:161} INFO - Started process (PID=11839) to work on /Users/ehabhasan/.venvs/airflow310/lib/python3.10/site-packages/airflow/example_dags/example_task_group_decorator.py
[2025-08-19T17:25:49.325+0200] {processor.py:830} INFO - Processing file /Users/ehabhasan/.venvs/airflow310/lib/python3.10/site-packages/airflow/example_dags/example_task_group_decorator.py for tasks to queue
[2025-08-19T17:25:49.325+0200] {logging_mixin.py:188} INFO - [2025-08-19T17:25:49.325+0200] {dagbag.py:545} INFO - Filling up the DagBag from /Users/ehabhasan/.venvs/airflow310/lib/python3.10/site-packages/airflow/example_dags/example_task_group_decorator.py
[2025-08-19T17:25:49.341+0200] {processor.py:840} INFO - DAG(s) 'example_task_group_decorator' retrieved from /Users/ehabhasan/.venvs/airflow310/lib/python3.10/site-packages/airflow/example_dags/example_task_group_decorator.py
[2025-08-19T17:25:49.379+0200] {logging_mixin.py:188} INFO - [2025-08-19T17:25:49.379+0200] {dag.py:3089} INFO - Sync 1 DAGs
[2025-08-19T17:25:49.404+0200] {logging_mixin.py:188} INFO - [2025-08-19T17:25:49.404+0200] {dag.py:3947} INFO - Setting next_dagrun for example_task_group_decorator to 2025-08-18 00:00:00+00:00, run_after=2025-08-19 00:00:00+00:00
[2025-08-19T17:25:49.411+0200] {processor.py:183} INFO - Processing /Users/ehabhasan/.venvs/airflow310/lib/python3.10/site-packages/airflow/example_dags/example_task_group_decorator.py took 0.089 seconds
[2025-08-19T17:27:39.139+0200] {processor.py:161} INFO - Started process (PID=11917) to work on /Users/ehabhasan/.venvs/airflow310/lib/python3.10/site-packages/airflow/example_dags/example_task_group_decorator.py
[2025-08-19T17:27:39.139+0200] {processor.py:830} INFO - Processing file /Users/ehabhasan/.venvs/airflow310/lib/python3.10/site-packages/airflow/example_dags/example_task_group_decorator.py for tasks to queue
[2025-08-19T17:27:39.140+0200] {logging_mixin.py:188} INFO - [2025-08-19T17:27:39.139+0200] {dagbag.py:545} INFO - Filling up the DagBag from /Users/ehabhasan/.venvs/airflow310/lib/python3.10/site-packages/airflow/example_dags/example_task_group_decorator.py
[2025-08-19T17:27:39.159+0200] {processor.py:840} INFO - DAG(s) 'example_task_group_decorator' retrieved from /Users/ehabhasan/.venvs/airflow310/lib/python3.10/site-packages/airflow/example_dags/example_task_group_decorator.py
[2025-08-19T17:27:39.201+0200] {logging_mixin.py:188} INFO - [2025-08-19T17:27:39.200+0200] {dag.py:3089} INFO - Sync 1 DAGs
[2025-08-19T17:27:39.236+0200] {logging_mixin.py:188} INFO - [2025-08-19T17:27:39.236+0200] {dag.py:3947} INFO - Setting next_dagrun for example_task_group_decorator to 2025-08-18 00:00:00+00:00, run_after=2025-08-19 00:00:00+00:00
[2025-08-19T17:27:39.244+0200] {processor.py:183} INFO - Processing /Users/ehabhasan/.venvs/airflow310/lib/python3.10/site-packages/airflow/example_dags/example_task_group_decorator.py took 0.107 seconds
[2025-08-19T17:29:29.692+0200] {processor.py:161} INFO - Started process (PID=12008) to work on /Users/ehabhasan/.venvs/airflow310/lib/python3.10/site-packages/airflow/example_dags/example_task_group_decorator.py
[2025-08-19T17:29:29.693+0200] {processor.py:830} INFO - Processing file /Users/ehabhasan/.venvs/airflow310/lib/python3.10/site-packages/airflow/example_dags/example_task_group_decorator.py for tasks to queue
[2025-08-19T17:29:29.693+0200] {logging_mixin.py:188} INFO - [2025-08-19T17:29:29.693+0200] {dagbag.py:545} INFO - Filling up the DagBag from /Users/ehabhasan/.venvs/airflow310/lib/python3.10/site-packages/airflow/example_dags/example_task_group_decorator.py
[2025-08-19T17:29:29.710+0200] {processor.py:840} INFO - DAG(s) 'example_task_group_decorator' retrieved from /Users/ehabhasan/.venvs/airflow310/lib/python3.10/site-packages/airflow/example_dags/example_task_group_decorator.py
[2025-08-19T17:29:29.749+0200] {logging_mixin.py:188} INFO - [2025-08-19T17:29:29.748+0200] {dag.py:3089} INFO - Sync 1 DAGs
[2025-08-19T17:29:29.775+0200] {logging_mixin.py:188} INFO - [2025-08-19T17:29:29.775+0200] {dag.py:3947} INFO - Setting next_dagrun for example_task_group_decorator to 2025-08-18 00:00:00+00:00, run_after=2025-08-19 00:00:00+00:00
[2025-08-19T17:29:29.781+0200] {processor.py:183} INFO - Processing /Users/ehabhasan/.venvs/airflow310/lib/python3.10/site-packages/airflow/example_dags/example_task_group_decorator.py took 0.090 seconds
[2025-08-19T17:31:19.538+0200] {processor.py:161} INFO - Started process (PID=13933) to work on /Users/ehabhasan/.venvs/airflow310/lib/python3.10/site-packages/airflow/example_dags/example_task_group_decorator.py
[2025-08-19T17:31:19.539+0200] {processor.py:830} INFO - Processing file /Users/ehabhasan/.venvs/airflow310/lib/python3.10/site-packages/airflow/example_dags/example_task_group_decorator.py for tasks to queue
[2025-08-19T17:31:19.539+0200] {logging_mixin.py:188} INFO - [2025-08-19T17:31:19.539+0200] {dagbag.py:545} INFO - Filling up the DagBag from /Users/ehabhasan/.venvs/airflow310/lib/python3.10/site-packages/airflow/example_dags/example_task_group_decorator.py
[2025-08-19T17:31:19.555+0200] {processor.py:840} INFO - DAG(s) 'example_task_group_decorator' retrieved from /Users/ehabhasan/.venvs/airflow310/lib/python3.10/site-packages/airflow/example_dags/example_task_group_decorator.py
[2025-08-19T17:31:19.591+0200] {logging_mixin.py:188} INFO - [2025-08-19T17:31:19.591+0200] {dag.py:3089} INFO - Sync 1 DAGs
[2025-08-19T17:31:19.616+0200] {logging_mixin.py:188} INFO - [2025-08-19T17:31:19.616+0200] {dag.py:3947} INFO - Setting next_dagrun for example_task_group_decorator to 2025-08-18 00:00:00+00:00, run_after=2025-08-19 00:00:00+00:00
[2025-08-19T17:31:19.623+0200] {processor.py:183} INFO - Processing /Users/ehabhasan/.venvs/airflow310/lib/python3.10/site-packages/airflow/example_dags/example_task_group_decorator.py took 0.086 seconds
[2025-08-19T17:33:12.220+0200] {processor.py:161} INFO - Started process (PID=14187) to work on /Users/ehabhasan/.venvs/airflow310/lib/python3.10/site-packages/airflow/example_dags/example_task_group_decorator.py
[2025-08-19T17:33:12.220+0200] {processor.py:830} INFO - Processing file /Users/ehabhasan/.venvs/airflow310/lib/python3.10/site-packages/airflow/example_dags/example_task_group_decorator.py for tasks to queue
[2025-08-19T17:33:12.221+0200] {logging_mixin.py:188} INFO - [2025-08-19T17:33:12.221+0200] {dagbag.py:545} INFO - Filling up the DagBag from /Users/ehabhasan/.venvs/airflow310/lib/python3.10/site-packages/airflow/example_dags/example_task_group_decorator.py
[2025-08-19T17:33:12.237+0200] {processor.py:840} INFO - DAG(s) 'example_task_group_decorator' retrieved from /Users/ehabhasan/.venvs/airflow310/lib/python3.10/site-packages/airflow/example_dags/example_task_group_decorator.py
[2025-08-19T17:33:12.275+0200] {logging_mixin.py:188} INFO - [2025-08-19T17:33:12.275+0200] {dag.py:3089} INFO - Sync 1 DAGs
[2025-08-19T17:33:12.301+0200] {logging_mixin.py:188} INFO - [2025-08-19T17:33:12.301+0200] {dag.py:3947} INFO - Setting next_dagrun for example_task_group_decorator to 2025-08-18 00:00:00+00:00, run_after=2025-08-19 00:00:00+00:00
[2025-08-19T17:33:12.308+0200] {processor.py:183} INFO - Processing /Users/ehabhasan/.venvs/airflow310/lib/python3.10/site-packages/airflow/example_dags/example_task_group_decorator.py took 0.090 seconds
[2025-08-19T17:34:57.598+0200] {processor.py:161} INFO - Started process (PID=14283) to work on /Users/ehabhasan/.venvs/airflow310/lib/python3.10/site-packages/airflow/example_dags/example_task_group_decorator.py
[2025-08-19T17:34:57.599+0200] {processor.py:830} INFO - Processing file /Users/ehabhasan/.venvs/airflow310/lib/python3.10/site-packages/airflow/example_dags/example_task_group_decorator.py for tasks to queue
[2025-08-19T17:34:57.599+0200] {logging_mixin.py:188} INFO - [2025-08-19T17:34:57.599+0200] {dagbag.py:545} INFO - Filling up the DagBag from /Users/ehabhasan/.venvs/airflow310/lib/python3.10/site-packages/airflow/example_dags/example_task_group_decorator.py
[2025-08-19T17:34:57.614+0200] {processor.py:840} INFO - DAG(s) 'example_task_group_decorator' retrieved from /Users/ehabhasan/.venvs/airflow310/lib/python3.10/site-packages/airflow/example_dags/example_task_group_decorator.py
[2025-08-19T17:34:57.652+0200] {logging_mixin.py:188} INFO - [2025-08-19T17:34:57.652+0200] {dag.py:3089} INFO - Sync 1 DAGs
[2025-08-19T17:34:57.677+0200] {logging_mixin.py:188} INFO - [2025-08-19T17:34:57.677+0200] {dag.py:3947} INFO - Setting next_dagrun for example_task_group_decorator to 2025-08-18 00:00:00+00:00, run_after=2025-08-19 00:00:00+00:00
[2025-08-19T17:34:57.684+0200] {processor.py:183} INFO - Processing /Users/ehabhasan/.venvs/airflow310/lib/python3.10/site-packages/airflow/example_dags/example_task_group_decorator.py took 0.087 seconds
[2025-08-19T17:36:51.673+0200] {processor.py:161} INFO - Started process (PID=14500) to work on /Users/ehabhasan/.venvs/airflow310/lib/python3.10/site-packages/airflow/example_dags/example_task_group_decorator.py
[2025-08-19T17:36:51.673+0200] {processor.py:830} INFO - Processing file /Users/ehabhasan/.venvs/airflow310/lib/python3.10/site-packages/airflow/example_dags/example_task_group_decorator.py for tasks to queue
[2025-08-19T17:36:51.673+0200] {logging_mixin.py:188} INFO - [2025-08-19T17:36:51.673+0200] {dagbag.py:545} INFO - Filling up the DagBag from /Users/ehabhasan/.venvs/airflow310/lib/python3.10/site-packages/airflow/example_dags/example_task_group_decorator.py
[2025-08-19T17:36:51.689+0200] {processor.py:840} INFO - DAG(s) 'example_task_group_decorator' retrieved from /Users/ehabhasan/.venvs/airflow310/lib/python3.10/site-packages/airflow/example_dags/example_task_group_decorator.py
[2025-08-19T17:36:51.727+0200] {logging_mixin.py:188} INFO - [2025-08-19T17:36:51.726+0200] {dag.py:3089} INFO - Sync 1 DAGs
[2025-08-19T17:36:51.752+0200] {logging_mixin.py:188} INFO - [2025-08-19T17:36:51.751+0200] {dag.py:3947} INFO - Setting next_dagrun for example_task_group_decorator to 2025-08-18 00:00:00+00:00, run_after=2025-08-19 00:00:00+00:00
[2025-08-19T17:36:51.758+0200] {processor.py:183} INFO - Processing /Users/ehabhasan/.venvs/airflow310/lib/python3.10/site-packages/airflow/example_dags/example_task_group_decorator.py took 0.087 seconds
[2025-08-19T17:38:49.667+0200] {processor.py:161} INFO - Started process (PID=14733) to work on /Users/ehabhasan/.venvs/airflow310/lib/python3.10/site-packages/airflow/example_dags/example_task_group_decorator.py
[2025-08-19T17:38:49.667+0200] {processor.py:830} INFO - Processing file /Users/ehabhasan/.venvs/airflow310/lib/python3.10/site-packages/airflow/example_dags/example_task_group_decorator.py for tasks to queue
[2025-08-19T17:38:49.667+0200] {logging_mixin.py:188} INFO - [2025-08-19T17:38:49.667+0200] {dagbag.py:545} INFO - Filling up the DagBag from /Users/ehabhasan/.venvs/airflow310/lib/python3.10/site-packages/airflow/example_dags/example_task_group_decorator.py
[2025-08-19T17:38:49.683+0200] {processor.py:840} INFO - DAG(s) 'example_task_group_decorator' retrieved from /Users/ehabhasan/.venvs/airflow310/lib/python3.10/site-packages/airflow/example_dags/example_task_group_decorator.py
[2025-08-19T17:38:49.721+0200] {logging_mixin.py:188} INFO - [2025-08-19T17:38:49.721+0200] {dag.py:3089} INFO - Sync 1 DAGs
[2025-08-19T17:38:49.746+0200] {logging_mixin.py:188} INFO - [2025-08-19T17:38:49.746+0200] {dag.py:3947} INFO - Setting next_dagrun for example_task_group_decorator to 2025-08-18 00:00:00+00:00, run_after=2025-08-19 00:00:00+00:00
[2025-08-19T17:38:49.753+0200] {processor.py:183} INFO - Processing /Users/ehabhasan/.venvs/airflow310/lib/python3.10/site-packages/airflow/example_dags/example_task_group_decorator.py took 0.088 seconds
[2025-08-19T17:39:51.926+0200] {processor.py:161} INFO - Started process (PID=14798) to work on /Users/ehabhasan/.venvs/airflow310/lib/python3.10/site-packages/airflow/example_dags/example_task_group_decorator.py
[2025-08-19T17:39:51.926+0200] {processor.py:830} INFO - Processing file /Users/ehabhasan/.venvs/airflow310/lib/python3.10/site-packages/airflow/example_dags/example_task_group_decorator.py for tasks to queue
[2025-08-19T17:39:51.927+0200] {logging_mixin.py:188} INFO - [2025-08-19T17:39:51.927+0200] {dagbag.py:545} INFO - Filling up the DagBag from /Users/ehabhasan/.venvs/airflow310/lib/python3.10/site-packages/airflow/example_dags/example_task_group_decorator.py
[2025-08-19T17:39:51.943+0200] {processor.py:840} INFO - DAG(s) 'example_task_group_decorator' retrieved from /Users/ehabhasan/.venvs/airflow310/lib/python3.10/site-packages/airflow/example_dags/example_task_group_decorator.py
[2025-08-19T17:39:51.980+0200] {logging_mixin.py:188} INFO - [2025-08-19T17:39:51.980+0200] {dag.py:3089} INFO - Sync 1 DAGs
[2025-08-19T17:39:52.006+0200] {logging_mixin.py:188} INFO - [2025-08-19T17:39:52.005+0200] {dag.py:3947} INFO - Setting next_dagrun for example_task_group_decorator to 2025-08-18 00:00:00+00:00, run_after=2025-08-19 00:00:00+00:00
[2025-08-19T17:39:52.012+0200] {processor.py:183} INFO - Processing /Users/ehabhasan/.venvs/airflow310/lib/python3.10/site-packages/airflow/example_dags/example_task_group_decorator.py took 0.088 seconds
[2025-08-19T17:40:48.191+0200] {processor.py:161} INFO - Started process (PID=14879) to work on /Users/ehabhasan/.venvs/airflow310/lib/python3.10/site-packages/airflow/example_dags/example_task_group_decorator.py
[2025-08-19T17:40:48.191+0200] {processor.py:830} INFO - Processing file /Users/ehabhasan/.venvs/airflow310/lib/python3.10/site-packages/airflow/example_dags/example_task_group_decorator.py for tasks to queue
[2025-08-19T17:40:48.191+0200] {logging_mixin.py:188} INFO - [2025-08-19T17:40:48.191+0200] {dagbag.py:545} INFO - Filling up the DagBag from /Users/ehabhasan/.venvs/airflow310/lib/python3.10/site-packages/airflow/example_dags/example_task_group_decorator.py
[2025-08-19T17:40:48.208+0200] {processor.py:840} INFO - DAG(s) 'example_task_group_decorator' retrieved from /Users/ehabhasan/.venvs/airflow310/lib/python3.10/site-packages/airflow/example_dags/example_task_group_decorator.py
[2025-08-19T17:40:48.245+0200] {logging_mixin.py:188} INFO - [2025-08-19T17:40:48.245+0200] {dag.py:3089} INFO - Sync 1 DAGs
[2025-08-19T17:40:48.271+0200] {logging_mixin.py:188} INFO - [2025-08-19T17:40:48.271+0200] {dag.py:3947} INFO - Setting next_dagrun for example_task_group_decorator to 2025-08-18 00:00:00+00:00, run_after=2025-08-19 00:00:00+00:00
[2025-08-19T17:40:48.277+0200] {processor.py:183} INFO - Processing /Users/ehabhasan/.venvs/airflow310/lib/python3.10/site-packages/airflow/example_dags/example_task_group_decorator.py took 0.088 seconds
[2025-08-19T17:45:24.488+0200] {processor.py:161} INFO - Started process (PID=14970) to work on /Users/ehabhasan/.venvs/airflow310/lib/python3.10/site-packages/airflow/example_dags/example_task_group_decorator.py
[2025-08-19T17:45:24.488+0200] {processor.py:830} INFO - Processing file /Users/ehabhasan/.venvs/airflow310/lib/python3.10/site-packages/airflow/example_dags/example_task_group_decorator.py for tasks to queue
[2025-08-19T17:45:24.488+0200] {logging_mixin.py:188} INFO - [2025-08-19T17:45:24.488+0200] {dagbag.py:545} INFO - Filling up the DagBag from /Users/ehabhasan/.venvs/airflow310/lib/python3.10/site-packages/airflow/example_dags/example_task_group_decorator.py
[2025-08-19T17:45:24.504+0200] {processor.py:840} INFO - DAG(s) 'example_task_group_decorator' retrieved from /Users/ehabhasan/.venvs/airflow310/lib/python3.10/site-packages/airflow/example_dags/example_task_group_decorator.py
[2025-08-19T17:45:24.541+0200] {logging_mixin.py:188} INFO - [2025-08-19T17:45:24.541+0200] {dag.py:3089} INFO - Sync 1 DAGs
[2025-08-19T17:45:24.567+0200] {logging_mixin.py:188} INFO - [2025-08-19T17:45:24.567+0200] {dag.py:3947} INFO - Setting next_dagrun for example_task_group_decorator to 2025-08-18 00:00:00+00:00, run_after=2025-08-19 00:00:00+00:00
[2025-08-19T17:45:24.573+0200] {processor.py:183} INFO - Processing /Users/ehabhasan/.venvs/airflow310/lib/python3.10/site-packages/airflow/example_dags/example_task_group_decorator.py took 0.087 seconds
[2025-08-19T17:46:28.117+0200] {processor.py:161} INFO - Started process (PID=15020) to work on /Users/ehabhasan/.venvs/airflow310/lib/python3.10/site-packages/airflow/example_dags/example_task_group_decorator.py
[2025-08-19T17:46:28.117+0200] {processor.py:830} INFO - Processing file /Users/ehabhasan/.venvs/airflow310/lib/python3.10/site-packages/airflow/example_dags/example_task_group_decorator.py for tasks to queue
[2025-08-19T17:46:28.117+0200] {logging_mixin.py:188} INFO - [2025-08-19T17:46:28.117+0200] {dagbag.py:545} INFO - Filling up the DagBag from /Users/ehabhasan/.venvs/airflow310/lib/python3.10/site-packages/airflow/example_dags/example_task_group_decorator.py
[2025-08-19T17:46:28.133+0200] {processor.py:840} INFO - DAG(s) 'example_task_group_decorator' retrieved from /Users/ehabhasan/.venvs/airflow310/lib/python3.10/site-packages/airflow/example_dags/example_task_group_decorator.py
[2025-08-19T17:46:28.169+0200] {logging_mixin.py:188} INFO - [2025-08-19T17:46:28.169+0200] {dag.py:3089} INFO - Sync 1 DAGs
[2025-08-19T17:46:28.195+0200] {logging_mixin.py:188} INFO - [2025-08-19T17:46:28.195+0200] {dag.py:3947} INFO - Setting next_dagrun for example_task_group_decorator to 2025-08-18 00:00:00+00:00, run_after=2025-08-19 00:00:00+00:00
[2025-08-19T17:46:28.202+0200] {processor.py:183} INFO - Processing /Users/ehabhasan/.venvs/airflow310/lib/python3.10/site-packages/airflow/example_dags/example_task_group_decorator.py took 0.086 seconds
[2025-08-19T17:47:28.674+0200] {processor.py:161} INFO - Started process (PID=15069) to work on /Users/ehabhasan/.venvs/airflow310/lib/python3.10/site-packages/airflow/example_dags/example_task_group_decorator.py
[2025-08-19T17:47:28.675+0200] {processor.py:830} INFO - Processing file /Users/ehabhasan/.venvs/airflow310/lib/python3.10/site-packages/airflow/example_dags/example_task_group_decorator.py for tasks to queue
[2025-08-19T17:47:28.675+0200] {logging_mixin.py:188} INFO - [2025-08-19T17:47:28.675+0200] {dagbag.py:545} INFO - Filling up the DagBag from /Users/ehabhasan/.venvs/airflow310/lib/python3.10/site-packages/airflow/example_dags/example_task_group_decorator.py
[2025-08-19T17:47:28.691+0200] {processor.py:840} INFO - DAG(s) 'example_task_group_decorator' retrieved from /Users/ehabhasan/.venvs/airflow310/lib/python3.10/site-packages/airflow/example_dags/example_task_group_decorator.py
[2025-08-19T17:47:28.730+0200] {logging_mixin.py:188} INFO - [2025-08-19T17:47:28.730+0200] {dag.py:3089} INFO - Sync 1 DAGs
[2025-08-19T17:47:28.758+0200] {logging_mixin.py:188} INFO - [2025-08-19T17:47:28.758+0200] {dag.py:3947} INFO - Setting next_dagrun for example_task_group_decorator to 2025-08-18 00:00:00+00:00, run_after=2025-08-19 00:00:00+00:00
[2025-08-19T17:47:28.765+0200] {processor.py:183} INFO - Processing /Users/ehabhasan/.venvs/airflow310/lib/python3.10/site-packages/airflow/example_dags/example_task_group_decorator.py took 0.092 seconds
[2025-08-19T17:48:28.449+0200] {processor.py:161} INFO - Started process (PID=15111) to work on /Users/ehabhasan/.venvs/airflow310/lib/python3.10/site-packages/airflow/example_dags/example_task_group_decorator.py
[2025-08-19T17:48:28.449+0200] {processor.py:830} INFO - Processing file /Users/ehabhasan/.venvs/airflow310/lib/python3.10/site-packages/airflow/example_dags/example_task_group_decorator.py for tasks to queue
[2025-08-19T17:48:28.449+0200] {logging_mixin.py:188} INFO - [2025-08-19T17:48:28.449+0200] {dagbag.py:545} INFO - Filling up the DagBag from /Users/ehabhasan/.venvs/airflow310/lib/python3.10/site-packages/airflow/example_dags/example_task_group_decorator.py
[2025-08-19T17:48:28.465+0200] {processor.py:840} INFO - DAG(s) 'example_task_group_decorator' retrieved from /Users/ehabhasan/.venvs/airflow310/lib/python3.10/site-packages/airflow/example_dags/example_task_group_decorator.py
[2025-08-19T17:48:28.502+0200] {logging_mixin.py:188} INFO - [2025-08-19T17:48:28.502+0200] {dag.py:3089} INFO - Sync 1 DAGs
[2025-08-19T17:48:28.528+0200] {logging_mixin.py:188} INFO - [2025-08-19T17:48:28.528+0200] {dag.py:3947} INFO - Setting next_dagrun for example_task_group_decorator to 2025-08-18 00:00:00+00:00, run_after=2025-08-19 00:00:00+00:00
[2025-08-19T17:48:28.534+0200] {processor.py:183} INFO - Processing /Users/ehabhasan/.venvs/airflow310/lib/python3.10/site-packages/airflow/example_dags/example_task_group_decorator.py took 0.087 seconds
