[2025-08-19T16:48:09.848+0200] {processor.py:161} INFO - Started process (PID=7630) to work on /Users/ehabhasan/.venvs/airflow310/lib/python3.10/site-packages/airflow/example_dags/example_trigger_controller_dag.py
[2025-08-19T16:48:09.848+0200] {processor.py:830} INFO - Processing file /Users/ehabhasan/.venvs/airflow310/lib/python3.10/site-packages/airflow/example_dags/example_trigger_controller_dag.py for tasks to queue
[2025-08-19T16:48:09.848+0200] {logging_mixin.py:188} INFO - [2025-08-19T16:48:09.848+0200] {dagbag.py:545} INFO - Filling up the DagBag from /Users/ehabhasan/.venvs/airflow310/lib/python3.10/site-packages/airflow/example_dags/example_trigger_controller_dag.py
[2025-08-19T16:48:09.852+0200] {processor.py:840} INFO - DAG(s) 'example_trigger_controller_dag' retrieved from /Users/ehabhasan/.venvs/airflow310/lib/python3.10/site-packages/airflow/example_dags/example_trigger_controller_dag.py
[2025-08-19T16:48:09.857+0200] {logging_mixin.py:188} INFO - [2025-08-19T16:48:09.857+0200] {dag.py:3089} INFO - Sync 1 DAGs
[2025-08-19T16:48:09.888+0200] {logging_mixin.py:188} INFO - [2025-08-19T16:48:09.888+0200] {dag.py:3947} INFO - Setting next_dagrun for example_trigger_controller_dag to 2021-01-01 00:00:00+00:00, run_after=2021-01-01 00:00:00+00:00
[2025-08-19T16:48:09.895+0200] {processor.py:183} INFO - Processing /Users/ehabhasan/.venvs/airflow310/lib/python3.10/site-packages/airflow/example_dags/example_trigger_controller_dag.py took 0.049 seconds
[2025-08-19T16:49:29.761+0200] {processor.py:161} INFO - Started process (PID=7689) to work on /Users/ehabhasan/.venvs/airflow310/lib/python3.10/site-packages/airflow/example_dags/example_trigger_controller_dag.py
[2025-08-19T16:49:29.762+0200] {processor.py:830} INFO - Processing file /Users/ehabhasan/.venvs/airflow310/lib/python3.10/site-packages/airflow/example_dags/example_trigger_controller_dag.py for tasks to queue
[2025-08-19T16:49:29.762+0200] {logging_mixin.py:188} INFO - [2025-08-19T16:49:29.762+0200] {dagbag.py:545} INFO - Filling up the DagBag from /Users/ehabhasan/.venvs/airflow310/lib/python3.10/site-packages/airflow/example_dags/example_trigger_controller_dag.py
[2025-08-19T16:49:29.766+0200] {processor.py:840} INFO - DAG(s) 'example_trigger_controller_dag' retrieved from /Users/ehabhasan/.venvs/airflow310/lib/python3.10/site-packages/airflow/example_dags/example_trigger_controller_dag.py
[2025-08-19T16:49:29.846+0200] {logging_mixin.py:188} INFO - [2025-08-19T16:49:29.846+0200] {dag.py:3089} INFO - Sync 1 DAGs
[2025-08-19T16:49:29.851+0200] {logging_mixin.py:188} INFO - [2025-08-19T16:49:29.851+0200] {dag.py:3947} INFO - Setting next_dagrun for example_trigger_controller_dag to 2021-01-01 00:00:00+00:00, run_after=2021-01-01 00:00:00+00:00
[2025-08-19T16:49:29.858+0200] {processor.py:183} INFO - Processing /Users/ehabhasan/.venvs/airflow310/lib/python3.10/site-packages/airflow/example_dags/example_trigger_controller_dag.py took 0.098 seconds
[2025-08-19T16:51:00.825+0200] {processor.py:161} INFO - Started process (PID=7759) to work on /Users/ehabhasan/.venvs/airflow310/lib/python3.10/site-packages/airflow/example_dags/example_trigger_controller_dag.py
[2025-08-19T16:51:00.826+0200] {processor.py:830} INFO - Processing file /Users/ehabhasan/.venvs/airflow310/lib/python3.10/site-packages/airflow/example_dags/example_trigger_controller_dag.py for tasks to queue
[2025-08-19T16:51:00.826+0200] {logging_mixin.py:188} INFO - [2025-08-19T16:51:00.826+0200] {dagbag.py:545} INFO - Filling up the DagBag from /Users/ehabhasan/.venvs/airflow310/lib/python3.10/site-packages/airflow/example_dags/example_trigger_controller_dag.py
[2025-08-19T16:51:00.830+0200] {processor.py:840} INFO - DAG(s) 'example_trigger_controller_dag' retrieved from /Users/ehabhasan/.venvs/airflow310/lib/python3.10/site-packages/airflow/example_dags/example_trigger_controller_dag.py
[2025-08-19T16:51:00.863+0200] {logging_mixin.py:188} INFO - [2025-08-19T16:51:00.863+0200] {dag.py:3089} INFO - Sync 1 DAGs
[2025-08-19T16:51:00.868+0200] {logging_mixin.py:188} INFO - [2025-08-19T16:51:00.868+0200] {dag.py:3947} INFO - Setting next_dagrun for example_trigger_controller_dag to 2021-01-01 00:00:00+00:00, run_after=2021-01-01 00:00:00+00:00
[2025-08-19T16:51:00.874+0200] {processor.py:183} INFO - Processing /Users/ehabhasan/.venvs/airflow310/lib/python3.10/site-packages/airflow/example_dags/example_trigger_controller_dag.py took 0.050 seconds
[2025-08-19T16:51:51.636+0200] {processor.py:161} INFO - Started process (PID=7793) to work on /Users/ehabhasan/.venvs/airflow310/lib/python3.10/site-packages/airflow/example_dags/example_trigger_controller_dag.py
[2025-08-19T16:51:51.637+0200] {processor.py:830} INFO - Processing file /Users/ehabhasan/.venvs/airflow310/lib/python3.10/site-packages/airflow/example_dags/example_trigger_controller_dag.py for tasks to queue
[2025-08-19T16:51:51.637+0200] {logging_mixin.py:188} INFO - [2025-08-19T16:51:51.637+0200] {dagbag.py:545} INFO - Filling up the DagBag from /Users/ehabhasan/.venvs/airflow310/lib/python3.10/site-packages/airflow/example_dags/example_trigger_controller_dag.py
[2025-08-19T16:51:51.640+0200] {processor.py:840} INFO - DAG(s) 'example_trigger_controller_dag' retrieved from /Users/ehabhasan/.venvs/airflow310/lib/python3.10/site-packages/airflow/example_dags/example_trigger_controller_dag.py
[2025-08-19T16:51:51.673+0200] {logging_mixin.py:188} INFO - [2025-08-19T16:51:51.673+0200] {dag.py:3089} INFO - Sync 1 DAGs
[2025-08-19T16:51:51.678+0200] {logging_mixin.py:188} INFO - [2025-08-19T16:51:51.678+0200] {dag.py:3947} INFO - Setting next_dagrun for example_trigger_controller_dag to 2021-01-01 00:00:00+00:00, run_after=2021-01-01 00:00:00+00:00
[2025-08-19T16:51:51.685+0200] {processor.py:183} INFO - Processing /Users/ehabhasan/.venvs/airflow310/lib/python3.10/site-packages/airflow/example_dags/example_trigger_controller_dag.py took 0.050 seconds
[2025-08-19T16:52:42.038+0200] {processor.py:161} INFO - Started process (PID=7829) to work on /Users/ehabhasan/.venvs/airflow310/lib/python3.10/site-packages/airflow/example_dags/example_trigger_controller_dag.py
[2025-08-19T16:52:42.039+0200] {processor.py:830} INFO - Processing file /Users/ehabhasan/.venvs/airflow310/lib/python3.10/site-packages/airflow/example_dags/example_trigger_controller_dag.py for tasks to queue
[2025-08-19T16:52:42.039+0200] {logging_mixin.py:188} INFO - [2025-08-19T16:52:42.039+0200] {dagbag.py:545} INFO - Filling up the DagBag from /Users/ehabhasan/.venvs/airflow310/lib/python3.10/site-packages/airflow/example_dags/example_trigger_controller_dag.py
[2025-08-19T16:52:42.042+0200] {processor.py:840} INFO - DAG(s) 'example_trigger_controller_dag' retrieved from /Users/ehabhasan/.venvs/airflow310/lib/python3.10/site-packages/airflow/example_dags/example_trigger_controller_dag.py
[2025-08-19T16:52:42.077+0200] {logging_mixin.py:188} INFO - [2025-08-19T16:52:42.077+0200] {dag.py:3089} INFO - Sync 1 DAGs
[2025-08-19T16:52:42.083+0200] {logging_mixin.py:188} INFO - [2025-08-19T16:52:42.083+0200] {dag.py:3947} INFO - Setting next_dagrun for example_trigger_controller_dag to 2021-01-01 00:00:00+00:00, run_after=2021-01-01 00:00:00+00:00
[2025-08-19T16:52:42.089+0200] {processor.py:183} INFO - Processing /Users/ehabhasan/.venvs/airflow310/lib/python3.10/site-packages/airflow/example_dags/example_trigger_controller_dag.py took 0.053 seconds
[2025-08-19T16:54:18.201+0200] {processor.py:161} INFO - Started process (PID=7930) to work on /Users/ehabhasan/.venvs/airflow310/lib/python3.10/site-packages/airflow/example_dags/example_trigger_controller_dag.py
[2025-08-19T16:54:18.202+0200] {processor.py:830} INFO - Processing file /Users/ehabhasan/.venvs/airflow310/lib/python3.10/site-packages/airflow/example_dags/example_trigger_controller_dag.py for tasks to queue
[2025-08-19T16:54:18.202+0200] {logging_mixin.py:188} INFO - [2025-08-19T16:54:18.202+0200] {dagbag.py:545} INFO - Filling up the DagBag from /Users/ehabhasan/.venvs/airflow310/lib/python3.10/site-packages/airflow/example_dags/example_trigger_controller_dag.py
[2025-08-19T16:54:18.206+0200] {processor.py:840} INFO - DAG(s) 'example_trigger_controller_dag' retrieved from /Users/ehabhasan/.venvs/airflow310/lib/python3.10/site-packages/airflow/example_dags/example_trigger_controller_dag.py
[2025-08-19T16:54:18.240+0200] {logging_mixin.py:188} INFO - [2025-08-19T16:54:18.240+0200] {dag.py:3089} INFO - Sync 1 DAGs
[2025-08-19T16:54:18.245+0200] {logging_mixin.py:188} INFO - [2025-08-19T16:54:18.245+0200] {dag.py:3947} INFO - Setting next_dagrun for example_trigger_controller_dag to 2021-01-01 00:00:00+00:00, run_after=2021-01-01 00:00:00+00:00
[2025-08-19T16:54:18.251+0200] {processor.py:183} INFO - Processing /Users/ehabhasan/.venvs/airflow310/lib/python3.10/site-packages/airflow/example_dags/example_trigger_controller_dag.py took 0.052 seconds
[2025-08-19T16:55:55.532+0200] {processor.py:161} INFO - Started process (PID=8012) to work on /Users/ehabhasan/.venvs/airflow310/lib/python3.10/site-packages/airflow/example_dags/example_trigger_controller_dag.py
[2025-08-19T16:55:55.533+0200] {processor.py:830} INFO - Processing file /Users/ehabhasan/.venvs/airflow310/lib/python3.10/site-packages/airflow/example_dags/example_trigger_controller_dag.py for tasks to queue
[2025-08-19T16:55:55.533+0200] {logging_mixin.py:188} INFO - [2025-08-19T16:55:55.533+0200] {dagbag.py:545} INFO - Filling up the DagBag from /Users/ehabhasan/.venvs/airflow310/lib/python3.10/site-packages/airflow/example_dags/example_trigger_controller_dag.py
[2025-08-19T16:55:55.537+0200] {processor.py:840} INFO - DAG(s) 'example_trigger_controller_dag' retrieved from /Users/ehabhasan/.venvs/airflow310/lib/python3.10/site-packages/airflow/example_dags/example_trigger_controller_dag.py
[2025-08-19T16:55:55.570+0200] {logging_mixin.py:188} INFO - [2025-08-19T16:55:55.570+0200] {dag.py:3089} INFO - Sync 1 DAGs
[2025-08-19T16:55:55.575+0200] {logging_mixin.py:188} INFO - [2025-08-19T16:55:55.575+0200] {dag.py:3947} INFO - Setting next_dagrun for example_trigger_controller_dag to 2021-01-01 00:00:00+00:00, run_after=2021-01-01 00:00:00+00:00
[2025-08-19T16:55:55.582+0200] {processor.py:183} INFO - Processing /Users/ehabhasan/.venvs/airflow310/lib/python3.10/site-packages/airflow/example_dags/example_trigger_controller_dag.py took 0.051 seconds
[2025-08-19T16:56:48.690+0200] {processor.py:161} INFO - Started process (PID=8048) to work on /Users/ehabhasan/.venvs/airflow310/lib/python3.10/site-packages/airflow/example_dags/example_trigger_controller_dag.py
[2025-08-19T16:56:48.690+0200] {processor.py:830} INFO - Processing file /Users/ehabhasan/.venvs/airflow310/lib/python3.10/site-packages/airflow/example_dags/example_trigger_controller_dag.py for tasks to queue
[2025-08-19T16:56:48.691+0200] {logging_mixin.py:188} INFO - [2025-08-19T16:56:48.691+0200] {dagbag.py:545} INFO - Filling up the DagBag from /Users/ehabhasan/.venvs/airflow310/lib/python3.10/site-packages/airflow/example_dags/example_trigger_controller_dag.py
[2025-08-19T16:56:48.694+0200] {processor.py:840} INFO - DAG(s) 'example_trigger_controller_dag' retrieved from /Users/ehabhasan/.venvs/airflow310/lib/python3.10/site-packages/airflow/example_dags/example_trigger_controller_dag.py
[2025-08-19T16:56:48.727+0200] {logging_mixin.py:188} INFO - [2025-08-19T16:56:48.727+0200] {dag.py:3089} INFO - Sync 1 DAGs
[2025-08-19T16:56:48.732+0200] {logging_mixin.py:188} INFO - [2025-08-19T16:56:48.732+0200] {dag.py:3947} INFO - Setting next_dagrun for example_trigger_controller_dag to 2021-01-01 00:00:00+00:00, run_after=2021-01-01 00:00:00+00:00
[2025-08-19T16:56:48.739+0200] {processor.py:183} INFO - Processing /Users/ehabhasan/.venvs/airflow310/lib/python3.10/site-packages/airflow/example_dags/example_trigger_controller_dag.py took 0.051 seconds
[2025-08-19T16:57:42.229+0200] {processor.py:161} INFO - Started process (PID=8087) to work on /Users/ehabhasan/.venvs/airflow310/lib/python3.10/site-packages/airflow/example_dags/example_trigger_controller_dag.py
[2025-08-19T16:57:42.229+0200] {processor.py:830} INFO - Processing file /Users/ehabhasan/.venvs/airflow310/lib/python3.10/site-packages/airflow/example_dags/example_trigger_controller_dag.py for tasks to queue
[2025-08-19T16:57:42.229+0200] {logging_mixin.py:188} INFO - [2025-08-19T16:57:42.229+0200] {dagbag.py:545} INFO - Filling up the DagBag from /Users/ehabhasan/.venvs/airflow310/lib/python3.10/site-packages/airflow/example_dags/example_trigger_controller_dag.py
[2025-08-19T16:57:42.233+0200] {processor.py:840} INFO - DAG(s) 'example_trigger_controller_dag' retrieved from /Users/ehabhasan/.venvs/airflow310/lib/python3.10/site-packages/airflow/example_dags/example_trigger_controller_dag.py
[2025-08-19T16:57:42.267+0200] {logging_mixin.py:188} INFO - [2025-08-19T16:57:42.267+0200] {dag.py:3089} INFO - Sync 1 DAGs
[2025-08-19T16:57:42.273+0200] {logging_mixin.py:188} INFO - [2025-08-19T16:57:42.273+0200] {dag.py:3947} INFO - Setting next_dagrun for example_trigger_controller_dag to 2021-01-01 00:00:00+00:00, run_after=2021-01-01 00:00:00+00:00
[2025-08-19T16:57:42.279+0200] {processor.py:183} INFO - Processing /Users/ehabhasan/.venvs/airflow310/lib/python3.10/site-packages/airflow/example_dags/example_trigger_controller_dag.py took 0.052 seconds
[2025-08-19T16:59:48.178+0200] {processor.py:161} INFO - Started process (PID=8183) to work on /Users/ehabhasan/.venvs/airflow310/lib/python3.10/site-packages/airflow/example_dags/example_trigger_controller_dag.py
[2025-08-19T16:59:48.179+0200] {processor.py:830} INFO - Processing file /Users/ehabhasan/.venvs/airflow310/lib/python3.10/site-packages/airflow/example_dags/example_trigger_controller_dag.py for tasks to queue
[2025-08-19T16:59:48.180+0200] {logging_mixin.py:188} INFO - [2025-08-19T16:59:48.180+0200] {dagbag.py:545} INFO - Filling up the DagBag from /Users/ehabhasan/.venvs/airflow310/lib/python3.10/site-packages/airflow/example_dags/example_trigger_controller_dag.py
[2025-08-19T16:59:48.183+0200] {processor.py:840} INFO - DAG(s) 'example_trigger_controller_dag' retrieved from /Users/ehabhasan/.venvs/airflow310/lib/python3.10/site-packages/airflow/example_dags/example_trigger_controller_dag.py
[2025-08-19T16:59:48.216+0200] {logging_mixin.py:188} INFO - [2025-08-19T16:59:48.216+0200] {dag.py:3089} INFO - Sync 1 DAGs
[2025-08-19T16:59:48.221+0200] {logging_mixin.py:188} INFO - [2025-08-19T16:59:48.221+0200] {dag.py:3947} INFO - Setting next_dagrun for example_trigger_controller_dag to 2021-01-01 00:00:00+00:00, run_after=2021-01-01 00:00:00+00:00
[2025-08-19T16:59:48.227+0200] {processor.py:183} INFO - Processing /Users/ehabhasan/.venvs/airflow310/lib/python3.10/site-packages/airflow/example_dags/example_trigger_controller_dag.py took 0.050 seconds
[2025-08-19T17:00:44.763+0200] {processor.py:161} INFO - Started process (PID=8239) to work on /Users/ehabhasan/.venvs/airflow310/lib/python3.10/site-packages/airflow/example_dags/example_trigger_controller_dag.py
[2025-08-19T17:00:44.763+0200] {processor.py:830} INFO - Processing file /Users/ehabhasan/.venvs/airflow310/lib/python3.10/site-packages/airflow/example_dags/example_trigger_controller_dag.py for tasks to queue
[2025-08-19T17:00:44.763+0200] {logging_mixin.py:188} INFO - [2025-08-19T17:00:44.763+0200] {dagbag.py:545} INFO - Filling up the DagBag from /Users/ehabhasan/.venvs/airflow310/lib/python3.10/site-packages/airflow/example_dags/example_trigger_controller_dag.py
[2025-08-19T17:00:44.767+0200] {processor.py:840} INFO - DAG(s) 'example_trigger_controller_dag' retrieved from /Users/ehabhasan/.venvs/airflow310/lib/python3.10/site-packages/airflow/example_dags/example_trigger_controller_dag.py
[2025-08-19T17:00:44.800+0200] {logging_mixin.py:188} INFO - [2025-08-19T17:00:44.800+0200] {dag.py:3089} INFO - Sync 1 DAGs
[2025-08-19T17:00:44.805+0200] {logging_mixin.py:188} INFO - [2025-08-19T17:00:44.805+0200] {dag.py:3947} INFO - Setting next_dagrun for example_trigger_controller_dag to 2021-01-01 00:00:00+00:00, run_after=2021-01-01 00:00:00+00:00
[2025-08-19T17:00:44.811+0200] {processor.py:183} INFO - Processing /Users/ehabhasan/.venvs/airflow310/lib/python3.10/site-packages/airflow/example_dags/example_trigger_controller_dag.py took 0.050 seconds
[2025-08-19T17:01:39.500+0200] {processor.py:161} INFO - Started process (PID=8284) to work on /Users/ehabhasan/.venvs/airflow310/lib/python3.10/site-packages/airflow/example_dags/example_trigger_controller_dag.py
[2025-08-19T17:01:39.501+0200] {processor.py:830} INFO - Processing file /Users/ehabhasan/.venvs/airflow310/lib/python3.10/site-packages/airflow/example_dags/example_trigger_controller_dag.py for tasks to queue
[2025-08-19T17:01:39.501+0200] {logging_mixin.py:188} INFO - [2025-08-19T17:01:39.501+0200] {dagbag.py:545} INFO - Filling up the DagBag from /Users/ehabhasan/.venvs/airflow310/lib/python3.10/site-packages/airflow/example_dags/example_trigger_controller_dag.py
[2025-08-19T17:01:39.505+0200] {processor.py:840} INFO - DAG(s) 'example_trigger_controller_dag' retrieved from /Users/ehabhasan/.venvs/airflow310/lib/python3.10/site-packages/airflow/example_dags/example_trigger_controller_dag.py
[2025-08-19T17:01:39.537+0200] {logging_mixin.py:188} INFO - [2025-08-19T17:01:39.537+0200] {dag.py:3089} INFO - Sync 1 DAGs
[2025-08-19T17:01:39.543+0200] {logging_mixin.py:188} INFO - [2025-08-19T17:01:39.543+0200] {dag.py:3947} INFO - Setting next_dagrun for example_trigger_controller_dag to 2021-01-01 00:00:00+00:00, run_after=2021-01-01 00:00:00+00:00
[2025-08-19T17:01:39.550+0200] {processor.py:183} INFO - Processing /Users/ehabhasan/.venvs/airflow310/lib/python3.10/site-packages/airflow/example_dags/example_trigger_controller_dag.py took 0.051 seconds
[2025-08-19T17:02:33.761+0200] {processor.py:161} INFO - Started process (PID=8328) to work on /Users/ehabhasan/.venvs/airflow310/lib/python3.10/site-packages/airflow/example_dags/example_trigger_controller_dag.py
[2025-08-19T17:02:33.762+0200] {processor.py:830} INFO - Processing file /Users/ehabhasan/.venvs/airflow310/lib/python3.10/site-packages/airflow/example_dags/example_trigger_controller_dag.py for tasks to queue
[2025-08-19T17:02:33.762+0200] {logging_mixin.py:188} INFO - [2025-08-19T17:02:33.762+0200] {dagbag.py:545} INFO - Filling up the DagBag from /Users/ehabhasan/.venvs/airflow310/lib/python3.10/site-packages/airflow/example_dags/example_trigger_controller_dag.py
[2025-08-19T17:02:33.765+0200] {processor.py:840} INFO - DAG(s) 'example_trigger_controller_dag' retrieved from /Users/ehabhasan/.venvs/airflow310/lib/python3.10/site-packages/airflow/example_dags/example_trigger_controller_dag.py
[2025-08-19T17:02:33.799+0200] {logging_mixin.py:188} INFO - [2025-08-19T17:02:33.799+0200] {dag.py:3089} INFO - Sync 1 DAGs
[2025-08-19T17:02:33.804+0200] {logging_mixin.py:188} INFO - [2025-08-19T17:02:33.804+0200] {dag.py:3947} INFO - Setting next_dagrun for example_trigger_controller_dag to 2021-01-01 00:00:00+00:00, run_after=2021-01-01 00:00:00+00:00
[2025-08-19T17:02:33.810+0200] {processor.py:183} INFO - Processing /Users/ehabhasan/.venvs/airflow310/lib/python3.10/site-packages/airflow/example_dags/example_trigger_controller_dag.py took 0.051 seconds
[2025-08-19T17:04:07.403+0200] {processor.py:161} INFO - Started process (PID=8919) to work on /Users/ehabhasan/.venvs/airflow310/lib/python3.10/site-packages/airflow/example_dags/example_trigger_controller_dag.py
[2025-08-19T17:04:07.403+0200] {processor.py:830} INFO - Processing file /Users/ehabhasan/.venvs/airflow310/lib/python3.10/site-packages/airflow/example_dags/example_trigger_controller_dag.py for tasks to queue
[2025-08-19T17:04:07.404+0200] {logging_mixin.py:188} INFO - [2025-08-19T17:04:07.404+0200] {dagbag.py:545} INFO - Filling up the DagBag from /Users/ehabhasan/.venvs/airflow310/lib/python3.10/site-packages/airflow/example_dags/example_trigger_controller_dag.py
[2025-08-19T17:04:07.408+0200] {processor.py:840} INFO - DAG(s) 'example_trigger_controller_dag' retrieved from /Users/ehabhasan/.venvs/airflow310/lib/python3.10/site-packages/airflow/example_dags/example_trigger_controller_dag.py
[2025-08-19T17:04:07.441+0200] {logging_mixin.py:188} INFO - [2025-08-19T17:04:07.441+0200] {dag.py:3089} INFO - Sync 1 DAGs
[2025-08-19T17:04:07.446+0200] {logging_mixin.py:188} INFO - [2025-08-19T17:04:07.446+0200] {dag.py:3947} INFO - Setting next_dagrun for example_trigger_controller_dag to 2021-01-01 00:00:00+00:00, run_after=2021-01-01 00:00:00+00:00
[2025-08-19T17:04:07.452+0200] {processor.py:183} INFO - Processing /Users/ehabhasan/.venvs/airflow310/lib/python3.10/site-packages/airflow/example_dags/example_trigger_controller_dag.py took 0.050 seconds
[2025-08-19T17:04:58.381+0200] {processor.py:161} INFO - Started process (PID=8969) to work on /Users/ehabhasan/.venvs/airflow310/lib/python3.10/site-packages/airflow/example_dags/example_trigger_controller_dag.py
[2025-08-19T17:04:58.381+0200] {processor.py:830} INFO - Processing file /Users/ehabhasan/.venvs/airflow310/lib/python3.10/site-packages/airflow/example_dags/example_trigger_controller_dag.py for tasks to queue
[2025-08-19T17:04:58.381+0200] {logging_mixin.py:188} INFO - [2025-08-19T17:04:58.381+0200] {dagbag.py:545} INFO - Filling up the DagBag from /Users/ehabhasan/.venvs/airflow310/lib/python3.10/site-packages/airflow/example_dags/example_trigger_controller_dag.py
[2025-08-19T17:04:58.385+0200] {processor.py:840} INFO - DAG(s) 'example_trigger_controller_dag' retrieved from /Users/ehabhasan/.venvs/airflow310/lib/python3.10/site-packages/airflow/example_dags/example_trigger_controller_dag.py
[2025-08-19T17:04:58.418+0200] {logging_mixin.py:188} INFO - [2025-08-19T17:04:58.418+0200] {dag.py:3089} INFO - Sync 1 DAGs
[2025-08-19T17:04:58.423+0200] {logging_mixin.py:188} INFO - [2025-08-19T17:04:58.423+0200] {dag.py:3947} INFO - Setting next_dagrun for example_trigger_controller_dag to 2021-01-01 00:00:00+00:00, run_after=2021-01-01 00:00:00+00:00
[2025-08-19T17:04:58.429+0200] {processor.py:183} INFO - Processing /Users/ehabhasan/.venvs/airflow310/lib/python3.10/site-packages/airflow/example_dags/example_trigger_controller_dag.py took 0.050 seconds
[2025-08-19T17:05:52.469+0200] {processor.py:161} INFO - Started process (PID=9301) to work on /Users/ehabhasan/.venvs/airflow310/lib/python3.10/site-packages/airflow/example_dags/example_trigger_controller_dag.py
[2025-08-19T17:05:52.470+0200] {processor.py:830} INFO - Processing file /Users/ehabhasan/.venvs/airflow310/lib/python3.10/site-packages/airflow/example_dags/example_trigger_controller_dag.py for tasks to queue
[2025-08-19T17:05:52.470+0200] {logging_mixin.py:188} INFO - [2025-08-19T17:05:52.470+0200] {dagbag.py:545} INFO - Filling up the DagBag from /Users/ehabhasan/.venvs/airflow310/lib/python3.10/site-packages/airflow/example_dags/example_trigger_controller_dag.py
[2025-08-19T17:05:52.473+0200] {processor.py:840} INFO - DAG(s) 'example_trigger_controller_dag' retrieved from /Users/ehabhasan/.venvs/airflow310/lib/python3.10/site-packages/airflow/example_dags/example_trigger_controller_dag.py
[2025-08-19T17:05:52.508+0200] {logging_mixin.py:188} INFO - [2025-08-19T17:05:52.508+0200] {dag.py:3089} INFO - Sync 1 DAGs
[2025-08-19T17:05:52.513+0200] {logging_mixin.py:188} INFO - [2025-08-19T17:05:52.513+0200] {dag.py:3947} INFO - Setting next_dagrun for example_trigger_controller_dag to 2021-01-01 00:00:00+00:00, run_after=2021-01-01 00:00:00+00:00
[2025-08-19T17:05:52.520+0200] {processor.py:183} INFO - Processing /Users/ehabhasan/.venvs/airflow310/lib/python3.10/site-packages/airflow/example_dags/example_trigger_controller_dag.py took 0.053 seconds
[2025-08-19T17:06:44.407+0200] {processor.py:161} INFO - Started process (PID=9453) to work on /Users/ehabhasan/.venvs/airflow310/lib/python3.10/site-packages/airflow/example_dags/example_trigger_controller_dag.py
[2025-08-19T17:06:44.407+0200] {processor.py:830} INFO - Processing file /Users/ehabhasan/.venvs/airflow310/lib/python3.10/site-packages/airflow/example_dags/example_trigger_controller_dag.py for tasks to queue
[2025-08-19T17:06:44.407+0200] {logging_mixin.py:188} INFO - [2025-08-19T17:06:44.407+0200] {dagbag.py:545} INFO - Filling up the DagBag from /Users/ehabhasan/.venvs/airflow310/lib/python3.10/site-packages/airflow/example_dags/example_trigger_controller_dag.py
[2025-08-19T17:06:44.411+0200] {processor.py:840} INFO - DAG(s) 'example_trigger_controller_dag' retrieved from /Users/ehabhasan/.venvs/airflow310/lib/python3.10/site-packages/airflow/example_dags/example_trigger_controller_dag.py
[2025-08-19T17:06:44.444+0200] {logging_mixin.py:188} INFO - [2025-08-19T17:06:44.444+0200] {dag.py:3089} INFO - Sync 1 DAGs
[2025-08-19T17:06:44.449+0200] {logging_mixin.py:188} INFO - [2025-08-19T17:06:44.449+0200] {dag.py:3947} INFO - Setting next_dagrun for example_trigger_controller_dag to 2021-01-01 00:00:00+00:00, run_after=2021-01-01 00:00:00+00:00
[2025-08-19T17:06:44.456+0200] {processor.py:183} INFO - Processing /Users/ehabhasan/.venvs/airflow310/lib/python3.10/site-packages/airflow/example_dags/example_trigger_controller_dag.py took 0.051 seconds
[2025-08-19T17:07:37.859+0200] {processor.py:161} INFO - Started process (PID=10109) to work on /Users/ehabhasan/.venvs/airflow310/lib/python3.10/site-packages/airflow/example_dags/example_trigger_controller_dag.py
[2025-08-19T17:07:37.859+0200] {processor.py:830} INFO - Processing file /Users/ehabhasan/.venvs/airflow310/lib/python3.10/site-packages/airflow/example_dags/example_trigger_controller_dag.py for tasks to queue
[2025-08-19T17:07:37.860+0200] {logging_mixin.py:188} INFO - [2025-08-19T17:07:37.860+0200] {dagbag.py:545} INFO - Filling up the DagBag from /Users/ehabhasan/.venvs/airflow310/lib/python3.10/site-packages/airflow/example_dags/example_trigger_controller_dag.py
[2025-08-19T17:07:37.863+0200] {processor.py:840} INFO - DAG(s) 'example_trigger_controller_dag' retrieved from /Users/ehabhasan/.venvs/airflow310/lib/python3.10/site-packages/airflow/example_dags/example_trigger_controller_dag.py
[2025-08-19T17:07:37.897+0200] {logging_mixin.py:188} INFO - [2025-08-19T17:07:37.897+0200] {dag.py:3089} INFO - Sync 1 DAGs
[2025-08-19T17:07:37.902+0200] {logging_mixin.py:188} INFO - [2025-08-19T17:07:37.902+0200] {dag.py:3947} INFO - Setting next_dagrun for example_trigger_controller_dag to 2021-01-01 00:00:00+00:00, run_after=2021-01-01 00:00:00+00:00
[2025-08-19T17:07:37.909+0200] {processor.py:183} INFO - Processing /Users/ehabhasan/.venvs/airflow310/lib/python3.10/site-packages/airflow/example_dags/example_trigger_controller_dag.py took 0.052 seconds
[2025-08-19T17:08:32.174+0200] {processor.py:161} INFO - Started process (PID=10154) to work on /Users/ehabhasan/.venvs/airflow310/lib/python3.10/site-packages/airflow/example_dags/example_trigger_controller_dag.py
[2025-08-19T17:08:32.175+0200] {processor.py:830} INFO - Processing file /Users/ehabhasan/.venvs/airflow310/lib/python3.10/site-packages/airflow/example_dags/example_trigger_controller_dag.py for tasks to queue
[2025-08-19T17:08:32.175+0200] {logging_mixin.py:188} INFO - [2025-08-19T17:08:32.175+0200] {dagbag.py:545} INFO - Filling up the DagBag from /Users/ehabhasan/.venvs/airflow310/lib/python3.10/site-packages/airflow/example_dags/example_trigger_controller_dag.py
[2025-08-19T17:08:32.178+0200] {processor.py:840} INFO - DAG(s) 'example_trigger_controller_dag' retrieved from /Users/ehabhasan/.venvs/airflow310/lib/python3.10/site-packages/airflow/example_dags/example_trigger_controller_dag.py
[2025-08-19T17:08:32.211+0200] {logging_mixin.py:188} INFO - [2025-08-19T17:08:32.211+0200] {dag.py:3089} INFO - Sync 1 DAGs
[2025-08-19T17:08:32.216+0200] {logging_mixin.py:188} INFO - [2025-08-19T17:08:32.216+0200] {dag.py:3947} INFO - Setting next_dagrun for example_trigger_controller_dag to 2021-01-01 00:00:00+00:00, run_after=2021-01-01 00:00:00+00:00
[2025-08-19T17:08:32.223+0200] {processor.py:183} INFO - Processing /Users/ehabhasan/.venvs/airflow310/lib/python3.10/site-packages/airflow/example_dags/example_trigger_controller_dag.py took 0.050 seconds
[2025-08-19T17:09:29.435+0200] {processor.py:161} INFO - Started process (PID=10212) to work on /Users/ehabhasan/.venvs/airflow310/lib/python3.10/site-packages/airflow/example_dags/example_trigger_controller_dag.py
[2025-08-19T17:09:29.435+0200] {processor.py:830} INFO - Processing file /Users/ehabhasan/.venvs/airflow310/lib/python3.10/site-packages/airflow/example_dags/example_trigger_controller_dag.py for tasks to queue
[2025-08-19T17:09:29.435+0200] {logging_mixin.py:188} INFO - [2025-08-19T17:09:29.435+0200] {dagbag.py:545} INFO - Filling up the DagBag from /Users/ehabhasan/.venvs/airflow310/lib/python3.10/site-packages/airflow/example_dags/example_trigger_controller_dag.py
[2025-08-19T17:09:29.439+0200] {processor.py:840} INFO - DAG(s) 'example_trigger_controller_dag' retrieved from /Users/ehabhasan/.venvs/airflow310/lib/python3.10/site-packages/airflow/example_dags/example_trigger_controller_dag.py
[2025-08-19T17:09:29.474+0200] {logging_mixin.py:188} INFO - [2025-08-19T17:09:29.474+0200] {dag.py:3089} INFO - Sync 1 DAGs
[2025-08-19T17:09:29.479+0200] {logging_mixin.py:188} INFO - [2025-08-19T17:09:29.479+0200] {dag.py:3947} INFO - Setting next_dagrun for example_trigger_controller_dag to 2021-01-01 00:00:00+00:00, run_after=2021-01-01 00:00:00+00:00
[2025-08-19T17:09:29.486+0200] {processor.py:183} INFO - Processing /Users/ehabhasan/.venvs/airflow310/lib/python3.10/site-packages/airflow/example_dags/example_trigger_controller_dag.py took 0.053 seconds
[2025-08-19T17:10:23.713+0200] {processor.py:161} INFO - Started process (PID=10271) to work on /Users/ehabhasan/.venvs/airflow310/lib/python3.10/site-packages/airflow/example_dags/example_trigger_controller_dag.py
[2025-08-19T17:10:23.714+0200] {processor.py:830} INFO - Processing file /Users/ehabhasan/.venvs/airflow310/lib/python3.10/site-packages/airflow/example_dags/example_trigger_controller_dag.py for tasks to queue
[2025-08-19T17:10:23.714+0200] {logging_mixin.py:188} INFO - [2025-08-19T17:10:23.714+0200] {dagbag.py:545} INFO - Filling up the DagBag from /Users/ehabhasan/.venvs/airflow310/lib/python3.10/site-packages/airflow/example_dags/example_trigger_controller_dag.py
[2025-08-19T17:10:23.718+0200] {processor.py:840} INFO - DAG(s) 'example_trigger_controller_dag' retrieved from /Users/ehabhasan/.venvs/airflow310/lib/python3.10/site-packages/airflow/example_dags/example_trigger_controller_dag.py
[2025-08-19T17:10:23.752+0200] {logging_mixin.py:188} INFO - [2025-08-19T17:10:23.752+0200] {dag.py:3089} INFO - Sync 1 DAGs
[2025-08-19T17:10:23.757+0200] {logging_mixin.py:188} INFO - [2025-08-19T17:10:23.757+0200] {dag.py:3947} INFO - Setting next_dagrun for example_trigger_controller_dag to 2021-01-01 00:00:00+00:00, run_after=2021-01-01 00:00:00+00:00
[2025-08-19T17:10:23.763+0200] {processor.py:183} INFO - Processing /Users/ehabhasan/.venvs/airflow310/lib/python3.10/site-packages/airflow/example_dags/example_trigger_controller_dag.py took 0.051 seconds
[2025-08-19T17:12:09.791+0200] {processor.py:161} INFO - Started process (PID=10354) to work on /Users/ehabhasan/.venvs/airflow310/lib/python3.10/site-packages/airflow/example_dags/example_trigger_controller_dag.py
[2025-08-19T17:12:09.791+0200] {processor.py:830} INFO - Processing file /Users/ehabhasan/.venvs/airflow310/lib/python3.10/site-packages/airflow/example_dags/example_trigger_controller_dag.py for tasks to queue
[2025-08-19T17:12:09.792+0200] {logging_mixin.py:188} INFO - [2025-08-19T17:12:09.791+0200] {dagbag.py:545} INFO - Filling up the DagBag from /Users/ehabhasan/.venvs/airflow310/lib/python3.10/site-packages/airflow/example_dags/example_trigger_controller_dag.py
[2025-08-19T17:12:09.795+0200] {processor.py:840} INFO - DAG(s) 'example_trigger_controller_dag' retrieved from /Users/ehabhasan/.venvs/airflow310/lib/python3.10/site-packages/airflow/example_dags/example_trigger_controller_dag.py
[2025-08-19T17:12:09.830+0200] {logging_mixin.py:188} INFO - [2025-08-19T17:12:09.830+0200] {dag.py:3089} INFO - Sync 1 DAGs
[2025-08-19T17:12:09.836+0200] {logging_mixin.py:188} INFO - [2025-08-19T17:12:09.836+0200] {dag.py:3947} INFO - Setting next_dagrun for example_trigger_controller_dag to 2021-01-01 00:00:00+00:00, run_after=2021-01-01 00:00:00+00:00
[2025-08-19T17:12:09.843+0200] {processor.py:183} INFO - Processing /Users/ehabhasan/.venvs/airflow310/lib/python3.10/site-packages/airflow/example_dags/example_trigger_controller_dag.py took 0.054 seconds
[2025-08-19T17:13:05.939+0200] {processor.py:161} INFO - Started process (PID=10402) to work on /Users/ehabhasan/.venvs/airflow310/lib/python3.10/site-packages/airflow/example_dags/example_trigger_controller_dag.py
[2025-08-19T17:13:05.940+0200] {processor.py:830} INFO - Processing file /Users/ehabhasan/.venvs/airflow310/lib/python3.10/site-packages/airflow/example_dags/example_trigger_controller_dag.py for tasks to queue
[2025-08-19T17:13:05.940+0200] {logging_mixin.py:188} INFO - [2025-08-19T17:13:05.940+0200] {dagbag.py:545} INFO - Filling up the DagBag from /Users/ehabhasan/.venvs/airflow310/lib/python3.10/site-packages/airflow/example_dags/example_trigger_controller_dag.py
[2025-08-19T17:13:05.943+0200] {processor.py:840} INFO - DAG(s) 'example_trigger_controller_dag' retrieved from /Users/ehabhasan/.venvs/airflow310/lib/python3.10/site-packages/airflow/example_dags/example_trigger_controller_dag.py
[2025-08-19T17:13:05.977+0200] {logging_mixin.py:188} INFO - [2025-08-19T17:13:05.976+0200] {dag.py:3089} INFO - Sync 1 DAGs
[2025-08-19T17:13:05.982+0200] {logging_mixin.py:188} INFO - [2025-08-19T17:13:05.982+0200] {dag.py:3947} INFO - Setting next_dagrun for example_trigger_controller_dag to 2021-01-01 00:00:00+00:00, run_after=2021-01-01 00:00:00+00:00
[2025-08-19T17:13:05.988+0200] {processor.py:183} INFO - Processing /Users/ehabhasan/.venvs/airflow310/lib/python3.10/site-packages/airflow/example_dags/example_trigger_controller_dag.py took 0.051 seconds
[2025-08-19T17:14:01.948+0200] {processor.py:161} INFO - Started process (PID=10443) to work on /Users/ehabhasan/.venvs/airflow310/lib/python3.10/site-packages/airflow/example_dags/example_trigger_controller_dag.py
[2025-08-19T17:14:01.948+0200] {processor.py:830} INFO - Processing file /Users/ehabhasan/.venvs/airflow310/lib/python3.10/site-packages/airflow/example_dags/example_trigger_controller_dag.py for tasks to queue
[2025-08-19T17:14:01.948+0200] {logging_mixin.py:188} INFO - [2025-08-19T17:14:01.948+0200] {dagbag.py:545} INFO - Filling up the DagBag from /Users/ehabhasan/.venvs/airflow310/lib/python3.10/site-packages/airflow/example_dags/example_trigger_controller_dag.py
[2025-08-19T17:14:01.952+0200] {processor.py:840} INFO - DAG(s) 'example_trigger_controller_dag' retrieved from /Users/ehabhasan/.venvs/airflow310/lib/python3.10/site-packages/airflow/example_dags/example_trigger_controller_dag.py
[2025-08-19T17:14:01.985+0200] {logging_mixin.py:188} INFO - [2025-08-19T17:14:01.985+0200] {dag.py:3089} INFO - Sync 1 DAGs
[2025-08-19T17:14:01.990+0200] {logging_mixin.py:188} INFO - [2025-08-19T17:14:01.990+0200] {dag.py:3947} INFO - Setting next_dagrun for example_trigger_controller_dag to 2021-01-01 00:00:00+00:00, run_after=2021-01-01 00:00:00+00:00
[2025-08-19T17:14:01.996+0200] {processor.py:183} INFO - Processing /Users/ehabhasan/.venvs/airflow310/lib/python3.10/site-packages/airflow/example_dags/example_trigger_controller_dag.py took 0.050 seconds
[2025-08-19T17:14:57.680+0200] {processor.py:161} INFO - Started process (PID=10517) to work on /Users/ehabhasan/.venvs/airflow310/lib/python3.10/site-packages/airflow/example_dags/example_trigger_controller_dag.py
[2025-08-19T17:14:57.681+0200] {processor.py:830} INFO - Processing file /Users/ehabhasan/.venvs/airflow310/lib/python3.10/site-packages/airflow/example_dags/example_trigger_controller_dag.py for tasks to queue
[2025-08-19T17:14:57.681+0200] {logging_mixin.py:188} INFO - [2025-08-19T17:14:57.681+0200] {dagbag.py:545} INFO - Filling up the DagBag from /Users/ehabhasan/.venvs/airflow310/lib/python3.10/site-packages/airflow/example_dags/example_trigger_controller_dag.py
[2025-08-19T17:14:57.685+0200] {processor.py:840} INFO - DAG(s) 'example_trigger_controller_dag' retrieved from /Users/ehabhasan/.venvs/airflow310/lib/python3.10/site-packages/airflow/example_dags/example_trigger_controller_dag.py
[2025-08-19T17:14:57.719+0200] {logging_mixin.py:188} INFO - [2025-08-19T17:14:57.718+0200] {dag.py:3089} INFO - Sync 1 DAGs
[2025-08-19T17:14:57.724+0200] {logging_mixin.py:188} INFO - [2025-08-19T17:14:57.724+0200] {dag.py:3947} INFO - Setting next_dagrun for example_trigger_controller_dag to 2021-01-01 00:00:00+00:00, run_after=2021-01-01 00:00:00+00:00
[2025-08-19T17:14:57.731+0200] {processor.py:183} INFO - Processing /Users/ehabhasan/.venvs/airflow310/lib/python3.10/site-packages/airflow/example_dags/example_trigger_controller_dag.py took 0.052 seconds
[2025-08-19T17:15:55.382+0200] {processor.py:161} INFO - Started process (PID=10793) to work on /Users/ehabhasan/.venvs/airflow310/lib/python3.10/site-packages/airflow/example_dags/example_trigger_controller_dag.py
[2025-08-19T17:15:55.383+0200] {processor.py:830} INFO - Processing file /Users/ehabhasan/.venvs/airflow310/lib/python3.10/site-packages/airflow/example_dags/example_trigger_controller_dag.py for tasks to queue
[2025-08-19T17:15:55.383+0200] {logging_mixin.py:188} INFO - [2025-08-19T17:15:55.383+0200] {dagbag.py:545} INFO - Filling up the DagBag from /Users/ehabhasan/.venvs/airflow310/lib/python3.10/site-packages/airflow/example_dags/example_trigger_controller_dag.py
[2025-08-19T17:15:55.387+0200] {processor.py:840} INFO - DAG(s) 'example_trigger_controller_dag' retrieved from /Users/ehabhasan/.venvs/airflow310/lib/python3.10/site-packages/airflow/example_dags/example_trigger_controller_dag.py
[2025-08-19T17:15:55.421+0200] {logging_mixin.py:188} INFO - [2025-08-19T17:15:55.421+0200] {dag.py:3089} INFO - Sync 1 DAGs
[2025-08-19T17:15:55.427+0200] {logging_mixin.py:188} INFO - [2025-08-19T17:15:55.427+0200] {dag.py:3947} INFO - Setting next_dagrun for example_trigger_controller_dag to 2021-01-01 00:00:00+00:00, run_after=2021-01-01 00:00:00+00:00
[2025-08-19T17:15:55.438+0200] {processor.py:183} INFO - Processing /Users/ehabhasan/.venvs/airflow310/lib/python3.10/site-packages/airflow/example_dags/example_trigger_controller_dag.py took 0.058 seconds
[2025-08-19T17:16:50.447+0200] {processor.py:161} INFO - Started process (PID=11408) to work on /Users/ehabhasan/.venvs/airflow310/lib/python3.10/site-packages/airflow/example_dags/example_trigger_controller_dag.py
[2025-08-19T17:16:50.447+0200] {processor.py:830} INFO - Processing file /Users/ehabhasan/.venvs/airflow310/lib/python3.10/site-packages/airflow/example_dags/example_trigger_controller_dag.py for tasks to queue
[2025-08-19T17:16:50.448+0200] {logging_mixin.py:188} INFO - [2025-08-19T17:16:50.448+0200] {dagbag.py:545} INFO - Filling up the DagBag from /Users/ehabhasan/.venvs/airflow310/lib/python3.10/site-packages/airflow/example_dags/example_trigger_controller_dag.py
[2025-08-19T17:16:50.452+0200] {processor.py:840} INFO - DAG(s) 'example_trigger_controller_dag' retrieved from /Users/ehabhasan/.venvs/airflow310/lib/python3.10/site-packages/airflow/example_dags/example_trigger_controller_dag.py
[2025-08-19T17:16:50.487+0200] {logging_mixin.py:188} INFO - [2025-08-19T17:16:50.486+0200] {dag.py:3089} INFO - Sync 1 DAGs
[2025-08-19T17:16:50.492+0200] {logging_mixin.py:188} INFO - [2025-08-19T17:16:50.492+0200] {dag.py:3947} INFO - Setting next_dagrun for example_trigger_controller_dag to 2021-01-01 00:00:00+00:00, run_after=2021-01-01 00:00:00+00:00
[2025-08-19T17:16:50.499+0200] {processor.py:183} INFO - Processing /Users/ehabhasan/.venvs/airflow310/lib/python3.10/site-packages/airflow/example_dags/example_trigger_controller_dag.py took 0.053 seconds
[2025-08-19T17:17:45.555+0200] {processor.py:161} INFO - Started process (PID=11461) to work on /Users/ehabhasan/.venvs/airflow310/lib/python3.10/site-packages/airflow/example_dags/example_trigger_controller_dag.py
[2025-08-19T17:17:45.556+0200] {processor.py:830} INFO - Processing file /Users/ehabhasan/.venvs/airflow310/lib/python3.10/site-packages/airflow/example_dags/example_trigger_controller_dag.py for tasks to queue
[2025-08-19T17:17:45.557+0200] {logging_mixin.py:188} INFO - [2025-08-19T17:17:45.557+0200] {dagbag.py:545} INFO - Filling up the DagBag from /Users/ehabhasan/.venvs/airflow310/lib/python3.10/site-packages/airflow/example_dags/example_trigger_controller_dag.py
[2025-08-19T17:17:45.560+0200] {processor.py:840} INFO - DAG(s) 'example_trigger_controller_dag' retrieved from /Users/ehabhasan/.venvs/airflow310/lib/python3.10/site-packages/airflow/example_dags/example_trigger_controller_dag.py
[2025-08-19T17:17:45.593+0200] {logging_mixin.py:188} INFO - [2025-08-19T17:17:45.593+0200] {dag.py:3089} INFO - Sync 1 DAGs
[2025-08-19T17:17:45.599+0200] {logging_mixin.py:188} INFO - [2025-08-19T17:17:45.599+0200] {dag.py:3947} INFO - Setting next_dagrun for example_trigger_controller_dag to 2021-01-01 00:00:00+00:00, run_after=2021-01-01 00:00:00+00:00
[2025-08-19T17:17:45.605+0200] {processor.py:183} INFO - Processing /Users/ehabhasan/.venvs/airflow310/lib/python3.10/site-packages/airflow/example_dags/example_trigger_controller_dag.py took 0.051 seconds
[2025-08-19T17:18:38.545+0200] {processor.py:161} INFO - Started process (PID=11505) to work on /Users/ehabhasan/.venvs/airflow310/lib/python3.10/site-packages/airflow/example_dags/example_trigger_controller_dag.py
[2025-08-19T17:18:38.545+0200] {processor.py:830} INFO - Processing file /Users/ehabhasan/.venvs/airflow310/lib/python3.10/site-packages/airflow/example_dags/example_trigger_controller_dag.py for tasks to queue
[2025-08-19T17:18:38.545+0200] {logging_mixin.py:188} INFO - [2025-08-19T17:18:38.545+0200] {dagbag.py:545} INFO - Filling up the DagBag from /Users/ehabhasan/.venvs/airflow310/lib/python3.10/site-packages/airflow/example_dags/example_trigger_controller_dag.py
[2025-08-19T17:18:38.549+0200] {processor.py:840} INFO - DAG(s) 'example_trigger_controller_dag' retrieved from /Users/ehabhasan/.venvs/airflow310/lib/python3.10/site-packages/airflow/example_dags/example_trigger_controller_dag.py
[2025-08-19T17:18:38.582+0200] {logging_mixin.py:188} INFO - [2025-08-19T17:18:38.582+0200] {dag.py:3089} INFO - Sync 1 DAGs
[2025-08-19T17:18:38.587+0200] {logging_mixin.py:188} INFO - [2025-08-19T17:18:38.587+0200] {dag.py:3947} INFO - Setting next_dagrun for example_trigger_controller_dag to 2021-01-01 00:00:00+00:00, run_after=2021-01-01 00:00:00+00:00
[2025-08-19T17:18:38.593+0200] {processor.py:183} INFO - Processing /Users/ehabhasan/.venvs/airflow310/lib/python3.10/site-packages/airflow/example_dags/example_trigger_controller_dag.py took 0.050 seconds
[2025-08-19T17:19:34.365+0200] {processor.py:161} INFO - Started process (PID=11563) to work on /Users/ehabhasan/.venvs/airflow310/lib/python3.10/site-packages/airflow/example_dags/example_trigger_controller_dag.py
[2025-08-19T17:19:34.365+0200] {processor.py:830} INFO - Processing file /Users/ehabhasan/.venvs/airflow310/lib/python3.10/site-packages/airflow/example_dags/example_trigger_controller_dag.py for tasks to queue
[2025-08-19T17:19:34.366+0200] {logging_mixin.py:188} INFO - [2025-08-19T17:19:34.366+0200] {dagbag.py:545} INFO - Filling up the DagBag from /Users/ehabhasan/.venvs/airflow310/lib/python3.10/site-packages/airflow/example_dags/example_trigger_controller_dag.py
[2025-08-19T17:19:34.369+0200] {processor.py:840} INFO - DAG(s) 'example_trigger_controller_dag' retrieved from /Users/ehabhasan/.venvs/airflow310/lib/python3.10/site-packages/airflow/example_dags/example_trigger_controller_dag.py
[2025-08-19T17:19:34.405+0200] {logging_mixin.py:188} INFO - [2025-08-19T17:19:34.404+0200] {dag.py:3089} INFO - Sync 1 DAGs
[2025-08-19T17:19:34.410+0200] {logging_mixin.py:188} INFO - [2025-08-19T17:19:34.410+0200] {dag.py:3947} INFO - Setting next_dagrun for example_trigger_controller_dag to 2021-01-01 00:00:00+00:00, run_after=2021-01-01 00:00:00+00:00
[2025-08-19T17:19:34.417+0200] {processor.py:183} INFO - Processing /Users/ehabhasan/.venvs/airflow310/lib/python3.10/site-packages/airflow/example_dags/example_trigger_controller_dag.py took 0.054 seconds
[2025-08-19T17:21:14.203+0200] {processor.py:161} INFO - Started process (PID=11640) to work on /Users/ehabhasan/.venvs/airflow310/lib/python3.10/site-packages/airflow/example_dags/example_trigger_controller_dag.py
[2025-08-19T17:21:14.203+0200] {processor.py:830} INFO - Processing file /Users/ehabhasan/.venvs/airflow310/lib/python3.10/site-packages/airflow/example_dags/example_trigger_controller_dag.py for tasks to queue
[2025-08-19T17:21:14.204+0200] {logging_mixin.py:188} INFO - [2025-08-19T17:21:14.204+0200] {dagbag.py:545} INFO - Filling up the DagBag from /Users/ehabhasan/.venvs/airflow310/lib/python3.10/site-packages/airflow/example_dags/example_trigger_controller_dag.py
[2025-08-19T17:21:14.207+0200] {processor.py:840} INFO - DAG(s) 'example_trigger_controller_dag' retrieved from /Users/ehabhasan/.venvs/airflow310/lib/python3.10/site-packages/airflow/example_dags/example_trigger_controller_dag.py
[2025-08-19T17:21:14.241+0200] {logging_mixin.py:188} INFO - [2025-08-19T17:21:14.241+0200] {dag.py:3089} INFO - Sync 1 DAGs
[2025-08-19T17:21:14.246+0200] {logging_mixin.py:188} INFO - [2025-08-19T17:21:14.246+0200] {dag.py:3947} INFO - Setting next_dagrun for example_trigger_controller_dag to 2021-01-01 00:00:00+00:00, run_after=2021-01-01 00:00:00+00:00
[2025-08-19T17:21:14.253+0200] {processor.py:183} INFO - Processing /Users/ehabhasan/.venvs/airflow310/lib/python3.10/site-packages/airflow/example_dags/example_trigger_controller_dag.py took 0.051 seconds
[2025-08-19T17:22:12.726+0200] {processor.py:161} INFO - Started process (PID=11677) to work on /Users/ehabhasan/.venvs/airflow310/lib/python3.10/site-packages/airflow/example_dags/example_trigger_controller_dag.py
[2025-08-19T17:22:12.727+0200] {processor.py:830} INFO - Processing file /Users/ehabhasan/.venvs/airflow310/lib/python3.10/site-packages/airflow/example_dags/example_trigger_controller_dag.py for tasks to queue
[2025-08-19T17:22:12.727+0200] {logging_mixin.py:188} INFO - [2025-08-19T17:22:12.727+0200] {dagbag.py:545} INFO - Filling up the DagBag from /Users/ehabhasan/.venvs/airflow310/lib/python3.10/site-packages/airflow/example_dags/example_trigger_controller_dag.py
[2025-08-19T17:22:12.731+0200] {processor.py:840} INFO - DAG(s) 'example_trigger_controller_dag' retrieved from /Users/ehabhasan/.venvs/airflow310/lib/python3.10/site-packages/airflow/example_dags/example_trigger_controller_dag.py
[2025-08-19T17:22:12.764+0200] {logging_mixin.py:188} INFO - [2025-08-19T17:22:12.764+0200] {dag.py:3089} INFO - Sync 1 DAGs
[2025-08-19T17:22:12.769+0200] {logging_mixin.py:188} INFO - [2025-08-19T17:22:12.769+0200] {dag.py:3947} INFO - Setting next_dagrun for example_trigger_controller_dag to 2021-01-01 00:00:00+00:00, run_after=2021-01-01 00:00:00+00:00
[2025-08-19T17:22:12.776+0200] {processor.py:183} INFO - Processing /Users/ehabhasan/.venvs/airflow310/lib/python3.10/site-packages/airflow/example_dags/example_trigger_controller_dag.py took 0.051 seconds
[2025-08-19T17:23:09.220+0200] {processor.py:161} INFO - Started process (PID=11715) to work on /Users/ehabhasan/.venvs/airflow310/lib/python3.10/site-packages/airflow/example_dags/example_trigger_controller_dag.py
[2025-08-19T17:23:09.220+0200] {processor.py:830} INFO - Processing file /Users/ehabhasan/.venvs/airflow310/lib/python3.10/site-packages/airflow/example_dags/example_trigger_controller_dag.py for tasks to queue
[2025-08-19T17:23:09.220+0200] {logging_mixin.py:188} INFO - [2025-08-19T17:23:09.220+0200] {dagbag.py:545} INFO - Filling up the DagBag from /Users/ehabhasan/.venvs/airflow310/lib/python3.10/site-packages/airflow/example_dags/example_trigger_controller_dag.py
[2025-08-19T17:23:09.224+0200] {processor.py:840} INFO - DAG(s) 'example_trigger_controller_dag' retrieved from /Users/ehabhasan/.venvs/airflow310/lib/python3.10/site-packages/airflow/example_dags/example_trigger_controller_dag.py
[2025-08-19T17:23:09.257+0200] {logging_mixin.py:188} INFO - [2025-08-19T17:23:09.257+0200] {dag.py:3089} INFO - Sync 1 DAGs
[2025-08-19T17:23:09.262+0200] {logging_mixin.py:188} INFO - [2025-08-19T17:23:09.262+0200] {dag.py:3947} INFO - Setting next_dagrun for example_trigger_controller_dag to 2021-01-01 00:00:00+00:00, run_after=2021-01-01 00:00:00+00:00
[2025-08-19T17:23:09.269+0200] {processor.py:183} INFO - Processing /Users/ehabhasan/.venvs/airflow310/lib/python3.10/site-packages/airflow/example_dags/example_trigger_controller_dag.py took 0.050 seconds
[2025-08-19T17:24:52.670+0200] {processor.py:161} INFO - Started process (PID=11796) to work on /Users/ehabhasan/.venvs/airflow310/lib/python3.10/site-packages/airflow/example_dags/example_trigger_controller_dag.py
[2025-08-19T17:24:52.672+0200] {processor.py:830} INFO - Processing file /Users/ehabhasan/.venvs/airflow310/lib/python3.10/site-packages/airflow/example_dags/example_trigger_controller_dag.py for tasks to queue
[2025-08-19T17:24:52.672+0200] {logging_mixin.py:188} INFO - [2025-08-19T17:24:52.672+0200] {dagbag.py:545} INFO - Filling up the DagBag from /Users/ehabhasan/.venvs/airflow310/lib/python3.10/site-packages/airflow/example_dags/example_trigger_controller_dag.py
[2025-08-19T17:24:52.676+0200] {processor.py:840} INFO - DAG(s) 'example_trigger_controller_dag' retrieved from /Users/ehabhasan/.venvs/airflow310/lib/python3.10/site-packages/airflow/example_dags/example_trigger_controller_dag.py
[2025-08-19T17:24:52.711+0200] {logging_mixin.py:188} INFO - [2025-08-19T17:24:52.710+0200] {dag.py:3089} INFO - Sync 1 DAGs
[2025-08-19T17:24:52.716+0200] {logging_mixin.py:188} INFO - [2025-08-19T17:24:52.716+0200] {dag.py:3947} INFO - Setting next_dagrun for example_trigger_controller_dag to 2021-01-01 00:00:00+00:00, run_after=2021-01-01 00:00:00+00:00
[2025-08-19T17:24:52.722+0200] {processor.py:183} INFO - Processing /Users/ehabhasan/.venvs/airflow310/lib/python3.10/site-packages/airflow/example_dags/example_trigger_controller_dag.py took 0.054 seconds
[2025-08-19T17:25:47.620+0200] {processor.py:161} INFO - Started process (PID=11838) to work on /Users/ehabhasan/.venvs/airflow310/lib/python3.10/site-packages/airflow/example_dags/example_trigger_controller_dag.py
[2025-08-19T17:25:47.620+0200] {processor.py:830} INFO - Processing file /Users/ehabhasan/.venvs/airflow310/lib/python3.10/site-packages/airflow/example_dags/example_trigger_controller_dag.py for tasks to queue
[2025-08-19T17:25:47.621+0200] {logging_mixin.py:188} INFO - [2025-08-19T17:25:47.621+0200] {dagbag.py:545} INFO - Filling up the DagBag from /Users/ehabhasan/.venvs/airflow310/lib/python3.10/site-packages/airflow/example_dags/example_trigger_controller_dag.py
[2025-08-19T17:25:47.625+0200] {processor.py:840} INFO - DAG(s) 'example_trigger_controller_dag' retrieved from /Users/ehabhasan/.venvs/airflow310/lib/python3.10/site-packages/airflow/example_dags/example_trigger_controller_dag.py
[2025-08-19T17:25:47.660+0200] {logging_mixin.py:188} INFO - [2025-08-19T17:25:47.660+0200] {dag.py:3089} INFO - Sync 1 DAGs
[2025-08-19T17:25:47.666+0200] {logging_mixin.py:188} INFO - [2025-08-19T17:25:47.666+0200] {dag.py:3947} INFO - Setting next_dagrun for example_trigger_controller_dag to 2021-01-01 00:00:00+00:00, run_after=2021-01-01 00:00:00+00:00
[2025-08-19T17:25:47.672+0200] {processor.py:183} INFO - Processing /Users/ehabhasan/.venvs/airflow310/lib/python3.10/site-packages/airflow/example_dags/example_trigger_controller_dag.py took 0.054 seconds
[2025-08-19T17:27:36.757+0200] {processor.py:161} INFO - Started process (PID=11915) to work on /Users/ehabhasan/.venvs/airflow310/lib/python3.10/site-packages/airflow/example_dags/example_trigger_controller_dag.py
[2025-08-19T17:27:36.757+0200] {processor.py:830} INFO - Processing file /Users/ehabhasan/.venvs/airflow310/lib/python3.10/site-packages/airflow/example_dags/example_trigger_controller_dag.py for tasks to queue
[2025-08-19T17:27:36.758+0200] {logging_mixin.py:188} INFO - [2025-08-19T17:27:36.757+0200] {dagbag.py:545} INFO - Filling up the DagBag from /Users/ehabhasan/.venvs/airflow310/lib/python3.10/site-packages/airflow/example_dags/example_trigger_controller_dag.py
[2025-08-19T17:27:36.761+0200] {processor.py:840} INFO - DAG(s) 'example_trigger_controller_dag' retrieved from /Users/ehabhasan/.venvs/airflow310/lib/python3.10/site-packages/airflow/example_dags/example_trigger_controller_dag.py
[2025-08-19T17:27:36.795+0200] {logging_mixin.py:188} INFO - [2025-08-19T17:27:36.795+0200] {dag.py:3089} INFO - Sync 1 DAGs
[2025-08-19T17:27:36.800+0200] {logging_mixin.py:188} INFO - [2025-08-19T17:27:36.800+0200] {dag.py:3947} INFO - Setting next_dagrun for example_trigger_controller_dag to 2021-01-01 00:00:00+00:00, run_after=2021-01-01 00:00:00+00:00
[2025-08-19T17:27:36.806+0200] {processor.py:183} INFO - Processing /Users/ehabhasan/.venvs/airflow310/lib/python3.10/site-packages/airflow/example_dags/example_trigger_controller_dag.py took 0.051 seconds
[2025-08-19T17:29:26.271+0200] {processor.py:161} INFO - Started process (PID=12006) to work on /Users/ehabhasan/.venvs/airflow310/lib/python3.10/site-packages/airflow/example_dags/example_trigger_controller_dag.py
[2025-08-19T17:29:26.272+0200] {processor.py:830} INFO - Processing file /Users/ehabhasan/.venvs/airflow310/lib/python3.10/site-packages/airflow/example_dags/example_trigger_controller_dag.py for tasks to queue
[2025-08-19T17:29:26.272+0200] {logging_mixin.py:188} INFO - [2025-08-19T17:29:26.272+0200] {dagbag.py:545} INFO - Filling up the DagBag from /Users/ehabhasan/.venvs/airflow310/lib/python3.10/site-packages/airflow/example_dags/example_trigger_controller_dag.py
[2025-08-19T17:29:26.276+0200] {processor.py:840} INFO - DAG(s) 'example_trigger_controller_dag' retrieved from /Users/ehabhasan/.venvs/airflow310/lib/python3.10/site-packages/airflow/example_dags/example_trigger_controller_dag.py
[2025-08-19T17:29:26.311+0200] {logging_mixin.py:188} INFO - [2025-08-19T17:29:26.310+0200] {dag.py:3089} INFO - Sync 1 DAGs
[2025-08-19T17:29:26.316+0200] {logging_mixin.py:188} INFO - [2025-08-19T17:29:26.316+0200] {dag.py:3947} INFO - Setting next_dagrun for example_trigger_controller_dag to 2021-01-01 00:00:00+00:00, run_after=2021-01-01 00:00:00+00:00
[2025-08-19T17:29:26.323+0200] {processor.py:183} INFO - Processing /Users/ehabhasan/.venvs/airflow310/lib/python3.10/site-packages/airflow/example_dags/example_trigger_controller_dag.py took 0.053 seconds
[2025-08-19T17:30:21.870+0200] {processor.py:161} INFO - Started process (PID=12720) to work on /Users/ehabhasan/.venvs/airflow310/lib/python3.10/site-packages/airflow/example_dags/example_trigger_controller_dag.py
[2025-08-19T17:30:21.871+0200] {processor.py:830} INFO - Processing file /Users/ehabhasan/.venvs/airflow310/lib/python3.10/site-packages/airflow/example_dags/example_trigger_controller_dag.py for tasks to queue
[2025-08-19T17:30:21.871+0200] {logging_mixin.py:188} INFO - [2025-08-19T17:30:21.871+0200] {dagbag.py:545} INFO - Filling up the DagBag from /Users/ehabhasan/.venvs/airflow310/lib/python3.10/site-packages/airflow/example_dags/example_trigger_controller_dag.py
[2025-08-19T17:30:21.875+0200] {processor.py:840} INFO - DAG(s) 'example_trigger_controller_dag' retrieved from /Users/ehabhasan/.venvs/airflow310/lib/python3.10/site-packages/airflow/example_dags/example_trigger_controller_dag.py
[2025-08-19T17:30:21.909+0200] {logging_mixin.py:188} INFO - [2025-08-19T17:30:21.909+0200] {dag.py:3089} INFO - Sync 1 DAGs
[2025-08-19T17:30:21.915+0200] {logging_mixin.py:188} INFO - [2025-08-19T17:30:21.914+0200] {dag.py:3947} INFO - Setting next_dagrun for example_trigger_controller_dag to 2021-01-01 00:00:00+00:00, run_after=2021-01-01 00:00:00+00:00
[2025-08-19T17:30:21.921+0200] {processor.py:183} INFO - Processing /Users/ehabhasan/.venvs/airflow310/lib/python3.10/site-packages/airflow/example_dags/example_trigger_controller_dag.py took 0.052 seconds
[2025-08-19T17:32:15.006+0200] {processor.py:161} INFO - Started process (PID=14093) to work on /Users/ehabhasan/.venvs/airflow310/lib/python3.10/site-packages/airflow/example_dags/example_trigger_controller_dag.py
[2025-08-19T17:32:15.007+0200] {processor.py:830} INFO - Processing file /Users/ehabhasan/.venvs/airflow310/lib/python3.10/site-packages/airflow/example_dags/example_trigger_controller_dag.py for tasks to queue
[2025-08-19T17:32:15.007+0200] {logging_mixin.py:188} INFO - [2025-08-19T17:32:15.007+0200] {dagbag.py:545} INFO - Filling up the DagBag from /Users/ehabhasan/.venvs/airflow310/lib/python3.10/site-packages/airflow/example_dags/example_trigger_controller_dag.py
[2025-08-19T17:32:15.012+0200] {processor.py:840} INFO - DAG(s) 'example_trigger_controller_dag' retrieved from /Users/ehabhasan/.venvs/airflow310/lib/python3.10/site-packages/airflow/example_dags/example_trigger_controller_dag.py
[2025-08-19T17:32:15.050+0200] {logging_mixin.py:188} INFO - [2025-08-19T17:32:15.049+0200] {dag.py:3089} INFO - Sync 1 DAGs
[2025-08-19T17:32:15.056+0200] {logging_mixin.py:188} INFO - [2025-08-19T17:32:15.056+0200] {dag.py:3947} INFO - Setting next_dagrun for example_trigger_controller_dag to 2021-01-01 00:00:00+00:00, run_after=2021-01-01 00:00:00+00:00
[2025-08-19T17:32:15.063+0200] {processor.py:183} INFO - Processing /Users/ehabhasan/.venvs/airflow310/lib/python3.10/site-packages/airflow/example_dags/example_trigger_controller_dag.py took 0.060 seconds
[2025-08-19T17:33:10.519+0200] {processor.py:161} INFO - Started process (PID=14186) to work on /Users/ehabhasan/.venvs/airflow310/lib/python3.10/site-packages/airflow/example_dags/example_trigger_controller_dag.py
[2025-08-19T17:33:10.520+0200] {processor.py:830} INFO - Processing file /Users/ehabhasan/.venvs/airflow310/lib/python3.10/site-packages/airflow/example_dags/example_trigger_controller_dag.py for tasks to queue
[2025-08-19T17:33:10.520+0200] {logging_mixin.py:188} INFO - [2025-08-19T17:33:10.520+0200] {dagbag.py:545} INFO - Filling up the DagBag from /Users/ehabhasan/.venvs/airflow310/lib/python3.10/site-packages/airflow/example_dags/example_trigger_controller_dag.py
[2025-08-19T17:33:10.524+0200] {processor.py:840} INFO - DAG(s) 'example_trigger_controller_dag' retrieved from /Users/ehabhasan/.venvs/airflow310/lib/python3.10/site-packages/airflow/example_dags/example_trigger_controller_dag.py
[2025-08-19T17:33:10.558+0200] {logging_mixin.py:188} INFO - [2025-08-19T17:33:10.558+0200] {dag.py:3089} INFO - Sync 1 DAGs
[2025-08-19T17:33:10.563+0200] {logging_mixin.py:188} INFO - [2025-08-19T17:33:10.563+0200] {dag.py:3947} INFO - Setting next_dagrun for example_trigger_controller_dag to 2021-01-01 00:00:00+00:00, run_after=2021-01-01 00:00:00+00:00
[2025-08-19T17:33:10.570+0200] {processor.py:183} INFO - Processing /Users/ehabhasan/.venvs/airflow310/lib/python3.10/site-packages/airflow/example_dags/example_trigger_controller_dag.py took 0.052 seconds
[2025-08-19T17:34:55.854+0200] {processor.py:161} INFO - Started process (PID=14282) to work on /Users/ehabhasan/.venvs/airflow310/lib/python3.10/site-packages/airflow/example_dags/example_trigger_controller_dag.py
[2025-08-19T17:34:55.854+0200] {processor.py:830} INFO - Processing file /Users/ehabhasan/.venvs/airflow310/lib/python3.10/site-packages/airflow/example_dags/example_trigger_controller_dag.py for tasks to queue
[2025-08-19T17:34:55.854+0200] {logging_mixin.py:188} INFO - [2025-08-19T17:34:55.854+0200] {dagbag.py:545} INFO - Filling up the DagBag from /Users/ehabhasan/.venvs/airflow310/lib/python3.10/site-packages/airflow/example_dags/example_trigger_controller_dag.py
[2025-08-19T17:34:55.858+0200] {processor.py:840} INFO - DAG(s) 'example_trigger_controller_dag' retrieved from /Users/ehabhasan/.venvs/airflow310/lib/python3.10/site-packages/airflow/example_dags/example_trigger_controller_dag.py
[2025-08-19T17:34:55.891+0200] {logging_mixin.py:188} INFO - [2025-08-19T17:34:55.891+0200] {dag.py:3089} INFO - Sync 1 DAGs
[2025-08-19T17:34:55.897+0200] {logging_mixin.py:188} INFO - [2025-08-19T17:34:55.897+0200] {dag.py:3947} INFO - Setting next_dagrun for example_trigger_controller_dag to 2021-01-01 00:00:00+00:00, run_after=2021-01-01 00:00:00+00:00
[2025-08-19T17:34:55.903+0200] {processor.py:183} INFO - Processing /Users/ehabhasan/.venvs/airflow310/lib/python3.10/site-packages/airflow/example_dags/example_trigger_controller_dag.py took 0.051 seconds
[2025-08-19T17:35:50.697+0200] {processor.py:161} INFO - Started process (PID=14409) to work on /Users/ehabhasan/.venvs/airflow310/lib/python3.10/site-packages/airflow/example_dags/example_trigger_controller_dag.py
[2025-08-19T17:35:50.698+0200] {processor.py:830} INFO - Processing file /Users/ehabhasan/.venvs/airflow310/lib/python3.10/site-packages/airflow/example_dags/example_trigger_controller_dag.py for tasks to queue
[2025-08-19T17:35:50.698+0200] {logging_mixin.py:188} INFO - [2025-08-19T17:35:50.698+0200] {dagbag.py:545} INFO - Filling up the DagBag from /Users/ehabhasan/.venvs/airflow310/lib/python3.10/site-packages/airflow/example_dags/example_trigger_controller_dag.py
[2025-08-19T17:35:50.702+0200] {processor.py:840} INFO - DAG(s) 'example_trigger_controller_dag' retrieved from /Users/ehabhasan/.venvs/airflow310/lib/python3.10/site-packages/airflow/example_dags/example_trigger_controller_dag.py
[2025-08-19T17:35:50.737+0200] {logging_mixin.py:188} INFO - [2025-08-19T17:35:50.737+0200] {dag.py:3089} INFO - Sync 1 DAGs
[2025-08-19T17:35:50.742+0200] {logging_mixin.py:188} INFO - [2025-08-19T17:35:50.742+0200] {dag.py:3947} INFO - Setting next_dagrun for example_trigger_controller_dag to 2021-01-01 00:00:00+00:00, run_after=2021-01-01 00:00:00+00:00
[2025-08-19T17:35:50.749+0200] {processor.py:183} INFO - Processing /Users/ehabhasan/.venvs/airflow310/lib/python3.10/site-packages/airflow/example_dags/example_trigger_controller_dag.py took 0.054 seconds
[2025-08-19T17:36:49.184+0200] {processor.py:161} INFO - Started process (PID=14497) to work on /Users/ehabhasan/.venvs/airflow310/lib/python3.10/site-packages/airflow/example_dags/example_trigger_controller_dag.py
[2025-08-19T17:36:49.184+0200] {processor.py:830} INFO - Processing file /Users/ehabhasan/.venvs/airflow310/lib/python3.10/site-packages/airflow/example_dags/example_trigger_controller_dag.py for tasks to queue
[2025-08-19T17:36:49.184+0200] {logging_mixin.py:188} INFO - [2025-08-19T17:36:49.184+0200] {dagbag.py:545} INFO - Filling up the DagBag from /Users/ehabhasan/.venvs/airflow310/lib/python3.10/site-packages/airflow/example_dags/example_trigger_controller_dag.py
[2025-08-19T17:36:49.188+0200] {processor.py:840} INFO - DAG(s) 'example_trigger_controller_dag' retrieved from /Users/ehabhasan/.venvs/airflow310/lib/python3.10/site-packages/airflow/example_dags/example_trigger_controller_dag.py
[2025-08-19T17:36:49.221+0200] {logging_mixin.py:188} INFO - [2025-08-19T17:36:49.221+0200] {dag.py:3089} INFO - Sync 1 DAGs
[2025-08-19T17:36:49.226+0200] {logging_mixin.py:188} INFO - [2025-08-19T17:36:49.226+0200] {dag.py:3947} INFO - Setting next_dagrun for example_trigger_controller_dag to 2021-01-01 00:00:00+00:00, run_after=2021-01-01 00:00:00+00:00
[2025-08-19T17:36:49.233+0200] {processor.py:183} INFO - Processing /Users/ehabhasan/.venvs/airflow310/lib/python3.10/site-packages/airflow/example_dags/example_trigger_controller_dag.py took 0.051 seconds
[2025-08-19T17:37:47.282+0200] {processor.py:161} INFO - Started process (PID=14574) to work on /Users/ehabhasan/.venvs/airflow310/lib/python3.10/site-packages/airflow/example_dags/example_trigger_controller_dag.py
[2025-08-19T17:37:47.282+0200] {processor.py:830} INFO - Processing file /Users/ehabhasan/.venvs/airflow310/lib/python3.10/site-packages/airflow/example_dags/example_trigger_controller_dag.py for tasks to queue
[2025-08-19T17:37:47.283+0200] {logging_mixin.py:188} INFO - [2025-08-19T17:37:47.283+0200] {dagbag.py:545} INFO - Filling up the DagBag from /Users/ehabhasan/.venvs/airflow310/lib/python3.10/site-packages/airflow/example_dags/example_trigger_controller_dag.py
[2025-08-19T17:37:47.286+0200] {processor.py:840} INFO - DAG(s) 'example_trigger_controller_dag' retrieved from /Users/ehabhasan/.venvs/airflow310/lib/python3.10/site-packages/airflow/example_dags/example_trigger_controller_dag.py
[2025-08-19T17:37:47.319+0200] {logging_mixin.py:188} INFO - [2025-08-19T17:37:47.319+0200] {dag.py:3089} INFO - Sync 1 DAGs
[2025-08-19T17:37:47.325+0200] {logging_mixin.py:188} INFO - [2025-08-19T17:37:47.325+0200] {dag.py:3947} INFO - Setting next_dagrun for example_trigger_controller_dag to 2021-01-01 00:00:00+00:00, run_after=2021-01-01 00:00:00+00:00
[2025-08-19T17:37:47.331+0200] {processor.py:183} INFO - Processing /Users/ehabhasan/.venvs/airflow310/lib/python3.10/site-packages/airflow/example_dags/example_trigger_controller_dag.py took 0.051 seconds
[2025-08-19T17:38:46.233+0200] {processor.py:161} INFO - Started process (PID=14730) to work on /Users/ehabhasan/.venvs/airflow310/lib/python3.10/site-packages/airflow/example_dags/example_trigger_controller_dag.py
[2025-08-19T17:38:46.234+0200] {processor.py:830} INFO - Processing file /Users/ehabhasan/.venvs/airflow310/lib/python3.10/site-packages/airflow/example_dags/example_trigger_controller_dag.py for tasks to queue
[2025-08-19T17:38:46.234+0200] {logging_mixin.py:188} INFO - [2025-08-19T17:38:46.234+0200] {dagbag.py:545} INFO - Filling up the DagBag from /Users/ehabhasan/.venvs/airflow310/lib/python3.10/site-packages/airflow/example_dags/example_trigger_controller_dag.py
[2025-08-19T17:38:46.238+0200] {processor.py:840} INFO - DAG(s) 'example_trigger_controller_dag' retrieved from /Users/ehabhasan/.venvs/airflow310/lib/python3.10/site-packages/airflow/example_dags/example_trigger_controller_dag.py
[2025-08-19T17:38:46.271+0200] {logging_mixin.py:188} INFO - [2025-08-19T17:38:46.271+0200] {dag.py:3089} INFO - Sync 1 DAGs
[2025-08-19T17:38:46.276+0200] {logging_mixin.py:188} INFO - [2025-08-19T17:38:46.276+0200] {dag.py:3947} INFO - Setting next_dagrun for example_trigger_controller_dag to 2021-01-01 00:00:00+00:00, run_after=2021-01-01 00:00:00+00:00
[2025-08-19T17:38:46.283+0200] {processor.py:183} INFO - Processing /Users/ehabhasan/.venvs/airflow310/lib/python3.10/site-packages/airflow/example_dags/example_trigger_controller_dag.py took 0.051 seconds
[2025-08-19T17:39:47.936+0200] {processor.py:161} INFO - Started process (PID=14775) to work on /Users/ehabhasan/.venvs/airflow310/lib/python3.10/site-packages/airflow/example_dags/example_trigger_controller_dag.py
[2025-08-19T17:39:47.936+0200] {processor.py:830} INFO - Processing file /Users/ehabhasan/.venvs/airflow310/lib/python3.10/site-packages/airflow/example_dags/example_trigger_controller_dag.py for tasks to queue
[2025-08-19T17:39:47.936+0200] {logging_mixin.py:188} INFO - [2025-08-19T17:39:47.936+0200] {dagbag.py:545} INFO - Filling up the DagBag from /Users/ehabhasan/.venvs/airflow310/lib/python3.10/site-packages/airflow/example_dags/example_trigger_controller_dag.py
[2025-08-19T17:39:47.940+0200] {processor.py:840} INFO - DAG(s) 'example_trigger_controller_dag' retrieved from /Users/ehabhasan/.venvs/airflow310/lib/python3.10/site-packages/airflow/example_dags/example_trigger_controller_dag.py
[2025-08-19T17:39:47.975+0200] {logging_mixin.py:188} INFO - [2025-08-19T17:39:47.975+0200] {dag.py:3089} INFO - Sync 1 DAGs
[2025-08-19T17:39:47.980+0200] {logging_mixin.py:188} INFO - [2025-08-19T17:39:47.980+0200] {dag.py:3947} INFO - Setting next_dagrun for example_trigger_controller_dag to 2021-01-01 00:00:00+00:00, run_after=2021-01-01 00:00:00+00:00
[2025-08-19T17:39:47.987+0200] {processor.py:183} INFO - Processing /Users/ehabhasan/.venvs/airflow310/lib/python3.10/site-packages/airflow/example_dags/example_trigger_controller_dag.py took 0.053 seconds
[2025-08-19T17:40:45.081+0200] {processor.py:161} INFO - Started process (PID=14875) to work on /Users/ehabhasan/.venvs/airflow310/lib/python3.10/site-packages/airflow/example_dags/example_trigger_controller_dag.py
[2025-08-19T17:40:45.081+0200] {processor.py:830} INFO - Processing file /Users/ehabhasan/.venvs/airflow310/lib/python3.10/site-packages/airflow/example_dags/example_trigger_controller_dag.py for tasks to queue
[2025-08-19T17:40:45.082+0200] {logging_mixin.py:188} INFO - [2025-08-19T17:40:45.082+0200] {dagbag.py:545} INFO - Filling up the DagBag from /Users/ehabhasan/.venvs/airflow310/lib/python3.10/site-packages/airflow/example_dags/example_trigger_controller_dag.py
[2025-08-19T17:40:45.085+0200] {processor.py:840} INFO - DAG(s) 'example_trigger_controller_dag' retrieved from /Users/ehabhasan/.venvs/airflow310/lib/python3.10/site-packages/airflow/example_dags/example_trigger_controller_dag.py
[2025-08-19T17:40:45.118+0200] {logging_mixin.py:188} INFO - [2025-08-19T17:40:45.118+0200] {dag.py:3089} INFO - Sync 1 DAGs
[2025-08-19T17:40:45.123+0200] {logging_mixin.py:188} INFO - [2025-08-19T17:40:45.123+0200] {dag.py:3947} INFO - Setting next_dagrun for example_trigger_controller_dag to 2021-01-01 00:00:00+00:00, run_after=2021-01-01 00:00:00+00:00
[2025-08-19T17:40:45.129+0200] {processor.py:183} INFO - Processing /Users/ehabhasan/.venvs/airflow310/lib/python3.10/site-packages/airflow/example_dags/example_trigger_controller_dag.py took 0.049 seconds
[2025-08-19T17:45:22.002+0200] {processor.py:161} INFO - Started process (PID=14966) to work on /Users/ehabhasan/.venvs/airflow310/lib/python3.10/site-packages/airflow/example_dags/example_trigger_controller_dag.py
[2025-08-19T17:45:22.003+0200] {processor.py:830} INFO - Processing file /Users/ehabhasan/.venvs/airflow310/lib/python3.10/site-packages/airflow/example_dags/example_trigger_controller_dag.py for tasks to queue
[2025-08-19T17:45:22.003+0200] {logging_mixin.py:188} INFO - [2025-08-19T17:45:22.003+0200] {dagbag.py:545} INFO - Filling up the DagBag from /Users/ehabhasan/.venvs/airflow310/lib/python3.10/site-packages/airflow/example_dags/example_trigger_controller_dag.py
[2025-08-19T17:45:22.007+0200] {processor.py:840} INFO - DAG(s) 'example_trigger_controller_dag' retrieved from /Users/ehabhasan/.venvs/airflow310/lib/python3.10/site-packages/airflow/example_dags/example_trigger_controller_dag.py
[2025-08-19T17:45:22.040+0200] {logging_mixin.py:188} INFO - [2025-08-19T17:45:22.040+0200] {dag.py:3089} INFO - Sync 1 DAGs
[2025-08-19T17:45:22.045+0200] {logging_mixin.py:188} INFO - [2025-08-19T17:45:22.045+0200] {dag.py:3947} INFO - Setting next_dagrun for example_trigger_controller_dag to 2021-01-01 00:00:00+00:00, run_after=2021-01-01 00:00:00+00:00
[2025-08-19T17:45:22.052+0200] {processor.py:183} INFO - Processing /Users/ehabhasan/.venvs/airflow310/lib/python3.10/site-packages/airflow/example_dags/example_trigger_controller_dag.py took 0.051 seconds
[2025-08-19T17:46:24.745+0200] {processor.py:161} INFO - Started process (PID=15018) to work on /Users/ehabhasan/.venvs/airflow310/lib/python3.10/site-packages/airflow/example_dags/example_trigger_controller_dag.py
[2025-08-19T17:46:24.746+0200] {processor.py:830} INFO - Processing file /Users/ehabhasan/.venvs/airflow310/lib/python3.10/site-packages/airflow/example_dags/example_trigger_controller_dag.py for tasks to queue
[2025-08-19T17:46:24.746+0200] {logging_mixin.py:188} INFO - [2025-08-19T17:46:24.746+0200] {dagbag.py:545} INFO - Filling up the DagBag from /Users/ehabhasan/.venvs/airflow310/lib/python3.10/site-packages/airflow/example_dags/example_trigger_controller_dag.py
[2025-08-19T17:46:24.749+0200] {processor.py:840} INFO - DAG(s) 'example_trigger_controller_dag' retrieved from /Users/ehabhasan/.venvs/airflow310/lib/python3.10/site-packages/airflow/example_dags/example_trigger_controller_dag.py
[2025-08-19T17:46:24.783+0200] {logging_mixin.py:188} INFO - [2025-08-19T17:46:24.783+0200] {dag.py:3089} INFO - Sync 1 DAGs
[2025-08-19T17:46:24.788+0200] {logging_mixin.py:188} INFO - [2025-08-19T17:46:24.788+0200] {dag.py:3947} INFO - Setting next_dagrun for example_trigger_controller_dag to 2021-01-01 00:00:00+00:00, run_after=2021-01-01 00:00:00+00:00
[2025-08-19T17:46:24.794+0200] {processor.py:183} INFO - Processing /Users/ehabhasan/.venvs/airflow310/lib/python3.10/site-packages/airflow/example_dags/example_trigger_controller_dag.py took 0.051 seconds
[2025-08-19T17:47:25.296+0200] {processor.py:161} INFO - Started process (PID=15067) to work on /Users/ehabhasan/.venvs/airflow310/lib/python3.10/site-packages/airflow/example_dags/example_trigger_controller_dag.py
[2025-08-19T17:47:25.296+0200] {processor.py:830} INFO - Processing file /Users/ehabhasan/.venvs/airflow310/lib/python3.10/site-packages/airflow/example_dags/example_trigger_controller_dag.py for tasks to queue
[2025-08-19T17:47:25.297+0200] {logging_mixin.py:188} INFO - [2025-08-19T17:47:25.297+0200] {dagbag.py:545} INFO - Filling up the DagBag from /Users/ehabhasan/.venvs/airflow310/lib/python3.10/site-packages/airflow/example_dags/example_trigger_controller_dag.py
[2025-08-19T17:47:25.300+0200] {processor.py:840} INFO - DAG(s) 'example_trigger_controller_dag' retrieved from /Users/ehabhasan/.venvs/airflow310/lib/python3.10/site-packages/airflow/example_dags/example_trigger_controller_dag.py
[2025-08-19T17:47:25.334+0200] {logging_mixin.py:188} INFO - [2025-08-19T17:47:25.334+0200] {dag.py:3089} INFO - Sync 1 DAGs
[2025-08-19T17:47:25.339+0200] {logging_mixin.py:188} INFO - [2025-08-19T17:47:25.339+0200] {dag.py:3947} INFO - Setting next_dagrun for example_trigger_controller_dag to 2021-01-01 00:00:00+00:00, run_after=2021-01-01 00:00:00+00:00
[2025-08-19T17:47:25.346+0200] {processor.py:183} INFO - Processing /Users/ehabhasan/.venvs/airflow310/lib/python3.10/site-packages/airflow/example_dags/example_trigger_controller_dag.py took 0.051 seconds
[2025-08-19T17:48:25.067+0200] {processor.py:161} INFO - Started process (PID=15106) to work on /Users/ehabhasan/.venvs/airflow310/lib/python3.10/site-packages/airflow/example_dags/example_trigger_controller_dag.py
[2025-08-19T17:48:25.067+0200] {processor.py:830} INFO - Processing file /Users/ehabhasan/.venvs/airflow310/lib/python3.10/site-packages/airflow/example_dags/example_trigger_controller_dag.py for tasks to queue
[2025-08-19T17:48:25.067+0200] {logging_mixin.py:188} INFO - [2025-08-19T17:48:25.067+0200] {dagbag.py:545} INFO - Filling up the DagBag from /Users/ehabhasan/.venvs/airflow310/lib/python3.10/site-packages/airflow/example_dags/example_trigger_controller_dag.py
[2025-08-19T17:48:25.071+0200] {processor.py:840} INFO - DAG(s) 'example_trigger_controller_dag' retrieved from /Users/ehabhasan/.venvs/airflow310/lib/python3.10/site-packages/airflow/example_dags/example_trigger_controller_dag.py
[2025-08-19T17:48:25.104+0200] {logging_mixin.py:188} INFO - [2025-08-19T17:48:25.104+0200] {dag.py:3089} INFO - Sync 1 DAGs
[2025-08-19T17:48:25.110+0200] {logging_mixin.py:188} INFO - [2025-08-19T17:48:25.110+0200] {dag.py:3947} INFO - Setting next_dagrun for example_trigger_controller_dag to 2021-01-01 00:00:00+00:00, run_after=2021-01-01 00:00:00+00:00
[2025-08-19T17:48:25.116+0200] {processor.py:183} INFO - Processing /Users/ehabhasan/.venvs/airflow310/lib/python3.10/site-packages/airflow/example_dags/example_trigger_controller_dag.py took 0.051 seconds
[2025-08-19T17:49:22.296+0200] {processor.py:161} INFO - Started process (PID=15151) to work on /Users/ehabhasan/.venvs/airflow310/lib/python3.10/site-packages/airflow/example_dags/example_trigger_controller_dag.py
[2025-08-19T17:49:22.297+0200] {processor.py:830} INFO - Processing file /Users/ehabhasan/.venvs/airflow310/lib/python3.10/site-packages/airflow/example_dags/example_trigger_controller_dag.py for tasks to queue
[2025-08-19T17:49:22.297+0200] {logging_mixin.py:188} INFO - [2025-08-19T17:49:22.297+0200] {dagbag.py:545} INFO - Filling up the DagBag from /Users/ehabhasan/.venvs/airflow310/lib/python3.10/site-packages/airflow/example_dags/example_trigger_controller_dag.py
[2025-08-19T17:49:22.301+0200] {processor.py:840} INFO - DAG(s) 'example_trigger_controller_dag' retrieved from /Users/ehabhasan/.venvs/airflow310/lib/python3.10/site-packages/airflow/example_dags/example_trigger_controller_dag.py
[2025-08-19T17:49:22.335+0200] {logging_mixin.py:188} INFO - [2025-08-19T17:49:22.335+0200] {dag.py:3089} INFO - Sync 1 DAGs
[2025-08-19T17:49:22.340+0200] {logging_mixin.py:188} INFO - [2025-08-19T17:49:22.340+0200] {dag.py:3947} INFO - Setting next_dagrun for example_trigger_controller_dag to 2021-01-01 00:00:00+00:00, run_after=2021-01-01 00:00:00+00:00
[2025-08-19T17:49:22.347+0200] {processor.py:183} INFO - Processing /Users/ehabhasan/.venvs/airflow310/lib/python3.10/site-packages/airflow/example_dags/example_trigger_controller_dag.py took 0.052 seconds
