[2025-08-19T16:49:05.815+0200] {processor.py:161} INFO - Started process (PID=7669) to work on /Users/ehabhasan/.venvs/airflow310/lib/python3.10/site-packages/airflow/example_dags/example_branch_datetime_operator.py
[2025-08-19T16:49:05.815+0200] {processor.py:830} INFO - Processing file /Users/ehabhasan/.venvs/airflow310/lib/python3.10/site-packages/airflow/example_dags/example_branch_datetime_operator.py for tasks to queue
[2025-08-19T16:49:05.815+0200] {logging_mixin.py:188} INFO - [2025-08-19T16:49:05.815+0200] {dagbag.py:545} INFO - Filling up the DagBag from /Users/ehabhasan/.venvs/airflow310/lib/python3.10/site-packages/airflow/example_dags/example_branch_datetime_operator.py
[2025-08-19T16:49:05.820+0200] {processor.py:840} INFO - DAG(s) 'example_branch_datetime_operator', 'example_branch_datetime_operator_2', 'example_branch_datetime_operator_3' retrieved from /Users/ehabhasan/.venvs/airflow310/lib/python3.10/site-packages/airflow/example_dags/example_branch_datetime_operator.py
[2025-08-19T16:49:05.908+0200] {logging_mixin.py:188} INFO - [2025-08-19T16:49:05.908+0200] {dag.py:3089} INFO - Sync 3 DAGs
[2025-08-19T16:49:05.914+0200] {logging_mixin.py:188} INFO - [2025-08-19T16:49:05.914+0200] {dag.py:3947} INFO - Setting next_dagrun for example_branch_datetime_operator to 2025-08-18 00:00:00+00:00, run_after=2025-08-19 00:00:00+00:00
[2025-08-19T16:49:05.915+0200] {logging_mixin.py:188} INFO - [2025-08-19T16:49:05.915+0200] {dag.py:3947} INFO - Setting next_dagrun for example_branch_datetime_operator_2 to 2025-08-18 00:00:00+00:00, run_after=2025-08-19 00:00:00+00:00
[2025-08-19T16:49:05.916+0200] {logging_mixin.py:188} INFO - [2025-08-19T16:49:05.916+0200] {dag.py:3947} INFO - Setting next_dagrun for example_branch_datetime_operator_3 to 2025-08-18 00:00:00+00:00, run_after=2025-08-19 00:00:00+00:00
[2025-08-19T16:49:05.923+0200] {processor.py:183} INFO - Processing /Users/ehabhasan/.venvs/airflow310/lib/python3.10/site-packages/airflow/example_dags/example_branch_datetime_operator.py took 0.109 seconds
[2025-08-19T16:50:39.493+0200] {processor.py:161} INFO - Started process (PID=7741) to work on /Users/ehabhasan/.venvs/airflow310/lib/python3.10/site-packages/airflow/example_dags/example_branch_datetime_operator.py
[2025-08-19T16:50:39.495+0200] {processor.py:830} INFO - Processing file /Users/ehabhasan/.venvs/airflow310/lib/python3.10/site-packages/airflow/example_dags/example_branch_datetime_operator.py for tasks to queue
[2025-08-19T16:50:39.495+0200] {logging_mixin.py:188} INFO - [2025-08-19T16:50:39.495+0200] {dagbag.py:545} INFO - Filling up the DagBag from /Users/ehabhasan/.venvs/airflow310/lib/python3.10/site-packages/airflow/example_dags/example_branch_datetime_operator.py
[2025-08-19T16:50:39.500+0200] {processor.py:840} INFO - DAG(s) 'example_branch_datetime_operator_2', 'example_branch_datetime_operator_3', 'example_branch_datetime_operator' retrieved from /Users/ehabhasan/.venvs/airflow310/lib/python3.10/site-packages/airflow/example_dags/example_branch_datetime_operator.py
[2025-08-19T16:50:39.536+0200] {logging_mixin.py:188} INFO - [2025-08-19T16:50:39.536+0200] {dag.py:3089} INFO - Sync 3 DAGs
[2025-08-19T16:50:39.542+0200] {logging_mixin.py:188} INFO - [2025-08-19T16:50:39.542+0200] {dag.py:3947} INFO - Setting next_dagrun for example_branch_datetime_operator to 2025-08-18 00:00:00+00:00, run_after=2025-08-19 00:00:00+00:00
[2025-08-19T16:50:39.543+0200] {logging_mixin.py:188} INFO - [2025-08-19T16:50:39.543+0200] {dag.py:3947} INFO - Setting next_dagrun for example_branch_datetime_operator_2 to 2025-08-18 00:00:00+00:00, run_after=2025-08-19 00:00:00+00:00
[2025-08-19T16:50:39.544+0200] {logging_mixin.py:188} INFO - [2025-08-19T16:50:39.544+0200] {dag.py:3947} INFO - Setting next_dagrun for example_branch_datetime_operator_3 to 2025-08-18 00:00:00+00:00, run_after=2025-08-19 00:00:00+00:00
[2025-08-19T16:50:39.550+0200] {processor.py:183} INFO - Processing /Users/ehabhasan/.venvs/airflow310/lib/python3.10/site-packages/airflow/example_dags/example_branch_datetime_operator.py took 0.058 seconds
[2025-08-19T16:52:18.299+0200] {processor.py:161} INFO - Started process (PID=7813) to work on /Users/ehabhasan/.venvs/airflow310/lib/python3.10/site-packages/airflow/example_dags/example_branch_datetime_operator.py
[2025-08-19T16:52:18.299+0200] {processor.py:830} INFO - Processing file /Users/ehabhasan/.venvs/airflow310/lib/python3.10/site-packages/airflow/example_dags/example_branch_datetime_operator.py for tasks to queue
[2025-08-19T16:52:18.299+0200] {logging_mixin.py:188} INFO - [2025-08-19T16:52:18.299+0200] {dagbag.py:545} INFO - Filling up the DagBag from /Users/ehabhasan/.venvs/airflow310/lib/python3.10/site-packages/airflow/example_dags/example_branch_datetime_operator.py
[2025-08-19T16:52:18.303+0200] {processor.py:840} INFO - DAG(s) 'example_branch_datetime_operator_2', 'example_branch_datetime_operator_3', 'example_branch_datetime_operator' retrieved from /Users/ehabhasan/.venvs/airflow310/lib/python3.10/site-packages/airflow/example_dags/example_branch_datetime_operator.py
[2025-08-19T16:52:18.340+0200] {logging_mixin.py:188} INFO - [2025-08-19T16:52:18.340+0200] {dag.py:3089} INFO - Sync 3 DAGs
[2025-08-19T16:52:18.346+0200] {logging_mixin.py:188} INFO - [2025-08-19T16:52:18.345+0200] {dag.py:3947} INFO - Setting next_dagrun for example_branch_datetime_operator to 2025-08-18 00:00:00+00:00, run_after=2025-08-19 00:00:00+00:00
[2025-08-19T16:52:18.347+0200] {logging_mixin.py:188} INFO - [2025-08-19T16:52:18.347+0200] {dag.py:3947} INFO - Setting next_dagrun for example_branch_datetime_operator_2 to 2025-08-18 00:00:00+00:00, run_after=2025-08-19 00:00:00+00:00
[2025-08-19T16:52:18.348+0200] {logging_mixin.py:188} INFO - [2025-08-19T16:52:18.348+0200] {dag.py:3947} INFO - Setting next_dagrun for example_branch_datetime_operator_3 to 2025-08-18 00:00:00+00:00, run_after=2025-08-19 00:00:00+00:00
[2025-08-19T16:52:18.353+0200] {processor.py:183} INFO - Processing /Users/ehabhasan/.venvs/airflow310/lib/python3.10/site-packages/airflow/example_dags/example_branch_datetime_operator.py took 0.056 seconds
[2025-08-19T16:53:54.212+0200] {processor.py:161} INFO - Started process (PID=7885) to work on /Users/ehabhasan/.venvs/airflow310/lib/python3.10/site-packages/airflow/example_dags/example_branch_datetime_operator.py
[2025-08-19T16:53:54.213+0200] {processor.py:830} INFO - Processing file /Users/ehabhasan/.venvs/airflow310/lib/python3.10/site-packages/airflow/example_dags/example_branch_datetime_operator.py for tasks to queue
[2025-08-19T16:53:54.213+0200] {logging_mixin.py:188} INFO - [2025-08-19T16:53:54.213+0200] {dagbag.py:545} INFO - Filling up the DagBag from /Users/ehabhasan/.venvs/airflow310/lib/python3.10/site-packages/airflow/example_dags/example_branch_datetime_operator.py
[2025-08-19T16:53:54.217+0200] {processor.py:840} INFO - DAG(s) 'example_branch_datetime_operator_2', 'example_branch_datetime_operator_3', 'example_branch_datetime_operator' retrieved from /Users/ehabhasan/.venvs/airflow310/lib/python3.10/site-packages/airflow/example_dags/example_branch_datetime_operator.py
[2025-08-19T16:53:54.254+0200] {logging_mixin.py:188} INFO - [2025-08-19T16:53:54.254+0200] {dag.py:3089} INFO - Sync 3 DAGs
[2025-08-19T16:53:54.260+0200] {logging_mixin.py:188} INFO - [2025-08-19T16:53:54.260+0200] {dag.py:3947} INFO - Setting next_dagrun for example_branch_datetime_operator to 2025-08-18 00:00:00+00:00, run_after=2025-08-19 00:00:00+00:00
[2025-08-19T16:53:54.261+0200] {logging_mixin.py:188} INFO - [2025-08-19T16:53:54.261+0200] {dag.py:3947} INFO - Setting next_dagrun for example_branch_datetime_operator_2 to 2025-08-18 00:00:00+00:00, run_after=2025-08-19 00:00:00+00:00
[2025-08-19T16:53:54.262+0200] {logging_mixin.py:188} INFO - [2025-08-19T16:53:54.262+0200] {dag.py:3947} INFO - Setting next_dagrun for example_branch_datetime_operator_3 to 2025-08-18 00:00:00+00:00, run_after=2025-08-19 00:00:00+00:00
[2025-08-19T16:53:54.268+0200] {processor.py:183} INFO - Processing /Users/ehabhasan/.venvs/airflow310/lib/python3.10/site-packages/airflow/example_dags/example_branch_datetime_operator.py took 0.057 seconds
[2025-08-19T16:55:31.729+0200] {processor.py:161} INFO - Started process (PID=7992) to work on /Users/ehabhasan/.venvs/airflow310/lib/python3.10/site-packages/airflow/example_dags/example_branch_datetime_operator.py
[2025-08-19T16:55:31.730+0200] {processor.py:830} INFO - Processing file /Users/ehabhasan/.venvs/airflow310/lib/python3.10/site-packages/airflow/example_dags/example_branch_datetime_operator.py for tasks to queue
[2025-08-19T16:55:31.730+0200] {logging_mixin.py:188} INFO - [2025-08-19T16:55:31.730+0200] {dagbag.py:545} INFO - Filling up the DagBag from /Users/ehabhasan/.venvs/airflow310/lib/python3.10/site-packages/airflow/example_dags/example_branch_datetime_operator.py
[2025-08-19T16:55:31.735+0200] {processor.py:840} INFO - DAG(s) 'example_branch_datetime_operator_2', 'example_branch_datetime_operator', 'example_branch_datetime_operator_3' retrieved from /Users/ehabhasan/.venvs/airflow310/lib/python3.10/site-packages/airflow/example_dags/example_branch_datetime_operator.py
[2025-08-19T16:55:31.771+0200] {logging_mixin.py:188} INFO - [2025-08-19T16:55:31.771+0200] {dag.py:3089} INFO - Sync 3 DAGs
[2025-08-19T16:55:31.776+0200] {logging_mixin.py:188} INFO - [2025-08-19T16:55:31.776+0200] {dag.py:3947} INFO - Setting next_dagrun for example_branch_datetime_operator to 2025-08-18 00:00:00+00:00, run_after=2025-08-19 00:00:00+00:00
[2025-08-19T16:55:31.778+0200] {logging_mixin.py:188} INFO - [2025-08-19T16:55:31.778+0200] {dag.py:3947} INFO - Setting next_dagrun for example_branch_datetime_operator_2 to 2025-08-18 00:00:00+00:00, run_after=2025-08-19 00:00:00+00:00
[2025-08-19T16:55:31.778+0200] {logging_mixin.py:188} INFO - [2025-08-19T16:55:31.778+0200] {dag.py:3947} INFO - Setting next_dagrun for example_branch_datetime_operator_3 to 2025-08-18 00:00:00+00:00, run_after=2025-08-19 00:00:00+00:00
[2025-08-19T16:55:31.784+0200] {processor.py:183} INFO - Processing /Users/ehabhasan/.venvs/airflow310/lib/python3.10/site-packages/airflow/example_dags/example_branch_datetime_operator.py took 0.057 seconds
[2025-08-19T16:57:18.085+0200] {processor.py:161} INFO - Started process (PID=8071) to work on /Users/ehabhasan/.venvs/airflow310/lib/python3.10/site-packages/airflow/example_dags/example_branch_datetime_operator.py
[2025-08-19T16:57:18.086+0200] {processor.py:830} INFO - Processing file /Users/ehabhasan/.venvs/airflow310/lib/python3.10/site-packages/airflow/example_dags/example_branch_datetime_operator.py for tasks to queue
[2025-08-19T16:57:18.086+0200] {logging_mixin.py:188} INFO - [2025-08-19T16:57:18.086+0200] {dagbag.py:545} INFO - Filling up the DagBag from /Users/ehabhasan/.venvs/airflow310/lib/python3.10/site-packages/airflow/example_dags/example_branch_datetime_operator.py
[2025-08-19T16:57:18.091+0200] {processor.py:840} INFO - DAG(s) 'example_branch_datetime_operator_3', 'example_branch_datetime_operator', 'example_branch_datetime_operator_2' retrieved from /Users/ehabhasan/.venvs/airflow310/lib/python3.10/site-packages/airflow/example_dags/example_branch_datetime_operator.py
[2025-08-19T16:57:18.127+0200] {logging_mixin.py:188} INFO - [2025-08-19T16:57:18.127+0200] {dag.py:3089} INFO - Sync 3 DAGs
[2025-08-19T16:57:18.133+0200] {logging_mixin.py:188} INFO - [2025-08-19T16:57:18.133+0200] {dag.py:3947} INFO - Setting next_dagrun for example_branch_datetime_operator to 2025-08-18 00:00:00+00:00, run_after=2025-08-19 00:00:00+00:00
[2025-08-19T16:57:18.135+0200] {logging_mixin.py:188} INFO - [2025-08-19T16:57:18.134+0200] {dag.py:3947} INFO - Setting next_dagrun for example_branch_datetime_operator_2 to 2025-08-18 00:00:00+00:00, run_after=2025-08-19 00:00:00+00:00
[2025-08-19T16:57:18.135+0200] {logging_mixin.py:188} INFO - [2025-08-19T16:57:18.135+0200] {dag.py:3947} INFO - Setting next_dagrun for example_branch_datetime_operator_3 to 2025-08-18 00:00:00+00:00, run_after=2025-08-19 00:00:00+00:00
[2025-08-19T16:57:18.141+0200] {processor.py:183} INFO - Processing /Users/ehabhasan/.venvs/airflow310/lib/python3.10/site-packages/airflow/example_dags/example_branch_datetime_operator.py took 0.057 seconds
[2025-08-19T16:58:54.548+0200] {processor.py:161} INFO - Started process (PID=8153) to work on /Users/ehabhasan/.venvs/airflow310/lib/python3.10/site-packages/airflow/example_dags/example_branch_datetime_operator.py
[2025-08-19T16:58:54.548+0200] {processor.py:830} INFO - Processing file /Users/ehabhasan/.venvs/airflow310/lib/python3.10/site-packages/airflow/example_dags/example_branch_datetime_operator.py for tasks to queue
[2025-08-19T16:58:54.549+0200] {logging_mixin.py:188} INFO - [2025-08-19T16:58:54.548+0200] {dagbag.py:545} INFO - Filling up the DagBag from /Users/ehabhasan/.venvs/airflow310/lib/python3.10/site-packages/airflow/example_dags/example_branch_datetime_operator.py
[2025-08-19T16:58:54.553+0200] {processor.py:840} INFO - DAG(s) 'example_branch_datetime_operator', 'example_branch_datetime_operator_2', 'example_branch_datetime_operator_3' retrieved from /Users/ehabhasan/.venvs/airflow310/lib/python3.10/site-packages/airflow/example_dags/example_branch_datetime_operator.py
[2025-08-19T16:58:54.591+0200] {logging_mixin.py:188} INFO - [2025-08-19T16:58:54.591+0200] {dag.py:3089} INFO - Sync 3 DAGs
[2025-08-19T16:58:54.597+0200] {logging_mixin.py:188} INFO - [2025-08-19T16:58:54.597+0200] {dag.py:3947} INFO - Setting next_dagrun for example_branch_datetime_operator to 2025-08-18 00:00:00+00:00, run_after=2025-08-19 00:00:00+00:00
[2025-08-19T16:58:54.599+0200] {logging_mixin.py:188} INFO - [2025-08-19T16:58:54.599+0200] {dag.py:3947} INFO - Setting next_dagrun for example_branch_datetime_operator_2 to 2025-08-18 00:00:00+00:00, run_after=2025-08-19 00:00:00+00:00
[2025-08-19T16:58:54.599+0200] {logging_mixin.py:188} INFO - [2025-08-19T16:58:54.599+0200] {dag.py:3947} INFO - Setting next_dagrun for example_branch_datetime_operator_3 to 2025-08-18 00:00:00+00:00, run_after=2025-08-19 00:00:00+00:00
[2025-08-19T16:58:54.605+0200] {processor.py:183} INFO - Processing /Users/ehabhasan/.venvs/airflow310/lib/python3.10/site-packages/airflow/example_dags/example_branch_datetime_operator.py took 0.059 seconds
[2025-08-19T17:01:15.653+0200] {processor.py:161} INFO - Started process (PID=8260) to work on /Users/ehabhasan/.venvs/airflow310/lib/python3.10/site-packages/airflow/example_dags/example_branch_datetime_operator.py
[2025-08-19T17:01:15.654+0200] {processor.py:830} INFO - Processing file /Users/ehabhasan/.venvs/airflow310/lib/python3.10/site-packages/airflow/example_dags/example_branch_datetime_operator.py for tasks to queue
[2025-08-19T17:01:15.654+0200] {logging_mixin.py:188} INFO - [2025-08-19T17:01:15.654+0200] {dagbag.py:545} INFO - Filling up the DagBag from /Users/ehabhasan/.venvs/airflow310/lib/python3.10/site-packages/airflow/example_dags/example_branch_datetime_operator.py
[2025-08-19T17:01:15.659+0200] {processor.py:840} INFO - DAG(s) 'example_branch_datetime_operator_2', 'example_branch_datetime_operator_3', 'example_branch_datetime_operator' retrieved from /Users/ehabhasan/.venvs/airflow310/lib/python3.10/site-packages/airflow/example_dags/example_branch_datetime_operator.py
[2025-08-19T17:01:15.696+0200] {logging_mixin.py:188} INFO - [2025-08-19T17:01:15.696+0200] {dag.py:3089} INFO - Sync 3 DAGs
[2025-08-19T17:01:15.702+0200] {logging_mixin.py:188} INFO - [2025-08-19T17:01:15.702+0200] {dag.py:3947} INFO - Setting next_dagrun for example_branch_datetime_operator to 2025-08-18 00:00:00+00:00, run_after=2025-08-19 00:00:00+00:00
[2025-08-19T17:01:15.703+0200] {logging_mixin.py:188} INFO - [2025-08-19T17:01:15.703+0200] {dag.py:3947} INFO - Setting next_dagrun for example_branch_datetime_operator_2 to 2025-08-18 00:00:00+00:00, run_after=2025-08-19 00:00:00+00:00
[2025-08-19T17:01:15.704+0200] {logging_mixin.py:188} INFO - [2025-08-19T17:01:15.704+0200] {dag.py:3947} INFO - Setting next_dagrun for example_branch_datetime_operator_3 to 2025-08-18 00:00:00+00:00, run_after=2025-08-19 00:00:00+00:00
[2025-08-19T17:01:15.709+0200] {processor.py:183} INFO - Processing /Users/ehabhasan/.venvs/airflow310/lib/python3.10/site-packages/airflow/example_dags/example_branch_datetime_operator.py took 0.058 seconds
[2025-08-19T17:02:56.813+0200] {processor.py:161} INFO - Started process (PID=8348) to work on /Users/ehabhasan/.venvs/airflow310/lib/python3.10/site-packages/airflow/example_dags/example_branch_datetime_operator.py
[2025-08-19T17:02:56.814+0200] {processor.py:830} INFO - Processing file /Users/ehabhasan/.venvs/airflow310/lib/python3.10/site-packages/airflow/example_dags/example_branch_datetime_operator.py for tasks to queue
[2025-08-19T17:02:56.814+0200] {logging_mixin.py:188} INFO - [2025-08-19T17:02:56.814+0200] {dagbag.py:545} INFO - Filling up the DagBag from /Users/ehabhasan/.venvs/airflow310/lib/python3.10/site-packages/airflow/example_dags/example_branch_datetime_operator.py
[2025-08-19T17:02:56.818+0200] {processor.py:840} INFO - DAG(s) 'example_branch_datetime_operator_2', 'example_branch_datetime_operator', 'example_branch_datetime_operator_3' retrieved from /Users/ehabhasan/.venvs/airflow310/lib/python3.10/site-packages/airflow/example_dags/example_branch_datetime_operator.py
[2025-08-19T17:02:56.856+0200] {logging_mixin.py:188} INFO - [2025-08-19T17:02:56.855+0200] {dag.py:3089} INFO - Sync 3 DAGs
[2025-08-19T17:02:56.861+0200] {logging_mixin.py:188} INFO - [2025-08-19T17:02:56.861+0200] {dag.py:3947} INFO - Setting next_dagrun for example_branch_datetime_operator to 2025-08-18 00:00:00+00:00, run_after=2025-08-19 00:00:00+00:00
[2025-08-19T17:02:56.863+0200] {logging_mixin.py:188} INFO - [2025-08-19T17:02:56.863+0200] {dag.py:3947} INFO - Setting next_dagrun for example_branch_datetime_operator_2 to 2025-08-18 00:00:00+00:00, run_after=2025-08-19 00:00:00+00:00
[2025-08-19T17:02:56.863+0200] {logging_mixin.py:188} INFO - [2025-08-19T17:02:56.863+0200] {dag.py:3947} INFO - Setting next_dagrun for example_branch_datetime_operator_3 to 2025-08-18 00:00:00+00:00, run_after=2025-08-19 00:00:00+00:00
[2025-08-19T17:02:56.869+0200] {processor.py:183} INFO - Processing /Users/ehabhasan/.venvs/airflow310/lib/python3.10/site-packages/airflow/example_dags/example_branch_datetime_operator.py took 0.058 seconds
[2025-08-19T17:04:33.393+0200] {processor.py:161} INFO - Started process (PID=8946) to work on /Users/ehabhasan/.venvs/airflow310/lib/python3.10/site-packages/airflow/example_dags/example_branch_datetime_operator.py
[2025-08-19T17:04:33.394+0200] {processor.py:830} INFO - Processing file /Users/ehabhasan/.venvs/airflow310/lib/python3.10/site-packages/airflow/example_dags/example_branch_datetime_operator.py for tasks to queue
[2025-08-19T17:04:33.394+0200] {logging_mixin.py:188} INFO - [2025-08-19T17:04:33.394+0200] {dagbag.py:545} INFO - Filling up the DagBag from /Users/ehabhasan/.venvs/airflow310/lib/python3.10/site-packages/airflow/example_dags/example_branch_datetime_operator.py
[2025-08-19T17:04:33.398+0200] {processor.py:840} INFO - DAG(s) 'example_branch_datetime_operator_2', 'example_branch_datetime_operator_3', 'example_branch_datetime_operator' retrieved from /Users/ehabhasan/.venvs/airflow310/lib/python3.10/site-packages/airflow/example_dags/example_branch_datetime_operator.py
[2025-08-19T17:04:33.436+0200] {logging_mixin.py:188} INFO - [2025-08-19T17:04:33.436+0200] {dag.py:3089} INFO - Sync 3 DAGs
[2025-08-19T17:04:33.442+0200] {logging_mixin.py:188} INFO - [2025-08-19T17:04:33.442+0200] {dag.py:3947} INFO - Setting next_dagrun for example_branch_datetime_operator to 2025-08-18 00:00:00+00:00, run_after=2025-08-19 00:00:00+00:00
[2025-08-19T17:04:33.444+0200] {logging_mixin.py:188} INFO - [2025-08-19T17:04:33.444+0200] {dag.py:3947} INFO - Setting next_dagrun for example_branch_datetime_operator_2 to 2025-08-18 00:00:00+00:00, run_after=2025-08-19 00:00:00+00:00
[2025-08-19T17:04:33.444+0200] {logging_mixin.py:188} INFO - [2025-08-19T17:04:33.444+0200] {dag.py:3947} INFO - Setting next_dagrun for example_branch_datetime_operator_3 to 2025-08-18 00:00:00+00:00, run_after=2025-08-19 00:00:00+00:00
[2025-08-19T17:04:33.450+0200] {processor.py:183} INFO - Processing /Users/ehabhasan/.venvs/airflow310/lib/python3.10/site-packages/airflow/example_dags/example_branch_datetime_operator.py took 0.059 seconds
[2025-08-19T17:06:19.913+0200] {processor.py:161} INFO - Started process (PID=9436) to work on /Users/ehabhasan/.venvs/airflow310/lib/python3.10/site-packages/airflow/example_dags/example_branch_datetime_operator.py
[2025-08-19T17:06:19.913+0200] {processor.py:830} INFO - Processing file /Users/ehabhasan/.venvs/airflow310/lib/python3.10/site-packages/airflow/example_dags/example_branch_datetime_operator.py for tasks to queue
[2025-08-19T17:06:19.913+0200] {logging_mixin.py:188} INFO - [2025-08-19T17:06:19.913+0200] {dagbag.py:545} INFO - Filling up the DagBag from /Users/ehabhasan/.venvs/airflow310/lib/python3.10/site-packages/airflow/example_dags/example_branch_datetime_operator.py
[2025-08-19T17:06:19.918+0200] {processor.py:840} INFO - DAG(s) 'example_branch_datetime_operator', 'example_branch_datetime_operator_2', 'example_branch_datetime_operator_3' retrieved from /Users/ehabhasan/.venvs/airflow310/lib/python3.10/site-packages/airflow/example_dags/example_branch_datetime_operator.py
[2025-08-19T17:06:19.955+0200] {logging_mixin.py:188} INFO - [2025-08-19T17:06:19.955+0200] {dag.py:3089} INFO - Sync 3 DAGs
[2025-08-19T17:06:19.962+0200] {logging_mixin.py:188} INFO - [2025-08-19T17:06:19.962+0200] {dag.py:3947} INFO - Setting next_dagrun for example_branch_datetime_operator to 2025-08-18 00:00:00+00:00, run_after=2025-08-19 00:00:00+00:00
[2025-08-19T17:06:19.963+0200] {logging_mixin.py:188} INFO - [2025-08-19T17:06:19.963+0200] {dag.py:3947} INFO - Setting next_dagrun for example_branch_datetime_operator_2 to 2025-08-18 00:00:00+00:00, run_after=2025-08-19 00:00:00+00:00
[2025-08-19T17:06:19.964+0200] {logging_mixin.py:188} INFO - [2025-08-19T17:06:19.964+0200] {dag.py:3947} INFO - Setting next_dagrun for example_branch_datetime_operator_3 to 2025-08-18 00:00:00+00:00, run_after=2025-08-19 00:00:00+00:00
[2025-08-19T17:06:19.970+0200] {processor.py:183} INFO - Processing /Users/ehabhasan/.venvs/airflow310/lib/python3.10/site-packages/airflow/example_dags/example_branch_datetime_operator.py took 0.059 seconds
[2025-08-19T17:08:07.029+0200] {processor.py:161} INFO - Started process (PID=10130) to work on /Users/ehabhasan/.venvs/airflow310/lib/python3.10/site-packages/airflow/example_dags/example_branch_datetime_operator.py
[2025-08-19T17:08:07.029+0200] {processor.py:830} INFO - Processing file /Users/ehabhasan/.venvs/airflow310/lib/python3.10/site-packages/airflow/example_dags/example_branch_datetime_operator.py for tasks to queue
[2025-08-19T17:08:07.029+0200] {logging_mixin.py:188} INFO - [2025-08-19T17:08:07.029+0200] {dagbag.py:545} INFO - Filling up the DagBag from /Users/ehabhasan/.venvs/airflow310/lib/python3.10/site-packages/airflow/example_dags/example_branch_datetime_operator.py
[2025-08-19T17:08:07.033+0200] {processor.py:840} INFO - DAG(s) 'example_branch_datetime_operator_3', 'example_branch_datetime_operator', 'example_branch_datetime_operator_2' retrieved from /Users/ehabhasan/.venvs/airflow310/lib/python3.10/site-packages/airflow/example_dags/example_branch_datetime_operator.py
[2025-08-19T17:08:07.071+0200] {logging_mixin.py:188} INFO - [2025-08-19T17:08:07.071+0200] {dag.py:3089} INFO - Sync 3 DAGs
[2025-08-19T17:08:07.077+0200] {logging_mixin.py:188} INFO - [2025-08-19T17:08:07.077+0200] {dag.py:3947} INFO - Setting next_dagrun for example_branch_datetime_operator to 2025-08-18 00:00:00+00:00, run_after=2025-08-19 00:00:00+00:00
[2025-08-19T17:08:07.078+0200] {logging_mixin.py:188} INFO - [2025-08-19T17:08:07.078+0200] {dag.py:3947} INFO - Setting next_dagrun for example_branch_datetime_operator_2 to 2025-08-18 00:00:00+00:00, run_after=2025-08-19 00:00:00+00:00
[2025-08-19T17:08:07.079+0200] {logging_mixin.py:188} INFO - [2025-08-19T17:08:07.079+0200] {dag.py:3947} INFO - Setting next_dagrun for example_branch_datetime_operator_3 to 2025-08-18 00:00:00+00:00, run_after=2025-08-19 00:00:00+00:00
[2025-08-19T17:08:07.085+0200] {processor.py:183} INFO - Processing /Users/ehabhasan/.venvs/airflow310/lib/python3.10/site-packages/airflow/example_dags/example_branch_datetime_operator.py took 0.058 seconds
[2025-08-19T17:09:56.140+0200] {processor.py:161} INFO - Started process (PID=10244) to work on /Users/ehabhasan/.venvs/airflow310/lib/python3.10/site-packages/airflow/example_dags/example_branch_datetime_operator.py
[2025-08-19T17:09:56.141+0200] {processor.py:830} INFO - Processing file /Users/ehabhasan/.venvs/airflow310/lib/python3.10/site-packages/airflow/example_dags/example_branch_datetime_operator.py for tasks to queue
[2025-08-19T17:09:56.141+0200] {logging_mixin.py:188} INFO - [2025-08-19T17:09:56.141+0200] {dagbag.py:545} INFO - Filling up the DagBag from /Users/ehabhasan/.venvs/airflow310/lib/python3.10/site-packages/airflow/example_dags/example_branch_datetime_operator.py
[2025-08-19T17:09:56.145+0200] {processor.py:840} INFO - DAG(s) 'example_branch_datetime_operator', 'example_branch_datetime_operator_3', 'example_branch_datetime_operator_2' retrieved from /Users/ehabhasan/.venvs/airflow310/lib/python3.10/site-packages/airflow/example_dags/example_branch_datetime_operator.py
[2025-08-19T17:09:56.182+0200] {logging_mixin.py:188} INFO - [2025-08-19T17:09:56.182+0200] {dag.py:3089} INFO - Sync 3 DAGs
[2025-08-19T17:09:56.188+0200] {logging_mixin.py:188} INFO - [2025-08-19T17:09:56.188+0200] {dag.py:3947} INFO - Setting next_dagrun for example_branch_datetime_operator to 2025-08-18 00:00:00+00:00, run_after=2025-08-19 00:00:00+00:00
[2025-08-19T17:09:56.190+0200] {logging_mixin.py:188} INFO - [2025-08-19T17:09:56.190+0200] {dag.py:3947} INFO - Setting next_dagrun for example_branch_datetime_operator_2 to 2025-08-18 00:00:00+00:00, run_after=2025-08-19 00:00:00+00:00
[2025-08-19T17:09:56.190+0200] {logging_mixin.py:188} INFO - [2025-08-19T17:09:56.190+0200] {dag.py:3947} INFO - Setting next_dagrun for example_branch_datetime_operator_3 to 2025-08-18 00:00:00+00:00, run_after=2025-08-19 00:00:00+00:00
[2025-08-19T17:09:56.196+0200] {processor.py:183} INFO - Processing /Users/ehabhasan/.venvs/airflow310/lib/python3.10/site-packages/airflow/example_dags/example_branch_datetime_operator.py took 0.057 seconds
[2025-08-19T17:11:40.693+0200] {processor.py:161} INFO - Started process (PID=10326) to work on /Users/ehabhasan/.venvs/airflow310/lib/python3.10/site-packages/airflow/example_dags/example_branch_datetime_operator.py
[2025-08-19T17:11:40.693+0200] {processor.py:830} INFO - Processing file /Users/ehabhasan/.venvs/airflow310/lib/python3.10/site-packages/airflow/example_dags/example_branch_datetime_operator.py for tasks to queue
[2025-08-19T17:11:40.693+0200] {logging_mixin.py:188} INFO - [2025-08-19T17:11:40.693+0200] {dagbag.py:545} INFO - Filling up the DagBag from /Users/ehabhasan/.venvs/airflow310/lib/python3.10/site-packages/airflow/example_dags/example_branch_datetime_operator.py
[2025-08-19T17:11:40.698+0200] {processor.py:840} INFO - DAG(s) 'example_branch_datetime_operator_3', 'example_branch_datetime_operator', 'example_branch_datetime_operator_2' retrieved from /Users/ehabhasan/.venvs/airflow310/lib/python3.10/site-packages/airflow/example_dags/example_branch_datetime_operator.py
[2025-08-19T17:11:40.736+0200] {logging_mixin.py:188} INFO - [2025-08-19T17:11:40.736+0200] {dag.py:3089} INFO - Sync 3 DAGs
[2025-08-19T17:11:40.742+0200] {logging_mixin.py:188} INFO - [2025-08-19T17:11:40.742+0200] {dag.py:3947} INFO - Setting next_dagrun for example_branch_datetime_operator to 2025-08-18 00:00:00+00:00, run_after=2025-08-19 00:00:00+00:00
[2025-08-19T17:11:40.743+0200] {logging_mixin.py:188} INFO - [2025-08-19T17:11:40.743+0200] {dag.py:3947} INFO - Setting next_dagrun for example_branch_datetime_operator_2 to 2025-08-18 00:00:00+00:00, run_after=2025-08-19 00:00:00+00:00
[2025-08-19T17:11:40.744+0200] {logging_mixin.py:188} INFO - [2025-08-19T17:11:40.744+0200] {dag.py:3947} INFO - Setting next_dagrun for example_branch_datetime_operator_3 to 2025-08-18 00:00:00+00:00, run_after=2025-08-19 00:00:00+00:00
[2025-08-19T17:11:40.750+0200] {processor.py:183} INFO - Processing /Users/ehabhasan/.venvs/airflow310/lib/python3.10/site-packages/airflow/example_dags/example_branch_datetime_operator.py took 0.059 seconds
[2025-08-19T17:13:34.260+0200] {processor.py:161} INFO - Started process (PID=10423) to work on /Users/ehabhasan/.venvs/airflow310/lib/python3.10/site-packages/airflow/example_dags/example_branch_datetime_operator.py
[2025-08-19T17:13:34.260+0200] {processor.py:830} INFO - Processing file /Users/ehabhasan/.venvs/airflow310/lib/python3.10/site-packages/airflow/example_dags/example_branch_datetime_operator.py for tasks to queue
[2025-08-19T17:13:34.261+0200] {logging_mixin.py:188} INFO - [2025-08-19T17:13:34.261+0200] {dagbag.py:545} INFO - Filling up the DagBag from /Users/ehabhasan/.venvs/airflow310/lib/python3.10/site-packages/airflow/example_dags/example_branch_datetime_operator.py
[2025-08-19T17:13:34.265+0200] {processor.py:840} INFO - DAG(s) 'example_branch_datetime_operator_3', 'example_branch_datetime_operator_2', 'example_branch_datetime_operator' retrieved from /Users/ehabhasan/.venvs/airflow310/lib/python3.10/site-packages/airflow/example_dags/example_branch_datetime_operator.py
[2025-08-19T17:13:34.303+0200] {logging_mixin.py:188} INFO - [2025-08-19T17:13:34.303+0200] {dag.py:3089} INFO - Sync 3 DAGs
[2025-08-19T17:13:34.308+0200] {logging_mixin.py:188} INFO - [2025-08-19T17:13:34.308+0200] {dag.py:3947} INFO - Setting next_dagrun for example_branch_datetime_operator to 2025-08-18 00:00:00+00:00, run_after=2025-08-19 00:00:00+00:00
[2025-08-19T17:13:34.310+0200] {logging_mixin.py:188} INFO - [2025-08-19T17:13:34.310+0200] {dag.py:3947} INFO - Setting next_dagrun for example_branch_datetime_operator_2 to 2025-08-18 00:00:00+00:00, run_after=2025-08-19 00:00:00+00:00
[2025-08-19T17:13:34.310+0200] {logging_mixin.py:188} INFO - [2025-08-19T17:13:34.310+0200] {dag.py:3947} INFO - Setting next_dagrun for example_branch_datetime_operator_3 to 2025-08-18 00:00:00+00:00, run_after=2025-08-19 00:00:00+00:00
[2025-08-19T17:13:34.316+0200] {processor.py:183} INFO - Processing /Users/ehabhasan/.venvs/airflow310/lib/python3.10/site-packages/airflow/example_dags/example_branch_datetime_operator.py took 0.058 seconds
[2025-08-19T17:15:26.197+0200] {processor.py:161} INFO - Started process (PID=10774) to work on /Users/ehabhasan/.venvs/airflow310/lib/python3.10/site-packages/airflow/example_dags/example_branch_datetime_operator.py
[2025-08-19T17:15:26.197+0200] {processor.py:830} INFO - Processing file /Users/ehabhasan/.venvs/airflow310/lib/python3.10/site-packages/airflow/example_dags/example_branch_datetime_operator.py for tasks to queue
[2025-08-19T17:15:26.198+0200] {logging_mixin.py:188} INFO - [2025-08-19T17:15:26.198+0200] {dagbag.py:545} INFO - Filling up the DagBag from /Users/ehabhasan/.venvs/airflow310/lib/python3.10/site-packages/airflow/example_dags/example_branch_datetime_operator.py
[2025-08-19T17:15:26.202+0200] {processor.py:840} INFO - DAG(s) 'example_branch_datetime_operator_3', 'example_branch_datetime_operator_2', 'example_branch_datetime_operator' retrieved from /Users/ehabhasan/.venvs/airflow310/lib/python3.10/site-packages/airflow/example_dags/example_branch_datetime_operator.py
[2025-08-19T17:15:26.239+0200] {logging_mixin.py:188} INFO - [2025-08-19T17:15:26.239+0200] {dag.py:3089} INFO - Sync 3 DAGs
[2025-08-19T17:15:26.245+0200] {logging_mixin.py:188} INFO - [2025-08-19T17:15:26.245+0200] {dag.py:3947} INFO - Setting next_dagrun for example_branch_datetime_operator to 2025-08-18 00:00:00+00:00, run_after=2025-08-19 00:00:00+00:00
[2025-08-19T17:15:26.246+0200] {logging_mixin.py:188} INFO - [2025-08-19T17:15:26.246+0200] {dag.py:3947} INFO - Setting next_dagrun for example_branch_datetime_operator_2 to 2025-08-18 00:00:00+00:00, run_after=2025-08-19 00:00:00+00:00
[2025-08-19T17:15:26.247+0200] {logging_mixin.py:188} INFO - [2025-08-19T17:15:26.247+0200] {dag.py:3947} INFO - Setting next_dagrun for example_branch_datetime_operator_3 to 2025-08-18 00:00:00+00:00, run_after=2025-08-19 00:00:00+00:00
[2025-08-19T17:15:26.253+0200] {processor.py:183} INFO - Processing /Users/ehabhasan/.venvs/airflow310/lib/python3.10/site-packages/airflow/example_dags/example_branch_datetime_operator.py took 0.057 seconds
[2025-08-19T17:17:19.640+0200] {processor.py:161} INFO - Started process (PID=11433) to work on /Users/ehabhasan/.venvs/airflow310/lib/python3.10/site-packages/airflow/example_dags/example_branch_datetime_operator.py
[2025-08-19T17:17:19.641+0200] {processor.py:830} INFO - Processing file /Users/ehabhasan/.venvs/airflow310/lib/python3.10/site-packages/airflow/example_dags/example_branch_datetime_operator.py for tasks to queue
[2025-08-19T17:17:19.641+0200] {logging_mixin.py:188} INFO - [2025-08-19T17:17:19.641+0200] {dagbag.py:545} INFO - Filling up the DagBag from /Users/ehabhasan/.venvs/airflow310/lib/python3.10/site-packages/airflow/example_dags/example_branch_datetime_operator.py
[2025-08-19T17:17:19.646+0200] {processor.py:840} INFO - DAG(s) 'example_branch_datetime_operator', 'example_branch_datetime_operator_2', 'example_branch_datetime_operator_3' retrieved from /Users/ehabhasan/.venvs/airflow310/lib/python3.10/site-packages/airflow/example_dags/example_branch_datetime_operator.py
[2025-08-19T17:17:19.684+0200] {logging_mixin.py:188} INFO - [2025-08-19T17:17:19.684+0200] {dag.py:3089} INFO - Sync 3 DAGs
[2025-08-19T17:17:19.690+0200] {logging_mixin.py:188} INFO - [2025-08-19T17:17:19.690+0200] {dag.py:3947} INFO - Setting next_dagrun for example_branch_datetime_operator to 2025-08-18 00:00:00+00:00, run_after=2025-08-19 00:00:00+00:00
[2025-08-19T17:17:19.691+0200] {logging_mixin.py:188} INFO - [2025-08-19T17:17:19.691+0200] {dag.py:3947} INFO - Setting next_dagrun for example_branch_datetime_operator_2 to 2025-08-18 00:00:00+00:00, run_after=2025-08-19 00:00:00+00:00
[2025-08-19T17:17:19.692+0200] {logging_mixin.py:188} INFO - [2025-08-19T17:17:19.692+0200] {dag.py:3947} INFO - Setting next_dagrun for example_branch_datetime_operator_3 to 2025-08-18 00:00:00+00:00, run_after=2025-08-19 00:00:00+00:00
[2025-08-19T17:17:19.698+0200] {processor.py:183} INFO - Processing /Users/ehabhasan/.venvs/airflow310/lib/python3.10/site-packages/airflow/example_dags/example_branch_datetime_operator.py took 0.059 seconds
[2025-08-19T17:19:06.739+0200] {processor.py:161} INFO - Started process (PID=11533) to work on /Users/ehabhasan/.venvs/airflow310/lib/python3.10/site-packages/airflow/example_dags/example_branch_datetime_operator.py
[2025-08-19T17:19:06.740+0200] {processor.py:830} INFO - Processing file /Users/ehabhasan/.venvs/airflow310/lib/python3.10/site-packages/airflow/example_dags/example_branch_datetime_operator.py for tasks to queue
[2025-08-19T17:19:06.740+0200] {logging_mixin.py:188} INFO - [2025-08-19T17:19:06.740+0200] {dagbag.py:545} INFO - Filling up the DagBag from /Users/ehabhasan/.venvs/airflow310/lib/python3.10/site-packages/airflow/example_dags/example_branch_datetime_operator.py
[2025-08-19T17:19:06.744+0200] {processor.py:840} INFO - DAG(s) 'example_branch_datetime_operator', 'example_branch_datetime_operator_2', 'example_branch_datetime_operator_3' retrieved from /Users/ehabhasan/.venvs/airflow310/lib/python3.10/site-packages/airflow/example_dags/example_branch_datetime_operator.py
[2025-08-19T17:19:06.783+0200] {logging_mixin.py:188} INFO - [2025-08-19T17:19:06.783+0200] {dag.py:3089} INFO - Sync 3 DAGs
[2025-08-19T17:19:06.789+0200] {logging_mixin.py:188} INFO - [2025-08-19T17:19:06.789+0200] {dag.py:3947} INFO - Setting next_dagrun for example_branch_datetime_operator to 2025-08-18 00:00:00+00:00, run_after=2025-08-19 00:00:00+00:00
[2025-08-19T17:19:06.791+0200] {logging_mixin.py:188} INFO - [2025-08-19T17:19:06.791+0200] {dag.py:3947} INFO - Setting next_dagrun for example_branch_datetime_operator_2 to 2025-08-18 00:00:00+00:00, run_after=2025-08-19 00:00:00+00:00
[2025-08-19T17:19:06.791+0200] {logging_mixin.py:188} INFO - [2025-08-19T17:19:06.791+0200] {dag.py:3947} INFO - Setting next_dagrun for example_branch_datetime_operator_3 to 2025-08-18 00:00:00+00:00, run_after=2025-08-19 00:00:00+00:00
[2025-08-19T17:19:06.797+0200] {processor.py:183} INFO - Processing /Users/ehabhasan/.venvs/airflow310/lib/python3.10/site-packages/airflow/example_dags/example_branch_datetime_operator.py took 0.060 seconds
[2025-08-19T17:20:49.267+0200] {processor.py:161} INFO - Started process (PID=11622) to work on /Users/ehabhasan/.venvs/airflow310/lib/python3.10/site-packages/airflow/example_dags/example_branch_datetime_operator.py
[2025-08-19T17:20:49.267+0200] {processor.py:830} INFO - Processing file /Users/ehabhasan/.venvs/airflow310/lib/python3.10/site-packages/airflow/example_dags/example_branch_datetime_operator.py for tasks to queue
[2025-08-19T17:20:49.268+0200] {logging_mixin.py:188} INFO - [2025-08-19T17:20:49.268+0200] {dagbag.py:545} INFO - Filling up the DagBag from /Users/ehabhasan/.venvs/airflow310/lib/python3.10/site-packages/airflow/example_dags/example_branch_datetime_operator.py
[2025-08-19T17:20:49.272+0200] {processor.py:840} INFO - DAG(s) 'example_branch_datetime_operator_3', 'example_branch_datetime_operator', 'example_branch_datetime_operator_2' retrieved from /Users/ehabhasan/.venvs/airflow310/lib/python3.10/site-packages/airflow/example_dags/example_branch_datetime_operator.py
[2025-08-19T17:20:49.310+0200] {logging_mixin.py:188} INFO - [2025-08-19T17:20:49.310+0200] {dag.py:3089} INFO - Sync 3 DAGs
[2025-08-19T17:20:49.316+0200] {logging_mixin.py:188} INFO - [2025-08-19T17:20:49.316+0200] {dag.py:3947} INFO - Setting next_dagrun for example_branch_datetime_operator to 2025-08-18 00:00:00+00:00, run_after=2025-08-19 00:00:00+00:00
[2025-08-19T17:20:49.317+0200] {logging_mixin.py:188} INFO - [2025-08-19T17:20:49.317+0200] {dag.py:3947} INFO - Setting next_dagrun for example_branch_datetime_operator_2 to 2025-08-18 00:00:00+00:00, run_after=2025-08-19 00:00:00+00:00
[2025-08-19T17:20:49.318+0200] {logging_mixin.py:188} INFO - [2025-08-19T17:20:49.318+0200] {dag.py:3947} INFO - Setting next_dagrun for example_branch_datetime_operator_3 to 2025-08-18 00:00:00+00:00, run_after=2025-08-19 00:00:00+00:00
[2025-08-19T17:20:49.324+0200] {processor.py:183} INFO - Processing /Users/ehabhasan/.venvs/airflow310/lib/python3.10/site-packages/airflow/example_dags/example_branch_datetime_operator.py took 0.058 seconds
[2025-08-19T17:22:40.357+0200] {processor.py:161} INFO - Started process (PID=11694) to work on /Users/ehabhasan/.venvs/airflow310/lib/python3.10/site-packages/airflow/example_dags/example_branch_datetime_operator.py
[2025-08-19T17:22:40.358+0200] {processor.py:830} INFO - Processing file /Users/ehabhasan/.venvs/airflow310/lib/python3.10/site-packages/airflow/example_dags/example_branch_datetime_operator.py for tasks to queue
[2025-08-19T17:22:40.358+0200] {logging_mixin.py:188} INFO - [2025-08-19T17:22:40.358+0200] {dagbag.py:545} INFO - Filling up the DagBag from /Users/ehabhasan/.venvs/airflow310/lib/python3.10/site-packages/airflow/example_dags/example_branch_datetime_operator.py
[2025-08-19T17:22:40.362+0200] {processor.py:840} INFO - DAG(s) 'example_branch_datetime_operator_3', 'example_branch_datetime_operator', 'example_branch_datetime_operator_2' retrieved from /Users/ehabhasan/.venvs/airflow310/lib/python3.10/site-packages/airflow/example_dags/example_branch_datetime_operator.py
[2025-08-19T17:22:40.401+0200] {logging_mixin.py:188} INFO - [2025-08-19T17:22:40.401+0200] {dag.py:3089} INFO - Sync 3 DAGs
[2025-08-19T17:22:40.407+0200] {logging_mixin.py:188} INFO - [2025-08-19T17:22:40.407+0200] {dag.py:3947} INFO - Setting next_dagrun for example_branch_datetime_operator to 2025-08-18 00:00:00+00:00, run_after=2025-08-19 00:00:00+00:00
[2025-08-19T17:22:40.409+0200] {logging_mixin.py:188} INFO - [2025-08-19T17:22:40.409+0200] {dag.py:3947} INFO - Setting next_dagrun for example_branch_datetime_operator_2 to 2025-08-18 00:00:00+00:00, run_after=2025-08-19 00:00:00+00:00
[2025-08-19T17:22:40.409+0200] {logging_mixin.py:188} INFO - [2025-08-19T17:22:40.409+0200] {dag.py:3947} INFO - Setting next_dagrun for example_branch_datetime_operator_3 to 2025-08-18 00:00:00+00:00, run_after=2025-08-19 00:00:00+00:00
[2025-08-19T17:22:40.416+0200] {processor.py:183} INFO - Processing /Users/ehabhasan/.venvs/airflow310/lib/python3.10/site-packages/airflow/example_dags/example_branch_datetime_operator.py took 0.061 seconds
[2025-08-19T17:24:26.328+0200] {processor.py:161} INFO - Started process (PID=11778) to work on /Users/ehabhasan/.venvs/airflow310/lib/python3.10/site-packages/airflow/example_dags/example_branch_datetime_operator.py
[2025-08-19T17:24:26.329+0200] {processor.py:830} INFO - Processing file /Users/ehabhasan/.venvs/airflow310/lib/python3.10/site-packages/airflow/example_dags/example_branch_datetime_operator.py for tasks to queue
[2025-08-19T17:24:26.329+0200] {logging_mixin.py:188} INFO - [2025-08-19T17:24:26.329+0200] {dagbag.py:545} INFO - Filling up the DagBag from /Users/ehabhasan/.venvs/airflow310/lib/python3.10/site-packages/airflow/example_dags/example_branch_datetime_operator.py
[2025-08-19T17:24:26.334+0200] {processor.py:840} INFO - DAG(s) 'example_branch_datetime_operator_3', 'example_branch_datetime_operator_2', 'example_branch_datetime_operator' retrieved from /Users/ehabhasan/.venvs/airflow310/lib/python3.10/site-packages/airflow/example_dags/example_branch_datetime_operator.py
[2025-08-19T17:24:26.373+0200] {logging_mixin.py:188} INFO - [2025-08-19T17:24:26.372+0200] {dag.py:3089} INFO - Sync 3 DAGs
[2025-08-19T17:24:26.379+0200] {logging_mixin.py:188} INFO - [2025-08-19T17:24:26.379+0200] {dag.py:3947} INFO - Setting next_dagrun for example_branch_datetime_operator to 2025-08-18 00:00:00+00:00, run_after=2025-08-19 00:00:00+00:00
[2025-08-19T17:24:26.380+0200] {logging_mixin.py:188} INFO - [2025-08-19T17:24:26.380+0200] {dag.py:3947} INFO - Setting next_dagrun for example_branch_datetime_operator_2 to 2025-08-18 00:00:00+00:00, run_after=2025-08-19 00:00:00+00:00
[2025-08-19T17:24:26.381+0200] {logging_mixin.py:188} INFO - [2025-08-19T17:24:26.381+0200] {dag.py:3947} INFO - Setting next_dagrun for example_branch_datetime_operator_3 to 2025-08-18 00:00:00+00:00, run_after=2025-08-19 00:00:00+00:00
[2025-08-19T17:24:26.387+0200] {processor.py:183} INFO - Processing /Users/ehabhasan/.venvs/airflow310/lib/python3.10/site-packages/airflow/example_dags/example_branch_datetime_operator.py took 0.060 seconds
[2025-08-19T17:26:12.590+0200] {processor.py:161} INFO - Started process (PID=11857) to work on /Users/ehabhasan/.venvs/airflow310/lib/python3.10/site-packages/airflow/example_dags/example_branch_datetime_operator.py
[2025-08-19T17:26:12.591+0200] {processor.py:830} INFO - Processing file /Users/ehabhasan/.venvs/airflow310/lib/python3.10/site-packages/airflow/example_dags/example_branch_datetime_operator.py for tasks to queue
[2025-08-19T17:26:12.592+0200] {logging_mixin.py:188} INFO - [2025-08-19T17:26:12.592+0200] {dagbag.py:545} INFO - Filling up the DagBag from /Users/ehabhasan/.venvs/airflow310/lib/python3.10/site-packages/airflow/example_dags/example_branch_datetime_operator.py
[2025-08-19T17:26:12.596+0200] {processor.py:840} INFO - DAG(s) 'example_branch_datetime_operator', 'example_branch_datetime_operator_3', 'example_branch_datetime_operator_2' retrieved from /Users/ehabhasan/.venvs/airflow310/lib/python3.10/site-packages/airflow/example_dags/example_branch_datetime_operator.py
[2025-08-19T17:26:12.634+0200] {logging_mixin.py:188} INFO - [2025-08-19T17:26:12.634+0200] {dag.py:3089} INFO - Sync 3 DAGs
[2025-08-19T17:26:12.640+0200] {logging_mixin.py:188} INFO - [2025-08-19T17:26:12.640+0200] {dag.py:3947} INFO - Setting next_dagrun for example_branch_datetime_operator to 2025-08-18 00:00:00+00:00, run_after=2025-08-19 00:00:00+00:00
[2025-08-19T17:26:12.641+0200] {logging_mixin.py:188} INFO - [2025-08-19T17:26:12.641+0200] {dag.py:3947} INFO - Setting next_dagrun for example_branch_datetime_operator_2 to 2025-08-18 00:00:00+00:00, run_after=2025-08-19 00:00:00+00:00
[2025-08-19T17:26:12.642+0200] {logging_mixin.py:188} INFO - [2025-08-19T17:26:12.642+0200] {dag.py:3947} INFO - Setting next_dagrun for example_branch_datetime_operator_3 to 2025-08-18 00:00:00+00:00, run_after=2025-08-19 00:00:00+00:00
[2025-08-19T17:26:12.647+0200] {processor.py:183} INFO - Processing /Users/ehabhasan/.venvs/airflow310/lib/python3.10/site-packages/airflow/example_dags/example_branch_datetime_operator.py took 0.059 seconds
[2025-08-19T17:28:02.789+0200] {processor.py:161} INFO - Started process (PID=11945) to work on /Users/ehabhasan/.venvs/airflow310/lib/python3.10/site-packages/airflow/example_dags/example_branch_datetime_operator.py
[2025-08-19T17:28:02.790+0200] {processor.py:830} INFO - Processing file /Users/ehabhasan/.venvs/airflow310/lib/python3.10/site-packages/airflow/example_dags/example_branch_datetime_operator.py for tasks to queue
[2025-08-19T17:28:02.790+0200] {logging_mixin.py:188} INFO - [2025-08-19T17:28:02.790+0200] {dagbag.py:545} INFO - Filling up the DagBag from /Users/ehabhasan/.venvs/airflow310/lib/python3.10/site-packages/airflow/example_dags/example_branch_datetime_operator.py
[2025-08-19T17:28:02.795+0200] {processor.py:840} INFO - DAG(s) 'example_branch_datetime_operator_3', 'example_branch_datetime_operator_2', 'example_branch_datetime_operator' retrieved from /Users/ehabhasan/.venvs/airflow310/lib/python3.10/site-packages/airflow/example_dags/example_branch_datetime_operator.py
[2025-08-19T17:28:02.833+0200] {logging_mixin.py:188} INFO - [2025-08-19T17:28:02.833+0200] {dag.py:3089} INFO - Sync 3 DAGs
[2025-08-19T17:28:02.839+0200] {logging_mixin.py:188} INFO - [2025-08-19T17:28:02.838+0200] {dag.py:3947} INFO - Setting next_dagrun for example_branch_datetime_operator to 2025-08-18 00:00:00+00:00, run_after=2025-08-19 00:00:00+00:00
[2025-08-19T17:28:02.840+0200] {logging_mixin.py:188} INFO - [2025-08-19T17:28:02.840+0200] {dag.py:3947} INFO - Setting next_dagrun for example_branch_datetime_operator_2 to 2025-08-18 00:00:00+00:00, run_after=2025-08-19 00:00:00+00:00
[2025-08-19T17:28:02.841+0200] {logging_mixin.py:188} INFO - [2025-08-19T17:28:02.841+0200] {dag.py:3947} INFO - Setting next_dagrun for example_branch_datetime_operator_3 to 2025-08-18 00:00:00+00:00, run_after=2025-08-19 00:00:00+00:00
[2025-08-19T17:28:02.846+0200] {processor.py:183} INFO - Processing /Users/ehabhasan/.venvs/airflow310/lib/python3.10/site-packages/airflow/example_dags/example_branch_datetime_operator.py took 0.059 seconds
[2025-08-19T17:29:54.041+0200] {processor.py:161} INFO - Started process (PID=12560) to work on /Users/ehabhasan/.venvs/airflow310/lib/python3.10/site-packages/airflow/example_dags/example_branch_datetime_operator.py
[2025-08-19T17:29:54.042+0200] {processor.py:830} INFO - Processing file /Users/ehabhasan/.venvs/airflow310/lib/python3.10/site-packages/airflow/example_dags/example_branch_datetime_operator.py for tasks to queue
[2025-08-19T17:29:54.042+0200] {logging_mixin.py:188} INFO - [2025-08-19T17:29:54.042+0200] {dagbag.py:545} INFO - Filling up the DagBag from /Users/ehabhasan/.venvs/airflow310/lib/python3.10/site-packages/airflow/example_dags/example_branch_datetime_operator.py
[2025-08-19T17:29:54.047+0200] {processor.py:840} INFO - DAG(s) 'example_branch_datetime_operator_3', 'example_branch_datetime_operator', 'example_branch_datetime_operator_2' retrieved from /Users/ehabhasan/.venvs/airflow310/lib/python3.10/site-packages/airflow/example_dags/example_branch_datetime_operator.py
[2025-08-19T17:29:54.086+0200] {logging_mixin.py:188} INFO - [2025-08-19T17:29:54.086+0200] {dag.py:3089} INFO - Sync 3 DAGs
[2025-08-19T17:29:54.092+0200] {logging_mixin.py:188} INFO - [2025-08-19T17:29:54.092+0200] {dag.py:3947} INFO - Setting next_dagrun for example_branch_datetime_operator to 2025-08-18 00:00:00+00:00, run_after=2025-08-19 00:00:00+00:00
[2025-08-19T17:29:54.093+0200] {logging_mixin.py:188} INFO - [2025-08-19T17:29:54.093+0200] {dag.py:3947} INFO - Setting next_dagrun for example_branch_datetime_operator_2 to 2025-08-18 00:00:00+00:00, run_after=2025-08-19 00:00:00+00:00
[2025-08-19T17:29:54.094+0200] {logging_mixin.py:188} INFO - [2025-08-19T17:29:54.094+0200] {dag.py:3947} INFO - Setting next_dagrun for example_branch_datetime_operator_3 to 2025-08-18 00:00:00+00:00, run_after=2025-08-19 00:00:00+00:00
[2025-08-19T17:29:54.100+0200] {processor.py:183} INFO - Processing /Users/ehabhasan/.venvs/airflow310/lib/python3.10/site-packages/airflow/example_dags/example_branch_datetime_operator.py took 0.060 seconds
[2025-08-19T17:31:43.837+0200] {processor.py:161} INFO - Started process (PID=13948) to work on /Users/ehabhasan/.venvs/airflow310/lib/python3.10/site-packages/airflow/example_dags/example_branch_datetime_operator.py
[2025-08-19T17:31:43.838+0200] {processor.py:830} INFO - Processing file /Users/ehabhasan/.venvs/airflow310/lib/python3.10/site-packages/airflow/example_dags/example_branch_datetime_operator.py for tasks to queue
[2025-08-19T17:31:43.838+0200] {logging_mixin.py:188} INFO - [2025-08-19T17:31:43.838+0200] {dagbag.py:545} INFO - Filling up the DagBag from /Users/ehabhasan/.venvs/airflow310/lib/python3.10/site-packages/airflow/example_dags/example_branch_datetime_operator.py
[2025-08-19T17:31:43.843+0200] {processor.py:840} INFO - DAG(s) 'example_branch_datetime_operator', 'example_branch_datetime_operator_2', 'example_branch_datetime_operator_3' retrieved from /Users/ehabhasan/.venvs/airflow310/lib/python3.10/site-packages/airflow/example_dags/example_branch_datetime_operator.py
[2025-08-19T17:31:43.882+0200] {logging_mixin.py:188} INFO - [2025-08-19T17:31:43.882+0200] {dag.py:3089} INFO - Sync 3 DAGs
[2025-08-19T17:31:43.888+0200] {logging_mixin.py:188} INFO - [2025-08-19T17:31:43.888+0200] {dag.py:3947} INFO - Setting next_dagrun for example_branch_datetime_operator to 2025-08-18 00:00:00+00:00, run_after=2025-08-19 00:00:00+00:00
[2025-08-19T17:31:43.889+0200] {logging_mixin.py:188} INFO - [2025-08-19T17:31:43.889+0200] {dag.py:3947} INFO - Setting next_dagrun for example_branch_datetime_operator_2 to 2025-08-18 00:00:00+00:00, run_after=2025-08-19 00:00:00+00:00
[2025-08-19T17:31:43.890+0200] {logging_mixin.py:188} INFO - [2025-08-19T17:31:43.890+0200] {dag.py:3947} INFO - Setting next_dagrun for example_branch_datetime_operator_3 to 2025-08-18 00:00:00+00:00, run_after=2025-08-19 00:00:00+00:00
[2025-08-19T17:31:43.896+0200] {processor.py:183} INFO - Processing /Users/ehabhasan/.venvs/airflow310/lib/python3.10/site-packages/airflow/example_dags/example_branch_datetime_operator.py took 0.061 seconds
[2025-08-19T17:33:35.696+0200] {processor.py:161} INFO - Started process (PID=14210) to work on /Users/ehabhasan/.venvs/airflow310/lib/python3.10/site-packages/airflow/example_dags/example_branch_datetime_operator.py
[2025-08-19T17:33:35.696+0200] {processor.py:830} INFO - Processing file /Users/ehabhasan/.venvs/airflow310/lib/python3.10/site-packages/airflow/example_dags/example_branch_datetime_operator.py for tasks to queue
[2025-08-19T17:33:35.696+0200] {logging_mixin.py:188} INFO - [2025-08-19T17:33:35.696+0200] {dagbag.py:545} INFO - Filling up the DagBag from /Users/ehabhasan/.venvs/airflow310/lib/python3.10/site-packages/airflow/example_dags/example_branch_datetime_operator.py
[2025-08-19T17:33:35.701+0200] {processor.py:840} INFO - DAG(s) 'example_branch_datetime_operator_2', 'example_branch_datetime_operator', 'example_branch_datetime_operator_3' retrieved from /Users/ehabhasan/.venvs/airflow310/lib/python3.10/site-packages/airflow/example_dags/example_branch_datetime_operator.py
[2025-08-19T17:33:35.737+0200] {logging_mixin.py:188} INFO - [2025-08-19T17:33:35.737+0200] {dag.py:3089} INFO - Sync 3 DAGs
[2025-08-19T17:33:35.743+0200] {logging_mixin.py:188} INFO - [2025-08-19T17:33:35.743+0200] {dag.py:3947} INFO - Setting next_dagrun for example_branch_datetime_operator to 2025-08-18 00:00:00+00:00, run_after=2025-08-19 00:00:00+00:00
[2025-08-19T17:33:35.745+0200] {logging_mixin.py:188} INFO - [2025-08-19T17:33:35.745+0200] {dag.py:3947} INFO - Setting next_dagrun for example_branch_datetime_operator_2 to 2025-08-18 00:00:00+00:00, run_after=2025-08-19 00:00:00+00:00
[2025-08-19T17:33:35.745+0200] {logging_mixin.py:188} INFO - [2025-08-19T17:33:35.745+0200] {dag.py:3947} INFO - Setting next_dagrun for example_branch_datetime_operator_3 to 2025-08-18 00:00:00+00:00, run_after=2025-08-19 00:00:00+00:00
[2025-08-19T17:33:35.751+0200] {processor.py:183} INFO - Processing /Users/ehabhasan/.venvs/airflow310/lib/python3.10/site-packages/airflow/example_dags/example_branch_datetime_operator.py took 0.057 seconds
[2025-08-19T17:35:21.444+0200] {processor.py:161} INFO - Started process (PID=14391) to work on /Users/ehabhasan/.venvs/airflow310/lib/python3.10/site-packages/airflow/example_dags/example_branch_datetime_operator.py
[2025-08-19T17:35:21.444+0200] {processor.py:830} INFO - Processing file /Users/ehabhasan/.venvs/airflow310/lib/python3.10/site-packages/airflow/example_dags/example_branch_datetime_operator.py for tasks to queue
[2025-08-19T17:35:21.444+0200] {logging_mixin.py:188} INFO - [2025-08-19T17:35:21.444+0200] {dagbag.py:545} INFO - Filling up the DagBag from /Users/ehabhasan/.venvs/airflow310/lib/python3.10/site-packages/airflow/example_dags/example_branch_datetime_operator.py
[2025-08-19T17:35:21.449+0200] {processor.py:840} INFO - DAG(s) 'example_branch_datetime_operator_3', 'example_branch_datetime_operator', 'example_branch_datetime_operator_2' retrieved from /Users/ehabhasan/.venvs/airflow310/lib/python3.10/site-packages/airflow/example_dags/example_branch_datetime_operator.py
[2025-08-19T17:35:21.486+0200] {logging_mixin.py:188} INFO - [2025-08-19T17:35:21.486+0200] {dag.py:3089} INFO - Sync 3 DAGs
[2025-08-19T17:35:21.492+0200] {logging_mixin.py:188} INFO - [2025-08-19T17:35:21.492+0200] {dag.py:3947} INFO - Setting next_dagrun for example_branch_datetime_operator to 2025-08-18 00:00:00+00:00, run_after=2025-08-19 00:00:00+00:00
[2025-08-19T17:35:21.494+0200] {logging_mixin.py:188} INFO - [2025-08-19T17:35:21.494+0200] {dag.py:3947} INFO - Setting next_dagrun for example_branch_datetime_operator_2 to 2025-08-18 00:00:00+00:00, run_after=2025-08-19 00:00:00+00:00
[2025-08-19T17:35:21.495+0200] {logging_mixin.py:188} INFO - [2025-08-19T17:35:21.495+0200] {dag.py:3947} INFO - Setting next_dagrun for example_branch_datetime_operator_3 to 2025-08-18 00:00:00+00:00, run_after=2025-08-19 00:00:00+00:00
[2025-08-19T17:35:21.501+0200] {processor.py:183} INFO - Processing /Users/ehabhasan/.venvs/airflow310/lib/python3.10/site-packages/airflow/example_dags/example_branch_datetime_operator.py took 0.059 seconds
[2025-08-19T17:37:16.678+0200] {processor.py:161} INFO - Started process (PID=14537) to work on /Users/ehabhasan/.venvs/airflow310/lib/python3.10/site-packages/airflow/example_dags/example_branch_datetime_operator.py
[2025-08-19T17:37:16.678+0200] {processor.py:830} INFO - Processing file /Users/ehabhasan/.venvs/airflow310/lib/python3.10/site-packages/airflow/example_dags/example_branch_datetime_operator.py for tasks to queue
[2025-08-19T17:37:16.678+0200] {logging_mixin.py:188} INFO - [2025-08-19T17:37:16.678+0200] {dagbag.py:545} INFO - Filling up the DagBag from /Users/ehabhasan/.venvs/airflow310/lib/python3.10/site-packages/airflow/example_dags/example_branch_datetime_operator.py
[2025-08-19T17:37:16.683+0200] {processor.py:840} INFO - DAG(s) 'example_branch_datetime_operator_3', 'example_branch_datetime_operator', 'example_branch_datetime_operator_2' retrieved from /Users/ehabhasan/.venvs/airflow310/lib/python3.10/site-packages/airflow/example_dags/example_branch_datetime_operator.py
[2025-08-19T17:37:16.720+0200] {logging_mixin.py:188} INFO - [2025-08-19T17:37:16.720+0200] {dag.py:3089} INFO - Sync 3 DAGs
[2025-08-19T17:37:16.726+0200] {logging_mixin.py:188} INFO - [2025-08-19T17:37:16.726+0200] {dag.py:3947} INFO - Setting next_dagrun for example_branch_datetime_operator to 2025-08-18 00:00:00+00:00, run_after=2025-08-19 00:00:00+00:00
[2025-08-19T17:37:16.727+0200] {logging_mixin.py:188} INFO - [2025-08-19T17:37:16.727+0200] {dag.py:3947} INFO - Setting next_dagrun for example_branch_datetime_operator_2 to 2025-08-18 00:00:00+00:00, run_after=2025-08-19 00:00:00+00:00
[2025-08-19T17:37:16.728+0200] {logging_mixin.py:188} INFO - [2025-08-19T17:37:16.728+0200] {dag.py:3947} INFO - Setting next_dagrun for example_branch_datetime_operator_3 to 2025-08-18 00:00:00+00:00, run_after=2025-08-19 00:00:00+00:00
[2025-08-19T17:37:16.734+0200] {processor.py:183} INFO - Processing /Users/ehabhasan/.venvs/airflow310/lib/python3.10/site-packages/airflow/example_dags/example_branch_datetime_operator.py took 0.058 seconds
[2025-08-19T17:39:16.935+0200] {processor.py:161} INFO - Started process (PID=14751) to work on /Users/ehabhasan/.venvs/airflow310/lib/python3.10/site-packages/airflow/example_dags/example_branch_datetime_operator.py
[2025-08-19T17:39:16.935+0200] {processor.py:830} INFO - Processing file /Users/ehabhasan/.venvs/airflow310/lib/python3.10/site-packages/airflow/example_dags/example_branch_datetime_operator.py for tasks to queue
[2025-08-19T17:39:16.936+0200] {logging_mixin.py:188} INFO - [2025-08-19T17:39:16.936+0200] {dagbag.py:545} INFO - Filling up the DagBag from /Users/ehabhasan/.venvs/airflow310/lib/python3.10/site-packages/airflow/example_dags/example_branch_datetime_operator.py
[2025-08-19T17:39:16.940+0200] {processor.py:840} INFO - DAG(s) 'example_branch_datetime_operator', 'example_branch_datetime_operator_3', 'example_branch_datetime_operator_2' retrieved from /Users/ehabhasan/.venvs/airflow310/lib/python3.10/site-packages/airflow/example_dags/example_branch_datetime_operator.py
[2025-08-19T17:39:16.978+0200] {logging_mixin.py:188} INFO - [2025-08-19T17:39:16.978+0200] {dag.py:3089} INFO - Sync 3 DAGs
[2025-08-19T17:39:16.984+0200] {logging_mixin.py:188} INFO - [2025-08-19T17:39:16.984+0200] {dag.py:3947} INFO - Setting next_dagrun for example_branch_datetime_operator to 2025-08-18 00:00:00+00:00, run_after=2025-08-19 00:00:00+00:00
[2025-08-19T17:39:16.985+0200] {logging_mixin.py:188} INFO - [2025-08-19T17:39:16.985+0200] {dag.py:3947} INFO - Setting next_dagrun for example_branch_datetime_operator_2 to 2025-08-18 00:00:00+00:00, run_after=2025-08-19 00:00:00+00:00
[2025-08-19T17:39:16.986+0200] {logging_mixin.py:188} INFO - [2025-08-19T17:39:16.986+0200] {dag.py:3947} INFO - Setting next_dagrun for example_branch_datetime_operator_3 to 2025-08-18 00:00:00+00:00, run_after=2025-08-19 00:00:00+00:00
[2025-08-19T17:39:16.992+0200] {processor.py:183} INFO - Processing /Users/ehabhasan/.venvs/airflow310/lib/python3.10/site-packages/airflow/example_dags/example_branch_datetime_operator.py took 0.058 seconds
[2025-08-19T17:44:54.117+0200] {processor.py:161} INFO - Started process (PID=14937) to work on /Users/ehabhasan/.venvs/airflow310/lib/python3.10/site-packages/airflow/example_dags/example_branch_datetime_operator.py
[2025-08-19T17:44:54.117+0200] {processor.py:830} INFO - Processing file /Users/ehabhasan/.venvs/airflow310/lib/python3.10/site-packages/airflow/example_dags/example_branch_datetime_operator.py for tasks to queue
[2025-08-19T17:44:54.117+0200] {logging_mixin.py:188} INFO - [2025-08-19T17:44:54.117+0200] {dagbag.py:545} INFO - Filling up the DagBag from /Users/ehabhasan/.venvs/airflow310/lib/python3.10/site-packages/airflow/example_dags/example_branch_datetime_operator.py
[2025-08-19T17:44:54.122+0200] {processor.py:840} INFO - DAG(s) 'example_branch_datetime_operator_3', 'example_branch_datetime_operator', 'example_branch_datetime_operator_2' retrieved from /Users/ehabhasan/.venvs/airflow310/lib/python3.10/site-packages/airflow/example_dags/example_branch_datetime_operator.py
[2025-08-19T17:44:54.161+0200] {logging_mixin.py:188} INFO - [2025-08-19T17:44:54.161+0200] {dag.py:3089} INFO - Sync 3 DAGs
[2025-08-19T17:44:54.167+0200] {logging_mixin.py:188} INFO - [2025-08-19T17:44:54.167+0200] {dag.py:3947} INFO - Setting next_dagrun for example_branch_datetime_operator to 2025-08-18 00:00:00+00:00, run_after=2025-08-19 00:00:00+00:00
[2025-08-19T17:44:54.168+0200] {logging_mixin.py:188} INFO - [2025-08-19T17:44:54.168+0200] {dag.py:3947} INFO - Setting next_dagrun for example_branch_datetime_operator_2 to 2025-08-18 00:00:00+00:00, run_after=2025-08-19 00:00:00+00:00
[2025-08-19T17:44:54.169+0200] {logging_mixin.py:188} INFO - [2025-08-19T17:44:54.169+0200] {dag.py:3947} INFO - Setting next_dagrun for example_branch_datetime_operator_3 to 2025-08-18 00:00:00+00:00, run_after=2025-08-19 00:00:00+00:00
[2025-08-19T17:44:54.175+0200] {processor.py:183} INFO - Processing /Users/ehabhasan/.venvs/airflow310/lib/python3.10/site-packages/airflow/example_dags/example_branch_datetime_operator.py took 0.060 seconds
[2025-08-19T17:46:55.520+0200] {processor.py:161} INFO - Started process (PID=15038) to work on /Users/ehabhasan/.venvs/airflow310/lib/python3.10/site-packages/airflow/example_dags/example_branch_datetime_operator.py
[2025-08-19T17:46:55.520+0200] {processor.py:830} INFO - Processing file /Users/ehabhasan/.venvs/airflow310/lib/python3.10/site-packages/airflow/example_dags/example_branch_datetime_operator.py for tasks to queue
[2025-08-19T17:46:55.520+0200] {logging_mixin.py:188} INFO - [2025-08-19T17:46:55.520+0200] {dagbag.py:545} INFO - Filling up the DagBag from /Users/ehabhasan/.venvs/airflow310/lib/python3.10/site-packages/airflow/example_dags/example_branch_datetime_operator.py
[2025-08-19T17:46:55.525+0200] {processor.py:840} INFO - DAG(s) 'example_branch_datetime_operator_2', 'example_branch_datetime_operator', 'example_branch_datetime_operator_3' retrieved from /Users/ehabhasan/.venvs/airflow310/lib/python3.10/site-packages/airflow/example_dags/example_branch_datetime_operator.py
[2025-08-19T17:46:55.563+0200] {logging_mixin.py:188} INFO - [2025-08-19T17:46:55.562+0200] {dag.py:3089} INFO - Sync 3 DAGs
[2025-08-19T17:46:55.568+0200] {logging_mixin.py:188} INFO - [2025-08-19T17:46:55.568+0200] {dag.py:3947} INFO - Setting next_dagrun for example_branch_datetime_operator to 2025-08-18 00:00:00+00:00, run_after=2025-08-19 00:00:00+00:00
[2025-08-19T17:46:55.570+0200] {logging_mixin.py:188} INFO - [2025-08-19T17:46:55.570+0200] {dag.py:3947} INFO - Setting next_dagrun for example_branch_datetime_operator_2 to 2025-08-18 00:00:00+00:00, run_after=2025-08-19 00:00:00+00:00
[2025-08-19T17:46:55.571+0200] {logging_mixin.py:188} INFO - [2025-08-19T17:46:55.570+0200] {dag.py:3947} INFO - Setting next_dagrun for example_branch_datetime_operator_3 to 2025-08-18 00:00:00+00:00, run_after=2025-08-19 00:00:00+00:00
[2025-08-19T17:46:55.576+0200] {processor.py:183} INFO - Processing /Users/ehabhasan/.venvs/airflow310/lib/python3.10/site-packages/airflow/example_dags/example_branch_datetime_operator.py took 0.058 seconds
[2025-08-19T17:48:52.603+0200] {processor.py:161} INFO - Started process (PID=15130) to work on /Users/ehabhasan/.venvs/airflow310/lib/python3.10/site-packages/airflow/example_dags/example_branch_datetime_operator.py
[2025-08-19T17:48:52.604+0200] {processor.py:830} INFO - Processing file /Users/ehabhasan/.venvs/airflow310/lib/python3.10/site-packages/airflow/example_dags/example_branch_datetime_operator.py for tasks to queue
[2025-08-19T17:48:52.604+0200] {logging_mixin.py:188} INFO - [2025-08-19T17:48:52.604+0200] {dagbag.py:545} INFO - Filling up the DagBag from /Users/ehabhasan/.venvs/airflow310/lib/python3.10/site-packages/airflow/example_dags/example_branch_datetime_operator.py
[2025-08-19T17:48:52.608+0200] {processor.py:840} INFO - DAG(s) 'example_branch_datetime_operator', 'example_branch_datetime_operator_3', 'example_branch_datetime_operator_2' retrieved from /Users/ehabhasan/.venvs/airflow310/lib/python3.10/site-packages/airflow/example_dags/example_branch_datetime_operator.py
[2025-08-19T17:48:52.646+0200] {logging_mixin.py:188} INFO - [2025-08-19T17:48:52.646+0200] {dag.py:3089} INFO - Sync 3 DAGs
[2025-08-19T17:48:52.652+0200] {logging_mixin.py:188} INFO - [2025-08-19T17:48:52.652+0200] {dag.py:3947} INFO - Setting next_dagrun for example_branch_datetime_operator to 2025-08-18 00:00:00+00:00, run_after=2025-08-19 00:00:00+00:00
[2025-08-19T17:48:52.653+0200] {logging_mixin.py:188} INFO - [2025-08-19T17:48:52.653+0200] {dag.py:3947} INFO - Setting next_dagrun for example_branch_datetime_operator_2 to 2025-08-18 00:00:00+00:00, run_after=2025-08-19 00:00:00+00:00
[2025-08-19T17:48:52.654+0200] {logging_mixin.py:188} INFO - [2025-08-19T17:48:52.654+0200] {dag.py:3947} INFO - Setting next_dagrun for example_branch_datetime_operator_3 to 2025-08-18 00:00:00+00:00, run_after=2025-08-19 00:00:00+00:00
[2025-08-19T17:48:52.660+0200] {processor.py:183} INFO - Processing /Users/ehabhasan/.venvs/airflow310/lib/python3.10/site-packages/airflow/example_dags/example_branch_datetime_operator.py took 0.058 seconds
