[2025-08-19T16:48:14.963+0200] {processor.py:161} INFO - Started process (PID=7633) to work on /Users/ehabhasan/.venvs/airflow310/lib/python3.10/site-packages/airflow/example_dags/example_task_group.py
[2025-08-19T16:48:14.963+0200] {processor.py:830} INFO - Processing file /Users/ehabhasan/.venvs/airflow310/lib/python3.10/site-packages/airflow/example_dags/example_task_group.py for tasks to queue
[2025-08-19T16:48:14.963+0200] {logging_mixin.py:188} INFO - [2025-08-19T16:48:14.963+0200] {dagbag.py:545} INFO - Filling up the DagBag from /Users/ehabhasan/.venvs/airflow310/lib/python3.10/site-packages/airflow/example_dags/example_task_group.py
[2025-08-19T16:48:14.967+0200] {processor.py:840} INFO - DAG(s) 'example_task_group' retrieved from /Users/ehabhasan/.venvs/airflow310/lib/python3.10/site-packages/airflow/example_dags/example_task_group.py
[2025-08-19T16:48:14.971+0200] {logging_mixin.py:188} INFO - [2025-08-19T16:48:14.971+0200] {dag.py:3089} INFO - Sync 1 DAGs
[2025-08-19T16:48:15.004+0200] {logging_mixin.py:188} INFO - [2025-08-19T16:48:15.004+0200] {dag.py:3947} INFO - Setting next_dagrun for example_task_group to 2025-08-18 00:00:00+00:00, run_after=2025-08-19 00:00:00+00:00
[2025-08-19T16:48:15.010+0200] {processor.py:183} INFO - Processing /Users/ehabhasan/.venvs/airflow310/lib/python3.10/site-packages/airflow/example_dags/example_task_group.py took 0.049 seconds
[2025-08-19T16:49:34.444+0200] {processor.py:161} INFO - Started process (PID=7692) to work on /Users/ehabhasan/.venvs/airflow310/lib/python3.10/site-packages/airflow/example_dags/example_task_group.py
[2025-08-19T16:49:34.446+0200] {processor.py:830} INFO - Processing file /Users/ehabhasan/.venvs/airflow310/lib/python3.10/site-packages/airflow/example_dags/example_task_group.py for tasks to queue
[2025-08-19T16:49:34.446+0200] {logging_mixin.py:188} INFO - [2025-08-19T16:49:34.446+0200] {dagbag.py:545} INFO - Filling up the DagBag from /Users/ehabhasan/.venvs/airflow310/lib/python3.10/site-packages/airflow/example_dags/example_task_group.py
[2025-08-19T16:49:34.449+0200] {processor.py:840} INFO - DAG(s) 'example_task_group' retrieved from /Users/ehabhasan/.venvs/airflow310/lib/python3.10/site-packages/airflow/example_dags/example_task_group.py
[2025-08-19T16:49:34.532+0200] {logging_mixin.py:188} INFO - [2025-08-19T16:49:34.532+0200] {dag.py:3089} INFO - Sync 1 DAGs
[2025-08-19T16:49:34.538+0200] {logging_mixin.py:188} INFO - [2025-08-19T16:49:34.538+0200] {dag.py:3947} INFO - Setting next_dagrun for example_task_group to 2025-08-18 00:00:00+00:00, run_after=2025-08-19 00:00:00+00:00
[2025-08-19T16:49:34.544+0200] {processor.py:183} INFO - Processing /Users/ehabhasan/.venvs/airflow310/lib/python3.10/site-packages/airflow/example_dags/example_task_group.py took 0.102 seconds
[2025-08-19T16:51:05.906+0200] {processor.py:161} INFO - Started process (PID=7762) to work on /Users/ehabhasan/.venvs/airflow310/lib/python3.10/site-packages/airflow/example_dags/example_task_group.py
[2025-08-19T16:51:05.907+0200] {processor.py:830} INFO - Processing file /Users/ehabhasan/.venvs/airflow310/lib/python3.10/site-packages/airflow/example_dags/example_task_group.py for tasks to queue
[2025-08-19T16:51:05.907+0200] {logging_mixin.py:188} INFO - [2025-08-19T16:51:05.907+0200] {dagbag.py:545} INFO - Filling up the DagBag from /Users/ehabhasan/.venvs/airflow310/lib/python3.10/site-packages/airflow/example_dags/example_task_group.py
[2025-08-19T16:51:05.910+0200] {processor.py:840} INFO - DAG(s) 'example_task_group' retrieved from /Users/ehabhasan/.venvs/airflow310/lib/python3.10/site-packages/airflow/example_dags/example_task_group.py
[2025-08-19T16:51:05.946+0200] {logging_mixin.py:188} INFO - [2025-08-19T16:51:05.946+0200] {dag.py:3089} INFO - Sync 1 DAGs
[2025-08-19T16:51:05.952+0200] {logging_mixin.py:188} INFO - [2025-08-19T16:51:05.951+0200] {dag.py:3947} INFO - Setting next_dagrun for example_task_group to 2025-08-18 00:00:00+00:00, run_after=2025-08-19 00:00:00+00:00
[2025-08-19T16:51:05.958+0200] {processor.py:183} INFO - Processing /Users/ehabhasan/.venvs/airflow310/lib/python3.10/site-packages/airflow/example_dags/example_task_group.py took 0.054 seconds
[2025-08-19T16:52:46.048+0200] {processor.py:161} INFO - Started process (PID=7832) to work on /Users/ehabhasan/.venvs/airflow310/lib/python3.10/site-packages/airflow/example_dags/example_task_group.py
[2025-08-19T16:52:46.049+0200] {processor.py:830} INFO - Processing file /Users/ehabhasan/.venvs/airflow310/lib/python3.10/site-packages/airflow/example_dags/example_task_group.py for tasks to queue
[2025-08-19T16:52:46.049+0200] {logging_mixin.py:188} INFO - [2025-08-19T16:52:46.049+0200] {dagbag.py:545} INFO - Filling up the DagBag from /Users/ehabhasan/.venvs/airflow310/lib/python3.10/site-packages/airflow/example_dags/example_task_group.py
[2025-08-19T16:52:46.052+0200] {processor.py:840} INFO - DAG(s) 'example_task_group' retrieved from /Users/ehabhasan/.venvs/airflow310/lib/python3.10/site-packages/airflow/example_dags/example_task_group.py
[2025-08-19T16:52:46.088+0200] {logging_mixin.py:188} INFO - [2025-08-19T16:52:46.088+0200] {dag.py:3089} INFO - Sync 1 DAGs
[2025-08-19T16:52:46.093+0200] {logging_mixin.py:188} INFO - [2025-08-19T16:52:46.093+0200] {dag.py:3947} INFO - Setting next_dagrun for example_task_group to 2025-08-18 00:00:00+00:00, run_after=2025-08-19 00:00:00+00:00
[2025-08-19T16:52:46.100+0200] {processor.py:183} INFO - Processing /Users/ehabhasan/.venvs/airflow310/lib/python3.10/site-packages/airflow/example_dags/example_task_group.py took 0.053 seconds
[2025-08-19T16:54:22.509+0200] {processor.py:161} INFO - Started process (PID=7936) to work on /Users/ehabhasan/.venvs/airflow310/lib/python3.10/site-packages/airflow/example_dags/example_task_group.py
[2025-08-19T16:54:22.510+0200] {processor.py:830} INFO - Processing file /Users/ehabhasan/.venvs/airflow310/lib/python3.10/site-packages/airflow/example_dags/example_task_group.py for tasks to queue
[2025-08-19T16:54:22.510+0200] {logging_mixin.py:188} INFO - [2025-08-19T16:54:22.510+0200] {dagbag.py:545} INFO - Filling up the DagBag from /Users/ehabhasan/.venvs/airflow310/lib/python3.10/site-packages/airflow/example_dags/example_task_group.py
[2025-08-19T16:54:22.514+0200] {processor.py:840} INFO - DAG(s) 'example_task_group' retrieved from /Users/ehabhasan/.venvs/airflow310/lib/python3.10/site-packages/airflow/example_dags/example_task_group.py
[2025-08-19T16:54:22.549+0200] {logging_mixin.py:188} INFO - [2025-08-19T16:54:22.549+0200] {dag.py:3089} INFO - Sync 1 DAGs
[2025-08-19T16:54:22.554+0200] {logging_mixin.py:188} INFO - [2025-08-19T16:54:22.554+0200] {dag.py:3947} INFO - Setting next_dagrun for example_task_group to 2025-08-18 00:00:00+00:00, run_after=2025-08-19 00:00:00+00:00
[2025-08-19T16:54:22.560+0200] {processor.py:183} INFO - Processing /Users/ehabhasan/.venvs/airflow310/lib/python3.10/site-packages/airflow/example_dags/example_task_group.py took 0.053 seconds
[2025-08-19T16:56:00.602+0200] {processor.py:161} INFO - Started process (PID=8015) to work on /Users/ehabhasan/.venvs/airflow310/lib/python3.10/site-packages/airflow/example_dags/example_task_group.py
[2025-08-19T16:56:00.603+0200] {processor.py:830} INFO - Processing file /Users/ehabhasan/.venvs/airflow310/lib/python3.10/site-packages/airflow/example_dags/example_task_group.py for tasks to queue
[2025-08-19T16:56:00.603+0200] {logging_mixin.py:188} INFO - [2025-08-19T16:56:00.603+0200] {dagbag.py:545} INFO - Filling up the DagBag from /Users/ehabhasan/.venvs/airflow310/lib/python3.10/site-packages/airflow/example_dags/example_task_group.py
[2025-08-19T16:56:00.606+0200] {processor.py:840} INFO - DAG(s) 'example_task_group' retrieved from /Users/ehabhasan/.venvs/airflow310/lib/python3.10/site-packages/airflow/example_dags/example_task_group.py
[2025-08-19T16:56:00.642+0200] {logging_mixin.py:188} INFO - [2025-08-19T16:56:00.642+0200] {dag.py:3089} INFO - Sync 1 DAGs
[2025-08-19T16:56:00.647+0200] {logging_mixin.py:188} INFO - [2025-08-19T16:56:00.647+0200] {dag.py:3947} INFO - Setting next_dagrun for example_task_group to 2025-08-18 00:00:00+00:00, run_after=2025-08-19 00:00:00+00:00
[2025-08-19T16:56:00.653+0200] {processor.py:183} INFO - Processing /Users/ehabhasan/.venvs/airflow310/lib/python3.10/site-packages/airflow/example_dags/example_task_group.py took 0.053 seconds
[2025-08-19T16:57:46.994+0200] {processor.py:161} INFO - Started process (PID=8090) to work on /Users/ehabhasan/.venvs/airflow310/lib/python3.10/site-packages/airflow/example_dags/example_task_group.py
[2025-08-19T16:57:46.995+0200] {processor.py:830} INFO - Processing file /Users/ehabhasan/.venvs/airflow310/lib/python3.10/site-packages/airflow/example_dags/example_task_group.py for tasks to queue
[2025-08-19T16:57:46.995+0200] {logging_mixin.py:188} INFO - [2025-08-19T16:57:46.995+0200] {dagbag.py:545} INFO - Filling up the DagBag from /Users/ehabhasan/.venvs/airflow310/lib/python3.10/site-packages/airflow/example_dags/example_task_group.py
[2025-08-19T16:57:46.999+0200] {processor.py:840} INFO - DAG(s) 'example_task_group' retrieved from /Users/ehabhasan/.venvs/airflow310/lib/python3.10/site-packages/airflow/example_dags/example_task_group.py
[2025-08-19T16:57:47.036+0200] {logging_mixin.py:188} INFO - [2025-08-19T16:57:47.035+0200] {dag.py:3089} INFO - Sync 1 DAGs
[2025-08-19T16:57:47.041+0200] {logging_mixin.py:188} INFO - [2025-08-19T16:57:47.041+0200] {dag.py:3947} INFO - Setting next_dagrun for example_task_group to 2025-08-18 00:00:00+00:00, run_after=2025-08-19 00:00:00+00:00
[2025-08-19T16:57:47.047+0200] {processor.py:183} INFO - Processing /Users/ehabhasan/.venvs/airflow310/lib/python3.10/site-packages/airflow/example_dags/example_task_group.py took 0.055 seconds
[2025-08-19T16:59:53.336+0200] {processor.py:161} INFO - Started process (PID=8189) to work on /Users/ehabhasan/.venvs/airflow310/lib/python3.10/site-packages/airflow/example_dags/example_task_group.py
[2025-08-19T16:59:53.337+0200] {processor.py:830} INFO - Processing file /Users/ehabhasan/.venvs/airflow310/lib/python3.10/site-packages/airflow/example_dags/example_task_group.py for tasks to queue
[2025-08-19T16:59:53.337+0200] {logging_mixin.py:188} INFO - [2025-08-19T16:59:53.337+0200] {dagbag.py:545} INFO - Filling up the DagBag from /Users/ehabhasan/.venvs/airflow310/lib/python3.10/site-packages/airflow/example_dags/example_task_group.py
[2025-08-19T16:59:53.341+0200] {processor.py:840} INFO - DAG(s) 'example_task_group' retrieved from /Users/ehabhasan/.venvs/airflow310/lib/python3.10/site-packages/airflow/example_dags/example_task_group.py
[2025-08-19T16:59:53.378+0200] {logging_mixin.py:188} INFO - [2025-08-19T16:59:53.378+0200] {dag.py:3089} INFO - Sync 1 DAGs
[2025-08-19T16:59:53.384+0200] {logging_mixin.py:188} INFO - [2025-08-19T16:59:53.384+0200] {dag.py:3947} INFO - Setting next_dagrun for example_task_group to 2025-08-18 00:00:00+00:00, run_after=2025-08-19 00:00:00+00:00
[2025-08-19T16:59:53.390+0200] {processor.py:183} INFO - Processing /Users/ehabhasan/.venvs/airflow310/lib/python3.10/site-packages/airflow/example_dags/example_task_group.py took 0.056 seconds
[2025-08-19T17:01:43.829+0200] {processor.py:161} INFO - Started process (PID=8287) to work on /Users/ehabhasan/.venvs/airflow310/lib/python3.10/site-packages/airflow/example_dags/example_task_group.py
[2025-08-19T17:01:43.830+0200] {processor.py:830} INFO - Processing file /Users/ehabhasan/.venvs/airflow310/lib/python3.10/site-packages/airflow/example_dags/example_task_group.py for tasks to queue
[2025-08-19T17:01:43.830+0200] {logging_mixin.py:188} INFO - [2025-08-19T17:01:43.830+0200] {dagbag.py:545} INFO - Filling up the DagBag from /Users/ehabhasan/.venvs/airflow310/lib/python3.10/site-packages/airflow/example_dags/example_task_group.py
[2025-08-19T17:01:43.833+0200] {processor.py:840} INFO - DAG(s) 'example_task_group' retrieved from /Users/ehabhasan/.venvs/airflow310/lib/python3.10/site-packages/airflow/example_dags/example_task_group.py
[2025-08-19T17:01:43.870+0200] {logging_mixin.py:188} INFO - [2025-08-19T17:01:43.870+0200] {dag.py:3089} INFO - Sync 1 DAGs
[2025-08-19T17:01:43.876+0200] {logging_mixin.py:188} INFO - [2025-08-19T17:01:43.876+0200] {dag.py:3947} INFO - Setting next_dagrun for example_task_group to 2025-08-18 00:00:00+00:00, run_after=2025-08-19 00:00:00+00:00
[2025-08-19T17:01:43.883+0200] {processor.py:183} INFO - Processing /Users/ehabhasan/.venvs/airflow310/lib/python3.10/site-packages/airflow/example_dags/example_task_group.py took 0.055 seconds
[2025-08-19T17:03:21.837+0200] {processor.py:161} INFO - Started process (PID=8366) to work on /Users/ehabhasan/.venvs/airflow310/lib/python3.10/site-packages/airflow/example_dags/example_task_group.py
[2025-08-19T17:03:21.837+0200] {processor.py:830} INFO - Processing file /Users/ehabhasan/.venvs/airflow310/lib/python3.10/site-packages/airflow/example_dags/example_task_group.py for tasks to queue
[2025-08-19T17:03:21.837+0200] {logging_mixin.py:188} INFO - [2025-08-19T17:03:21.837+0200] {dagbag.py:545} INFO - Filling up the DagBag from /Users/ehabhasan/.venvs/airflow310/lib/python3.10/site-packages/airflow/example_dags/example_task_group.py
[2025-08-19T17:03:21.840+0200] {processor.py:840} INFO - DAG(s) 'example_task_group' retrieved from /Users/ehabhasan/.venvs/airflow310/lib/python3.10/site-packages/airflow/example_dags/example_task_group.py
[2025-08-19T17:03:21.881+0200] {logging_mixin.py:188} INFO - [2025-08-19T17:03:21.881+0200] {dag.py:3089} INFO - Sync 1 DAGs
[2025-08-19T17:03:21.889+0200] {logging_mixin.py:188} INFO - [2025-08-19T17:03:21.889+0200] {dag.py:3947} INFO - Setting next_dagrun for example_task_group to 2025-08-18 00:00:00+00:00, run_after=2025-08-19 00:00:00+00:00
[2025-08-19T17:03:21.897+0200] {processor.py:183} INFO - Processing /Users/ehabhasan/.venvs/airflow310/lib/python3.10/site-packages/airflow/example_dags/example_task_group.py took 0.062 seconds
[2025-08-19T17:05:01.791+0200] {processor.py:161} INFO - Started process (PID=8971) to work on /Users/ehabhasan/.venvs/airflow310/lib/python3.10/site-packages/airflow/example_dags/example_task_group.py
[2025-08-19T17:05:01.792+0200] {processor.py:830} INFO - Processing file /Users/ehabhasan/.venvs/airflow310/lib/python3.10/site-packages/airflow/example_dags/example_task_group.py for tasks to queue
[2025-08-19T17:05:01.792+0200] {logging_mixin.py:188} INFO - [2025-08-19T17:05:01.792+0200] {dagbag.py:545} INFO - Filling up the DagBag from /Users/ehabhasan/.venvs/airflow310/lib/python3.10/site-packages/airflow/example_dags/example_task_group.py
[2025-08-19T17:05:01.795+0200] {processor.py:840} INFO - DAG(s) 'example_task_group' retrieved from /Users/ehabhasan/.venvs/airflow310/lib/python3.10/site-packages/airflow/example_dags/example_task_group.py
[2025-08-19T17:05:01.832+0200] {logging_mixin.py:188} INFO - [2025-08-19T17:05:01.832+0200] {dag.py:3089} INFO - Sync 1 DAGs
[2025-08-19T17:05:01.838+0200] {logging_mixin.py:188} INFO - [2025-08-19T17:05:01.838+0200] {dag.py:3947} INFO - Setting next_dagrun for example_task_group to 2025-08-18 00:00:00+00:00, run_after=2025-08-19 00:00:00+00:00
[2025-08-19T17:05:01.845+0200] {processor.py:183} INFO - Processing /Users/ehabhasan/.venvs/airflow310/lib/python3.10/site-packages/airflow/example_dags/example_task_group.py took 0.055 seconds
[2025-08-19T17:06:47.790+0200] {processor.py:161} INFO - Started process (PID=9455) to work on /Users/ehabhasan/.venvs/airflow310/lib/python3.10/site-packages/airflow/example_dags/example_task_group.py
[2025-08-19T17:06:47.790+0200] {processor.py:830} INFO - Processing file /Users/ehabhasan/.venvs/airflow310/lib/python3.10/site-packages/airflow/example_dags/example_task_group.py for tasks to queue
[2025-08-19T17:06:47.790+0200] {logging_mixin.py:188} INFO - [2025-08-19T17:06:47.790+0200] {dagbag.py:545} INFO - Filling up the DagBag from /Users/ehabhasan/.venvs/airflow310/lib/python3.10/site-packages/airflow/example_dags/example_task_group.py
[2025-08-19T17:06:47.793+0200] {processor.py:840} INFO - DAG(s) 'example_task_group' retrieved from /Users/ehabhasan/.venvs/airflow310/lib/python3.10/site-packages/airflow/example_dags/example_task_group.py
[2025-08-19T17:06:47.828+0200] {logging_mixin.py:188} INFO - [2025-08-19T17:06:47.828+0200] {dag.py:3089} INFO - Sync 1 DAGs
[2025-08-19T17:06:47.834+0200] {logging_mixin.py:188} INFO - [2025-08-19T17:06:47.834+0200] {dag.py:3947} INFO - Setting next_dagrun for example_task_group to 2025-08-18 00:00:00+00:00, run_after=2025-08-19 00:00:00+00:00
[2025-08-19T17:06:47.840+0200] {processor.py:183} INFO - Processing /Users/ehabhasan/.venvs/airflow310/lib/python3.10/site-packages/airflow/example_dags/example_task_group.py took 0.052 seconds
[2025-08-19T17:07:42.485+0200] {processor.py:161} INFO - Started process (PID=10112) to work on /Users/ehabhasan/.venvs/airflow310/lib/python3.10/site-packages/airflow/example_dags/example_task_group.py
[2025-08-19T17:07:42.485+0200] {processor.py:830} INFO - Processing file /Users/ehabhasan/.venvs/airflow310/lib/python3.10/site-packages/airflow/example_dags/example_task_group.py for tasks to queue
[2025-08-19T17:07:42.485+0200] {logging_mixin.py:188} INFO - [2025-08-19T17:07:42.485+0200] {dagbag.py:545} INFO - Filling up the DagBag from /Users/ehabhasan/.venvs/airflow310/lib/python3.10/site-packages/airflow/example_dags/example_task_group.py
[2025-08-19T17:07:42.488+0200] {processor.py:840} INFO - DAG(s) 'example_task_group' retrieved from /Users/ehabhasan/.venvs/airflow310/lib/python3.10/site-packages/airflow/example_dags/example_task_group.py
[2025-08-19T17:07:42.524+0200] {logging_mixin.py:188} INFO - [2025-08-19T17:07:42.523+0200] {dag.py:3089} INFO - Sync 1 DAGs
[2025-08-19T17:07:42.529+0200] {logging_mixin.py:188} INFO - [2025-08-19T17:07:42.529+0200] {dag.py:3947} INFO - Setting next_dagrun for example_task_group to 2025-08-18 00:00:00+00:00, run_after=2025-08-19 00:00:00+00:00
[2025-08-19T17:07:42.535+0200] {processor.py:183} INFO - Processing /Users/ehabhasan/.venvs/airflow310/lib/python3.10/site-packages/airflow/example_dags/example_task_group.py took 0.052 seconds
[2025-08-19T17:09:33.051+0200] {processor.py:161} INFO - Started process (PID=10215) to work on /Users/ehabhasan/.venvs/airflow310/lib/python3.10/site-packages/airflow/example_dags/example_task_group.py
[2025-08-19T17:09:33.052+0200] {processor.py:830} INFO - Processing file /Users/ehabhasan/.venvs/airflow310/lib/python3.10/site-packages/airflow/example_dags/example_task_group.py for tasks to queue
[2025-08-19T17:09:33.052+0200] {logging_mixin.py:188} INFO - [2025-08-19T17:09:33.052+0200] {dagbag.py:545} INFO - Filling up the DagBag from /Users/ehabhasan/.venvs/airflow310/lib/python3.10/site-packages/airflow/example_dags/example_task_group.py
[2025-08-19T17:09:33.055+0200] {processor.py:840} INFO - DAG(s) 'example_task_group' retrieved from /Users/ehabhasan/.venvs/airflow310/lib/python3.10/site-packages/airflow/example_dags/example_task_group.py
[2025-08-19T17:09:33.092+0200] {logging_mixin.py:188} INFO - [2025-08-19T17:09:33.092+0200] {dag.py:3089} INFO - Sync 1 DAGs
[2025-08-19T17:09:33.098+0200] {logging_mixin.py:188} INFO - [2025-08-19T17:09:33.098+0200] {dag.py:3947} INFO - Setting next_dagrun for example_task_group to 2025-08-18 00:00:00+00:00, run_after=2025-08-19 00:00:00+00:00
[2025-08-19T17:09:33.104+0200] {processor.py:183} INFO - Processing /Users/ehabhasan/.venvs/airflow310/lib/python3.10/site-packages/airflow/example_dags/example_task_group.py took 0.055 seconds
[2025-08-19T17:11:16.157+0200] {processor.py:161} INFO - Started process (PID=10309) to work on /Users/ehabhasan/.venvs/airflow310/lib/python3.10/site-packages/airflow/example_dags/example_task_group.py
[2025-08-19T17:11:16.157+0200] {processor.py:830} INFO - Processing file /Users/ehabhasan/.venvs/airflow310/lib/python3.10/site-packages/airflow/example_dags/example_task_group.py for tasks to queue
[2025-08-19T17:11:16.158+0200] {logging_mixin.py:188} INFO - [2025-08-19T17:11:16.158+0200] {dagbag.py:545} INFO - Filling up the DagBag from /Users/ehabhasan/.venvs/airflow310/lib/python3.10/site-packages/airflow/example_dags/example_task_group.py
[2025-08-19T17:11:16.161+0200] {processor.py:840} INFO - DAG(s) 'example_task_group' retrieved from /Users/ehabhasan/.venvs/airflow310/lib/python3.10/site-packages/airflow/example_dags/example_task_group.py
[2025-08-19T17:11:16.196+0200] {logging_mixin.py:188} INFO - [2025-08-19T17:11:16.196+0200] {dag.py:3089} INFO - Sync 1 DAGs
[2025-08-19T17:11:16.202+0200] {logging_mixin.py:188} INFO - [2025-08-19T17:11:16.202+0200] {dag.py:3947} INFO - Setting next_dagrun for example_task_group to 2025-08-18 00:00:00+00:00, run_after=2025-08-19 00:00:00+00:00
[2025-08-19T17:11:16.208+0200] {processor.py:183} INFO - Processing /Users/ehabhasan/.venvs/airflow310/lib/python3.10/site-packages/airflow/example_dags/example_task_group.py took 0.053 seconds
[2025-08-19T17:13:09.943+0200] {processor.py:161} INFO - Started process (PID=10406) to work on /Users/ehabhasan/.venvs/airflow310/lib/python3.10/site-packages/airflow/example_dags/example_task_group.py
[2025-08-19T17:13:09.944+0200] {processor.py:830} INFO - Processing file /Users/ehabhasan/.venvs/airflow310/lib/python3.10/site-packages/airflow/example_dags/example_task_group.py for tasks to queue
[2025-08-19T17:13:09.944+0200] {logging_mixin.py:188} INFO - [2025-08-19T17:13:09.944+0200] {dagbag.py:545} INFO - Filling up the DagBag from /Users/ehabhasan/.venvs/airflow310/lib/python3.10/site-packages/airflow/example_dags/example_task_group.py
[2025-08-19T17:13:09.947+0200] {processor.py:840} INFO - DAG(s) 'example_task_group' retrieved from /Users/ehabhasan/.venvs/airflow310/lib/python3.10/site-packages/airflow/example_dags/example_task_group.py
[2025-08-19T17:13:09.982+0200] {logging_mixin.py:188} INFO - [2025-08-19T17:13:09.982+0200] {dag.py:3089} INFO - Sync 1 DAGs
[2025-08-19T17:13:09.987+0200] {logging_mixin.py:188} INFO - [2025-08-19T17:13:09.987+0200] {dag.py:3947} INFO - Setting next_dagrun for example_task_group to 2025-08-18 00:00:00+00:00, run_after=2025-08-19 00:00:00+00:00
[2025-08-19T17:13:09.994+0200] {processor.py:183} INFO - Processing /Users/ehabhasan/.venvs/airflow310/lib/python3.10/site-packages/airflow/example_dags/example_task_group.py took 0.052 seconds
[2025-08-19T17:15:02.749+0200] {processor.py:161} INFO - Started process (PID=10636) to work on /Users/ehabhasan/.venvs/airflow310/lib/python3.10/site-packages/airflow/example_dags/example_task_group.py
[2025-08-19T17:15:02.749+0200] {processor.py:830} INFO - Processing file /Users/ehabhasan/.venvs/airflow310/lib/python3.10/site-packages/airflow/example_dags/example_task_group.py for tasks to queue
[2025-08-19T17:15:02.749+0200] {logging_mixin.py:188} INFO - [2025-08-19T17:15:02.749+0200] {dagbag.py:545} INFO - Filling up the DagBag from /Users/ehabhasan/.venvs/airflow310/lib/python3.10/site-packages/airflow/example_dags/example_task_group.py
[2025-08-19T17:15:02.752+0200] {processor.py:840} INFO - DAG(s) 'example_task_group' retrieved from /Users/ehabhasan/.venvs/airflow310/lib/python3.10/site-packages/airflow/example_dags/example_task_group.py
[2025-08-19T17:15:02.788+0200] {logging_mixin.py:188} INFO - [2025-08-19T17:15:02.788+0200] {dag.py:3089} INFO - Sync 1 DAGs
[2025-08-19T17:15:02.794+0200] {logging_mixin.py:188} INFO - [2025-08-19T17:15:02.794+0200] {dag.py:3947} INFO - Setting next_dagrun for example_task_group to 2025-08-18 00:00:00+00:00, run_after=2025-08-19 00:00:00+00:00
[2025-08-19T17:15:02.800+0200] {processor.py:183} INFO - Processing /Users/ehabhasan/.venvs/airflow310/lib/python3.10/site-packages/airflow/example_dags/example_task_group.py took 0.053 seconds
[2025-08-19T17:16:53.886+0200] {processor.py:161} INFO - Started process (PID=11412) to work on /Users/ehabhasan/.venvs/airflow310/lib/python3.10/site-packages/airflow/example_dags/example_task_group.py
[2025-08-19T17:16:53.886+0200] {processor.py:830} INFO - Processing file /Users/ehabhasan/.venvs/airflow310/lib/python3.10/site-packages/airflow/example_dags/example_task_group.py for tasks to queue
[2025-08-19T17:16:53.886+0200] {logging_mixin.py:188} INFO - [2025-08-19T17:16:53.886+0200] {dagbag.py:545} INFO - Filling up the DagBag from /Users/ehabhasan/.venvs/airflow310/lib/python3.10/site-packages/airflow/example_dags/example_task_group.py
[2025-08-19T17:16:53.890+0200] {processor.py:840} INFO - DAG(s) 'example_task_group' retrieved from /Users/ehabhasan/.venvs/airflow310/lib/python3.10/site-packages/airflow/example_dags/example_task_group.py
[2025-08-19T17:16:53.925+0200] {logging_mixin.py:188} INFO - [2025-08-19T17:16:53.925+0200] {dag.py:3089} INFO - Sync 1 DAGs
[2025-08-19T17:16:53.931+0200] {logging_mixin.py:188} INFO - [2025-08-19T17:16:53.931+0200] {dag.py:3947} INFO - Setting next_dagrun for example_task_group to 2025-08-18 00:00:00+00:00, run_after=2025-08-19 00:00:00+00:00
[2025-08-19T17:16:53.937+0200] {processor.py:183} INFO - Processing /Users/ehabhasan/.venvs/airflow310/lib/python3.10/site-packages/airflow/example_dags/example_task_group.py took 0.053 seconds
[2025-08-19T17:17:50.692+0200] {processor.py:161} INFO - Started process (PID=11466) to work on /Users/ehabhasan/.venvs/airflow310/lib/python3.10/site-packages/airflow/example_dags/example_task_group.py
[2025-08-19T17:17:50.695+0200] {processor.py:830} INFO - Processing file /Users/ehabhasan/.venvs/airflow310/lib/python3.10/site-packages/airflow/example_dags/example_task_group.py for tasks to queue
[2025-08-19T17:17:50.695+0200] {logging_mixin.py:188} INFO - [2025-08-19T17:17:50.695+0200] {dagbag.py:545} INFO - Filling up the DagBag from /Users/ehabhasan/.venvs/airflow310/lib/python3.10/site-packages/airflow/example_dags/example_task_group.py
[2025-08-19T17:17:50.698+0200] {processor.py:840} INFO - DAG(s) 'example_task_group' retrieved from /Users/ehabhasan/.venvs/airflow310/lib/python3.10/site-packages/airflow/example_dags/example_task_group.py
[2025-08-19T17:17:50.734+0200] {logging_mixin.py:188} INFO - [2025-08-19T17:17:50.734+0200] {dag.py:3089} INFO - Sync 1 DAGs
[2025-08-19T17:17:50.739+0200] {logging_mixin.py:188} INFO - [2025-08-19T17:17:50.739+0200] {dag.py:3947} INFO - Setting next_dagrun for example_task_group to 2025-08-18 00:00:00+00:00, run_after=2025-08-19 00:00:00+00:00
[2025-08-19T17:17:50.745+0200] {processor.py:183} INFO - Processing /Users/ehabhasan/.venvs/airflow310/lib/python3.10/site-packages/airflow/example_dags/example_task_group.py took 0.054 seconds
[2025-08-19T17:19:36.740+0200] {processor.py:161} INFO - Started process (PID=11567) to work on /Users/ehabhasan/.venvs/airflow310/lib/python3.10/site-packages/airflow/example_dags/example_task_group.py
[2025-08-19T17:19:36.741+0200] {processor.py:830} INFO - Processing file /Users/ehabhasan/.venvs/airflow310/lib/python3.10/site-packages/airflow/example_dags/example_task_group.py for tasks to queue
[2025-08-19T17:19:36.741+0200] {logging_mixin.py:188} INFO - [2025-08-19T17:19:36.741+0200] {dagbag.py:545} INFO - Filling up the DagBag from /Users/ehabhasan/.venvs/airflow310/lib/python3.10/site-packages/airflow/example_dags/example_task_group.py
[2025-08-19T17:19:36.744+0200] {processor.py:840} INFO - DAG(s) 'example_task_group' retrieved from /Users/ehabhasan/.venvs/airflow310/lib/python3.10/site-packages/airflow/example_dags/example_task_group.py
[2025-08-19T17:19:36.779+0200] {logging_mixin.py:188} INFO - [2025-08-19T17:19:36.779+0200] {dag.py:3089} INFO - Sync 1 DAGs
[2025-08-19T17:19:36.785+0200] {logging_mixin.py:188} INFO - [2025-08-19T17:19:36.785+0200] {dag.py:3947} INFO - Setting next_dagrun for example_task_group to 2025-08-18 00:00:00+00:00, run_after=2025-08-19 00:00:00+00:00
[2025-08-19T17:19:36.791+0200] {processor.py:183} INFO - Processing /Users/ehabhasan/.venvs/airflow310/lib/python3.10/site-packages/airflow/example_dags/example_task_group.py took 0.052 seconds
[2025-08-19T17:21:17.579+0200] {processor.py:161} INFO - Started process (PID=11642) to work on /Users/ehabhasan/.venvs/airflow310/lib/python3.10/site-packages/airflow/example_dags/example_task_group.py
[2025-08-19T17:21:17.579+0200] {processor.py:830} INFO - Processing file /Users/ehabhasan/.venvs/airflow310/lib/python3.10/site-packages/airflow/example_dags/example_task_group.py for tasks to queue
[2025-08-19T17:21:17.579+0200] {logging_mixin.py:188} INFO - [2025-08-19T17:21:17.579+0200] {dagbag.py:545} INFO - Filling up the DagBag from /Users/ehabhasan/.venvs/airflow310/lib/python3.10/site-packages/airflow/example_dags/example_task_group.py
[2025-08-19T17:21:17.583+0200] {processor.py:840} INFO - DAG(s) 'example_task_group' retrieved from /Users/ehabhasan/.venvs/airflow310/lib/python3.10/site-packages/airflow/example_dags/example_task_group.py
[2025-08-19T17:21:17.618+0200] {logging_mixin.py:188} INFO - [2025-08-19T17:21:17.618+0200] {dag.py:3089} INFO - Sync 1 DAGs
[2025-08-19T17:21:17.623+0200] {logging_mixin.py:188} INFO - [2025-08-19T17:21:17.623+0200] {dag.py:3947} INFO - Setting next_dagrun for example_task_group to 2025-08-18 00:00:00+00:00, run_after=2025-08-19 00:00:00+00:00
[2025-08-19T17:21:17.629+0200] {processor.py:183} INFO - Processing /Users/ehabhasan/.venvs/airflow310/lib/python3.10/site-packages/airflow/example_dags/example_task_group.py took 0.052 seconds
[2025-08-19T17:23:10.893+0200] {processor.py:161} INFO - Started process (PID=11716) to work on /Users/ehabhasan/.venvs/airflow310/lib/python3.10/site-packages/airflow/example_dags/example_task_group.py
[2025-08-19T17:23:10.893+0200] {processor.py:830} INFO - Processing file /Users/ehabhasan/.venvs/airflow310/lib/python3.10/site-packages/airflow/example_dags/example_task_group.py for tasks to queue
[2025-08-19T17:23:10.893+0200] {logging_mixin.py:188} INFO - [2025-08-19T17:23:10.893+0200] {dagbag.py:545} INFO - Filling up the DagBag from /Users/ehabhasan/.venvs/airflow310/lib/python3.10/site-packages/airflow/example_dags/example_task_group.py
[2025-08-19T17:23:10.896+0200] {processor.py:840} INFO - DAG(s) 'example_task_group' retrieved from /Users/ehabhasan/.venvs/airflow310/lib/python3.10/site-packages/airflow/example_dags/example_task_group.py
[2025-08-19T17:23:10.932+0200] {logging_mixin.py:188} INFO - [2025-08-19T17:23:10.932+0200] {dag.py:3089} INFO - Sync 1 DAGs
[2025-08-19T17:23:10.938+0200] {logging_mixin.py:188} INFO - [2025-08-19T17:23:10.938+0200] {dag.py:3947} INFO - Setting next_dagrun for example_task_group to 2025-08-18 00:00:00+00:00, run_after=2025-08-19 00:00:00+00:00
[2025-08-19T17:23:10.944+0200] {processor.py:183} INFO - Processing /Users/ehabhasan/.venvs/airflow310/lib/python3.10/site-packages/airflow/example_dags/example_task_group.py took 0.053 seconds
[2025-08-19T17:24:55.960+0200] {processor.py:161} INFO - Started process (PID=11800) to work on /Users/ehabhasan/.venvs/airflow310/lib/python3.10/site-packages/airflow/example_dags/example_task_group.py
[2025-08-19T17:24:55.962+0200] {processor.py:830} INFO - Processing file /Users/ehabhasan/.venvs/airflow310/lib/python3.10/site-packages/airflow/example_dags/example_task_group.py for tasks to queue
[2025-08-19T17:24:55.962+0200] {logging_mixin.py:188} INFO - [2025-08-19T17:24:55.962+0200] {dagbag.py:545} INFO - Filling up the DagBag from /Users/ehabhasan/.venvs/airflow310/lib/python3.10/site-packages/airflow/example_dags/example_task_group.py
[2025-08-19T17:24:55.965+0200] {processor.py:840} INFO - DAG(s) 'example_task_group' retrieved from /Users/ehabhasan/.venvs/airflow310/lib/python3.10/site-packages/airflow/example_dags/example_task_group.py
[2025-08-19T17:24:56.002+0200] {logging_mixin.py:188} INFO - [2025-08-19T17:24:56.002+0200] {dag.py:3089} INFO - Sync 1 DAGs
[2025-08-19T17:24:56.007+0200] {logging_mixin.py:188} INFO - [2025-08-19T17:24:56.007+0200] {dag.py:3947} INFO - Setting next_dagrun for example_task_group to 2025-08-18 00:00:00+00:00, run_after=2025-08-19 00:00:00+00:00
[2025-08-19T17:24:56.014+0200] {processor.py:183} INFO - Processing /Users/ehabhasan/.venvs/airflow310/lib/python3.10/site-packages/airflow/example_dags/example_task_group.py took 0.055 seconds
[2025-08-19T17:26:40.726+0200] {processor.py:161} INFO - Started process (PID=11877) to work on /Users/ehabhasan/.venvs/airflow310/lib/python3.10/site-packages/airflow/example_dags/example_task_group.py
[2025-08-19T17:26:40.728+0200] {processor.py:830} INFO - Processing file /Users/ehabhasan/.venvs/airflow310/lib/python3.10/site-packages/airflow/example_dags/example_task_group.py for tasks to queue
[2025-08-19T17:26:40.729+0200] {logging_mixin.py:188} INFO - [2025-08-19T17:26:40.728+0200] {dagbag.py:545} INFO - Filling up the DagBag from /Users/ehabhasan/.venvs/airflow310/lib/python3.10/site-packages/airflow/example_dags/example_task_group.py
[2025-08-19T17:26:40.732+0200] {processor.py:840} INFO - DAG(s) 'example_task_group' retrieved from /Users/ehabhasan/.venvs/airflow310/lib/python3.10/site-packages/airflow/example_dags/example_task_group.py
[2025-08-19T17:26:40.768+0200] {logging_mixin.py:188} INFO - [2025-08-19T17:26:40.768+0200] {dag.py:3089} INFO - Sync 1 DAGs
[2025-08-19T17:26:40.773+0200] {logging_mixin.py:188} INFO - [2025-08-19T17:26:40.773+0200] {dag.py:3947} INFO - Setting next_dagrun for example_task_group to 2025-08-18 00:00:00+00:00, run_after=2025-08-19 00:00:00+00:00
[2025-08-19T17:26:40.779+0200] {processor.py:183} INFO - Processing /Users/ehabhasan/.venvs/airflow310/lib/python3.10/site-packages/airflow/example_dags/example_task_group.py took 0.054 seconds
[2025-08-19T17:28:31.098+0200] {processor.py:161} INFO - Started process (PID=11966) to work on /Users/ehabhasan/.venvs/airflow310/lib/python3.10/site-packages/airflow/example_dags/example_task_group.py
[2025-08-19T17:28:31.099+0200] {processor.py:830} INFO - Processing file /Users/ehabhasan/.venvs/airflow310/lib/python3.10/site-packages/airflow/example_dags/example_task_group.py for tasks to queue
[2025-08-19T17:28:31.099+0200] {logging_mixin.py:188} INFO - [2025-08-19T17:28:31.099+0200] {dagbag.py:545} INFO - Filling up the DagBag from /Users/ehabhasan/.venvs/airflow310/lib/python3.10/site-packages/airflow/example_dags/example_task_group.py
[2025-08-19T17:28:31.102+0200] {processor.py:840} INFO - DAG(s) 'example_task_group' retrieved from /Users/ehabhasan/.venvs/airflow310/lib/python3.10/site-packages/airflow/example_dags/example_task_group.py
[2025-08-19T17:28:31.138+0200] {logging_mixin.py:188} INFO - [2025-08-19T17:28:31.138+0200] {dag.py:3089} INFO - Sync 1 DAGs
[2025-08-19T17:28:31.143+0200] {logging_mixin.py:188} INFO - [2025-08-19T17:28:31.143+0200] {dag.py:3947} INFO - Setting next_dagrun for example_task_group to 2025-08-18 00:00:00+00:00, run_after=2025-08-19 00:00:00+00:00
[2025-08-19T17:28:31.149+0200] {processor.py:183} INFO - Processing /Users/ehabhasan/.venvs/airflow310/lib/python3.10/site-packages/airflow/example_dags/example_task_group.py took 0.053 seconds
[2025-08-19T17:30:23.579+0200] {processor.py:161} INFO - Started process (PID=12721) to work on /Users/ehabhasan/.venvs/airflow310/lib/python3.10/site-packages/airflow/example_dags/example_task_group.py
[2025-08-19T17:30:23.580+0200] {processor.py:830} INFO - Processing file /Users/ehabhasan/.venvs/airflow310/lib/python3.10/site-packages/airflow/example_dags/example_task_group.py for tasks to queue
[2025-08-19T17:30:23.581+0200] {logging_mixin.py:188} INFO - [2025-08-19T17:30:23.581+0200] {dagbag.py:545} INFO - Filling up the DagBag from /Users/ehabhasan/.venvs/airflow310/lib/python3.10/site-packages/airflow/example_dags/example_task_group.py
[2025-08-19T17:30:23.584+0200] {processor.py:840} INFO - DAG(s) 'example_task_group' retrieved from /Users/ehabhasan/.venvs/airflow310/lib/python3.10/site-packages/airflow/example_dags/example_task_group.py
[2025-08-19T17:30:23.621+0200] {logging_mixin.py:188} INFO - [2025-08-19T17:30:23.620+0200] {dag.py:3089} INFO - Sync 1 DAGs
[2025-08-19T17:30:23.626+0200] {logging_mixin.py:188} INFO - [2025-08-19T17:30:23.626+0200] {dag.py:3947} INFO - Setting next_dagrun for example_task_group to 2025-08-18 00:00:00+00:00, run_after=2025-08-19 00:00:00+00:00
[2025-08-19T17:30:23.632+0200] {processor.py:183} INFO - Processing /Users/ehabhasan/.venvs/airflow310/lib/python3.10/site-packages/airflow/example_dags/example_task_group.py took 0.054 seconds
[2025-08-19T17:32:18.579+0200] {processor.py:161} INFO - Started process (PID=14134) to work on /Users/ehabhasan/.venvs/airflow310/lib/python3.10/site-packages/airflow/example_dags/example_task_group.py
[2025-08-19T17:32:18.580+0200] {processor.py:830} INFO - Processing file /Users/ehabhasan/.venvs/airflow310/lib/python3.10/site-packages/airflow/example_dags/example_task_group.py for tasks to queue
[2025-08-19T17:32:18.580+0200] {logging_mixin.py:188} INFO - [2025-08-19T17:32:18.580+0200] {dagbag.py:545} INFO - Filling up the DagBag from /Users/ehabhasan/.venvs/airflow310/lib/python3.10/site-packages/airflow/example_dags/example_task_group.py
[2025-08-19T17:32:18.583+0200] {processor.py:840} INFO - DAG(s) 'example_task_group' retrieved from /Users/ehabhasan/.venvs/airflow310/lib/python3.10/site-packages/airflow/example_dags/example_task_group.py
[2025-08-19T17:32:18.621+0200] {logging_mixin.py:188} INFO - [2025-08-19T17:32:18.621+0200] {dag.py:3089} INFO - Sync 1 DAGs
[2025-08-19T17:32:18.627+0200] {logging_mixin.py:188} INFO - [2025-08-19T17:32:18.627+0200] {dag.py:3947} INFO - Setting next_dagrun for example_task_group to 2025-08-18 00:00:00+00:00, run_after=2025-08-19 00:00:00+00:00
[2025-08-19T17:32:18.634+0200] {processor.py:183} INFO - Processing /Users/ehabhasan/.venvs/airflow310/lib/python3.10/site-packages/airflow/example_dags/example_task_group.py took 0.057 seconds
[2025-08-19T17:34:05.701+0200] {processor.py:161} INFO - Started process (PID=14236) to work on /Users/ehabhasan/.venvs/airflow310/lib/python3.10/site-packages/airflow/example_dags/example_task_group.py
[2025-08-19T17:34:05.701+0200] {processor.py:830} INFO - Processing file /Users/ehabhasan/.venvs/airflow310/lib/python3.10/site-packages/airflow/example_dags/example_task_group.py for tasks to queue
[2025-08-19T17:34:05.701+0200] {logging_mixin.py:188} INFO - [2025-08-19T17:34:05.701+0200] {dagbag.py:545} INFO - Filling up the DagBag from /Users/ehabhasan/.venvs/airflow310/lib/python3.10/site-packages/airflow/example_dags/example_task_group.py
[2025-08-19T17:34:05.704+0200] {processor.py:840} INFO - DAG(s) 'example_task_group' retrieved from /Users/ehabhasan/.venvs/airflow310/lib/python3.10/site-packages/airflow/example_dags/example_task_group.py
[2025-08-19T17:34:05.742+0200] {logging_mixin.py:188} INFO - [2025-08-19T17:34:05.742+0200] {dag.py:3089} INFO - Sync 1 DAGs
[2025-08-19T17:34:05.748+0200] {logging_mixin.py:188} INFO - [2025-08-19T17:34:05.748+0200] {dag.py:3947} INFO - Setting next_dagrun for example_task_group to 2025-08-18 00:00:00+00:00, run_after=2025-08-19 00:00:00+00:00
[2025-08-19T17:34:05.755+0200] {processor.py:183} INFO - Processing /Users/ehabhasan/.venvs/airflow310/lib/python3.10/site-packages/airflow/example_dags/example_task_group.py took 0.056 seconds
[2025-08-19T17:35:54.084+0200] {processor.py:161} INFO - Started process (PID=14451) to work on /Users/ehabhasan/.venvs/airflow310/lib/python3.10/site-packages/airflow/example_dags/example_task_group.py
[2025-08-19T17:35:54.084+0200] {processor.py:830} INFO - Processing file /Users/ehabhasan/.venvs/airflow310/lib/python3.10/site-packages/airflow/example_dags/example_task_group.py for tasks to queue
[2025-08-19T17:35:54.085+0200] {logging_mixin.py:188} INFO - [2025-08-19T17:35:54.085+0200] {dagbag.py:545} INFO - Filling up the DagBag from /Users/ehabhasan/.venvs/airflow310/lib/python3.10/site-packages/airflow/example_dags/example_task_group.py
[2025-08-19T17:35:54.088+0200] {processor.py:840} INFO - DAG(s) 'example_task_group' retrieved from /Users/ehabhasan/.venvs/airflow310/lib/python3.10/site-packages/airflow/example_dags/example_task_group.py
[2025-08-19T17:35:54.125+0200] {logging_mixin.py:188} INFO - [2025-08-19T17:35:54.124+0200] {dag.py:3089} INFO - Sync 1 DAGs
[2025-08-19T17:35:54.130+0200] {logging_mixin.py:188} INFO - [2025-08-19T17:35:54.130+0200] {dag.py:3947} INFO - Setting next_dagrun for example_task_group to 2025-08-18 00:00:00+00:00, run_after=2025-08-19 00:00:00+00:00
[2025-08-19T17:35:54.136+0200] {processor.py:183} INFO - Processing /Users/ehabhasan/.venvs/airflow310/lib/python3.10/site-packages/airflow/example_dags/example_task_group.py took 0.054 seconds
[2025-08-19T17:36:52.455+0200] {processor.py:161} INFO - Started process (PID=14502) to work on /Users/ehabhasan/.venvs/airflow310/lib/python3.10/site-packages/airflow/example_dags/example_task_group.py
[2025-08-19T17:36:52.455+0200] {processor.py:830} INFO - Processing file /Users/ehabhasan/.venvs/airflow310/lib/python3.10/site-packages/airflow/example_dags/example_task_group.py for tasks to queue
[2025-08-19T17:36:52.456+0200] {logging_mixin.py:188} INFO - [2025-08-19T17:36:52.456+0200] {dagbag.py:545} INFO - Filling up the DagBag from /Users/ehabhasan/.venvs/airflow310/lib/python3.10/site-packages/airflow/example_dags/example_task_group.py
[2025-08-19T17:36:52.459+0200] {processor.py:840} INFO - DAG(s) 'example_task_group' retrieved from /Users/ehabhasan/.venvs/airflow310/lib/python3.10/site-packages/airflow/example_dags/example_task_group.py
[2025-08-19T17:36:52.495+0200] {logging_mixin.py:188} INFO - [2025-08-19T17:36:52.495+0200] {dag.py:3089} INFO - Sync 1 DAGs
[2025-08-19T17:36:52.501+0200] {logging_mixin.py:188} INFO - [2025-08-19T17:36:52.501+0200] {dag.py:3947} INFO - Setting next_dagrun for example_task_group to 2025-08-18 00:00:00+00:00, run_after=2025-08-19 00:00:00+00:00
[2025-08-19T17:36:52.507+0200] {processor.py:183} INFO - Processing /Users/ehabhasan/.venvs/airflow310/lib/python3.10/site-packages/airflow/example_dags/example_task_group.py took 0.054 seconds
[2025-08-19T17:38:51.401+0200] {processor.py:161} INFO - Started process (PID=14734) to work on /Users/ehabhasan/.venvs/airflow310/lib/python3.10/site-packages/airflow/example_dags/example_task_group.py
[2025-08-19T17:38:51.402+0200] {processor.py:830} INFO - Processing file /Users/ehabhasan/.venvs/airflow310/lib/python3.10/site-packages/airflow/example_dags/example_task_group.py for tasks to queue
[2025-08-19T17:38:51.402+0200] {logging_mixin.py:188} INFO - [2025-08-19T17:38:51.402+0200] {dagbag.py:545} INFO - Filling up the DagBag from /Users/ehabhasan/.venvs/airflow310/lib/python3.10/site-packages/airflow/example_dags/example_task_group.py
[2025-08-19T17:38:51.405+0200] {processor.py:840} INFO - DAG(s) 'example_task_group' retrieved from /Users/ehabhasan/.venvs/airflow310/lib/python3.10/site-packages/airflow/example_dags/example_task_group.py
[2025-08-19T17:38:51.441+0200] {logging_mixin.py:188} INFO - [2025-08-19T17:38:51.440+0200] {dag.py:3089} INFO - Sync 1 DAGs
[2025-08-19T17:38:51.446+0200] {logging_mixin.py:188} INFO - [2025-08-19T17:38:51.446+0200] {dag.py:3947} INFO - Setting next_dagrun for example_task_group to 2025-08-18 00:00:00+00:00, run_after=2025-08-19 00:00:00+00:00
[2025-08-19T17:38:51.452+0200] {processor.py:183} INFO - Processing /Users/ehabhasan/.venvs/airflow310/lib/python3.10/site-packages/airflow/example_dags/example_task_group.py took 0.053 seconds
[2025-08-19T17:39:53.667+0200] {processor.py:161} INFO - Started process (PID=14799) to work on /Users/ehabhasan/.venvs/airflow310/lib/python3.10/site-packages/airflow/example_dags/example_task_group.py
[2025-08-19T17:39:53.668+0200] {processor.py:830} INFO - Processing file /Users/ehabhasan/.venvs/airflow310/lib/python3.10/site-packages/airflow/example_dags/example_task_group.py for tasks to queue
[2025-08-19T17:39:53.668+0200] {logging_mixin.py:188} INFO - [2025-08-19T17:39:53.668+0200] {dagbag.py:545} INFO - Filling up the DagBag from /Users/ehabhasan/.venvs/airflow310/lib/python3.10/site-packages/airflow/example_dags/example_task_group.py
[2025-08-19T17:39:53.671+0200] {processor.py:840} INFO - DAG(s) 'example_task_group' retrieved from /Users/ehabhasan/.venvs/airflow310/lib/python3.10/site-packages/airflow/example_dags/example_task_group.py
[2025-08-19T17:39:53.707+0200] {logging_mixin.py:188} INFO - [2025-08-19T17:39:53.707+0200] {dag.py:3089} INFO - Sync 1 DAGs
[2025-08-19T17:39:53.713+0200] {logging_mixin.py:188} INFO - [2025-08-19T17:39:53.713+0200] {dag.py:3947} INFO - Setting next_dagrun for example_task_group to 2025-08-18 00:00:00+00:00, run_after=2025-08-19 00:00:00+00:00
[2025-08-19T17:39:53.720+0200] {processor.py:183} INFO - Processing /Users/ehabhasan/.venvs/airflow310/lib/python3.10/site-packages/airflow/example_dags/example_task_group.py took 0.054 seconds
[2025-08-19T17:45:26.294+0200] {processor.py:161} INFO - Started process (PID=14971) to work on /Users/ehabhasan/.venvs/airflow310/lib/python3.10/site-packages/airflow/example_dags/example_task_group.py
[2025-08-19T17:45:26.295+0200] {processor.py:830} INFO - Processing file /Users/ehabhasan/.venvs/airflow310/lib/python3.10/site-packages/airflow/example_dags/example_task_group.py for tasks to queue
[2025-08-19T17:45:26.296+0200] {logging_mixin.py:188} INFO - [2025-08-19T17:45:26.296+0200] {dagbag.py:545} INFO - Filling up the DagBag from /Users/ehabhasan/.venvs/airflow310/lib/python3.10/site-packages/airflow/example_dags/example_task_group.py
[2025-08-19T17:45:26.299+0200] {processor.py:840} INFO - DAG(s) 'example_task_group' retrieved from /Users/ehabhasan/.venvs/airflow310/lib/python3.10/site-packages/airflow/example_dags/example_task_group.py
[2025-08-19T17:45:26.336+0200] {logging_mixin.py:188} INFO - [2025-08-19T17:45:26.336+0200] {dag.py:3089} INFO - Sync 1 DAGs
[2025-08-19T17:45:26.341+0200] {logging_mixin.py:188} INFO - [2025-08-19T17:45:26.341+0200] {dag.py:3947} INFO - Setting next_dagrun for example_task_group to 2025-08-18 00:00:00+00:00, run_after=2025-08-19 00:00:00+00:00
[2025-08-19T17:45:26.348+0200] {processor.py:183} INFO - Processing /Users/ehabhasan/.venvs/airflow310/lib/python3.10/site-packages/airflow/example_dags/example_task_group.py took 0.055 seconds
[2025-08-19T17:46:29.899+0200] {processor.py:161} INFO - Started process (PID=15021) to work on /Users/ehabhasan/.venvs/airflow310/lib/python3.10/site-packages/airflow/example_dags/example_task_group.py
[2025-08-19T17:46:29.899+0200] {processor.py:830} INFO - Processing file /Users/ehabhasan/.venvs/airflow310/lib/python3.10/site-packages/airflow/example_dags/example_task_group.py for tasks to queue
[2025-08-19T17:46:29.899+0200] {logging_mixin.py:188} INFO - [2025-08-19T17:46:29.899+0200] {dagbag.py:545} INFO - Filling up the DagBag from /Users/ehabhasan/.venvs/airflow310/lib/python3.10/site-packages/airflow/example_dags/example_task_group.py
[2025-08-19T17:46:29.902+0200] {processor.py:840} INFO - DAG(s) 'example_task_group' retrieved from /Users/ehabhasan/.venvs/airflow310/lib/python3.10/site-packages/airflow/example_dags/example_task_group.py
[2025-08-19T17:46:29.938+0200] {logging_mixin.py:188} INFO - [2025-08-19T17:46:29.938+0200] {dag.py:3089} INFO - Sync 1 DAGs
[2025-08-19T17:46:29.944+0200] {logging_mixin.py:188} INFO - [2025-08-19T17:46:29.944+0200] {dag.py:3947} INFO - Setting next_dagrun for example_task_group to 2025-08-18 00:00:00+00:00, run_after=2025-08-19 00:00:00+00:00
[2025-08-19T17:46:29.950+0200] {processor.py:183} INFO - Processing /Users/ehabhasan/.venvs/airflow310/lib/python3.10/site-packages/airflow/example_dags/example_task_group.py took 0.053 seconds
[2025-08-19T17:47:30.499+0200] {processor.py:161} INFO - Started process (PID=15070) to work on /Users/ehabhasan/.venvs/airflow310/lib/python3.10/site-packages/airflow/example_dags/example_task_group.py
[2025-08-19T17:47:30.499+0200] {processor.py:830} INFO - Processing file /Users/ehabhasan/.venvs/airflow310/lib/python3.10/site-packages/airflow/example_dags/example_task_group.py for tasks to queue
[2025-08-19T17:47:30.500+0200] {logging_mixin.py:188} INFO - [2025-08-19T17:47:30.500+0200] {dagbag.py:545} INFO - Filling up the DagBag from /Users/ehabhasan/.venvs/airflow310/lib/python3.10/site-packages/airflow/example_dags/example_task_group.py
[2025-08-19T17:47:30.503+0200] {processor.py:840} INFO - DAG(s) 'example_task_group' retrieved from /Users/ehabhasan/.venvs/airflow310/lib/python3.10/site-packages/airflow/example_dags/example_task_group.py
[2025-08-19T17:47:30.540+0200] {logging_mixin.py:188} INFO - [2025-08-19T17:47:30.540+0200] {dag.py:3089} INFO - Sync 1 DAGs
[2025-08-19T17:47:30.545+0200] {logging_mixin.py:188} INFO - [2025-08-19T17:47:30.545+0200] {dag.py:3947} INFO - Setting next_dagrun for example_task_group to 2025-08-18 00:00:00+00:00, run_after=2025-08-19 00:00:00+00:00
[2025-08-19T17:47:30.552+0200] {processor.py:183} INFO - Processing /Users/ehabhasan/.venvs/airflow310/lib/python3.10/site-packages/airflow/example_dags/example_task_group.py took 0.054 seconds
[2025-08-19T17:48:29.401+0200] {processor.py:161} INFO - Started process (PID=15112) to work on /Users/ehabhasan/.venvs/airflow310/lib/python3.10/site-packages/airflow/example_dags/example_task_group.py
[2025-08-19T17:48:29.401+0200] {processor.py:830} INFO - Processing file /Users/ehabhasan/.venvs/airflow310/lib/python3.10/site-packages/airflow/example_dags/example_task_group.py for tasks to queue
[2025-08-19T17:48:29.401+0200] {logging_mixin.py:188} INFO - [2025-08-19T17:48:29.401+0200] {dagbag.py:545} INFO - Filling up the DagBag from /Users/ehabhasan/.venvs/airflow310/lib/python3.10/site-packages/airflow/example_dags/example_task_group.py
[2025-08-19T17:48:29.404+0200] {processor.py:840} INFO - DAG(s) 'example_task_group' retrieved from /Users/ehabhasan/.venvs/airflow310/lib/python3.10/site-packages/airflow/example_dags/example_task_group.py
[2025-08-19T17:48:29.441+0200] {logging_mixin.py:188} INFO - [2025-08-19T17:48:29.441+0200] {dag.py:3089} INFO - Sync 1 DAGs
[2025-08-19T17:48:29.446+0200] {logging_mixin.py:188} INFO - [2025-08-19T17:48:29.446+0200] {dag.py:3947} INFO - Setting next_dagrun for example_task_group to 2025-08-18 00:00:00+00:00, run_after=2025-08-19 00:00:00+00:00
[2025-08-19T17:48:29.452+0200] {processor.py:183} INFO - Processing /Users/ehabhasan/.venvs/airflow310/lib/python3.10/site-packages/airflow/example_dags/example_task_group.py took 0.054 seconds
