[2025-08-19T16:48:47.952+0200] {processor.py:161} INFO - Started process (PID=7656) to work on /Users/ehabhasan/.venvs/airflow310/lib/python3.10/site-packages/airflow/example_dags/example_dynamic_task_mapping_with_no_taskflow_operators.py
[2025-08-19T16:48:47.953+0200] {processor.py:830} INFO - Processing file /Users/ehabhasan/.venvs/airflow310/lib/python3.10/site-packages/airflow/example_dags/example_dynamic_task_mapping_with_no_taskflow_operators.py for tasks to queue
[2025-08-19T16:48:47.953+0200] {logging_mixin.py:188} INFO - [2025-08-19T16:48:47.953+0200] {dagbag.py:545} INFO - Filling up the DagBag from /Users/ehabhasan/.venvs/airflow310/lib/python3.10/site-packages/airflow/example_dags/example_dynamic_task_mapping_with_no_taskflow_operators.py
[2025-08-19T16:48:47.956+0200] {processor.py:840} INFO - DAG(s) 'example_dynamic_task_mapping_with_no_taskflow_operators' retrieved from /Users/ehabhasan/.venvs/airflow310/lib/python3.10/site-packages/airflow/example_dags/example_dynamic_task_mapping_with_no_taskflow_operators.py
[2025-08-19T16:48:48.040+0200] {logging_mixin.py:188} INFO - [2025-08-19T16:48:48.040+0200] {dag.py:3089} INFO - Sync 1 DAGs
[2025-08-19T16:48:48.046+0200] {logging_mixin.py:188} INFO - [2025-08-19T16:48:48.045+0200] {dag.py:3947} INFO - Setting next_dagrun for example_dynamic_task_mapping_with_no_taskflow_operators to 2025-08-18 00:00:00+00:00, run_after=2025-08-19 00:00:00+00:00
[2025-08-19T16:48:48.052+0200] {processor.py:183} INFO - Processing /Users/ehabhasan/.venvs/airflow310/lib/python3.10/site-packages/airflow/example_dags/example_dynamic_task_mapping_with_no_taskflow_operators.py took 0.101 seconds
[2025-08-19T16:50:23.826+0200] {processor.py:161} INFO - Started process (PID=7729) to work on /Users/ehabhasan/.venvs/airflow310/lib/python3.10/site-packages/airflow/example_dags/example_dynamic_task_mapping_with_no_taskflow_operators.py
[2025-08-19T16:50:23.827+0200] {processor.py:830} INFO - Processing file /Users/ehabhasan/.venvs/airflow310/lib/python3.10/site-packages/airflow/example_dags/example_dynamic_task_mapping_with_no_taskflow_operators.py for tasks to queue
[2025-08-19T16:50:23.828+0200] {logging_mixin.py:188} INFO - [2025-08-19T16:50:23.828+0200] {dagbag.py:545} INFO - Filling up the DagBag from /Users/ehabhasan/.venvs/airflow310/lib/python3.10/site-packages/airflow/example_dags/example_dynamic_task_mapping_with_no_taskflow_operators.py
[2025-08-19T16:50:23.830+0200] {processor.py:840} INFO - DAG(s) 'example_dynamic_task_mapping_with_no_taskflow_operators' retrieved from /Users/ehabhasan/.venvs/airflow310/lib/python3.10/site-packages/airflow/example_dags/example_dynamic_task_mapping_with_no_taskflow_operators.py
[2025-08-19T16:50:23.865+0200] {logging_mixin.py:188} INFO - [2025-08-19T16:50:23.865+0200] {dag.py:3089} INFO - Sync 1 DAGs
[2025-08-19T16:50:23.870+0200] {logging_mixin.py:188} INFO - [2025-08-19T16:50:23.870+0200] {dag.py:3947} INFO - Setting next_dagrun for example_dynamic_task_mapping_with_no_taskflow_operators to 2025-08-18 00:00:00+00:00, run_after=2025-08-19 00:00:00+00:00
[2025-08-19T16:50:23.876+0200] {processor.py:183} INFO - Processing /Users/ehabhasan/.venvs/airflow310/lib/python3.10/site-packages/airflow/example_dags/example_dynamic_task_mapping_with_no_taskflow_operators.py took 0.051 seconds
[2025-08-19T16:52:01.593+0200] {processor.py:161} INFO - Started process (PID=7802) to work on /Users/ehabhasan/.venvs/airflow310/lib/python3.10/site-packages/airflow/example_dags/example_dynamic_task_mapping_with_no_taskflow_operators.py
[2025-08-19T16:52:01.594+0200] {processor.py:830} INFO - Processing file /Users/ehabhasan/.venvs/airflow310/lib/python3.10/site-packages/airflow/example_dags/example_dynamic_task_mapping_with_no_taskflow_operators.py for tasks to queue
[2025-08-19T16:52:01.594+0200] {logging_mixin.py:188} INFO - [2025-08-19T16:52:01.594+0200] {dagbag.py:545} INFO - Filling up the DagBag from /Users/ehabhasan/.venvs/airflow310/lib/python3.10/site-packages/airflow/example_dags/example_dynamic_task_mapping_with_no_taskflow_operators.py
[2025-08-19T16:52:01.596+0200] {processor.py:840} INFO - DAG(s) 'example_dynamic_task_mapping_with_no_taskflow_operators' retrieved from /Users/ehabhasan/.venvs/airflow310/lib/python3.10/site-packages/airflow/example_dags/example_dynamic_task_mapping_with_no_taskflow_operators.py
[2025-08-19T16:52:01.631+0200] {logging_mixin.py:188} INFO - [2025-08-19T16:52:01.631+0200] {dag.py:3089} INFO - Sync 1 DAGs
[2025-08-19T16:52:01.636+0200] {logging_mixin.py:188} INFO - [2025-08-19T16:52:01.636+0200] {dag.py:3947} INFO - Setting next_dagrun for example_dynamic_task_mapping_with_no_taskflow_operators to 2025-08-18 00:00:00+00:00, run_after=2025-08-19 00:00:00+00:00
[2025-08-19T16:52:01.642+0200] {processor.py:183} INFO - Processing /Users/ehabhasan/.venvs/airflow310/lib/python3.10/site-packages/airflow/example_dags/example_dynamic_task_mapping_with_no_taskflow_operators.py took 0.051 seconds
[2025-08-19T16:53:38.540+0200] {processor.py:161} INFO - Started process (PID=7872) to work on /Users/ehabhasan/.venvs/airflow310/lib/python3.10/site-packages/airflow/example_dags/example_dynamic_task_mapping_with_no_taskflow_operators.py
[2025-08-19T16:53:38.540+0200] {processor.py:830} INFO - Processing file /Users/ehabhasan/.venvs/airflow310/lib/python3.10/site-packages/airflow/example_dags/example_dynamic_task_mapping_with_no_taskflow_operators.py for tasks to queue
[2025-08-19T16:53:38.540+0200] {logging_mixin.py:188} INFO - [2025-08-19T16:53:38.540+0200] {dagbag.py:545} INFO - Filling up the DagBag from /Users/ehabhasan/.venvs/airflow310/lib/python3.10/site-packages/airflow/example_dags/example_dynamic_task_mapping_with_no_taskflow_operators.py
[2025-08-19T16:53:38.543+0200] {processor.py:840} INFO - DAG(s) 'example_dynamic_task_mapping_with_no_taskflow_operators' retrieved from /Users/ehabhasan/.venvs/airflow310/lib/python3.10/site-packages/airflow/example_dags/example_dynamic_task_mapping_with_no_taskflow_operators.py
[2025-08-19T16:53:38.578+0200] {logging_mixin.py:188} INFO - [2025-08-19T16:53:38.578+0200] {dag.py:3089} INFO - Sync 1 DAGs
[2025-08-19T16:53:38.583+0200] {logging_mixin.py:188} INFO - [2025-08-19T16:53:38.583+0200] {dag.py:3947} INFO - Setting next_dagrun for example_dynamic_task_mapping_with_no_taskflow_operators to 2025-08-18 00:00:00+00:00, run_after=2025-08-19 00:00:00+00:00
[2025-08-19T16:53:38.589+0200] {processor.py:183} INFO - Processing /Users/ehabhasan/.venvs/airflow310/lib/python3.10/site-packages/airflow/example_dags/example_dynamic_task_mapping_with_no_taskflow_operators.py took 0.051 seconds
[2025-08-19T16:55:15.017+0200] {processor.py:161} INFO - Started process (PID=7981) to work on /Users/ehabhasan/.venvs/airflow310/lib/python3.10/site-packages/airflow/example_dags/example_dynamic_task_mapping_with_no_taskflow_operators.py
[2025-08-19T16:55:15.018+0200] {processor.py:830} INFO - Processing file /Users/ehabhasan/.venvs/airflow310/lib/python3.10/site-packages/airflow/example_dags/example_dynamic_task_mapping_with_no_taskflow_operators.py for tasks to queue
[2025-08-19T16:55:15.018+0200] {logging_mixin.py:188} INFO - [2025-08-19T16:55:15.018+0200] {dagbag.py:545} INFO - Filling up the DagBag from /Users/ehabhasan/.venvs/airflow310/lib/python3.10/site-packages/airflow/example_dags/example_dynamic_task_mapping_with_no_taskflow_operators.py
[2025-08-19T16:55:15.021+0200] {processor.py:840} INFO - DAG(s) 'example_dynamic_task_mapping_with_no_taskflow_operators' retrieved from /Users/ehabhasan/.venvs/airflow310/lib/python3.10/site-packages/airflow/example_dags/example_dynamic_task_mapping_with_no_taskflow_operators.py
[2025-08-19T16:55:15.056+0200] {logging_mixin.py:188} INFO - [2025-08-19T16:55:15.055+0200] {dag.py:3089} INFO - Sync 1 DAGs
[2025-08-19T16:55:15.061+0200] {logging_mixin.py:188} INFO - [2025-08-19T16:55:15.061+0200] {dag.py:3947} INFO - Setting next_dagrun for example_dynamic_task_mapping_with_no_taskflow_operators to 2025-08-18 00:00:00+00:00, run_after=2025-08-19 00:00:00+00:00
[2025-08-19T16:55:15.067+0200] {processor.py:183} INFO - Processing /Users/ehabhasan/.venvs/airflow310/lib/python3.10/site-packages/airflow/example_dags/example_dynamic_task_mapping_with_no_taskflow_operators.py took 0.051 seconds
[2025-08-19T16:56:59.288+0200] {processor.py:161} INFO - Started process (PID=8058) to work on /Users/ehabhasan/.venvs/airflow310/lib/python3.10/site-packages/airflow/example_dags/example_dynamic_task_mapping_with_no_taskflow_operators.py
[2025-08-19T16:56:59.288+0200] {processor.py:830} INFO - Processing file /Users/ehabhasan/.venvs/airflow310/lib/python3.10/site-packages/airflow/example_dags/example_dynamic_task_mapping_with_no_taskflow_operators.py for tasks to queue
[2025-08-19T16:56:59.288+0200] {logging_mixin.py:188} INFO - [2025-08-19T16:56:59.288+0200] {dagbag.py:545} INFO - Filling up the DagBag from /Users/ehabhasan/.venvs/airflow310/lib/python3.10/site-packages/airflow/example_dags/example_dynamic_task_mapping_with_no_taskflow_operators.py
[2025-08-19T16:56:59.291+0200] {processor.py:840} INFO - DAG(s) 'example_dynamic_task_mapping_with_no_taskflow_operators' retrieved from /Users/ehabhasan/.venvs/airflow310/lib/python3.10/site-packages/airflow/example_dags/example_dynamic_task_mapping_with_no_taskflow_operators.py
[2025-08-19T16:56:59.326+0200] {logging_mixin.py:188} INFO - [2025-08-19T16:56:59.325+0200] {dag.py:3089} INFO - Sync 1 DAGs
[2025-08-19T16:56:59.331+0200] {logging_mixin.py:188} INFO - [2025-08-19T16:56:59.331+0200] {dag.py:3947} INFO - Setting next_dagrun for example_dynamic_task_mapping_with_no_taskflow_operators to 2025-08-18 00:00:00+00:00, run_after=2025-08-19 00:00:00+00:00
[2025-08-19T16:56:59.337+0200] {processor.py:183} INFO - Processing /Users/ehabhasan/.venvs/airflow310/lib/python3.10/site-packages/airflow/example_dags/example_dynamic_task_mapping_with_no_taskflow_operators.py took 0.051 seconds
[2025-08-19T16:58:36.940+0200] {processor.py:161} INFO - Started process (PID=8129) to work on /Users/ehabhasan/.venvs/airflow310/lib/python3.10/site-packages/airflow/example_dags/example_dynamic_task_mapping_with_no_taskflow_operators.py
[2025-08-19T16:58:36.941+0200] {processor.py:830} INFO - Processing file /Users/ehabhasan/.venvs/airflow310/lib/python3.10/site-packages/airflow/example_dags/example_dynamic_task_mapping_with_no_taskflow_operators.py for tasks to queue
[2025-08-19T16:58:36.941+0200] {logging_mixin.py:188} INFO - [2025-08-19T16:58:36.941+0200] {dagbag.py:545} INFO - Filling up the DagBag from /Users/ehabhasan/.venvs/airflow310/lib/python3.10/site-packages/airflow/example_dags/example_dynamic_task_mapping_with_no_taskflow_operators.py
[2025-08-19T16:58:36.944+0200] {processor.py:840} INFO - DAG(s) 'example_dynamic_task_mapping_with_no_taskflow_operators' retrieved from /Users/ehabhasan/.venvs/airflow310/lib/python3.10/site-packages/airflow/example_dags/example_dynamic_task_mapping_with_no_taskflow_operators.py
[2025-08-19T16:58:36.978+0200] {logging_mixin.py:188} INFO - [2025-08-19T16:58:36.978+0200] {dag.py:3089} INFO - Sync 1 DAGs
[2025-08-19T16:58:36.983+0200] {logging_mixin.py:188} INFO - [2025-08-19T16:58:36.983+0200] {dag.py:3947} INFO - Setting next_dagrun for example_dynamic_task_mapping_with_no_taskflow_operators to 2025-08-18 00:00:00+00:00, run_after=2025-08-19 00:00:00+00:00
[2025-08-19T16:58:36.989+0200] {processor.py:183} INFO - Processing /Users/ehabhasan/.venvs/airflow310/lib/python3.10/site-packages/airflow/example_dags/example_dynamic_task_mapping_with_no_taskflow_operators.py took 0.051 seconds
[2025-08-19T17:00:56.670+0200] {processor.py:161} INFO - Started process (PID=8248) to work on /Users/ehabhasan/.venvs/airflow310/lib/python3.10/site-packages/airflow/example_dags/example_dynamic_task_mapping_with_no_taskflow_operators.py
[2025-08-19T17:00:56.671+0200] {processor.py:830} INFO - Processing file /Users/ehabhasan/.venvs/airflow310/lib/python3.10/site-packages/airflow/example_dags/example_dynamic_task_mapping_with_no_taskflow_operators.py for tasks to queue
[2025-08-19T17:00:56.671+0200] {logging_mixin.py:188} INFO - [2025-08-19T17:00:56.671+0200] {dagbag.py:545} INFO - Filling up the DagBag from /Users/ehabhasan/.venvs/airflow310/lib/python3.10/site-packages/airflow/example_dags/example_dynamic_task_mapping_with_no_taskflow_operators.py
[2025-08-19T17:00:56.674+0200] {processor.py:840} INFO - DAG(s) 'example_dynamic_task_mapping_with_no_taskflow_operators' retrieved from /Users/ehabhasan/.venvs/airflow310/lib/python3.10/site-packages/airflow/example_dags/example_dynamic_task_mapping_with_no_taskflow_operators.py
[2025-08-19T17:00:56.710+0200] {logging_mixin.py:188} INFO - [2025-08-19T17:00:56.709+0200] {dag.py:3089} INFO - Sync 1 DAGs
[2025-08-19T17:00:56.715+0200] {logging_mixin.py:188} INFO - [2025-08-19T17:00:56.715+0200] {dag.py:3947} INFO - Setting next_dagrun for example_dynamic_task_mapping_with_no_taskflow_operators to 2025-08-18 00:00:00+00:00, run_after=2025-08-19 00:00:00+00:00
[2025-08-19T17:00:56.721+0200] {processor.py:183} INFO - Processing /Users/ehabhasan/.venvs/airflow310/lib/python3.10/site-packages/airflow/example_dags/example_dynamic_task_mapping_with_no_taskflow_operators.py took 0.053 seconds
[2025-08-19T17:02:41.237+0200] {processor.py:161} INFO - Started process (PID=8335) to work on /Users/ehabhasan/.venvs/airflow310/lib/python3.10/site-packages/airflow/example_dags/example_dynamic_task_mapping_with_no_taskflow_operators.py
[2025-08-19T17:02:41.237+0200] {processor.py:830} INFO - Processing file /Users/ehabhasan/.venvs/airflow310/lib/python3.10/site-packages/airflow/example_dags/example_dynamic_task_mapping_with_no_taskflow_operators.py for tasks to queue
[2025-08-19T17:02:41.237+0200] {logging_mixin.py:188} INFO - [2025-08-19T17:02:41.237+0200] {dagbag.py:545} INFO - Filling up the DagBag from /Users/ehabhasan/.venvs/airflow310/lib/python3.10/site-packages/airflow/example_dags/example_dynamic_task_mapping_with_no_taskflow_operators.py
[2025-08-19T17:02:41.240+0200] {processor.py:840} INFO - DAG(s) 'example_dynamic_task_mapping_with_no_taskflow_operators' retrieved from /Users/ehabhasan/.venvs/airflow310/lib/python3.10/site-packages/airflow/example_dags/example_dynamic_task_mapping_with_no_taskflow_operators.py
[2025-08-19T17:02:41.276+0200] {logging_mixin.py:188} INFO - [2025-08-19T17:02:41.276+0200] {dag.py:3089} INFO - Sync 1 DAGs
[2025-08-19T17:02:41.282+0200] {logging_mixin.py:188} INFO - [2025-08-19T17:02:41.282+0200] {dag.py:3947} INFO - Setting next_dagrun for example_dynamic_task_mapping_with_no_taskflow_operators to 2025-08-18 00:00:00+00:00, run_after=2025-08-19 00:00:00+00:00
[2025-08-19T17:02:41.288+0200] {processor.py:183} INFO - Processing /Users/ehabhasan/.venvs/airflow310/lib/python3.10/site-packages/airflow/example_dags/example_dynamic_task_mapping_with_no_taskflow_operators.py took 0.053 seconds
[2025-08-19T17:04:15.834+0200] {processor.py:161} INFO - Started process (PID=8926) to work on /Users/ehabhasan/.venvs/airflow310/lib/python3.10/site-packages/airflow/example_dags/example_dynamic_task_mapping_with_no_taskflow_operators.py
[2025-08-19T17:04:15.834+0200] {processor.py:830} INFO - Processing file /Users/ehabhasan/.venvs/airflow310/lib/python3.10/site-packages/airflow/example_dags/example_dynamic_task_mapping_with_no_taskflow_operators.py for tasks to queue
[2025-08-19T17:04:15.835+0200] {logging_mixin.py:188} INFO - [2025-08-19T17:04:15.835+0200] {dagbag.py:545} INFO - Filling up the DagBag from /Users/ehabhasan/.venvs/airflow310/lib/python3.10/site-packages/airflow/example_dags/example_dynamic_task_mapping_with_no_taskflow_operators.py
[2025-08-19T17:04:15.837+0200] {processor.py:840} INFO - DAG(s) 'example_dynamic_task_mapping_with_no_taskflow_operators' retrieved from /Users/ehabhasan/.venvs/airflow310/lib/python3.10/site-packages/airflow/example_dags/example_dynamic_task_mapping_with_no_taskflow_operators.py
[2025-08-19T17:04:15.873+0200] {logging_mixin.py:188} INFO - [2025-08-19T17:04:15.873+0200] {dag.py:3089} INFO - Sync 1 DAGs
[2025-08-19T17:04:15.878+0200] {logging_mixin.py:188} INFO - [2025-08-19T17:04:15.878+0200] {dag.py:3947} INFO - Setting next_dagrun for example_dynamic_task_mapping_with_no_taskflow_operators to 2025-08-18 00:00:00+00:00, run_after=2025-08-19 00:00:00+00:00
[2025-08-19T17:04:15.884+0200] {processor.py:183} INFO - Processing /Users/ehabhasan/.venvs/airflow310/lib/python3.10/site-packages/airflow/example_dags/example_dynamic_task_mapping_with_no_taskflow_operators.py took 0.052 seconds
[2025-08-19T17:06:00.925+0200] {processor.py:161} INFO - Started process (PID=9415) to work on /Users/ehabhasan/.venvs/airflow310/lib/python3.10/site-packages/airflow/example_dags/example_dynamic_task_mapping_with_no_taskflow_operators.py
[2025-08-19T17:06:00.925+0200] {processor.py:830} INFO - Processing file /Users/ehabhasan/.venvs/airflow310/lib/python3.10/site-packages/airflow/example_dags/example_dynamic_task_mapping_with_no_taskflow_operators.py for tasks to queue
[2025-08-19T17:06:00.925+0200] {logging_mixin.py:188} INFO - [2025-08-19T17:06:00.925+0200] {dagbag.py:545} INFO - Filling up the DagBag from /Users/ehabhasan/.venvs/airflow310/lib/python3.10/site-packages/airflow/example_dags/example_dynamic_task_mapping_with_no_taskflow_operators.py
[2025-08-19T17:06:00.928+0200] {processor.py:840} INFO - DAG(s) 'example_dynamic_task_mapping_with_no_taskflow_operators' retrieved from /Users/ehabhasan/.venvs/airflow310/lib/python3.10/site-packages/airflow/example_dags/example_dynamic_task_mapping_with_no_taskflow_operators.py
[2025-08-19T17:06:00.965+0200] {logging_mixin.py:188} INFO - [2025-08-19T17:06:00.965+0200] {dag.py:3089} INFO - Sync 1 DAGs
[2025-08-19T17:06:00.970+0200] {logging_mixin.py:188} INFO - [2025-08-19T17:06:00.970+0200] {dag.py:3947} INFO - Setting next_dagrun for example_dynamic_task_mapping_with_no_taskflow_operators to 2025-08-18 00:00:00+00:00, run_after=2025-08-19 00:00:00+00:00
[2025-08-19T17:06:00.977+0200] {processor.py:183} INFO - Processing /Users/ehabhasan/.venvs/airflow310/lib/python3.10/site-packages/airflow/example_dags/example_dynamic_task_mapping_with_no_taskflow_operators.py took 0.054 seconds
[2025-08-19T17:07:48.536+0200] {processor.py:161} INFO - Started process (PID=10116) to work on /Users/ehabhasan/.venvs/airflow310/lib/python3.10/site-packages/airflow/example_dags/example_dynamic_task_mapping_with_no_taskflow_operators.py
[2025-08-19T17:07:48.537+0200] {processor.py:830} INFO - Processing file /Users/ehabhasan/.venvs/airflow310/lib/python3.10/site-packages/airflow/example_dags/example_dynamic_task_mapping_with_no_taskflow_operators.py for tasks to queue
[2025-08-19T17:07:48.537+0200] {logging_mixin.py:188} INFO - [2025-08-19T17:07:48.537+0200] {dagbag.py:545} INFO - Filling up the DagBag from /Users/ehabhasan/.venvs/airflow310/lib/python3.10/site-packages/airflow/example_dags/example_dynamic_task_mapping_with_no_taskflow_operators.py
[2025-08-19T17:07:48.539+0200] {processor.py:840} INFO - DAG(s) 'example_dynamic_task_mapping_with_no_taskflow_operators' retrieved from /Users/ehabhasan/.venvs/airflow310/lib/python3.10/site-packages/airflow/example_dags/example_dynamic_task_mapping_with_no_taskflow_operators.py
[2025-08-19T17:07:48.578+0200] {logging_mixin.py:188} INFO - [2025-08-19T17:07:48.578+0200] {dag.py:3089} INFO - Sync 1 DAGs
[2025-08-19T17:07:48.584+0200] {logging_mixin.py:188} INFO - [2025-08-19T17:07:48.583+0200] {dag.py:3947} INFO - Setting next_dagrun for example_dynamic_task_mapping_with_no_taskflow_operators to 2025-08-18 00:00:00+00:00, run_after=2025-08-19 00:00:00+00:00
[2025-08-19T17:07:48.590+0200] {processor.py:183} INFO - Processing /Users/ehabhasan/.venvs/airflow310/lib/python3.10/site-packages/airflow/example_dags/example_dynamic_task_mapping_with_no_taskflow_operators.py took 0.056 seconds
[2025-08-19T17:09:39.526+0200] {processor.py:161} INFO - Started process (PID=10229) to work on /Users/ehabhasan/.venvs/airflow310/lib/python3.10/site-packages/airflow/example_dags/example_dynamic_task_mapping_with_no_taskflow_operators.py
[2025-08-19T17:09:39.527+0200] {processor.py:830} INFO - Processing file /Users/ehabhasan/.venvs/airflow310/lib/python3.10/site-packages/airflow/example_dags/example_dynamic_task_mapping_with_no_taskflow_operators.py for tasks to queue
[2025-08-19T17:09:39.527+0200] {logging_mixin.py:188} INFO - [2025-08-19T17:09:39.527+0200] {dagbag.py:545} INFO - Filling up the DagBag from /Users/ehabhasan/.venvs/airflow310/lib/python3.10/site-packages/airflow/example_dags/example_dynamic_task_mapping_with_no_taskflow_operators.py
[2025-08-19T17:09:39.529+0200] {processor.py:840} INFO - DAG(s) 'example_dynamic_task_mapping_with_no_taskflow_operators' retrieved from /Users/ehabhasan/.venvs/airflow310/lib/python3.10/site-packages/airflow/example_dags/example_dynamic_task_mapping_with_no_taskflow_operators.py
[2025-08-19T17:09:39.565+0200] {logging_mixin.py:188} INFO - [2025-08-19T17:09:39.565+0200] {dag.py:3089} INFO - Sync 1 DAGs
[2025-08-19T17:09:39.571+0200] {logging_mixin.py:188} INFO - [2025-08-19T17:09:39.571+0200] {dag.py:3947} INFO - Setting next_dagrun for example_dynamic_task_mapping_with_no_taskflow_operators to 2025-08-18 00:00:00+00:00, run_after=2025-08-19 00:00:00+00:00
[2025-08-19T17:09:39.577+0200] {processor.py:183} INFO - Processing /Users/ehabhasan/.venvs/airflow310/lib/python3.10/site-packages/airflow/example_dags/example_dynamic_task_mapping_with_no_taskflow_operators.py took 0.053 seconds
[2025-08-19T17:11:22.209+0200] {processor.py:161} INFO - Started process (PID=10315) to work on /Users/ehabhasan/.venvs/airflow310/lib/python3.10/site-packages/airflow/example_dags/example_dynamic_task_mapping_with_no_taskflow_operators.py
[2025-08-19T17:11:22.210+0200] {processor.py:830} INFO - Processing file /Users/ehabhasan/.venvs/airflow310/lib/python3.10/site-packages/airflow/example_dags/example_dynamic_task_mapping_with_no_taskflow_operators.py for tasks to queue
[2025-08-19T17:11:22.210+0200] {logging_mixin.py:188} INFO - [2025-08-19T17:11:22.210+0200] {dagbag.py:545} INFO - Filling up the DagBag from /Users/ehabhasan/.venvs/airflow310/lib/python3.10/site-packages/airflow/example_dags/example_dynamic_task_mapping_with_no_taskflow_operators.py
[2025-08-19T17:11:22.213+0200] {processor.py:840} INFO - DAG(s) 'example_dynamic_task_mapping_with_no_taskflow_operators' retrieved from /Users/ehabhasan/.venvs/airflow310/lib/python3.10/site-packages/airflow/example_dags/example_dynamic_task_mapping_with_no_taskflow_operators.py
[2025-08-19T17:11:22.251+0200] {logging_mixin.py:188} INFO - [2025-08-19T17:11:22.251+0200] {dag.py:3089} INFO - Sync 1 DAGs
[2025-08-19T17:11:22.257+0200] {logging_mixin.py:188} INFO - [2025-08-19T17:11:22.256+0200] {dag.py:3947} INFO - Setting next_dagrun for example_dynamic_task_mapping_with_no_taskflow_operators to 2025-08-18 00:00:00+00:00, run_after=2025-08-19 00:00:00+00:00
[2025-08-19T17:11:22.263+0200] {processor.py:183} INFO - Processing /Users/ehabhasan/.venvs/airflow310/lib/python3.10/site-packages/airflow/example_dags/example_dynamic_task_mapping_with_no_taskflow_operators.py took 0.055 seconds
[2025-08-19T17:13:15.632+0200] {processor.py:161} INFO - Started process (PID=10410) to work on /Users/ehabhasan/.venvs/airflow310/lib/python3.10/site-packages/airflow/example_dags/example_dynamic_task_mapping_with_no_taskflow_operators.py
[2025-08-19T17:13:15.633+0200] {processor.py:830} INFO - Processing file /Users/ehabhasan/.venvs/airflow310/lib/python3.10/site-packages/airflow/example_dags/example_dynamic_task_mapping_with_no_taskflow_operators.py for tasks to queue
[2025-08-19T17:13:15.633+0200] {logging_mixin.py:188} INFO - [2025-08-19T17:13:15.633+0200] {dagbag.py:545} INFO - Filling up the DagBag from /Users/ehabhasan/.venvs/airflow310/lib/python3.10/site-packages/airflow/example_dags/example_dynamic_task_mapping_with_no_taskflow_operators.py
[2025-08-19T17:13:15.635+0200] {processor.py:840} INFO - DAG(s) 'example_dynamic_task_mapping_with_no_taskflow_operators' retrieved from /Users/ehabhasan/.venvs/airflow310/lib/python3.10/site-packages/airflow/example_dags/example_dynamic_task_mapping_with_no_taskflow_operators.py
[2025-08-19T17:13:15.671+0200] {logging_mixin.py:188} INFO - [2025-08-19T17:13:15.670+0200] {dag.py:3089} INFO - Sync 1 DAGs
[2025-08-19T17:13:15.676+0200] {logging_mixin.py:188} INFO - [2025-08-19T17:13:15.676+0200] {dag.py:3947} INFO - Setting next_dagrun for example_dynamic_task_mapping_with_no_taskflow_operators to 2025-08-18 00:00:00+00:00, run_after=2025-08-19 00:00:00+00:00
[2025-08-19T17:13:15.682+0200] {processor.py:183} INFO - Processing /Users/ehabhasan/.venvs/airflow310/lib/python3.10/site-packages/airflow/example_dags/example_dynamic_task_mapping_with_no_taskflow_operators.py took 0.051 seconds
[2025-08-19T17:15:08.426+0200] {processor.py:161} INFO - Started process (PID=10762) to work on /Users/ehabhasan/.venvs/airflow310/lib/python3.10/site-packages/airflow/example_dags/example_dynamic_task_mapping_with_no_taskflow_operators.py
[2025-08-19T17:15:08.426+0200] {processor.py:830} INFO - Processing file /Users/ehabhasan/.venvs/airflow310/lib/python3.10/site-packages/airflow/example_dags/example_dynamic_task_mapping_with_no_taskflow_operators.py for tasks to queue
[2025-08-19T17:15:08.426+0200] {logging_mixin.py:188} INFO - [2025-08-19T17:15:08.426+0200] {dagbag.py:545} INFO - Filling up the DagBag from /Users/ehabhasan/.venvs/airflow310/lib/python3.10/site-packages/airflow/example_dags/example_dynamic_task_mapping_with_no_taskflow_operators.py
[2025-08-19T17:15:08.429+0200] {processor.py:840} INFO - DAG(s) 'example_dynamic_task_mapping_with_no_taskflow_operators' retrieved from /Users/ehabhasan/.venvs/airflow310/lib/python3.10/site-packages/airflow/example_dags/example_dynamic_task_mapping_with_no_taskflow_operators.py
[2025-08-19T17:15:08.466+0200] {logging_mixin.py:188} INFO - [2025-08-19T17:15:08.466+0200] {dag.py:3089} INFO - Sync 1 DAGs
[2025-08-19T17:15:08.472+0200] {logging_mixin.py:188} INFO - [2025-08-19T17:15:08.472+0200] {dag.py:3947} INFO - Setting next_dagrun for example_dynamic_task_mapping_with_no_taskflow_operators to 2025-08-18 00:00:00+00:00, run_after=2025-08-19 00:00:00+00:00
[2025-08-19T17:15:08.479+0200] {processor.py:183} INFO - Processing /Users/ehabhasan/.venvs/airflow310/lib/python3.10/site-packages/airflow/example_dags/example_dynamic_task_mapping_with_no_taskflow_operators.py took 0.055 seconds
[2025-08-19T17:17:00.620+0200] {processor.py:161} INFO - Started process (PID=11418) to work on /Users/ehabhasan/.venvs/airflow310/lib/python3.10/site-packages/airflow/example_dags/example_dynamic_task_mapping_with_no_taskflow_operators.py
[2025-08-19T17:17:00.620+0200] {processor.py:830} INFO - Processing file /Users/ehabhasan/.venvs/airflow310/lib/python3.10/site-packages/airflow/example_dags/example_dynamic_task_mapping_with_no_taskflow_operators.py for tasks to queue
[2025-08-19T17:17:00.621+0200] {logging_mixin.py:188} INFO - [2025-08-19T17:17:00.621+0200] {dagbag.py:545} INFO - Filling up the DagBag from /Users/ehabhasan/.venvs/airflow310/lib/python3.10/site-packages/airflow/example_dags/example_dynamic_task_mapping_with_no_taskflow_operators.py
[2025-08-19T17:17:00.623+0200] {processor.py:840} INFO - DAG(s) 'example_dynamic_task_mapping_with_no_taskflow_operators' retrieved from /Users/ehabhasan/.venvs/airflow310/lib/python3.10/site-packages/airflow/example_dags/example_dynamic_task_mapping_with_no_taskflow_operators.py
[2025-08-19T17:17:00.659+0200] {logging_mixin.py:188} INFO - [2025-08-19T17:17:00.659+0200] {dag.py:3089} INFO - Sync 1 DAGs
[2025-08-19T17:17:00.664+0200] {logging_mixin.py:188} INFO - [2025-08-19T17:17:00.664+0200] {dag.py:3947} INFO - Setting next_dagrun for example_dynamic_task_mapping_with_no_taskflow_operators to 2025-08-18 00:00:00+00:00, run_after=2025-08-19 00:00:00+00:00
[2025-08-19T17:17:00.671+0200] {processor.py:183} INFO - Processing /Users/ehabhasan/.venvs/airflow310/lib/python3.10/site-packages/airflow/example_dags/example_dynamic_task_mapping_with_no_taskflow_operators.py took 0.052 seconds
[2025-08-19T17:18:47.621+0200] {processor.py:161} INFO - Started process (PID=11511) to work on /Users/ehabhasan/.venvs/airflow310/lib/python3.10/site-packages/airflow/example_dags/example_dynamic_task_mapping_with_no_taskflow_operators.py
[2025-08-19T17:18:47.623+0200] {processor.py:830} INFO - Processing file /Users/ehabhasan/.venvs/airflow310/lib/python3.10/site-packages/airflow/example_dags/example_dynamic_task_mapping_with_no_taskflow_operators.py for tasks to queue
[2025-08-19T17:18:47.624+0200] {logging_mixin.py:188} INFO - [2025-08-19T17:18:47.623+0200] {dagbag.py:545} INFO - Filling up the DagBag from /Users/ehabhasan/.venvs/airflow310/lib/python3.10/site-packages/airflow/example_dags/example_dynamic_task_mapping_with_no_taskflow_operators.py
[2025-08-19T17:18:47.626+0200] {processor.py:840} INFO - DAG(s) 'example_dynamic_task_mapping_with_no_taskflow_operators' retrieved from /Users/ehabhasan/.venvs/airflow310/lib/python3.10/site-packages/airflow/example_dags/example_dynamic_task_mapping_with_no_taskflow_operators.py
[2025-08-19T17:18:47.660+0200] {logging_mixin.py:188} INFO - [2025-08-19T17:18:47.660+0200] {dag.py:3089} INFO - Sync 1 DAGs
[2025-08-19T17:18:47.666+0200] {logging_mixin.py:188} INFO - [2025-08-19T17:18:47.666+0200] {dag.py:3947} INFO - Setting next_dagrun for example_dynamic_task_mapping_with_no_taskflow_operators to 2025-08-18 00:00:00+00:00, run_after=2025-08-19 00:00:00+00:00
[2025-08-19T17:18:47.672+0200] {processor.py:183} INFO - Processing /Users/ehabhasan/.venvs/airflow310/lib/python3.10/site-packages/airflow/example_dags/example_dynamic_task_mapping_with_no_taskflow_operators.py took 0.052 seconds
[2025-08-19T17:20:32.440+0200] {processor.py:161} INFO - Started process (PID=11611) to work on /Users/ehabhasan/.venvs/airflow310/lib/python3.10/site-packages/airflow/example_dags/example_dynamic_task_mapping_with_no_taskflow_operators.py
[2025-08-19T17:20:32.440+0200] {processor.py:830} INFO - Processing file /Users/ehabhasan/.venvs/airflow310/lib/python3.10/site-packages/airflow/example_dags/example_dynamic_task_mapping_with_no_taskflow_operators.py for tasks to queue
[2025-08-19T17:20:32.441+0200] {logging_mixin.py:188} INFO - [2025-08-19T17:20:32.441+0200] {dagbag.py:545} INFO - Filling up the DagBag from /Users/ehabhasan/.venvs/airflow310/lib/python3.10/site-packages/airflow/example_dags/example_dynamic_task_mapping_with_no_taskflow_operators.py
[2025-08-19T17:20:32.443+0200] {processor.py:840} INFO - DAG(s) 'example_dynamic_task_mapping_with_no_taskflow_operators' retrieved from /Users/ehabhasan/.venvs/airflow310/lib/python3.10/site-packages/airflow/example_dags/example_dynamic_task_mapping_with_no_taskflow_operators.py
[2025-08-19T17:20:32.483+0200] {logging_mixin.py:188} INFO - [2025-08-19T17:20:32.482+0200] {dag.py:3089} INFO - Sync 1 DAGs
[2025-08-19T17:20:32.489+0200] {logging_mixin.py:188} INFO - [2025-08-19T17:20:32.489+0200] {dag.py:3947} INFO - Setting next_dagrun for example_dynamic_task_mapping_with_no_taskflow_operators to 2025-08-18 00:00:00+00:00, run_after=2025-08-19 00:00:00+00:00
[2025-08-19T17:20:32.496+0200] {processor.py:183} INFO - Processing /Users/ehabhasan/.venvs/airflow310/lib/python3.10/site-packages/airflow/example_dags/example_dynamic_task_mapping_with_no_taskflow_operators.py took 0.058 seconds
[2025-08-19T17:22:23.069+0200] {processor.py:161} INFO - Started process (PID=11683) to work on /Users/ehabhasan/.venvs/airflow310/lib/python3.10/site-packages/airflow/example_dags/example_dynamic_task_mapping_with_no_taskflow_operators.py
[2025-08-19T17:22:23.070+0200] {processor.py:830} INFO - Processing file /Users/ehabhasan/.venvs/airflow310/lib/python3.10/site-packages/airflow/example_dags/example_dynamic_task_mapping_with_no_taskflow_operators.py for tasks to queue
[2025-08-19T17:22:23.070+0200] {logging_mixin.py:188} INFO - [2025-08-19T17:22:23.070+0200] {dagbag.py:545} INFO - Filling up the DagBag from /Users/ehabhasan/.venvs/airflow310/lib/python3.10/site-packages/airflow/example_dags/example_dynamic_task_mapping_with_no_taskflow_operators.py
[2025-08-19T17:22:23.072+0200] {processor.py:840} INFO - DAG(s) 'example_dynamic_task_mapping_with_no_taskflow_operators' retrieved from /Users/ehabhasan/.venvs/airflow310/lib/python3.10/site-packages/airflow/example_dags/example_dynamic_task_mapping_with_no_taskflow_operators.py
[2025-08-19T17:22:23.109+0200] {logging_mixin.py:188} INFO - [2025-08-19T17:22:23.109+0200] {dag.py:3089} INFO - Sync 1 DAGs
[2025-08-19T17:22:23.115+0200] {logging_mixin.py:188} INFO - [2025-08-19T17:22:23.114+0200] {dag.py:3947} INFO - Setting next_dagrun for example_dynamic_task_mapping_with_no_taskflow_operators to 2025-08-18 00:00:00+00:00, run_after=2025-08-19 00:00:00+00:00
[2025-08-19T17:22:23.121+0200] {processor.py:183} INFO - Processing /Users/ehabhasan/.venvs/airflow310/lib/python3.10/site-packages/airflow/example_dags/example_dynamic_task_mapping_with_no_taskflow_operators.py took 0.054 seconds
[2025-08-19T17:24:08.643+0200] {processor.py:161} INFO - Started process (PID=11763) to work on /Users/ehabhasan/.venvs/airflow310/lib/python3.10/site-packages/airflow/example_dags/example_dynamic_task_mapping_with_no_taskflow_operators.py
[2025-08-19T17:24:08.644+0200] {processor.py:830} INFO - Processing file /Users/ehabhasan/.venvs/airflow310/lib/python3.10/site-packages/airflow/example_dags/example_dynamic_task_mapping_with_no_taskflow_operators.py for tasks to queue
[2025-08-19T17:24:08.644+0200] {logging_mixin.py:188} INFO - [2025-08-19T17:24:08.644+0200] {dagbag.py:545} INFO - Filling up the DagBag from /Users/ehabhasan/.venvs/airflow310/lib/python3.10/site-packages/airflow/example_dags/example_dynamic_task_mapping_with_no_taskflow_operators.py
[2025-08-19T17:24:08.647+0200] {processor.py:840} INFO - DAG(s) 'example_dynamic_task_mapping_with_no_taskflow_operators' retrieved from /Users/ehabhasan/.venvs/airflow310/lib/python3.10/site-packages/airflow/example_dags/example_dynamic_task_mapping_with_no_taskflow_operators.py
[2025-08-19T17:24:08.685+0200] {logging_mixin.py:188} INFO - [2025-08-19T17:24:08.685+0200] {dag.py:3089} INFO - Sync 1 DAGs
[2025-08-19T17:24:08.691+0200] {logging_mixin.py:188} INFO - [2025-08-19T17:24:08.691+0200] {dag.py:3947} INFO - Setting next_dagrun for example_dynamic_task_mapping_with_no_taskflow_operators to 2025-08-18 00:00:00+00:00, run_after=2025-08-19 00:00:00+00:00
[2025-08-19T17:24:08.698+0200] {processor.py:183} INFO - Processing /Users/ehabhasan/.venvs/airflow310/lib/python3.10/site-packages/airflow/example_dags/example_dynamic_task_mapping_with_no_taskflow_operators.py took 0.056 seconds
[2025-08-19T17:25:55.032+0200] {processor.py:161} INFO - Started process (PID=11846) to work on /Users/ehabhasan/.venvs/airflow310/lib/python3.10/site-packages/airflow/example_dags/example_dynamic_task_mapping_with_no_taskflow_operators.py
[2025-08-19T17:25:55.033+0200] {processor.py:830} INFO - Processing file /Users/ehabhasan/.venvs/airflow310/lib/python3.10/site-packages/airflow/example_dags/example_dynamic_task_mapping_with_no_taskflow_operators.py for tasks to queue
[2025-08-19T17:25:55.033+0200] {logging_mixin.py:188} INFO - [2025-08-19T17:25:55.033+0200] {dagbag.py:545} INFO - Filling up the DagBag from /Users/ehabhasan/.venvs/airflow310/lib/python3.10/site-packages/airflow/example_dags/example_dynamic_task_mapping_with_no_taskflow_operators.py
[2025-08-19T17:25:55.035+0200] {processor.py:840} INFO - DAG(s) 'example_dynamic_task_mapping_with_no_taskflow_operators' retrieved from /Users/ehabhasan/.venvs/airflow310/lib/python3.10/site-packages/airflow/example_dags/example_dynamic_task_mapping_with_no_taskflow_operators.py
[2025-08-19T17:25:55.070+0200] {logging_mixin.py:188} INFO - [2025-08-19T17:25:55.070+0200] {dag.py:3089} INFO - Sync 1 DAGs
[2025-08-19T17:25:55.076+0200] {logging_mixin.py:188} INFO - [2025-08-19T17:25:55.076+0200] {dag.py:3947} INFO - Setting next_dagrun for example_dynamic_task_mapping_with_no_taskflow_operators to 2025-08-18 00:00:00+00:00, run_after=2025-08-19 00:00:00+00:00
[2025-08-19T17:25:55.082+0200] {processor.py:183} INFO - Processing /Users/ehabhasan/.venvs/airflow310/lib/python3.10/site-packages/airflow/example_dags/example_dynamic_task_mapping_with_no_taskflow_operators.py took 0.052 seconds
[2025-08-19T17:27:46.034+0200] {processor.py:161} INFO - Started process (PID=11925) to work on /Users/ehabhasan/.venvs/airflow310/lib/python3.10/site-packages/airflow/example_dags/example_dynamic_task_mapping_with_no_taskflow_operators.py
[2025-08-19T17:27:46.035+0200] {processor.py:830} INFO - Processing file /Users/ehabhasan/.venvs/airflow310/lib/python3.10/site-packages/airflow/example_dags/example_dynamic_task_mapping_with_no_taskflow_operators.py for tasks to queue
[2025-08-19T17:27:46.038+0200] {logging_mixin.py:188} INFO - [2025-08-19T17:27:46.038+0200] {dagbag.py:545} INFO - Filling up the DagBag from /Users/ehabhasan/.venvs/airflow310/lib/python3.10/site-packages/airflow/example_dags/example_dynamic_task_mapping_with_no_taskflow_operators.py
[2025-08-19T17:27:46.041+0200] {processor.py:840} INFO - DAG(s) 'example_dynamic_task_mapping_with_no_taskflow_operators' retrieved from /Users/ehabhasan/.venvs/airflow310/lib/python3.10/site-packages/airflow/example_dags/example_dynamic_task_mapping_with_no_taskflow_operators.py
[2025-08-19T17:27:46.079+0200] {logging_mixin.py:188} INFO - [2025-08-19T17:27:46.078+0200] {dag.py:3089} INFO - Sync 1 DAGs
[2025-08-19T17:27:46.084+0200] {logging_mixin.py:188} INFO - [2025-08-19T17:27:46.084+0200] {dag.py:3947} INFO - Setting next_dagrun for example_dynamic_task_mapping_with_no_taskflow_operators to 2025-08-18 00:00:00+00:00, run_after=2025-08-19 00:00:00+00:00
[2025-08-19T17:27:46.090+0200] {processor.py:183} INFO - Processing /Users/ehabhasan/.venvs/airflow310/lib/python3.10/site-packages/airflow/example_dags/example_dynamic_task_mapping_with_no_taskflow_operators.py took 0.058 seconds
[2025-08-19T17:29:36.580+0200] {processor.py:161} INFO - Started process (PID=12012) to work on /Users/ehabhasan/.venvs/airflow310/lib/python3.10/site-packages/airflow/example_dags/example_dynamic_task_mapping_with_no_taskflow_operators.py
[2025-08-19T17:29:36.581+0200] {processor.py:830} INFO - Processing file /Users/ehabhasan/.venvs/airflow310/lib/python3.10/site-packages/airflow/example_dags/example_dynamic_task_mapping_with_no_taskflow_operators.py for tasks to queue
[2025-08-19T17:29:36.581+0200] {logging_mixin.py:188} INFO - [2025-08-19T17:29:36.581+0200] {dagbag.py:545} INFO - Filling up the DagBag from /Users/ehabhasan/.venvs/airflow310/lib/python3.10/site-packages/airflow/example_dags/example_dynamic_task_mapping_with_no_taskflow_operators.py
[2025-08-19T17:29:36.583+0200] {processor.py:840} INFO - DAG(s) 'example_dynamic_task_mapping_with_no_taskflow_operators' retrieved from /Users/ehabhasan/.venvs/airflow310/lib/python3.10/site-packages/airflow/example_dags/example_dynamic_task_mapping_with_no_taskflow_operators.py
[2025-08-19T17:29:36.621+0200] {logging_mixin.py:188} INFO - [2025-08-19T17:29:36.621+0200] {dag.py:3089} INFO - Sync 1 DAGs
[2025-08-19T17:29:36.627+0200] {logging_mixin.py:188} INFO - [2025-08-19T17:29:36.627+0200] {dag.py:3947} INFO - Setting next_dagrun for example_dynamic_task_mapping_with_no_taskflow_operators to 2025-08-18 00:00:00+00:00, run_after=2025-08-19 00:00:00+00:00
[2025-08-19T17:29:36.634+0200] {processor.py:183} INFO - Processing /Users/ehabhasan/.venvs/airflow310/lib/python3.10/site-packages/airflow/example_dags/example_dynamic_task_mapping_with_no_taskflow_operators.py took 0.055 seconds
[2025-08-19T17:31:26.341+0200] {processor.py:161} INFO - Started process (PID=13937) to work on /Users/ehabhasan/.venvs/airflow310/lib/python3.10/site-packages/airflow/example_dags/example_dynamic_task_mapping_with_no_taskflow_operators.py
[2025-08-19T17:31:26.342+0200] {processor.py:830} INFO - Processing file /Users/ehabhasan/.venvs/airflow310/lib/python3.10/site-packages/airflow/example_dags/example_dynamic_task_mapping_with_no_taskflow_operators.py for tasks to queue
[2025-08-19T17:31:26.342+0200] {logging_mixin.py:188} INFO - [2025-08-19T17:31:26.342+0200] {dagbag.py:545} INFO - Filling up the DagBag from /Users/ehabhasan/.venvs/airflow310/lib/python3.10/site-packages/airflow/example_dags/example_dynamic_task_mapping_with_no_taskflow_operators.py
[2025-08-19T17:31:26.345+0200] {processor.py:840} INFO - DAG(s) 'example_dynamic_task_mapping_with_no_taskflow_operators' retrieved from /Users/ehabhasan/.venvs/airflow310/lib/python3.10/site-packages/airflow/example_dags/example_dynamic_task_mapping_with_no_taskflow_operators.py
[2025-08-19T17:31:26.383+0200] {logging_mixin.py:188} INFO - [2025-08-19T17:31:26.383+0200] {dag.py:3089} INFO - Sync 1 DAGs
[2025-08-19T17:31:26.389+0200] {logging_mixin.py:188} INFO - [2025-08-19T17:31:26.389+0200] {dag.py:3947} INFO - Setting next_dagrun for example_dynamic_task_mapping_with_no_taskflow_operators to 2025-08-18 00:00:00+00:00, run_after=2025-08-19 00:00:00+00:00
[2025-08-19T17:31:26.395+0200] {processor.py:183} INFO - Processing /Users/ehabhasan/.venvs/airflow310/lib/python3.10/site-packages/airflow/example_dags/example_dynamic_task_mapping_with_no_taskflow_operators.py took 0.056 seconds
[2025-08-19T17:33:19.009+0200] {processor.py:161} INFO - Started process (PID=14193) to work on /Users/ehabhasan/.venvs/airflow310/lib/python3.10/site-packages/airflow/example_dags/example_dynamic_task_mapping_with_no_taskflow_operators.py
[2025-08-19T17:33:19.009+0200] {processor.py:830} INFO - Processing file /Users/ehabhasan/.venvs/airflow310/lib/python3.10/site-packages/airflow/example_dags/example_dynamic_task_mapping_with_no_taskflow_operators.py for tasks to queue
[2025-08-19T17:33:19.009+0200] {logging_mixin.py:188} INFO - [2025-08-19T17:33:19.009+0200] {dagbag.py:545} INFO - Filling up the DagBag from /Users/ehabhasan/.venvs/airflow310/lib/python3.10/site-packages/airflow/example_dags/example_dynamic_task_mapping_with_no_taskflow_operators.py
[2025-08-19T17:33:19.012+0200] {processor.py:840} INFO - DAG(s) 'example_dynamic_task_mapping_with_no_taskflow_operators' retrieved from /Users/ehabhasan/.venvs/airflow310/lib/python3.10/site-packages/airflow/example_dags/example_dynamic_task_mapping_with_no_taskflow_operators.py
[2025-08-19T17:33:19.047+0200] {logging_mixin.py:188} INFO - [2025-08-19T17:33:19.047+0200] {dag.py:3089} INFO - Sync 1 DAGs
[2025-08-19T17:33:19.052+0200] {logging_mixin.py:188} INFO - [2025-08-19T17:33:19.052+0200] {dag.py:3947} INFO - Setting next_dagrun for example_dynamic_task_mapping_with_no_taskflow_operators to 2025-08-18 00:00:00+00:00, run_after=2025-08-19 00:00:00+00:00
[2025-08-19T17:33:19.058+0200] {processor.py:183} INFO - Processing /Users/ehabhasan/.venvs/airflow310/lib/python3.10/site-packages/airflow/example_dags/example_dynamic_task_mapping_with_no_taskflow_operators.py took 0.051 seconds
[2025-08-19T17:35:03.681+0200] {processor.py:161} INFO - Started process (PID=14289) to work on /Users/ehabhasan/.venvs/airflow310/lib/python3.10/site-packages/airflow/example_dags/example_dynamic_task_mapping_with_no_taskflow_operators.py
[2025-08-19T17:35:03.682+0200] {processor.py:830} INFO - Processing file /Users/ehabhasan/.venvs/airflow310/lib/python3.10/site-packages/airflow/example_dags/example_dynamic_task_mapping_with_no_taskflow_operators.py for tasks to queue
[2025-08-19T17:35:03.682+0200] {logging_mixin.py:188} INFO - [2025-08-19T17:35:03.682+0200] {dagbag.py:545} INFO - Filling up the DagBag from /Users/ehabhasan/.venvs/airflow310/lib/python3.10/site-packages/airflow/example_dags/example_dynamic_task_mapping_with_no_taskflow_operators.py
[2025-08-19T17:35:03.684+0200] {processor.py:840} INFO - DAG(s) 'example_dynamic_task_mapping_with_no_taskflow_operators' retrieved from /Users/ehabhasan/.venvs/airflow310/lib/python3.10/site-packages/airflow/example_dags/example_dynamic_task_mapping_with_no_taskflow_operators.py
[2025-08-19T17:35:03.719+0200] {logging_mixin.py:188} INFO - [2025-08-19T17:35:03.719+0200] {dag.py:3089} INFO - Sync 1 DAGs
[2025-08-19T17:35:03.725+0200] {logging_mixin.py:188} INFO - [2025-08-19T17:35:03.725+0200] {dag.py:3947} INFO - Setting next_dagrun for example_dynamic_task_mapping_with_no_taskflow_operators to 2025-08-18 00:00:00+00:00, run_after=2025-08-19 00:00:00+00:00
[2025-08-19T17:35:03.731+0200] {processor.py:183} INFO - Processing /Users/ehabhasan/.venvs/airflow310/lib/python3.10/site-packages/airflow/example_dags/example_dynamic_task_mapping_with_no_taskflow_operators.py took 0.051 seconds
[2025-08-19T17:36:58.999+0200] {processor.py:161} INFO - Started process (PID=14513) to work on /Users/ehabhasan/.venvs/airflow310/lib/python3.10/site-packages/airflow/example_dags/example_dynamic_task_mapping_with_no_taskflow_operators.py
[2025-08-19T17:36:59.000+0200] {processor.py:830} INFO - Processing file /Users/ehabhasan/.venvs/airflow310/lib/python3.10/site-packages/airflow/example_dags/example_dynamic_task_mapping_with_no_taskflow_operators.py for tasks to queue
[2025-08-19T17:36:59.000+0200] {logging_mixin.py:188} INFO - [2025-08-19T17:36:59.000+0200] {dagbag.py:545} INFO - Filling up the DagBag from /Users/ehabhasan/.venvs/airflow310/lib/python3.10/site-packages/airflow/example_dags/example_dynamic_task_mapping_with_no_taskflow_operators.py
[2025-08-19T17:36:59.002+0200] {processor.py:840} INFO - DAG(s) 'example_dynamic_task_mapping_with_no_taskflow_operators' retrieved from /Users/ehabhasan/.venvs/airflow310/lib/python3.10/site-packages/airflow/example_dags/example_dynamic_task_mapping_with_no_taskflow_operators.py
[2025-08-19T17:36:59.038+0200] {logging_mixin.py:188} INFO - [2025-08-19T17:36:59.037+0200] {dag.py:3089} INFO - Sync 1 DAGs
[2025-08-19T17:36:59.043+0200] {logging_mixin.py:188} INFO - [2025-08-19T17:36:59.043+0200] {dag.py:3947} INFO - Setting next_dagrun for example_dynamic_task_mapping_with_no_taskflow_operators to 2025-08-18 00:00:00+00:00, run_after=2025-08-19 00:00:00+00:00
[2025-08-19T17:36:59.049+0200] {processor.py:183} INFO - Processing /Users/ehabhasan/.venvs/airflow310/lib/python3.10/site-packages/airflow/example_dags/example_dynamic_task_mapping_with_no_taskflow_operators.py took 0.051 seconds
[2025-08-19T17:38:58.153+0200] {processor.py:161} INFO - Started process (PID=14740) to work on /Users/ehabhasan/.venvs/airflow310/lib/python3.10/site-packages/airflow/example_dags/example_dynamic_task_mapping_with_no_taskflow_operators.py
[2025-08-19T17:38:58.153+0200] {processor.py:830} INFO - Processing file /Users/ehabhasan/.venvs/airflow310/lib/python3.10/site-packages/airflow/example_dags/example_dynamic_task_mapping_with_no_taskflow_operators.py for tasks to queue
[2025-08-19T17:38:58.154+0200] {logging_mixin.py:188} INFO - [2025-08-19T17:38:58.154+0200] {dagbag.py:545} INFO - Filling up the DagBag from /Users/ehabhasan/.venvs/airflow310/lib/python3.10/site-packages/airflow/example_dags/example_dynamic_task_mapping_with_no_taskflow_operators.py
[2025-08-19T17:38:58.156+0200] {processor.py:840} INFO - DAG(s) 'example_dynamic_task_mapping_with_no_taskflow_operators' retrieved from /Users/ehabhasan/.venvs/airflow310/lib/python3.10/site-packages/airflow/example_dags/example_dynamic_task_mapping_with_no_taskflow_operators.py
[2025-08-19T17:38:58.191+0200] {logging_mixin.py:188} INFO - [2025-08-19T17:38:58.191+0200] {dag.py:3089} INFO - Sync 1 DAGs
[2025-08-19T17:38:58.197+0200] {logging_mixin.py:188} INFO - [2025-08-19T17:38:58.197+0200] {dag.py:3947} INFO - Setting next_dagrun for example_dynamic_task_mapping_with_no_taskflow_operators to 2025-08-18 00:00:00+00:00, run_after=2025-08-19 00:00:00+00:00
[2025-08-19T17:38:58.203+0200] {processor.py:183} INFO - Processing /Users/ehabhasan/.venvs/airflow310/lib/python3.10/site-packages/airflow/example_dags/example_dynamic_task_mapping_with_no_taskflow_operators.py took 0.052 seconds
[2025-08-19T17:44:36.935+0200] {processor.py:161} INFO - Started process (PID=14912) to work on /Users/ehabhasan/.venvs/airflow310/lib/python3.10/site-packages/airflow/example_dags/example_dynamic_task_mapping_with_no_taskflow_operators.py
[2025-08-19T17:44:36.935+0200] {processor.py:830} INFO - Processing file /Users/ehabhasan/.venvs/airflow310/lib/python3.10/site-packages/airflow/example_dags/example_dynamic_task_mapping_with_no_taskflow_operators.py for tasks to queue
[2025-08-19T17:44:36.936+0200] {logging_mixin.py:188} INFO - [2025-08-19T17:44:36.936+0200] {dagbag.py:545} INFO - Filling up the DagBag from /Users/ehabhasan/.venvs/airflow310/lib/python3.10/site-packages/airflow/example_dags/example_dynamic_task_mapping_with_no_taskflow_operators.py
[2025-08-19T17:44:36.939+0200] {processor.py:840} INFO - DAG(s) 'example_dynamic_task_mapping_with_no_taskflow_operators' retrieved from /Users/ehabhasan/.venvs/airflow310/lib/python3.10/site-packages/airflow/example_dags/example_dynamic_task_mapping_with_no_taskflow_operators.py
[2025-08-19T17:44:36.980+0200] {logging_mixin.py:188} INFO - [2025-08-19T17:44:36.980+0200] {dag.py:3089} INFO - Sync 1 DAGs
[2025-08-19T17:44:36.985+0200] {logging_mixin.py:188} INFO - [2025-08-19T17:44:36.985+0200] {dag.py:3947} INFO - Setting next_dagrun for example_dynamic_task_mapping_with_no_taskflow_operators to 2025-08-18 00:00:00+00:00, run_after=2025-08-19 00:00:00+00:00
[2025-08-19T17:44:36.991+0200] {processor.py:183} INFO - Processing /Users/ehabhasan/.venvs/airflow310/lib/python3.10/site-packages/airflow/example_dags/example_dynamic_task_mapping_with_no_taskflow_operators.py took 0.059 seconds
[2025-08-19T17:46:36.649+0200] {processor.py:161} INFO - Started process (PID=15027) to work on /Users/ehabhasan/.venvs/airflow310/lib/python3.10/site-packages/airflow/example_dags/example_dynamic_task_mapping_with_no_taskflow_operators.py
[2025-08-19T17:46:36.650+0200] {processor.py:830} INFO - Processing file /Users/ehabhasan/.venvs/airflow310/lib/python3.10/site-packages/airflow/example_dags/example_dynamic_task_mapping_with_no_taskflow_operators.py for tasks to queue
[2025-08-19T17:46:36.650+0200] {logging_mixin.py:188} INFO - [2025-08-19T17:46:36.650+0200] {dagbag.py:545} INFO - Filling up the DagBag from /Users/ehabhasan/.venvs/airflow310/lib/python3.10/site-packages/airflow/example_dags/example_dynamic_task_mapping_with_no_taskflow_operators.py
[2025-08-19T17:46:36.652+0200] {processor.py:840} INFO - DAG(s) 'example_dynamic_task_mapping_with_no_taskflow_operators' retrieved from /Users/ehabhasan/.venvs/airflow310/lib/python3.10/site-packages/airflow/example_dags/example_dynamic_task_mapping_with_no_taskflow_operators.py
[2025-08-19T17:46:36.688+0200] {logging_mixin.py:188} INFO - [2025-08-19T17:46:36.688+0200] {dag.py:3089} INFO - Sync 1 DAGs
[2025-08-19T17:46:36.693+0200] {logging_mixin.py:188} INFO - [2025-08-19T17:46:36.693+0200] {dag.py:3947} INFO - Setting next_dagrun for example_dynamic_task_mapping_with_no_taskflow_operators to 2025-08-18 00:00:00+00:00, run_after=2025-08-19 00:00:00+00:00
[2025-08-19T17:46:36.699+0200] {processor.py:183} INFO - Processing /Users/ehabhasan/.venvs/airflow310/lib/python3.10/site-packages/airflow/example_dags/example_dynamic_task_mapping_with_no_taskflow_operators.py took 0.051 seconds
[2025-08-19T17:48:35.802+0200] {processor.py:161} INFO - Started process (PID=15119) to work on /Users/ehabhasan/.venvs/airflow310/lib/python3.10/site-packages/airflow/example_dags/example_dynamic_task_mapping_with_no_taskflow_operators.py
[2025-08-19T17:48:35.802+0200] {processor.py:830} INFO - Processing file /Users/ehabhasan/.venvs/airflow310/lib/python3.10/site-packages/airflow/example_dags/example_dynamic_task_mapping_with_no_taskflow_operators.py for tasks to queue
[2025-08-19T17:48:35.803+0200] {logging_mixin.py:188} INFO - [2025-08-19T17:48:35.802+0200] {dagbag.py:545} INFO - Filling up the DagBag from /Users/ehabhasan/.venvs/airflow310/lib/python3.10/site-packages/airflow/example_dags/example_dynamic_task_mapping_with_no_taskflow_operators.py
[2025-08-19T17:48:35.805+0200] {processor.py:840} INFO - DAG(s) 'example_dynamic_task_mapping_with_no_taskflow_operators' retrieved from /Users/ehabhasan/.venvs/airflow310/lib/python3.10/site-packages/airflow/example_dags/example_dynamic_task_mapping_with_no_taskflow_operators.py
[2025-08-19T17:48:35.840+0200] {logging_mixin.py:188} INFO - [2025-08-19T17:48:35.840+0200] {dag.py:3089} INFO - Sync 1 DAGs
[2025-08-19T17:48:35.846+0200] {logging_mixin.py:188} INFO - [2025-08-19T17:48:35.846+0200] {dag.py:3947} INFO - Setting next_dagrun for example_dynamic_task_mapping_with_no_taskflow_operators to 2025-08-18 00:00:00+00:00, run_after=2025-08-19 00:00:00+00:00
[2025-08-19T17:48:35.852+0200] {processor.py:183} INFO - Processing /Users/ehabhasan/.venvs/airflow310/lib/python3.10/site-packages/airflow/example_dags/example_dynamic_task_mapping_with_no_taskflow_operators.py took 0.052 seconds
