[2025-08-19T16:47:59.121+0200] {processor.py:161} INFO - Started process (PID=7623) to work on /Users/ehabhasan/.venvs/airflow310/lib/python3.10/site-packages/airflow/example_dags/tutorial_taskflow_api.py
[2025-08-19T16:47:59.121+0200] {processor.py:830} INFO - Processing file /Users/ehabhasan/.venvs/airflow310/lib/python3.10/site-packages/airflow/example_dags/tutorial_taskflow_api.py for tasks to queue
[2025-08-19T16:47:59.122+0200] {logging_mixin.py:188} INFO - [2025-08-19T16:47:59.121+0200] {dagbag.py:545} INFO - Filling up the DagBag from /Users/ehabhasan/.venvs/airflow310/lib/python3.10/site-packages/airflow/example_dags/tutorial_taskflow_api.py
[2025-08-19T16:47:59.135+0200] {processor.py:840} INFO - DAG(s) 'tutorial_taskflow_api' retrieved from /Users/ehabhasan/.venvs/airflow310/lib/python3.10/site-packages/airflow/example_dags/tutorial_taskflow_api.py
[2025-08-19T16:47:59.140+0200] {logging_mixin.py:188} INFO - [2025-08-19T16:47:59.140+0200] {dag.py:3089} INFO - Sync 1 DAGs
[2025-08-19T16:47:59.169+0200] {logging_mixin.py:188} INFO - [2025-08-19T16:47:59.169+0200] {dag.py:3947} INFO - Setting next_dagrun for tutorial_taskflow_api to None, run_after=None
[2025-08-19T16:47:59.197+0200] {processor.py:183} INFO - Processing /Users/ehabhasan/.venvs/airflow310/lib/python3.10/site-packages/airflow/example_dags/tutorial_taskflow_api.py took 0.077 seconds
[2025-08-19T16:49:18.760+0200] {processor.py:161} INFO - Started process (PID=7679) to work on /Users/ehabhasan/.venvs/airflow310/lib/python3.10/site-packages/airflow/example_dags/tutorial_taskflow_api.py
[2025-08-19T16:49:18.762+0200] {processor.py:830} INFO - Processing file /Users/ehabhasan/.venvs/airflow310/lib/python3.10/site-packages/airflow/example_dags/tutorial_taskflow_api.py for tasks to queue
[2025-08-19T16:49:18.762+0200] {logging_mixin.py:188} INFO - [2025-08-19T16:49:18.762+0200] {dagbag.py:545} INFO - Filling up the DagBag from /Users/ehabhasan/.venvs/airflow310/lib/python3.10/site-packages/airflow/example_dags/tutorial_taskflow_api.py
[2025-08-19T16:49:18.775+0200] {processor.py:840} INFO - DAG(s) 'tutorial_taskflow_api' retrieved from /Users/ehabhasan/.venvs/airflow310/lib/python3.10/site-packages/airflow/example_dags/tutorial_taskflow_api.py
[2025-08-19T16:49:18.857+0200] {logging_mixin.py:188} INFO - [2025-08-19T16:49:18.856+0200] {dag.py:3089} INFO - Sync 1 DAGs
[2025-08-19T16:49:18.860+0200] {logging_mixin.py:188} INFO - [2025-08-19T16:49:18.859+0200] {dag.py:3947} INFO - Setting next_dagrun for tutorial_taskflow_api to None, run_after=None
[2025-08-19T16:49:18.867+0200] {processor.py:183} INFO - Processing /Users/ehabhasan/.venvs/airflow310/lib/python3.10/site-packages/airflow/example_dags/tutorial_taskflow_api.py took 0.108 seconds
[2025-08-19T16:50:07.377+0200] {processor.py:161} INFO - Started process (PID=7718) to work on /Users/ehabhasan/.venvs/airflow310/lib/python3.10/site-packages/airflow/example_dags/tutorial_taskflow_api.py
[2025-08-19T16:50:07.377+0200] {processor.py:830} INFO - Processing file /Users/ehabhasan/.venvs/airflow310/lib/python3.10/site-packages/airflow/example_dags/tutorial_taskflow_api.py for tasks to queue
[2025-08-19T16:50:07.377+0200] {logging_mixin.py:188} INFO - [2025-08-19T16:50:07.377+0200] {dagbag.py:545} INFO - Filling up the DagBag from /Users/ehabhasan/.venvs/airflow310/lib/python3.10/site-packages/airflow/example_dags/tutorial_taskflow_api.py
[2025-08-19T16:50:07.391+0200] {processor.py:840} INFO - DAG(s) 'tutorial_taskflow_api' retrieved from /Users/ehabhasan/.venvs/airflow310/lib/python3.10/site-packages/airflow/example_dags/tutorial_taskflow_api.py
[2025-08-19T16:50:07.425+0200] {logging_mixin.py:188} INFO - [2025-08-19T16:50:07.425+0200] {dag.py:3089} INFO - Sync 1 DAGs
[2025-08-19T16:50:07.448+0200] {logging_mixin.py:188} INFO - [2025-08-19T16:50:07.448+0200] {dag.py:3947} INFO - Setting next_dagrun for tutorial_taskflow_api to None, run_after=None
[2025-08-19T16:50:07.455+0200] {processor.py:183} INFO - Processing /Users/ehabhasan/.venvs/airflow310/lib/python3.10/site-packages/airflow/example_dags/tutorial_taskflow_api.py took 0.080 seconds
[2025-08-19T16:50:51.809+0200] {processor.py:161} INFO - Started process (PID=7753) to work on /Users/ehabhasan/.venvs/airflow310/lib/python3.10/site-packages/airflow/example_dags/tutorial_taskflow_api.py
[2025-08-19T16:50:51.809+0200] {processor.py:830} INFO - Processing file /Users/ehabhasan/.venvs/airflow310/lib/python3.10/site-packages/airflow/example_dags/tutorial_taskflow_api.py for tasks to queue
[2025-08-19T16:50:51.810+0200] {logging_mixin.py:188} INFO - [2025-08-19T16:50:51.810+0200] {dagbag.py:545} INFO - Filling up the DagBag from /Users/ehabhasan/.venvs/airflow310/lib/python3.10/site-packages/airflow/example_dags/tutorial_taskflow_api.py
[2025-08-19T16:50:51.823+0200] {processor.py:840} INFO - DAG(s) 'tutorial_taskflow_api' retrieved from /Users/ehabhasan/.venvs/airflow310/lib/python3.10/site-packages/airflow/example_dags/tutorial_taskflow_api.py
[2025-08-19T16:50:51.857+0200] {logging_mixin.py:188} INFO - [2025-08-19T16:50:51.857+0200] {dag.py:3089} INFO - Sync 1 DAGs
[2025-08-19T16:50:51.880+0200] {logging_mixin.py:188} INFO - [2025-08-19T16:50:51.880+0200] {dag.py:3947} INFO - Setting next_dagrun for tutorial_taskflow_api to None, run_after=None
[2025-08-19T16:50:51.886+0200] {processor.py:183} INFO - Processing /Users/ehabhasan/.venvs/airflow310/lib/python3.10/site-packages/airflow/example_dags/tutorial_taskflow_api.py took 0.079 seconds
[2025-08-19T16:51:40.939+0200] {processor.py:161} INFO - Started process (PID=7784) to work on /Users/ehabhasan/.venvs/airflow310/lib/python3.10/site-packages/airflow/example_dags/tutorial_taskflow_api.py
[2025-08-19T16:51:40.939+0200] {processor.py:830} INFO - Processing file /Users/ehabhasan/.venvs/airflow310/lib/python3.10/site-packages/airflow/example_dags/tutorial_taskflow_api.py for tasks to queue
[2025-08-19T16:51:40.939+0200] {logging_mixin.py:188} INFO - [2025-08-19T16:51:40.939+0200] {dagbag.py:545} INFO - Filling up the DagBag from /Users/ehabhasan/.venvs/airflow310/lib/python3.10/site-packages/airflow/example_dags/tutorial_taskflow_api.py
[2025-08-19T16:51:40.952+0200] {processor.py:840} INFO - DAG(s) 'tutorial_taskflow_api' retrieved from /Users/ehabhasan/.venvs/airflow310/lib/python3.10/site-packages/airflow/example_dags/tutorial_taskflow_api.py
[2025-08-19T16:51:40.987+0200] {logging_mixin.py:188} INFO - [2025-08-19T16:51:40.987+0200] {dag.py:3089} INFO - Sync 1 DAGs
[2025-08-19T16:51:41.010+0200] {logging_mixin.py:188} INFO - [2025-08-19T16:51:41.009+0200] {dag.py:3947} INFO - Setting next_dagrun for tutorial_taskflow_api to None, run_after=None
[2025-08-19T16:51:41.016+0200] {processor.py:183} INFO - Processing /Users/ehabhasan/.venvs/airflow310/lib/python3.10/site-packages/airflow/example_dags/tutorial_taskflow_api.py took 0.079 seconds
[2025-08-19T16:52:31.211+0200] {processor.py:161} INFO - Started process (PID=7822) to work on /Users/ehabhasan/.venvs/airflow310/lib/python3.10/site-packages/airflow/example_dags/tutorial_taskflow_api.py
[2025-08-19T16:52:31.211+0200] {processor.py:830} INFO - Processing file /Users/ehabhasan/.venvs/airflow310/lib/python3.10/site-packages/airflow/example_dags/tutorial_taskflow_api.py for tasks to queue
[2025-08-19T16:52:31.212+0200] {logging_mixin.py:188} INFO - [2025-08-19T16:52:31.212+0200] {dagbag.py:545} INFO - Filling up the DagBag from /Users/ehabhasan/.venvs/airflow310/lib/python3.10/site-packages/airflow/example_dags/tutorial_taskflow_api.py
[2025-08-19T16:52:31.224+0200] {processor.py:840} INFO - DAG(s) 'tutorial_taskflow_api' retrieved from /Users/ehabhasan/.venvs/airflow310/lib/python3.10/site-packages/airflow/example_dags/tutorial_taskflow_api.py
[2025-08-19T16:52:31.258+0200] {logging_mixin.py:188} INFO - [2025-08-19T16:52:31.258+0200] {dag.py:3089} INFO - Sync 1 DAGs
[2025-08-19T16:52:31.281+0200] {logging_mixin.py:188} INFO - [2025-08-19T16:52:31.281+0200] {dag.py:3947} INFO - Setting next_dagrun for tutorial_taskflow_api to None, run_after=None
[2025-08-19T16:52:31.288+0200] {processor.py:183} INFO - Processing /Users/ehabhasan/.venvs/airflow310/lib/python3.10/site-packages/airflow/example_dags/tutorial_taskflow_api.py took 0.079 seconds
[2025-08-19T16:53:21.156+0200] {processor.py:161} INFO - Started process (PID=7860) to work on /Users/ehabhasan/.venvs/airflow310/lib/python3.10/site-packages/airflow/example_dags/tutorial_taskflow_api.py
[2025-08-19T16:53:21.156+0200] {processor.py:830} INFO - Processing file /Users/ehabhasan/.venvs/airflow310/lib/python3.10/site-packages/airflow/example_dags/tutorial_taskflow_api.py for tasks to queue
[2025-08-19T16:53:21.157+0200] {logging_mixin.py:188} INFO - [2025-08-19T16:53:21.157+0200] {dagbag.py:545} INFO - Filling up the DagBag from /Users/ehabhasan/.venvs/airflow310/lib/python3.10/site-packages/airflow/example_dags/tutorial_taskflow_api.py
[2025-08-19T16:53:21.170+0200] {processor.py:840} INFO - DAG(s) 'tutorial_taskflow_api' retrieved from /Users/ehabhasan/.venvs/airflow310/lib/python3.10/site-packages/airflow/example_dags/tutorial_taskflow_api.py
[2025-08-19T16:53:21.204+0200] {logging_mixin.py:188} INFO - [2025-08-19T16:53:21.204+0200] {dag.py:3089} INFO - Sync 1 DAGs
[2025-08-19T16:53:21.227+0200] {logging_mixin.py:188} INFO - [2025-08-19T16:53:21.227+0200] {dag.py:3947} INFO - Setting next_dagrun for tutorial_taskflow_api to None, run_after=None
[2025-08-19T16:53:21.234+0200] {processor.py:183} INFO - Processing /Users/ehabhasan/.venvs/airflow310/lib/python3.10/site-packages/airflow/example_dags/tutorial_taskflow_api.py took 0.080 seconds
[2025-08-19T16:54:08.379+0200] {processor.py:161} INFO - Started process (PID=7919) to work on /Users/ehabhasan/.venvs/airflow310/lib/python3.10/site-packages/airflow/example_dags/tutorial_taskflow_api.py
[2025-08-19T16:54:08.380+0200] {processor.py:830} INFO - Processing file /Users/ehabhasan/.venvs/airflow310/lib/python3.10/site-packages/airflow/example_dags/tutorial_taskflow_api.py for tasks to queue
[2025-08-19T16:54:08.380+0200] {logging_mixin.py:188} INFO - [2025-08-19T16:54:08.380+0200] {dagbag.py:545} INFO - Filling up the DagBag from /Users/ehabhasan/.venvs/airflow310/lib/python3.10/site-packages/airflow/example_dags/tutorial_taskflow_api.py
[2025-08-19T16:54:08.393+0200] {processor.py:840} INFO - DAG(s) 'tutorial_taskflow_api' retrieved from /Users/ehabhasan/.venvs/airflow310/lib/python3.10/site-packages/airflow/example_dags/tutorial_taskflow_api.py
[2025-08-19T16:54:08.427+0200] {logging_mixin.py:188} INFO - [2025-08-19T16:54:08.427+0200] {dag.py:3089} INFO - Sync 1 DAGs
[2025-08-19T16:54:08.450+0200] {logging_mixin.py:188} INFO - [2025-08-19T16:54:08.450+0200] {dag.py:3947} INFO - Setting next_dagrun for tutorial_taskflow_api to None, run_after=None
[2025-08-19T16:54:08.457+0200] {processor.py:183} INFO - Processing /Users/ehabhasan/.venvs/airflow310/lib/python3.10/site-packages/airflow/example_dags/tutorial_taskflow_api.py took 0.080 seconds
[2025-08-19T16:54:55.903+0200] {processor.py:161} INFO - Started process (PID=7969) to work on /Users/ehabhasan/.venvs/airflow310/lib/python3.10/site-packages/airflow/example_dags/tutorial_taskflow_api.py
[2025-08-19T16:54:55.904+0200] {processor.py:830} INFO - Processing file /Users/ehabhasan/.venvs/airflow310/lib/python3.10/site-packages/airflow/example_dags/tutorial_taskflow_api.py for tasks to queue
[2025-08-19T16:54:55.904+0200] {logging_mixin.py:188} INFO - [2025-08-19T16:54:55.904+0200] {dagbag.py:545} INFO - Filling up the DagBag from /Users/ehabhasan/.venvs/airflow310/lib/python3.10/site-packages/airflow/example_dags/tutorial_taskflow_api.py
[2025-08-19T16:54:55.917+0200] {processor.py:840} INFO - DAG(s) 'tutorial_taskflow_api' retrieved from /Users/ehabhasan/.venvs/airflow310/lib/python3.10/site-packages/airflow/example_dags/tutorial_taskflow_api.py
[2025-08-19T16:54:55.952+0200] {logging_mixin.py:188} INFO - [2025-08-19T16:54:55.952+0200] {dag.py:3089} INFO - Sync 1 DAGs
[2025-08-19T16:54:55.974+0200] {logging_mixin.py:188} INFO - [2025-08-19T16:54:55.974+0200] {dag.py:3947} INFO - Setting next_dagrun for tutorial_taskflow_api to None, run_after=None
[2025-08-19T16:54:55.981+0200] {processor.py:183} INFO - Processing /Users/ehabhasan/.venvs/airflow310/lib/python3.10/site-packages/airflow/example_dags/tutorial_taskflow_api.py took 0.080 seconds
[2025-08-19T16:55:43.705+0200] {processor.py:161} INFO - Started process (PID=8001) to work on /Users/ehabhasan/.venvs/airflow310/lib/python3.10/site-packages/airflow/example_dags/tutorial_taskflow_api.py
[2025-08-19T16:55:43.706+0200] {processor.py:830} INFO - Processing file /Users/ehabhasan/.venvs/airflow310/lib/python3.10/site-packages/airflow/example_dags/tutorial_taskflow_api.py for tasks to queue
[2025-08-19T16:55:43.706+0200] {logging_mixin.py:188} INFO - [2025-08-19T16:55:43.706+0200] {dagbag.py:545} INFO - Filling up the DagBag from /Users/ehabhasan/.venvs/airflow310/lib/python3.10/site-packages/airflow/example_dags/tutorial_taskflow_api.py
[2025-08-19T16:55:43.719+0200] {processor.py:840} INFO - DAG(s) 'tutorial_taskflow_api' retrieved from /Users/ehabhasan/.venvs/airflow310/lib/python3.10/site-packages/airflow/example_dags/tutorial_taskflow_api.py
[2025-08-19T16:55:43.753+0200] {logging_mixin.py:188} INFO - [2025-08-19T16:55:43.753+0200] {dag.py:3089} INFO - Sync 1 DAGs
[2025-08-19T16:55:43.776+0200] {logging_mixin.py:188} INFO - [2025-08-19T16:55:43.776+0200] {dag.py:3947} INFO - Setting next_dagrun for tutorial_taskflow_api to None, run_after=None
[2025-08-19T16:55:43.782+0200] {processor.py:183} INFO - Processing /Users/ehabhasan/.venvs/airflow310/lib/python3.10/site-packages/airflow/example_dags/tutorial_taskflow_api.py took 0.078 seconds
[2025-08-19T16:56:36.939+0200] {processor.py:161} INFO - Started process (PID=8040) to work on /Users/ehabhasan/.venvs/airflow310/lib/python3.10/site-packages/airflow/example_dags/tutorial_taskflow_api.py
[2025-08-19T16:56:36.939+0200] {processor.py:830} INFO - Processing file /Users/ehabhasan/.venvs/airflow310/lib/python3.10/site-packages/airflow/example_dags/tutorial_taskflow_api.py for tasks to queue
[2025-08-19T16:56:36.940+0200] {logging_mixin.py:188} INFO - [2025-08-19T16:56:36.939+0200] {dagbag.py:545} INFO - Filling up the DagBag from /Users/ehabhasan/.venvs/airflow310/lib/python3.10/site-packages/airflow/example_dags/tutorial_taskflow_api.py
[2025-08-19T16:56:36.953+0200] {processor.py:840} INFO - DAG(s) 'tutorial_taskflow_api' retrieved from /Users/ehabhasan/.venvs/airflow310/lib/python3.10/site-packages/airflow/example_dags/tutorial_taskflow_api.py
[2025-08-19T16:56:36.987+0200] {logging_mixin.py:188} INFO - [2025-08-19T16:56:36.987+0200] {dag.py:3089} INFO - Sync 1 DAGs
[2025-08-19T16:56:37.010+0200] {logging_mixin.py:188} INFO - [2025-08-19T16:56:37.010+0200] {dag.py:3947} INFO - Setting next_dagrun for tutorial_taskflow_api to None, run_after=None
[2025-08-19T16:56:37.016+0200] {processor.py:183} INFO - Processing /Users/ehabhasan/.venvs/airflow310/lib/python3.10/site-packages/airflow/example_dags/tutorial_taskflow_api.py took 0.079 seconds
[2025-08-19T16:57:32.178+0200] {processor.py:161} INFO - Started process (PID=8080) to work on /Users/ehabhasan/.venvs/airflow310/lib/python3.10/site-packages/airflow/example_dags/tutorial_taskflow_api.py
[2025-08-19T16:57:32.178+0200] {processor.py:830} INFO - Processing file /Users/ehabhasan/.venvs/airflow310/lib/python3.10/site-packages/airflow/example_dags/tutorial_taskflow_api.py for tasks to queue
[2025-08-19T16:57:32.178+0200] {logging_mixin.py:188} INFO - [2025-08-19T16:57:32.178+0200] {dagbag.py:545} INFO - Filling up the DagBag from /Users/ehabhasan/.venvs/airflow310/lib/python3.10/site-packages/airflow/example_dags/tutorial_taskflow_api.py
[2025-08-19T16:57:32.196+0200] {processor.py:840} INFO - DAG(s) 'tutorial_taskflow_api' retrieved from /Users/ehabhasan/.venvs/airflow310/lib/python3.10/site-packages/airflow/example_dags/tutorial_taskflow_api.py
[2025-08-19T16:57:32.238+0200] {logging_mixin.py:188} INFO - [2025-08-19T16:57:32.238+0200] {dag.py:3089} INFO - Sync 1 DAGs
[2025-08-19T16:57:32.261+0200] {logging_mixin.py:188} INFO - [2025-08-19T16:57:32.261+0200] {dag.py:3947} INFO - Setting next_dagrun for tutorial_taskflow_api to None, run_after=None
[2025-08-19T16:57:32.268+0200] {processor.py:183} INFO - Processing /Users/ehabhasan/.venvs/airflow310/lib/python3.10/site-packages/airflow/example_dags/tutorial_taskflow_api.py took 0.092 seconds
[2025-08-19T16:58:20.513+0200] {processor.py:161} INFO - Started process (PID=8118) to work on /Users/ehabhasan/.venvs/airflow310/lib/python3.10/site-packages/airflow/example_dags/tutorial_taskflow_api.py
[2025-08-19T16:58:20.514+0200] {processor.py:830} INFO - Processing file /Users/ehabhasan/.venvs/airflow310/lib/python3.10/site-packages/airflow/example_dags/tutorial_taskflow_api.py for tasks to queue
[2025-08-19T16:58:20.514+0200] {logging_mixin.py:188} INFO - [2025-08-19T16:58:20.514+0200] {dagbag.py:545} INFO - Filling up the DagBag from /Users/ehabhasan/.venvs/airflow310/lib/python3.10/site-packages/airflow/example_dags/tutorial_taskflow_api.py
[2025-08-19T16:58:20.526+0200] {processor.py:840} INFO - DAG(s) 'tutorial_taskflow_api' retrieved from /Users/ehabhasan/.venvs/airflow310/lib/python3.10/site-packages/airflow/example_dags/tutorial_taskflow_api.py
[2025-08-19T16:58:20.560+0200] {logging_mixin.py:188} INFO - [2025-08-19T16:58:20.560+0200] {dag.py:3089} INFO - Sync 1 DAGs
[2025-08-19T16:58:20.584+0200] {logging_mixin.py:188} INFO - [2025-08-19T16:58:20.583+0200] {dag.py:3947} INFO - Setting next_dagrun for tutorial_taskflow_api to None, run_after=None
[2025-08-19T16:58:20.590+0200] {processor.py:183} INFO - Processing /Users/ehabhasan/.venvs/airflow310/lib/python3.10/site-packages/airflow/example_dags/tutorial_taskflow_api.py took 0.079 seconds
[2025-08-19T16:59:09.892+0200] {processor.py:161} INFO - Started process (PID=8165) to work on /Users/ehabhasan/.venvs/airflow310/lib/python3.10/site-packages/airflow/example_dags/tutorial_taskflow_api.py
[2025-08-19T16:59:09.893+0200] {processor.py:830} INFO - Processing file /Users/ehabhasan/.venvs/airflow310/lib/python3.10/site-packages/airflow/example_dags/tutorial_taskflow_api.py for tasks to queue
[2025-08-19T16:59:09.893+0200] {logging_mixin.py:188} INFO - [2025-08-19T16:59:09.893+0200] {dagbag.py:545} INFO - Filling up the DagBag from /Users/ehabhasan/.venvs/airflow310/lib/python3.10/site-packages/airflow/example_dags/tutorial_taskflow_api.py
[2025-08-19T16:59:09.906+0200] {processor.py:840} INFO - DAG(s) 'tutorial_taskflow_api' retrieved from /Users/ehabhasan/.venvs/airflow310/lib/python3.10/site-packages/airflow/example_dags/tutorial_taskflow_api.py
[2025-08-19T16:59:09.939+0200] {logging_mixin.py:188} INFO - [2025-08-19T16:59:09.939+0200] {dag.py:3089} INFO - Sync 1 DAGs
[2025-08-19T16:59:09.961+0200] {logging_mixin.py:188} INFO - [2025-08-19T16:59:09.961+0200] {dag.py:3947} INFO - Setting next_dagrun for tutorial_taskflow_api to None, run_after=None
[2025-08-19T16:59:09.967+0200] {processor.py:183} INFO - Processing /Users/ehabhasan/.venvs/airflow310/lib/python3.10/site-packages/airflow/example_dags/tutorial_taskflow_api.py took 0.077 seconds
[2025-08-19T17:00:32.723+0200] {processor.py:161} INFO - Started process (PID=8232) to work on /Users/ehabhasan/.venvs/airflow310/lib/python3.10/site-packages/airflow/example_dags/tutorial_taskflow_api.py
[2025-08-19T17:00:32.724+0200] {processor.py:830} INFO - Processing file /Users/ehabhasan/.venvs/airflow310/lib/python3.10/site-packages/airflow/example_dags/tutorial_taskflow_api.py for tasks to queue
[2025-08-19T17:00:32.724+0200] {logging_mixin.py:188} INFO - [2025-08-19T17:00:32.724+0200] {dagbag.py:545} INFO - Filling up the DagBag from /Users/ehabhasan/.venvs/airflow310/lib/python3.10/site-packages/airflow/example_dags/tutorial_taskflow_api.py
[2025-08-19T17:00:32.741+0200] {processor.py:840} INFO - DAG(s) 'tutorial_taskflow_api' retrieved from /Users/ehabhasan/.venvs/airflow310/lib/python3.10/site-packages/airflow/example_dags/tutorial_taskflow_api.py
[2025-08-19T17:00:32.778+0200] {logging_mixin.py:188} INFO - [2025-08-19T17:00:32.778+0200] {dag.py:3089} INFO - Sync 1 DAGs
[2025-08-19T17:00:32.801+0200] {logging_mixin.py:188} INFO - [2025-08-19T17:00:32.801+0200] {dag.py:3947} INFO - Setting next_dagrun for tutorial_taskflow_api to None, run_after=None
[2025-08-19T17:00:32.808+0200] {processor.py:183} INFO - Processing /Users/ehabhasan/.venvs/airflow310/lib/python3.10/site-packages/airflow/example_dags/tutorial_taskflow_api.py took 0.086 seconds
[2025-08-19T17:01:29.650+0200] {processor.py:161} INFO - Started process (PID=8269) to work on /Users/ehabhasan/.venvs/airflow310/lib/python3.10/site-packages/airflow/example_dags/tutorial_taskflow_api.py
[2025-08-19T17:01:29.650+0200] {processor.py:830} INFO - Processing file /Users/ehabhasan/.venvs/airflow310/lib/python3.10/site-packages/airflow/example_dags/tutorial_taskflow_api.py for tasks to queue
[2025-08-19T17:01:29.651+0200] {logging_mixin.py:188} INFO - [2025-08-19T17:01:29.651+0200] {dagbag.py:545} INFO - Filling up the DagBag from /Users/ehabhasan/.venvs/airflow310/lib/python3.10/site-packages/airflow/example_dags/tutorial_taskflow_api.py
[2025-08-19T17:01:29.664+0200] {processor.py:840} INFO - DAG(s) 'tutorial_taskflow_api' retrieved from /Users/ehabhasan/.venvs/airflow310/lib/python3.10/site-packages/airflow/example_dags/tutorial_taskflow_api.py
[2025-08-19T17:01:29.699+0200] {logging_mixin.py:188} INFO - [2025-08-19T17:01:29.698+0200] {dag.py:3089} INFO - Sync 1 DAGs
[2025-08-19T17:01:29.722+0200] {logging_mixin.py:188} INFO - [2025-08-19T17:01:29.722+0200] {dag.py:3947} INFO - Setting next_dagrun for tutorial_taskflow_api to None, run_after=None
[2025-08-19T17:01:29.728+0200] {processor.py:183} INFO - Processing /Users/ehabhasan/.venvs/airflow310/lib/python3.10/site-packages/airflow/example_dags/tutorial_taskflow_api.py took 0.080 seconds
[2025-08-19T17:02:22.011+0200] {processor.py:161} INFO - Started process (PID=8314) to work on /Users/ehabhasan/.venvs/airflow310/lib/python3.10/site-packages/airflow/example_dags/tutorial_taskflow_api.py
[2025-08-19T17:02:22.011+0200] {processor.py:830} INFO - Processing file /Users/ehabhasan/.venvs/airflow310/lib/python3.10/site-packages/airflow/example_dags/tutorial_taskflow_api.py for tasks to queue
[2025-08-19T17:02:22.011+0200] {logging_mixin.py:188} INFO - [2025-08-19T17:02:22.011+0200] {dagbag.py:545} INFO - Filling up the DagBag from /Users/ehabhasan/.venvs/airflow310/lib/python3.10/site-packages/airflow/example_dags/tutorial_taskflow_api.py
[2025-08-19T17:02:22.024+0200] {processor.py:840} INFO - DAG(s) 'tutorial_taskflow_api' retrieved from /Users/ehabhasan/.venvs/airflow310/lib/python3.10/site-packages/airflow/example_dags/tutorial_taskflow_api.py
[2025-08-19T17:02:22.059+0200] {logging_mixin.py:188} INFO - [2025-08-19T17:02:22.059+0200] {dag.py:3089} INFO - Sync 1 DAGs
[2025-08-19T17:02:22.082+0200] {logging_mixin.py:188} INFO - [2025-08-19T17:02:22.082+0200] {dag.py:3947} INFO - Setting next_dagrun for tutorial_taskflow_api to None, run_after=None
[2025-08-19T17:02:22.089+0200] {processor.py:183} INFO - Processing /Users/ehabhasan/.venvs/airflow310/lib/python3.10/site-packages/airflow/example_dags/tutorial_taskflow_api.py took 0.080 seconds
[2025-08-19T17:03:10.817+0200] {processor.py:161} INFO - Started process (PID=8357) to work on /Users/ehabhasan/.venvs/airflow310/lib/python3.10/site-packages/airflow/example_dags/tutorial_taskflow_api.py
[2025-08-19T17:03:10.817+0200] {processor.py:830} INFO - Processing file /Users/ehabhasan/.venvs/airflow310/lib/python3.10/site-packages/airflow/example_dags/tutorial_taskflow_api.py for tasks to queue
[2025-08-19T17:03:10.817+0200] {logging_mixin.py:188} INFO - [2025-08-19T17:03:10.817+0200] {dagbag.py:545} INFO - Filling up the DagBag from /Users/ehabhasan/.venvs/airflow310/lib/python3.10/site-packages/airflow/example_dags/tutorial_taskflow_api.py
[2025-08-19T17:03:10.830+0200] {processor.py:840} INFO - DAG(s) 'tutorial_taskflow_api' retrieved from /Users/ehabhasan/.venvs/airflow310/lib/python3.10/site-packages/airflow/example_dags/tutorial_taskflow_api.py
[2025-08-19T17:03:10.866+0200] {logging_mixin.py:188} INFO - [2025-08-19T17:03:10.866+0200] {dag.py:3089} INFO - Sync 1 DAGs
[2025-08-19T17:03:10.898+0200] {logging_mixin.py:188} INFO - [2025-08-19T17:03:10.898+0200] {dag.py:3947} INFO - Setting next_dagrun for tutorial_taskflow_api to None, run_after=None
[2025-08-19T17:03:10.905+0200] {processor.py:183} INFO - Processing /Users/ehabhasan/.venvs/airflow310/lib/python3.10/site-packages/airflow/example_dags/tutorial_taskflow_api.py took 0.090 seconds
[2025-08-19T17:03:58.170+0200] {processor.py:161} INFO - Started process (PID=8802) to work on /Users/ehabhasan/.venvs/airflow310/lib/python3.10/site-packages/airflow/example_dags/tutorial_taskflow_api.py
[2025-08-19T17:03:58.171+0200] {processor.py:830} INFO - Processing file /Users/ehabhasan/.venvs/airflow310/lib/python3.10/site-packages/airflow/example_dags/tutorial_taskflow_api.py for tasks to queue
[2025-08-19T17:03:58.171+0200] {logging_mixin.py:188} INFO - [2025-08-19T17:03:58.171+0200] {dagbag.py:545} INFO - Filling up the DagBag from /Users/ehabhasan/.venvs/airflow310/lib/python3.10/site-packages/airflow/example_dags/tutorial_taskflow_api.py
[2025-08-19T17:03:58.183+0200] {processor.py:840} INFO - DAG(s) 'tutorial_taskflow_api' retrieved from /Users/ehabhasan/.venvs/airflow310/lib/python3.10/site-packages/airflow/example_dags/tutorial_taskflow_api.py
[2025-08-19T17:03:58.218+0200] {logging_mixin.py:188} INFO - [2025-08-19T17:03:58.217+0200] {dag.py:3089} INFO - Sync 1 DAGs
[2025-08-19T17:03:58.241+0200] {logging_mixin.py:188} INFO - [2025-08-19T17:03:58.241+0200] {dag.py:3947} INFO - Setting next_dagrun for tutorial_taskflow_api to None, run_after=None
[2025-08-19T17:03:58.247+0200] {processor.py:183} INFO - Processing /Users/ehabhasan/.venvs/airflow310/lib/python3.10/site-packages/airflow/example_dags/tutorial_taskflow_api.py took 0.079 seconds
[2025-08-19T17:04:47.544+0200] {processor.py:161} INFO - Started process (PID=8956) to work on /Users/ehabhasan/.venvs/airflow310/lib/python3.10/site-packages/airflow/example_dags/tutorial_taskflow_api.py
[2025-08-19T17:04:47.545+0200] {processor.py:830} INFO - Processing file /Users/ehabhasan/.venvs/airflow310/lib/python3.10/site-packages/airflow/example_dags/tutorial_taskflow_api.py for tasks to queue
[2025-08-19T17:04:47.545+0200] {logging_mixin.py:188} INFO - [2025-08-19T17:04:47.545+0200] {dagbag.py:545} INFO - Filling up the DagBag from /Users/ehabhasan/.venvs/airflow310/lib/python3.10/site-packages/airflow/example_dags/tutorial_taskflow_api.py
[2025-08-19T17:04:47.558+0200] {processor.py:840} INFO - DAG(s) 'tutorial_taskflow_api' retrieved from /Users/ehabhasan/.venvs/airflow310/lib/python3.10/site-packages/airflow/example_dags/tutorial_taskflow_api.py
[2025-08-19T17:04:47.593+0200] {logging_mixin.py:188} INFO - [2025-08-19T17:04:47.593+0200] {dag.py:3089} INFO - Sync 1 DAGs
[2025-08-19T17:04:47.616+0200] {logging_mixin.py:188} INFO - [2025-08-19T17:04:47.616+0200] {dag.py:3947} INFO - Setting next_dagrun for tutorial_taskflow_api to None, run_after=None
[2025-08-19T17:04:47.623+0200] {processor.py:183} INFO - Processing /Users/ehabhasan/.venvs/airflow310/lib/python3.10/site-packages/airflow/example_dags/tutorial_taskflow_api.py took 0.080 seconds
[2025-08-19T17:05:40.549+0200] {processor.py:161} INFO - Started process (PID=9291) to work on /Users/ehabhasan/.venvs/airflow310/lib/python3.10/site-packages/airflow/example_dags/tutorial_taskflow_api.py
[2025-08-19T17:05:40.550+0200] {processor.py:830} INFO - Processing file /Users/ehabhasan/.venvs/airflow310/lib/python3.10/site-packages/airflow/example_dags/tutorial_taskflow_api.py for tasks to queue
[2025-08-19T17:05:40.550+0200] {logging_mixin.py:188} INFO - [2025-08-19T17:05:40.550+0200] {dagbag.py:545} INFO - Filling up the DagBag from /Users/ehabhasan/.venvs/airflow310/lib/python3.10/site-packages/airflow/example_dags/tutorial_taskflow_api.py
[2025-08-19T17:05:40.563+0200] {processor.py:840} INFO - DAG(s) 'tutorial_taskflow_api' retrieved from /Users/ehabhasan/.venvs/airflow310/lib/python3.10/site-packages/airflow/example_dags/tutorial_taskflow_api.py
[2025-08-19T17:05:40.598+0200] {logging_mixin.py:188} INFO - [2025-08-19T17:05:40.598+0200] {dag.py:3089} INFO - Sync 1 DAGs
[2025-08-19T17:05:40.622+0200] {logging_mixin.py:188} INFO - [2025-08-19T17:05:40.622+0200] {dag.py:3947} INFO - Setting next_dagrun for tutorial_taskflow_api to None, run_after=None
[2025-08-19T17:05:40.629+0200] {processor.py:183} INFO - Processing /Users/ehabhasan/.venvs/airflow310/lib/python3.10/site-packages/airflow/example_dags/tutorial_taskflow_api.py took 0.081 seconds
[2025-08-19T17:06:32.653+0200] {processor.py:161} INFO - Started process (PID=9446) to work on /Users/ehabhasan/.venvs/airflow310/lib/python3.10/site-packages/airflow/example_dags/tutorial_taskflow_api.py
[2025-08-19T17:06:32.653+0200] {processor.py:830} INFO - Processing file /Users/ehabhasan/.venvs/airflow310/lib/python3.10/site-packages/airflow/example_dags/tutorial_taskflow_api.py for tasks to queue
[2025-08-19T17:06:32.654+0200] {logging_mixin.py:188} INFO - [2025-08-19T17:06:32.653+0200] {dagbag.py:545} INFO - Filling up the DagBag from /Users/ehabhasan/.venvs/airflow310/lib/python3.10/site-packages/airflow/example_dags/tutorial_taskflow_api.py
[2025-08-19T17:06:32.667+0200] {processor.py:840} INFO - DAG(s) 'tutorial_taskflow_api' retrieved from /Users/ehabhasan/.venvs/airflow310/lib/python3.10/site-packages/airflow/example_dags/tutorial_taskflow_api.py
[2025-08-19T17:06:32.701+0200] {logging_mixin.py:188} INFO - [2025-08-19T17:06:32.701+0200] {dag.py:3089} INFO - Sync 1 DAGs
[2025-08-19T17:06:32.724+0200] {logging_mixin.py:188} INFO - [2025-08-19T17:06:32.724+0200] {dag.py:3947} INFO - Setting next_dagrun for tutorial_taskflow_api to None, run_after=None
[2025-08-19T17:06:32.731+0200] {processor.py:183} INFO - Processing /Users/ehabhasan/.venvs/airflow310/lib/python3.10/site-packages/airflow/example_dags/tutorial_taskflow_api.py took 0.080 seconds
[2025-08-19T17:07:26.737+0200] {processor.py:161} INFO - Started process (PID=10098) to work on /Users/ehabhasan/.venvs/airflow310/lib/python3.10/site-packages/airflow/example_dags/tutorial_taskflow_api.py
[2025-08-19T17:07:26.737+0200] {processor.py:830} INFO - Processing file /Users/ehabhasan/.venvs/airflow310/lib/python3.10/site-packages/airflow/example_dags/tutorial_taskflow_api.py for tasks to queue
[2025-08-19T17:07:26.737+0200] {logging_mixin.py:188} INFO - [2025-08-19T17:07:26.737+0200] {dagbag.py:545} INFO - Filling up the DagBag from /Users/ehabhasan/.venvs/airflow310/lib/python3.10/site-packages/airflow/example_dags/tutorial_taskflow_api.py
[2025-08-19T17:07:26.751+0200] {processor.py:840} INFO - DAG(s) 'tutorial_taskflow_api' retrieved from /Users/ehabhasan/.venvs/airflow310/lib/python3.10/site-packages/airflow/example_dags/tutorial_taskflow_api.py
[2025-08-19T17:07:26.786+0200] {logging_mixin.py:188} INFO - [2025-08-19T17:07:26.786+0200] {dag.py:3089} INFO - Sync 1 DAGs
[2025-08-19T17:07:26.811+0200] {logging_mixin.py:188} INFO - [2025-08-19T17:07:26.811+0200] {dag.py:3947} INFO - Setting next_dagrun for tutorial_taskflow_api to None, run_after=None
[2025-08-19T17:07:26.820+0200] {processor.py:183} INFO - Processing /Users/ehabhasan/.venvs/airflow310/lib/python3.10/site-packages/airflow/example_dags/tutorial_taskflow_api.py took 0.085 seconds
[2025-08-19T17:08:20.038+0200] {processor.py:161} INFO - Started process (PID=10141) to work on /Users/ehabhasan/.venvs/airflow310/lib/python3.10/site-packages/airflow/example_dags/tutorial_taskflow_api.py
[2025-08-19T17:08:20.038+0200] {processor.py:830} INFO - Processing file /Users/ehabhasan/.venvs/airflow310/lib/python3.10/site-packages/airflow/example_dags/tutorial_taskflow_api.py for tasks to queue
[2025-08-19T17:08:20.039+0200] {logging_mixin.py:188} INFO - [2025-08-19T17:08:20.039+0200] {dagbag.py:545} INFO - Filling up the DagBag from /Users/ehabhasan/.venvs/airflow310/lib/python3.10/site-packages/airflow/example_dags/tutorial_taskflow_api.py
[2025-08-19T17:08:20.052+0200] {processor.py:840} INFO - DAG(s) 'tutorial_taskflow_api' retrieved from /Users/ehabhasan/.venvs/airflow310/lib/python3.10/site-packages/airflow/example_dags/tutorial_taskflow_api.py
[2025-08-19T17:08:20.086+0200] {logging_mixin.py:188} INFO - [2025-08-19T17:08:20.086+0200] {dag.py:3089} INFO - Sync 1 DAGs
[2025-08-19T17:08:20.109+0200] {logging_mixin.py:188} INFO - [2025-08-19T17:08:20.109+0200] {dag.py:3947} INFO - Setting next_dagrun for tutorial_taskflow_api to None, run_after=None
[2025-08-19T17:08:20.115+0200] {processor.py:183} INFO - Processing /Users/ehabhasan/.venvs/airflow310/lib/python3.10/site-packages/airflow/example_dags/tutorial_taskflow_api.py took 0.079 seconds
[2025-08-19T17:09:17.320+0200] {processor.py:161} INFO - Started process (PID=10202) to work on /Users/ehabhasan/.venvs/airflow310/lib/python3.10/site-packages/airflow/example_dags/tutorial_taskflow_api.py
[2025-08-19T17:09:17.320+0200] {processor.py:830} INFO - Processing file /Users/ehabhasan/.venvs/airflow310/lib/python3.10/site-packages/airflow/example_dags/tutorial_taskflow_api.py for tasks to queue
[2025-08-19T17:09:17.320+0200] {logging_mixin.py:188} INFO - [2025-08-19T17:09:17.320+0200] {dagbag.py:545} INFO - Filling up the DagBag from /Users/ehabhasan/.venvs/airflow310/lib/python3.10/site-packages/airflow/example_dags/tutorial_taskflow_api.py
[2025-08-19T17:09:17.334+0200] {processor.py:840} INFO - DAG(s) 'tutorial_taskflow_api' retrieved from /Users/ehabhasan/.venvs/airflow310/lib/python3.10/site-packages/airflow/example_dags/tutorial_taskflow_api.py
[2025-08-19T17:09:17.380+0200] {logging_mixin.py:188} INFO - [2025-08-19T17:09:17.380+0200] {dag.py:3089} INFO - Sync 1 DAGs
[2025-08-19T17:09:17.419+0200] {logging_mixin.py:188} INFO - [2025-08-19T17:09:17.419+0200] {dag.py:3947} INFO - Setting next_dagrun for tutorial_taskflow_api to None, run_after=None
[2025-08-19T17:09:17.429+0200] {processor.py:183} INFO - Processing /Users/ehabhasan/.venvs/airflow310/lib/python3.10/site-packages/airflow/example_dags/tutorial_taskflow_api.py took 0.111 seconds
[2025-08-19T17:10:12.851+0200] {processor.py:161} INFO - Started process (PID=10264) to work on /Users/ehabhasan/.venvs/airflow310/lib/python3.10/site-packages/airflow/example_dags/tutorial_taskflow_api.py
[2025-08-19T17:10:12.851+0200] {processor.py:830} INFO - Processing file /Users/ehabhasan/.venvs/airflow310/lib/python3.10/site-packages/airflow/example_dags/tutorial_taskflow_api.py for tasks to queue
[2025-08-19T17:10:12.852+0200] {logging_mixin.py:188} INFO - [2025-08-19T17:10:12.852+0200] {dagbag.py:545} INFO - Filling up the DagBag from /Users/ehabhasan/.venvs/airflow310/lib/python3.10/site-packages/airflow/example_dags/tutorial_taskflow_api.py
[2025-08-19T17:10:12.865+0200] {processor.py:840} INFO - DAG(s) 'tutorial_taskflow_api' retrieved from /Users/ehabhasan/.venvs/airflow310/lib/python3.10/site-packages/airflow/example_dags/tutorial_taskflow_api.py
[2025-08-19T17:10:12.899+0200] {logging_mixin.py:188} INFO - [2025-08-19T17:10:12.899+0200] {dag.py:3089} INFO - Sync 1 DAGs
[2025-08-19T17:10:12.923+0200] {logging_mixin.py:188} INFO - [2025-08-19T17:10:12.923+0200] {dag.py:3947} INFO - Setting next_dagrun for tutorial_taskflow_api to None, run_after=None
[2025-08-19T17:10:12.929+0200] {processor.py:183} INFO - Processing /Users/ehabhasan/.venvs/airflow310/lib/python3.10/site-packages/airflow/example_dags/tutorial_taskflow_api.py took 0.080 seconds
[2025-08-19T17:11:03.566+0200] {processor.py:161} INFO - Started process (PID=10301) to work on /Users/ehabhasan/.venvs/airflow310/lib/python3.10/site-packages/airflow/example_dags/tutorial_taskflow_api.py
[2025-08-19T17:11:03.567+0200] {processor.py:830} INFO - Processing file /Users/ehabhasan/.venvs/airflow310/lib/python3.10/site-packages/airflow/example_dags/tutorial_taskflow_api.py for tasks to queue
[2025-08-19T17:11:03.567+0200] {logging_mixin.py:188} INFO - [2025-08-19T17:11:03.567+0200] {dagbag.py:545} INFO - Filling up the DagBag from /Users/ehabhasan/.venvs/airflow310/lib/python3.10/site-packages/airflow/example_dags/tutorial_taskflow_api.py
[2025-08-19T17:11:03.580+0200] {processor.py:840} INFO - DAG(s) 'tutorial_taskflow_api' retrieved from /Users/ehabhasan/.venvs/airflow310/lib/python3.10/site-packages/airflow/example_dags/tutorial_taskflow_api.py
[2025-08-19T17:11:03.616+0200] {logging_mixin.py:188} INFO - [2025-08-19T17:11:03.616+0200] {dag.py:3089} INFO - Sync 1 DAGs
[2025-08-19T17:11:03.639+0200] {logging_mixin.py:188} INFO - [2025-08-19T17:11:03.639+0200] {dag.py:3947} INFO - Setting next_dagrun for tutorial_taskflow_api to None, run_after=None
[2025-08-19T17:11:03.646+0200] {processor.py:183} INFO - Processing /Users/ehabhasan/.venvs/airflow310/lib/python3.10/site-packages/airflow/example_dags/tutorial_taskflow_api.py took 0.081 seconds
[2025-08-19T17:11:57.565+0200] {processor.py:161} INFO - Started process (PID=10339) to work on /Users/ehabhasan/.venvs/airflow310/lib/python3.10/site-packages/airflow/example_dags/tutorial_taskflow_api.py
[2025-08-19T17:11:57.566+0200] {processor.py:830} INFO - Processing file /Users/ehabhasan/.venvs/airflow310/lib/python3.10/site-packages/airflow/example_dags/tutorial_taskflow_api.py for tasks to queue
[2025-08-19T17:11:57.566+0200] {logging_mixin.py:188} INFO - [2025-08-19T17:11:57.566+0200] {dagbag.py:545} INFO - Filling up the DagBag from /Users/ehabhasan/.venvs/airflow310/lib/python3.10/site-packages/airflow/example_dags/tutorial_taskflow_api.py
[2025-08-19T17:11:57.580+0200] {processor.py:840} INFO - DAG(s) 'tutorial_taskflow_api' retrieved from /Users/ehabhasan/.venvs/airflow310/lib/python3.10/site-packages/airflow/example_dags/tutorial_taskflow_api.py
[2025-08-19T17:11:57.613+0200] {logging_mixin.py:188} INFO - [2025-08-19T17:11:57.613+0200] {dag.py:3089} INFO - Sync 1 DAGs
[2025-08-19T17:11:57.637+0200] {logging_mixin.py:188} INFO - [2025-08-19T17:11:57.637+0200] {dag.py:3947} INFO - Setting next_dagrun for tutorial_taskflow_api to None, run_after=None
[2025-08-19T17:11:57.644+0200] {processor.py:183} INFO - Processing /Users/ehabhasan/.venvs/airflow310/lib/python3.10/site-packages/airflow/example_dags/tutorial_taskflow_api.py took 0.080 seconds
[2025-08-19T17:12:55.041+0200] {processor.py:161} INFO - Started process (PID=10393) to work on /Users/ehabhasan/.venvs/airflow310/lib/python3.10/site-packages/airflow/example_dags/tutorial_taskflow_api.py
[2025-08-19T17:12:55.042+0200] {processor.py:830} INFO - Processing file /Users/ehabhasan/.venvs/airflow310/lib/python3.10/site-packages/airflow/example_dags/tutorial_taskflow_api.py for tasks to queue
[2025-08-19T17:12:55.042+0200] {logging_mixin.py:188} INFO - [2025-08-19T17:12:55.042+0200] {dagbag.py:545} INFO - Filling up the DagBag from /Users/ehabhasan/.venvs/airflow310/lib/python3.10/site-packages/airflow/example_dags/tutorial_taskflow_api.py
[2025-08-19T17:12:55.056+0200] {processor.py:840} INFO - DAG(s) 'tutorial_taskflow_api' retrieved from /Users/ehabhasan/.venvs/airflow310/lib/python3.10/site-packages/airflow/example_dags/tutorial_taskflow_api.py
[2025-08-19T17:12:55.095+0200] {logging_mixin.py:188} INFO - [2025-08-19T17:12:55.095+0200] {dag.py:3089} INFO - Sync 1 DAGs
[2025-08-19T17:12:55.124+0200] {logging_mixin.py:188} INFO - [2025-08-19T17:12:55.124+0200] {dag.py:3947} INFO - Setting next_dagrun for tutorial_taskflow_api to None, run_after=None
[2025-08-19T17:12:55.131+0200] {processor.py:183} INFO - Processing /Users/ehabhasan/.venvs/airflow310/lib/python3.10/site-packages/airflow/example_dags/tutorial_taskflow_api.py took 0.092 seconds
[2025-08-19T17:13:50.054+0200] {processor.py:161} INFO - Started process (PID=10433) to work on /Users/ehabhasan/.venvs/airflow310/lib/python3.10/site-packages/airflow/example_dags/tutorial_taskflow_api.py
[2025-08-19T17:13:50.054+0200] {processor.py:830} INFO - Processing file /Users/ehabhasan/.venvs/airflow310/lib/python3.10/site-packages/airflow/example_dags/tutorial_taskflow_api.py for tasks to queue
[2025-08-19T17:13:50.054+0200] {logging_mixin.py:188} INFO - [2025-08-19T17:13:50.054+0200] {dagbag.py:545} INFO - Filling up the DagBag from /Users/ehabhasan/.venvs/airflow310/lib/python3.10/site-packages/airflow/example_dags/tutorial_taskflow_api.py
[2025-08-19T17:13:50.068+0200] {processor.py:840} INFO - DAG(s) 'tutorial_taskflow_api' retrieved from /Users/ehabhasan/.venvs/airflow310/lib/python3.10/site-packages/airflow/example_dags/tutorial_taskflow_api.py
[2025-08-19T17:13:50.103+0200] {logging_mixin.py:188} INFO - [2025-08-19T17:13:50.103+0200] {dag.py:3089} INFO - Sync 1 DAGs
[2025-08-19T17:13:50.127+0200] {logging_mixin.py:188} INFO - [2025-08-19T17:13:50.126+0200] {dag.py:3947} INFO - Setting next_dagrun for tutorial_taskflow_api to None, run_after=None
[2025-08-19T17:13:50.133+0200] {processor.py:183} INFO - Processing /Users/ehabhasan/.venvs/airflow310/lib/python3.10/site-packages/airflow/example_dags/tutorial_taskflow_api.py took 0.081 seconds
[2025-08-19T17:14:46.894+0200] {processor.py:161} INFO - Started process (PID=10508) to work on /Users/ehabhasan/.venvs/airflow310/lib/python3.10/site-packages/airflow/example_dags/tutorial_taskflow_api.py
[2025-08-19T17:14:46.895+0200] {processor.py:830} INFO - Processing file /Users/ehabhasan/.venvs/airflow310/lib/python3.10/site-packages/airflow/example_dags/tutorial_taskflow_api.py for tasks to queue
[2025-08-19T17:14:46.895+0200] {logging_mixin.py:188} INFO - [2025-08-19T17:14:46.895+0200] {dagbag.py:545} INFO - Filling up the DagBag from /Users/ehabhasan/.venvs/airflow310/lib/python3.10/site-packages/airflow/example_dags/tutorial_taskflow_api.py
[2025-08-19T17:14:46.908+0200] {processor.py:840} INFO - DAG(s) 'tutorial_taskflow_api' retrieved from /Users/ehabhasan/.venvs/airflow310/lib/python3.10/site-packages/airflow/example_dags/tutorial_taskflow_api.py
[2025-08-19T17:14:46.942+0200] {logging_mixin.py:188} INFO - [2025-08-19T17:14:46.942+0200] {dag.py:3089} INFO - Sync 1 DAGs
[2025-08-19T17:14:46.966+0200] {logging_mixin.py:188} INFO - [2025-08-19T17:14:46.965+0200] {dag.py:3947} INFO - Setting next_dagrun for tutorial_taskflow_api to None, run_after=None
[2025-08-19T17:14:46.972+0200] {processor.py:183} INFO - Processing /Users/ehabhasan/.venvs/airflow310/lib/python3.10/site-packages/airflow/example_dags/tutorial_taskflow_api.py took 0.079 seconds
[2025-08-19T17:15:43.232+0200] {processor.py:161} INFO - Started process (PID=10784) to work on /Users/ehabhasan/.venvs/airflow310/lib/python3.10/site-packages/airflow/example_dags/tutorial_taskflow_api.py
[2025-08-19T17:15:43.233+0200] {processor.py:830} INFO - Processing file /Users/ehabhasan/.venvs/airflow310/lib/python3.10/site-packages/airflow/example_dags/tutorial_taskflow_api.py for tasks to queue
[2025-08-19T17:15:43.233+0200] {logging_mixin.py:188} INFO - [2025-08-19T17:15:43.233+0200] {dagbag.py:545} INFO - Filling up the DagBag from /Users/ehabhasan/.venvs/airflow310/lib/python3.10/site-packages/airflow/example_dags/tutorial_taskflow_api.py
[2025-08-19T17:15:43.246+0200] {processor.py:840} INFO - DAG(s) 'tutorial_taskflow_api' retrieved from /Users/ehabhasan/.venvs/airflow310/lib/python3.10/site-packages/airflow/example_dags/tutorial_taskflow_api.py
[2025-08-19T17:15:43.280+0200] {logging_mixin.py:188} INFO - [2025-08-19T17:15:43.280+0200] {dag.py:3089} INFO - Sync 1 DAGs
[2025-08-19T17:15:43.304+0200] {logging_mixin.py:188} INFO - [2025-08-19T17:15:43.304+0200] {dag.py:3947} INFO - Setting next_dagrun for tutorial_taskflow_api to None, run_after=None
[2025-08-19T17:15:43.310+0200] {processor.py:183} INFO - Processing /Users/ehabhasan/.venvs/airflow310/lib/python3.10/site-packages/airflow/example_dags/tutorial_taskflow_api.py took 0.080 seconds
[2025-08-19T17:16:38.424+0200] {processor.py:161} INFO - Started process (PID=11395) to work on /Users/ehabhasan/.venvs/airflow310/lib/python3.10/site-packages/airflow/example_dags/tutorial_taskflow_api.py
[2025-08-19T17:16:38.425+0200] {processor.py:830} INFO - Processing file /Users/ehabhasan/.venvs/airflow310/lib/python3.10/site-packages/airflow/example_dags/tutorial_taskflow_api.py for tasks to queue
[2025-08-19T17:16:38.425+0200] {logging_mixin.py:188} INFO - [2025-08-19T17:16:38.425+0200] {dagbag.py:545} INFO - Filling up the DagBag from /Users/ehabhasan/.venvs/airflow310/lib/python3.10/site-packages/airflow/example_dags/tutorial_taskflow_api.py
[2025-08-19T17:16:38.439+0200] {processor.py:840} INFO - DAG(s) 'tutorial_taskflow_api' retrieved from /Users/ehabhasan/.venvs/airflow310/lib/python3.10/site-packages/airflow/example_dags/tutorial_taskflow_api.py
[2025-08-19T17:16:38.475+0200] {logging_mixin.py:188} INFO - [2025-08-19T17:16:38.475+0200] {dag.py:3089} INFO - Sync 1 DAGs
[2025-08-19T17:16:38.502+0200] {logging_mixin.py:188} INFO - [2025-08-19T17:16:38.502+0200] {dag.py:3947} INFO - Setting next_dagrun for tutorial_taskflow_api to None, run_after=None
[2025-08-19T17:16:38.509+0200] {processor.py:183} INFO - Processing /Users/ehabhasan/.venvs/airflow310/lib/python3.10/site-packages/airflow/example_dags/tutorial_taskflow_api.py took 0.086 seconds
[2025-08-19T17:17:34.523+0200] {processor.py:161} INFO - Started process (PID=11450) to work on /Users/ehabhasan/.venvs/airflow310/lib/python3.10/site-packages/airflow/example_dags/tutorial_taskflow_api.py
[2025-08-19T17:17:34.524+0200] {processor.py:830} INFO - Processing file /Users/ehabhasan/.venvs/airflow310/lib/python3.10/site-packages/airflow/example_dags/tutorial_taskflow_api.py for tasks to queue
[2025-08-19T17:17:34.524+0200] {logging_mixin.py:188} INFO - [2025-08-19T17:17:34.524+0200] {dagbag.py:545} INFO - Filling up the DagBag from /Users/ehabhasan/.venvs/airflow310/lib/python3.10/site-packages/airflow/example_dags/tutorial_taskflow_api.py
[2025-08-19T17:17:34.540+0200] {processor.py:840} INFO - DAG(s) 'tutorial_taskflow_api' retrieved from /Users/ehabhasan/.venvs/airflow310/lib/python3.10/site-packages/airflow/example_dags/tutorial_taskflow_api.py
[2025-08-19T17:17:34.579+0200] {logging_mixin.py:188} INFO - [2025-08-19T17:17:34.579+0200] {dag.py:3089} INFO - Sync 1 DAGs
[2025-08-19T17:17:34.606+0200] {logging_mixin.py:188} INFO - [2025-08-19T17:17:34.606+0200] {dag.py:3947} INFO - Setting next_dagrun for tutorial_taskflow_api to None, run_after=None
[2025-08-19T17:17:34.614+0200] {processor.py:183} INFO - Processing /Users/ehabhasan/.venvs/airflow310/lib/python3.10/site-packages/airflow/example_dags/tutorial_taskflow_api.py took 0.093 seconds
[2025-08-19T17:18:29.329+0200] {processor.py:161} INFO - Started process (PID=11498) to work on /Users/ehabhasan/.venvs/airflow310/lib/python3.10/site-packages/airflow/example_dags/tutorial_taskflow_api.py
[2025-08-19T17:18:29.330+0200] {processor.py:830} INFO - Processing file /Users/ehabhasan/.venvs/airflow310/lib/python3.10/site-packages/airflow/example_dags/tutorial_taskflow_api.py for tasks to queue
[2025-08-19T17:18:29.330+0200] {logging_mixin.py:188} INFO - [2025-08-19T17:18:29.330+0200] {dagbag.py:545} INFO - Filling up the DagBag from /Users/ehabhasan/.venvs/airflow310/lib/python3.10/site-packages/airflow/example_dags/tutorial_taskflow_api.py
[2025-08-19T17:18:29.343+0200] {processor.py:840} INFO - DAG(s) 'tutorial_taskflow_api' retrieved from /Users/ehabhasan/.venvs/airflow310/lib/python3.10/site-packages/airflow/example_dags/tutorial_taskflow_api.py
[2025-08-19T17:18:29.379+0200] {logging_mixin.py:188} INFO - [2025-08-19T17:18:29.378+0200] {dag.py:3089} INFO - Sync 1 DAGs
[2025-08-19T17:18:29.402+0200] {logging_mixin.py:188} INFO - [2025-08-19T17:18:29.402+0200] {dag.py:3947} INFO - Setting next_dagrun for tutorial_taskflow_api to None, run_after=None
[2025-08-19T17:18:29.409+0200] {processor.py:183} INFO - Processing /Users/ehabhasan/.venvs/airflow310/lib/python3.10/site-packages/airflow/example_dags/tutorial_taskflow_api.py took 0.081 seconds
[2025-08-19T17:19:24.386+0200] {processor.py:161} INFO - Started process (PID=11551) to work on /Users/ehabhasan/.venvs/airflow310/lib/python3.10/site-packages/airflow/example_dags/tutorial_taskflow_api.py
[2025-08-19T17:19:24.386+0200] {processor.py:830} INFO - Processing file /Users/ehabhasan/.venvs/airflow310/lib/python3.10/site-packages/airflow/example_dags/tutorial_taskflow_api.py for tasks to queue
[2025-08-19T17:19:24.387+0200] {logging_mixin.py:188} INFO - [2025-08-19T17:19:24.386+0200] {dagbag.py:545} INFO - Filling up the DagBag from /Users/ehabhasan/.venvs/airflow310/lib/python3.10/site-packages/airflow/example_dags/tutorial_taskflow_api.py
[2025-08-19T17:19:24.400+0200] {processor.py:840} INFO - DAG(s) 'tutorial_taskflow_api' retrieved from /Users/ehabhasan/.venvs/airflow310/lib/python3.10/site-packages/airflow/example_dags/tutorial_taskflow_api.py
[2025-08-19T17:19:24.434+0200] {logging_mixin.py:188} INFO - [2025-08-19T17:19:24.434+0200] {dag.py:3089} INFO - Sync 1 DAGs
[2025-08-19T17:19:24.457+0200] {logging_mixin.py:188} INFO - [2025-08-19T17:19:24.457+0200] {dag.py:3947} INFO - Setting next_dagrun for tutorial_taskflow_api to None, run_after=None
[2025-08-19T17:19:24.464+0200] {processor.py:183} INFO - Processing /Users/ehabhasan/.venvs/airflow310/lib/python3.10/site-packages/airflow/example_dags/tutorial_taskflow_api.py took 0.079 seconds
[2025-08-19T17:20:16.631+0200] {processor.py:161} INFO - Started process (PID=11600) to work on /Users/ehabhasan/.venvs/airflow310/lib/python3.10/site-packages/airflow/example_dags/tutorial_taskflow_api.py
[2025-08-19T17:20:16.632+0200] {processor.py:830} INFO - Processing file /Users/ehabhasan/.venvs/airflow310/lib/python3.10/site-packages/airflow/example_dags/tutorial_taskflow_api.py for tasks to queue
[2025-08-19T17:20:16.632+0200] {logging_mixin.py:188} INFO - [2025-08-19T17:20:16.632+0200] {dagbag.py:545} INFO - Filling up the DagBag from /Users/ehabhasan/.venvs/airflow310/lib/python3.10/site-packages/airflow/example_dags/tutorial_taskflow_api.py
[2025-08-19T17:20:16.645+0200] {processor.py:840} INFO - DAG(s) 'tutorial_taskflow_api' retrieved from /Users/ehabhasan/.venvs/airflow310/lib/python3.10/site-packages/airflow/example_dags/tutorial_taskflow_api.py
[2025-08-19T17:20:16.679+0200] {logging_mixin.py:188} INFO - [2025-08-19T17:20:16.679+0200] {dag.py:3089} INFO - Sync 1 DAGs
[2025-08-19T17:20:16.702+0200] {logging_mixin.py:188} INFO - [2025-08-19T17:20:16.702+0200] {dag.py:3947} INFO - Setting next_dagrun for tutorial_taskflow_api to None, run_after=None
[2025-08-19T17:20:16.709+0200] {processor.py:183} INFO - Processing /Users/ehabhasan/.venvs/airflow310/lib/python3.10/site-packages/airflow/example_dags/tutorial_taskflow_api.py took 0.079 seconds
[2025-08-19T17:21:05.651+0200] {processor.py:161} INFO - Started process (PID=11635) to work on /Users/ehabhasan/.venvs/airflow310/lib/python3.10/site-packages/airflow/example_dags/tutorial_taskflow_api.py
[2025-08-19T17:21:05.651+0200] {processor.py:830} INFO - Processing file /Users/ehabhasan/.venvs/airflow310/lib/python3.10/site-packages/airflow/example_dags/tutorial_taskflow_api.py for tasks to queue
[2025-08-19T17:21:05.652+0200] {logging_mixin.py:188} INFO - [2025-08-19T17:21:05.652+0200] {dagbag.py:545} INFO - Filling up the DagBag from /Users/ehabhasan/.venvs/airflow310/lib/python3.10/site-packages/airflow/example_dags/tutorial_taskflow_api.py
[2025-08-19T17:21:05.665+0200] {processor.py:840} INFO - DAG(s) 'tutorial_taskflow_api' retrieved from /Users/ehabhasan/.venvs/airflow310/lib/python3.10/site-packages/airflow/example_dags/tutorial_taskflow_api.py
[2025-08-19T17:21:05.699+0200] {logging_mixin.py:188} INFO - [2025-08-19T17:21:05.699+0200] {dag.py:3089} INFO - Sync 1 DAGs
[2025-08-19T17:21:05.722+0200] {logging_mixin.py:188} INFO - [2025-08-19T17:21:05.722+0200] {dag.py:3947} INFO - Setting next_dagrun for tutorial_taskflow_api to None, run_after=None
[2025-08-19T17:21:05.729+0200] {processor.py:183} INFO - Processing /Users/ehabhasan/.venvs/airflow310/lib/python3.10/site-packages/airflow/example_dags/tutorial_taskflow_api.py took 0.079 seconds
[2025-08-19T17:22:00.738+0200] {processor.py:161} INFO - Started process (PID=11670) to work on /Users/ehabhasan/.venvs/airflow310/lib/python3.10/site-packages/airflow/example_dags/tutorial_taskflow_api.py
[2025-08-19T17:22:00.739+0200] {processor.py:830} INFO - Processing file /Users/ehabhasan/.venvs/airflow310/lib/python3.10/site-packages/airflow/example_dags/tutorial_taskflow_api.py for tasks to queue
[2025-08-19T17:22:00.739+0200] {logging_mixin.py:188} INFO - [2025-08-19T17:22:00.739+0200] {dagbag.py:545} INFO - Filling up the DagBag from /Users/ehabhasan/.venvs/airflow310/lib/python3.10/site-packages/airflow/example_dags/tutorial_taskflow_api.py
[2025-08-19T17:22:00.752+0200] {processor.py:840} INFO - DAG(s) 'tutorial_taskflow_api' retrieved from /Users/ehabhasan/.venvs/airflow310/lib/python3.10/site-packages/airflow/example_dags/tutorial_taskflow_api.py
[2025-08-19T17:22:00.787+0200] {logging_mixin.py:188} INFO - [2025-08-19T17:22:00.787+0200] {dag.py:3089} INFO - Sync 1 DAGs
[2025-08-19T17:22:00.810+0200] {logging_mixin.py:188} INFO - [2025-08-19T17:22:00.810+0200] {dag.py:3947} INFO - Setting next_dagrun for tutorial_taskflow_api to None, run_after=None
[2025-08-19T17:22:00.817+0200] {processor.py:183} INFO - Processing /Users/ehabhasan/.venvs/airflow310/lib/python3.10/site-packages/airflow/example_dags/tutorial_taskflow_api.py took 0.080 seconds
[2025-08-19T17:22:57.271+0200] {processor.py:161} INFO - Started process (PID=11708) to work on /Users/ehabhasan/.venvs/airflow310/lib/python3.10/site-packages/airflow/example_dags/tutorial_taskflow_api.py
[2025-08-19T17:22:57.271+0200] {processor.py:830} INFO - Processing file /Users/ehabhasan/.venvs/airflow310/lib/python3.10/site-packages/airflow/example_dags/tutorial_taskflow_api.py for tasks to queue
[2025-08-19T17:22:57.272+0200] {logging_mixin.py:188} INFO - [2025-08-19T17:22:57.271+0200] {dagbag.py:545} INFO - Filling up the DagBag from /Users/ehabhasan/.venvs/airflow310/lib/python3.10/site-packages/airflow/example_dags/tutorial_taskflow_api.py
[2025-08-19T17:22:57.285+0200] {processor.py:840} INFO - DAG(s) 'tutorial_taskflow_api' retrieved from /Users/ehabhasan/.venvs/airflow310/lib/python3.10/site-packages/airflow/example_dags/tutorial_taskflow_api.py
[2025-08-19T17:22:57.320+0200] {logging_mixin.py:188} INFO - [2025-08-19T17:22:57.319+0200] {dag.py:3089} INFO - Sync 1 DAGs
[2025-08-19T17:22:57.342+0200] {logging_mixin.py:188} INFO - [2025-08-19T17:22:57.342+0200] {dag.py:3947} INFO - Setting next_dagrun for tutorial_taskflow_api to None, run_after=None
[2025-08-19T17:22:57.349+0200] {processor.py:183} INFO - Processing /Users/ehabhasan/.venvs/airflow310/lib/python3.10/site-packages/airflow/example_dags/tutorial_taskflow_api.py took 0.079 seconds
[2025-08-19T17:23:49.522+0200] {processor.py:161} INFO - Started process (PID=11746) to work on /Users/ehabhasan/.venvs/airflow310/lib/python3.10/site-packages/airflow/example_dags/tutorial_taskflow_api.py
[2025-08-19T17:23:49.523+0200] {processor.py:830} INFO - Processing file /Users/ehabhasan/.venvs/airflow310/lib/python3.10/site-packages/airflow/example_dags/tutorial_taskflow_api.py for tasks to queue
[2025-08-19T17:23:49.523+0200] {logging_mixin.py:188} INFO - [2025-08-19T17:23:49.523+0200] {dagbag.py:545} INFO - Filling up the DagBag from /Users/ehabhasan/.venvs/airflow310/lib/python3.10/site-packages/airflow/example_dags/tutorial_taskflow_api.py
[2025-08-19T17:23:49.536+0200] {processor.py:840} INFO - DAG(s) 'tutorial_taskflow_api' retrieved from /Users/ehabhasan/.venvs/airflow310/lib/python3.10/site-packages/airflow/example_dags/tutorial_taskflow_api.py
[2025-08-19T17:23:49.571+0200] {logging_mixin.py:188} INFO - [2025-08-19T17:23:49.571+0200] {dag.py:3089} INFO - Sync 1 DAGs
[2025-08-19T17:23:49.593+0200] {logging_mixin.py:188} INFO - [2025-08-19T17:23:49.593+0200] {dag.py:3947} INFO - Setting next_dagrun for tutorial_taskflow_api to None, run_after=None
[2025-08-19T17:23:49.600+0200] {processor.py:183} INFO - Processing /Users/ehabhasan/.venvs/airflow310/lib/python3.10/site-packages/airflow/example_dags/tutorial_taskflow_api.py took 0.079 seconds
[2025-08-19T17:24:41.937+0200] {processor.py:161} INFO - Started process (PID=11789) to work on /Users/ehabhasan/.venvs/airflow310/lib/python3.10/site-packages/airflow/example_dags/tutorial_taskflow_api.py
[2025-08-19T17:24:41.938+0200] {processor.py:830} INFO - Processing file /Users/ehabhasan/.venvs/airflow310/lib/python3.10/site-packages/airflow/example_dags/tutorial_taskflow_api.py for tasks to queue
[2025-08-19T17:24:41.939+0200] {logging_mixin.py:188} INFO - [2025-08-19T17:24:41.938+0200] {dagbag.py:545} INFO - Filling up the DagBag from /Users/ehabhasan/.venvs/airflow310/lib/python3.10/site-packages/airflow/example_dags/tutorial_taskflow_api.py
[2025-08-19T17:24:41.952+0200] {processor.py:840} INFO - DAG(s) 'tutorial_taskflow_api' retrieved from /Users/ehabhasan/.venvs/airflow310/lib/python3.10/site-packages/airflow/example_dags/tutorial_taskflow_api.py
[2025-08-19T17:24:41.987+0200] {logging_mixin.py:188} INFO - [2025-08-19T17:24:41.987+0200] {dag.py:3089} INFO - Sync 1 DAGs
[2025-08-19T17:24:42.011+0200] {logging_mixin.py:188} INFO - [2025-08-19T17:24:42.011+0200] {dag.py:3947} INFO - Setting next_dagrun for tutorial_taskflow_api to None, run_after=None
[2025-08-19T17:24:42.019+0200] {processor.py:183} INFO - Processing /Users/ehabhasan/.venvs/airflow310/lib/python3.10/site-packages/airflow/example_dags/tutorial_taskflow_api.py took 0.083 seconds
[2025-08-19T17:25:36.608+0200] {processor.py:161} INFO - Started process (PID=11827) to work on /Users/ehabhasan/.venvs/airflow310/lib/python3.10/site-packages/airflow/example_dags/tutorial_taskflow_api.py
[2025-08-19T17:25:36.609+0200] {processor.py:830} INFO - Processing file /Users/ehabhasan/.venvs/airflow310/lib/python3.10/site-packages/airflow/example_dags/tutorial_taskflow_api.py for tasks to queue
[2025-08-19T17:25:36.609+0200] {logging_mixin.py:188} INFO - [2025-08-19T17:25:36.609+0200] {dagbag.py:545} INFO - Filling up the DagBag from /Users/ehabhasan/.venvs/airflow310/lib/python3.10/site-packages/airflow/example_dags/tutorial_taskflow_api.py
[2025-08-19T17:25:36.624+0200] {processor.py:840} INFO - DAG(s) 'tutorial_taskflow_api' retrieved from /Users/ehabhasan/.venvs/airflow310/lib/python3.10/site-packages/airflow/example_dags/tutorial_taskflow_api.py
[2025-08-19T17:25:36.666+0200] {logging_mixin.py:188} INFO - [2025-08-19T17:25:36.666+0200] {dag.py:3089} INFO - Sync 1 DAGs
[2025-08-19T17:25:36.689+0200] {logging_mixin.py:188} INFO - [2025-08-19T17:25:36.689+0200] {dag.py:3947} INFO - Setting next_dagrun for tutorial_taskflow_api to None, run_after=None
[2025-08-19T17:25:36.696+0200] {processor.py:183} INFO - Processing /Users/ehabhasan/.venvs/airflow310/lib/python3.10/site-packages/airflow/example_dags/tutorial_taskflow_api.py took 0.090 seconds
[2025-08-19T17:26:29.060+0200] {processor.py:161} INFO - Started process (PID=11869) to work on /Users/ehabhasan/.venvs/airflow310/lib/python3.10/site-packages/airflow/example_dags/tutorial_taskflow_api.py
[2025-08-19T17:26:29.061+0200] {processor.py:830} INFO - Processing file /Users/ehabhasan/.venvs/airflow310/lib/python3.10/site-packages/airflow/example_dags/tutorial_taskflow_api.py for tasks to queue
[2025-08-19T17:26:29.061+0200] {logging_mixin.py:188} INFO - [2025-08-19T17:26:29.061+0200] {dagbag.py:545} INFO - Filling up the DagBag from /Users/ehabhasan/.venvs/airflow310/lib/python3.10/site-packages/airflow/example_dags/tutorial_taskflow_api.py
[2025-08-19T17:26:29.074+0200] {processor.py:840} INFO - DAG(s) 'tutorial_taskflow_api' retrieved from /Users/ehabhasan/.venvs/airflow310/lib/python3.10/site-packages/airflow/example_dags/tutorial_taskflow_api.py
[2025-08-19T17:26:29.108+0200] {logging_mixin.py:188} INFO - [2025-08-19T17:26:29.108+0200] {dag.py:3089} INFO - Sync 1 DAGs
[2025-08-19T17:26:29.131+0200] {logging_mixin.py:188} INFO - [2025-08-19T17:26:29.131+0200] {dag.py:3947} INFO - Setting next_dagrun for tutorial_taskflow_api to None, run_after=None
[2025-08-19T17:26:29.138+0200] {processor.py:183} INFO - Processing /Users/ehabhasan/.venvs/airflow310/lib/python3.10/site-packages/airflow/example_dags/tutorial_taskflow_api.py took 0.080 seconds
[2025-08-19T17:27:24.717+0200] {processor.py:161} INFO - Started process (PID=11908) to work on /Users/ehabhasan/.venvs/airflow310/lib/python3.10/site-packages/airflow/example_dags/tutorial_taskflow_api.py
[2025-08-19T17:27:24.717+0200] {processor.py:830} INFO - Processing file /Users/ehabhasan/.venvs/airflow310/lib/python3.10/site-packages/airflow/example_dags/tutorial_taskflow_api.py for tasks to queue
[2025-08-19T17:27:24.717+0200] {logging_mixin.py:188} INFO - [2025-08-19T17:27:24.717+0200] {dagbag.py:545} INFO - Filling up the DagBag from /Users/ehabhasan/.venvs/airflow310/lib/python3.10/site-packages/airflow/example_dags/tutorial_taskflow_api.py
[2025-08-19T17:27:24.730+0200] {processor.py:840} INFO - DAG(s) 'tutorial_taskflow_api' retrieved from /Users/ehabhasan/.venvs/airflow310/lib/python3.10/site-packages/airflow/example_dags/tutorial_taskflow_api.py
[2025-08-19T17:27:24.764+0200] {logging_mixin.py:188} INFO - [2025-08-19T17:27:24.764+0200] {dag.py:3089} INFO - Sync 1 DAGs
[2025-08-19T17:27:24.787+0200] {logging_mixin.py:188} INFO - [2025-08-19T17:27:24.787+0200] {dag.py:3947} INFO - Setting next_dagrun for tutorial_taskflow_api to None, run_after=None
[2025-08-19T17:27:24.794+0200] {processor.py:183} INFO - Processing /Users/ehabhasan/.venvs/airflow310/lib/python3.10/site-packages/airflow/example_dags/tutorial_taskflow_api.py took 0.079 seconds
[2025-08-19T17:28:19.109+0200] {processor.py:161} INFO - Started process (PID=11957) to work on /Users/ehabhasan/.venvs/airflow310/lib/python3.10/site-packages/airflow/example_dags/tutorial_taskflow_api.py
[2025-08-19T17:28:19.110+0200] {processor.py:830} INFO - Processing file /Users/ehabhasan/.venvs/airflow310/lib/python3.10/site-packages/airflow/example_dags/tutorial_taskflow_api.py for tasks to queue
[2025-08-19T17:28:19.110+0200] {logging_mixin.py:188} INFO - [2025-08-19T17:28:19.110+0200] {dagbag.py:545} INFO - Filling up the DagBag from /Users/ehabhasan/.venvs/airflow310/lib/python3.10/site-packages/airflow/example_dags/tutorial_taskflow_api.py
[2025-08-19T17:28:19.123+0200] {processor.py:840} INFO - DAG(s) 'tutorial_taskflow_api' retrieved from /Users/ehabhasan/.venvs/airflow310/lib/python3.10/site-packages/airflow/example_dags/tutorial_taskflow_api.py
[2025-08-19T17:28:19.157+0200] {logging_mixin.py:188} INFO - [2025-08-19T17:28:19.157+0200] {dag.py:3089} INFO - Sync 1 DAGs
[2025-08-19T17:28:19.180+0200] {logging_mixin.py:188} INFO - [2025-08-19T17:28:19.180+0200] {dag.py:3947} INFO - Setting next_dagrun for tutorial_taskflow_api to None, run_after=None
[2025-08-19T17:28:19.187+0200] {processor.py:183} INFO - Processing /Users/ehabhasan/.venvs/airflow310/lib/python3.10/site-packages/airflow/example_dags/tutorial_taskflow_api.py took 0.080 seconds
[2025-08-19T17:29:14.024+0200] {processor.py:161} INFO - Started process (PID=11996) to work on /Users/ehabhasan/.venvs/airflow310/lib/python3.10/site-packages/airflow/example_dags/tutorial_taskflow_api.py
[2025-08-19T17:29:14.025+0200] {processor.py:830} INFO - Processing file /Users/ehabhasan/.venvs/airflow310/lib/python3.10/site-packages/airflow/example_dags/tutorial_taskflow_api.py for tasks to queue
[2025-08-19T17:29:14.025+0200] {logging_mixin.py:188} INFO - [2025-08-19T17:29:14.025+0200] {dagbag.py:545} INFO - Filling up the DagBag from /Users/ehabhasan/.venvs/airflow310/lib/python3.10/site-packages/airflow/example_dags/tutorial_taskflow_api.py
[2025-08-19T17:29:14.040+0200] {processor.py:840} INFO - DAG(s) 'tutorial_taskflow_api' retrieved from /Users/ehabhasan/.venvs/airflow310/lib/python3.10/site-packages/airflow/example_dags/tutorial_taskflow_api.py
[2025-08-19T17:29:14.077+0200] {logging_mixin.py:188} INFO - [2025-08-19T17:29:14.077+0200] {dag.py:3089} INFO - Sync 1 DAGs
[2025-08-19T17:29:14.103+0200] {logging_mixin.py:188} INFO - [2025-08-19T17:29:14.103+0200] {dag.py:3947} INFO - Setting next_dagrun for tutorial_taskflow_api to None, run_after=None
[2025-08-19T17:29:14.110+0200] {processor.py:183} INFO - Processing /Users/ehabhasan/.venvs/airflow310/lib/python3.10/site-packages/airflow/example_dags/tutorial_taskflow_api.py took 0.087 seconds
[2025-08-19T17:30:10.902+0200] {processor.py:161} INFO - Started process (PID=12709) to work on /Users/ehabhasan/.venvs/airflow310/lib/python3.10/site-packages/airflow/example_dags/tutorial_taskflow_api.py
[2025-08-19T17:30:10.903+0200] {processor.py:830} INFO - Processing file /Users/ehabhasan/.venvs/airflow310/lib/python3.10/site-packages/airflow/example_dags/tutorial_taskflow_api.py for tasks to queue
[2025-08-19T17:30:10.903+0200] {logging_mixin.py:188} INFO - [2025-08-19T17:30:10.903+0200] {dagbag.py:545} INFO - Filling up the DagBag from /Users/ehabhasan/.venvs/airflow310/lib/python3.10/site-packages/airflow/example_dags/tutorial_taskflow_api.py
[2025-08-19T17:30:10.918+0200] {processor.py:840} INFO - DAG(s) 'tutorial_taskflow_api' retrieved from /Users/ehabhasan/.venvs/airflow310/lib/python3.10/site-packages/airflow/example_dags/tutorial_taskflow_api.py
[2025-08-19T17:30:10.959+0200] {logging_mixin.py:188} INFO - [2025-08-19T17:30:10.959+0200] {dag.py:3089} INFO - Sync 1 DAGs
[2025-08-19T17:30:10.984+0200] {logging_mixin.py:188} INFO - [2025-08-19T17:30:10.984+0200] {dag.py:3947} INFO - Setting next_dagrun for tutorial_taskflow_api to None, run_after=None
[2025-08-19T17:30:10.991+0200] {processor.py:183} INFO - Processing /Users/ehabhasan/.venvs/airflow310/lib/python3.10/site-packages/airflow/example_dags/tutorial_taskflow_api.py took 0.091 seconds
[2025-08-19T17:31:05.687+0200] {processor.py:161} INFO - Started process (PID=13925) to work on /Users/ehabhasan/.venvs/airflow310/lib/python3.10/site-packages/airflow/example_dags/tutorial_taskflow_api.py
[2025-08-19T17:31:05.688+0200] {processor.py:830} INFO - Processing file /Users/ehabhasan/.venvs/airflow310/lib/python3.10/site-packages/airflow/example_dags/tutorial_taskflow_api.py for tasks to queue
[2025-08-19T17:31:05.688+0200] {logging_mixin.py:188} INFO - [2025-08-19T17:31:05.688+0200] {dagbag.py:545} INFO - Filling up the DagBag from /Users/ehabhasan/.venvs/airflow310/lib/python3.10/site-packages/airflow/example_dags/tutorial_taskflow_api.py
[2025-08-19T17:31:05.702+0200] {processor.py:840} INFO - DAG(s) 'tutorial_taskflow_api' retrieved from /Users/ehabhasan/.venvs/airflow310/lib/python3.10/site-packages/airflow/example_dags/tutorial_taskflow_api.py
[2025-08-19T17:31:05.737+0200] {logging_mixin.py:188} INFO - [2025-08-19T17:31:05.737+0200] {dag.py:3089} INFO - Sync 1 DAGs
[2025-08-19T17:31:05.760+0200] {logging_mixin.py:188} INFO - [2025-08-19T17:31:05.760+0200] {dag.py:3947} INFO - Setting next_dagrun for tutorial_taskflow_api to None, run_after=None
[2025-08-19T17:31:05.767+0200] {processor.py:183} INFO - Processing /Users/ehabhasan/.venvs/airflow310/lib/python3.10/site-packages/airflow/example_dags/tutorial_taskflow_api.py took 0.081 seconds
[2025-08-19T17:32:02.661+0200] {processor.py:161} INFO - Started process (PID=13961) to work on /Users/ehabhasan/.venvs/airflow310/lib/python3.10/site-packages/airflow/example_dags/tutorial_taskflow_api.py
[2025-08-19T17:32:02.661+0200] {processor.py:830} INFO - Processing file /Users/ehabhasan/.venvs/airflow310/lib/python3.10/site-packages/airflow/example_dags/tutorial_taskflow_api.py for tasks to queue
[2025-08-19T17:32:02.661+0200] {logging_mixin.py:188} INFO - [2025-08-19T17:32:02.661+0200] {dagbag.py:545} INFO - Filling up the DagBag from /Users/ehabhasan/.venvs/airflow310/lib/python3.10/site-packages/airflow/example_dags/tutorial_taskflow_api.py
[2025-08-19T17:32:02.675+0200] {processor.py:840} INFO - DAG(s) 'tutorial_taskflow_api' retrieved from /Users/ehabhasan/.venvs/airflow310/lib/python3.10/site-packages/airflow/example_dags/tutorial_taskflow_api.py
[2025-08-19T17:32:02.713+0200] {logging_mixin.py:188} INFO - [2025-08-19T17:32:02.713+0200] {dag.py:3089} INFO - Sync 1 DAGs
[2025-08-19T17:32:02.739+0200] {logging_mixin.py:188} INFO - [2025-08-19T17:32:02.739+0200] {dag.py:3947} INFO - Setting next_dagrun for tutorial_taskflow_api to None, run_after=None
[2025-08-19T17:32:02.745+0200] {processor.py:183} INFO - Processing /Users/ehabhasan/.venvs/airflow310/lib/python3.10/site-packages/airflow/example_dags/tutorial_taskflow_api.py took 0.086 seconds
[2025-08-19T17:32:58.530+0200] {processor.py:161} INFO - Started process (PID=14177) to work on /Users/ehabhasan/.venvs/airflow310/lib/python3.10/site-packages/airflow/example_dags/tutorial_taskflow_api.py
[2025-08-19T17:32:58.530+0200] {processor.py:830} INFO - Processing file /Users/ehabhasan/.venvs/airflow310/lib/python3.10/site-packages/airflow/example_dags/tutorial_taskflow_api.py for tasks to queue
[2025-08-19T17:32:58.530+0200] {logging_mixin.py:188} INFO - [2025-08-19T17:32:58.530+0200] {dagbag.py:545} INFO - Filling up the DagBag from /Users/ehabhasan/.venvs/airflow310/lib/python3.10/site-packages/airflow/example_dags/tutorial_taskflow_api.py
[2025-08-19T17:32:58.544+0200] {processor.py:840} INFO - DAG(s) 'tutorial_taskflow_api' retrieved from /Users/ehabhasan/.venvs/airflow310/lib/python3.10/site-packages/airflow/example_dags/tutorial_taskflow_api.py
[2025-08-19T17:32:58.579+0200] {logging_mixin.py:188} INFO - [2025-08-19T17:32:58.579+0200] {dag.py:3089} INFO - Sync 1 DAGs
[2025-08-19T17:32:58.602+0200] {logging_mixin.py:188} INFO - [2025-08-19T17:32:58.602+0200] {dag.py:3947} INFO - Setting next_dagrun for tutorial_taskflow_api to None, run_after=None
[2025-08-19T17:32:58.609+0200] {processor.py:183} INFO - Processing /Users/ehabhasan/.venvs/airflow310/lib/python3.10/site-packages/airflow/example_dags/tutorial_taskflow_api.py took 0.081 seconds
[2025-08-19T17:33:52.138+0200] {processor.py:161} INFO - Started process (PID=14225) to work on /Users/ehabhasan/.venvs/airflow310/lib/python3.10/site-packages/airflow/example_dags/tutorial_taskflow_api.py
[2025-08-19T17:33:52.138+0200] {processor.py:830} INFO - Processing file /Users/ehabhasan/.venvs/airflow310/lib/python3.10/site-packages/airflow/example_dags/tutorial_taskflow_api.py for tasks to queue
[2025-08-19T17:33:52.138+0200] {logging_mixin.py:188} INFO - [2025-08-19T17:33:52.138+0200] {dagbag.py:545} INFO - Filling up the DagBag from /Users/ehabhasan/.venvs/airflow310/lib/python3.10/site-packages/airflow/example_dags/tutorial_taskflow_api.py
[2025-08-19T17:33:52.151+0200] {processor.py:840} INFO - DAG(s) 'tutorial_taskflow_api' retrieved from /Users/ehabhasan/.venvs/airflow310/lib/python3.10/site-packages/airflow/example_dags/tutorial_taskflow_api.py
[2025-08-19T17:33:52.187+0200] {logging_mixin.py:188} INFO - [2025-08-19T17:33:52.186+0200] {dag.py:3089} INFO - Sync 1 DAGs
[2025-08-19T17:33:52.209+0200] {logging_mixin.py:188} INFO - [2025-08-19T17:33:52.209+0200] {dag.py:3947} INFO - Setting next_dagrun for tutorial_taskflow_api to None, run_after=None
[2025-08-19T17:33:52.216+0200] {processor.py:183} INFO - Processing /Users/ehabhasan/.venvs/airflow310/lib/python3.10/site-packages/airflow/example_dags/tutorial_taskflow_api.py took 0.080 seconds
[2025-08-19T17:34:45.122+0200] {processor.py:161} INFO - Started process (PID=14271) to work on /Users/ehabhasan/.venvs/airflow310/lib/python3.10/site-packages/airflow/example_dags/tutorial_taskflow_api.py
[2025-08-19T17:34:45.123+0200] {processor.py:830} INFO - Processing file /Users/ehabhasan/.venvs/airflow310/lib/python3.10/site-packages/airflow/example_dags/tutorial_taskflow_api.py for tasks to queue
[2025-08-19T17:34:45.123+0200] {logging_mixin.py:188} INFO - [2025-08-19T17:34:45.123+0200] {dagbag.py:545} INFO - Filling up the DagBag from /Users/ehabhasan/.venvs/airflow310/lib/python3.10/site-packages/airflow/example_dags/tutorial_taskflow_api.py
[2025-08-19T17:34:45.136+0200] {processor.py:840} INFO - DAG(s) 'tutorial_taskflow_api' retrieved from /Users/ehabhasan/.venvs/airflow310/lib/python3.10/site-packages/airflow/example_dags/tutorial_taskflow_api.py
[2025-08-19T17:34:45.173+0200] {logging_mixin.py:188} INFO - [2025-08-19T17:34:45.173+0200] {dag.py:3089} INFO - Sync 1 DAGs
[2025-08-19T17:34:45.202+0200] {logging_mixin.py:188} INFO - [2025-08-19T17:34:45.202+0200] {dag.py:3947} INFO - Setting next_dagrun for tutorial_taskflow_api to None, run_after=None
[2025-08-19T17:34:45.209+0200] {processor.py:183} INFO - Processing /Users/ehabhasan/.venvs/airflow310/lib/python3.10/site-packages/airflow/example_dags/tutorial_taskflow_api.py took 0.088 seconds
[2025-08-19T17:35:40.032+0200] {processor.py:161} INFO - Started process (PID=14402) to work on /Users/ehabhasan/.venvs/airflow310/lib/python3.10/site-packages/airflow/example_dags/tutorial_taskflow_api.py
[2025-08-19T17:35:40.032+0200] {processor.py:830} INFO - Processing file /Users/ehabhasan/.venvs/airflow310/lib/python3.10/site-packages/airflow/example_dags/tutorial_taskflow_api.py for tasks to queue
[2025-08-19T17:35:40.032+0200] {logging_mixin.py:188} INFO - [2025-08-19T17:35:40.032+0200] {dagbag.py:545} INFO - Filling up the DagBag from /Users/ehabhasan/.venvs/airflow310/lib/python3.10/site-packages/airflow/example_dags/tutorial_taskflow_api.py
[2025-08-19T17:35:40.046+0200] {processor.py:840} INFO - DAG(s) 'tutorial_taskflow_api' retrieved from /Users/ehabhasan/.venvs/airflow310/lib/python3.10/site-packages/airflow/example_dags/tutorial_taskflow_api.py
[2025-08-19T17:35:40.081+0200] {logging_mixin.py:188} INFO - [2025-08-19T17:35:40.081+0200] {dag.py:3089} INFO - Sync 1 DAGs
[2025-08-19T17:35:40.104+0200] {logging_mixin.py:188} INFO - [2025-08-19T17:35:40.104+0200] {dag.py:3947} INFO - Setting next_dagrun for tutorial_taskflow_api to None, run_after=None
[2025-08-19T17:35:40.112+0200] {processor.py:183} INFO - Processing /Users/ehabhasan/.venvs/airflow310/lib/python3.10/site-packages/airflow/example_dags/tutorial_taskflow_api.py took 0.082 seconds
[2025-08-19T17:36:38.480+0200] {processor.py:161} INFO - Started process (PID=14487) to work on /Users/ehabhasan/.venvs/airflow310/lib/python3.10/site-packages/airflow/example_dags/tutorial_taskflow_api.py
[2025-08-19T17:36:38.481+0200] {processor.py:830} INFO - Processing file /Users/ehabhasan/.venvs/airflow310/lib/python3.10/site-packages/airflow/example_dags/tutorial_taskflow_api.py for tasks to queue
[2025-08-19T17:36:38.481+0200] {logging_mixin.py:188} INFO - [2025-08-19T17:36:38.481+0200] {dagbag.py:545} INFO - Filling up the DagBag from /Users/ehabhasan/.venvs/airflow310/lib/python3.10/site-packages/airflow/example_dags/tutorial_taskflow_api.py
[2025-08-19T17:36:38.494+0200] {processor.py:840} INFO - DAG(s) 'tutorial_taskflow_api' retrieved from /Users/ehabhasan/.venvs/airflow310/lib/python3.10/site-packages/airflow/example_dags/tutorial_taskflow_api.py
[2025-08-19T17:36:38.529+0200] {logging_mixin.py:188} INFO - [2025-08-19T17:36:38.529+0200] {dag.py:3089} INFO - Sync 1 DAGs
[2025-08-19T17:36:38.552+0200] {logging_mixin.py:188} INFO - [2025-08-19T17:36:38.552+0200] {dag.py:3947} INFO - Setting next_dagrun for tutorial_taskflow_api to None, run_after=None
[2025-08-19T17:36:38.559+0200] {processor.py:183} INFO - Processing /Users/ehabhasan/.venvs/airflow310/lib/python3.10/site-packages/airflow/example_dags/tutorial_taskflow_api.py took 0.080 seconds
[2025-08-19T17:37:35.308+0200] {processor.py:161} INFO - Started process (PID=14563) to work on /Users/ehabhasan/.venvs/airflow310/lib/python3.10/site-packages/airflow/example_dags/tutorial_taskflow_api.py
[2025-08-19T17:37:35.308+0200] {processor.py:830} INFO - Processing file /Users/ehabhasan/.venvs/airflow310/lib/python3.10/site-packages/airflow/example_dags/tutorial_taskflow_api.py for tasks to queue
[2025-08-19T17:37:35.308+0200] {logging_mixin.py:188} INFO - [2025-08-19T17:37:35.308+0200] {dagbag.py:545} INFO - Filling up the DagBag from /Users/ehabhasan/.venvs/airflow310/lib/python3.10/site-packages/airflow/example_dags/tutorial_taskflow_api.py
[2025-08-19T17:37:35.321+0200] {processor.py:840} INFO - DAG(s) 'tutorial_taskflow_api' retrieved from /Users/ehabhasan/.venvs/airflow310/lib/python3.10/site-packages/airflow/example_dags/tutorial_taskflow_api.py
[2025-08-19T17:37:35.356+0200] {logging_mixin.py:188} INFO - [2025-08-19T17:37:35.356+0200] {dag.py:3089} INFO - Sync 1 DAGs
[2025-08-19T17:37:35.379+0200] {logging_mixin.py:188} INFO - [2025-08-19T17:37:35.379+0200] {dag.py:3947} INFO - Setting next_dagrun for tutorial_taskflow_api to None, run_after=None
[2025-08-19T17:37:35.386+0200] {processor.py:183} INFO - Processing /Users/ehabhasan/.venvs/airflow310/lib/python3.10/site-packages/airflow/example_dags/tutorial_taskflow_api.py took 0.080 seconds
[2025-08-19T17:38:32.537+0200] {processor.py:161} INFO - Started process (PID=14703) to work on /Users/ehabhasan/.venvs/airflow310/lib/python3.10/site-packages/airflow/example_dags/tutorial_taskflow_api.py
[2025-08-19T17:38:32.537+0200] {processor.py:830} INFO - Processing file /Users/ehabhasan/.venvs/airflow310/lib/python3.10/site-packages/airflow/example_dags/tutorial_taskflow_api.py for tasks to queue
[2025-08-19T17:38:32.537+0200] {logging_mixin.py:188} INFO - [2025-08-19T17:38:32.537+0200] {dagbag.py:545} INFO - Filling up the DagBag from /Users/ehabhasan/.venvs/airflow310/lib/python3.10/site-packages/airflow/example_dags/tutorial_taskflow_api.py
[2025-08-19T17:38:32.551+0200] {processor.py:840} INFO - DAG(s) 'tutorial_taskflow_api' retrieved from /Users/ehabhasan/.venvs/airflow310/lib/python3.10/site-packages/airflow/example_dags/tutorial_taskflow_api.py
[2025-08-19T17:38:32.586+0200] {logging_mixin.py:188} INFO - [2025-08-19T17:38:32.586+0200] {dag.py:3089} INFO - Sync 1 DAGs
[2025-08-19T17:38:32.609+0200] {logging_mixin.py:188} INFO - [2025-08-19T17:38:32.609+0200] {dag.py:3947} INFO - Setting next_dagrun for tutorial_taskflow_api to None, run_after=None
[2025-08-19T17:38:32.615+0200] {processor.py:183} INFO - Processing /Users/ehabhasan/.venvs/airflow310/lib/python3.10/site-packages/airflow/example_dags/tutorial_taskflow_api.py took 0.080 seconds
[2025-08-19T17:39:35.875+0200] {processor.py:161} INFO - Started process (PID=14762) to work on /Users/ehabhasan/.venvs/airflow310/lib/python3.10/site-packages/airflow/example_dags/tutorial_taskflow_api.py
[2025-08-19T17:39:35.875+0200] {processor.py:830} INFO - Processing file /Users/ehabhasan/.venvs/airflow310/lib/python3.10/site-packages/airflow/example_dags/tutorial_taskflow_api.py for tasks to queue
[2025-08-19T17:39:35.876+0200] {logging_mixin.py:188} INFO - [2025-08-19T17:39:35.876+0200] {dagbag.py:545} INFO - Filling up the DagBag from /Users/ehabhasan/.venvs/airflow310/lib/python3.10/site-packages/airflow/example_dags/tutorial_taskflow_api.py
[2025-08-19T17:39:35.889+0200] {processor.py:840} INFO - DAG(s) 'tutorial_taskflow_api' retrieved from /Users/ehabhasan/.venvs/airflow310/lib/python3.10/site-packages/airflow/example_dags/tutorial_taskflow_api.py
[2025-08-19T17:39:35.923+0200] {logging_mixin.py:188} INFO - [2025-08-19T17:39:35.923+0200] {dag.py:3089} INFO - Sync 1 DAGs
[2025-08-19T17:39:35.946+0200] {logging_mixin.py:188} INFO - [2025-08-19T17:39:35.946+0200] {dag.py:3947} INFO - Setting next_dagrun for tutorial_taskflow_api to None, run_after=None
[2025-08-19T17:39:35.953+0200] {processor.py:183} INFO - Processing /Users/ehabhasan/.venvs/airflow310/lib/python3.10/site-packages/airflow/example_dags/tutorial_taskflow_api.py took 0.080 seconds
[2025-08-19T17:40:34.177+0200] {processor.py:161} INFO - Started process (PID=14850) to work on /Users/ehabhasan/.venvs/airflow310/lib/python3.10/site-packages/airflow/example_dags/tutorial_taskflow_api.py
[2025-08-19T17:40:34.177+0200] {processor.py:830} INFO - Processing file /Users/ehabhasan/.venvs/airflow310/lib/python3.10/site-packages/airflow/example_dags/tutorial_taskflow_api.py for tasks to queue
[2025-08-19T17:40:34.177+0200] {logging_mixin.py:188} INFO - [2025-08-19T17:40:34.177+0200] {dagbag.py:545} INFO - Filling up the DagBag from /Users/ehabhasan/.venvs/airflow310/lib/python3.10/site-packages/airflow/example_dags/tutorial_taskflow_api.py
[2025-08-19T17:40:34.191+0200] {processor.py:840} INFO - DAG(s) 'tutorial_taskflow_api' retrieved from /Users/ehabhasan/.venvs/airflow310/lib/python3.10/site-packages/airflow/example_dags/tutorial_taskflow_api.py
[2025-08-19T17:40:34.227+0200] {logging_mixin.py:188} INFO - [2025-08-19T17:40:34.227+0200] {dag.py:3089} INFO - Sync 1 DAGs
[2025-08-19T17:40:34.251+0200] {logging_mixin.py:188} INFO - [2025-08-19T17:40:34.251+0200] {dag.py:3947} INFO - Setting next_dagrun for tutorial_taskflow_api to None, run_after=None
[2025-08-19T17:40:34.258+0200] {processor.py:183} INFO - Processing /Users/ehabhasan/.venvs/airflow310/lib/python3.10/site-packages/airflow/example_dags/tutorial_taskflow_api.py took 0.083 seconds
[2025-08-19T17:45:11.006+0200] {processor.py:161} INFO - Started process (PID=14959) to work on /Users/ehabhasan/.venvs/airflow310/lib/python3.10/site-packages/airflow/example_dags/tutorial_taskflow_api.py
[2025-08-19T17:45:11.007+0200] {processor.py:830} INFO - Processing file /Users/ehabhasan/.venvs/airflow310/lib/python3.10/site-packages/airflow/example_dags/tutorial_taskflow_api.py for tasks to queue
[2025-08-19T17:45:11.007+0200] {logging_mixin.py:188} INFO - [2025-08-19T17:45:11.007+0200] {dagbag.py:545} INFO - Filling up the DagBag from /Users/ehabhasan/.venvs/airflow310/lib/python3.10/site-packages/airflow/example_dags/tutorial_taskflow_api.py
[2025-08-19T17:45:11.020+0200] {processor.py:840} INFO - DAG(s) 'tutorial_taskflow_api' retrieved from /Users/ehabhasan/.venvs/airflow310/lib/python3.10/site-packages/airflow/example_dags/tutorial_taskflow_api.py
[2025-08-19T17:45:11.057+0200] {logging_mixin.py:188} INFO - [2025-08-19T17:45:11.057+0200] {dag.py:3089} INFO - Sync 1 DAGs
[2025-08-19T17:45:11.081+0200] {logging_mixin.py:188} INFO - [2025-08-19T17:45:11.081+0200] {dag.py:3947} INFO - Setting next_dagrun for tutorial_taskflow_api to None, run_after=None
[2025-08-19T17:45:11.088+0200] {processor.py:183} INFO - Processing /Users/ehabhasan/.venvs/airflow310/lib/python3.10/site-packages/airflow/example_dags/tutorial_taskflow_api.py took 0.083 seconds
[2025-08-19T17:46:12.435+0200] {processor.py:161} INFO - Started process (PID=15001) to work on /Users/ehabhasan/.venvs/airflow310/lib/python3.10/site-packages/airflow/example_dags/tutorial_taskflow_api.py
[2025-08-19T17:46:12.435+0200] {processor.py:830} INFO - Processing file /Users/ehabhasan/.venvs/airflow310/lib/python3.10/site-packages/airflow/example_dags/tutorial_taskflow_api.py for tasks to queue
[2025-08-19T17:46:12.436+0200] {logging_mixin.py:188} INFO - [2025-08-19T17:46:12.435+0200] {dagbag.py:545} INFO - Filling up the DagBag from /Users/ehabhasan/.venvs/airflow310/lib/python3.10/site-packages/airflow/example_dags/tutorial_taskflow_api.py
[2025-08-19T17:46:12.451+0200] {processor.py:840} INFO - DAG(s) 'tutorial_taskflow_api' retrieved from /Users/ehabhasan/.venvs/airflow310/lib/python3.10/site-packages/airflow/example_dags/tutorial_taskflow_api.py
[2025-08-19T17:46:12.487+0200] {logging_mixin.py:188} INFO - [2025-08-19T17:46:12.487+0200] {dag.py:3089} INFO - Sync 1 DAGs
[2025-08-19T17:46:12.514+0200] {logging_mixin.py:188} INFO - [2025-08-19T17:46:12.514+0200] {dag.py:3947} INFO - Setting next_dagrun for tutorial_taskflow_api to None, run_after=None
[2025-08-19T17:46:12.522+0200] {processor.py:183} INFO - Processing /Users/ehabhasan/.venvs/airflow310/lib/python3.10/site-packages/airflow/example_dags/tutorial_taskflow_api.py took 0.088 seconds
[2025-08-19T17:47:13.136+0200] {processor.py:161} INFO - Started process (PID=15060) to work on /Users/ehabhasan/.venvs/airflow310/lib/python3.10/site-packages/airflow/example_dags/tutorial_taskflow_api.py
[2025-08-19T17:47:13.136+0200] {processor.py:830} INFO - Processing file /Users/ehabhasan/.venvs/airflow310/lib/python3.10/site-packages/airflow/example_dags/tutorial_taskflow_api.py for tasks to queue
[2025-08-19T17:47:13.136+0200] {logging_mixin.py:188} INFO - [2025-08-19T17:47:13.136+0200] {dagbag.py:545} INFO - Filling up the DagBag from /Users/ehabhasan/.venvs/airflow310/lib/python3.10/site-packages/airflow/example_dags/tutorial_taskflow_api.py
[2025-08-19T17:47:13.151+0200] {processor.py:840} INFO - DAG(s) 'tutorial_taskflow_api' retrieved from /Users/ehabhasan/.venvs/airflow310/lib/python3.10/site-packages/airflow/example_dags/tutorial_taskflow_api.py
[2025-08-19T17:47:13.190+0200] {logging_mixin.py:188} INFO - [2025-08-19T17:47:13.190+0200] {dag.py:3089} INFO - Sync 1 DAGs
[2025-08-19T17:47:13.216+0200] {logging_mixin.py:188} INFO - [2025-08-19T17:47:13.216+0200] {dag.py:3947} INFO - Setting next_dagrun for tutorial_taskflow_api to None, run_after=None
[2025-08-19T17:47:13.224+0200] {processor.py:183} INFO - Processing /Users/ehabhasan/.venvs/airflow310/lib/python3.10/site-packages/airflow/example_dags/tutorial_taskflow_api.py took 0.090 seconds
[2025-08-19T17:48:14.883+0200] {processor.py:161} INFO - Started process (PID=15099) to work on /Users/ehabhasan/.venvs/airflow310/lib/python3.10/site-packages/airflow/example_dags/tutorial_taskflow_api.py
[2025-08-19T17:48:14.884+0200] {processor.py:830} INFO - Processing file /Users/ehabhasan/.venvs/airflow310/lib/python3.10/site-packages/airflow/example_dags/tutorial_taskflow_api.py for tasks to queue
[2025-08-19T17:48:14.884+0200] {logging_mixin.py:188} INFO - [2025-08-19T17:48:14.884+0200] {dagbag.py:545} INFO - Filling up the DagBag from /Users/ehabhasan/.venvs/airflow310/lib/python3.10/site-packages/airflow/example_dags/tutorial_taskflow_api.py
[2025-08-19T17:48:14.898+0200] {processor.py:840} INFO - DAG(s) 'tutorial_taskflow_api' retrieved from /Users/ehabhasan/.venvs/airflow310/lib/python3.10/site-packages/airflow/example_dags/tutorial_taskflow_api.py
[2025-08-19T17:48:14.933+0200] {logging_mixin.py:188} INFO - [2025-08-19T17:48:14.933+0200] {dag.py:3089} INFO - Sync 1 DAGs
[2025-08-19T17:48:14.956+0200] {logging_mixin.py:188} INFO - [2025-08-19T17:48:14.956+0200] {dag.py:3947} INFO - Setting next_dagrun for tutorial_taskflow_api to None, run_after=None
[2025-08-19T17:48:14.963+0200] {processor.py:183} INFO - Processing /Users/ehabhasan/.venvs/airflow310/lib/python3.10/site-packages/airflow/example_dags/tutorial_taskflow_api.py took 0.081 seconds
[2025-08-19T17:49:10.154+0200] {processor.py:161} INFO - Started process (PID=15141) to work on /Users/ehabhasan/.venvs/airflow310/lib/python3.10/site-packages/airflow/example_dags/tutorial_taskflow_api.py
[2025-08-19T17:49:10.155+0200] {processor.py:830} INFO - Processing file /Users/ehabhasan/.venvs/airflow310/lib/python3.10/site-packages/airflow/example_dags/tutorial_taskflow_api.py for tasks to queue
[2025-08-19T17:49:10.155+0200] {logging_mixin.py:188} INFO - [2025-08-19T17:49:10.155+0200] {dagbag.py:545} INFO - Filling up the DagBag from /Users/ehabhasan/.venvs/airflow310/lib/python3.10/site-packages/airflow/example_dags/tutorial_taskflow_api.py
[2025-08-19T17:49:10.169+0200] {processor.py:840} INFO - DAG(s) 'tutorial_taskflow_api' retrieved from /Users/ehabhasan/.venvs/airflow310/lib/python3.10/site-packages/airflow/example_dags/tutorial_taskflow_api.py
[2025-08-19T17:49:10.204+0200] {logging_mixin.py:188} INFO - [2025-08-19T17:49:10.204+0200] {dag.py:3089} INFO - Sync 1 DAGs
[2025-08-19T17:49:10.228+0200] {logging_mixin.py:188} INFO - [2025-08-19T17:49:10.228+0200] {dag.py:3947} INFO - Setting next_dagrun for tutorial_taskflow_api to None, run_after=None
[2025-08-19T17:49:10.235+0200] {processor.py:183} INFO - Processing /Users/ehabhasan/.venvs/airflow310/lib/python3.10/site-packages/airflow/example_dags/tutorial_taskflow_api.py took 0.083 seconds
[2025-08-19T17:50:04.611+0200] {processor.py:161} INFO - Started process (PID=15182) to work on /Users/ehabhasan/.venvs/airflow310/lib/python3.10/site-packages/airflow/example_dags/tutorial_taskflow_api.py
[2025-08-19T17:50:04.611+0200] {processor.py:830} INFO - Processing file /Users/ehabhasan/.venvs/airflow310/lib/python3.10/site-packages/airflow/example_dags/tutorial_taskflow_api.py for tasks to queue
[2025-08-19T17:50:04.612+0200] {logging_mixin.py:188} INFO - [2025-08-19T17:50:04.612+0200] {dagbag.py:545} INFO - Filling up the DagBag from /Users/ehabhasan/.venvs/airflow310/lib/python3.10/site-packages/airflow/example_dags/tutorial_taskflow_api.py
[2025-08-19T17:50:04.626+0200] {processor.py:840} INFO - DAG(s) 'tutorial_taskflow_api' retrieved from /Users/ehabhasan/.venvs/airflow310/lib/python3.10/site-packages/airflow/example_dags/tutorial_taskflow_api.py
[2025-08-19T17:50:04.662+0200] {logging_mixin.py:188} INFO - [2025-08-19T17:50:04.662+0200] {dag.py:3089} INFO - Sync 1 DAGs
[2025-08-19T17:50:04.688+0200] {logging_mixin.py:188} INFO - [2025-08-19T17:50:04.688+0200] {dag.py:3947} INFO - Setting next_dagrun for tutorial_taskflow_api to None, run_after=None
[2025-08-19T17:50:04.695+0200] {processor.py:183} INFO - Processing /Users/ehabhasan/.venvs/airflow310/lib/python3.10/site-packages/airflow/example_dags/tutorial_taskflow_api.py took 0.086 seconds
