[2025-08-19T16:48:00.862+0200] {processor.py:161} INFO - Started process (PID=7624) to work on /Users/ehabhasan/.venvs/airflow310/lib/python3.10/site-packages/airflow/example_dags/tutorial_objectstorage.py
[2025-08-19T16:48:00.863+0200] {processor.py:830} INFO - Processing file /Users/ehabhasan/.venvs/airflow310/lib/python3.10/site-packages/airflow/example_dags/tutorial_objectstorage.py for tasks to queue
[2025-08-19T16:48:00.863+0200] {logging_mixin.py:188} INFO - [2025-08-19T16:48:00.863+0200] {dagbag.py:545} INFO - Filling up the DagBag from /Users/ehabhasan/.venvs/airflow310/lib/python3.10/site-packages/airflow/example_dags/tutorial_objectstorage.py
[2025-08-19T16:48:00.888+0200] {processor.py:840} INFO - DAG(s) 'tutorial_objectstorage' retrieved from /Users/ehabhasan/.venvs/airflow310/lib/python3.10/site-packages/airflow/example_dags/tutorial_objectstorage.py
[2025-08-19T16:48:00.892+0200] {logging_mixin.py:188} INFO - [2025-08-19T16:48:00.892+0200] {dag.py:3089} INFO - Sync 1 DAGs
[2025-08-19T16:48:00.941+0200] {logging_mixin.py:188} INFO - [2025-08-19T16:48:00.940+0200] {dag.py:3947} INFO - Setting next_dagrun for tutorial_objectstorage to None, run_after=None
[2025-08-19T16:48:00.948+0200] {processor.py:183} INFO - Processing /Users/ehabhasan/.venvs/airflow310/lib/python3.10/site-packages/airflow/example_dags/tutorial_objectstorage.py took 0.087 seconds
[2025-08-19T16:49:20.527+0200] {processor.py:161} INFO - Started process (PID=7682) to work on /Users/ehabhasan/.venvs/airflow310/lib/python3.10/site-packages/airflow/example_dags/tutorial_objectstorage.py
[2025-08-19T16:49:20.528+0200] {processor.py:830} INFO - Processing file /Users/ehabhasan/.venvs/airflow310/lib/python3.10/site-packages/airflow/example_dags/tutorial_objectstorage.py for tasks to queue
[2025-08-19T16:49:20.528+0200] {logging_mixin.py:188} INFO - [2025-08-19T16:49:20.528+0200] {dagbag.py:545} INFO - Filling up the DagBag from /Users/ehabhasan/.venvs/airflow310/lib/python3.10/site-packages/airflow/example_dags/tutorial_objectstorage.py
[2025-08-19T16:49:20.560+0200] {processor.py:840} INFO - DAG(s) 'tutorial_objectstorage' retrieved from /Users/ehabhasan/.venvs/airflow310/lib/python3.10/site-packages/airflow/example_dags/tutorial_objectstorage.py
[2025-08-19T16:49:20.641+0200] {logging_mixin.py:188} INFO - [2025-08-19T16:49:20.641+0200] {dag.py:3089} INFO - Sync 1 DAGs
[2025-08-19T16:49:20.644+0200] {logging_mixin.py:188} INFO - [2025-08-19T16:49:20.644+0200] {dag.py:3947} INFO - Setting next_dagrun for tutorial_objectstorage to None, run_after=None
[2025-08-19T16:49:20.650+0200] {processor.py:183} INFO - Processing /Users/ehabhasan/.venvs/airflow310/lib/python3.10/site-packages/airflow/example_dags/tutorial_objectstorage.py took 0.125 seconds
[2025-08-19T16:50:08.981+0200] {processor.py:161} INFO - Started process (PID=7719) to work on /Users/ehabhasan/.venvs/airflow310/lib/python3.10/site-packages/airflow/example_dags/tutorial_objectstorage.py
[2025-08-19T16:50:08.982+0200] {processor.py:830} INFO - Processing file /Users/ehabhasan/.venvs/airflow310/lib/python3.10/site-packages/airflow/example_dags/tutorial_objectstorage.py for tasks to queue
[2025-08-19T16:50:08.982+0200] {logging_mixin.py:188} INFO - [2025-08-19T16:50:08.982+0200] {dagbag.py:545} INFO - Filling up the DagBag from /Users/ehabhasan/.venvs/airflow310/lib/python3.10/site-packages/airflow/example_dags/tutorial_objectstorage.py
[2025-08-19T16:50:09.014+0200] {processor.py:840} INFO - DAG(s) 'tutorial_objectstorage' retrieved from /Users/ehabhasan/.venvs/airflow310/lib/python3.10/site-packages/airflow/example_dags/tutorial_objectstorage.py
[2025-08-19T16:50:09.068+0200] {logging_mixin.py:188} INFO - [2025-08-19T16:50:09.067+0200] {dag.py:3089} INFO - Sync 1 DAGs
[2025-08-19T16:50:09.071+0200] {logging_mixin.py:188} INFO - [2025-08-19T16:50:09.071+0200] {dag.py:3947} INFO - Setting next_dagrun for tutorial_objectstorage to None, run_after=None
[2025-08-19T16:50:09.078+0200] {processor.py:183} INFO - Processing /Users/ehabhasan/.venvs/airflow310/lib/python3.10/site-packages/airflow/example_dags/tutorial_objectstorage.py took 0.098 seconds
[2025-08-19T16:50:53.488+0200] {processor.py:161} INFO - Started process (PID=7754) to work on /Users/ehabhasan/.venvs/airflow310/lib/python3.10/site-packages/airflow/example_dags/tutorial_objectstorage.py
[2025-08-19T16:50:53.491+0200] {processor.py:830} INFO - Processing file /Users/ehabhasan/.venvs/airflow310/lib/python3.10/site-packages/airflow/example_dags/tutorial_objectstorage.py for tasks to queue
[2025-08-19T16:50:53.491+0200] {logging_mixin.py:188} INFO - [2025-08-19T16:50:53.491+0200] {dagbag.py:545} INFO - Filling up the DagBag from /Users/ehabhasan/.venvs/airflow310/lib/python3.10/site-packages/airflow/example_dags/tutorial_objectstorage.py
[2025-08-19T16:50:53.517+0200] {processor.py:840} INFO - DAG(s) 'tutorial_objectstorage' retrieved from /Users/ehabhasan/.venvs/airflow310/lib/python3.10/site-packages/airflow/example_dags/tutorial_objectstorage.py
[2025-08-19T16:50:53.570+0200] {logging_mixin.py:188} INFO - [2025-08-19T16:50:53.570+0200] {dag.py:3089} INFO - Sync 1 DAGs
[2025-08-19T16:50:53.573+0200] {logging_mixin.py:188} INFO - [2025-08-19T16:50:53.573+0200] {dag.py:3947} INFO - Setting next_dagrun for tutorial_objectstorage to None, run_after=None
[2025-08-19T16:50:53.579+0200] {processor.py:183} INFO - Processing /Users/ehabhasan/.venvs/airflow310/lib/python3.10/site-packages/airflow/example_dags/tutorial_objectstorage.py took 0.093 seconds
[2025-08-19T16:51:42.544+0200] {processor.py:161} INFO - Started process (PID=7785) to work on /Users/ehabhasan/.venvs/airflow310/lib/python3.10/site-packages/airflow/example_dags/tutorial_objectstorage.py
[2025-08-19T16:51:42.545+0200] {processor.py:830} INFO - Processing file /Users/ehabhasan/.venvs/airflow310/lib/python3.10/site-packages/airflow/example_dags/tutorial_objectstorage.py for tasks to queue
[2025-08-19T16:51:42.545+0200] {logging_mixin.py:188} INFO - [2025-08-19T16:51:42.545+0200] {dagbag.py:545} INFO - Filling up the DagBag from /Users/ehabhasan/.venvs/airflow310/lib/python3.10/site-packages/airflow/example_dags/tutorial_objectstorage.py
[2025-08-19T16:51:42.570+0200] {processor.py:840} INFO - DAG(s) 'tutorial_objectstorage' retrieved from /Users/ehabhasan/.venvs/airflow310/lib/python3.10/site-packages/airflow/example_dags/tutorial_objectstorage.py
[2025-08-19T16:51:42.623+0200] {logging_mixin.py:188} INFO - [2025-08-19T16:51:42.623+0200] {dag.py:3089} INFO - Sync 1 DAGs
[2025-08-19T16:51:42.627+0200] {logging_mixin.py:188} INFO - [2025-08-19T16:51:42.626+0200] {dag.py:3947} INFO - Setting next_dagrun for tutorial_objectstorage to None, run_after=None
[2025-08-19T16:51:42.633+0200] {processor.py:183} INFO - Processing /Users/ehabhasan/.venvs/airflow310/lib/python3.10/site-packages/airflow/example_dags/tutorial_objectstorage.py took 0.090 seconds
[2025-08-19T16:52:32.904+0200] {processor.py:161} INFO - Started process (PID=7823) to work on /Users/ehabhasan/.venvs/airflow310/lib/python3.10/site-packages/airflow/example_dags/tutorial_objectstorage.py
[2025-08-19T16:52:32.904+0200] {processor.py:830} INFO - Processing file /Users/ehabhasan/.venvs/airflow310/lib/python3.10/site-packages/airflow/example_dags/tutorial_objectstorage.py for tasks to queue
[2025-08-19T16:52:32.905+0200] {logging_mixin.py:188} INFO - [2025-08-19T16:52:32.905+0200] {dagbag.py:545} INFO - Filling up the DagBag from /Users/ehabhasan/.venvs/airflow310/lib/python3.10/site-packages/airflow/example_dags/tutorial_objectstorage.py
[2025-08-19T16:52:32.930+0200] {processor.py:840} INFO - DAG(s) 'tutorial_objectstorage' retrieved from /Users/ehabhasan/.venvs/airflow310/lib/python3.10/site-packages/airflow/example_dags/tutorial_objectstorage.py
[2025-08-19T16:52:32.983+0200] {logging_mixin.py:188} INFO - [2025-08-19T16:52:32.983+0200] {dag.py:3089} INFO - Sync 1 DAGs
[2025-08-19T16:52:32.987+0200] {logging_mixin.py:188} INFO - [2025-08-19T16:52:32.986+0200] {dag.py:3947} INFO - Setting next_dagrun for tutorial_objectstorage to None, run_after=None
[2025-08-19T16:52:32.993+0200] {processor.py:183} INFO - Processing /Users/ehabhasan/.venvs/airflow310/lib/python3.10/site-packages/airflow/example_dags/tutorial_objectstorage.py took 0.091 seconds
[2025-08-19T16:53:22.856+0200] {processor.py:161} INFO - Started process (PID=7861) to work on /Users/ehabhasan/.venvs/airflow310/lib/python3.10/site-packages/airflow/example_dags/tutorial_objectstorage.py
[2025-08-19T16:53:22.856+0200] {processor.py:830} INFO - Processing file /Users/ehabhasan/.venvs/airflow310/lib/python3.10/site-packages/airflow/example_dags/tutorial_objectstorage.py for tasks to queue
[2025-08-19T16:53:22.857+0200] {logging_mixin.py:188} INFO - [2025-08-19T16:53:22.856+0200] {dagbag.py:545} INFO - Filling up the DagBag from /Users/ehabhasan/.venvs/airflow310/lib/python3.10/site-packages/airflow/example_dags/tutorial_objectstorage.py
[2025-08-19T16:53:22.882+0200] {processor.py:840} INFO - DAG(s) 'tutorial_objectstorage' retrieved from /Users/ehabhasan/.venvs/airflow310/lib/python3.10/site-packages/airflow/example_dags/tutorial_objectstorage.py
[2025-08-19T16:53:22.936+0200] {logging_mixin.py:188} INFO - [2025-08-19T16:53:22.936+0200] {dag.py:3089} INFO - Sync 1 DAGs
[2025-08-19T16:53:22.939+0200] {logging_mixin.py:188} INFO - [2025-08-19T16:53:22.939+0200] {dag.py:3947} INFO - Setting next_dagrun for tutorial_objectstorage to None, run_after=None
[2025-08-19T16:53:22.945+0200] {processor.py:183} INFO - Processing /Users/ehabhasan/.venvs/airflow310/lib/python3.10/site-packages/airflow/example_dags/tutorial_objectstorage.py took 0.091 seconds
[2025-08-19T16:54:10.083+0200] {processor.py:161} INFO - Started process (PID=7920) to work on /Users/ehabhasan/.venvs/airflow310/lib/python3.10/site-packages/airflow/example_dags/tutorial_objectstorage.py
[2025-08-19T16:54:10.085+0200] {processor.py:830} INFO - Processing file /Users/ehabhasan/.venvs/airflow310/lib/python3.10/site-packages/airflow/example_dags/tutorial_objectstorage.py for tasks to queue
[2025-08-19T16:54:10.085+0200] {logging_mixin.py:188} INFO - [2025-08-19T16:54:10.085+0200] {dagbag.py:545} INFO - Filling up the DagBag from /Users/ehabhasan/.venvs/airflow310/lib/python3.10/site-packages/airflow/example_dags/tutorial_objectstorage.py
[2025-08-19T16:54:10.117+0200] {processor.py:840} INFO - DAG(s) 'tutorial_objectstorage' retrieved from /Users/ehabhasan/.venvs/airflow310/lib/python3.10/site-packages/airflow/example_dags/tutorial_objectstorage.py
[2025-08-19T16:54:10.171+0200] {logging_mixin.py:188} INFO - [2025-08-19T16:54:10.170+0200] {dag.py:3089} INFO - Sync 1 DAGs
[2025-08-19T16:54:10.174+0200] {logging_mixin.py:188} INFO - [2025-08-19T16:54:10.174+0200] {dag.py:3947} INFO - Setting next_dagrun for tutorial_objectstorage to None, run_after=None
[2025-08-19T16:54:10.180+0200] {processor.py:183} INFO - Processing /Users/ehabhasan/.venvs/airflow310/lib/python3.10/site-packages/airflow/example_dags/tutorial_objectstorage.py took 0.098 seconds
[2025-08-19T16:54:57.602+0200] {processor.py:161} INFO - Started process (PID=7970) to work on /Users/ehabhasan/.venvs/airflow310/lib/python3.10/site-packages/airflow/example_dags/tutorial_objectstorage.py
[2025-08-19T16:54:57.603+0200] {processor.py:830} INFO - Processing file /Users/ehabhasan/.venvs/airflow310/lib/python3.10/site-packages/airflow/example_dags/tutorial_objectstorage.py for tasks to queue
[2025-08-19T16:54:57.604+0200] {logging_mixin.py:188} INFO - [2025-08-19T16:54:57.603+0200] {dagbag.py:545} INFO - Filling up the DagBag from /Users/ehabhasan/.venvs/airflow310/lib/python3.10/site-packages/airflow/example_dags/tutorial_objectstorage.py
[2025-08-19T16:54:57.635+0200] {processor.py:840} INFO - DAG(s) 'tutorial_objectstorage' retrieved from /Users/ehabhasan/.venvs/airflow310/lib/python3.10/site-packages/airflow/example_dags/tutorial_objectstorage.py
[2025-08-19T16:54:57.688+0200] {logging_mixin.py:188} INFO - [2025-08-19T16:54:57.688+0200] {dag.py:3089} INFO - Sync 1 DAGs
[2025-08-19T16:54:57.691+0200] {logging_mixin.py:188} INFO - [2025-08-19T16:54:57.691+0200] {dag.py:3947} INFO - Setting next_dagrun for tutorial_objectstorage to None, run_after=None
[2025-08-19T16:54:57.697+0200] {processor.py:183} INFO - Processing /Users/ehabhasan/.venvs/airflow310/lib/python3.10/site-packages/airflow/example_dags/tutorial_objectstorage.py took 0.097 seconds
[2025-08-19T16:55:45.422+0200] {processor.py:161} INFO - Started process (PID=8002) to work on /Users/ehabhasan/.venvs/airflow310/lib/python3.10/site-packages/airflow/example_dags/tutorial_objectstorage.py
[2025-08-19T16:55:45.423+0200] {processor.py:830} INFO - Processing file /Users/ehabhasan/.venvs/airflow310/lib/python3.10/site-packages/airflow/example_dags/tutorial_objectstorage.py for tasks to queue
[2025-08-19T16:55:45.423+0200] {logging_mixin.py:188} INFO - [2025-08-19T16:55:45.423+0200] {dagbag.py:545} INFO - Filling up the DagBag from /Users/ehabhasan/.venvs/airflow310/lib/python3.10/site-packages/airflow/example_dags/tutorial_objectstorage.py
[2025-08-19T16:55:45.449+0200] {processor.py:840} INFO - DAG(s) 'tutorial_objectstorage' retrieved from /Users/ehabhasan/.venvs/airflow310/lib/python3.10/site-packages/airflow/example_dags/tutorial_objectstorage.py
[2025-08-19T16:55:45.502+0200] {logging_mixin.py:188} INFO - [2025-08-19T16:55:45.502+0200] {dag.py:3089} INFO - Sync 1 DAGs
[2025-08-19T16:55:45.505+0200] {logging_mixin.py:188} INFO - [2025-08-19T16:55:45.505+0200] {dag.py:3947} INFO - Setting next_dagrun for tutorial_objectstorage to None, run_after=None
[2025-08-19T16:55:45.512+0200] {processor.py:183} INFO - Processing /Users/ehabhasan/.venvs/airflow310/lib/python3.10/site-packages/airflow/example_dags/tutorial_objectstorage.py took 0.091 seconds
[2025-08-19T16:56:38.508+0200] {processor.py:161} INFO - Started process (PID=8042) to work on /Users/ehabhasan/.venvs/airflow310/lib/python3.10/site-packages/airflow/example_dags/tutorial_objectstorage.py
[2025-08-19T16:56:38.509+0200] {processor.py:830} INFO - Processing file /Users/ehabhasan/.venvs/airflow310/lib/python3.10/site-packages/airflow/example_dags/tutorial_objectstorage.py for tasks to queue
[2025-08-19T16:56:38.509+0200] {logging_mixin.py:188} INFO - [2025-08-19T16:56:38.509+0200] {dagbag.py:545} INFO - Filling up the DagBag from /Users/ehabhasan/.venvs/airflow310/lib/python3.10/site-packages/airflow/example_dags/tutorial_objectstorage.py
[2025-08-19T16:56:38.545+0200] {processor.py:840} INFO - DAG(s) 'tutorial_objectstorage' retrieved from /Users/ehabhasan/.venvs/airflow310/lib/python3.10/site-packages/airflow/example_dags/tutorial_objectstorage.py
[2025-08-19T16:56:38.598+0200] {logging_mixin.py:188} INFO - [2025-08-19T16:56:38.598+0200] {dag.py:3089} INFO - Sync 1 DAGs
[2025-08-19T16:56:38.602+0200] {logging_mixin.py:188} INFO - [2025-08-19T16:56:38.601+0200] {dag.py:3947} INFO - Setting next_dagrun for tutorial_objectstorage to None, run_after=None
[2025-08-19T16:56:38.608+0200] {processor.py:183} INFO - Processing /Users/ehabhasan/.venvs/airflow310/lib/python3.10/site-packages/airflow/example_dags/tutorial_objectstorage.py took 0.101 seconds
[2025-08-19T16:57:33.891+0200] {processor.py:161} INFO - Started process (PID=8081) to work on /Users/ehabhasan/.venvs/airflow310/lib/python3.10/site-packages/airflow/example_dags/tutorial_objectstorage.py
[2025-08-19T16:57:33.891+0200] {processor.py:830} INFO - Processing file /Users/ehabhasan/.venvs/airflow310/lib/python3.10/site-packages/airflow/example_dags/tutorial_objectstorage.py for tasks to queue
[2025-08-19T16:57:33.892+0200] {logging_mixin.py:188} INFO - [2025-08-19T16:57:33.892+0200] {dagbag.py:545} INFO - Filling up the DagBag from /Users/ehabhasan/.venvs/airflow310/lib/python3.10/site-packages/airflow/example_dags/tutorial_objectstorage.py
[2025-08-19T16:57:33.929+0200] {processor.py:840} INFO - DAG(s) 'tutorial_objectstorage' retrieved from /Users/ehabhasan/.venvs/airflow310/lib/python3.10/site-packages/airflow/example_dags/tutorial_objectstorage.py
[2025-08-19T16:57:33.983+0200] {logging_mixin.py:188} INFO - [2025-08-19T16:57:33.983+0200] {dag.py:3089} INFO - Sync 1 DAGs
[2025-08-19T16:57:33.986+0200] {logging_mixin.py:188} INFO - [2025-08-19T16:57:33.986+0200] {dag.py:3947} INFO - Setting next_dagrun for tutorial_objectstorage to None, run_after=None
[2025-08-19T16:57:33.993+0200] {processor.py:183} INFO - Processing /Users/ehabhasan/.venvs/airflow310/lib/python3.10/site-packages/airflow/example_dags/tutorial_objectstorage.py took 0.103 seconds
[2025-08-19T16:58:22.229+0200] {processor.py:161} INFO - Started process (PID=8119) to work on /Users/ehabhasan/.venvs/airflow310/lib/python3.10/site-packages/airflow/example_dags/tutorial_objectstorage.py
[2025-08-19T16:58:22.229+0200] {processor.py:830} INFO - Processing file /Users/ehabhasan/.venvs/airflow310/lib/python3.10/site-packages/airflow/example_dags/tutorial_objectstorage.py for tasks to queue
[2025-08-19T16:58:22.230+0200] {logging_mixin.py:188} INFO - [2025-08-19T16:58:22.230+0200] {dagbag.py:545} INFO - Filling up the DagBag from /Users/ehabhasan/.venvs/airflow310/lib/python3.10/site-packages/airflow/example_dags/tutorial_objectstorage.py
[2025-08-19T16:58:22.262+0200] {processor.py:840} INFO - DAG(s) 'tutorial_objectstorage' retrieved from /Users/ehabhasan/.venvs/airflow310/lib/python3.10/site-packages/airflow/example_dags/tutorial_objectstorage.py
[2025-08-19T16:58:22.315+0200] {logging_mixin.py:188} INFO - [2025-08-19T16:58:22.315+0200] {dag.py:3089} INFO - Sync 1 DAGs
[2025-08-19T16:58:22.318+0200] {logging_mixin.py:188} INFO - [2025-08-19T16:58:22.318+0200] {dag.py:3947} INFO - Setting next_dagrun for tutorial_objectstorage to None, run_after=None
[2025-08-19T16:58:22.324+0200] {processor.py:183} INFO - Processing /Users/ehabhasan/.venvs/airflow310/lib/python3.10/site-packages/airflow/example_dags/tutorial_objectstorage.py took 0.097 seconds
[2025-08-19T16:59:39.457+0200] {processor.py:161} INFO - Started process (PID=8166) to work on /Users/ehabhasan/.venvs/airflow310/lib/python3.10/site-packages/airflow/example_dags/tutorial_objectstorage.py
[2025-08-19T16:59:39.457+0200] {processor.py:830} INFO - Processing file /Users/ehabhasan/.venvs/airflow310/lib/python3.10/site-packages/airflow/example_dags/tutorial_objectstorage.py for tasks to queue
[2025-08-19T16:59:39.458+0200] {logging_mixin.py:188} INFO - [2025-08-19T16:59:39.458+0200] {dagbag.py:545} INFO - Filling up the DagBag from /Users/ehabhasan/.venvs/airflow310/lib/python3.10/site-packages/airflow/example_dags/tutorial_objectstorage.py
[2025-08-19T16:59:39.491+0200] {processor.py:840} INFO - DAG(s) 'tutorial_objectstorage' retrieved from /Users/ehabhasan/.venvs/airflow310/lib/python3.10/site-packages/airflow/example_dags/tutorial_objectstorage.py
[2025-08-19T16:59:39.542+0200] {logging_mixin.py:188} INFO - [2025-08-19T16:59:39.542+0200] {dag.py:3089} INFO - Sync 1 DAGs
[2025-08-19T16:59:39.545+0200] {logging_mixin.py:188} INFO - [2025-08-19T16:59:39.545+0200] {dag.py:3947} INFO - Setting next_dagrun for tutorial_objectstorage to None, run_after=None
[2025-08-19T16:59:39.551+0200] {processor.py:183} INFO - Processing /Users/ehabhasan/.venvs/airflow310/lib/python3.10/site-packages/airflow/example_dags/tutorial_objectstorage.py took 0.096 seconds
[2025-08-19T17:00:34.454+0200] {processor.py:161} INFO - Started process (PID=8233) to work on /Users/ehabhasan/.venvs/airflow310/lib/python3.10/site-packages/airflow/example_dags/tutorial_objectstorage.py
[2025-08-19T17:00:34.455+0200] {processor.py:830} INFO - Processing file /Users/ehabhasan/.venvs/airflow310/lib/python3.10/site-packages/airflow/example_dags/tutorial_objectstorage.py for tasks to queue
[2025-08-19T17:00:34.455+0200] {logging_mixin.py:188} INFO - [2025-08-19T17:00:34.455+0200] {dagbag.py:545} INFO - Filling up the DagBag from /Users/ehabhasan/.venvs/airflow310/lib/python3.10/site-packages/airflow/example_dags/tutorial_objectstorage.py
[2025-08-19T17:00:34.481+0200] {processor.py:840} INFO - DAG(s) 'tutorial_objectstorage' retrieved from /Users/ehabhasan/.venvs/airflow310/lib/python3.10/site-packages/airflow/example_dags/tutorial_objectstorage.py
[2025-08-19T17:00:34.536+0200] {logging_mixin.py:188} INFO - [2025-08-19T17:00:34.536+0200] {dag.py:3089} INFO - Sync 1 DAGs
[2025-08-19T17:00:34.540+0200] {logging_mixin.py:188} INFO - [2025-08-19T17:00:34.540+0200] {dag.py:3947} INFO - Setting next_dagrun for tutorial_objectstorage to None, run_after=None
[2025-08-19T17:00:34.546+0200] {processor.py:183} INFO - Processing /Users/ehabhasan/.venvs/airflow310/lib/python3.10/site-packages/airflow/example_dags/tutorial_objectstorage.py took 0.093 seconds
[2025-08-19T17:01:31.372+0200] {processor.py:161} INFO - Started process (PID=8270) to work on /Users/ehabhasan/.venvs/airflow310/lib/python3.10/site-packages/airflow/example_dags/tutorial_objectstorage.py
[2025-08-19T17:01:31.372+0200] {processor.py:830} INFO - Processing file /Users/ehabhasan/.venvs/airflow310/lib/python3.10/site-packages/airflow/example_dags/tutorial_objectstorage.py for tasks to queue
[2025-08-19T17:01:31.373+0200] {logging_mixin.py:188} INFO - [2025-08-19T17:01:31.373+0200] {dagbag.py:545} INFO - Filling up the DagBag from /Users/ehabhasan/.venvs/airflow310/lib/python3.10/site-packages/airflow/example_dags/tutorial_objectstorage.py
[2025-08-19T17:01:31.398+0200] {processor.py:840} INFO - DAG(s) 'tutorial_objectstorage' retrieved from /Users/ehabhasan/.venvs/airflow310/lib/python3.10/site-packages/airflow/example_dags/tutorial_objectstorage.py
[2025-08-19T17:01:31.452+0200] {logging_mixin.py:188} INFO - [2025-08-19T17:01:31.452+0200] {dag.py:3089} INFO - Sync 1 DAGs
[2025-08-19T17:01:31.455+0200] {logging_mixin.py:188} INFO - [2025-08-19T17:01:31.455+0200] {dag.py:3947} INFO - Setting next_dagrun for tutorial_objectstorage to None, run_after=None
[2025-08-19T17:01:31.462+0200] {processor.py:183} INFO - Processing /Users/ehabhasan/.venvs/airflow310/lib/python3.10/site-packages/airflow/example_dags/tutorial_objectstorage.py took 0.092 seconds
[2025-08-19T17:02:23.718+0200] {processor.py:161} INFO - Started process (PID=8315) to work on /Users/ehabhasan/.venvs/airflow310/lib/python3.10/site-packages/airflow/example_dags/tutorial_objectstorage.py
[2025-08-19T17:02:23.718+0200] {processor.py:830} INFO - Processing file /Users/ehabhasan/.venvs/airflow310/lib/python3.10/site-packages/airflow/example_dags/tutorial_objectstorage.py for tasks to queue
[2025-08-19T17:02:23.718+0200] {logging_mixin.py:188} INFO - [2025-08-19T17:02:23.718+0200] {dagbag.py:545} INFO - Filling up the DagBag from /Users/ehabhasan/.venvs/airflow310/lib/python3.10/site-packages/airflow/example_dags/tutorial_objectstorage.py
[2025-08-19T17:02:23.744+0200] {processor.py:840} INFO - DAG(s) 'tutorial_objectstorage' retrieved from /Users/ehabhasan/.venvs/airflow310/lib/python3.10/site-packages/airflow/example_dags/tutorial_objectstorage.py
[2025-08-19T17:02:23.799+0200] {logging_mixin.py:188} INFO - [2025-08-19T17:02:23.799+0200] {dag.py:3089} INFO - Sync 1 DAGs
[2025-08-19T17:02:23.802+0200] {logging_mixin.py:188} INFO - [2025-08-19T17:02:23.802+0200] {dag.py:3947} INFO - Setting next_dagrun for tutorial_objectstorage to None, run_after=None
[2025-08-19T17:02:23.808+0200] {processor.py:183} INFO - Processing /Users/ehabhasan/.venvs/airflow310/lib/python3.10/site-packages/airflow/example_dags/tutorial_objectstorage.py took 0.092 seconds
[2025-08-19T17:03:12.601+0200] {processor.py:161} INFO - Started process (PID=8358) to work on /Users/ehabhasan/.venvs/airflow310/lib/python3.10/site-packages/airflow/example_dags/tutorial_objectstorage.py
[2025-08-19T17:03:12.601+0200] {processor.py:830} INFO - Processing file /Users/ehabhasan/.venvs/airflow310/lib/python3.10/site-packages/airflow/example_dags/tutorial_objectstorage.py for tasks to queue
[2025-08-19T17:03:12.601+0200] {logging_mixin.py:188} INFO - [2025-08-19T17:03:12.601+0200] {dagbag.py:545} INFO - Filling up the DagBag from /Users/ehabhasan/.venvs/airflow310/lib/python3.10/site-packages/airflow/example_dags/tutorial_objectstorage.py
[2025-08-19T17:03:12.627+0200] {processor.py:840} INFO - DAG(s) 'tutorial_objectstorage' retrieved from /Users/ehabhasan/.venvs/airflow310/lib/python3.10/site-packages/airflow/example_dags/tutorial_objectstorage.py
[2025-08-19T17:03:12.681+0200] {logging_mixin.py:188} INFO - [2025-08-19T17:03:12.681+0200] {dag.py:3089} INFO - Sync 1 DAGs
[2025-08-19T17:03:12.685+0200] {logging_mixin.py:188} INFO - [2025-08-19T17:03:12.684+0200] {dag.py:3947} INFO - Setting next_dagrun for tutorial_objectstorage to None, run_after=None
[2025-08-19T17:03:12.691+0200] {processor.py:183} INFO - Processing /Users/ehabhasan/.venvs/airflow310/lib/python3.10/site-packages/airflow/example_dags/tutorial_objectstorage.py took 0.092 seconds
[2025-08-19T17:03:59.868+0200] {processor.py:161} INFO - Started process (PID=8803) to work on /Users/ehabhasan/.venvs/airflow310/lib/python3.10/site-packages/airflow/example_dags/tutorial_objectstorage.py
[2025-08-19T17:03:59.869+0200] {processor.py:830} INFO - Processing file /Users/ehabhasan/.venvs/airflow310/lib/python3.10/site-packages/airflow/example_dags/tutorial_objectstorage.py for tasks to queue
[2025-08-19T17:03:59.869+0200] {logging_mixin.py:188} INFO - [2025-08-19T17:03:59.869+0200] {dagbag.py:545} INFO - Filling up the DagBag from /Users/ehabhasan/.venvs/airflow310/lib/python3.10/site-packages/airflow/example_dags/tutorial_objectstorage.py
[2025-08-19T17:03:59.895+0200] {processor.py:840} INFO - DAG(s) 'tutorial_objectstorage' retrieved from /Users/ehabhasan/.venvs/airflow310/lib/python3.10/site-packages/airflow/example_dags/tutorial_objectstorage.py
[2025-08-19T17:03:59.951+0200] {logging_mixin.py:188} INFO - [2025-08-19T17:03:59.951+0200] {dag.py:3089} INFO - Sync 1 DAGs
[2025-08-19T17:03:59.954+0200] {logging_mixin.py:188} INFO - [2025-08-19T17:03:59.954+0200] {dag.py:3947} INFO - Setting next_dagrun for tutorial_objectstorage to None, run_after=None
[2025-08-19T17:03:59.961+0200] {processor.py:183} INFO - Processing /Users/ehabhasan/.venvs/airflow310/lib/python3.10/site-packages/airflow/example_dags/tutorial_objectstorage.py took 0.094 seconds
[2025-08-19T17:04:49.272+0200] {processor.py:161} INFO - Started process (PID=8958) to work on /Users/ehabhasan/.venvs/airflow310/lib/python3.10/site-packages/airflow/example_dags/tutorial_objectstorage.py
[2025-08-19T17:04:49.272+0200] {processor.py:830} INFO - Processing file /Users/ehabhasan/.venvs/airflow310/lib/python3.10/site-packages/airflow/example_dags/tutorial_objectstorage.py for tasks to queue
[2025-08-19T17:04:49.273+0200] {logging_mixin.py:188} INFO - [2025-08-19T17:04:49.273+0200] {dagbag.py:545} INFO - Filling up the DagBag from /Users/ehabhasan/.venvs/airflow310/lib/python3.10/site-packages/airflow/example_dags/tutorial_objectstorage.py
[2025-08-19T17:04:49.298+0200] {processor.py:840} INFO - DAG(s) 'tutorial_objectstorage' retrieved from /Users/ehabhasan/.venvs/airflow310/lib/python3.10/site-packages/airflow/example_dags/tutorial_objectstorage.py
[2025-08-19T17:04:49.350+0200] {logging_mixin.py:188} INFO - [2025-08-19T17:04:49.350+0200] {dag.py:3089} INFO - Sync 1 DAGs
[2025-08-19T17:04:49.353+0200] {logging_mixin.py:188} INFO - [2025-08-19T17:04:49.353+0200] {dag.py:3947} INFO - Setting next_dagrun for tutorial_objectstorage to None, run_after=None
[2025-08-19T17:04:49.360+0200] {processor.py:183} INFO - Processing /Users/ehabhasan/.venvs/airflow310/lib/python3.10/site-packages/airflow/example_dags/tutorial_objectstorage.py took 0.089 seconds
[2025-08-19T17:05:42.258+0200] {processor.py:161} INFO - Started process (PID=9292) to work on /Users/ehabhasan/.venvs/airflow310/lib/python3.10/site-packages/airflow/example_dags/tutorial_objectstorage.py
[2025-08-19T17:05:42.259+0200] {processor.py:830} INFO - Processing file /Users/ehabhasan/.venvs/airflow310/lib/python3.10/site-packages/airflow/example_dags/tutorial_objectstorage.py for tasks to queue
[2025-08-19T17:05:42.259+0200] {logging_mixin.py:188} INFO - [2025-08-19T17:05:42.259+0200] {dagbag.py:545} INFO - Filling up the DagBag from /Users/ehabhasan/.venvs/airflow310/lib/python3.10/site-packages/airflow/example_dags/tutorial_objectstorage.py
[2025-08-19T17:05:42.284+0200] {processor.py:840} INFO - DAG(s) 'tutorial_objectstorage' retrieved from /Users/ehabhasan/.venvs/airflow310/lib/python3.10/site-packages/airflow/example_dags/tutorial_objectstorage.py
[2025-08-19T17:05:42.338+0200] {logging_mixin.py:188} INFO - [2025-08-19T17:05:42.338+0200] {dag.py:3089} INFO - Sync 1 DAGs
[2025-08-19T17:05:42.341+0200] {logging_mixin.py:188} INFO - [2025-08-19T17:05:42.341+0200] {dag.py:3947} INFO - Setting next_dagrun for tutorial_objectstorage to None, run_after=None
[2025-08-19T17:05:42.348+0200] {processor.py:183} INFO - Processing /Users/ehabhasan/.venvs/airflow310/lib/python3.10/site-packages/airflow/example_dags/tutorial_objectstorage.py took 0.091 seconds
[2025-08-19T17:06:34.376+0200] {processor.py:161} INFO - Started process (PID=9447) to work on /Users/ehabhasan/.venvs/airflow310/lib/python3.10/site-packages/airflow/example_dags/tutorial_objectstorage.py
[2025-08-19T17:06:34.376+0200] {processor.py:830} INFO - Processing file /Users/ehabhasan/.venvs/airflow310/lib/python3.10/site-packages/airflow/example_dags/tutorial_objectstorage.py for tasks to queue
[2025-08-19T17:06:34.376+0200] {logging_mixin.py:188} INFO - [2025-08-19T17:06:34.376+0200] {dagbag.py:545} INFO - Filling up the DagBag from /Users/ehabhasan/.venvs/airflow310/lib/python3.10/site-packages/airflow/example_dags/tutorial_objectstorage.py
[2025-08-19T17:06:34.402+0200] {processor.py:840} INFO - DAG(s) 'tutorial_objectstorage' retrieved from /Users/ehabhasan/.venvs/airflow310/lib/python3.10/site-packages/airflow/example_dags/tutorial_objectstorage.py
[2025-08-19T17:06:34.456+0200] {logging_mixin.py:188} INFO - [2025-08-19T17:06:34.456+0200] {dag.py:3089} INFO - Sync 1 DAGs
[2025-08-19T17:06:34.460+0200] {logging_mixin.py:188} INFO - [2025-08-19T17:06:34.460+0200] {dag.py:3947} INFO - Setting next_dagrun for tutorial_objectstorage to None, run_after=None
[2025-08-19T17:06:34.466+0200] {processor.py:183} INFO - Processing /Users/ehabhasan/.venvs/airflow310/lib/python3.10/site-packages/airflow/example_dags/tutorial_objectstorage.py took 0.092 seconds
[2025-08-19T17:07:27.582+0200] {processor.py:161} INFO - Started process (PID=10099) to work on /Users/ehabhasan/.venvs/airflow310/lib/python3.10/site-packages/airflow/example_dags/tutorial_objectstorage.py
[2025-08-19T17:07:27.582+0200] {processor.py:830} INFO - Processing file /Users/ehabhasan/.venvs/airflow310/lib/python3.10/site-packages/airflow/example_dags/tutorial_objectstorage.py for tasks to queue
[2025-08-19T17:07:27.583+0200] {logging_mixin.py:188} INFO - [2025-08-19T17:07:27.583+0200] {dagbag.py:545} INFO - Filling up the DagBag from /Users/ehabhasan/.venvs/airflow310/lib/python3.10/site-packages/airflow/example_dags/tutorial_objectstorage.py
[2025-08-19T17:07:27.609+0200] {processor.py:840} INFO - DAG(s) 'tutorial_objectstorage' retrieved from /Users/ehabhasan/.venvs/airflow310/lib/python3.10/site-packages/airflow/example_dags/tutorial_objectstorage.py
[2025-08-19T17:07:27.665+0200] {logging_mixin.py:188} INFO - [2025-08-19T17:07:27.664+0200] {dag.py:3089} INFO - Sync 1 DAGs
[2025-08-19T17:07:27.668+0200] {logging_mixin.py:188} INFO - [2025-08-19T17:07:27.668+0200] {dag.py:3947} INFO - Setting next_dagrun for tutorial_objectstorage to None, run_after=None
[2025-08-19T17:07:27.674+0200] {processor.py:183} INFO - Processing /Users/ehabhasan/.venvs/airflow310/lib/python3.10/site-packages/airflow/example_dags/tutorial_objectstorage.py took 0.094 seconds
[2025-08-19T17:08:21.742+0200] {processor.py:161} INFO - Started process (PID=10143) to work on /Users/ehabhasan/.venvs/airflow310/lib/python3.10/site-packages/airflow/example_dags/tutorial_objectstorage.py
[2025-08-19T17:08:21.742+0200] {processor.py:830} INFO - Processing file /Users/ehabhasan/.venvs/airflow310/lib/python3.10/site-packages/airflow/example_dags/tutorial_objectstorage.py for tasks to queue
[2025-08-19T17:08:21.743+0200] {logging_mixin.py:188} INFO - [2025-08-19T17:08:21.743+0200] {dagbag.py:545} INFO - Filling up the DagBag from /Users/ehabhasan/.venvs/airflow310/lib/python3.10/site-packages/airflow/example_dags/tutorial_objectstorage.py
[2025-08-19T17:08:21.768+0200] {processor.py:840} INFO - DAG(s) 'tutorial_objectstorage' retrieved from /Users/ehabhasan/.venvs/airflow310/lib/python3.10/site-packages/airflow/example_dags/tutorial_objectstorage.py
[2025-08-19T17:08:21.821+0200] {logging_mixin.py:188} INFO - [2025-08-19T17:08:21.821+0200] {dag.py:3089} INFO - Sync 1 DAGs
[2025-08-19T17:08:21.825+0200] {logging_mixin.py:188} INFO - [2025-08-19T17:08:21.825+0200] {dag.py:3947} INFO - Setting next_dagrun for tutorial_objectstorage to None, run_after=None
[2025-08-19T17:08:21.831+0200] {processor.py:183} INFO - Processing /Users/ehabhasan/.venvs/airflow310/lib/python3.10/site-packages/airflow/example_dags/tutorial_objectstorage.py took 0.091 seconds
[2025-08-19T17:09:19.198+0200] {processor.py:161} INFO - Started process (PID=10203) to work on /Users/ehabhasan/.venvs/airflow310/lib/python3.10/site-packages/airflow/example_dags/tutorial_objectstorage.py
[2025-08-19T17:09:19.199+0200] {processor.py:830} INFO - Processing file /Users/ehabhasan/.venvs/airflow310/lib/python3.10/site-packages/airflow/example_dags/tutorial_objectstorage.py for tasks to queue
[2025-08-19T17:09:19.199+0200] {logging_mixin.py:188} INFO - [2025-08-19T17:09:19.199+0200] {dagbag.py:545} INFO - Filling up the DagBag from /Users/ehabhasan/.venvs/airflow310/lib/python3.10/site-packages/airflow/example_dags/tutorial_objectstorage.py
[2025-08-19T17:09:19.226+0200] {processor.py:840} INFO - DAG(s) 'tutorial_objectstorage' retrieved from /Users/ehabhasan/.venvs/airflow310/lib/python3.10/site-packages/airflow/example_dags/tutorial_objectstorage.py
[2025-08-19T17:09:19.285+0200] {logging_mixin.py:188} INFO - [2025-08-19T17:09:19.285+0200] {dag.py:3089} INFO - Sync 1 DAGs
[2025-08-19T17:09:19.288+0200] {logging_mixin.py:188} INFO - [2025-08-19T17:09:19.288+0200] {dag.py:3947} INFO - Setting next_dagrun for tutorial_objectstorage to None, run_after=None
[2025-08-19T17:09:19.295+0200] {processor.py:183} INFO - Processing /Users/ehabhasan/.venvs/airflow310/lib/python3.10/site-packages/airflow/example_dags/tutorial_objectstorage.py took 0.098 seconds
[2025-08-19T17:10:14.575+0200] {processor.py:161} INFO - Started process (PID=10265) to work on /Users/ehabhasan/.venvs/airflow310/lib/python3.10/site-packages/airflow/example_dags/tutorial_objectstorage.py
[2025-08-19T17:10:14.576+0200] {processor.py:830} INFO - Processing file /Users/ehabhasan/.venvs/airflow310/lib/python3.10/site-packages/airflow/example_dags/tutorial_objectstorage.py for tasks to queue
[2025-08-19T17:10:14.576+0200] {logging_mixin.py:188} INFO - [2025-08-19T17:10:14.576+0200] {dagbag.py:545} INFO - Filling up the DagBag from /Users/ehabhasan/.venvs/airflow310/lib/python3.10/site-packages/airflow/example_dags/tutorial_objectstorage.py
[2025-08-19T17:10:14.602+0200] {processor.py:840} INFO - DAG(s) 'tutorial_objectstorage' retrieved from /Users/ehabhasan/.venvs/airflow310/lib/python3.10/site-packages/airflow/example_dags/tutorial_objectstorage.py
[2025-08-19T17:10:14.656+0200] {logging_mixin.py:188} INFO - [2025-08-19T17:10:14.655+0200] {dag.py:3089} INFO - Sync 1 DAGs
[2025-08-19T17:10:14.659+0200] {logging_mixin.py:188} INFO - [2025-08-19T17:10:14.659+0200] {dag.py:3947} INFO - Setting next_dagrun for tutorial_objectstorage to None, run_after=None
[2025-08-19T17:10:14.665+0200] {processor.py:183} INFO - Processing /Users/ehabhasan/.venvs/airflow310/lib/python3.10/site-packages/airflow/example_dags/tutorial_objectstorage.py took 0.091 seconds
[2025-08-19T17:11:05.277+0200] {processor.py:161} INFO - Started process (PID=10302) to work on /Users/ehabhasan/.venvs/airflow310/lib/python3.10/site-packages/airflow/example_dags/tutorial_objectstorage.py
[2025-08-19T17:11:05.278+0200] {processor.py:830} INFO - Processing file /Users/ehabhasan/.venvs/airflow310/lib/python3.10/site-packages/airflow/example_dags/tutorial_objectstorage.py for tasks to queue
[2025-08-19T17:11:05.278+0200] {logging_mixin.py:188} INFO - [2025-08-19T17:11:05.278+0200] {dagbag.py:545} INFO - Filling up the DagBag from /Users/ehabhasan/.venvs/airflow310/lib/python3.10/site-packages/airflow/example_dags/tutorial_objectstorage.py
[2025-08-19T17:11:05.305+0200] {processor.py:840} INFO - DAG(s) 'tutorial_objectstorage' retrieved from /Users/ehabhasan/.venvs/airflow310/lib/python3.10/site-packages/airflow/example_dags/tutorial_objectstorage.py
[2025-08-19T17:11:05.360+0200] {logging_mixin.py:188} INFO - [2025-08-19T17:11:05.359+0200] {dag.py:3089} INFO - Sync 1 DAGs
[2025-08-19T17:11:05.363+0200] {logging_mixin.py:188} INFO - [2025-08-19T17:11:05.363+0200] {dag.py:3947} INFO - Setting next_dagrun for tutorial_objectstorage to None, run_after=None
[2025-08-19T17:11:05.369+0200] {processor.py:183} INFO - Processing /Users/ehabhasan/.venvs/airflow310/lib/python3.10/site-packages/airflow/example_dags/tutorial_objectstorage.py took 0.093 seconds
[2025-08-19T17:11:59.284+0200] {processor.py:161} INFO - Started process (PID=10342) to work on /Users/ehabhasan/.venvs/airflow310/lib/python3.10/site-packages/airflow/example_dags/tutorial_objectstorage.py
[2025-08-19T17:11:59.285+0200] {processor.py:830} INFO - Processing file /Users/ehabhasan/.venvs/airflow310/lib/python3.10/site-packages/airflow/example_dags/tutorial_objectstorage.py for tasks to queue
[2025-08-19T17:11:59.285+0200] {logging_mixin.py:188} INFO - [2025-08-19T17:11:59.285+0200] {dagbag.py:545} INFO - Filling up the DagBag from /Users/ehabhasan/.venvs/airflow310/lib/python3.10/site-packages/airflow/example_dags/tutorial_objectstorage.py
[2025-08-19T17:11:59.313+0200] {processor.py:840} INFO - DAG(s) 'tutorial_objectstorage' retrieved from /Users/ehabhasan/.venvs/airflow310/lib/python3.10/site-packages/airflow/example_dags/tutorial_objectstorage.py
[2025-08-19T17:11:59.383+0200] {logging_mixin.py:188} INFO - [2025-08-19T17:11:59.383+0200] {dag.py:3089} INFO - Sync 1 DAGs
[2025-08-19T17:11:59.387+0200] {logging_mixin.py:188} INFO - [2025-08-19T17:11:59.387+0200] {dag.py:3947} INFO - Setting next_dagrun for tutorial_objectstorage to None, run_after=None
[2025-08-19T17:11:59.395+0200] {processor.py:183} INFO - Processing /Users/ehabhasan/.venvs/airflow310/lib/python3.10/site-packages/airflow/example_dags/tutorial_objectstorage.py took 0.112 seconds
[2025-08-19T17:12:56.782+0200] {processor.py:161} INFO - Started process (PID=10396) to work on /Users/ehabhasan/.venvs/airflow310/lib/python3.10/site-packages/airflow/example_dags/tutorial_objectstorage.py
[2025-08-19T17:12:56.782+0200] {processor.py:830} INFO - Processing file /Users/ehabhasan/.venvs/airflow310/lib/python3.10/site-packages/airflow/example_dags/tutorial_objectstorage.py for tasks to queue
[2025-08-19T17:12:56.782+0200] {logging_mixin.py:188} INFO - [2025-08-19T17:12:56.782+0200] {dagbag.py:545} INFO - Filling up the DagBag from /Users/ehabhasan/.venvs/airflow310/lib/python3.10/site-packages/airflow/example_dags/tutorial_objectstorage.py
[2025-08-19T17:12:56.809+0200] {processor.py:840} INFO - DAG(s) 'tutorial_objectstorage' retrieved from /Users/ehabhasan/.venvs/airflow310/lib/python3.10/site-packages/airflow/example_dags/tutorial_objectstorage.py
[2025-08-19T17:12:56.863+0200] {logging_mixin.py:188} INFO - [2025-08-19T17:12:56.863+0200] {dag.py:3089} INFO - Sync 1 DAGs
[2025-08-19T17:12:56.867+0200] {logging_mixin.py:188} INFO - [2025-08-19T17:12:56.866+0200] {dag.py:3947} INFO - Setting next_dagrun for tutorial_objectstorage to None, run_after=None
[2025-08-19T17:12:56.873+0200] {processor.py:183} INFO - Processing /Users/ehabhasan/.venvs/airflow310/lib/python3.10/site-packages/airflow/example_dags/tutorial_objectstorage.py took 0.093 seconds
[2025-08-19T17:13:51.775+0200] {processor.py:161} INFO - Started process (PID=10434) to work on /Users/ehabhasan/.venvs/airflow310/lib/python3.10/site-packages/airflow/example_dags/tutorial_objectstorage.py
[2025-08-19T17:13:51.775+0200] {processor.py:830} INFO - Processing file /Users/ehabhasan/.venvs/airflow310/lib/python3.10/site-packages/airflow/example_dags/tutorial_objectstorage.py for tasks to queue
[2025-08-19T17:13:51.776+0200] {logging_mixin.py:188} INFO - [2025-08-19T17:13:51.776+0200] {dagbag.py:545} INFO - Filling up the DagBag from /Users/ehabhasan/.venvs/airflow310/lib/python3.10/site-packages/airflow/example_dags/tutorial_objectstorage.py
[2025-08-19T17:13:51.802+0200] {processor.py:840} INFO - DAG(s) 'tutorial_objectstorage' retrieved from /Users/ehabhasan/.venvs/airflow310/lib/python3.10/site-packages/airflow/example_dags/tutorial_objectstorage.py
[2025-08-19T17:13:51.857+0200] {logging_mixin.py:188} INFO - [2025-08-19T17:13:51.857+0200] {dag.py:3089} INFO - Sync 1 DAGs
[2025-08-19T17:13:51.860+0200] {logging_mixin.py:188} INFO - [2025-08-19T17:13:51.860+0200] {dag.py:3947} INFO - Setting next_dagrun for tutorial_objectstorage to None, run_after=None
[2025-08-19T17:13:51.867+0200] {processor.py:183} INFO - Processing /Users/ehabhasan/.venvs/airflow310/lib/python3.10/site-packages/airflow/example_dags/tutorial_objectstorage.py took 0.093 seconds
[2025-08-19T17:14:48.602+0200] {processor.py:161} INFO - Started process (PID=10509) to work on /Users/ehabhasan/.venvs/airflow310/lib/python3.10/site-packages/airflow/example_dags/tutorial_objectstorage.py
[2025-08-19T17:14:48.602+0200] {processor.py:830} INFO - Processing file /Users/ehabhasan/.venvs/airflow310/lib/python3.10/site-packages/airflow/example_dags/tutorial_objectstorage.py for tasks to queue
[2025-08-19T17:14:48.602+0200] {logging_mixin.py:188} INFO - [2025-08-19T17:14:48.602+0200] {dagbag.py:545} INFO - Filling up the DagBag from /Users/ehabhasan/.venvs/airflow310/lib/python3.10/site-packages/airflow/example_dags/tutorial_objectstorage.py
[2025-08-19T17:14:48.628+0200] {processor.py:840} INFO - DAG(s) 'tutorial_objectstorage' retrieved from /Users/ehabhasan/.venvs/airflow310/lib/python3.10/site-packages/airflow/example_dags/tutorial_objectstorage.py
[2025-08-19T17:14:48.683+0200] {logging_mixin.py:188} INFO - [2025-08-19T17:14:48.683+0200] {dag.py:3089} INFO - Sync 1 DAGs
[2025-08-19T17:14:48.686+0200] {logging_mixin.py:188} INFO - [2025-08-19T17:14:48.686+0200] {dag.py:3947} INFO - Setting next_dagrun for tutorial_objectstorage to None, run_after=None
[2025-08-19T17:14:48.692+0200] {processor.py:183} INFO - Processing /Users/ehabhasan/.venvs/airflow310/lib/python3.10/site-packages/airflow/example_dags/tutorial_objectstorage.py took 0.092 seconds
[2025-08-19T17:15:44.944+0200] {processor.py:161} INFO - Started process (PID=10785) to work on /Users/ehabhasan/.venvs/airflow310/lib/python3.10/site-packages/airflow/example_dags/tutorial_objectstorage.py
[2025-08-19T17:15:44.944+0200] {processor.py:830} INFO - Processing file /Users/ehabhasan/.venvs/airflow310/lib/python3.10/site-packages/airflow/example_dags/tutorial_objectstorage.py for tasks to queue
[2025-08-19T17:15:44.945+0200] {logging_mixin.py:188} INFO - [2025-08-19T17:15:44.945+0200] {dagbag.py:545} INFO - Filling up the DagBag from /Users/ehabhasan/.venvs/airflow310/lib/python3.10/site-packages/airflow/example_dags/tutorial_objectstorage.py
[2025-08-19T17:15:44.970+0200] {processor.py:840} INFO - DAG(s) 'tutorial_objectstorage' retrieved from /Users/ehabhasan/.venvs/airflow310/lib/python3.10/site-packages/airflow/example_dags/tutorial_objectstorage.py
[2025-08-19T17:15:45.023+0200] {logging_mixin.py:188} INFO - [2025-08-19T17:15:45.023+0200] {dag.py:3089} INFO - Sync 1 DAGs
[2025-08-19T17:15:45.026+0200] {logging_mixin.py:188} INFO - [2025-08-19T17:15:45.026+0200] {dag.py:3947} INFO - Setting next_dagrun for tutorial_objectstorage to None, run_after=None
[2025-08-19T17:15:45.033+0200] {processor.py:183} INFO - Processing /Users/ehabhasan/.venvs/airflow310/lib/python3.10/site-packages/airflow/example_dags/tutorial_objectstorage.py took 0.090 seconds
[2025-08-19T17:16:40.162+0200] {processor.py:161} INFO - Started process (PID=11398) to work on /Users/ehabhasan/.venvs/airflow310/lib/python3.10/site-packages/airflow/example_dags/tutorial_objectstorage.py
[2025-08-19T17:16:40.163+0200] {processor.py:830} INFO - Processing file /Users/ehabhasan/.venvs/airflow310/lib/python3.10/site-packages/airflow/example_dags/tutorial_objectstorage.py for tasks to queue
[2025-08-19T17:16:40.163+0200] {logging_mixin.py:188} INFO - [2025-08-19T17:16:40.163+0200] {dagbag.py:545} INFO - Filling up the DagBag from /Users/ehabhasan/.venvs/airflow310/lib/python3.10/site-packages/airflow/example_dags/tutorial_objectstorage.py
[2025-08-19T17:16:40.189+0200] {processor.py:840} INFO - DAG(s) 'tutorial_objectstorage' retrieved from /Users/ehabhasan/.venvs/airflow310/lib/python3.10/site-packages/airflow/example_dags/tutorial_objectstorage.py
[2025-08-19T17:16:40.244+0200] {logging_mixin.py:188} INFO - [2025-08-19T17:16:40.244+0200] {dag.py:3089} INFO - Sync 1 DAGs
[2025-08-19T17:16:40.247+0200] {logging_mixin.py:188} INFO - [2025-08-19T17:16:40.247+0200] {dag.py:3947} INFO - Setting next_dagrun for tutorial_objectstorage to None, run_after=None
[2025-08-19T17:16:40.254+0200] {processor.py:183} INFO - Processing /Users/ehabhasan/.venvs/airflow310/lib/python3.10/site-packages/airflow/example_dags/tutorial_objectstorage.py took 0.093 seconds
[2025-08-19T17:17:36.298+0200] {processor.py:161} INFO - Started process (PID=11451) to work on /Users/ehabhasan/.venvs/airflow310/lib/python3.10/site-packages/airflow/example_dags/tutorial_objectstorage.py
[2025-08-19T17:17:36.299+0200] {processor.py:830} INFO - Processing file /Users/ehabhasan/.venvs/airflow310/lib/python3.10/site-packages/airflow/example_dags/tutorial_objectstorage.py for tasks to queue
[2025-08-19T17:17:36.299+0200] {logging_mixin.py:188} INFO - [2025-08-19T17:17:36.299+0200] {dagbag.py:545} INFO - Filling up the DagBag from /Users/ehabhasan/.venvs/airflow310/lib/python3.10/site-packages/airflow/example_dags/tutorial_objectstorage.py
[2025-08-19T17:17:36.331+0200] {processor.py:840} INFO - DAG(s) 'tutorial_objectstorage' retrieved from /Users/ehabhasan/.venvs/airflow310/lib/python3.10/site-packages/airflow/example_dags/tutorial_objectstorage.py
[2025-08-19T17:17:36.383+0200] {logging_mixin.py:188} INFO - [2025-08-19T17:17:36.383+0200] {dag.py:3089} INFO - Sync 1 DAGs
[2025-08-19T17:17:36.386+0200] {logging_mixin.py:188} INFO - [2025-08-19T17:17:36.386+0200] {dag.py:3947} INFO - Setting next_dagrun for tutorial_objectstorage to None, run_after=None
[2025-08-19T17:17:36.393+0200] {processor.py:183} INFO - Processing /Users/ehabhasan/.venvs/airflow310/lib/python3.10/site-packages/airflow/example_dags/tutorial_objectstorage.py took 0.096 seconds
[2025-08-19T17:18:31.043+0200] {processor.py:161} INFO - Started process (PID=11499) to work on /Users/ehabhasan/.venvs/airflow310/lib/python3.10/site-packages/airflow/example_dags/tutorial_objectstorage.py
[2025-08-19T17:18:31.043+0200] {processor.py:830} INFO - Processing file /Users/ehabhasan/.venvs/airflow310/lib/python3.10/site-packages/airflow/example_dags/tutorial_objectstorage.py for tasks to queue
[2025-08-19T17:18:31.043+0200] {logging_mixin.py:188} INFO - [2025-08-19T17:18:31.043+0200] {dagbag.py:545} INFO - Filling up the DagBag from /Users/ehabhasan/.venvs/airflow310/lib/python3.10/site-packages/airflow/example_dags/tutorial_objectstorage.py
[2025-08-19T17:18:31.070+0200] {processor.py:840} INFO - DAG(s) 'tutorial_objectstorage' retrieved from /Users/ehabhasan/.venvs/airflow310/lib/python3.10/site-packages/airflow/example_dags/tutorial_objectstorage.py
[2025-08-19T17:18:31.124+0200] {logging_mixin.py:188} INFO - [2025-08-19T17:18:31.124+0200] {dag.py:3089} INFO - Sync 1 DAGs
[2025-08-19T17:18:31.127+0200] {logging_mixin.py:188} INFO - [2025-08-19T17:18:31.127+0200] {dag.py:3947} INFO - Setting next_dagrun for tutorial_objectstorage to None, run_after=None
[2025-08-19T17:18:31.134+0200] {processor.py:183} INFO - Processing /Users/ehabhasan/.venvs/airflow310/lib/python3.10/site-packages/airflow/example_dags/tutorial_objectstorage.py took 0.093 seconds
[2025-08-19T17:19:26.045+0200] {processor.py:161} INFO - Started process (PID=11552) to work on /Users/ehabhasan/.venvs/airflow310/lib/python3.10/site-packages/airflow/example_dags/tutorial_objectstorage.py
[2025-08-19T17:19:26.045+0200] {processor.py:830} INFO - Processing file /Users/ehabhasan/.venvs/airflow310/lib/python3.10/site-packages/airflow/example_dags/tutorial_objectstorage.py for tasks to queue
[2025-08-19T17:19:26.046+0200] {logging_mixin.py:188} INFO - [2025-08-19T17:19:26.046+0200] {dagbag.py:545} INFO - Filling up the DagBag from /Users/ehabhasan/.venvs/airflow310/lib/python3.10/site-packages/airflow/example_dags/tutorial_objectstorage.py
[2025-08-19T17:19:26.071+0200] {processor.py:840} INFO - DAG(s) 'tutorial_objectstorage' retrieved from /Users/ehabhasan/.venvs/airflow310/lib/python3.10/site-packages/airflow/example_dags/tutorial_objectstorage.py
[2025-08-19T17:19:26.125+0200] {logging_mixin.py:188} INFO - [2025-08-19T17:19:26.124+0200] {dag.py:3089} INFO - Sync 1 DAGs
[2025-08-19T17:19:26.128+0200] {logging_mixin.py:188} INFO - [2025-08-19T17:19:26.128+0200] {dag.py:3947} INFO - Setting next_dagrun for tutorial_objectstorage to None, run_after=None
[2025-08-19T17:19:26.134+0200] {processor.py:183} INFO - Processing /Users/ehabhasan/.venvs/airflow310/lib/python3.10/site-packages/airflow/example_dags/tutorial_objectstorage.py took 0.091 seconds
[2025-08-19T17:20:18.341+0200] {processor.py:161} INFO - Started process (PID=11601) to work on /Users/ehabhasan/.venvs/airflow310/lib/python3.10/site-packages/airflow/example_dags/tutorial_objectstorage.py
[2025-08-19T17:20:18.342+0200] {processor.py:830} INFO - Processing file /Users/ehabhasan/.venvs/airflow310/lib/python3.10/site-packages/airflow/example_dags/tutorial_objectstorage.py for tasks to queue
[2025-08-19T17:20:18.342+0200] {logging_mixin.py:188} INFO - [2025-08-19T17:20:18.342+0200] {dagbag.py:545} INFO - Filling up the DagBag from /Users/ehabhasan/.venvs/airflow310/lib/python3.10/site-packages/airflow/example_dags/tutorial_objectstorage.py
[2025-08-19T17:20:18.367+0200] {processor.py:840} INFO - DAG(s) 'tutorial_objectstorage' retrieved from /Users/ehabhasan/.venvs/airflow310/lib/python3.10/site-packages/airflow/example_dags/tutorial_objectstorage.py
[2025-08-19T17:20:18.421+0200] {logging_mixin.py:188} INFO - [2025-08-19T17:20:18.421+0200] {dag.py:3089} INFO - Sync 1 DAGs
[2025-08-19T17:20:18.424+0200] {logging_mixin.py:188} INFO - [2025-08-19T17:20:18.424+0200] {dag.py:3947} INFO - Setting next_dagrun for tutorial_objectstorage to None, run_after=None
[2025-08-19T17:20:18.431+0200] {processor.py:183} INFO - Processing /Users/ehabhasan/.venvs/airflow310/lib/python3.10/site-packages/airflow/example_dags/tutorial_objectstorage.py took 0.091 seconds
[2025-08-19T17:21:07.364+0200] {processor.py:161} INFO - Started process (PID=11636) to work on /Users/ehabhasan/.venvs/airflow310/lib/python3.10/site-packages/airflow/example_dags/tutorial_objectstorage.py
[2025-08-19T17:21:07.365+0200] {processor.py:830} INFO - Processing file /Users/ehabhasan/.venvs/airflow310/lib/python3.10/site-packages/airflow/example_dags/tutorial_objectstorage.py for tasks to queue
[2025-08-19T17:21:07.365+0200] {logging_mixin.py:188} INFO - [2025-08-19T17:21:07.365+0200] {dagbag.py:545} INFO - Filling up the DagBag from /Users/ehabhasan/.venvs/airflow310/lib/python3.10/site-packages/airflow/example_dags/tutorial_objectstorage.py
[2025-08-19T17:21:07.390+0200] {processor.py:840} INFO - DAG(s) 'tutorial_objectstorage' retrieved from /Users/ehabhasan/.venvs/airflow310/lib/python3.10/site-packages/airflow/example_dags/tutorial_objectstorage.py
[2025-08-19T17:21:07.445+0200] {logging_mixin.py:188} INFO - [2025-08-19T17:21:07.445+0200] {dag.py:3089} INFO - Sync 1 DAGs
[2025-08-19T17:21:07.448+0200] {logging_mixin.py:188} INFO - [2025-08-19T17:21:07.448+0200] {dag.py:3947} INFO - Setting next_dagrun for tutorial_objectstorage to None, run_after=None
[2025-08-19T17:21:07.455+0200] {processor.py:183} INFO - Processing /Users/ehabhasan/.venvs/airflow310/lib/python3.10/site-packages/airflow/example_dags/tutorial_objectstorage.py took 0.092 seconds
[2025-08-19T17:22:02.447+0200] {processor.py:161} INFO - Started process (PID=11671) to work on /Users/ehabhasan/.venvs/airflow310/lib/python3.10/site-packages/airflow/example_dags/tutorial_objectstorage.py
[2025-08-19T17:22:02.448+0200] {processor.py:830} INFO - Processing file /Users/ehabhasan/.venvs/airflow310/lib/python3.10/site-packages/airflow/example_dags/tutorial_objectstorage.py for tasks to queue
[2025-08-19T17:22:02.448+0200] {logging_mixin.py:188} INFO - [2025-08-19T17:22:02.448+0200] {dagbag.py:545} INFO - Filling up the DagBag from /Users/ehabhasan/.venvs/airflow310/lib/python3.10/site-packages/airflow/example_dags/tutorial_objectstorage.py
[2025-08-19T17:22:02.473+0200] {processor.py:840} INFO - DAG(s) 'tutorial_objectstorage' retrieved from /Users/ehabhasan/.venvs/airflow310/lib/python3.10/site-packages/airflow/example_dags/tutorial_objectstorage.py
[2025-08-19T17:22:02.527+0200] {logging_mixin.py:188} INFO - [2025-08-19T17:22:02.526+0200] {dag.py:3089} INFO - Sync 1 DAGs
[2025-08-19T17:22:02.530+0200] {logging_mixin.py:188} INFO - [2025-08-19T17:22:02.530+0200] {dag.py:3947} INFO - Setting next_dagrun for tutorial_objectstorage to None, run_after=None
[2025-08-19T17:22:02.536+0200] {processor.py:183} INFO - Processing /Users/ehabhasan/.venvs/airflow310/lib/python3.10/site-packages/airflow/example_dags/tutorial_objectstorage.py took 0.091 seconds
[2025-08-19T17:22:58.969+0200] {processor.py:161} INFO - Started process (PID=11709) to work on /Users/ehabhasan/.venvs/airflow310/lib/python3.10/site-packages/airflow/example_dags/tutorial_objectstorage.py
[2025-08-19T17:22:58.969+0200] {processor.py:830} INFO - Processing file /Users/ehabhasan/.venvs/airflow310/lib/python3.10/site-packages/airflow/example_dags/tutorial_objectstorage.py for tasks to queue
[2025-08-19T17:22:58.969+0200] {logging_mixin.py:188} INFO - [2025-08-19T17:22:58.969+0200] {dagbag.py:545} INFO - Filling up the DagBag from /Users/ehabhasan/.venvs/airflow310/lib/python3.10/site-packages/airflow/example_dags/tutorial_objectstorage.py
[2025-08-19T17:22:58.994+0200] {processor.py:840} INFO - DAG(s) 'tutorial_objectstorage' retrieved from /Users/ehabhasan/.venvs/airflow310/lib/python3.10/site-packages/airflow/example_dags/tutorial_objectstorage.py
[2025-08-19T17:22:59.048+0200] {logging_mixin.py:188} INFO - [2025-08-19T17:22:59.048+0200] {dag.py:3089} INFO - Sync 1 DAGs
[2025-08-19T17:22:59.052+0200] {logging_mixin.py:188} INFO - [2025-08-19T17:22:59.051+0200] {dag.py:3947} INFO - Setting next_dagrun for tutorial_objectstorage to None, run_after=None
[2025-08-19T17:22:59.058+0200] {processor.py:183} INFO - Processing /Users/ehabhasan/.venvs/airflow310/lib/python3.10/site-packages/airflow/example_dags/tutorial_objectstorage.py took 0.091 seconds
[2025-08-19T17:23:51.229+0200] {processor.py:161} INFO - Started process (PID=11747) to work on /Users/ehabhasan/.venvs/airflow310/lib/python3.10/site-packages/airflow/example_dags/tutorial_objectstorage.py
[2025-08-19T17:23:51.229+0200] {processor.py:830} INFO - Processing file /Users/ehabhasan/.venvs/airflow310/lib/python3.10/site-packages/airflow/example_dags/tutorial_objectstorage.py for tasks to queue
[2025-08-19T17:23:51.229+0200] {logging_mixin.py:188} INFO - [2025-08-19T17:23:51.229+0200] {dagbag.py:545} INFO - Filling up the DagBag from /Users/ehabhasan/.venvs/airflow310/lib/python3.10/site-packages/airflow/example_dags/tutorial_objectstorage.py
[2025-08-19T17:23:51.255+0200] {processor.py:840} INFO - DAG(s) 'tutorial_objectstorage' retrieved from /Users/ehabhasan/.venvs/airflow310/lib/python3.10/site-packages/airflow/example_dags/tutorial_objectstorage.py
[2025-08-19T17:23:51.309+0200] {logging_mixin.py:188} INFO - [2025-08-19T17:23:51.309+0200] {dag.py:3089} INFO - Sync 1 DAGs
[2025-08-19T17:23:51.312+0200] {logging_mixin.py:188} INFO - [2025-08-19T17:23:51.312+0200] {dag.py:3947} INFO - Setting next_dagrun for tutorial_objectstorage to None, run_after=None
[2025-08-19T17:23:51.319+0200] {processor.py:183} INFO - Processing /Users/ehabhasan/.venvs/airflow310/lib/python3.10/site-packages/airflow/example_dags/tutorial_objectstorage.py took 0.092 seconds
[2025-08-19T17:24:43.378+0200] {processor.py:161} INFO - Started process (PID=11790) to work on /Users/ehabhasan/.venvs/airflow310/lib/python3.10/site-packages/airflow/example_dags/tutorial_objectstorage.py
[2025-08-19T17:24:43.379+0200] {processor.py:830} INFO - Processing file /Users/ehabhasan/.venvs/airflow310/lib/python3.10/site-packages/airflow/example_dags/tutorial_objectstorage.py for tasks to queue
[2025-08-19T17:24:43.380+0200] {logging_mixin.py:188} INFO - [2025-08-19T17:24:43.380+0200] {dagbag.py:545} INFO - Filling up the DagBag from /Users/ehabhasan/.venvs/airflow310/lib/python3.10/site-packages/airflow/example_dags/tutorial_objectstorage.py
[2025-08-19T17:24:43.412+0200] {processor.py:840} INFO - DAG(s) 'tutorial_objectstorage' retrieved from /Users/ehabhasan/.venvs/airflow310/lib/python3.10/site-packages/airflow/example_dags/tutorial_objectstorage.py
[2025-08-19T17:24:43.467+0200] {logging_mixin.py:188} INFO - [2025-08-19T17:24:43.467+0200] {dag.py:3089} INFO - Sync 1 DAGs
[2025-08-19T17:24:43.471+0200] {logging_mixin.py:188} INFO - [2025-08-19T17:24:43.471+0200] {dag.py:3947} INFO - Setting next_dagrun for tutorial_objectstorage to None, run_after=None
[2025-08-19T17:24:43.477+0200] {processor.py:183} INFO - Processing /Users/ehabhasan/.venvs/airflow310/lib/python3.10/site-packages/airflow/example_dags/tutorial_objectstorage.py took 0.101 seconds
[2025-08-19T17:25:38.410+0200] {processor.py:161} INFO - Started process (PID=11828) to work on /Users/ehabhasan/.venvs/airflow310/lib/python3.10/site-packages/airflow/example_dags/tutorial_objectstorage.py
[2025-08-19T17:25:38.411+0200] {processor.py:830} INFO - Processing file /Users/ehabhasan/.venvs/airflow310/lib/python3.10/site-packages/airflow/example_dags/tutorial_objectstorage.py for tasks to queue
[2025-08-19T17:25:38.411+0200] {logging_mixin.py:188} INFO - [2025-08-19T17:25:38.411+0200] {dagbag.py:545} INFO - Filling up the DagBag from /Users/ehabhasan/.venvs/airflow310/lib/python3.10/site-packages/airflow/example_dags/tutorial_objectstorage.py
[2025-08-19T17:25:38.445+0200] {processor.py:840} INFO - DAG(s) 'tutorial_objectstorage' retrieved from /Users/ehabhasan/.venvs/airflow310/lib/python3.10/site-packages/airflow/example_dags/tutorial_objectstorage.py
[2025-08-19T17:25:38.505+0200] {logging_mixin.py:188} INFO - [2025-08-19T17:25:38.505+0200] {dag.py:3089} INFO - Sync 1 DAGs
[2025-08-19T17:25:38.509+0200] {logging_mixin.py:188} INFO - [2025-08-19T17:25:38.509+0200] {dag.py:3947} INFO - Setting next_dagrun for tutorial_objectstorage to None, run_after=None
[2025-08-19T17:25:38.516+0200] {processor.py:183} INFO - Processing /Users/ehabhasan/.venvs/airflow310/lib/python3.10/site-packages/airflow/example_dags/tutorial_objectstorage.py took 0.108 seconds
[2025-08-19T17:26:30.758+0200] {processor.py:161} INFO - Started process (PID=11870) to work on /Users/ehabhasan/.venvs/airflow310/lib/python3.10/site-packages/airflow/example_dags/tutorial_objectstorage.py
[2025-08-19T17:26:30.759+0200] {processor.py:830} INFO - Processing file /Users/ehabhasan/.venvs/airflow310/lib/python3.10/site-packages/airflow/example_dags/tutorial_objectstorage.py for tasks to queue
[2025-08-19T17:26:30.759+0200] {logging_mixin.py:188} INFO - [2025-08-19T17:26:30.759+0200] {dagbag.py:545} INFO - Filling up the DagBag from /Users/ehabhasan/.venvs/airflow310/lib/python3.10/site-packages/airflow/example_dags/tutorial_objectstorage.py
[2025-08-19T17:26:30.784+0200] {processor.py:840} INFO - DAG(s) 'tutorial_objectstorage' retrieved from /Users/ehabhasan/.venvs/airflow310/lib/python3.10/site-packages/airflow/example_dags/tutorial_objectstorage.py
[2025-08-19T17:26:30.837+0200] {logging_mixin.py:188} INFO - [2025-08-19T17:26:30.837+0200] {dag.py:3089} INFO - Sync 1 DAGs
[2025-08-19T17:26:30.841+0200] {logging_mixin.py:188} INFO - [2025-08-19T17:26:30.841+0200] {dag.py:3947} INFO - Setting next_dagrun for tutorial_objectstorage to None, run_after=None
[2025-08-19T17:26:30.847+0200] {processor.py:183} INFO - Processing /Users/ehabhasan/.venvs/airflow310/lib/python3.10/site-packages/airflow/example_dags/tutorial_objectstorage.py took 0.090 seconds
[2025-08-19T17:27:26.435+0200] {processor.py:161} INFO - Started process (PID=11909) to work on /Users/ehabhasan/.venvs/airflow310/lib/python3.10/site-packages/airflow/example_dags/tutorial_objectstorage.py
[2025-08-19T17:27:26.435+0200] {processor.py:830} INFO - Processing file /Users/ehabhasan/.venvs/airflow310/lib/python3.10/site-packages/airflow/example_dags/tutorial_objectstorage.py for tasks to queue
[2025-08-19T17:27:26.435+0200] {logging_mixin.py:188} INFO - [2025-08-19T17:27:26.435+0200] {dagbag.py:545} INFO - Filling up the DagBag from /Users/ehabhasan/.venvs/airflow310/lib/python3.10/site-packages/airflow/example_dags/tutorial_objectstorage.py
[2025-08-19T17:27:26.462+0200] {processor.py:840} INFO - DAG(s) 'tutorial_objectstorage' retrieved from /Users/ehabhasan/.venvs/airflow310/lib/python3.10/site-packages/airflow/example_dags/tutorial_objectstorage.py
[2025-08-19T17:27:26.517+0200] {logging_mixin.py:188} INFO - [2025-08-19T17:27:26.517+0200] {dag.py:3089} INFO - Sync 1 DAGs
[2025-08-19T17:27:26.520+0200] {logging_mixin.py:188} INFO - [2025-08-19T17:27:26.520+0200] {dag.py:3947} INFO - Setting next_dagrun for tutorial_objectstorage to None, run_after=None
[2025-08-19T17:27:26.527+0200] {processor.py:183} INFO - Processing /Users/ehabhasan/.venvs/airflow310/lib/python3.10/site-packages/airflow/example_dags/tutorial_objectstorage.py took 0.094 seconds
[2025-08-19T17:28:20.820+0200] {processor.py:161} INFO - Started process (PID=11958) to work on /Users/ehabhasan/.venvs/airflow310/lib/python3.10/site-packages/airflow/example_dags/tutorial_objectstorage.py
[2025-08-19T17:28:20.822+0200] {processor.py:830} INFO - Processing file /Users/ehabhasan/.venvs/airflow310/lib/python3.10/site-packages/airflow/example_dags/tutorial_objectstorage.py for tasks to queue
[2025-08-19T17:28:20.822+0200] {logging_mixin.py:188} INFO - [2025-08-19T17:28:20.822+0200] {dagbag.py:545} INFO - Filling up the DagBag from /Users/ehabhasan/.venvs/airflow310/lib/python3.10/site-packages/airflow/example_dags/tutorial_objectstorage.py
[2025-08-19T17:28:20.854+0200] {processor.py:840} INFO - DAG(s) 'tutorial_objectstorage' retrieved from /Users/ehabhasan/.venvs/airflow310/lib/python3.10/site-packages/airflow/example_dags/tutorial_objectstorage.py
[2025-08-19T17:28:20.908+0200] {logging_mixin.py:188} INFO - [2025-08-19T17:28:20.908+0200] {dag.py:3089} INFO - Sync 1 DAGs
[2025-08-19T17:28:20.911+0200] {logging_mixin.py:188} INFO - [2025-08-19T17:28:20.911+0200] {dag.py:3947} INFO - Setting next_dagrun for tutorial_objectstorage to None, run_after=None
[2025-08-19T17:28:20.917+0200] {processor.py:183} INFO - Processing /Users/ehabhasan/.venvs/airflow310/lib/python3.10/site-packages/airflow/example_dags/tutorial_objectstorage.py took 0.099 seconds
[2025-08-19T17:29:15.793+0200] {processor.py:161} INFO - Started process (PID=11997) to work on /Users/ehabhasan/.venvs/airflow310/lib/python3.10/site-packages/airflow/example_dags/tutorial_objectstorage.py
[2025-08-19T17:29:15.794+0200] {processor.py:830} INFO - Processing file /Users/ehabhasan/.venvs/airflow310/lib/python3.10/site-packages/airflow/example_dags/tutorial_objectstorage.py for tasks to queue
[2025-08-19T17:29:15.794+0200] {logging_mixin.py:188} INFO - [2025-08-19T17:29:15.794+0200] {dagbag.py:545} INFO - Filling up the DagBag from /Users/ehabhasan/.venvs/airflow310/lib/python3.10/site-packages/airflow/example_dags/tutorial_objectstorage.py
[2025-08-19T17:29:15.819+0200] {processor.py:840} INFO - DAG(s) 'tutorial_objectstorage' retrieved from /Users/ehabhasan/.venvs/airflow310/lib/python3.10/site-packages/airflow/example_dags/tutorial_objectstorage.py
[2025-08-19T17:29:15.874+0200] {logging_mixin.py:188} INFO - [2025-08-19T17:29:15.874+0200] {dag.py:3089} INFO - Sync 1 DAGs
[2025-08-19T17:29:15.878+0200] {logging_mixin.py:188} INFO - [2025-08-19T17:29:15.878+0200] {dag.py:3947} INFO - Setting next_dagrun for tutorial_objectstorage to None, run_after=None
[2025-08-19T17:29:15.884+0200] {processor.py:183} INFO - Processing /Users/ehabhasan/.venvs/airflow310/lib/python3.10/site-packages/airflow/example_dags/tutorial_objectstorage.py took 0.093 seconds
[2025-08-19T17:30:12.648+0200] {processor.py:161} INFO - Started process (PID=12710) to work on /Users/ehabhasan/.venvs/airflow310/lib/python3.10/site-packages/airflow/example_dags/tutorial_objectstorage.py
[2025-08-19T17:30:12.648+0200] {processor.py:830} INFO - Processing file /Users/ehabhasan/.venvs/airflow310/lib/python3.10/site-packages/airflow/example_dags/tutorial_objectstorage.py for tasks to queue
[2025-08-19T17:30:12.649+0200] {logging_mixin.py:188} INFO - [2025-08-19T17:30:12.649+0200] {dagbag.py:545} INFO - Filling up the DagBag from /Users/ehabhasan/.venvs/airflow310/lib/python3.10/site-packages/airflow/example_dags/tutorial_objectstorage.py
[2025-08-19T17:30:12.682+0200] {processor.py:840} INFO - DAG(s) 'tutorial_objectstorage' retrieved from /Users/ehabhasan/.venvs/airflow310/lib/python3.10/site-packages/airflow/example_dags/tutorial_objectstorage.py
[2025-08-19T17:30:12.737+0200] {logging_mixin.py:188} INFO - [2025-08-19T17:30:12.737+0200] {dag.py:3089} INFO - Sync 1 DAGs
[2025-08-19T17:30:12.740+0200] {logging_mixin.py:188} INFO - [2025-08-19T17:30:12.740+0200] {dag.py:3947} INFO - Setting next_dagrun for tutorial_objectstorage to None, run_after=None
[2025-08-19T17:30:12.747+0200] {processor.py:183} INFO - Processing /Users/ehabhasan/.venvs/airflow310/lib/python3.10/site-packages/airflow/example_dags/tutorial_objectstorage.py took 0.101 seconds
[2025-08-19T17:31:07.482+0200] {processor.py:161} INFO - Started process (PID=13926) to work on /Users/ehabhasan/.venvs/airflow310/lib/python3.10/site-packages/airflow/example_dags/tutorial_objectstorage.py
[2025-08-19T17:31:07.482+0200] {processor.py:830} INFO - Processing file /Users/ehabhasan/.venvs/airflow310/lib/python3.10/site-packages/airflow/example_dags/tutorial_objectstorage.py for tasks to queue
[2025-08-19T17:31:07.482+0200] {logging_mixin.py:188} INFO - [2025-08-19T17:31:07.482+0200] {dagbag.py:545} INFO - Filling up the DagBag from /Users/ehabhasan/.venvs/airflow310/lib/python3.10/site-packages/airflow/example_dags/tutorial_objectstorage.py
[2025-08-19T17:31:07.516+0200] {processor.py:840} INFO - DAG(s) 'tutorial_objectstorage' retrieved from /Users/ehabhasan/.venvs/airflow310/lib/python3.10/site-packages/airflow/example_dags/tutorial_objectstorage.py
[2025-08-19T17:31:07.572+0200] {logging_mixin.py:188} INFO - [2025-08-19T17:31:07.572+0200] {dag.py:3089} INFO - Sync 1 DAGs
[2025-08-19T17:31:07.575+0200] {logging_mixin.py:188} INFO - [2025-08-19T17:31:07.575+0200] {dag.py:3947} INFO - Setting next_dagrun for tutorial_objectstorage to None, run_after=None
[2025-08-19T17:31:07.581+0200] {processor.py:183} INFO - Processing /Users/ehabhasan/.venvs/airflow310/lib/python3.10/site-packages/airflow/example_dags/tutorial_objectstorage.py took 0.101 seconds
[2025-08-19T17:32:04.514+0200] {processor.py:161} INFO - Started process (PID=13962) to work on /Users/ehabhasan/.venvs/airflow310/lib/python3.10/site-packages/airflow/example_dags/tutorial_objectstorage.py
[2025-08-19T17:32:04.515+0200] {processor.py:830} INFO - Processing file /Users/ehabhasan/.venvs/airflow310/lib/python3.10/site-packages/airflow/example_dags/tutorial_objectstorage.py for tasks to queue
[2025-08-19T17:32:04.515+0200] {logging_mixin.py:188} INFO - [2025-08-19T17:32:04.515+0200] {dagbag.py:545} INFO - Filling up the DagBag from /Users/ehabhasan/.venvs/airflow310/lib/python3.10/site-packages/airflow/example_dags/tutorial_objectstorage.py
[2025-08-19T17:32:04.543+0200] {processor.py:840} INFO - DAG(s) 'tutorial_objectstorage' retrieved from /Users/ehabhasan/.venvs/airflow310/lib/python3.10/site-packages/airflow/example_dags/tutorial_objectstorage.py
[2025-08-19T17:32:04.601+0200] {logging_mixin.py:188} INFO - [2025-08-19T17:32:04.601+0200] {dag.py:3089} INFO - Sync 1 DAGs
[2025-08-19T17:32:04.604+0200] {logging_mixin.py:188} INFO - [2025-08-19T17:32:04.604+0200] {dag.py:3947} INFO - Setting next_dagrun for tutorial_objectstorage to None, run_after=None
[2025-08-19T17:32:04.611+0200] {processor.py:183} INFO - Processing /Users/ehabhasan/.venvs/airflow310/lib/python3.10/site-packages/airflow/example_dags/tutorial_objectstorage.py took 0.098 seconds
[2025-08-19T17:33:00.245+0200] {processor.py:161} INFO - Started process (PID=14180) to work on /Users/ehabhasan/.venvs/airflow310/lib/python3.10/site-packages/airflow/example_dags/tutorial_objectstorage.py
[2025-08-19T17:33:00.245+0200] {processor.py:830} INFO - Processing file /Users/ehabhasan/.venvs/airflow310/lib/python3.10/site-packages/airflow/example_dags/tutorial_objectstorage.py for tasks to queue
[2025-08-19T17:33:00.245+0200] {logging_mixin.py:188} INFO - [2025-08-19T17:33:00.245+0200] {dagbag.py:545} INFO - Filling up the DagBag from /Users/ehabhasan/.venvs/airflow310/lib/python3.10/site-packages/airflow/example_dags/tutorial_objectstorage.py
[2025-08-19T17:33:00.271+0200] {processor.py:840} INFO - DAG(s) 'tutorial_objectstorage' retrieved from /Users/ehabhasan/.venvs/airflow310/lib/python3.10/site-packages/airflow/example_dags/tutorial_objectstorage.py
[2025-08-19T17:33:00.325+0200] {logging_mixin.py:188} INFO - [2025-08-19T17:33:00.325+0200] {dag.py:3089} INFO - Sync 1 DAGs
[2025-08-19T17:33:00.328+0200] {logging_mixin.py:188} INFO - [2025-08-19T17:33:00.328+0200] {dag.py:3947} INFO - Setting next_dagrun for tutorial_objectstorage to None, run_after=None
[2025-08-19T17:33:00.335+0200] {processor.py:183} INFO - Processing /Users/ehabhasan/.venvs/airflow310/lib/python3.10/site-packages/airflow/example_dags/tutorial_objectstorage.py took 0.092 seconds
[2025-08-19T17:33:53.866+0200] {processor.py:161} INFO - Started process (PID=14227) to work on /Users/ehabhasan/.venvs/airflow310/lib/python3.10/site-packages/airflow/example_dags/tutorial_objectstorage.py
[2025-08-19T17:33:53.867+0200] {processor.py:830} INFO - Processing file /Users/ehabhasan/.venvs/airflow310/lib/python3.10/site-packages/airflow/example_dags/tutorial_objectstorage.py for tasks to queue
[2025-08-19T17:33:53.867+0200] {logging_mixin.py:188} INFO - [2025-08-19T17:33:53.867+0200] {dagbag.py:545} INFO - Filling up the DagBag from /Users/ehabhasan/.venvs/airflow310/lib/python3.10/site-packages/airflow/example_dags/tutorial_objectstorage.py
[2025-08-19T17:33:53.893+0200] {processor.py:840} INFO - DAG(s) 'tutorial_objectstorage' retrieved from /Users/ehabhasan/.venvs/airflow310/lib/python3.10/site-packages/airflow/example_dags/tutorial_objectstorage.py
[2025-08-19T17:33:53.953+0200] {logging_mixin.py:188} INFO - [2025-08-19T17:33:53.953+0200] {dag.py:3089} INFO - Sync 1 DAGs
[2025-08-19T17:33:53.957+0200] {logging_mixin.py:188} INFO - [2025-08-19T17:33:53.957+0200] {dag.py:3947} INFO - Setting next_dagrun for tutorial_objectstorage to None, run_after=None
[2025-08-19T17:33:53.964+0200] {processor.py:183} INFO - Processing /Users/ehabhasan/.venvs/airflow310/lib/python3.10/site-packages/airflow/example_dags/tutorial_objectstorage.py took 0.099 seconds
[2025-08-19T17:34:46.873+0200] {processor.py:161} INFO - Started process (PID=14272) to work on /Users/ehabhasan/.venvs/airflow310/lib/python3.10/site-packages/airflow/example_dags/tutorial_objectstorage.py
[2025-08-19T17:34:46.873+0200] {processor.py:830} INFO - Processing file /Users/ehabhasan/.venvs/airflow310/lib/python3.10/site-packages/airflow/example_dags/tutorial_objectstorage.py for tasks to queue
[2025-08-19T17:34:46.873+0200] {logging_mixin.py:188} INFO - [2025-08-19T17:34:46.873+0200] {dagbag.py:545} INFO - Filling up the DagBag from /Users/ehabhasan/.venvs/airflow310/lib/python3.10/site-packages/airflow/example_dags/tutorial_objectstorage.py
[2025-08-19T17:34:46.902+0200] {processor.py:840} INFO - DAG(s) 'tutorial_objectstorage' retrieved from /Users/ehabhasan/.venvs/airflow310/lib/python3.10/site-packages/airflow/example_dags/tutorial_objectstorage.py
[2025-08-19T17:34:46.958+0200] {logging_mixin.py:188} INFO - [2025-08-19T17:34:46.958+0200] {dag.py:3089} INFO - Sync 1 DAGs
[2025-08-19T17:34:46.961+0200] {logging_mixin.py:188} INFO - [2025-08-19T17:34:46.961+0200] {dag.py:3947} INFO - Setting next_dagrun for tutorial_objectstorage to None, run_after=None
[2025-08-19T17:34:46.968+0200] {processor.py:183} INFO - Processing /Users/ehabhasan/.venvs/airflow310/lib/python3.10/site-packages/airflow/example_dags/tutorial_objectstorage.py took 0.097 seconds
[2025-08-19T17:35:41.814+0200] {processor.py:161} INFO - Started process (PID=14403) to work on /Users/ehabhasan/.venvs/airflow310/lib/python3.10/site-packages/airflow/example_dags/tutorial_objectstorage.py
[2025-08-19T17:35:41.815+0200] {processor.py:830} INFO - Processing file /Users/ehabhasan/.venvs/airflow310/lib/python3.10/site-packages/airflow/example_dags/tutorial_objectstorage.py for tasks to queue
[2025-08-19T17:35:41.815+0200] {logging_mixin.py:188} INFO - [2025-08-19T17:35:41.815+0200] {dagbag.py:545} INFO - Filling up the DagBag from /Users/ehabhasan/.venvs/airflow310/lib/python3.10/site-packages/airflow/example_dags/tutorial_objectstorage.py
[2025-08-19T17:35:41.841+0200] {processor.py:840} INFO - DAG(s) 'tutorial_objectstorage' retrieved from /Users/ehabhasan/.venvs/airflow310/lib/python3.10/site-packages/airflow/example_dags/tutorial_objectstorage.py
[2025-08-19T17:35:41.894+0200] {logging_mixin.py:188} INFO - [2025-08-19T17:35:41.894+0200] {dag.py:3089} INFO - Sync 1 DAGs
[2025-08-19T17:35:41.898+0200] {logging_mixin.py:188} INFO - [2025-08-19T17:35:41.898+0200] {dag.py:3947} INFO - Setting next_dagrun for tutorial_objectstorage to None, run_after=None
[2025-08-19T17:35:41.904+0200] {processor.py:183} INFO - Processing /Users/ehabhasan/.venvs/airflow310/lib/python3.10/site-packages/airflow/example_dags/tutorial_objectstorage.py took 0.091 seconds
[2025-08-19T17:36:40.206+0200] {processor.py:161} INFO - Started process (PID=14490) to work on /Users/ehabhasan/.venvs/airflow310/lib/python3.10/site-packages/airflow/example_dags/tutorial_objectstorage.py
[2025-08-19T17:36:40.206+0200] {processor.py:830} INFO - Processing file /Users/ehabhasan/.venvs/airflow310/lib/python3.10/site-packages/airflow/example_dags/tutorial_objectstorage.py for tasks to queue
[2025-08-19T17:36:40.207+0200] {logging_mixin.py:188} INFO - [2025-08-19T17:36:40.206+0200] {dagbag.py:545} INFO - Filling up the DagBag from /Users/ehabhasan/.venvs/airflow310/lib/python3.10/site-packages/airflow/example_dags/tutorial_objectstorage.py
[2025-08-19T17:36:40.233+0200] {processor.py:840} INFO - DAG(s) 'tutorial_objectstorage' retrieved from /Users/ehabhasan/.venvs/airflow310/lib/python3.10/site-packages/airflow/example_dags/tutorial_objectstorage.py
[2025-08-19T17:36:40.287+0200] {logging_mixin.py:188} INFO - [2025-08-19T17:36:40.287+0200] {dag.py:3089} INFO - Sync 1 DAGs
[2025-08-19T17:36:40.291+0200] {logging_mixin.py:188} INFO - [2025-08-19T17:36:40.291+0200] {dag.py:3947} INFO - Setting next_dagrun for tutorial_objectstorage to None, run_after=None
[2025-08-19T17:36:40.297+0200] {processor.py:183} INFO - Processing /Users/ehabhasan/.venvs/airflow310/lib/python3.10/site-packages/airflow/example_dags/tutorial_objectstorage.py took 0.093 seconds
[2025-08-19T17:37:37.004+0200] {processor.py:161} INFO - Started process (PID=14564) to work on /Users/ehabhasan/.venvs/airflow310/lib/python3.10/site-packages/airflow/example_dags/tutorial_objectstorage.py
[2025-08-19T17:37:37.004+0200] {processor.py:830} INFO - Processing file /Users/ehabhasan/.venvs/airflow310/lib/python3.10/site-packages/airflow/example_dags/tutorial_objectstorage.py for tasks to queue
[2025-08-19T17:37:37.005+0200] {logging_mixin.py:188} INFO - [2025-08-19T17:37:37.004+0200] {dagbag.py:545} INFO - Filling up the DagBag from /Users/ehabhasan/.venvs/airflow310/lib/python3.10/site-packages/airflow/example_dags/tutorial_objectstorage.py
[2025-08-19T17:37:37.031+0200] {processor.py:840} INFO - DAG(s) 'tutorial_objectstorage' retrieved from /Users/ehabhasan/.venvs/airflow310/lib/python3.10/site-packages/airflow/example_dags/tutorial_objectstorage.py
[2025-08-19T17:37:37.084+0200] {logging_mixin.py:188} INFO - [2025-08-19T17:37:37.084+0200] {dag.py:3089} INFO - Sync 1 DAGs
[2025-08-19T17:37:37.088+0200] {logging_mixin.py:188} INFO - [2025-08-19T17:37:37.088+0200] {dag.py:3947} INFO - Setting next_dagrun for tutorial_objectstorage to None, run_after=None
[2025-08-19T17:37:37.094+0200] {processor.py:183} INFO - Processing /Users/ehabhasan/.venvs/airflow310/lib/python3.10/site-packages/airflow/example_dags/tutorial_objectstorage.py took 0.092 seconds
[2025-08-19T17:38:34.271+0200] {processor.py:161} INFO - Started process (PID=14706) to work on /Users/ehabhasan/.venvs/airflow310/lib/python3.10/site-packages/airflow/example_dags/tutorial_objectstorage.py
[2025-08-19T17:38:34.271+0200] {processor.py:830} INFO - Processing file /Users/ehabhasan/.venvs/airflow310/lib/python3.10/site-packages/airflow/example_dags/tutorial_objectstorage.py for tasks to queue
[2025-08-19T17:38:34.272+0200] {logging_mixin.py:188} INFO - [2025-08-19T17:38:34.272+0200] {dagbag.py:545} INFO - Filling up the DagBag from /Users/ehabhasan/.venvs/airflow310/lib/python3.10/site-packages/airflow/example_dags/tutorial_objectstorage.py
[2025-08-19T17:38:34.299+0200] {processor.py:840} INFO - DAG(s) 'tutorial_objectstorage' retrieved from /Users/ehabhasan/.venvs/airflow310/lib/python3.10/site-packages/airflow/example_dags/tutorial_objectstorage.py
[2025-08-19T17:38:34.356+0200] {logging_mixin.py:188} INFO - [2025-08-19T17:38:34.356+0200] {dag.py:3089} INFO - Sync 1 DAGs
[2025-08-19T17:38:34.359+0200] {logging_mixin.py:188} INFO - [2025-08-19T17:38:34.359+0200] {dag.py:3947} INFO - Setting next_dagrun for tutorial_objectstorage to None, run_after=None
[2025-08-19T17:38:34.366+0200] {processor.py:183} INFO - Processing /Users/ehabhasan/.venvs/airflow310/lib/python3.10/site-packages/airflow/example_dags/tutorial_objectstorage.py took 0.096 seconds
[2025-08-19T17:39:37.599+0200] {processor.py:161} INFO - Started process (PID=14763) to work on /Users/ehabhasan/.venvs/airflow310/lib/python3.10/site-packages/airflow/example_dags/tutorial_objectstorage.py
[2025-08-19T17:39:37.599+0200] {processor.py:830} INFO - Processing file /Users/ehabhasan/.venvs/airflow310/lib/python3.10/site-packages/airflow/example_dags/tutorial_objectstorage.py for tasks to queue
[2025-08-19T17:39:37.600+0200] {logging_mixin.py:188} INFO - [2025-08-19T17:39:37.600+0200] {dagbag.py:545} INFO - Filling up the DagBag from /Users/ehabhasan/.venvs/airflow310/lib/python3.10/site-packages/airflow/example_dags/tutorial_objectstorage.py
[2025-08-19T17:39:37.629+0200] {processor.py:840} INFO - DAG(s) 'tutorial_objectstorage' retrieved from /Users/ehabhasan/.venvs/airflow310/lib/python3.10/site-packages/airflow/example_dags/tutorial_objectstorage.py
[2025-08-19T17:39:37.686+0200] {logging_mixin.py:188} INFO - [2025-08-19T17:39:37.686+0200] {dag.py:3089} INFO - Sync 1 DAGs
[2025-08-19T17:39:37.690+0200] {logging_mixin.py:188} INFO - [2025-08-19T17:39:37.690+0200] {dag.py:3947} INFO - Setting next_dagrun for tutorial_objectstorage to None, run_after=None
[2025-08-19T17:39:37.696+0200] {processor.py:183} INFO - Processing /Users/ehabhasan/.venvs/airflow310/lib/python3.10/site-packages/airflow/example_dags/tutorial_objectstorage.py took 0.100 seconds
[2025-08-19T17:40:35.905+0200] {processor.py:161} INFO - Started process (PID=14851) to work on /Users/ehabhasan/.venvs/airflow310/lib/python3.10/site-packages/airflow/example_dags/tutorial_objectstorage.py
[2025-08-19T17:40:35.905+0200] {processor.py:830} INFO - Processing file /Users/ehabhasan/.venvs/airflow310/lib/python3.10/site-packages/airflow/example_dags/tutorial_objectstorage.py for tasks to queue
[2025-08-19T17:40:35.905+0200] {logging_mixin.py:188} INFO - [2025-08-19T17:40:35.905+0200] {dagbag.py:545} INFO - Filling up the DagBag from /Users/ehabhasan/.venvs/airflow310/lib/python3.10/site-packages/airflow/example_dags/tutorial_objectstorage.py
[2025-08-19T17:40:35.931+0200] {processor.py:840} INFO - DAG(s) 'tutorial_objectstorage' retrieved from /Users/ehabhasan/.venvs/airflow310/lib/python3.10/site-packages/airflow/example_dags/tutorial_objectstorage.py
[2025-08-19T17:40:35.985+0200] {logging_mixin.py:188} INFO - [2025-08-19T17:40:35.985+0200] {dag.py:3089} INFO - Sync 1 DAGs
[2025-08-19T17:40:35.989+0200] {logging_mixin.py:188} INFO - [2025-08-19T17:40:35.989+0200] {dag.py:3947} INFO - Setting next_dagrun for tutorial_objectstorage to None, run_after=None
[2025-08-19T17:40:35.995+0200] {processor.py:183} INFO - Processing /Users/ehabhasan/.venvs/airflow310/lib/python3.10/site-packages/airflow/example_dags/tutorial_objectstorage.py took 0.092 seconds
[2025-08-19T17:45:12.724+0200] {processor.py:161} INFO - Started process (PID=14960) to work on /Users/ehabhasan/.venvs/airflow310/lib/python3.10/site-packages/airflow/example_dags/tutorial_objectstorage.py
[2025-08-19T17:45:12.724+0200] {processor.py:830} INFO - Processing file /Users/ehabhasan/.venvs/airflow310/lib/python3.10/site-packages/airflow/example_dags/tutorial_objectstorage.py for tasks to queue
[2025-08-19T17:45:12.724+0200] {logging_mixin.py:188} INFO - [2025-08-19T17:45:12.724+0200] {dagbag.py:545} INFO - Filling up the DagBag from /Users/ehabhasan/.venvs/airflow310/lib/python3.10/site-packages/airflow/example_dags/tutorial_objectstorage.py
[2025-08-19T17:45:12.751+0200] {processor.py:840} INFO - DAG(s) 'tutorial_objectstorage' retrieved from /Users/ehabhasan/.venvs/airflow310/lib/python3.10/site-packages/airflow/example_dags/tutorial_objectstorage.py
[2025-08-19T17:45:12.810+0200] {logging_mixin.py:188} INFO - [2025-08-19T17:45:12.810+0200] {dag.py:3089} INFO - Sync 1 DAGs
[2025-08-19T17:45:12.813+0200] {logging_mixin.py:188} INFO - [2025-08-19T17:45:12.813+0200] {dag.py:3947} INFO - Setting next_dagrun for tutorial_objectstorage to None, run_after=None
[2025-08-19T17:45:12.820+0200] {processor.py:183} INFO - Processing /Users/ehabhasan/.venvs/airflow310/lib/python3.10/site-packages/airflow/example_dags/tutorial_objectstorage.py took 0.098 seconds
[2025-08-19T17:46:14.210+0200] {processor.py:161} INFO - Started process (PID=15002) to work on /Users/ehabhasan/.venvs/airflow310/lib/python3.10/site-packages/airflow/example_dags/tutorial_objectstorage.py
[2025-08-19T17:46:14.210+0200] {processor.py:830} INFO - Processing file /Users/ehabhasan/.venvs/airflow310/lib/python3.10/site-packages/airflow/example_dags/tutorial_objectstorage.py for tasks to queue
[2025-08-19T17:46:14.210+0200] {logging_mixin.py:188} INFO - [2025-08-19T17:46:14.210+0200] {dagbag.py:545} INFO - Filling up the DagBag from /Users/ehabhasan/.venvs/airflow310/lib/python3.10/site-packages/airflow/example_dags/tutorial_objectstorage.py
[2025-08-19T17:46:14.236+0200] {processor.py:840} INFO - DAG(s) 'tutorial_objectstorage' retrieved from /Users/ehabhasan/.venvs/airflow310/lib/python3.10/site-packages/airflow/example_dags/tutorial_objectstorage.py
[2025-08-19T17:46:14.296+0200] {logging_mixin.py:188} INFO - [2025-08-19T17:46:14.296+0200] {dag.py:3089} INFO - Sync 1 DAGs
[2025-08-19T17:46:14.300+0200] {logging_mixin.py:188} INFO - [2025-08-19T17:46:14.300+0200] {dag.py:3947} INFO - Setting next_dagrun for tutorial_objectstorage to None, run_after=None
[2025-08-19T17:46:14.307+0200] {processor.py:183} INFO - Processing /Users/ehabhasan/.venvs/airflow310/lib/python3.10/site-packages/airflow/example_dags/tutorial_objectstorage.py took 0.099 seconds
[2025-08-19T17:47:14.913+0200] {processor.py:161} INFO - Started process (PID=15061) to work on /Users/ehabhasan/.venvs/airflow310/lib/python3.10/site-packages/airflow/example_dags/tutorial_objectstorage.py
[2025-08-19T17:47:14.913+0200] {processor.py:830} INFO - Processing file /Users/ehabhasan/.venvs/airflow310/lib/python3.10/site-packages/airflow/example_dags/tutorial_objectstorage.py for tasks to queue
[2025-08-19T17:47:14.914+0200] {logging_mixin.py:188} INFO - [2025-08-19T17:47:14.914+0200] {dagbag.py:545} INFO - Filling up the DagBag from /Users/ehabhasan/.venvs/airflow310/lib/python3.10/site-packages/airflow/example_dags/tutorial_objectstorage.py
[2025-08-19T17:47:14.942+0200] {processor.py:840} INFO - DAG(s) 'tutorial_objectstorage' retrieved from /Users/ehabhasan/.venvs/airflow310/lib/python3.10/site-packages/airflow/example_dags/tutorial_objectstorage.py
[2025-08-19T17:47:15.002+0200] {logging_mixin.py:188} INFO - [2025-08-19T17:47:15.002+0200] {dag.py:3089} INFO - Sync 1 DAGs
[2025-08-19T17:47:15.006+0200] {logging_mixin.py:188} INFO - [2025-08-19T17:47:15.006+0200] {dag.py:3947} INFO - Setting next_dagrun for tutorial_objectstorage to None, run_after=None
[2025-08-19T17:47:15.013+0200] {processor.py:183} INFO - Processing /Users/ehabhasan/.venvs/airflow310/lib/python3.10/site-packages/airflow/example_dags/tutorial_objectstorage.py took 0.102 seconds
[2025-08-19T17:48:15.845+0200] {processor.py:161} INFO - Started process (PID=15100) to work on /Users/ehabhasan/.venvs/airflow310/lib/python3.10/site-packages/airflow/example_dags/tutorial_objectstorage.py
[2025-08-19T17:48:15.845+0200] {processor.py:830} INFO - Processing file /Users/ehabhasan/.venvs/airflow310/lib/python3.10/site-packages/airflow/example_dags/tutorial_objectstorage.py for tasks to queue
[2025-08-19T17:48:15.845+0200] {logging_mixin.py:188} INFO - [2025-08-19T17:48:15.845+0200] {dagbag.py:545} INFO - Filling up the DagBag from /Users/ehabhasan/.venvs/airflow310/lib/python3.10/site-packages/airflow/example_dags/tutorial_objectstorage.py
[2025-08-19T17:48:15.871+0200] {processor.py:840} INFO - DAG(s) 'tutorial_objectstorage' retrieved from /Users/ehabhasan/.venvs/airflow310/lib/python3.10/site-packages/airflow/example_dags/tutorial_objectstorage.py
[2025-08-19T17:48:15.926+0200] {logging_mixin.py:188} INFO - [2025-08-19T17:48:15.926+0200] {dag.py:3089} INFO - Sync 1 DAGs
[2025-08-19T17:48:15.930+0200] {logging_mixin.py:188} INFO - [2025-08-19T17:48:15.930+0200] {dag.py:3947} INFO - Setting next_dagrun for tutorial_objectstorage to None, run_after=None
[2025-08-19T17:48:15.936+0200] {processor.py:183} INFO - Processing /Users/ehabhasan/.venvs/airflow310/lib/python3.10/site-packages/airflow/example_dags/tutorial_objectstorage.py took 0.093 seconds
[2025-08-19T17:49:11.889+0200] {processor.py:161} INFO - Started process (PID=15142) to work on /Users/ehabhasan/.venvs/airflow310/lib/python3.10/site-packages/airflow/example_dags/tutorial_objectstorage.py
[2025-08-19T17:49:11.890+0200] {processor.py:830} INFO - Processing file /Users/ehabhasan/.venvs/airflow310/lib/python3.10/site-packages/airflow/example_dags/tutorial_objectstorage.py for tasks to queue
[2025-08-19T17:49:11.890+0200] {logging_mixin.py:188} INFO - [2025-08-19T17:49:11.890+0200] {dagbag.py:545} INFO - Filling up the DagBag from /Users/ehabhasan/.venvs/airflow310/lib/python3.10/site-packages/airflow/example_dags/tutorial_objectstorage.py
[2025-08-19T17:49:11.916+0200] {processor.py:840} INFO - DAG(s) 'tutorial_objectstorage' retrieved from /Users/ehabhasan/.venvs/airflow310/lib/python3.10/site-packages/airflow/example_dags/tutorial_objectstorage.py
[2025-08-19T17:49:11.970+0200] {logging_mixin.py:188} INFO - [2025-08-19T17:49:11.969+0200] {dag.py:3089} INFO - Sync 1 DAGs
[2025-08-19T17:49:11.973+0200] {logging_mixin.py:188} INFO - [2025-08-19T17:49:11.973+0200] {dag.py:3947} INFO - Setting next_dagrun for tutorial_objectstorage to None, run_after=None
[2025-08-19T17:49:11.979+0200] {processor.py:183} INFO - Processing /Users/ehabhasan/.venvs/airflow310/lib/python3.10/site-packages/airflow/example_dags/tutorial_objectstorage.py took 0.091 seconds
[2025-08-19T17:50:06.338+0200] {processor.py:161} INFO - Started process (PID=15183) to work on /Users/ehabhasan/.venvs/airflow310/lib/python3.10/site-packages/airflow/example_dags/tutorial_objectstorage.py
[2025-08-19T17:50:06.338+0200] {processor.py:830} INFO - Processing file /Users/ehabhasan/.venvs/airflow310/lib/python3.10/site-packages/airflow/example_dags/tutorial_objectstorage.py for tasks to queue
[2025-08-19T17:50:06.338+0200] {logging_mixin.py:188} INFO - [2025-08-19T17:50:06.338+0200] {dagbag.py:545} INFO - Filling up the DagBag from /Users/ehabhasan/.venvs/airflow310/lib/python3.10/site-packages/airflow/example_dags/tutorial_objectstorage.py
[2025-08-19T17:50:06.365+0200] {processor.py:840} INFO - DAG(s) 'tutorial_objectstorage' retrieved from /Users/ehabhasan/.venvs/airflow310/lib/python3.10/site-packages/airflow/example_dags/tutorial_objectstorage.py
[2025-08-19T17:50:06.419+0200] {logging_mixin.py:188} INFO - [2025-08-19T17:50:06.419+0200] {dag.py:3089} INFO - Sync 1 DAGs
[2025-08-19T17:50:06.423+0200] {logging_mixin.py:188} INFO - [2025-08-19T17:50:06.422+0200] {dag.py:3947} INFO - Setting next_dagrun for tutorial_objectstorage to None, run_after=None
[2025-08-19T17:50:06.429+0200] {processor.py:183} INFO - Processing /Users/ehabhasan/.venvs/airflow310/lib/python3.10/site-packages/airflow/example_dags/tutorial_objectstorage.py took 0.093 seconds
