[2025-08-19T17:07:52.716+0200] {processor.py:161} INFO - Started process (PID=10121) to work on /Users/ehabhasan/airflow/dags/hello_adw.py
[2025-08-19T17:07:52.716+0200] {processor.py:830} INFO - Processing file /Users/ehabhasan/airflow/dags/hello_adw.py for tasks to queue
[2025-08-19T17:07:52.717+0200] {logging_mixin.py:188} INFO - [2025-08-19T17:07:52.717+0200] {dagbag.py:545} INFO - Filling up the DagBag from /Users/ehabhasan/airflow/dags/hello_adw.py
[2025-08-19T17:07:52.720+0200] {processor.py:840} INFO - DAG(s) 'hello_adw' retrieved from /Users/ehabhasan/airflow/dags/hello_adw.py
[2025-08-19T17:07:52.804+0200] {logging_mixin.py:188} INFO - [2025-08-19T17:07:52.804+0200] {override.py:1858} INFO - Created Permission View: can edit on DAG:hello_adw
[2025-08-19T17:07:52.807+0200] {logging_mixin.py:188} INFO - [2025-08-19T17:07:52.807+0200] {override.py:1858} INFO - Created Permission View: can delete on DAG:hello_adw
[2025-08-19T17:07:52.809+0200] {logging_mixin.py:188} INFO - [2025-08-19T17:07:52.809+0200] {override.py:1858} INFO - Created Permission View: can read on DAG:hello_adw
[2025-08-19T17:07:52.809+0200] {logging_mixin.py:188} INFO - [2025-08-19T17:07:52.809+0200] {dag.py:3089} INFO - Sync 1 DAGs
[2025-08-19T17:07:52.813+0200] {logging_mixin.py:188} INFO - [2025-08-19T17:07:52.813+0200] {dag.py:3111} INFO - Creating ORM DAG for hello_adw
[2025-08-19T17:07:52.813+0200] {logging_mixin.py:188} INFO - [2025-08-19T17:07:52.813+0200] {dag.py:3947} INFO - Setting next_dagrun for hello_adw to None, run_after=None
[2025-08-19T17:07:52.818+0200] {processor.py:183} INFO - Processing /Users/ehabhasan/airflow/dags/hello_adw.py took 0.104 seconds
[2025-08-19T17:09:05.074+0200] {processor.py:161} INFO - Started process (PID=10177) to work on /Users/ehabhasan/airflow/dags/hello_adw.py
[2025-08-19T17:09:05.074+0200] {processor.py:830} INFO - Processing file /Users/ehabhasan/airflow/dags/hello_adw.py for tasks to queue
[2025-08-19T17:09:05.074+0200] {logging_mixin.py:188} INFO - [2025-08-19T17:09:05.074+0200] {dagbag.py:545} INFO - Filling up the DagBag from /Users/ehabhasan/airflow/dags/hello_adw.py
[2025-08-19T17:09:05.076+0200] {processor.py:840} INFO - DAG(s) 'hello_adw' retrieved from /Users/ehabhasan/airflow/dags/hello_adw.py
[2025-08-19T17:09:05.114+0200] {logging_mixin.py:188} INFO - [2025-08-19T17:09:05.114+0200] {dag.py:3089} INFO - Sync 1 DAGs
[2025-08-19T17:09:05.118+0200] {logging_mixin.py:188} INFO - [2025-08-19T17:09:05.118+0200] {dag.py:3947} INFO - Setting next_dagrun for hello_adw to None, run_after=None
[2025-08-19T17:09:05.125+0200] {processor.py:183} INFO - Processing /Users/ehabhasan/airflow/dags/hello_adw.py took 0.053 seconds
[2025-08-19T17:10:01.202+0200] {processor.py:161} INFO - Started process (PID=10249) to work on /Users/ehabhasan/airflow/dags/hello_adw.py
[2025-08-19T17:10:01.202+0200] {processor.py:830} INFO - Processing file /Users/ehabhasan/airflow/dags/hello_adw.py for tasks to queue
[2025-08-19T17:10:01.203+0200] {logging_mixin.py:188} INFO - [2025-08-19T17:10:01.203+0200] {dagbag.py:545} INFO - Filling up the DagBag from /Users/ehabhasan/airflow/dags/hello_adw.py
[2025-08-19T17:10:01.205+0200] {processor.py:840} INFO - DAG(s) 'hello_adw' retrieved from /Users/ehabhasan/airflow/dags/hello_adw.py
[2025-08-19T17:10:01.241+0200] {logging_mixin.py:188} INFO - [2025-08-19T17:10:01.241+0200] {dag.py:3089} INFO - Sync 1 DAGs
[2025-08-19T17:10:01.244+0200] {logging_mixin.py:188} INFO - [2025-08-19T17:10:01.244+0200] {dag.py:3947} INFO - Setting next_dagrun for hello_adw to None, run_after=None
[2025-08-19T17:10:01.251+0200] {processor.py:183} INFO - Processing /Users/ehabhasan/airflow/dags/hello_adw.py took 0.050 seconds
[2025-08-19T17:10:52.826+0200] {processor.py:161} INFO - Started process (PID=10294) to work on /Users/ehabhasan/airflow/dags/hello_adw.py
[2025-08-19T17:10:52.826+0200] {processor.py:830} INFO - Processing file /Users/ehabhasan/airflow/dags/hello_adw.py for tasks to queue
[2025-08-19T17:10:52.826+0200] {logging_mixin.py:188} INFO - [2025-08-19T17:10:52.826+0200] {dagbag.py:545} INFO - Filling up the DagBag from /Users/ehabhasan/airflow/dags/hello_adw.py
[2025-08-19T17:10:52.829+0200] {processor.py:840} INFO - DAG(s) 'hello_adw' retrieved from /Users/ehabhasan/airflow/dags/hello_adw.py
[2025-08-19T17:10:52.864+0200] {logging_mixin.py:188} INFO - [2025-08-19T17:10:52.864+0200] {dag.py:3089} INFO - Sync 1 DAGs
[2025-08-19T17:10:52.867+0200] {logging_mixin.py:188} INFO - [2025-08-19T17:10:52.867+0200] {dag.py:3947} INFO - Setting next_dagrun for hello_adw to None, run_after=None
[2025-08-19T17:10:52.874+0200] {processor.py:183} INFO - Processing /Users/ehabhasan/airflow/dags/hello_adw.py took 0.049 seconds
[2025-08-19T17:11:45.868+0200] {processor.py:161} INFO - Started process (PID=10329) to work on /Users/ehabhasan/airflow/dags/hello_adw.py
[2025-08-19T17:11:45.868+0200] {processor.py:830} INFO - Processing file /Users/ehabhasan/airflow/dags/hello_adw.py for tasks to queue
[2025-08-19T17:11:45.868+0200] {logging_mixin.py:188} INFO - [2025-08-19T17:11:45.868+0200] {dagbag.py:545} INFO - Filling up the DagBag from /Users/ehabhasan/airflow/dags/hello_adw.py
[2025-08-19T17:11:45.870+0200] {processor.py:840} INFO - DAG(s) 'hello_adw' retrieved from /Users/ehabhasan/airflow/dags/hello_adw.py
[2025-08-19T17:11:45.905+0200] {logging_mixin.py:188} INFO - [2025-08-19T17:11:45.905+0200] {dag.py:3089} INFO - Sync 1 DAGs
[2025-08-19T17:11:45.908+0200] {logging_mixin.py:188} INFO - [2025-08-19T17:11:45.908+0200] {dag.py:3947} INFO - Setting next_dagrun for hello_adw to None, run_after=None
[2025-08-19T17:11:45.914+0200] {processor.py:183} INFO - Processing /Users/ehabhasan/airflow/dags/hello_adw.py took 0.048 seconds
[2025-08-19T17:12:44.350+0200] {processor.py:161} INFO - Started process (PID=10384) to work on /Users/ehabhasan/airflow/dags/hello_adw.py
[2025-08-19T17:12:44.350+0200] {processor.py:830} INFO - Processing file /Users/ehabhasan/airflow/dags/hello_adw.py for tasks to queue
[2025-08-19T17:12:44.351+0200] {logging_mixin.py:188} INFO - [2025-08-19T17:12:44.351+0200] {dagbag.py:545} INFO - Filling up the DagBag from /Users/ehabhasan/airflow/dags/hello_adw.py
[2025-08-19T17:12:44.353+0200] {processor.py:840} INFO - DAG(s) 'hello_adw' retrieved from /Users/ehabhasan/airflow/dags/hello_adw.py
[2025-08-19T17:12:44.388+0200] {logging_mixin.py:188} INFO - [2025-08-19T17:12:44.388+0200] {dag.py:3089} INFO - Sync 1 DAGs
[2025-08-19T17:12:44.391+0200] {logging_mixin.py:188} INFO - [2025-08-19T17:12:44.391+0200] {dag.py:3947} INFO - Setting next_dagrun for hello_adw to None, run_after=None
[2025-08-19T17:12:44.397+0200] {processor.py:183} INFO - Processing /Users/ehabhasan/airflow/dags/hello_adw.py took 0.049 seconds
[2025-08-19T17:13:39.375+0200] {processor.py:161} INFO - Started process (PID=10426) to work on /Users/ehabhasan/airflow/dags/hello_adw.py
[2025-08-19T17:13:39.375+0200] {processor.py:830} INFO - Processing file /Users/ehabhasan/airflow/dags/hello_adw.py for tasks to queue
[2025-08-19T17:13:39.376+0200] {logging_mixin.py:188} INFO - [2025-08-19T17:13:39.376+0200] {dagbag.py:545} INFO - Filling up the DagBag from /Users/ehabhasan/airflow/dags/hello_adw.py
[2025-08-19T17:13:39.378+0200] {processor.py:840} INFO - DAG(s) 'hello_adw' retrieved from /Users/ehabhasan/airflow/dags/hello_adw.py
[2025-08-19T17:13:39.412+0200] {logging_mixin.py:188} INFO - [2025-08-19T17:13:39.412+0200] {dag.py:3089} INFO - Sync 1 DAGs
[2025-08-19T17:13:39.416+0200] {logging_mixin.py:188} INFO - [2025-08-19T17:13:39.416+0200] {dag.py:3947} INFO - Setting next_dagrun for hello_adw to None, run_after=None
[2025-08-19T17:13:39.422+0200] {processor.py:183} INFO - Processing /Users/ehabhasan/airflow/dags/hello_adw.py took 0.049 seconds
[2025-08-19T17:14:36.238+0200] {processor.py:161} INFO - Started process (PID=10501) to work on /Users/ehabhasan/airflow/dags/hello_adw.py
[2025-08-19T17:14:36.239+0200] {processor.py:830} INFO - Processing file /Users/ehabhasan/airflow/dags/hello_adw.py for tasks to queue
[2025-08-19T17:14:36.239+0200] {logging_mixin.py:188} INFO - [2025-08-19T17:14:36.239+0200] {dagbag.py:545} INFO - Filling up the DagBag from /Users/ehabhasan/airflow/dags/hello_adw.py
[2025-08-19T17:14:36.241+0200] {processor.py:840} INFO - DAG(s) 'hello_adw' retrieved from /Users/ehabhasan/airflow/dags/hello_adw.py
[2025-08-19T17:14:36.277+0200] {logging_mixin.py:188} INFO - [2025-08-19T17:14:36.276+0200] {dag.py:3089} INFO - Sync 1 DAGs
[2025-08-19T17:14:36.280+0200] {logging_mixin.py:188} INFO - [2025-08-19T17:14:36.280+0200] {dag.py:3947} INFO - Setting next_dagrun for hello_adw to None, run_after=None
[2025-08-19T17:14:36.286+0200] {processor.py:183} INFO - Processing /Users/ehabhasan/airflow/dags/hello_adw.py took 0.050 seconds
[2025-08-19T17:15:31.405+0200] {processor.py:161} INFO - Started process (PID=10777) to work on /Users/ehabhasan/airflow/dags/hello_adw.py
[2025-08-19T17:15:31.406+0200] {processor.py:830} INFO - Processing file /Users/ehabhasan/airflow/dags/hello_adw.py for tasks to queue
[2025-08-19T17:15:31.406+0200] {logging_mixin.py:188} INFO - [2025-08-19T17:15:31.406+0200] {dagbag.py:545} INFO - Filling up the DagBag from /Users/ehabhasan/airflow/dags/hello_adw.py
[2025-08-19T17:15:31.408+0200] {processor.py:840} INFO - DAG(s) 'hello_adw' retrieved from /Users/ehabhasan/airflow/dags/hello_adw.py
[2025-08-19T17:15:31.443+0200] {logging_mixin.py:188} INFO - [2025-08-19T17:15:31.443+0200] {dag.py:3089} INFO - Sync 1 DAGs
[2025-08-19T17:15:31.447+0200] {logging_mixin.py:188} INFO - [2025-08-19T17:15:31.447+0200] {dag.py:3947} INFO - Setting next_dagrun for hello_adw to None, run_after=None
[2025-08-19T17:15:31.453+0200] {processor.py:183} INFO - Processing /Users/ehabhasan/airflow/dags/hello_adw.py took 0.050 seconds
[2025-08-19T17:16:27.700+0200] {processor.py:161} INFO - Started process (PID=10816) to work on /Users/ehabhasan/airflow/dags/hello_adw.py
[2025-08-19T17:16:27.701+0200] {processor.py:830} INFO - Processing file /Users/ehabhasan/airflow/dags/hello_adw.py for tasks to queue
[2025-08-19T17:16:27.701+0200] {logging_mixin.py:188} INFO - [2025-08-19T17:16:27.701+0200] {dagbag.py:545} INFO - Filling up the DagBag from /Users/ehabhasan/airflow/dags/hello_adw.py
[2025-08-19T17:16:27.703+0200] {processor.py:840} INFO - DAG(s) 'hello_adw' retrieved from /Users/ehabhasan/airflow/dags/hello_adw.py
[2025-08-19T17:16:27.741+0200] {logging_mixin.py:188} INFO - [2025-08-19T17:16:27.741+0200] {dag.py:3089} INFO - Sync 1 DAGs
[2025-08-19T17:16:27.745+0200] {logging_mixin.py:188} INFO - [2025-08-19T17:16:27.745+0200] {dag.py:3947} INFO - Setting next_dagrun for hello_adw to None, run_after=None
[2025-08-19T17:16:27.752+0200] {processor.py:183} INFO - Processing /Users/ehabhasan/airflow/dags/hello_adw.py took 0.054 seconds
[2025-08-19T17:17:24.774+0200] {processor.py:161} INFO - Started process (PID=11440) to work on /Users/ehabhasan/airflow/dags/hello_adw.py
[2025-08-19T17:17:24.775+0200] {processor.py:830} INFO - Processing file /Users/ehabhasan/airflow/dags/hello_adw.py for tasks to queue
[2025-08-19T17:17:24.776+0200] {logging_mixin.py:188} INFO - [2025-08-19T17:17:24.776+0200] {dagbag.py:545} INFO - Filling up the DagBag from /Users/ehabhasan/airflow/dags/hello_adw.py
[2025-08-19T17:17:24.778+0200] {processor.py:840} INFO - DAG(s) 'hello_adw' retrieved from /Users/ehabhasan/airflow/dags/hello_adw.py
[2025-08-19T17:17:24.813+0200] {logging_mixin.py:188} INFO - [2025-08-19T17:17:24.813+0200] {dag.py:3089} INFO - Sync 1 DAGs
[2025-08-19T17:17:24.816+0200] {logging_mixin.py:188} INFO - [2025-08-19T17:17:24.816+0200] {dag.py:3947} INFO - Setting next_dagrun for hello_adw to None, run_after=None
[2025-08-19T17:17:24.822+0200] {processor.py:183} INFO - Processing /Users/ehabhasan/airflow/dags/hello_adw.py took 0.050 seconds
[2025-08-19T17:18:19.732+0200] {processor.py:161} INFO - Started process (PID=11488) to work on /Users/ehabhasan/airflow/dags/hello_adw.py
[2025-08-19T17:18:19.733+0200] {processor.py:830} INFO - Processing file /Users/ehabhasan/airflow/dags/hello_adw.py for tasks to queue
[2025-08-19T17:18:19.733+0200] {logging_mixin.py:188} INFO - [2025-08-19T17:18:19.733+0200] {dagbag.py:545} INFO - Filling up the DagBag from /Users/ehabhasan/airflow/dags/hello_adw.py
[2025-08-19T17:18:19.735+0200] {processor.py:840} INFO - DAG(s) 'hello_adw' retrieved from /Users/ehabhasan/airflow/dags/hello_adw.py
[2025-08-19T17:18:19.770+0200] {logging_mixin.py:188} INFO - [2025-08-19T17:18:19.770+0200] {dag.py:3089} INFO - Sync 1 DAGs
[2025-08-19T17:18:19.774+0200] {logging_mixin.py:188} INFO - [2025-08-19T17:18:19.774+0200] {dag.py:3947} INFO - Setting next_dagrun for hello_adw to None, run_after=None
[2025-08-19T17:18:19.780+0200] {processor.py:183} INFO - Processing /Users/ehabhasan/airflow/dags/hello_adw.py took 0.050 seconds
[2025-08-19T17:19:13.661+0200] {processor.py:161} INFO - Started process (PID=11539) to work on /Users/ehabhasan/airflow/dags/hello_adw.py
[2025-08-19T17:19:13.661+0200] {processor.py:830} INFO - Processing file /Users/ehabhasan/airflow/dags/hello_adw.py for tasks to queue
[2025-08-19T17:19:13.661+0200] {logging_mixin.py:188} INFO - [2025-08-19T17:19:13.661+0200] {dagbag.py:545} INFO - Filling up the DagBag from /Users/ehabhasan/airflow/dags/hello_adw.py
[2025-08-19T17:19:13.664+0200] {processor.py:840} INFO - DAG(s) 'hello_adw' retrieved from /Users/ehabhasan/airflow/dags/hello_adw.py
[2025-08-19T17:19:13.700+0200] {logging_mixin.py:188} INFO - [2025-08-19T17:19:13.700+0200] {dag.py:3089} INFO - Sync 1 DAGs
[2025-08-19T17:19:13.703+0200] {logging_mixin.py:188} INFO - [2025-08-19T17:19:13.703+0200] {dag.py:3947} INFO - Setting next_dagrun for hello_adw to None, run_after=None
[2025-08-19T17:19:13.710+0200] {processor.py:183} INFO - Processing /Users/ehabhasan/airflow/dags/hello_adw.py took 0.051 seconds
[2025-08-19T17:20:05.696+0200] {processor.py:161} INFO - Started process (PID=11593) to work on /Users/ehabhasan/airflow/dags/hello_adw.py
[2025-08-19T17:20:05.696+0200] {processor.py:830} INFO - Processing file /Users/ehabhasan/airflow/dags/hello_adw.py for tasks to queue
[2025-08-19T17:20:05.696+0200] {logging_mixin.py:188} INFO - [2025-08-19T17:20:05.696+0200] {dagbag.py:545} INFO - Filling up the DagBag from /Users/ehabhasan/airflow/dags/hello_adw.py
[2025-08-19T17:20:05.699+0200] {processor.py:840} INFO - DAG(s) 'hello_adw' retrieved from /Users/ehabhasan/airflow/dags/hello_adw.py
[2025-08-19T17:20:05.735+0200] {logging_mixin.py:188} INFO - [2025-08-19T17:20:05.735+0200] {dag.py:3089} INFO - Sync 1 DAGs
[2025-08-19T17:20:05.738+0200] {logging_mixin.py:188} INFO - [2025-08-19T17:20:05.738+0200] {dag.py:3947} INFO - Setting next_dagrun for hello_adw to None, run_after=None
[2025-08-19T17:20:05.744+0200] {processor.py:183} INFO - Processing /Users/ehabhasan/airflow/dags/hello_adw.py took 0.050 seconds
[2025-08-19T17:20:54.994+0200] {processor.py:161} INFO - Started process (PID=11628) to work on /Users/ehabhasan/airflow/dags/hello_adw.py
[2025-08-19T17:20:54.995+0200] {processor.py:830} INFO - Processing file /Users/ehabhasan/airflow/dags/hello_adw.py for tasks to queue
[2025-08-19T17:20:54.995+0200] {logging_mixin.py:188} INFO - [2025-08-19T17:20:54.995+0200] {dagbag.py:545} INFO - Filling up the DagBag from /Users/ehabhasan/airflow/dags/hello_adw.py
[2025-08-19T17:20:54.997+0200] {processor.py:840} INFO - DAG(s) 'hello_adw' retrieved from /Users/ehabhasan/airflow/dags/hello_adw.py
[2025-08-19T17:20:55.032+0200] {logging_mixin.py:188} INFO - [2025-08-19T17:20:55.032+0200] {dag.py:3089} INFO - Sync 1 DAGs
[2025-08-19T17:20:55.035+0200] {logging_mixin.py:188} INFO - [2025-08-19T17:20:55.035+0200] {dag.py:3947} INFO - Setting next_dagrun for hello_adw to None, run_after=None
[2025-08-19T17:20:55.041+0200] {processor.py:183} INFO - Processing /Users/ehabhasan/airflow/dags/hello_adw.py took 0.049 seconds
[2025-08-19T17:21:48.903+0200] {processor.py:161} INFO - Started process (PID=11661) to work on /Users/ehabhasan/airflow/dags/hello_adw.py
[2025-08-19T17:21:48.903+0200] {processor.py:830} INFO - Processing file /Users/ehabhasan/airflow/dags/hello_adw.py for tasks to queue
[2025-08-19T17:21:48.903+0200] {logging_mixin.py:188} INFO - [2025-08-19T17:21:48.903+0200] {dagbag.py:545} INFO - Filling up the DagBag from /Users/ehabhasan/airflow/dags/hello_adw.py
[2025-08-19T17:21:48.905+0200] {processor.py:840} INFO - DAG(s) 'hello_adw' retrieved from /Users/ehabhasan/airflow/dags/hello_adw.py
[2025-08-19T17:21:48.942+0200] {logging_mixin.py:188} INFO - [2025-08-19T17:21:48.942+0200] {dag.py:3089} INFO - Sync 1 DAGs
[2025-08-19T17:21:48.945+0200] {logging_mixin.py:188} INFO - [2025-08-19T17:21:48.945+0200] {dag.py:3947} INFO - Setting next_dagrun for hello_adw to None, run_after=None
[2025-08-19T17:21:48.952+0200] {processor.py:183} INFO - Processing /Users/ehabhasan/airflow/dags/hello_adw.py took 0.051 seconds
[2025-08-19T17:22:46.619+0200] {processor.py:161} INFO - Started process (PID=11699) to work on /Users/ehabhasan/airflow/dags/hello_adw.py
[2025-08-19T17:22:46.620+0200] {processor.py:830} INFO - Processing file /Users/ehabhasan/airflow/dags/hello_adw.py for tasks to queue
[2025-08-19T17:22:46.620+0200] {logging_mixin.py:188} INFO - [2025-08-19T17:22:46.620+0200] {dagbag.py:545} INFO - Filling up the DagBag from /Users/ehabhasan/airflow/dags/hello_adw.py
[2025-08-19T17:22:46.622+0200] {processor.py:840} INFO - DAG(s) 'hello_adw' retrieved from /Users/ehabhasan/airflow/dags/hello_adw.py
[2025-08-19T17:22:46.657+0200] {logging_mixin.py:188} INFO - [2025-08-19T17:22:46.657+0200] {dag.py:3089} INFO - Sync 1 DAGs
[2025-08-19T17:22:46.660+0200] {logging_mixin.py:188} INFO - [2025-08-19T17:22:46.660+0200] {dag.py:3947} INFO - Setting next_dagrun for hello_adw to None, run_after=None
[2025-08-19T17:22:46.667+0200] {processor.py:183} INFO - Processing /Users/ehabhasan/airflow/dags/hello_adw.py took 0.049 seconds
[2025-08-19T17:23:39.885+0200] {processor.py:161} INFO - Started process (PID=11739) to work on /Users/ehabhasan/airflow/dags/hello_adw.py
[2025-08-19T17:23:39.885+0200] {processor.py:830} INFO - Processing file /Users/ehabhasan/airflow/dags/hello_adw.py for tasks to queue
[2025-08-19T17:23:39.886+0200] {logging_mixin.py:188} INFO - [2025-08-19T17:23:39.886+0200] {dagbag.py:545} INFO - Filling up the DagBag from /Users/ehabhasan/airflow/dags/hello_adw.py
[2025-08-19T17:23:39.888+0200] {processor.py:840} INFO - DAG(s) 'hello_adw' retrieved from /Users/ehabhasan/airflow/dags/hello_adw.py
[2025-08-19T17:23:39.923+0200] {logging_mixin.py:188} INFO - [2025-08-19T17:23:39.922+0200] {dag.py:3089} INFO - Sync 1 DAGs
[2025-08-19T17:23:39.926+0200] {logging_mixin.py:188} INFO - [2025-08-19T17:23:39.926+0200] {dag.py:3947} INFO - Setting next_dagrun for hello_adw to None, run_after=None
[2025-08-19T17:23:39.932+0200] {processor.py:183} INFO - Processing /Users/ehabhasan/airflow/dags/hello_adw.py took 0.049 seconds
[2025-08-19T17:24:32.021+0200] {processor.py:161} INFO - Started process (PID=11782) to work on /Users/ehabhasan/airflow/dags/hello_adw.py
[2025-08-19T17:24:32.022+0200] {processor.py:830} INFO - Processing file /Users/ehabhasan/airflow/dags/hello_adw.py for tasks to queue
[2025-08-19T17:24:32.022+0200] {logging_mixin.py:188} INFO - [2025-08-19T17:24:32.022+0200] {dagbag.py:545} INFO - Filling up the DagBag from /Users/ehabhasan/airflow/dags/hello_adw.py
[2025-08-19T17:24:32.025+0200] {processor.py:840} INFO - DAG(s) 'hello_adw' retrieved from /Users/ehabhasan/airflow/dags/hello_adw.py
[2025-08-19T17:24:32.060+0200] {logging_mixin.py:188} INFO - [2025-08-19T17:24:32.060+0200] {dag.py:3089} INFO - Sync 1 DAGs
[2025-08-19T17:24:32.063+0200] {logging_mixin.py:188} INFO - [2025-08-19T17:24:32.063+0200] {dag.py:3947} INFO - Setting next_dagrun for hello_adw to None, run_after=None
[2025-08-19T17:24:32.069+0200] {processor.py:183} INFO - Processing /Users/ehabhasan/airflow/dags/hello_adw.py took 0.050 seconds
[2025-08-19T17:25:25.847+0200] {processor.py:161} INFO - Started process (PID=11820) to work on /Users/ehabhasan/airflow/dags/hello_adw.py
[2025-08-19T17:25:25.848+0200] {processor.py:830} INFO - Processing file /Users/ehabhasan/airflow/dags/hello_adw.py for tasks to queue
[2025-08-19T17:25:25.848+0200] {logging_mixin.py:188} INFO - [2025-08-19T17:25:25.848+0200] {dagbag.py:545} INFO - Filling up the DagBag from /Users/ehabhasan/airflow/dags/hello_adw.py
[2025-08-19T17:25:25.851+0200] {processor.py:840} INFO - DAG(s) 'hello_adw' retrieved from /Users/ehabhasan/airflow/dags/hello_adw.py
[2025-08-19T17:25:25.885+0200] {logging_mixin.py:188} INFO - [2025-08-19T17:25:25.885+0200] {dag.py:3089} INFO - Sync 1 DAGs
[2025-08-19T17:25:25.889+0200] {logging_mixin.py:188} INFO - [2025-08-19T17:25:25.888+0200] {dag.py:3947} INFO - Setting next_dagrun for hello_adw to None, run_after=None
[2025-08-19T17:25:25.895+0200] {processor.py:183} INFO - Processing /Users/ehabhasan/airflow/dags/hello_adw.py took 0.049 seconds
[2025-08-19T17:26:18.356+0200] {processor.py:161} INFO - Started process (PID=11862) to work on /Users/ehabhasan/airflow/dags/hello_adw.py
[2025-08-19T17:26:18.357+0200] {processor.py:830} INFO - Processing file /Users/ehabhasan/airflow/dags/hello_adw.py for tasks to queue
[2025-08-19T17:26:18.357+0200] {logging_mixin.py:188} INFO - [2025-08-19T17:26:18.357+0200] {dagbag.py:545} INFO - Filling up the DagBag from /Users/ehabhasan/airflow/dags/hello_adw.py
[2025-08-19T17:26:18.359+0200] {processor.py:840} INFO - DAG(s) 'hello_adw' retrieved from /Users/ehabhasan/airflow/dags/hello_adw.py
[2025-08-19T17:26:18.395+0200] {logging_mixin.py:188} INFO - [2025-08-19T17:26:18.395+0200] {dag.py:3089} INFO - Sync 1 DAGs
[2025-08-19T17:26:18.398+0200] {logging_mixin.py:188} INFO - [2025-08-19T17:26:18.398+0200] {dag.py:3947} INFO - Setting next_dagrun for hello_adw to None, run_after=None
[2025-08-19T17:26:18.404+0200] {processor.py:183} INFO - Processing /Users/ehabhasan/airflow/dags/hello_adw.py took 0.050 seconds
[2025-08-19T17:27:12.954+0200] {processor.py:161} INFO - Started process (PID=11899) to work on /Users/ehabhasan/airflow/dags/hello_adw.py
[2025-08-19T17:27:12.955+0200] {processor.py:830} INFO - Processing file /Users/ehabhasan/airflow/dags/hello_adw.py for tasks to queue
[2025-08-19T17:27:12.955+0200] {logging_mixin.py:188} INFO - [2025-08-19T17:27:12.955+0200] {dagbag.py:545} INFO - Filling up the DagBag from /Users/ehabhasan/airflow/dags/hello_adw.py
[2025-08-19T17:27:12.957+0200] {processor.py:840} INFO - DAG(s) 'hello_adw' retrieved from /Users/ehabhasan/airflow/dags/hello_adw.py
[2025-08-19T17:27:12.993+0200] {logging_mixin.py:188} INFO - [2025-08-19T17:27:12.993+0200] {dag.py:3089} INFO - Sync 1 DAGs
[2025-08-19T17:27:12.996+0200] {logging_mixin.py:188} INFO - [2025-08-19T17:27:12.996+0200] {dag.py:3947} INFO - Setting next_dagrun for hello_adw to None, run_after=None
[2025-08-19T17:27:13.003+0200] {processor.py:183} INFO - Processing /Users/ehabhasan/airflow/dags/hello_adw.py took 0.050 seconds
[2025-08-19T17:28:08.484+0200] {processor.py:161} INFO - Started process (PID=11949) to work on /Users/ehabhasan/airflow/dags/hello_adw.py
[2025-08-19T17:28:08.485+0200] {processor.py:830} INFO - Processing file /Users/ehabhasan/airflow/dags/hello_adw.py for tasks to queue
[2025-08-19T17:28:08.485+0200] {logging_mixin.py:188} INFO - [2025-08-19T17:28:08.485+0200] {dagbag.py:545} INFO - Filling up the DagBag from /Users/ehabhasan/airflow/dags/hello_adw.py
[2025-08-19T17:28:08.487+0200] {processor.py:840} INFO - DAG(s) 'hello_adw' retrieved from /Users/ehabhasan/airflow/dags/hello_adw.py
[2025-08-19T17:28:08.522+0200] {logging_mixin.py:188} INFO - [2025-08-19T17:28:08.522+0200] {dag.py:3089} INFO - Sync 1 DAGs
[2025-08-19T17:28:08.525+0200] {logging_mixin.py:188} INFO - [2025-08-19T17:28:08.525+0200] {dag.py:3947} INFO - Setting next_dagrun for hello_adw to None, run_after=None
[2025-08-19T17:28:08.532+0200] {processor.py:183} INFO - Processing /Users/ehabhasan/airflow/dags/hello_adw.py took 0.050 seconds
[2025-08-19T17:29:02.206+0200] {processor.py:161} INFO - Started process (PID=11988) to work on /Users/ehabhasan/airflow/dags/hello_adw.py
[2025-08-19T17:29:02.207+0200] {processor.py:830} INFO - Processing file /Users/ehabhasan/airflow/dags/hello_adw.py for tasks to queue
[2025-08-19T17:29:02.207+0200] {logging_mixin.py:188} INFO - [2025-08-19T17:29:02.207+0200] {dagbag.py:545} INFO - Filling up the DagBag from /Users/ehabhasan/airflow/dags/hello_adw.py
[2025-08-19T17:29:02.209+0200] {processor.py:840} INFO - DAG(s) 'hello_adw' retrieved from /Users/ehabhasan/airflow/dags/hello_adw.py
[2025-08-19T17:29:02.246+0200] {logging_mixin.py:188} INFO - [2025-08-19T17:29:02.246+0200] {dag.py:3089} INFO - Sync 1 DAGs
[2025-08-19T17:29:02.250+0200] {logging_mixin.py:188} INFO - [2025-08-19T17:29:02.250+0200] {dag.py:3947} INFO - Setting next_dagrun for hello_adw to None, run_after=None
[2025-08-19T17:29:02.256+0200] {processor.py:183} INFO - Processing /Users/ehabhasan/airflow/dags/hello_adw.py took 0.052 seconds
[2025-08-19T17:29:59.990+0200] {processor.py:161} INFO - Started process (PID=12670) to work on /Users/ehabhasan/airflow/dags/hello_adw.py
[2025-08-19T17:29:59.991+0200] {processor.py:830} INFO - Processing file /Users/ehabhasan/airflow/dags/hello_adw.py for tasks to queue
[2025-08-19T17:29:59.991+0200] {logging_mixin.py:188} INFO - [2025-08-19T17:29:59.991+0200] {dagbag.py:545} INFO - Filling up the DagBag from /Users/ehabhasan/airflow/dags/hello_adw.py
[2025-08-19T17:29:59.994+0200] {processor.py:840} INFO - DAG(s) 'hello_adw' retrieved from /Users/ehabhasan/airflow/dags/hello_adw.py
[2025-08-19T17:30:00.033+0200] {logging_mixin.py:188} INFO - [2025-08-19T17:30:00.033+0200] {dag.py:3089} INFO - Sync 1 DAGs
[2025-08-19T17:30:00.037+0200] {logging_mixin.py:188} INFO - [2025-08-19T17:30:00.037+0200] {dag.py:3947} INFO - Setting next_dagrun for hello_adw to None, run_after=None
[2025-08-19T17:30:00.043+0200] {processor.py:183} INFO - Processing /Users/ehabhasan/airflow/dags/hello_adw.py took 0.055 seconds
[2025-08-19T17:30:53.976+0200] {processor.py:161} INFO - Started process (PID=13915) to work on /Users/ehabhasan/airflow/dags/hello_adw.py
[2025-08-19T17:30:53.977+0200] {processor.py:830} INFO - Processing file /Users/ehabhasan/airflow/dags/hello_adw.py for tasks to queue
[2025-08-19T17:30:53.977+0200] {logging_mixin.py:188} INFO - [2025-08-19T17:30:53.977+0200] {dagbag.py:545} INFO - Filling up the DagBag from /Users/ehabhasan/airflow/dags/hello_adw.py
[2025-08-19T17:30:53.979+0200] {processor.py:840} INFO - DAG(s) 'hello_adw' retrieved from /Users/ehabhasan/airflow/dags/hello_adw.py
[2025-08-19T17:30:54.015+0200] {logging_mixin.py:188} INFO - [2025-08-19T17:30:54.015+0200] {dag.py:3089} INFO - Sync 1 DAGs
[2025-08-19T17:30:54.018+0200] {logging_mixin.py:188} INFO - [2025-08-19T17:30:54.018+0200] {dag.py:3947} INFO - Setting next_dagrun for hello_adw to None, run_after=None
[2025-08-19T17:30:54.024+0200] {processor.py:183} INFO - Processing /Users/ehabhasan/airflow/dags/hello_adw.py took 0.050 seconds
[2025-08-19T17:31:50.720+0200] {processor.py:161} INFO - Started process (PID=13952) to work on /Users/ehabhasan/airflow/dags/hello_adw.py
[2025-08-19T17:31:50.720+0200] {processor.py:830} INFO - Processing file /Users/ehabhasan/airflow/dags/hello_adw.py for tasks to queue
[2025-08-19T17:31:50.721+0200] {logging_mixin.py:188} INFO - [2025-08-19T17:31:50.721+0200] {dagbag.py:545} INFO - Filling up the DagBag from /Users/ehabhasan/airflow/dags/hello_adw.py
[2025-08-19T17:31:50.723+0200] {processor.py:840} INFO - DAG(s) 'hello_adw' retrieved from /Users/ehabhasan/airflow/dags/hello_adw.py
[2025-08-19T17:31:50.759+0200] {logging_mixin.py:188} INFO - [2025-08-19T17:31:50.759+0200] {dag.py:3089} INFO - Sync 1 DAGs
[2025-08-19T17:31:50.762+0200] {logging_mixin.py:188} INFO - [2025-08-19T17:31:50.762+0200] {dag.py:3947} INFO - Setting next_dagrun for hello_adw to None, run_after=None
[2025-08-19T17:31:50.769+0200] {processor.py:183} INFO - Processing /Users/ehabhasan/airflow/dags/hello_adw.py took 0.050 seconds
[2025-08-19T17:32:47.828+0200] {processor.py:161} INFO - Started process (PID=14164) to work on /Users/ehabhasan/airflow/dags/hello_adw.py
[2025-08-19T17:32:47.828+0200] {processor.py:830} INFO - Processing file /Users/ehabhasan/airflow/dags/hello_adw.py for tasks to queue
[2025-08-19T17:32:47.828+0200] {logging_mixin.py:188} INFO - [2025-08-19T17:32:47.828+0200] {dagbag.py:545} INFO - Filling up the DagBag from /Users/ehabhasan/airflow/dags/hello_adw.py
[2025-08-19T17:32:47.831+0200] {processor.py:840} INFO - DAG(s) 'hello_adw' retrieved from /Users/ehabhasan/airflow/dags/hello_adw.py
[2025-08-19T17:32:47.865+0200] {logging_mixin.py:188} INFO - [2025-08-19T17:32:47.865+0200] {dag.py:3089} INFO - Sync 1 DAGs
[2025-08-19T17:32:47.869+0200] {logging_mixin.py:188} INFO - [2025-08-19T17:32:47.868+0200] {dag.py:3947} INFO - Setting next_dagrun for hello_adw to None, run_after=None
[2025-08-19T17:32:47.875+0200] {processor.py:183} INFO - Processing /Users/ehabhasan/airflow/dags/hello_adw.py took 0.048 seconds
[2025-08-19T17:33:41.994+0200] {processor.py:161} INFO - Started process (PID=14218) to work on /Users/ehabhasan/airflow/dags/hello_adw.py
[2025-08-19T17:33:41.995+0200] {processor.py:830} INFO - Processing file /Users/ehabhasan/airflow/dags/hello_adw.py for tasks to queue
[2025-08-19T17:33:41.995+0200] {logging_mixin.py:188} INFO - [2025-08-19T17:33:41.995+0200] {dagbag.py:545} INFO - Filling up the DagBag from /Users/ehabhasan/airflow/dags/hello_adw.py
[2025-08-19T17:33:41.997+0200] {processor.py:840} INFO - DAG(s) 'hello_adw' retrieved from /Users/ehabhasan/airflow/dags/hello_adw.py
[2025-08-19T17:33:42.037+0200] {logging_mixin.py:188} INFO - [2025-08-19T17:33:42.037+0200] {dag.py:3089} INFO - Sync 1 DAGs
[2025-08-19T17:33:42.040+0200] {logging_mixin.py:188} INFO - [2025-08-19T17:33:42.040+0200] {dag.py:3947} INFO - Setting next_dagrun for hello_adw to None, run_after=None
[2025-08-19T17:33:42.047+0200] {processor.py:183} INFO - Processing /Users/ehabhasan/airflow/dags/hello_adw.py took 0.055 seconds
[2025-08-19T17:34:34.347+0200] {processor.py:161} INFO - Started process (PID=14264) to work on /Users/ehabhasan/airflow/dags/hello_adw.py
[2025-08-19T17:34:34.347+0200] {processor.py:830} INFO - Processing file /Users/ehabhasan/airflow/dags/hello_adw.py for tasks to queue
[2025-08-19T17:34:34.348+0200] {logging_mixin.py:188} INFO - [2025-08-19T17:34:34.348+0200] {dagbag.py:545} INFO - Filling up the DagBag from /Users/ehabhasan/airflow/dags/hello_adw.py
[2025-08-19T17:34:34.350+0200] {processor.py:840} INFO - DAG(s) 'hello_adw' retrieved from /Users/ehabhasan/airflow/dags/hello_adw.py
[2025-08-19T17:34:34.385+0200] {logging_mixin.py:188} INFO - [2025-08-19T17:34:34.385+0200] {dag.py:3089} INFO - Sync 1 DAGs
[2025-08-19T17:34:34.388+0200] {logging_mixin.py:188} INFO - [2025-08-19T17:34:34.388+0200] {dag.py:3947} INFO - Setting next_dagrun for hello_adw to None, run_after=None
[2025-08-19T17:34:34.395+0200] {processor.py:183} INFO - Processing /Users/ehabhasan/airflow/dags/hello_adw.py took 0.049 seconds
[2025-08-19T17:35:28.299+0200] {processor.py:161} INFO - Started process (PID=14395) to work on /Users/ehabhasan/airflow/dags/hello_adw.py
[2025-08-19T17:35:28.300+0200] {processor.py:830} INFO - Processing file /Users/ehabhasan/airflow/dags/hello_adw.py for tasks to queue
[2025-08-19T17:35:28.300+0200] {logging_mixin.py:188} INFO - [2025-08-19T17:35:28.300+0200] {dagbag.py:545} INFO - Filling up the DagBag from /Users/ehabhasan/airflow/dags/hello_adw.py
[2025-08-19T17:35:28.302+0200] {processor.py:840} INFO - DAG(s) 'hello_adw' retrieved from /Users/ehabhasan/airflow/dags/hello_adw.py
[2025-08-19T17:35:28.340+0200] {logging_mixin.py:188} INFO - [2025-08-19T17:35:28.340+0200] {dag.py:3089} INFO - Sync 1 DAGs
[2025-08-19T17:35:28.343+0200] {logging_mixin.py:188} INFO - [2025-08-19T17:35:28.343+0200] {dag.py:3947} INFO - Setting next_dagrun for hello_adw to None, run_after=None
[2025-08-19T17:35:28.350+0200] {processor.py:183} INFO - Processing /Users/ehabhasan/airflow/dags/hello_adw.py took 0.052 seconds
[2025-08-19T17:36:26.788+0200] {processor.py:161} INFO - Started process (PID=14474) to work on /Users/ehabhasan/airflow/dags/hello_adw.py
[2025-08-19T17:36:26.788+0200] {processor.py:830} INFO - Processing file /Users/ehabhasan/airflow/dags/hello_adw.py for tasks to queue
[2025-08-19T17:36:26.788+0200] {logging_mixin.py:188} INFO - [2025-08-19T17:36:26.788+0200] {dagbag.py:545} INFO - Filling up the DagBag from /Users/ehabhasan/airflow/dags/hello_adw.py
[2025-08-19T17:36:26.790+0200] {processor.py:840} INFO - DAG(s) 'hello_adw' retrieved from /Users/ehabhasan/airflow/dags/hello_adw.py
[2025-08-19T17:36:26.827+0200] {logging_mixin.py:188} INFO - [2025-08-19T17:36:26.827+0200] {dag.py:3089} INFO - Sync 1 DAGs
[2025-08-19T17:36:26.830+0200] {logging_mixin.py:188} INFO - [2025-08-19T17:36:26.830+0200] {dag.py:3947} INFO - Setting next_dagrun for hello_adw to None, run_after=None
[2025-08-19T17:36:26.837+0200] {processor.py:183} INFO - Processing /Users/ehabhasan/airflow/dags/hello_adw.py took 0.051 seconds
[2025-08-19T17:37:23.586+0200] {processor.py:161} INFO - Started process (PID=14545) to work on /Users/ehabhasan/airflow/dags/hello_adw.py
[2025-08-19T17:37:23.586+0200] {processor.py:830} INFO - Processing file /Users/ehabhasan/airflow/dags/hello_adw.py for tasks to queue
[2025-08-19T17:37:23.587+0200] {logging_mixin.py:188} INFO - [2025-08-19T17:37:23.587+0200] {dagbag.py:545} INFO - Filling up the DagBag from /Users/ehabhasan/airflow/dags/hello_adw.py
[2025-08-19T17:37:23.589+0200] {processor.py:840} INFO - DAG(s) 'hello_adw' retrieved from /Users/ehabhasan/airflow/dags/hello_adw.py
[2025-08-19T17:37:23.624+0200] {logging_mixin.py:188} INFO - [2025-08-19T17:37:23.624+0200] {dag.py:3089} INFO - Sync 1 DAGs
[2025-08-19T17:37:23.628+0200] {logging_mixin.py:188} INFO - [2025-08-19T17:37:23.628+0200] {dag.py:3947} INFO - Setting next_dagrun for hello_adw to None, run_after=None
[2025-08-19T17:37:23.634+0200] {processor.py:183} INFO - Processing /Users/ehabhasan/airflow/dags/hello_adw.py took 0.050 seconds
[2025-08-19T17:38:21.850+0200] {processor.py:161} INFO - Started process (PID=14692) to work on /Users/ehabhasan/airflow/dags/hello_adw.py
[2025-08-19T17:38:21.850+0200] {processor.py:830} INFO - Processing file /Users/ehabhasan/airflow/dags/hello_adw.py for tasks to queue
[2025-08-19T17:38:21.851+0200] {logging_mixin.py:188} INFO - [2025-08-19T17:38:21.851+0200] {dagbag.py:545} INFO - Filling up the DagBag from /Users/ehabhasan/airflow/dags/hello_adw.py
[2025-08-19T17:38:21.853+0200] {processor.py:840} INFO - DAG(s) 'hello_adw' retrieved from /Users/ehabhasan/airflow/dags/hello_adw.py
[2025-08-19T17:38:21.888+0200] {logging_mixin.py:188} INFO - [2025-08-19T17:38:21.888+0200] {dag.py:3089} INFO - Sync 1 DAGs
[2025-08-19T17:38:21.891+0200] {logging_mixin.py:188} INFO - [2025-08-19T17:38:21.891+0200] {dag.py:3947} INFO - Setting next_dagrun for hello_adw to None, run_after=None
[2025-08-19T17:38:21.898+0200] {processor.py:183} INFO - Processing /Users/ehabhasan/airflow/dags/hello_adw.py took 0.049 seconds
[2025-08-19T17:39:23.999+0200] {processor.py:161} INFO - Started process (PID=14755) to work on /Users/ehabhasan/airflow/dags/hello_adw.py
[2025-08-19T17:39:24.000+0200] {processor.py:830} INFO - Processing file /Users/ehabhasan/airflow/dags/hello_adw.py for tasks to queue
[2025-08-19T17:39:24.000+0200] {logging_mixin.py:188} INFO - [2025-08-19T17:39:24.000+0200] {dagbag.py:545} INFO - Filling up the DagBag from /Users/ehabhasan/airflow/dags/hello_adw.py
[2025-08-19T17:39:24.002+0200] {processor.py:840} INFO - DAG(s) 'hello_adw' retrieved from /Users/ehabhasan/airflow/dags/hello_adw.py
[2025-08-19T17:39:24.041+0200] {logging_mixin.py:188} INFO - [2025-08-19T17:39:24.041+0200] {dag.py:3089} INFO - Sync 1 DAGs
[2025-08-19T17:39:24.046+0200] {logging_mixin.py:188} INFO - [2025-08-19T17:39:24.045+0200] {dag.py:3947} INFO - Setting next_dagrun for hello_adw to None, run_after=None
[2025-08-19T17:39:24.054+0200] {processor.py:183} INFO - Processing /Users/ehabhasan/airflow/dags/hello_adw.py took 0.057 seconds
[2025-08-19T17:40:25.140+0200] {processor.py:161} INFO - Started process (PID=14843) to work on /Users/ehabhasan/airflow/dags/hello_adw.py
[2025-08-19T17:40:25.141+0200] {processor.py:830} INFO - Processing file /Users/ehabhasan/airflow/dags/hello_adw.py for tasks to queue
[2025-08-19T17:40:25.141+0200] {logging_mixin.py:188} INFO - [2025-08-19T17:40:25.141+0200] {dagbag.py:545} INFO - Filling up the DagBag from /Users/ehabhasan/airflow/dags/hello_adw.py
[2025-08-19T17:40:25.144+0200] {processor.py:840} INFO - DAG(s) 'hello_adw' retrieved from /Users/ehabhasan/airflow/dags/hello_adw.py
[2025-08-19T17:40:25.179+0200] {logging_mixin.py:188} INFO - [2025-08-19T17:40:25.179+0200] {dag.py:3089} INFO - Sync 1 DAGs
[2025-08-19T17:40:25.183+0200] {logging_mixin.py:188} INFO - [2025-08-19T17:40:25.182+0200] {dag.py:3947} INFO - Setting next_dagrun for hello_adw to None, run_after=None
[2025-08-19T17:40:25.189+0200] {processor.py:183} INFO - Processing /Users/ehabhasan/airflow/dags/hello_adw.py took 0.050 seconds
[2025-08-19T17:45:00.267+0200] {processor.py:161} INFO - Started process (PID=14946) to work on /Users/ehabhasan/airflow/dags/hello_adw.py
[2025-08-19T17:45:00.267+0200] {processor.py:830} INFO - Processing file /Users/ehabhasan/airflow/dags/hello_adw.py for tasks to queue
[2025-08-19T17:45:00.267+0200] {logging_mixin.py:188} INFO - [2025-08-19T17:45:00.267+0200] {dagbag.py:545} INFO - Filling up the DagBag from /Users/ehabhasan/airflow/dags/hello_adw.py
[2025-08-19T17:45:00.270+0200] {processor.py:840} INFO - DAG(s) 'hello_adw' retrieved from /Users/ehabhasan/airflow/dags/hello_adw.py
[2025-08-19T17:45:00.306+0200] {logging_mixin.py:188} INFO - [2025-08-19T17:45:00.306+0200] {dag.py:3089} INFO - Sync 1 DAGs
[2025-08-19T17:45:00.309+0200] {logging_mixin.py:188} INFO - [2025-08-19T17:45:00.309+0200] {dag.py:3947} INFO - Setting next_dagrun for hello_adw to None, run_after=None
[2025-08-19T17:45:00.315+0200] {processor.py:183} INFO - Processing /Users/ehabhasan/airflow/dags/hello_adw.py took 0.050 seconds
[2025-08-19T17:46:00.495+0200] {processor.py:161} INFO - Started process (PID=14993) to work on /Users/ehabhasan/airflow/dags/hello_adw.py
[2025-08-19T17:46:00.495+0200] {processor.py:830} INFO - Processing file /Users/ehabhasan/airflow/dags/hello_adw.py for tasks to queue
[2025-08-19T17:46:00.496+0200] {logging_mixin.py:188} INFO - [2025-08-19T17:46:00.496+0200] {dagbag.py:545} INFO - Filling up the DagBag from /Users/ehabhasan/airflow/dags/hello_adw.py
[2025-08-19T17:46:00.498+0200] {processor.py:840} INFO - DAG(s) 'hello_adw' retrieved from /Users/ehabhasan/airflow/dags/hello_adw.py
[2025-08-19T17:46:00.534+0200] {logging_mixin.py:188} INFO - [2025-08-19T17:46:00.534+0200] {dag.py:3089} INFO - Sync 1 DAGs
[2025-08-19T17:46:00.537+0200] {logging_mixin.py:188} INFO - [2025-08-19T17:46:00.537+0200] {dag.py:3947} INFO - Setting next_dagrun for hello_adw to None, run_after=None
[2025-08-19T17:46:00.544+0200] {processor.py:183} INFO - Processing /Users/ehabhasan/airflow/dags/hello_adw.py took 0.050 seconds
[2025-08-19T17:47:02.548+0200] {processor.py:161} INFO - Started process (PID=15048) to work on /Users/ehabhasan/airflow/dags/hello_adw.py
[2025-08-19T17:47:02.548+0200] {processor.py:830} INFO - Processing file /Users/ehabhasan/airflow/dags/hello_adw.py for tasks to queue
[2025-08-19T17:47:02.548+0200] {logging_mixin.py:188} INFO - [2025-08-19T17:47:02.548+0200] {dagbag.py:545} INFO - Filling up the DagBag from /Users/ehabhasan/airflow/dags/hello_adw.py
[2025-08-19T17:47:02.551+0200] {processor.py:840} INFO - DAG(s) 'hello_adw' retrieved from /Users/ehabhasan/airflow/dags/hello_adw.py
[2025-08-19T17:47:02.589+0200] {logging_mixin.py:188} INFO - [2025-08-19T17:47:02.589+0200] {dag.py:3089} INFO - Sync 1 DAGs
[2025-08-19T17:47:02.593+0200] {logging_mixin.py:188} INFO - [2025-08-19T17:47:02.593+0200] {dag.py:3947} INFO - Setting next_dagrun for hello_adw to None, run_after=None
[2025-08-19T17:47:02.600+0200] {processor.py:183} INFO - Processing /Users/ehabhasan/airflow/dags/hello_adw.py took 0.054 seconds
[2025-08-19T17:48:03.215+0200] {processor.py:161} INFO - Started process (PID=15092) to work on /Users/ehabhasan/airflow/dags/hello_adw.py
[2025-08-19T17:48:03.215+0200] {processor.py:830} INFO - Processing file /Users/ehabhasan/airflow/dags/hello_adw.py for tasks to queue
[2025-08-19T17:48:03.216+0200] {logging_mixin.py:188} INFO - [2025-08-19T17:48:03.216+0200] {dagbag.py:545} INFO - Filling up the DagBag from /Users/ehabhasan/airflow/dags/hello_adw.py
[2025-08-19T17:48:03.218+0200] {processor.py:840} INFO - DAG(s) 'hello_adw' retrieved from /Users/ehabhasan/airflow/dags/hello_adw.py
[2025-08-19T17:48:03.253+0200] {logging_mixin.py:188} INFO - [2025-08-19T17:48:03.253+0200] {dag.py:3089} INFO - Sync 1 DAGs
[2025-08-19T17:48:03.256+0200] {logging_mixin.py:188} INFO - [2025-08-19T17:48:03.256+0200] {dag.py:3947} INFO - Setting next_dagrun for hello_adw to None, run_after=None
[2025-08-19T17:48:03.262+0200] {processor.py:183} INFO - Processing /Users/ehabhasan/airflow/dags/hello_adw.py took 0.049 seconds
[2025-08-19T17:48:59.386+0200] {processor.py:161} INFO - Started process (PID=15134) to work on /Users/ehabhasan/airflow/dags/hello_adw.py
[2025-08-19T17:48:59.386+0200] {processor.py:830} INFO - Processing file /Users/ehabhasan/airflow/dags/hello_adw.py for tasks to queue
[2025-08-19T17:48:59.386+0200] {logging_mixin.py:188} INFO - [2025-08-19T17:48:59.386+0200] {dagbag.py:545} INFO - Filling up the DagBag from /Users/ehabhasan/airflow/dags/hello_adw.py
[2025-08-19T17:48:59.389+0200] {processor.py:840} INFO - DAG(s) 'hello_adw' retrieved from /Users/ehabhasan/airflow/dags/hello_adw.py
[2025-08-19T17:48:59.424+0200] {logging_mixin.py:188} INFO - [2025-08-19T17:48:59.424+0200] {dag.py:3089} INFO - Sync 1 DAGs
[2025-08-19T17:48:59.427+0200] {logging_mixin.py:188} INFO - [2025-08-19T17:48:59.427+0200] {dag.py:3947} INFO - Setting next_dagrun for hello_adw to None, run_after=None
[2025-08-19T17:48:59.434+0200] {processor.py:183} INFO - Processing /Users/ehabhasan/airflow/dags/hello_adw.py took 0.050 seconds
[2025-08-19T17:49:53.732+0200] {processor.py:161} INFO - Started process (PID=15175) to work on /Users/ehabhasan/airflow/dags/hello_adw.py
[2025-08-19T17:49:53.732+0200] {processor.py:830} INFO - Processing file /Users/ehabhasan/airflow/dags/hello_adw.py for tasks to queue
[2025-08-19T17:49:53.733+0200] {logging_mixin.py:188} INFO - [2025-08-19T17:49:53.733+0200] {dagbag.py:545} INFO - Filling up the DagBag from /Users/ehabhasan/airflow/dags/hello_adw.py
[2025-08-19T17:49:53.735+0200] {processor.py:840} INFO - DAG(s) 'hello_adw' retrieved from /Users/ehabhasan/airflow/dags/hello_adw.py
[2025-08-19T17:49:53.773+0200] {logging_mixin.py:188} INFO - [2025-08-19T17:49:53.773+0200] {dag.py:3089} INFO - Sync 1 DAGs
[2025-08-19T17:49:53.776+0200] {logging_mixin.py:188} INFO - [2025-08-19T17:49:53.776+0200] {dag.py:3947} INFO - Setting next_dagrun for hello_adw to None, run_after=None
[2025-08-19T17:49:53.783+0200] {processor.py:183} INFO - Processing /Users/ehabhasan/airflow/dags/hello_adw.py took 0.053 seconds
