[2025-08-19T17:10:02.094+0200] {local_task_job_runner.py:120} INFO - ::group::Pre task execution logs
[2025-08-19T17:10:02.101+0200] {taskinstance.py:2076} INFO - Dependencies all met for dep_context=non-requeueable deps ti=<TaskInstance: hello_adw.hello manual__2025-08-19T15:09:59.580677+00:00 [queued]>
[2025-08-19T17:10:02.103+0200] {taskinstance.py:2076} INFO - Dependencies all met for dep_context=requeueable deps ti=<TaskInstance: hello_adw.hello manual__2025-08-19T15:09:59.580677+00:00 [queued]>
[2025-08-19T17:10:02.103+0200] {taskinstance.py:2306} INFO - Starting attempt 1 of 1
[2025-08-19T17:10:02.107+0200] {taskinstance.py:2330} INFO - Executing <Task(BashOperator): hello> on 2025-08-19 15:09:59.580677+00:00
[2025-08-19T17:10:02.109+0200] {standard_task_runner.py:64} INFO - Started process 10252 to run task
[2025-08-19T17:10:02.112+0200] {standard_task_runner.py:90} INFO - Running: ['airflow', 'tasks', 'run', 'hello_adw', 'hello', 'manual__2025-08-19T15:09:59.580677+00:00', '--job-id', '3', '--raw', '--subdir', 'DAGS_FOLDER/hello_adw.py', '--cfg-path', '/var/folders/rs/26sh2c8d3l36j5qyqswpsd4w0000gn/T/tmpmypltubj']
[2025-08-19T17:10:02.113+0200] {standard_task_runner.py:91} INFO - Job 3: Subtask hello
[2025-08-19T17:10:02.127+0200] {task_command.py:426} INFO - Running <TaskInstance: hello_adw.hello manual__2025-08-19T15:09:59.580677+00:00 [running]> on host mac.home
[2025-08-19T17:10:02.147+0200] {taskinstance.py:2648} INFO - Exporting env vars: AIRFLOW_CTX_DAG_OWNER='airflow' AIRFLOW_CTX_DAG_ID='hello_adw' AIRFLOW_CTX_TASK_ID='hello' AIRFLOW_CTX_EXECUTION_DATE='2025-08-19T15:09:59.580677+00:00' AIRFLOW_CTX_TRY_NUMBER='1' AIRFLOW_CTX_DAG_RUN_ID='manual__2025-08-19T15:09:59.580677+00:00'
[2025-08-19T17:10:02.147+0200] {taskinstance.py:430} INFO - ::endgroup::
[2025-08-19T17:10:02.148+0200] {subprocess.py:63} INFO - Tmp dir root location: /var/folders/rs/26sh2c8d3l36j5qyqswpsd4w0000gn/T
[2025-08-19T17:10:02.148+0200] {subprocess.py:75} INFO - Running command: ['/bin/bash', '-c', "echo 'Airflow is alive ✅'"]
[2025-08-19T17:10:02.151+0200] {subprocess.py:86} INFO - Output:
[2025-08-19T17:10:02.153+0200] {subprocess.py:93} INFO - Airflow is alive ✅
[2025-08-19T17:10:02.154+0200] {subprocess.py:97} INFO - Command exited with return code 0
[2025-08-19T17:10:02.154+0200] {taskinstance.py:441} INFO - ::group::Post task execution logs
[2025-08-19T17:10:02.160+0200] {taskinstance.py:1206} INFO - Marking task as SUCCESS. dag_id=hello_adw, task_id=hello, run_id=manual__2025-08-19T15:09:59.580677+00:00, execution_date=20250819T150959, start_date=20250819T151002, end_date=20250819T151002
[2025-08-19T17:10:02.166+0200] {local_task_job_runner.py:243} INFO - Task exited with return code 0
[2025-08-19T17:10:02.170+0200] {taskinstance.py:3503} INFO - 0 downstream tasks scheduled from follow-on schedule check
[2025-08-19T17:10:02.170+0200] {local_task_job_runner.py:222} INFO - ::endgroup::
