[2025-08-19T17:19:30.352+0200] {local_task_job_runner.py:120} INFO - ::group::Pre task execution logs
[2025-08-19T17:19:30.359+0200] {taskinstance.py:2076} INFO - Dependencies all met for dep_context=non-requeueable deps ti=<TaskInstance: spark_sanity.spark_version manual__2025-08-19T15:19:28.390679+00:00 [queued]>
[2025-08-19T17:19:30.361+0200] {taskinstance.py:2076} INFO - Dependencies all met for dep_context=requeueable deps ti=<TaskInstance: spark_sanity.spark_version manual__2025-08-19T15:19:28.390679+00:00 [queued]>
[2025-08-19T17:19:30.361+0200] {taskinstance.py:2306} INFO - Starting attempt 1 of 1
[2025-08-19T17:19:30.366+0200] {taskinstance.py:2330} INFO - Executing <Task(BashOperator): spark_version> on 2025-08-19 15:19:28.390679+00:00
[2025-08-19T17:19:30.368+0200] {standard_task_runner.py:64} INFO - Started process 11558 to run task
[2025-08-19T17:19:30.370+0200] {standard_task_runner.py:90} INFO - Running: ['airflow', 'tasks', 'run', 'spark_sanity', 'spark_version', 'manual__2025-08-19T15:19:28.390679+00:00', '--job-id', '4', '--raw', '--subdir', 'DAGS_FOLDER/spark_sanity.py', '--cfg-path', '/var/folders/rs/26sh2c8d3l36j5qyqswpsd4w0000gn/T/tmpddnm08uc']
[2025-08-19T17:19:30.371+0200] {standard_task_runner.py:91} INFO - Job 4: Subtask spark_version
[2025-08-19T17:19:30.384+0200] {task_command.py:426} INFO - Running <TaskInstance: spark_sanity.spark_version manual__2025-08-19T15:19:28.390679+00:00 [running]> on host mac.home
[2025-08-19T17:19:30.403+0200] {taskinstance.py:2648} INFO - Exporting env vars: AIRFLOW_CTX_DAG_OWNER='airflow' AIRFLOW_CTX_DAG_ID='spark_sanity' AIRFLOW_CTX_TASK_ID='spark_version' AIRFLOW_CTX_EXECUTION_DATE='2025-08-19T15:19:28.390679+00:00' AIRFLOW_CTX_TRY_NUMBER='1' AIRFLOW_CTX_DAG_RUN_ID='manual__2025-08-19T15:19:28.390679+00:00'
[2025-08-19T17:19:30.404+0200] {taskinstance.py:430} INFO - ::endgroup::
[2025-08-19T17:19:30.404+0200] {subprocess.py:63} INFO - Tmp dir root location: /var/folders/rs/26sh2c8d3l36j5qyqswpsd4w0000gn/T
[2025-08-19T17:19:30.405+0200] {subprocess.py:75} INFO - Running command: ['/bin/bash', '-c', 'spark-submit --version']
[2025-08-19T17:19:30.407+0200] {subprocess.py:86} INFO - Output:
[2025-08-19T17:19:30.410+0200] {subprocess.py:93} INFO - /bin/bash: spark-submit: command not found
[2025-08-19T17:19:30.410+0200] {subprocess.py:97} INFO - Command exited with return code 127
[2025-08-19T17:19:30.411+0200] {taskinstance.py:441} INFO - ::group::Post task execution logs
[2025-08-19T17:19:30.413+0200] {taskinstance.py:2905} ERROR - Task failed with exception
Traceback (most recent call last):
  File "/Users/ehabhasan/.venvs/airflow310/lib/python3.10/site-packages/airflow/models/taskinstance.py", line 465, in _execute_task
    result = _execute_callable(context=context, **execute_callable_kwargs)
  File "/Users/ehabhasan/.venvs/airflow310/lib/python3.10/site-packages/airflow/models/taskinstance.py", line 432, in _execute_callable
    return execute_callable(context=context, **execute_callable_kwargs)
  File "/Users/ehabhasan/.venvs/airflow310/lib/python3.10/site-packages/airflow/models/baseoperator.py", line 401, in wrapper
    return func(self, *args, **kwargs)
  File "/Users/ehabhasan/.venvs/airflow310/lib/python3.10/site-packages/airflow/operators/bash.py", line 243, in execute
    raise AirflowException(
airflow.exceptions.AirflowException: Bash command failed. The command returned a non-zero exit code 127.
[2025-08-19T17:19:30.415+0200] {taskinstance.py:1206} INFO - Marking task as FAILED. dag_id=spark_sanity, task_id=spark_version, run_id=manual__2025-08-19T15:19:28.390679+00:00, execution_date=20250819T151928, start_date=20250819T151930, end_date=20250819T151930
[2025-08-19T17:19:30.418+0200] {standard_task_runner.py:110} ERROR - Failed to execute job 4 for task spark_version (Bash command failed. The command returned a non-zero exit code 127.; 11558)
[2025-08-19T17:19:30.424+0200] {local_task_job_runner.py:243} INFO - Task exited with return code 1
[2025-08-19T17:19:30.429+0200] {taskinstance.py:3503} INFO - 0 downstream tasks scheduled from follow-on schedule check
[2025-08-19T17:19:30.429+0200] {local_task_job_runner.py:222} INFO - ::endgroup::
