[2025-08-19T16:47:49.830+0200] {processor.py:161} INFO - Started process (PID=7607) to work on /Users/ehabhasan/.venvs/airflow310/lib/python3.10/site-packages/airflow/example_dags/subdags/subdag.py
[2025-08-19T16:47:49.830+0200] {processor.py:830} INFO - Processing file /Users/ehabhasan/.venvs/airflow310/lib/python3.10/site-packages/airflow/example_dags/subdags/subdag.py for tasks to queue
[2025-08-19T16:47:49.830+0200] {logging_mixin.py:188} INFO - [2025-08-19T16:47:49.830+0200] {dagbag.py:545} INFO - Filling up the DagBag from /Users/ehabhasan/.venvs/airflow310/lib/python3.10/site-packages/airflow/example_dags/subdags/subdag.py
[2025-08-19T16:47:49.831+0200] {processor.py:842} WARNING - No viable dags retrieved from /Users/ehabhasan/.venvs/airflow310/lib/python3.10/site-packages/airflow/example_dags/subdags/subdag.py
[2025-08-19T16:47:49.864+0200] {processor.py:183} INFO - Processing /Users/ehabhasan/.venvs/airflow310/lib/python3.10/site-packages/airflow/example_dags/subdags/subdag.py took 0.037 seconds
[2025-08-19T16:49:09.791+0200] {processor.py:161} INFO - Started process (PID=7673) to work on /Users/ehabhasan/.venvs/airflow310/lib/python3.10/site-packages/airflow/example_dags/subdags/subdag.py
[2025-08-19T16:49:09.792+0200] {processor.py:830} INFO - Processing file /Users/ehabhasan/.venvs/airflow310/lib/python3.10/site-packages/airflow/example_dags/subdags/subdag.py for tasks to queue
[2025-08-19T16:49:09.793+0200] {logging_mixin.py:188} INFO - [2025-08-19T16:49:09.793+0200] {dagbag.py:545} INFO - Filling up the DagBag from /Users/ehabhasan/.venvs/airflow310/lib/python3.10/site-packages/airflow/example_dags/subdags/subdag.py
[2025-08-19T16:49:09.794+0200] {processor.py:842} WARNING - No viable dags retrieved from /Users/ehabhasan/.venvs/airflow310/lib/python3.10/site-packages/airflow/example_dags/subdags/subdag.py
[2025-08-19T16:49:09.823+0200] {processor.py:183} INFO - Processing /Users/ehabhasan/.venvs/airflow310/lib/python3.10/site-packages/airflow/example_dags/subdags/subdag.py took 0.033 seconds
[2025-08-19T16:49:58.422+0200] {processor.py:161} INFO - Started process (PID=7710) to work on /Users/ehabhasan/.venvs/airflow310/lib/python3.10/site-packages/airflow/example_dags/subdags/subdag.py
[2025-08-19T16:49:58.423+0200] {processor.py:830} INFO - Processing file /Users/ehabhasan/.venvs/airflow310/lib/python3.10/site-packages/airflow/example_dags/subdags/subdag.py for tasks to queue
[2025-08-19T16:49:58.423+0200] {logging_mixin.py:188} INFO - [2025-08-19T16:49:58.423+0200] {dagbag.py:545} INFO - Filling up the DagBag from /Users/ehabhasan/.venvs/airflow310/lib/python3.10/site-packages/airflow/example_dags/subdags/subdag.py
[2025-08-19T16:49:58.424+0200] {processor.py:842} WARNING - No viable dags retrieved from /Users/ehabhasan/.venvs/airflow310/lib/python3.10/site-packages/airflow/example_dags/subdags/subdag.py
[2025-08-19T16:49:58.452+0200] {processor.py:183} INFO - Processing /Users/ehabhasan/.venvs/airflow310/lib/python3.10/site-packages/airflow/example_dags/subdags/subdag.py took 0.032 seconds
[2025-08-19T16:50:43.845+0200] {processor.py:161} INFO - Started process (PID=7744) to work on /Users/ehabhasan/.venvs/airflow310/lib/python3.10/site-packages/airflow/example_dags/subdags/subdag.py
[2025-08-19T16:50:43.846+0200] {processor.py:830} INFO - Processing file /Users/ehabhasan/.venvs/airflow310/lib/python3.10/site-packages/airflow/example_dags/subdags/subdag.py for tasks to queue
[2025-08-19T16:50:43.846+0200] {logging_mixin.py:188} INFO - [2025-08-19T16:50:43.846+0200] {dagbag.py:545} INFO - Filling up the DagBag from /Users/ehabhasan/.venvs/airflow310/lib/python3.10/site-packages/airflow/example_dags/subdags/subdag.py
[2025-08-19T16:50:43.847+0200] {processor.py:842} WARNING - No viable dags retrieved from /Users/ehabhasan/.venvs/airflow310/lib/python3.10/site-packages/airflow/example_dags/subdags/subdag.py
[2025-08-19T16:50:43.875+0200] {processor.py:183} INFO - Processing /Users/ehabhasan/.venvs/airflow310/lib/python3.10/site-packages/airflow/example_dags/subdags/subdag.py took 0.032 seconds
[2025-08-19T16:51:31.978+0200] {processor.py:161} INFO - Started process (PID=7778) to work on /Users/ehabhasan/.venvs/airflow310/lib/python3.10/site-packages/airflow/example_dags/subdags/subdag.py
[2025-08-19T16:51:31.979+0200] {processor.py:830} INFO - Processing file /Users/ehabhasan/.venvs/airflow310/lib/python3.10/site-packages/airflow/example_dags/subdags/subdag.py for tasks to queue
[2025-08-19T16:51:31.979+0200] {logging_mixin.py:188} INFO - [2025-08-19T16:51:31.979+0200] {dagbag.py:545} INFO - Filling up the DagBag from /Users/ehabhasan/.venvs/airflow310/lib/python3.10/site-packages/airflow/example_dags/subdags/subdag.py
[2025-08-19T16:51:31.980+0200] {processor.py:842} WARNING - No viable dags retrieved from /Users/ehabhasan/.venvs/airflow310/lib/python3.10/site-packages/airflow/example_dags/subdags/subdag.py
[2025-08-19T16:51:32.008+0200] {processor.py:183} INFO - Processing /Users/ehabhasan/.venvs/airflow310/lib/python3.10/site-packages/airflow/example_dags/subdags/subdag.py took 0.032 seconds
[2025-08-19T16:52:23.300+0200] {processor.py:161} INFO - Started process (PID=7816) to work on /Users/ehabhasan/.venvs/airflow310/lib/python3.10/site-packages/airflow/example_dags/subdags/subdag.py
[2025-08-19T16:52:23.300+0200] {processor.py:830} INFO - Processing file /Users/ehabhasan/.venvs/airflow310/lib/python3.10/site-packages/airflow/example_dags/subdags/subdag.py for tasks to queue
[2025-08-19T16:52:23.301+0200] {logging_mixin.py:188} INFO - [2025-08-19T16:52:23.301+0200] {dagbag.py:545} INFO - Filling up the DagBag from /Users/ehabhasan/.venvs/airflow310/lib/python3.10/site-packages/airflow/example_dags/subdags/subdag.py
[2025-08-19T16:52:23.301+0200] {processor.py:842} WARNING - No viable dags retrieved from /Users/ehabhasan/.venvs/airflow310/lib/python3.10/site-packages/airflow/example_dags/subdags/subdag.py
[2025-08-19T16:52:23.330+0200] {processor.py:183} INFO - Processing /Users/ehabhasan/.venvs/airflow310/lib/python3.10/site-packages/airflow/example_dags/subdags/subdag.py took 0.032 seconds
[2025-08-19T16:53:12.198+0200] {processor.py:161} INFO - Started process (PID=7854) to work on /Users/ehabhasan/.venvs/airflow310/lib/python3.10/site-packages/airflow/example_dags/subdags/subdag.py
[2025-08-19T16:53:12.198+0200] {processor.py:830} INFO - Processing file /Users/ehabhasan/.venvs/airflow310/lib/python3.10/site-packages/airflow/example_dags/subdags/subdag.py for tasks to queue
[2025-08-19T16:53:12.198+0200] {logging_mixin.py:188} INFO - [2025-08-19T16:53:12.198+0200] {dagbag.py:545} INFO - Filling up the DagBag from /Users/ehabhasan/.venvs/airflow310/lib/python3.10/site-packages/airflow/example_dags/subdags/subdag.py
[2025-08-19T16:53:12.199+0200] {processor.py:842} WARNING - No viable dags retrieved from /Users/ehabhasan/.venvs/airflow310/lib/python3.10/site-packages/airflow/example_dags/subdags/subdag.py
[2025-08-19T16:53:12.227+0200] {processor.py:183} INFO - Processing /Users/ehabhasan/.venvs/airflow310/lib/python3.10/site-packages/airflow/example_dags/subdags/subdag.py took 0.031 seconds
[2025-08-19T16:53:59.407+0200] {processor.py:161} INFO - Started process (PID=7913) to work on /Users/ehabhasan/.venvs/airflow310/lib/python3.10/site-packages/airflow/example_dags/subdags/subdag.py
[2025-08-19T16:53:59.408+0200] {processor.py:830} INFO - Processing file /Users/ehabhasan/.venvs/airflow310/lib/python3.10/site-packages/airflow/example_dags/subdags/subdag.py for tasks to queue
[2025-08-19T16:53:59.408+0200] {logging_mixin.py:188} INFO - [2025-08-19T16:53:59.408+0200] {dagbag.py:545} INFO - Filling up the DagBag from /Users/ehabhasan/.venvs/airflow310/lib/python3.10/site-packages/airflow/example_dags/subdags/subdag.py
[2025-08-19T16:53:59.409+0200] {processor.py:842} WARNING - No viable dags retrieved from /Users/ehabhasan/.venvs/airflow310/lib/python3.10/site-packages/airflow/example_dags/subdags/subdag.py
[2025-08-19T16:53:59.439+0200] {processor.py:183} INFO - Processing /Users/ehabhasan/.venvs/airflow310/lib/python3.10/site-packages/airflow/example_dags/subdags/subdag.py took 0.033 seconds
[2025-08-19T16:54:48.560+0200] {processor.py:161} INFO - Started process (PID=7961) to work on /Users/ehabhasan/.venvs/airflow310/lib/python3.10/site-packages/airflow/example_dags/subdags/subdag.py
[2025-08-19T16:54:48.561+0200] {processor.py:830} INFO - Processing file /Users/ehabhasan/.venvs/airflow310/lib/python3.10/site-packages/airflow/example_dags/subdags/subdag.py for tasks to queue
[2025-08-19T16:54:48.562+0200] {logging_mixin.py:188} INFO - [2025-08-19T16:54:48.561+0200] {dagbag.py:545} INFO - Filling up the DagBag from /Users/ehabhasan/.venvs/airflow310/lib/python3.10/site-packages/airflow/example_dags/subdags/subdag.py
[2025-08-19T16:54:48.563+0200] {processor.py:842} WARNING - No viable dags retrieved from /Users/ehabhasan/.venvs/airflow310/lib/python3.10/site-packages/airflow/example_dags/subdags/subdag.py
[2025-08-19T16:54:48.591+0200] {processor.py:183} INFO - Processing /Users/ehabhasan/.venvs/airflow310/lib/python3.10/site-packages/airflow/example_dags/subdags/subdag.py took 0.032 seconds
[2025-08-19T16:55:36.496+0200] {processor.py:161} INFO - Started process (PID=7995) to work on /Users/ehabhasan/.venvs/airflow310/lib/python3.10/site-packages/airflow/example_dags/subdags/subdag.py
[2025-08-19T16:55:36.496+0200] {processor.py:830} INFO - Processing file /Users/ehabhasan/.venvs/airflow310/lib/python3.10/site-packages/airflow/example_dags/subdags/subdag.py for tasks to queue
[2025-08-19T16:55:36.496+0200] {logging_mixin.py:188} INFO - [2025-08-19T16:55:36.496+0200] {dagbag.py:545} INFO - Filling up the DagBag from /Users/ehabhasan/.venvs/airflow310/lib/python3.10/site-packages/airflow/example_dags/subdags/subdag.py
[2025-08-19T16:55:36.497+0200] {processor.py:842} WARNING - No viable dags retrieved from /Users/ehabhasan/.venvs/airflow310/lib/python3.10/site-packages/airflow/example_dags/subdags/subdag.py
[2025-08-19T16:55:36.526+0200] {processor.py:183} INFO - Processing /Users/ehabhasan/.venvs/airflow310/lib/python3.10/site-packages/airflow/example_dags/subdags/subdag.py took 0.032 seconds
[2025-08-19T16:56:27.963+0200] {processor.py:161} INFO - Started process (PID=8034) to work on /Users/ehabhasan/.venvs/airflow310/lib/python3.10/site-packages/airflow/example_dags/subdags/subdag.py
[2025-08-19T16:56:27.964+0200] {processor.py:830} INFO - Processing file /Users/ehabhasan/.venvs/airflow310/lib/python3.10/site-packages/airflow/example_dags/subdags/subdag.py for tasks to queue
[2025-08-19T16:56:27.964+0200] {logging_mixin.py:188} INFO - [2025-08-19T16:56:27.964+0200] {dagbag.py:545} INFO - Filling up the DagBag from /Users/ehabhasan/.venvs/airflow310/lib/python3.10/site-packages/airflow/example_dags/subdags/subdag.py
[2025-08-19T16:56:27.965+0200] {processor.py:842} WARNING - No viable dags retrieved from /Users/ehabhasan/.venvs/airflow310/lib/python3.10/site-packages/airflow/example_dags/subdags/subdag.py
[2025-08-19T16:56:27.993+0200] {processor.py:183} INFO - Processing /Users/ehabhasan/.venvs/airflow310/lib/python3.10/site-packages/airflow/example_dags/subdags/subdag.py took 0.032 seconds
[2025-08-19T16:57:23.205+0200] {processor.py:161} INFO - Started process (PID=8074) to work on /Users/ehabhasan/.venvs/airflow310/lib/python3.10/site-packages/airflow/example_dags/subdags/subdag.py
[2025-08-19T16:57:23.206+0200] {processor.py:830} INFO - Processing file /Users/ehabhasan/.venvs/airflow310/lib/python3.10/site-packages/airflow/example_dags/subdags/subdag.py for tasks to queue
[2025-08-19T16:57:23.206+0200] {logging_mixin.py:188} INFO - [2025-08-19T16:57:23.206+0200] {dagbag.py:545} INFO - Filling up the DagBag from /Users/ehabhasan/.venvs/airflow310/lib/python3.10/site-packages/airflow/example_dags/subdags/subdag.py
[2025-08-19T16:57:23.207+0200] {processor.py:842} WARNING - No viable dags retrieved from /Users/ehabhasan/.venvs/airflow310/lib/python3.10/site-packages/airflow/example_dags/subdags/subdag.py
[2025-08-19T16:57:23.236+0200] {processor.py:183} INFO - Processing /Users/ehabhasan/.venvs/airflow310/lib/python3.10/site-packages/airflow/example_dags/subdags/subdag.py took 0.032 seconds
[2025-08-19T16:58:11.583+0200] {processor.py:161} INFO - Started process (PID=8112) to work on /Users/ehabhasan/.venvs/airflow310/lib/python3.10/site-packages/airflow/example_dags/subdags/subdag.py
[2025-08-19T16:58:11.584+0200] {processor.py:830} INFO - Processing file /Users/ehabhasan/.venvs/airflow310/lib/python3.10/site-packages/airflow/example_dags/subdags/subdag.py for tasks to queue
[2025-08-19T16:58:11.584+0200] {logging_mixin.py:188} INFO - [2025-08-19T16:58:11.584+0200] {dagbag.py:545} INFO - Filling up the DagBag from /Users/ehabhasan/.venvs/airflow310/lib/python3.10/site-packages/airflow/example_dags/subdags/subdag.py
[2025-08-19T16:58:11.584+0200] {processor.py:842} WARNING - No viable dags retrieved from /Users/ehabhasan/.venvs/airflow310/lib/python3.10/site-packages/airflow/example_dags/subdags/subdag.py
[2025-08-19T16:58:11.614+0200] {processor.py:183} INFO - Processing /Users/ehabhasan/.venvs/airflow310/lib/python3.10/site-packages/airflow/example_dags/subdags/subdag.py took 0.032 seconds
[2025-08-19T16:58:59.914+0200] {processor.py:161} INFO - Started process (PID=8157) to work on /Users/ehabhasan/.venvs/airflow310/lib/python3.10/site-packages/airflow/example_dags/subdags/subdag.py
[2025-08-19T16:58:59.914+0200] {processor.py:830} INFO - Processing file /Users/ehabhasan/.venvs/airflow310/lib/python3.10/site-packages/airflow/example_dags/subdags/subdag.py for tasks to queue
[2025-08-19T16:58:59.914+0200] {logging_mixin.py:188} INFO - [2025-08-19T16:58:59.914+0200] {dagbag.py:545} INFO - Filling up the DagBag from /Users/ehabhasan/.venvs/airflow310/lib/python3.10/site-packages/airflow/example_dags/subdags/subdag.py
[2025-08-19T16:58:59.915+0200] {processor.py:842} WARNING - No viable dags retrieved from /Users/ehabhasan/.venvs/airflow310/lib/python3.10/site-packages/airflow/example_dags/subdags/subdag.py
[2025-08-19T16:58:59.944+0200] {processor.py:183} INFO - Processing /Users/ehabhasan/.venvs/airflow310/lib/python3.10/site-packages/airflow/example_dags/subdags/subdag.py took 0.032 seconds
[2025-08-19T17:00:22.681+0200] {processor.py:161} INFO - Started process (PID=8224) to work on /Users/ehabhasan/.venvs/airflow310/lib/python3.10/site-packages/airflow/example_dags/subdags/subdag.py
[2025-08-19T17:00:22.681+0200] {processor.py:830} INFO - Processing file /Users/ehabhasan/.venvs/airflow310/lib/python3.10/site-packages/airflow/example_dags/subdags/subdag.py for tasks to queue
[2025-08-19T17:00:22.682+0200] {logging_mixin.py:188} INFO - [2025-08-19T17:00:22.682+0200] {dagbag.py:545} INFO - Filling up the DagBag from /Users/ehabhasan/.venvs/airflow310/lib/python3.10/site-packages/airflow/example_dags/subdags/subdag.py
[2025-08-19T17:00:22.682+0200] {processor.py:842} WARNING - No viable dags retrieved from /Users/ehabhasan/.venvs/airflow310/lib/python3.10/site-packages/airflow/example_dags/subdags/subdag.py
[2025-08-19T17:00:22.712+0200] {processor.py:183} INFO - Processing /Users/ehabhasan/.venvs/airflow310/lib/python3.10/site-packages/airflow/example_dags/subdags/subdag.py took 0.033 seconds
[2025-08-19T17:01:20.787+0200] {processor.py:161} INFO - Started process (PID=8263) to work on /Users/ehabhasan/.venvs/airflow310/lib/python3.10/site-packages/airflow/example_dags/subdags/subdag.py
[2025-08-19T17:01:20.787+0200] {processor.py:830} INFO - Processing file /Users/ehabhasan/.venvs/airflow310/lib/python3.10/site-packages/airflow/example_dags/subdags/subdag.py for tasks to queue
[2025-08-19T17:01:20.788+0200] {logging_mixin.py:188} INFO - [2025-08-19T17:01:20.788+0200] {dagbag.py:545} INFO - Filling up the DagBag from /Users/ehabhasan/.venvs/airflow310/lib/python3.10/site-packages/airflow/example_dags/subdags/subdag.py
[2025-08-19T17:01:20.788+0200] {processor.py:842} WARNING - No viable dags retrieved from /Users/ehabhasan/.venvs/airflow310/lib/python3.10/site-packages/airflow/example_dags/subdags/subdag.py
[2025-08-19T17:01:20.817+0200] {processor.py:183} INFO - Processing /Users/ehabhasan/.venvs/airflow310/lib/python3.10/site-packages/airflow/example_dags/subdags/subdag.py took 0.032 seconds
[2025-08-19T17:02:13.048+0200] {processor.py:161} INFO - Started process (PID=8308) to work on /Users/ehabhasan/.venvs/airflow310/lib/python3.10/site-packages/airflow/example_dags/subdags/subdag.py
[2025-08-19T17:02:13.048+0200] {processor.py:830} INFO - Processing file /Users/ehabhasan/.venvs/airflow310/lib/python3.10/site-packages/airflow/example_dags/subdags/subdag.py for tasks to queue
[2025-08-19T17:02:13.049+0200] {logging_mixin.py:188} INFO - [2025-08-19T17:02:13.049+0200] {dagbag.py:545} INFO - Filling up the DagBag from /Users/ehabhasan/.venvs/airflow310/lib/python3.10/site-packages/airflow/example_dags/subdags/subdag.py
[2025-08-19T17:02:13.049+0200] {processor.py:842} WARNING - No viable dags retrieved from /Users/ehabhasan/.venvs/airflow310/lib/python3.10/site-packages/airflow/example_dags/subdags/subdag.py
[2025-08-19T17:02:13.079+0200] {processor.py:183} INFO - Processing /Users/ehabhasan/.venvs/airflow310/lib/python3.10/site-packages/airflow/example_dags/subdags/subdag.py took 0.032 seconds
[2025-08-19T17:03:01.888+0200] {processor.py:161} INFO - Started process (PID=8351) to work on /Users/ehabhasan/.venvs/airflow310/lib/python3.10/site-packages/airflow/example_dags/subdags/subdag.py
[2025-08-19T17:03:01.889+0200] {processor.py:830} INFO - Processing file /Users/ehabhasan/.venvs/airflow310/lib/python3.10/site-packages/airflow/example_dags/subdags/subdag.py for tasks to queue
[2025-08-19T17:03:01.889+0200] {logging_mixin.py:188} INFO - [2025-08-19T17:03:01.889+0200] {dagbag.py:545} INFO - Filling up the DagBag from /Users/ehabhasan/.venvs/airflow310/lib/python3.10/site-packages/airflow/example_dags/subdags/subdag.py
[2025-08-19T17:03:01.890+0200] {processor.py:842} WARNING - No viable dags retrieved from /Users/ehabhasan/.venvs/airflow310/lib/python3.10/site-packages/airflow/example_dags/subdags/subdag.py
[2025-08-19T17:03:01.918+0200] {processor.py:183} INFO - Processing /Users/ehabhasan/.venvs/airflow310/lib/python3.10/site-packages/airflow/example_dags/subdags/subdag.py took 0.032 seconds
[2025-08-19T17:03:49.179+0200] {processor.py:161} INFO - Started process (PID=8681) to work on /Users/ehabhasan/.venvs/airflow310/lib/python3.10/site-packages/airflow/example_dags/subdags/subdag.py
[2025-08-19T17:03:49.179+0200] {processor.py:830} INFO - Processing file /Users/ehabhasan/.venvs/airflow310/lib/python3.10/site-packages/airflow/example_dags/subdags/subdag.py for tasks to queue
[2025-08-19T17:03:49.180+0200] {logging_mixin.py:188} INFO - [2025-08-19T17:03:49.180+0200] {dagbag.py:545} INFO - Filling up the DagBag from /Users/ehabhasan/.venvs/airflow310/lib/python3.10/site-packages/airflow/example_dags/subdags/subdag.py
[2025-08-19T17:03:49.180+0200] {processor.py:842} WARNING - No viable dags retrieved from /Users/ehabhasan/.venvs/airflow310/lib/python3.10/site-packages/airflow/example_dags/subdags/subdag.py
[2025-08-19T17:03:49.210+0200] {processor.py:183} INFO - Processing /Users/ehabhasan/.venvs/airflow310/lib/python3.10/site-packages/airflow/example_dags/subdags/subdag.py took 0.032 seconds
[2025-08-19T17:04:38.529+0200] {processor.py:161} INFO - Started process (PID=8949) to work on /Users/ehabhasan/.venvs/airflow310/lib/python3.10/site-packages/airflow/example_dags/subdags/subdag.py
[2025-08-19T17:04:38.529+0200] {processor.py:830} INFO - Processing file /Users/ehabhasan/.venvs/airflow310/lib/python3.10/site-packages/airflow/example_dags/subdags/subdag.py for tasks to queue
[2025-08-19T17:04:38.530+0200] {logging_mixin.py:188} INFO - [2025-08-19T17:04:38.529+0200] {dagbag.py:545} INFO - Filling up the DagBag from /Users/ehabhasan/.venvs/airflow310/lib/python3.10/site-packages/airflow/example_dags/subdags/subdag.py
[2025-08-19T17:04:38.530+0200] {processor.py:842} WARNING - No viable dags retrieved from /Users/ehabhasan/.venvs/airflow310/lib/python3.10/site-packages/airflow/example_dags/subdags/subdag.py
[2025-08-19T17:04:38.559+0200] {processor.py:183} INFO - Processing /Users/ehabhasan/.venvs/airflow310/lib/python3.10/site-packages/airflow/example_dags/subdags/subdag.py took 0.032 seconds
[2025-08-19T17:05:30.538+0200] {processor.py:161} INFO - Started process (PID=9283) to work on /Users/ehabhasan/.venvs/airflow310/lib/python3.10/site-packages/airflow/example_dags/subdags/subdag.py
[2025-08-19T17:05:30.538+0200] {processor.py:830} INFO - Processing file /Users/ehabhasan/.venvs/airflow310/lib/python3.10/site-packages/airflow/example_dags/subdags/subdag.py for tasks to queue
[2025-08-19T17:05:30.539+0200] {logging_mixin.py:188} INFO - [2025-08-19T17:05:30.539+0200] {dagbag.py:545} INFO - Filling up the DagBag from /Users/ehabhasan/.venvs/airflow310/lib/python3.10/site-packages/airflow/example_dags/subdags/subdag.py
[2025-08-19T17:05:30.539+0200] {processor.py:842} WARNING - No viable dags retrieved from /Users/ehabhasan/.venvs/airflow310/lib/python3.10/site-packages/airflow/example_dags/subdags/subdag.py
[2025-08-19T17:05:30.569+0200] {processor.py:183} INFO - Processing /Users/ehabhasan/.venvs/airflow310/lib/python3.10/site-packages/airflow/example_dags/subdags/subdag.py took 0.032 seconds
[2025-08-19T17:06:24.522+0200] {processor.py:161} INFO - Started process (PID=9440) to work on /Users/ehabhasan/.venvs/airflow310/lib/python3.10/site-packages/airflow/example_dags/subdags/subdag.py
[2025-08-19T17:06:24.523+0200] {processor.py:830} INFO - Processing file /Users/ehabhasan/.venvs/airflow310/lib/python3.10/site-packages/airflow/example_dags/subdags/subdag.py for tasks to queue
[2025-08-19T17:06:24.523+0200] {logging_mixin.py:188} INFO - [2025-08-19T17:06:24.523+0200] {dagbag.py:545} INFO - Filling up the DagBag from /Users/ehabhasan/.venvs/airflow310/lib/python3.10/site-packages/airflow/example_dags/subdags/subdag.py
[2025-08-19T17:06:24.524+0200] {processor.py:842} WARNING - No viable dags retrieved from /Users/ehabhasan/.venvs/airflow310/lib/python3.10/site-packages/airflow/example_dags/subdags/subdag.py
[2025-08-19T17:06:24.554+0200] {processor.py:183} INFO - Processing /Users/ehabhasan/.venvs/airflow310/lib/python3.10/site-packages/airflow/example_dags/subdags/subdag.py took 0.033 seconds
[2025-08-19T17:07:18.581+0200] {processor.py:161} INFO - Started process (PID=9968) to work on /Users/ehabhasan/.venvs/airflow310/lib/python3.10/site-packages/airflow/example_dags/subdags/subdag.py
[2025-08-19T17:07:18.581+0200] {processor.py:830} INFO - Processing file /Users/ehabhasan/.venvs/airflow310/lib/python3.10/site-packages/airflow/example_dags/subdags/subdag.py for tasks to queue
[2025-08-19T17:07:18.582+0200] {logging_mixin.py:188} INFO - [2025-08-19T17:07:18.582+0200] {dagbag.py:545} INFO - Filling up the DagBag from /Users/ehabhasan/.venvs/airflow310/lib/python3.10/site-packages/airflow/example_dags/subdags/subdag.py
[2025-08-19T17:07:18.582+0200] {processor.py:842} WARNING - No viable dags retrieved from /Users/ehabhasan/.venvs/airflow310/lib/python3.10/site-packages/airflow/example_dags/subdags/subdag.py
[2025-08-19T17:07:18.612+0200] {processor.py:183} INFO - Processing /Users/ehabhasan/.venvs/airflow310/lib/python3.10/site-packages/airflow/example_dags/subdags/subdag.py took 0.033 seconds
[2025-08-19T17:08:11.031+0200] {processor.py:161} INFO - Started process (PID=10133) to work on /Users/ehabhasan/.venvs/airflow310/lib/python3.10/site-packages/airflow/example_dags/subdags/subdag.py
[2025-08-19T17:08:11.031+0200] {processor.py:830} INFO - Processing file /Users/ehabhasan/.venvs/airflow310/lib/python3.10/site-packages/airflow/example_dags/subdags/subdag.py for tasks to queue
[2025-08-19T17:08:11.032+0200] {logging_mixin.py:188} INFO - [2025-08-19T17:08:11.032+0200] {dagbag.py:545} INFO - Filling up the DagBag from /Users/ehabhasan/.venvs/airflow310/lib/python3.10/site-packages/airflow/example_dags/subdags/subdag.py
[2025-08-19T17:08:11.032+0200] {processor.py:842} WARNING - No viable dags retrieved from /Users/ehabhasan/.venvs/airflow310/lib/python3.10/site-packages/airflow/example_dags/subdags/subdag.py
[2025-08-19T17:08:11.062+0200] {processor.py:183} INFO - Processing /Users/ehabhasan/.venvs/airflow310/lib/python3.10/site-packages/airflow/example_dags/subdags/subdag.py took 0.032 seconds
[2025-08-19T17:09:06.830+0200] {processor.py:161} INFO - Started process (PID=10178) to work on /Users/ehabhasan/.venvs/airflow310/lib/python3.10/site-packages/airflow/example_dags/subdags/subdag.py
[2025-08-19T17:09:06.831+0200] {processor.py:830} INFO - Processing file /Users/ehabhasan/.venvs/airflow310/lib/python3.10/site-packages/airflow/example_dags/subdags/subdag.py for tasks to queue
[2025-08-19T17:09:06.831+0200] {logging_mixin.py:188} INFO - [2025-08-19T17:09:06.831+0200] {dagbag.py:545} INFO - Filling up the DagBag from /Users/ehabhasan/.venvs/airflow310/lib/python3.10/site-packages/airflow/example_dags/subdags/subdag.py
[2025-08-19T17:09:06.832+0200] {processor.py:842} WARNING - No viable dags retrieved from /Users/ehabhasan/.venvs/airflow310/lib/python3.10/site-packages/airflow/example_dags/subdags/subdag.py
[2025-08-19T17:09:06.862+0200] {processor.py:183} INFO - Processing /Users/ehabhasan/.venvs/airflow310/lib/python3.10/site-packages/airflow/example_dags/subdags/subdag.py took 0.033 seconds
[2025-08-19T17:10:02.816+0200] {processor.py:161} INFO - Started process (PID=10254) to work on /Users/ehabhasan/.venvs/airflow310/lib/python3.10/site-packages/airflow/example_dags/subdags/subdag.py
[2025-08-19T17:10:02.817+0200] {processor.py:830} INFO - Processing file /Users/ehabhasan/.venvs/airflow310/lib/python3.10/site-packages/airflow/example_dags/subdags/subdag.py for tasks to queue
[2025-08-19T17:10:02.817+0200] {logging_mixin.py:188} INFO - [2025-08-19T17:10:02.817+0200] {dagbag.py:545} INFO - Filling up the DagBag from /Users/ehabhasan/.venvs/airflow310/lib/python3.10/site-packages/airflow/example_dags/subdags/subdag.py
[2025-08-19T17:10:02.818+0200] {processor.py:842} WARNING - No viable dags retrieved from /Users/ehabhasan/.venvs/airflow310/lib/python3.10/site-packages/airflow/example_dags/subdags/subdag.py
[2025-08-19T17:10:02.852+0200] {processor.py:183} INFO - Processing /Users/ehabhasan/.venvs/airflow310/lib/python3.10/site-packages/airflow/example_dags/subdags/subdag.py took 0.037 seconds
[2025-08-19T17:10:54.523+0200] {processor.py:161} INFO - Started process (PID=10295) to work on /Users/ehabhasan/.venvs/airflow310/lib/python3.10/site-packages/airflow/example_dags/subdags/subdag.py
[2025-08-19T17:10:54.523+0200] {processor.py:830} INFO - Processing file /Users/ehabhasan/.venvs/airflow310/lib/python3.10/site-packages/airflow/example_dags/subdags/subdag.py for tasks to queue
[2025-08-19T17:10:54.523+0200] {logging_mixin.py:188} INFO - [2025-08-19T17:10:54.523+0200] {dagbag.py:545} INFO - Filling up the DagBag from /Users/ehabhasan/.venvs/airflow310/lib/python3.10/site-packages/airflow/example_dags/subdags/subdag.py
[2025-08-19T17:10:54.524+0200] {processor.py:842} WARNING - No viable dags retrieved from /Users/ehabhasan/.venvs/airflow310/lib/python3.10/site-packages/airflow/example_dags/subdags/subdag.py
[2025-08-19T17:10:54.555+0200] {processor.py:183} INFO - Processing /Users/ehabhasan/.venvs/airflow310/lib/python3.10/site-packages/airflow/example_dags/subdags/subdag.py took 0.034 seconds
[2025-08-19T17:11:47.557+0200] {processor.py:161} INFO - Started process (PID=10330) to work on /Users/ehabhasan/.venvs/airflow310/lib/python3.10/site-packages/airflow/example_dags/subdags/subdag.py
[2025-08-19T17:11:47.557+0200] {processor.py:830} INFO - Processing file /Users/ehabhasan/.venvs/airflow310/lib/python3.10/site-packages/airflow/example_dags/subdags/subdag.py for tasks to queue
[2025-08-19T17:11:47.558+0200] {logging_mixin.py:188} INFO - [2025-08-19T17:11:47.558+0200] {dagbag.py:545} INFO - Filling up the DagBag from /Users/ehabhasan/.venvs/airflow310/lib/python3.10/site-packages/airflow/example_dags/subdags/subdag.py
[2025-08-19T17:11:47.558+0200] {processor.py:842} WARNING - No viable dags retrieved from /Users/ehabhasan/.venvs/airflow310/lib/python3.10/site-packages/airflow/example_dags/subdags/subdag.py
[2025-08-19T17:11:47.588+0200] {processor.py:183} INFO - Processing /Users/ehabhasan/.venvs/airflow310/lib/python3.10/site-packages/airflow/example_dags/subdags/subdag.py took 0.032 seconds
[2025-08-19T17:12:46.029+0200] {processor.py:161} INFO - Started process (PID=10385) to work on /Users/ehabhasan/.venvs/airflow310/lib/python3.10/site-packages/airflow/example_dags/subdags/subdag.py
[2025-08-19T17:12:46.030+0200] {processor.py:830} INFO - Processing file /Users/ehabhasan/.venvs/airflow310/lib/python3.10/site-packages/airflow/example_dags/subdags/subdag.py for tasks to queue
[2025-08-19T17:12:46.030+0200] {logging_mixin.py:188} INFO - [2025-08-19T17:12:46.030+0200] {dagbag.py:545} INFO - Filling up the DagBag from /Users/ehabhasan/.venvs/airflow310/lib/python3.10/site-packages/airflow/example_dags/subdags/subdag.py
[2025-08-19T17:12:46.031+0200] {processor.py:842} WARNING - No viable dags retrieved from /Users/ehabhasan/.venvs/airflow310/lib/python3.10/site-packages/airflow/example_dags/subdags/subdag.py
[2025-08-19T17:12:46.060+0200] {processor.py:183} INFO - Processing /Users/ehabhasan/.venvs/airflow310/lib/python3.10/site-packages/airflow/example_dags/subdags/subdag.py took 0.032 seconds
[2025-08-19T17:13:41.057+0200] {processor.py:161} INFO - Started process (PID=10427) to work on /Users/ehabhasan/.venvs/airflow310/lib/python3.10/site-packages/airflow/example_dags/subdags/subdag.py
[2025-08-19T17:13:41.057+0200] {processor.py:830} INFO - Processing file /Users/ehabhasan/.venvs/airflow310/lib/python3.10/site-packages/airflow/example_dags/subdags/subdag.py for tasks to queue
[2025-08-19T17:13:41.057+0200] {logging_mixin.py:188} INFO - [2025-08-19T17:13:41.057+0200] {dagbag.py:545} INFO - Filling up the DagBag from /Users/ehabhasan/.venvs/airflow310/lib/python3.10/site-packages/airflow/example_dags/subdags/subdag.py
[2025-08-19T17:13:41.058+0200] {processor.py:842} WARNING - No viable dags retrieved from /Users/ehabhasan/.venvs/airflow310/lib/python3.10/site-packages/airflow/example_dags/subdags/subdag.py
[2025-08-19T17:13:41.087+0200] {processor.py:183} INFO - Processing /Users/ehabhasan/.venvs/airflow310/lib/python3.10/site-packages/airflow/example_dags/subdags/subdag.py took 0.032 seconds
[2025-08-19T17:14:37.895+0200] {processor.py:161} INFO - Started process (PID=10502) to work on /Users/ehabhasan/.venvs/airflow310/lib/python3.10/site-packages/airflow/example_dags/subdags/subdag.py
[2025-08-19T17:14:37.896+0200] {processor.py:830} INFO - Processing file /Users/ehabhasan/.venvs/airflow310/lib/python3.10/site-packages/airflow/example_dags/subdags/subdag.py for tasks to queue
[2025-08-19T17:14:37.896+0200] {logging_mixin.py:188} INFO - [2025-08-19T17:14:37.896+0200] {dagbag.py:545} INFO - Filling up the DagBag from /Users/ehabhasan/.venvs/airflow310/lib/python3.10/site-packages/airflow/example_dags/subdags/subdag.py
[2025-08-19T17:14:37.897+0200] {processor.py:842} WARNING - No viable dags retrieved from /Users/ehabhasan/.venvs/airflow310/lib/python3.10/site-packages/airflow/example_dags/subdags/subdag.py
[2025-08-19T17:14:37.925+0200] {processor.py:183} INFO - Processing /Users/ehabhasan/.venvs/airflow310/lib/python3.10/site-packages/airflow/example_dags/subdags/subdag.py took 0.032 seconds
[2025-08-19T17:15:33.098+0200] {processor.py:161} INFO - Started process (PID=10778) to work on /Users/ehabhasan/.venvs/airflow310/lib/python3.10/site-packages/airflow/example_dags/subdags/subdag.py
[2025-08-19T17:15:33.098+0200] {processor.py:830} INFO - Processing file /Users/ehabhasan/.venvs/airflow310/lib/python3.10/site-packages/airflow/example_dags/subdags/subdag.py for tasks to queue
[2025-08-19T17:15:33.098+0200] {logging_mixin.py:188} INFO - [2025-08-19T17:15:33.098+0200] {dagbag.py:545} INFO - Filling up the DagBag from /Users/ehabhasan/.venvs/airflow310/lib/python3.10/site-packages/airflow/example_dags/subdags/subdag.py
[2025-08-19T17:15:33.099+0200] {processor.py:842} WARNING - No viable dags retrieved from /Users/ehabhasan/.venvs/airflow310/lib/python3.10/site-packages/airflow/example_dags/subdags/subdag.py
[2025-08-19T17:15:33.128+0200] {processor.py:183} INFO - Processing /Users/ehabhasan/.venvs/airflow310/lib/python3.10/site-packages/airflow/example_dags/subdags/subdag.py took 0.032 seconds
[2025-08-19T17:16:29.422+0200] {processor.py:161} INFO - Started process (PID=10817) to work on /Users/ehabhasan/.venvs/airflow310/lib/python3.10/site-packages/airflow/example_dags/subdags/subdag.py
[2025-08-19T17:16:29.422+0200] {processor.py:830} INFO - Processing file /Users/ehabhasan/.venvs/airflow310/lib/python3.10/site-packages/airflow/example_dags/subdags/subdag.py for tasks to queue
[2025-08-19T17:16:29.422+0200] {logging_mixin.py:188} INFO - [2025-08-19T17:16:29.422+0200] {dagbag.py:545} INFO - Filling up the DagBag from /Users/ehabhasan/.venvs/airflow310/lib/python3.10/site-packages/airflow/example_dags/subdags/subdag.py
[2025-08-19T17:16:29.423+0200] {processor.py:842} WARNING - No viable dags retrieved from /Users/ehabhasan/.venvs/airflow310/lib/python3.10/site-packages/airflow/example_dags/subdags/subdag.py
[2025-08-19T17:16:29.452+0200] {processor.py:183} INFO - Processing /Users/ehabhasan/.venvs/airflow310/lib/python3.10/site-packages/airflow/example_dags/subdags/subdag.py took 0.032 seconds
[2025-08-19T17:17:26.455+0200] {processor.py:161} INFO - Started process (PID=11441) to work on /Users/ehabhasan/.venvs/airflow310/lib/python3.10/site-packages/airflow/example_dags/subdags/subdag.py
[2025-08-19T17:17:26.456+0200] {processor.py:830} INFO - Processing file /Users/ehabhasan/.venvs/airflow310/lib/python3.10/site-packages/airflow/example_dags/subdags/subdag.py for tasks to queue
[2025-08-19T17:17:26.456+0200] {logging_mixin.py:188} INFO - [2025-08-19T17:17:26.456+0200] {dagbag.py:545} INFO - Filling up the DagBag from /Users/ehabhasan/.venvs/airflow310/lib/python3.10/site-packages/airflow/example_dags/subdags/subdag.py
[2025-08-19T17:17:26.457+0200] {processor.py:842} WARNING - No viable dags retrieved from /Users/ehabhasan/.venvs/airflow310/lib/python3.10/site-packages/airflow/example_dags/subdags/subdag.py
[2025-08-19T17:17:26.487+0200] {processor.py:183} INFO - Processing /Users/ehabhasan/.venvs/airflow310/lib/python3.10/site-packages/airflow/example_dags/subdags/subdag.py took 0.034 seconds
[2025-08-19T17:18:21.412+0200] {processor.py:161} INFO - Started process (PID=11489) to work on /Users/ehabhasan/.venvs/airflow310/lib/python3.10/site-packages/airflow/example_dags/subdags/subdag.py
[2025-08-19T17:18:21.413+0200] {processor.py:830} INFO - Processing file /Users/ehabhasan/.venvs/airflow310/lib/python3.10/site-packages/airflow/example_dags/subdags/subdag.py for tasks to queue
[2025-08-19T17:18:21.413+0200] {logging_mixin.py:188} INFO - [2025-08-19T17:18:21.413+0200] {dagbag.py:545} INFO - Filling up the DagBag from /Users/ehabhasan/.venvs/airflow310/lib/python3.10/site-packages/airflow/example_dags/subdags/subdag.py
[2025-08-19T17:18:21.414+0200] {processor.py:842} WARNING - No viable dags retrieved from /Users/ehabhasan/.venvs/airflow310/lib/python3.10/site-packages/airflow/example_dags/subdags/subdag.py
[2025-08-19T17:18:21.443+0200] {processor.py:183} INFO - Processing /Users/ehabhasan/.venvs/airflow310/lib/python3.10/site-packages/airflow/example_dags/subdags/subdag.py took 0.032 seconds
[2025-08-19T17:19:15.347+0200] {processor.py:161} INFO - Started process (PID=11540) to work on /Users/ehabhasan/.venvs/airflow310/lib/python3.10/site-packages/airflow/example_dags/subdags/subdag.py
[2025-08-19T17:19:15.347+0200] {processor.py:830} INFO - Processing file /Users/ehabhasan/.venvs/airflow310/lib/python3.10/site-packages/airflow/example_dags/subdags/subdag.py for tasks to queue
[2025-08-19T17:19:15.348+0200] {logging_mixin.py:188} INFO - [2025-08-19T17:19:15.348+0200] {dagbag.py:545} INFO - Filling up the DagBag from /Users/ehabhasan/.venvs/airflow310/lib/python3.10/site-packages/airflow/example_dags/subdags/subdag.py
[2025-08-19T17:19:15.348+0200] {processor.py:842} WARNING - No viable dags retrieved from /Users/ehabhasan/.venvs/airflow310/lib/python3.10/site-packages/airflow/example_dags/subdags/subdag.py
[2025-08-19T17:19:15.378+0200] {processor.py:183} INFO - Processing /Users/ehabhasan/.venvs/airflow310/lib/python3.10/site-packages/airflow/example_dags/subdags/subdag.py took 0.033 seconds
[2025-08-19T17:20:06.549+0200] {processor.py:161} INFO - Started process (PID=11594) to work on /Users/ehabhasan/.venvs/airflow310/lib/python3.10/site-packages/airflow/example_dags/subdags/subdag.py
[2025-08-19T17:20:06.550+0200] {processor.py:830} INFO - Processing file /Users/ehabhasan/.venvs/airflow310/lib/python3.10/site-packages/airflow/example_dags/subdags/subdag.py for tasks to queue
[2025-08-19T17:20:06.550+0200] {logging_mixin.py:188} INFO - [2025-08-19T17:20:06.550+0200] {dagbag.py:545} INFO - Filling up the DagBag from /Users/ehabhasan/.venvs/airflow310/lib/python3.10/site-packages/airflow/example_dags/subdags/subdag.py
[2025-08-19T17:20:06.551+0200] {processor.py:842} WARNING - No viable dags retrieved from /Users/ehabhasan/.venvs/airflow310/lib/python3.10/site-packages/airflow/example_dags/subdags/subdag.py
[2025-08-19T17:20:06.581+0200] {processor.py:183} INFO - Processing /Users/ehabhasan/.venvs/airflow310/lib/python3.10/site-packages/airflow/example_dags/subdags/subdag.py took 0.034 seconds
[2025-08-19T17:20:56.664+0200] {processor.py:161} INFO - Started process (PID=11629) to work on /Users/ehabhasan/.venvs/airflow310/lib/python3.10/site-packages/airflow/example_dags/subdags/subdag.py
[2025-08-19T17:20:56.664+0200] {processor.py:830} INFO - Processing file /Users/ehabhasan/.venvs/airflow310/lib/python3.10/site-packages/airflow/example_dags/subdags/subdag.py for tasks to queue
[2025-08-19T17:20:56.664+0200] {logging_mixin.py:188} INFO - [2025-08-19T17:20:56.664+0200] {dagbag.py:545} INFO - Filling up the DagBag from /Users/ehabhasan/.venvs/airflow310/lib/python3.10/site-packages/airflow/example_dags/subdags/subdag.py
[2025-08-19T17:20:56.665+0200] {processor.py:842} WARNING - No viable dags retrieved from /Users/ehabhasan/.venvs/airflow310/lib/python3.10/site-packages/airflow/example_dags/subdags/subdag.py
[2025-08-19T17:20:56.694+0200] {processor.py:183} INFO - Processing /Users/ehabhasan/.venvs/airflow310/lib/python3.10/site-packages/airflow/example_dags/subdags/subdag.py took 0.032 seconds
[2025-08-19T17:21:50.603+0200] {processor.py:161} INFO - Started process (PID=11662) to work on /Users/ehabhasan/.venvs/airflow310/lib/python3.10/site-packages/airflow/example_dags/subdags/subdag.py
[2025-08-19T17:21:50.604+0200] {processor.py:830} INFO - Processing file /Users/ehabhasan/.venvs/airflow310/lib/python3.10/site-packages/airflow/example_dags/subdags/subdag.py for tasks to queue
[2025-08-19T17:21:50.604+0200] {logging_mixin.py:188} INFO - [2025-08-19T17:21:50.604+0200] {dagbag.py:545} INFO - Filling up the DagBag from /Users/ehabhasan/.venvs/airflow310/lib/python3.10/site-packages/airflow/example_dags/subdags/subdag.py
[2025-08-19T17:21:50.605+0200] {processor.py:842} WARNING - No viable dags retrieved from /Users/ehabhasan/.venvs/airflow310/lib/python3.10/site-packages/airflow/example_dags/subdags/subdag.py
[2025-08-19T17:21:50.634+0200] {processor.py:183} INFO - Processing /Users/ehabhasan/.venvs/airflow310/lib/python3.10/site-packages/airflow/example_dags/subdags/subdag.py took 0.032 seconds
[2025-08-19T17:22:48.287+0200] {processor.py:161} INFO - Started process (PID=11700) to work on /Users/ehabhasan/.venvs/airflow310/lib/python3.10/site-packages/airflow/example_dags/subdags/subdag.py
[2025-08-19T17:22:48.287+0200] {processor.py:830} INFO - Processing file /Users/ehabhasan/.venvs/airflow310/lib/python3.10/site-packages/airflow/example_dags/subdags/subdag.py for tasks to queue
[2025-08-19T17:22:48.287+0200] {logging_mixin.py:188} INFO - [2025-08-19T17:22:48.287+0200] {dagbag.py:545} INFO - Filling up the DagBag from /Users/ehabhasan/.venvs/airflow310/lib/python3.10/site-packages/airflow/example_dags/subdags/subdag.py
[2025-08-19T17:22:48.288+0200] {processor.py:842} WARNING - No viable dags retrieved from /Users/ehabhasan/.venvs/airflow310/lib/python3.10/site-packages/airflow/example_dags/subdags/subdag.py
[2025-08-19T17:22:48.318+0200] {processor.py:183} INFO - Processing /Users/ehabhasan/.venvs/airflow310/lib/python3.10/site-packages/airflow/example_dags/subdags/subdag.py took 0.032 seconds
[2025-08-19T17:23:41.539+0200] {processor.py:161} INFO - Started process (PID=11740) to work on /Users/ehabhasan/.venvs/airflow310/lib/python3.10/site-packages/airflow/example_dags/subdags/subdag.py
[2025-08-19T17:23:41.539+0200] {processor.py:830} INFO - Processing file /Users/ehabhasan/.venvs/airflow310/lib/python3.10/site-packages/airflow/example_dags/subdags/subdag.py for tasks to queue
[2025-08-19T17:23:41.539+0200] {logging_mixin.py:188} INFO - [2025-08-19T17:23:41.539+0200] {dagbag.py:545} INFO - Filling up the DagBag from /Users/ehabhasan/.venvs/airflow310/lib/python3.10/site-packages/airflow/example_dags/subdags/subdag.py
[2025-08-19T17:23:41.540+0200] {processor.py:842} WARNING - No viable dags retrieved from /Users/ehabhasan/.venvs/airflow310/lib/python3.10/site-packages/airflow/example_dags/subdags/subdag.py
[2025-08-19T17:23:41.569+0200] {processor.py:183} INFO - Processing /Users/ehabhasan/.venvs/airflow310/lib/python3.10/site-packages/airflow/example_dags/subdags/subdag.py took 0.032 seconds
[2025-08-19T17:24:33.709+0200] {processor.py:161} INFO - Started process (PID=11783) to work on /Users/ehabhasan/.venvs/airflow310/lib/python3.10/site-packages/airflow/example_dags/subdags/subdag.py
[2025-08-19T17:24:33.710+0200] {processor.py:830} INFO - Processing file /Users/ehabhasan/.venvs/airflow310/lib/python3.10/site-packages/airflow/example_dags/subdags/subdag.py for tasks to queue
[2025-08-19T17:24:33.710+0200] {logging_mixin.py:188} INFO - [2025-08-19T17:24:33.710+0200] {dagbag.py:545} INFO - Filling up the DagBag from /Users/ehabhasan/.venvs/airflow310/lib/python3.10/site-packages/airflow/example_dags/subdags/subdag.py
[2025-08-19T17:24:33.711+0200] {processor.py:842} WARNING - No viable dags retrieved from /Users/ehabhasan/.venvs/airflow310/lib/python3.10/site-packages/airflow/example_dags/subdags/subdag.py
[2025-08-19T17:24:33.740+0200] {processor.py:183} INFO - Processing /Users/ehabhasan/.venvs/airflow310/lib/python3.10/site-packages/airflow/example_dags/subdags/subdag.py took 0.033 seconds
[2025-08-19T17:25:27.550+0200] {processor.py:161} INFO - Started process (PID=11821) to work on /Users/ehabhasan/.venvs/airflow310/lib/python3.10/site-packages/airflow/example_dags/subdags/subdag.py
[2025-08-19T17:25:27.552+0200] {processor.py:830} INFO - Processing file /Users/ehabhasan/.venvs/airflow310/lib/python3.10/site-packages/airflow/example_dags/subdags/subdag.py for tasks to queue
[2025-08-19T17:25:27.553+0200] {logging_mixin.py:188} INFO - [2025-08-19T17:25:27.553+0200] {dagbag.py:545} INFO - Filling up the DagBag from /Users/ehabhasan/.venvs/airflow310/lib/python3.10/site-packages/airflow/example_dags/subdags/subdag.py
[2025-08-19T17:25:27.554+0200] {processor.py:842} WARNING - No viable dags retrieved from /Users/ehabhasan/.venvs/airflow310/lib/python3.10/site-packages/airflow/example_dags/subdags/subdag.py
[2025-08-19T17:25:27.584+0200] {processor.py:183} INFO - Processing /Users/ehabhasan/.venvs/airflow310/lib/python3.10/site-packages/airflow/example_dags/subdags/subdag.py took 0.035 seconds
[2025-08-19T17:26:20.045+0200] {processor.py:161} INFO - Started process (PID=11863) to work on /Users/ehabhasan/.venvs/airflow310/lib/python3.10/site-packages/airflow/example_dags/subdags/subdag.py
[2025-08-19T17:26:20.047+0200] {processor.py:830} INFO - Processing file /Users/ehabhasan/.venvs/airflow310/lib/python3.10/site-packages/airflow/example_dags/subdags/subdag.py for tasks to queue
[2025-08-19T17:26:20.048+0200] {logging_mixin.py:188} INFO - [2025-08-19T17:26:20.048+0200] {dagbag.py:545} INFO - Filling up the DagBag from /Users/ehabhasan/.venvs/airflow310/lib/python3.10/site-packages/airflow/example_dags/subdags/subdag.py
[2025-08-19T17:26:20.049+0200] {processor.py:842} WARNING - No viable dags retrieved from /Users/ehabhasan/.venvs/airflow310/lib/python3.10/site-packages/airflow/example_dags/subdags/subdag.py
[2025-08-19T17:26:20.079+0200] {processor.py:183} INFO - Processing /Users/ehabhasan/.venvs/airflow310/lib/python3.10/site-packages/airflow/example_dags/subdags/subdag.py took 0.035 seconds
[2025-08-19T17:27:14.639+0200] {processor.py:161} INFO - Started process (PID=11902) to work on /Users/ehabhasan/.venvs/airflow310/lib/python3.10/site-packages/airflow/example_dags/subdags/subdag.py
[2025-08-19T17:27:14.640+0200] {processor.py:830} INFO - Processing file /Users/ehabhasan/.venvs/airflow310/lib/python3.10/site-packages/airflow/example_dags/subdags/subdag.py for tasks to queue
[2025-08-19T17:27:14.640+0200] {logging_mixin.py:188} INFO - [2025-08-19T17:27:14.640+0200] {dagbag.py:545} INFO - Filling up the DagBag from /Users/ehabhasan/.venvs/airflow310/lib/python3.10/site-packages/airflow/example_dags/subdags/subdag.py
[2025-08-19T17:27:14.641+0200] {processor.py:842} WARNING - No viable dags retrieved from /Users/ehabhasan/.venvs/airflow310/lib/python3.10/site-packages/airflow/example_dags/subdags/subdag.py
[2025-08-19T17:27:14.670+0200] {processor.py:183} INFO - Processing /Users/ehabhasan/.venvs/airflow310/lib/python3.10/site-packages/airflow/example_dags/subdags/subdag.py took 0.032 seconds
[2025-08-19T17:28:10.155+0200] {processor.py:161} INFO - Started process (PID=11951) to work on /Users/ehabhasan/.venvs/airflow310/lib/python3.10/site-packages/airflow/example_dags/subdags/subdag.py
[2025-08-19T17:28:10.156+0200] {processor.py:830} INFO - Processing file /Users/ehabhasan/.venvs/airflow310/lib/python3.10/site-packages/airflow/example_dags/subdags/subdag.py for tasks to queue
[2025-08-19T17:28:10.157+0200] {logging_mixin.py:188} INFO - [2025-08-19T17:28:10.156+0200] {dagbag.py:545} INFO - Filling up the DagBag from /Users/ehabhasan/.venvs/airflow310/lib/python3.10/site-packages/airflow/example_dags/subdags/subdag.py
[2025-08-19T17:28:10.157+0200] {processor.py:842} WARNING - No viable dags retrieved from /Users/ehabhasan/.venvs/airflow310/lib/python3.10/site-packages/airflow/example_dags/subdags/subdag.py
[2025-08-19T17:28:10.186+0200] {processor.py:183} INFO - Processing /Users/ehabhasan/.venvs/airflow310/lib/python3.10/site-packages/airflow/example_dags/subdags/subdag.py took 0.033 seconds
[2025-08-19T17:29:03.943+0200] {processor.py:161} INFO - Started process (PID=11989) to work on /Users/ehabhasan/.venvs/airflow310/lib/python3.10/site-packages/airflow/example_dags/subdags/subdag.py
[2025-08-19T17:29:03.944+0200] {processor.py:830} INFO - Processing file /Users/ehabhasan/.venvs/airflow310/lib/python3.10/site-packages/airflow/example_dags/subdags/subdag.py for tasks to queue
[2025-08-19T17:29:03.944+0200] {logging_mixin.py:188} INFO - [2025-08-19T17:29:03.944+0200] {dagbag.py:545} INFO - Filling up the DagBag from /Users/ehabhasan/.venvs/airflow310/lib/python3.10/site-packages/airflow/example_dags/subdags/subdag.py
[2025-08-19T17:29:03.945+0200] {processor.py:842} WARNING - No viable dags retrieved from /Users/ehabhasan/.venvs/airflow310/lib/python3.10/site-packages/airflow/example_dags/subdags/subdag.py
[2025-08-19T17:29:03.975+0200] {processor.py:183} INFO - Processing /Users/ehabhasan/.venvs/airflow310/lib/python3.10/site-packages/airflow/example_dags/subdags/subdag.py took 0.033 seconds
[2025-08-19T17:30:01.850+0200] {processor.py:161} INFO - Started process (PID=12674) to work on /Users/ehabhasan/.venvs/airflow310/lib/python3.10/site-packages/airflow/example_dags/subdags/subdag.py
[2025-08-19T17:30:01.852+0200] {processor.py:830} INFO - Processing file /Users/ehabhasan/.venvs/airflow310/lib/python3.10/site-packages/airflow/example_dags/subdags/subdag.py for tasks to queue
[2025-08-19T17:30:01.853+0200] {logging_mixin.py:188} INFO - [2025-08-19T17:30:01.852+0200] {dagbag.py:545} INFO - Filling up the DagBag from /Users/ehabhasan/.venvs/airflow310/lib/python3.10/site-packages/airflow/example_dags/subdags/subdag.py
[2025-08-19T17:30:01.854+0200] {processor.py:842} WARNING - No viable dags retrieved from /Users/ehabhasan/.venvs/airflow310/lib/python3.10/site-packages/airflow/example_dags/subdags/subdag.py
[2025-08-19T17:30:01.886+0200] {processor.py:183} INFO - Processing /Users/ehabhasan/.venvs/airflow310/lib/python3.10/site-packages/airflow/example_dags/subdags/subdag.py took 0.038 seconds
[2025-08-19T17:30:55.644+0200] {processor.py:161} INFO - Started process (PID=13917) to work on /Users/ehabhasan/.venvs/airflow310/lib/python3.10/site-packages/airflow/example_dags/subdags/subdag.py
[2025-08-19T17:30:55.646+0200] {processor.py:830} INFO - Processing file /Users/ehabhasan/.venvs/airflow310/lib/python3.10/site-packages/airflow/example_dags/subdags/subdag.py for tasks to queue
[2025-08-19T17:30:55.646+0200] {logging_mixin.py:188} INFO - [2025-08-19T17:30:55.646+0200] {dagbag.py:545} INFO - Filling up the DagBag from /Users/ehabhasan/.venvs/airflow310/lib/python3.10/site-packages/airflow/example_dags/subdags/subdag.py
[2025-08-19T17:30:55.647+0200] {processor.py:842} WARNING - No viable dags retrieved from /Users/ehabhasan/.venvs/airflow310/lib/python3.10/site-packages/airflow/example_dags/subdags/subdag.py
[2025-08-19T17:30:55.677+0200] {processor.py:183} INFO - Processing /Users/ehabhasan/.venvs/airflow310/lib/python3.10/site-packages/airflow/example_dags/subdags/subdag.py took 0.035 seconds
[2025-08-19T17:31:52.406+0200] {processor.py:161} INFO - Started process (PID=13953) to work on /Users/ehabhasan/.venvs/airflow310/lib/python3.10/site-packages/airflow/example_dags/subdags/subdag.py
[2025-08-19T17:31:52.406+0200] {processor.py:830} INFO - Processing file /Users/ehabhasan/.venvs/airflow310/lib/python3.10/site-packages/airflow/example_dags/subdags/subdag.py for tasks to queue
[2025-08-19T17:31:52.406+0200] {logging_mixin.py:188} INFO - [2025-08-19T17:31:52.406+0200] {dagbag.py:545} INFO - Filling up the DagBag from /Users/ehabhasan/.venvs/airflow310/lib/python3.10/site-packages/airflow/example_dags/subdags/subdag.py
[2025-08-19T17:31:52.407+0200] {processor.py:842} WARNING - No viable dags retrieved from /Users/ehabhasan/.venvs/airflow310/lib/python3.10/site-packages/airflow/example_dags/subdags/subdag.py
[2025-08-19T17:31:52.439+0200] {processor.py:183} INFO - Processing /Users/ehabhasan/.venvs/airflow310/lib/python3.10/site-packages/airflow/example_dags/subdags/subdag.py took 0.035 seconds
[2025-08-19T17:32:49.505+0200] {processor.py:161} INFO - Started process (PID=14165) to work on /Users/ehabhasan/.venvs/airflow310/lib/python3.10/site-packages/airflow/example_dags/subdags/subdag.py
[2025-08-19T17:32:49.505+0200] {processor.py:830} INFO - Processing file /Users/ehabhasan/.venvs/airflow310/lib/python3.10/site-packages/airflow/example_dags/subdags/subdag.py for tasks to queue
[2025-08-19T17:32:49.505+0200] {logging_mixin.py:188} INFO - [2025-08-19T17:32:49.505+0200] {dagbag.py:545} INFO - Filling up the DagBag from /Users/ehabhasan/.venvs/airflow310/lib/python3.10/site-packages/airflow/example_dags/subdags/subdag.py
[2025-08-19T17:32:49.506+0200] {processor.py:842} WARNING - No viable dags retrieved from /Users/ehabhasan/.venvs/airflow310/lib/python3.10/site-packages/airflow/example_dags/subdags/subdag.py
[2025-08-19T17:32:49.537+0200] {processor.py:183} INFO - Processing /Users/ehabhasan/.venvs/airflow310/lib/python3.10/site-packages/airflow/example_dags/subdags/subdag.py took 0.034 seconds
[2025-08-19T17:33:43.676+0200] {processor.py:161} INFO - Started process (PID=14219) to work on /Users/ehabhasan/.venvs/airflow310/lib/python3.10/site-packages/airflow/example_dags/subdags/subdag.py
[2025-08-19T17:33:43.676+0200] {processor.py:830} INFO - Processing file /Users/ehabhasan/.venvs/airflow310/lib/python3.10/site-packages/airflow/example_dags/subdags/subdag.py for tasks to queue
[2025-08-19T17:33:43.676+0200] {logging_mixin.py:188} INFO - [2025-08-19T17:33:43.676+0200] {dagbag.py:545} INFO - Filling up the DagBag from /Users/ehabhasan/.venvs/airflow310/lib/python3.10/site-packages/airflow/example_dags/subdags/subdag.py
[2025-08-19T17:33:43.677+0200] {processor.py:842} WARNING - No viable dags retrieved from /Users/ehabhasan/.venvs/airflow310/lib/python3.10/site-packages/airflow/example_dags/subdags/subdag.py
[2025-08-19T17:33:43.707+0200] {processor.py:183} INFO - Processing /Users/ehabhasan/.venvs/airflow310/lib/python3.10/site-packages/airflow/example_dags/subdags/subdag.py took 0.033 seconds
[2025-08-19T17:34:36.050+0200] {processor.py:161} INFO - Started process (PID=14265) to work on /Users/ehabhasan/.venvs/airflow310/lib/python3.10/site-packages/airflow/example_dags/subdags/subdag.py
[2025-08-19T17:34:36.050+0200] {processor.py:830} INFO - Processing file /Users/ehabhasan/.venvs/airflow310/lib/python3.10/site-packages/airflow/example_dags/subdags/subdag.py for tasks to queue
[2025-08-19T17:34:36.051+0200] {logging_mixin.py:188} INFO - [2025-08-19T17:34:36.050+0200] {dagbag.py:545} INFO - Filling up the DagBag from /Users/ehabhasan/.venvs/airflow310/lib/python3.10/site-packages/airflow/example_dags/subdags/subdag.py
[2025-08-19T17:34:36.051+0200] {processor.py:842} WARNING - No viable dags retrieved from /Users/ehabhasan/.venvs/airflow310/lib/python3.10/site-packages/airflow/example_dags/subdags/subdag.py
[2025-08-19T17:34:36.082+0200] {processor.py:183} INFO - Processing /Users/ehabhasan/.venvs/airflow310/lib/python3.10/site-packages/airflow/example_dags/subdags/subdag.py took 0.033 seconds
[2025-08-19T17:35:29.990+0200] {processor.py:161} INFO - Started process (PID=14396) to work on /Users/ehabhasan/.venvs/airflow310/lib/python3.10/site-packages/airflow/example_dags/subdags/subdag.py
[2025-08-19T17:35:29.990+0200] {processor.py:830} INFO - Processing file /Users/ehabhasan/.venvs/airflow310/lib/python3.10/site-packages/airflow/example_dags/subdags/subdag.py for tasks to queue
[2025-08-19T17:35:29.991+0200] {logging_mixin.py:188} INFO - [2025-08-19T17:35:29.991+0200] {dagbag.py:545} INFO - Filling up the DagBag from /Users/ehabhasan/.venvs/airflow310/lib/python3.10/site-packages/airflow/example_dags/subdags/subdag.py
[2025-08-19T17:35:29.991+0200] {processor.py:842} WARNING - No viable dags retrieved from /Users/ehabhasan/.venvs/airflow310/lib/python3.10/site-packages/airflow/example_dags/subdags/subdag.py
[2025-08-19T17:35:30.021+0200] {processor.py:183} INFO - Processing /Users/ehabhasan/.venvs/airflow310/lib/python3.10/site-packages/airflow/example_dags/subdags/subdag.py took 0.033 seconds
[2025-08-19T17:36:28.476+0200] {processor.py:161} INFO - Started process (PID=14475) to work on /Users/ehabhasan/.venvs/airflow310/lib/python3.10/site-packages/airflow/example_dags/subdags/subdag.py
[2025-08-19T17:36:28.476+0200] {processor.py:830} INFO - Processing file /Users/ehabhasan/.venvs/airflow310/lib/python3.10/site-packages/airflow/example_dags/subdags/subdag.py for tasks to queue
[2025-08-19T17:36:28.476+0200] {logging_mixin.py:188} INFO - [2025-08-19T17:36:28.476+0200] {dagbag.py:545} INFO - Filling up the DagBag from /Users/ehabhasan/.venvs/airflow310/lib/python3.10/site-packages/airflow/example_dags/subdags/subdag.py
[2025-08-19T17:36:28.477+0200] {processor.py:842} WARNING - No viable dags retrieved from /Users/ehabhasan/.venvs/airflow310/lib/python3.10/site-packages/airflow/example_dags/subdags/subdag.py
[2025-08-19T17:36:28.508+0200] {processor.py:183} INFO - Processing /Users/ehabhasan/.venvs/airflow310/lib/python3.10/site-packages/airflow/example_dags/subdags/subdag.py took 0.034 seconds
[2025-08-19T17:37:25.268+0200] {processor.py:161} INFO - Started process (PID=14546) to work on /Users/ehabhasan/.venvs/airflow310/lib/python3.10/site-packages/airflow/example_dags/subdags/subdag.py
[2025-08-19T17:37:25.269+0200] {processor.py:830} INFO - Processing file /Users/ehabhasan/.venvs/airflow310/lib/python3.10/site-packages/airflow/example_dags/subdags/subdag.py for tasks to queue
[2025-08-19T17:37:25.269+0200] {logging_mixin.py:188} INFO - [2025-08-19T17:37:25.269+0200] {dagbag.py:545} INFO - Filling up the DagBag from /Users/ehabhasan/.venvs/airflow310/lib/python3.10/site-packages/airflow/example_dags/subdags/subdag.py
[2025-08-19T17:37:25.270+0200] {processor.py:842} WARNING - No viable dags retrieved from /Users/ehabhasan/.venvs/airflow310/lib/python3.10/site-packages/airflow/example_dags/subdags/subdag.py
[2025-08-19T17:37:25.300+0200] {processor.py:183} INFO - Processing /Users/ehabhasan/.venvs/airflow310/lib/python3.10/site-packages/airflow/example_dags/subdags/subdag.py took 0.034 seconds
[2025-08-19T17:38:23.546+0200] {processor.py:161} INFO - Started process (PID=14693) to work on /Users/ehabhasan/.venvs/airflow310/lib/python3.10/site-packages/airflow/example_dags/subdags/subdag.py
[2025-08-19T17:38:23.547+0200] {processor.py:830} INFO - Processing file /Users/ehabhasan/.venvs/airflow310/lib/python3.10/site-packages/airflow/example_dags/subdags/subdag.py for tasks to queue
[2025-08-19T17:38:23.547+0200] {logging_mixin.py:188} INFO - [2025-08-19T17:38:23.547+0200] {dagbag.py:545} INFO - Filling up the DagBag from /Users/ehabhasan/.venvs/airflow310/lib/python3.10/site-packages/airflow/example_dags/subdags/subdag.py
[2025-08-19T17:38:23.548+0200] {processor.py:842} WARNING - No viable dags retrieved from /Users/ehabhasan/.venvs/airflow310/lib/python3.10/site-packages/airflow/example_dags/subdags/subdag.py
[2025-08-19T17:38:23.578+0200] {processor.py:183} INFO - Processing /Users/ehabhasan/.venvs/airflow310/lib/python3.10/site-packages/airflow/example_dags/subdags/subdag.py took 0.033 seconds
[2025-08-19T17:39:25.722+0200] {processor.py:161} INFO - Started process (PID=14756) to work on /Users/ehabhasan/.venvs/airflow310/lib/python3.10/site-packages/airflow/example_dags/subdags/subdag.py
[2025-08-19T17:39:25.723+0200] {processor.py:830} INFO - Processing file /Users/ehabhasan/.venvs/airflow310/lib/python3.10/site-packages/airflow/example_dags/subdags/subdag.py for tasks to queue
[2025-08-19T17:39:25.723+0200] {logging_mixin.py:188} INFO - [2025-08-19T17:39:25.723+0200] {dagbag.py:545} INFO - Filling up the DagBag from /Users/ehabhasan/.venvs/airflow310/lib/python3.10/site-packages/airflow/example_dags/subdags/subdag.py
[2025-08-19T17:39:25.724+0200] {processor.py:842} WARNING - No viable dags retrieved from /Users/ehabhasan/.venvs/airflow310/lib/python3.10/site-packages/airflow/example_dags/subdags/subdag.py
[2025-08-19T17:39:25.755+0200] {processor.py:183} INFO - Processing /Users/ehabhasan/.venvs/airflow310/lib/python3.10/site-packages/airflow/example_dags/subdags/subdag.py took 0.034 seconds
[2025-08-19T17:40:26.818+0200] {processor.py:161} INFO - Started process (PID=14844) to work on /Users/ehabhasan/.venvs/airflow310/lib/python3.10/site-packages/airflow/example_dags/subdags/subdag.py
[2025-08-19T17:40:26.819+0200] {processor.py:830} INFO - Processing file /Users/ehabhasan/.venvs/airflow310/lib/python3.10/site-packages/airflow/example_dags/subdags/subdag.py for tasks to queue
[2025-08-19T17:40:26.819+0200] {logging_mixin.py:188} INFO - [2025-08-19T17:40:26.819+0200] {dagbag.py:545} INFO - Filling up the DagBag from /Users/ehabhasan/.venvs/airflow310/lib/python3.10/site-packages/airflow/example_dags/subdags/subdag.py
[2025-08-19T17:40:26.819+0200] {processor.py:842} WARNING - No viable dags retrieved from /Users/ehabhasan/.venvs/airflow310/lib/python3.10/site-packages/airflow/example_dags/subdags/subdag.py
[2025-08-19T17:40:26.849+0200] {processor.py:183} INFO - Processing /Users/ehabhasan/.venvs/airflow310/lib/python3.10/site-packages/airflow/example_dags/subdags/subdag.py took 0.032 seconds
[2025-08-19T17:45:01.948+0200] {processor.py:161} INFO - Started process (PID=14948) to work on /Users/ehabhasan/.venvs/airflow310/lib/python3.10/site-packages/airflow/example_dags/subdags/subdag.py
[2025-08-19T17:45:01.949+0200] {processor.py:830} INFO - Processing file /Users/ehabhasan/.venvs/airflow310/lib/python3.10/site-packages/airflow/example_dags/subdags/subdag.py for tasks to queue
[2025-08-19T17:45:01.949+0200] {logging_mixin.py:188} INFO - [2025-08-19T17:45:01.949+0200] {dagbag.py:545} INFO - Filling up the DagBag from /Users/ehabhasan/.venvs/airflow310/lib/python3.10/site-packages/airflow/example_dags/subdags/subdag.py
[2025-08-19T17:45:01.950+0200] {processor.py:842} WARNING - No viable dags retrieved from /Users/ehabhasan/.venvs/airflow310/lib/python3.10/site-packages/airflow/example_dags/subdags/subdag.py
[2025-08-19T17:45:01.980+0200] {processor.py:183} INFO - Processing /Users/ehabhasan/.venvs/airflow310/lib/python3.10/site-packages/airflow/example_dags/subdags/subdag.py took 0.033 seconds
[2025-08-19T17:46:02.203+0200] {processor.py:161} INFO - Started process (PID=14994) to work on /Users/ehabhasan/.venvs/airflow310/lib/python3.10/site-packages/airflow/example_dags/subdags/subdag.py
[2025-08-19T17:46:02.204+0200] {processor.py:830} INFO - Processing file /Users/ehabhasan/.venvs/airflow310/lib/python3.10/site-packages/airflow/example_dags/subdags/subdag.py for tasks to queue
[2025-08-19T17:46:02.204+0200] {logging_mixin.py:188} INFO - [2025-08-19T17:46:02.204+0200] {dagbag.py:545} INFO - Filling up the DagBag from /Users/ehabhasan/.venvs/airflow310/lib/python3.10/site-packages/airflow/example_dags/subdags/subdag.py
[2025-08-19T17:46:02.205+0200] {processor.py:842} WARNING - No viable dags retrieved from /Users/ehabhasan/.venvs/airflow310/lib/python3.10/site-packages/airflow/example_dags/subdags/subdag.py
[2025-08-19T17:46:02.235+0200] {processor.py:183} INFO - Processing /Users/ehabhasan/.venvs/airflow310/lib/python3.10/site-packages/airflow/example_dags/subdags/subdag.py took 0.033 seconds
[2025-08-19T17:47:04.362+0200] {processor.py:161} INFO - Started process (PID=15051) to work on /Users/ehabhasan/.venvs/airflow310/lib/python3.10/site-packages/airflow/example_dags/subdags/subdag.py
[2025-08-19T17:47:04.362+0200] {processor.py:830} INFO - Processing file /Users/ehabhasan/.venvs/airflow310/lib/python3.10/site-packages/airflow/example_dags/subdags/subdag.py for tasks to queue
[2025-08-19T17:47:04.362+0200] {logging_mixin.py:188} INFO - [2025-08-19T17:47:04.362+0200] {dagbag.py:545} INFO - Filling up the DagBag from /Users/ehabhasan/.venvs/airflow310/lib/python3.10/site-packages/airflow/example_dags/subdags/subdag.py
[2025-08-19T17:47:04.363+0200] {processor.py:842} WARNING - No viable dags retrieved from /Users/ehabhasan/.venvs/airflow310/lib/python3.10/site-packages/airflow/example_dags/subdags/subdag.py
[2025-08-19T17:47:04.394+0200] {processor.py:183} INFO - Processing /Users/ehabhasan/.venvs/airflow310/lib/python3.10/site-packages/airflow/example_dags/subdags/subdag.py took 0.034 seconds
[2025-08-19T17:48:04.990+0200] {processor.py:161} INFO - Started process (PID=15093) to work on /Users/ehabhasan/.venvs/airflow310/lib/python3.10/site-packages/airflow/example_dags/subdags/subdag.py
[2025-08-19T17:48:04.990+0200] {processor.py:830} INFO - Processing file /Users/ehabhasan/.venvs/airflow310/lib/python3.10/site-packages/airflow/example_dags/subdags/subdag.py for tasks to queue
[2025-08-19T17:48:04.990+0200] {logging_mixin.py:188} INFO - [2025-08-19T17:48:04.990+0200] {dagbag.py:545} INFO - Filling up the DagBag from /Users/ehabhasan/.venvs/airflow310/lib/python3.10/site-packages/airflow/example_dags/subdags/subdag.py
[2025-08-19T17:48:04.991+0200] {processor.py:842} WARNING - No viable dags retrieved from /Users/ehabhasan/.venvs/airflow310/lib/python3.10/site-packages/airflow/example_dags/subdags/subdag.py
[2025-08-19T17:48:05.020+0200] {processor.py:183} INFO - Processing /Users/ehabhasan/.venvs/airflow310/lib/python3.10/site-packages/airflow/example_dags/subdags/subdag.py took 0.033 seconds
[2025-08-19T17:49:01.073+0200] {processor.py:161} INFO - Started process (PID=15135) to work on /Users/ehabhasan/.venvs/airflow310/lib/python3.10/site-packages/airflow/example_dags/subdags/subdag.py
[2025-08-19T17:49:01.074+0200] {processor.py:830} INFO - Processing file /Users/ehabhasan/.venvs/airflow310/lib/python3.10/site-packages/airflow/example_dags/subdags/subdag.py for tasks to queue
[2025-08-19T17:49:01.074+0200] {logging_mixin.py:188} INFO - [2025-08-19T17:49:01.074+0200] {dagbag.py:545} INFO - Filling up the DagBag from /Users/ehabhasan/.venvs/airflow310/lib/python3.10/site-packages/airflow/example_dags/subdags/subdag.py
[2025-08-19T17:49:01.075+0200] {processor.py:842} WARNING - No viable dags retrieved from /Users/ehabhasan/.venvs/airflow310/lib/python3.10/site-packages/airflow/example_dags/subdags/subdag.py
[2025-08-19T17:49:01.104+0200] {processor.py:183} INFO - Processing /Users/ehabhasan/.venvs/airflow310/lib/python3.10/site-packages/airflow/example_dags/subdags/subdag.py took 0.032 seconds
[2025-08-19T17:49:55.429+0200] {processor.py:161} INFO - Started process (PID=15176) to work on /Users/ehabhasan/.venvs/airflow310/lib/python3.10/site-packages/airflow/example_dags/subdags/subdag.py
[2025-08-19T17:49:55.430+0200] {processor.py:830} INFO - Processing file /Users/ehabhasan/.venvs/airflow310/lib/python3.10/site-packages/airflow/example_dags/subdags/subdag.py for tasks to queue
[2025-08-19T17:49:55.430+0200] {logging_mixin.py:188} INFO - [2025-08-19T17:49:55.430+0200] {dagbag.py:545} INFO - Filling up the DagBag from /Users/ehabhasan/.venvs/airflow310/lib/python3.10/site-packages/airflow/example_dags/subdags/subdag.py
[2025-08-19T17:49:55.431+0200] {processor.py:842} WARNING - No viable dags retrieved from /Users/ehabhasan/.venvs/airflow310/lib/python3.10/site-packages/airflow/example_dags/subdags/subdag.py
[2025-08-19T17:49:55.461+0200] {processor.py:183} INFO - Processing /Users/ehabhasan/.venvs/airflow310/lib/python3.10/site-packages/airflow/example_dags/subdags/subdag.py took 0.033 seconds
