[2025-08-19T17:39:50.492+0200] {local_task_job_runner.py:120} INFO - ::group::Pre task execution logs
[2025-08-19T17:39:50.499+0200] {taskinstance.py:2076} INFO - Dependencies all met for dep_context=non-requeueable deps ti=<TaskInstance: spark_sanity.spark_version manual__2025-08-19T15:39:48.175282+00:00 [queued]>
[2025-08-19T17:39:50.501+0200] {taskinstance.py:2076} INFO - Dependencies all met for dep_context=requeueable deps ti=<TaskInstance: spark_sanity.spark_version manual__2025-08-19T15:39:48.175282+00:00 [queued]>
[2025-08-19T17:39:50.501+0200] {taskinstance.py:2306} INFO - Starting attempt 1 of 1
[2025-08-19T17:39:50.505+0200] {taskinstance.py:2330} INFO - Executing <Task(BashOperator): spark_version> on 2025-08-19 15:39:48.175282+00:00
[2025-08-19T17:39:50.507+0200] {standard_task_runner.py:64} INFO - Started process 14784 to run task
[2025-08-19T17:39:50.510+0200] {standard_task_runner.py:90} INFO - Running: ['airflow', 'tasks', 'run', 'spark_sanity', 'spark_version', 'manual__2025-08-19T15:39:48.175282+00:00', '--job-id', '6', '--raw', '--subdir', 'DAGS_FOLDER/spark_sanity.py', '--cfg-path', '/var/folders/rs/26sh2c8d3l36j5qyqswpsd4w0000gn/T/tmpdbpjf4rr']
[2025-08-19T17:39:50.510+0200] {standard_task_runner.py:91} INFO - Job 6: Subtask spark_version
[2025-08-19T17:39:50.524+0200] {task_command.py:426} INFO - Running <TaskInstance: spark_sanity.spark_version manual__2025-08-19T15:39:48.175282+00:00 [running]> on host mac.home
[2025-08-19T17:39:50.546+0200] {taskinstance.py:2648} INFO - Exporting env vars: AIRFLOW_CTX_DAG_OWNER='airflow' AIRFLOW_CTX_DAG_ID='spark_sanity' AIRFLOW_CTX_TASK_ID='spark_version' AIRFLOW_CTX_EXECUTION_DATE='2025-08-19T15:39:48.175282+00:00' AIRFLOW_CTX_TRY_NUMBER='1' AIRFLOW_CTX_DAG_RUN_ID='manual__2025-08-19T15:39:48.175282+00:00'
[2025-08-19T17:39:50.547+0200] {taskinstance.py:430} INFO - ::endgroup::
[2025-08-19T17:39:50.547+0200] {subprocess.py:63} INFO - Tmp dir root location: /var/folders/rs/26sh2c8d3l36j5qyqswpsd4w0000gn/T
[2025-08-19T17:39:50.548+0200] {subprocess.py:75} INFO - Running command: ['/bin/bash', '-c', '/opt/homebrew/bin/spark-submit --version']
[2025-08-19T17:39:50.550+0200] {subprocess.py:86} INFO - Output:
[2025-08-19T17:39:50.717+0200] {subprocess.py:93} INFO - WARNING: Using incubator modules: jdk.incubator.vector
[2025-08-19T17:39:51.208+0200] {subprocess.py:93} INFO - Welcome to
[2025-08-19T17:39:51.208+0200] {subprocess.py:93} INFO -       ____              __
[2025-08-19T17:39:51.208+0200] {subprocess.py:93} INFO -      / __/__  ___ _____/ /__
[2025-08-19T17:39:51.208+0200] {subprocess.py:93} INFO -     _\ \/ _ \/ _ `/ __/  '_/
[2025-08-19T17:39:51.209+0200] {subprocess.py:93} INFO -    /___/ .__/\_,_/_/ /_/\_\   version 4.0.0
[2025-08-19T17:39:51.209+0200] {subprocess.py:93} INFO -       /_/
[2025-08-19T17:39:51.209+0200] {subprocess.py:93} INFO - 
[2025-08-19T17:39:51.211+0200] {subprocess.py:93} INFO - Using Scala version 2.13.16, OpenJDK 64-Bit Server VM, 17.0.16
[2025-08-19T17:39:51.211+0200] {subprocess.py:93} INFO - Branch HEAD
[2025-08-19T17:39:51.212+0200] {subprocess.py:93} INFO - Compiled by user wenchen on 2025-05-19T07:58:03Z
[2025-08-19T17:39:51.212+0200] {subprocess.py:93} INFO - Revision fa33ea000a0bda9e5a3fa1af98e8e85b8cc5e4d4
[2025-08-19T17:39:51.212+0200] {subprocess.py:93} INFO - Url https://github.com/apache/spark
[2025-08-19T17:39:51.212+0200] {subprocess.py:93} INFO - Type --help for more information.
[2025-08-19T17:39:51.230+0200] {subprocess.py:97} INFO - Command exited with return code 0
[2025-08-19T17:39:51.230+0200] {taskinstance.py:441} INFO - ::group::Post task execution logs
[2025-08-19T17:39:51.238+0200] {taskinstance.py:1206} INFO - Marking task as SUCCESS. dag_id=spark_sanity, task_id=spark_version, run_id=manual__2025-08-19T15:39:48.175282+00:00, execution_date=20250819T153948, start_date=20250819T153950, end_date=20250819T153951
[2025-08-19T17:39:51.260+0200] {local_task_job_runner.py:243} INFO - Task exited with return code 0
[2025-08-19T17:39:51.266+0200] {taskinstance.py:3503} INFO - 0 downstream tasks scheduled from follow-on schedule check
[2025-08-19T17:39:51.266+0200] {local_task_job_runner.py:222} INFO - ::endgroup::
