[2025-08-19T16:47:54.117+0200] {processor.py:161} INFO - Started process (PID=7618) to work on /Users/ehabhasan/.venvs/airflow310/lib/python3.10/site-packages/airflow/example_dags/plugins/event_listener.py
[2025-08-19T16:47:54.117+0200] {processor.py:830} INFO - Processing file /Users/ehabhasan/.venvs/airflow310/lib/python3.10/site-packages/airflow/example_dags/plugins/event_listener.py for tasks to queue
[2025-08-19T16:47:54.117+0200] {logging_mixin.py:188} INFO - [2025-08-19T16:47:54.117+0200] {dagbag.py:545} INFO - Filling up the DagBag from /Users/ehabhasan/.venvs/airflow310/lib/python3.10/site-packages/airflow/example_dags/plugins/event_listener.py
[2025-08-19T16:47:54.118+0200] {processor.py:842} WARNING - No viable dags retrieved from /Users/ehabhasan/.venvs/airflow310/lib/python3.10/site-packages/airflow/example_dags/plugins/event_listener.py
[2025-08-19T16:47:54.147+0200] {processor.py:183} INFO - Processing /Users/ehabhasan/.venvs/airflow310/lib/python3.10/site-packages/airflow/example_dags/plugins/event_listener.py took 0.032 seconds
[2025-08-19T16:49:14.717+0200] {processor.py:161} INFO - Started process (PID=7676) to work on /Users/ehabhasan/.venvs/airflow310/lib/python3.10/site-packages/airflow/example_dags/plugins/event_listener.py
[2025-08-19T16:49:14.718+0200] {processor.py:830} INFO - Processing file /Users/ehabhasan/.venvs/airflow310/lib/python3.10/site-packages/airflow/example_dags/plugins/event_listener.py for tasks to queue
[2025-08-19T16:49:14.718+0200] {logging_mixin.py:188} INFO - [2025-08-19T16:49:14.718+0200] {dagbag.py:545} INFO - Filling up the DagBag from /Users/ehabhasan/.venvs/airflow310/lib/python3.10/site-packages/airflow/example_dags/plugins/event_listener.py
[2025-08-19T16:49:14.719+0200] {processor.py:842} WARNING - No viable dags retrieved from /Users/ehabhasan/.venvs/airflow310/lib/python3.10/site-packages/airflow/example_dags/plugins/event_listener.py
[2025-08-19T16:49:14.748+0200] {processor.py:183} INFO - Processing /Users/ehabhasan/.venvs/airflow310/lib/python3.10/site-packages/airflow/example_dags/plugins/event_listener.py took 0.032 seconds
[2025-08-19T16:50:03.373+0200] {processor.py:161} INFO - Started process (PID=7715) to work on /Users/ehabhasan/.venvs/airflow310/lib/python3.10/site-packages/airflow/example_dags/plugins/event_listener.py
[2025-08-19T16:50:03.374+0200] {processor.py:830} INFO - Processing file /Users/ehabhasan/.venvs/airflow310/lib/python3.10/site-packages/airflow/example_dags/plugins/event_listener.py for tasks to queue
[2025-08-19T16:50:03.374+0200] {logging_mixin.py:188} INFO - [2025-08-19T16:50:03.374+0200] {dagbag.py:545} INFO - Filling up the DagBag from /Users/ehabhasan/.venvs/airflow310/lib/python3.10/site-packages/airflow/example_dags/plugins/event_listener.py
[2025-08-19T16:50:03.375+0200] {processor.py:842} WARNING - No viable dags retrieved from /Users/ehabhasan/.venvs/airflow310/lib/python3.10/site-packages/airflow/example_dags/plugins/event_listener.py
[2025-08-19T16:50:03.404+0200] {processor.py:183} INFO - Processing /Users/ehabhasan/.venvs/airflow310/lib/python3.10/site-packages/airflow/example_dags/plugins/event_listener.py took 0.032 seconds
[2025-08-19T16:50:47.813+0200] {processor.py:161} INFO - Started process (PID=7747) to work on /Users/ehabhasan/.venvs/airflow310/lib/python3.10/site-packages/airflow/example_dags/plugins/event_listener.py
[2025-08-19T16:50:47.813+0200] {processor.py:830} INFO - Processing file /Users/ehabhasan/.venvs/airflow310/lib/python3.10/site-packages/airflow/example_dags/plugins/event_listener.py for tasks to queue
[2025-08-19T16:50:47.813+0200] {logging_mixin.py:188} INFO - [2025-08-19T16:50:47.813+0200] {dagbag.py:545} INFO - Filling up the DagBag from /Users/ehabhasan/.venvs/airflow310/lib/python3.10/site-packages/airflow/example_dags/plugins/event_listener.py
[2025-08-19T16:50:47.814+0200] {processor.py:842} WARNING - No viable dags retrieved from /Users/ehabhasan/.venvs/airflow310/lib/python3.10/site-packages/airflow/example_dags/plugins/event_listener.py
[2025-08-19T16:50:47.842+0200] {processor.py:183} INFO - Processing /Users/ehabhasan/.venvs/airflow310/lib/python3.10/site-packages/airflow/example_dags/plugins/event_listener.py took 0.031 seconds
[2025-08-19T16:51:35.952+0200] {processor.py:161} INFO - Started process (PID=7781) to work on /Users/ehabhasan/.venvs/airflow310/lib/python3.10/site-packages/airflow/example_dags/plugins/event_listener.py
[2025-08-19T16:51:35.952+0200] {processor.py:830} INFO - Processing file /Users/ehabhasan/.venvs/airflow310/lib/python3.10/site-packages/airflow/example_dags/plugins/event_listener.py for tasks to queue
[2025-08-19T16:51:35.952+0200] {logging_mixin.py:188} INFO - [2025-08-19T16:51:35.952+0200] {dagbag.py:545} INFO - Filling up the DagBag from /Users/ehabhasan/.venvs/airflow310/lib/python3.10/site-packages/airflow/example_dags/plugins/event_listener.py
[2025-08-19T16:51:35.953+0200] {processor.py:842} WARNING - No viable dags retrieved from /Users/ehabhasan/.venvs/airflow310/lib/python3.10/site-packages/airflow/example_dags/plugins/event_listener.py
[2025-08-19T16:51:35.982+0200] {processor.py:183} INFO - Processing /Users/ehabhasan/.venvs/airflow310/lib/python3.10/site-packages/airflow/example_dags/plugins/event_listener.py took 0.032 seconds
[2025-08-19T16:52:27.276+0200] {processor.py:161} INFO - Started process (PID=7819) to work on /Users/ehabhasan/.venvs/airflow310/lib/python3.10/site-packages/airflow/example_dags/plugins/event_listener.py
[2025-08-19T16:52:27.276+0200] {processor.py:830} INFO - Processing file /Users/ehabhasan/.venvs/airflow310/lib/python3.10/site-packages/airflow/example_dags/plugins/event_listener.py for tasks to queue
[2025-08-19T16:52:27.276+0200] {logging_mixin.py:188} INFO - [2025-08-19T16:52:27.276+0200] {dagbag.py:545} INFO - Filling up the DagBag from /Users/ehabhasan/.venvs/airflow310/lib/python3.10/site-packages/airflow/example_dags/plugins/event_listener.py
[2025-08-19T16:52:27.277+0200] {processor.py:842} WARNING - No viable dags retrieved from /Users/ehabhasan/.venvs/airflow310/lib/python3.10/site-packages/airflow/example_dags/plugins/event_listener.py
[2025-08-19T16:52:27.305+0200] {processor.py:183} INFO - Processing /Users/ehabhasan/.venvs/airflow310/lib/python3.10/site-packages/airflow/example_dags/plugins/event_listener.py took 0.031 seconds
[2025-08-19T16:53:17.173+0200] {processor.py:161} INFO - Started process (PID=7857) to work on /Users/ehabhasan/.venvs/airflow310/lib/python3.10/site-packages/airflow/example_dags/plugins/event_listener.py
[2025-08-19T16:53:17.173+0200] {processor.py:830} INFO - Processing file /Users/ehabhasan/.venvs/airflow310/lib/python3.10/site-packages/airflow/example_dags/plugins/event_listener.py for tasks to queue
[2025-08-19T16:53:17.173+0200] {logging_mixin.py:188} INFO - [2025-08-19T16:53:17.173+0200] {dagbag.py:545} INFO - Filling up the DagBag from /Users/ehabhasan/.venvs/airflow310/lib/python3.10/site-packages/airflow/example_dags/plugins/event_listener.py
[2025-08-19T16:53:17.174+0200] {processor.py:842} WARNING - No viable dags retrieved from /Users/ehabhasan/.venvs/airflow310/lib/python3.10/site-packages/airflow/example_dags/plugins/event_listener.py
[2025-08-19T16:53:17.202+0200] {processor.py:183} INFO - Processing /Users/ehabhasan/.venvs/airflow310/lib/python3.10/site-packages/airflow/example_dags/plugins/event_listener.py took 0.031 seconds
[2025-08-19T16:54:04.189+0200] {processor.py:161} INFO - Started process (PID=7916) to work on /Users/ehabhasan/.venvs/airflow310/lib/python3.10/site-packages/airflow/example_dags/plugins/event_listener.py
[2025-08-19T16:54:04.190+0200] {processor.py:830} INFO - Processing file /Users/ehabhasan/.venvs/airflow310/lib/python3.10/site-packages/airflow/example_dags/plugins/event_listener.py for tasks to queue
[2025-08-19T16:54:04.190+0200] {logging_mixin.py:188} INFO - [2025-08-19T16:54:04.190+0200] {dagbag.py:545} INFO - Filling up the DagBag from /Users/ehabhasan/.venvs/airflow310/lib/python3.10/site-packages/airflow/example_dags/plugins/event_listener.py
[2025-08-19T16:54:04.190+0200] {processor.py:842} WARNING - No viable dags retrieved from /Users/ehabhasan/.venvs/airflow310/lib/python3.10/site-packages/airflow/example_dags/plugins/event_listener.py
[2025-08-19T16:54:04.219+0200] {processor.py:183} INFO - Processing /Users/ehabhasan/.venvs/airflow310/lib/python3.10/site-packages/airflow/example_dags/plugins/event_listener.py took 0.032 seconds
[2025-08-19T16:54:51.542+0200] {processor.py:161} INFO - Started process (PID=7966) to work on /Users/ehabhasan/.venvs/airflow310/lib/python3.10/site-packages/airflow/example_dags/plugins/event_listener.py
[2025-08-19T16:54:51.544+0200] {processor.py:830} INFO - Processing file /Users/ehabhasan/.venvs/airflow310/lib/python3.10/site-packages/airflow/example_dags/plugins/event_listener.py for tasks to queue
[2025-08-19T16:54:51.544+0200] {logging_mixin.py:188} INFO - [2025-08-19T16:54:51.544+0200] {dagbag.py:545} INFO - Filling up the DagBag from /Users/ehabhasan/.venvs/airflow310/lib/python3.10/site-packages/airflow/example_dags/plugins/event_listener.py
[2025-08-19T16:54:51.544+0200] {processor.py:842} WARNING - No viable dags retrieved from /Users/ehabhasan/.venvs/airflow310/lib/python3.10/site-packages/airflow/example_dags/plugins/event_listener.py
[2025-08-19T16:54:51.573+0200] {processor.py:183} INFO - Processing /Users/ehabhasan/.venvs/airflow310/lib/python3.10/site-packages/airflow/example_dags/plugins/event_listener.py took 0.032 seconds
[2025-08-19T16:55:40.695+0200] {processor.py:161} INFO - Started process (PID=7998) to work on /Users/ehabhasan/.venvs/airflow310/lib/python3.10/site-packages/airflow/example_dags/plugins/event_listener.py
[2025-08-19T16:55:40.696+0200] {processor.py:830} INFO - Processing file /Users/ehabhasan/.venvs/airflow310/lib/python3.10/site-packages/airflow/example_dags/plugins/event_listener.py for tasks to queue
[2025-08-19T16:55:40.696+0200] {logging_mixin.py:188} INFO - [2025-08-19T16:55:40.696+0200] {dagbag.py:545} INFO - Filling up the DagBag from /Users/ehabhasan/.venvs/airflow310/lib/python3.10/site-packages/airflow/example_dags/plugins/event_listener.py
[2025-08-19T16:55:40.696+0200] {processor.py:842} WARNING - No viable dags retrieved from /Users/ehabhasan/.venvs/airflow310/lib/python3.10/site-packages/airflow/example_dags/plugins/event_listener.py
[2025-08-19T16:55:40.725+0200] {processor.py:183} INFO - Processing /Users/ehabhasan/.venvs/airflow310/lib/python3.10/site-packages/airflow/example_dags/plugins/event_listener.py took 0.032 seconds
[2025-08-19T16:56:32.957+0200] {processor.py:161} INFO - Started process (PID=8037) to work on /Users/ehabhasan/.venvs/airflow310/lib/python3.10/site-packages/airflow/example_dags/plugins/event_listener.py
[2025-08-19T16:56:32.957+0200] {processor.py:830} INFO - Processing file /Users/ehabhasan/.venvs/airflow310/lib/python3.10/site-packages/airflow/example_dags/plugins/event_listener.py for tasks to queue
[2025-08-19T16:56:32.957+0200] {logging_mixin.py:188} INFO - [2025-08-19T16:56:32.957+0200] {dagbag.py:545} INFO - Filling up the DagBag from /Users/ehabhasan/.venvs/airflow310/lib/python3.10/site-packages/airflow/example_dags/plugins/event_listener.py
[2025-08-19T16:56:32.958+0200] {processor.py:842} WARNING - No viable dags retrieved from /Users/ehabhasan/.venvs/airflow310/lib/python3.10/site-packages/airflow/example_dags/plugins/event_listener.py
[2025-08-19T16:56:32.987+0200] {processor.py:183} INFO - Processing /Users/ehabhasan/.venvs/airflow310/lib/python3.10/site-packages/airflow/example_dags/plugins/event_listener.py took 0.032 seconds
[2025-08-19T16:57:27.194+0200] {processor.py:161} INFO - Started process (PID=8077) to work on /Users/ehabhasan/.venvs/airflow310/lib/python3.10/site-packages/airflow/example_dags/plugins/event_listener.py
[2025-08-19T16:57:27.195+0200] {processor.py:830} INFO - Processing file /Users/ehabhasan/.venvs/airflow310/lib/python3.10/site-packages/airflow/example_dags/plugins/event_listener.py for tasks to queue
[2025-08-19T16:57:27.195+0200] {logging_mixin.py:188} INFO - [2025-08-19T16:57:27.195+0200] {dagbag.py:545} INFO - Filling up the DagBag from /Users/ehabhasan/.venvs/airflow310/lib/python3.10/site-packages/airflow/example_dags/plugins/event_listener.py
[2025-08-19T16:57:27.195+0200] {processor.py:842} WARNING - No viable dags retrieved from /Users/ehabhasan/.venvs/airflow310/lib/python3.10/site-packages/airflow/example_dags/plugins/event_listener.py
[2025-08-19T16:57:27.224+0200] {processor.py:183} INFO - Processing /Users/ehabhasan/.venvs/airflow310/lib/python3.10/site-packages/airflow/example_dags/plugins/event_listener.py took 0.032 seconds
[2025-08-19T16:58:16.554+0200] {processor.py:161} INFO - Started process (PID=8115) to work on /Users/ehabhasan/.venvs/airflow310/lib/python3.10/site-packages/airflow/example_dags/plugins/event_listener.py
[2025-08-19T16:58:16.554+0200] {processor.py:830} INFO - Processing file /Users/ehabhasan/.venvs/airflow310/lib/python3.10/site-packages/airflow/example_dags/plugins/event_listener.py for tasks to queue
[2025-08-19T16:58:16.555+0200] {logging_mixin.py:188} INFO - [2025-08-19T16:58:16.555+0200] {dagbag.py:545} INFO - Filling up the DagBag from /Users/ehabhasan/.venvs/airflow310/lib/python3.10/site-packages/airflow/example_dags/plugins/event_listener.py
[2025-08-19T16:58:16.555+0200] {processor.py:842} WARNING - No viable dags retrieved from /Users/ehabhasan/.venvs/airflow310/lib/python3.10/site-packages/airflow/example_dags/plugins/event_listener.py
[2025-08-19T16:58:16.584+0200] {processor.py:183} INFO - Processing /Users/ehabhasan/.venvs/airflow310/lib/python3.10/site-packages/airflow/example_dags/plugins/event_listener.py took 0.031 seconds
[2025-08-19T16:59:04.943+0200] {processor.py:161} INFO - Started process (PID=8162) to work on /Users/ehabhasan/.venvs/airflow310/lib/python3.10/site-packages/airflow/example_dags/plugins/event_listener.py
[2025-08-19T16:59:04.944+0200] {processor.py:830} INFO - Processing file /Users/ehabhasan/.venvs/airflow310/lib/python3.10/site-packages/airflow/example_dags/plugins/event_listener.py for tasks to queue
[2025-08-19T16:59:04.944+0200] {logging_mixin.py:188} INFO - [2025-08-19T16:59:04.944+0200] {dagbag.py:545} INFO - Filling up the DagBag from /Users/ehabhasan/.venvs/airflow310/lib/python3.10/site-packages/airflow/example_dags/plugins/event_listener.py
[2025-08-19T16:59:04.945+0200] {processor.py:842} WARNING - No viable dags retrieved from /Users/ehabhasan/.venvs/airflow310/lib/python3.10/site-packages/airflow/example_dags/plugins/event_listener.py
[2025-08-19T16:59:04.973+0200] {processor.py:183} INFO - Processing /Users/ehabhasan/.venvs/airflow310/lib/python3.10/site-packages/airflow/example_dags/plugins/event_listener.py took 0.032 seconds
[2025-08-19T17:00:27.685+0200] {processor.py:161} INFO - Started process (PID=8228) to work on /Users/ehabhasan/.venvs/airflow310/lib/python3.10/site-packages/airflow/example_dags/plugins/event_listener.py
[2025-08-19T17:00:27.685+0200] {processor.py:830} INFO - Processing file /Users/ehabhasan/.venvs/airflow310/lib/python3.10/site-packages/airflow/example_dags/plugins/event_listener.py for tasks to queue
[2025-08-19T17:00:27.686+0200] {logging_mixin.py:188} INFO - [2025-08-19T17:00:27.686+0200] {dagbag.py:545} INFO - Filling up the DagBag from /Users/ehabhasan/.venvs/airflow310/lib/python3.10/site-packages/airflow/example_dags/plugins/event_listener.py
[2025-08-19T17:00:27.686+0200] {processor.py:842} WARNING - No viable dags retrieved from /Users/ehabhasan/.venvs/airflow310/lib/python3.10/site-packages/airflow/example_dags/plugins/event_listener.py
[2025-08-19T17:00:27.717+0200] {processor.py:183} INFO - Processing /Users/ehabhasan/.venvs/airflow310/lib/python3.10/site-packages/airflow/example_dags/plugins/event_listener.py took 0.034 seconds
[2025-08-19T17:01:25.033+0200] {processor.py:161} INFO - Started process (PID=8266) to work on /Users/ehabhasan/.venvs/airflow310/lib/python3.10/site-packages/airflow/example_dags/plugins/event_listener.py
[2025-08-19T17:01:25.033+0200] {processor.py:830} INFO - Processing file /Users/ehabhasan/.venvs/airflow310/lib/python3.10/site-packages/airflow/example_dags/plugins/event_listener.py for tasks to queue
[2025-08-19T17:01:25.033+0200] {logging_mixin.py:188} INFO - [2025-08-19T17:01:25.033+0200] {dagbag.py:545} INFO - Filling up the DagBag from /Users/ehabhasan/.venvs/airflow310/lib/python3.10/site-packages/airflow/example_dags/plugins/event_listener.py
[2025-08-19T17:01:25.034+0200] {processor.py:842} WARNING - No viable dags retrieved from /Users/ehabhasan/.venvs/airflow310/lib/python3.10/site-packages/airflow/example_dags/plugins/event_listener.py
[2025-08-19T17:01:25.063+0200] {processor.py:183} INFO - Processing /Users/ehabhasan/.venvs/airflow310/lib/python3.10/site-packages/airflow/example_dags/plugins/event_listener.py took 0.032 seconds
[2025-08-19T17:02:18.024+0200] {processor.py:161} INFO - Started process (PID=8311) to work on /Users/ehabhasan/.venvs/airflow310/lib/python3.10/site-packages/airflow/example_dags/plugins/event_listener.py
[2025-08-19T17:02:18.024+0200] {processor.py:830} INFO - Processing file /Users/ehabhasan/.venvs/airflow310/lib/python3.10/site-packages/airflow/example_dags/plugins/event_listener.py for tasks to queue
[2025-08-19T17:02:18.024+0200] {logging_mixin.py:188} INFO - [2025-08-19T17:02:18.024+0200] {dagbag.py:545} INFO - Filling up the DagBag from /Users/ehabhasan/.venvs/airflow310/lib/python3.10/site-packages/airflow/example_dags/plugins/event_listener.py
[2025-08-19T17:02:18.024+0200] {processor.py:842} WARNING - No viable dags retrieved from /Users/ehabhasan/.venvs/airflow310/lib/python3.10/site-packages/airflow/example_dags/plugins/event_listener.py
[2025-08-19T17:02:18.055+0200] {processor.py:183} INFO - Processing /Users/ehabhasan/.venvs/airflow310/lib/python3.10/site-packages/airflow/example_dags/plugins/event_listener.py took 0.033 seconds
[2025-08-19T17:03:05.806+0200] {processor.py:161} INFO - Started process (PID=8354) to work on /Users/ehabhasan/.venvs/airflow310/lib/python3.10/site-packages/airflow/example_dags/plugins/event_listener.py
[2025-08-19T17:03:05.806+0200] {processor.py:830} INFO - Processing file /Users/ehabhasan/.venvs/airflow310/lib/python3.10/site-packages/airflow/example_dags/plugins/event_listener.py for tasks to queue
[2025-08-19T17:03:05.807+0200] {logging_mixin.py:188} INFO - [2025-08-19T17:03:05.807+0200] {dagbag.py:545} INFO - Filling up the DagBag from /Users/ehabhasan/.venvs/airflow310/lib/python3.10/site-packages/airflow/example_dags/plugins/event_listener.py
[2025-08-19T17:03:05.807+0200] {processor.py:842} WARNING - No viable dags retrieved from /Users/ehabhasan/.venvs/airflow310/lib/python3.10/site-packages/airflow/example_dags/plugins/event_listener.py
[2025-08-19T17:03:05.839+0200] {processor.py:183} INFO - Processing /Users/ehabhasan/.venvs/airflow310/lib/python3.10/site-packages/airflow/example_dags/plugins/event_listener.py took 0.035 seconds
[2025-08-19T17:03:53.185+0200] {processor.py:161} INFO - Started process (PID=8797) to work on /Users/ehabhasan/.venvs/airflow310/lib/python3.10/site-packages/airflow/example_dags/plugins/event_listener.py
[2025-08-19T17:03:53.185+0200] {processor.py:830} INFO - Processing file /Users/ehabhasan/.venvs/airflow310/lib/python3.10/site-packages/airflow/example_dags/plugins/event_listener.py for tasks to queue
[2025-08-19T17:03:53.186+0200] {logging_mixin.py:188} INFO - [2025-08-19T17:03:53.186+0200] {dagbag.py:545} INFO - Filling up the DagBag from /Users/ehabhasan/.venvs/airflow310/lib/python3.10/site-packages/airflow/example_dags/plugins/event_listener.py
[2025-08-19T17:03:53.186+0200] {processor.py:842} WARNING - No viable dags retrieved from /Users/ehabhasan/.venvs/airflow310/lib/python3.10/site-packages/airflow/example_dags/plugins/event_listener.py
[2025-08-19T17:03:53.215+0200] {processor.py:183} INFO - Processing /Users/ehabhasan/.venvs/airflow310/lib/python3.10/site-packages/airflow/example_dags/plugins/event_listener.py took 0.032 seconds
[2025-08-19T17:04:43.504+0200] {processor.py:161} INFO - Started process (PID=8952) to work on /Users/ehabhasan/.venvs/airflow310/lib/python3.10/site-packages/airflow/example_dags/plugins/event_listener.py
[2025-08-19T17:04:43.504+0200] {processor.py:830} INFO - Processing file /Users/ehabhasan/.venvs/airflow310/lib/python3.10/site-packages/airflow/example_dags/plugins/event_listener.py for tasks to queue
[2025-08-19T17:04:43.505+0200] {logging_mixin.py:188} INFO - [2025-08-19T17:04:43.505+0200] {dagbag.py:545} INFO - Filling up the DagBag from /Users/ehabhasan/.venvs/airflow310/lib/python3.10/site-packages/airflow/example_dags/plugins/event_listener.py
[2025-08-19T17:04:43.505+0200] {processor.py:842} WARNING - No viable dags retrieved from /Users/ehabhasan/.venvs/airflow310/lib/python3.10/site-packages/airflow/example_dags/plugins/event_listener.py
[2025-08-19T17:04:43.534+0200] {processor.py:183} INFO - Processing /Users/ehabhasan/.venvs/airflow310/lib/python3.10/site-packages/airflow/example_dags/plugins/event_listener.py took 0.032 seconds
[2025-08-19T17:05:35.536+0200] {processor.py:161} INFO - Started process (PID=9288) to work on /Users/ehabhasan/.venvs/airflow310/lib/python3.10/site-packages/airflow/example_dags/plugins/event_listener.py
[2025-08-19T17:05:35.536+0200] {processor.py:830} INFO - Processing file /Users/ehabhasan/.venvs/airflow310/lib/python3.10/site-packages/airflow/example_dags/plugins/event_listener.py for tasks to queue
[2025-08-19T17:05:35.537+0200] {logging_mixin.py:188} INFO - [2025-08-19T17:05:35.537+0200] {dagbag.py:545} INFO - Filling up the DagBag from /Users/ehabhasan/.venvs/airflow310/lib/python3.10/site-packages/airflow/example_dags/plugins/event_listener.py
[2025-08-19T17:05:35.537+0200] {processor.py:842} WARNING - No viable dags retrieved from /Users/ehabhasan/.venvs/airflow310/lib/python3.10/site-packages/airflow/example_dags/plugins/event_listener.py
[2025-08-19T17:05:35.567+0200] {processor.py:183} INFO - Processing /Users/ehabhasan/.venvs/airflow310/lib/python3.10/site-packages/airflow/example_dags/plugins/event_listener.py took 0.033 seconds
[2025-08-19T17:06:27.764+0200] {processor.py:161} INFO - Started process (PID=9443) to work on /Users/ehabhasan/.venvs/airflow310/lib/python3.10/site-packages/airflow/example_dags/plugins/event_listener.py
[2025-08-19T17:06:27.764+0200] {processor.py:830} INFO - Processing file /Users/ehabhasan/.venvs/airflow310/lib/python3.10/site-packages/airflow/example_dags/plugins/event_listener.py for tasks to queue
[2025-08-19T17:06:27.764+0200] {logging_mixin.py:188} INFO - [2025-08-19T17:06:27.764+0200] {dagbag.py:545} INFO - Filling up the DagBag from /Users/ehabhasan/.venvs/airflow310/lib/python3.10/site-packages/airflow/example_dags/plugins/event_listener.py
[2025-08-19T17:06:27.765+0200] {processor.py:842} WARNING - No viable dags retrieved from /Users/ehabhasan/.venvs/airflow310/lib/python3.10/site-packages/airflow/example_dags/plugins/event_listener.py
[2025-08-19T17:06:27.794+0200] {processor.py:183} INFO - Processing /Users/ehabhasan/.venvs/airflow310/lib/python3.10/site-packages/airflow/example_dags/plugins/event_listener.py took 0.032 seconds
[2025-08-19T17:07:22.546+0200] {processor.py:161} INFO - Started process (PID=10090) to work on /Users/ehabhasan/.venvs/airflow310/lib/python3.10/site-packages/airflow/example_dags/plugins/event_listener.py
[2025-08-19T17:07:22.547+0200] {processor.py:830} INFO - Processing file /Users/ehabhasan/.venvs/airflow310/lib/python3.10/site-packages/airflow/example_dags/plugins/event_listener.py for tasks to queue
[2025-08-19T17:07:22.547+0200] {logging_mixin.py:188} INFO - [2025-08-19T17:07:22.547+0200] {dagbag.py:545} INFO - Filling up the DagBag from /Users/ehabhasan/.venvs/airflow310/lib/python3.10/site-packages/airflow/example_dags/plugins/event_listener.py
[2025-08-19T17:07:22.547+0200] {processor.py:842} WARNING - No viable dags retrieved from /Users/ehabhasan/.venvs/airflow310/lib/python3.10/site-packages/airflow/example_dags/plugins/event_listener.py
[2025-08-19T17:07:22.578+0200] {processor.py:183} INFO - Processing /Users/ehabhasan/.venvs/airflow310/lib/python3.10/site-packages/airflow/example_dags/plugins/event_listener.py took 0.033 seconds
[2025-08-19T17:08:15.461+0200] {processor.py:161} INFO - Started process (PID=10137) to work on /Users/ehabhasan/.venvs/airflow310/lib/python3.10/site-packages/airflow/example_dags/plugins/event_listener.py
[2025-08-19T17:08:15.461+0200] {processor.py:830} INFO - Processing file /Users/ehabhasan/.venvs/airflow310/lib/python3.10/site-packages/airflow/example_dags/plugins/event_listener.py for tasks to queue
[2025-08-19T17:08:15.461+0200] {logging_mixin.py:188} INFO - [2025-08-19T17:08:15.461+0200] {dagbag.py:545} INFO - Filling up the DagBag from /Users/ehabhasan/.venvs/airflow310/lib/python3.10/site-packages/airflow/example_dags/plugins/event_listener.py
[2025-08-19T17:08:15.462+0200] {processor.py:842} WARNING - No viable dags retrieved from /Users/ehabhasan/.venvs/airflow310/lib/python3.10/site-packages/airflow/example_dags/plugins/event_listener.py
[2025-08-19T17:08:15.491+0200] {processor.py:183} INFO - Processing /Users/ehabhasan/.venvs/airflow310/lib/python3.10/site-packages/airflow/example_dags/plugins/event_listener.py took 0.032 seconds
[2025-08-19T17:09:12.289+0200] {processor.py:161} INFO - Started process (PID=10198) to work on /Users/ehabhasan/.venvs/airflow310/lib/python3.10/site-packages/airflow/example_dags/plugins/event_listener.py
[2025-08-19T17:09:12.290+0200] {processor.py:830} INFO - Processing file /Users/ehabhasan/.venvs/airflow310/lib/python3.10/site-packages/airflow/example_dags/plugins/event_listener.py for tasks to queue
[2025-08-19T17:09:12.290+0200] {logging_mixin.py:188} INFO - [2025-08-19T17:09:12.290+0200] {dagbag.py:545} INFO - Filling up the DagBag from /Users/ehabhasan/.venvs/airflow310/lib/python3.10/site-packages/airflow/example_dags/plugins/event_listener.py
[2025-08-19T17:09:12.290+0200] {processor.py:842} WARNING - No viable dags retrieved from /Users/ehabhasan/.venvs/airflow310/lib/python3.10/site-packages/airflow/example_dags/plugins/event_listener.py
[2025-08-19T17:09:12.320+0200] {processor.py:183} INFO - Processing /Users/ehabhasan/.venvs/airflow310/lib/python3.10/site-packages/airflow/example_dags/plugins/event_listener.py took 0.032 seconds
[2025-08-19T17:10:07.851+0200] {processor.py:161} INFO - Started process (PID=10259) to work on /Users/ehabhasan/.venvs/airflow310/lib/python3.10/site-packages/airflow/example_dags/plugins/event_listener.py
[2025-08-19T17:10:07.852+0200] {processor.py:830} INFO - Processing file /Users/ehabhasan/.venvs/airflow310/lib/python3.10/site-packages/airflow/example_dags/plugins/event_listener.py for tasks to queue
[2025-08-19T17:10:07.852+0200] {logging_mixin.py:188} INFO - [2025-08-19T17:10:07.852+0200] {dagbag.py:545} INFO - Filling up the DagBag from /Users/ehabhasan/.venvs/airflow310/lib/python3.10/site-packages/airflow/example_dags/plugins/event_listener.py
[2025-08-19T17:10:07.852+0200] {processor.py:842} WARNING - No viable dags retrieved from /Users/ehabhasan/.venvs/airflow310/lib/python3.10/site-packages/airflow/example_dags/plugins/event_listener.py
[2025-08-19T17:10:07.882+0200] {processor.py:183} INFO - Processing /Users/ehabhasan/.venvs/airflow310/lib/python3.10/site-packages/airflow/example_dags/plugins/event_listener.py took 0.032 seconds
[2025-08-19T17:10:59.081+0200] {processor.py:161} INFO - Started process (PID=10298) to work on /Users/ehabhasan/.venvs/airflow310/lib/python3.10/site-packages/airflow/example_dags/plugins/event_listener.py
[2025-08-19T17:10:59.081+0200] {processor.py:830} INFO - Processing file /Users/ehabhasan/.venvs/airflow310/lib/python3.10/site-packages/airflow/example_dags/plugins/event_listener.py for tasks to queue
[2025-08-19T17:10:59.081+0200] {logging_mixin.py:188} INFO - [2025-08-19T17:10:59.081+0200] {dagbag.py:545} INFO - Filling up the DagBag from /Users/ehabhasan/.venvs/airflow310/lib/python3.10/site-packages/airflow/example_dags/plugins/event_listener.py
[2025-08-19T17:10:59.082+0200] {processor.py:842} WARNING - No viable dags retrieved from /Users/ehabhasan/.venvs/airflow310/lib/python3.10/site-packages/airflow/example_dags/plugins/event_listener.py
[2025-08-19T17:10:59.111+0200] {processor.py:183} INFO - Processing /Users/ehabhasan/.venvs/airflow310/lib/python3.10/site-packages/airflow/example_dags/plugins/event_listener.py took 0.032 seconds
[2025-08-19T17:11:52.549+0200] {processor.py:161} INFO - Started process (PID=10333) to work on /Users/ehabhasan/.venvs/airflow310/lib/python3.10/site-packages/airflow/example_dags/plugins/event_listener.py
[2025-08-19T17:11:52.549+0200] {processor.py:830} INFO - Processing file /Users/ehabhasan/.venvs/airflow310/lib/python3.10/site-packages/airflow/example_dags/plugins/event_listener.py for tasks to queue
[2025-08-19T17:11:52.550+0200] {logging_mixin.py:188} INFO - [2025-08-19T17:11:52.549+0200] {dagbag.py:545} INFO - Filling up the DagBag from /Users/ehabhasan/.venvs/airflow310/lib/python3.10/site-packages/airflow/example_dags/plugins/event_listener.py
[2025-08-19T17:11:52.550+0200] {processor.py:842} WARNING - No viable dags retrieved from /Users/ehabhasan/.venvs/airflow310/lib/python3.10/site-packages/airflow/example_dags/plugins/event_listener.py
[2025-08-19T17:11:52.580+0200] {processor.py:183} INFO - Processing /Users/ehabhasan/.venvs/airflow310/lib/python3.10/site-packages/airflow/example_dags/plugins/event_listener.py took 0.033 seconds
[2025-08-19T17:12:51.031+0200] {processor.py:161} INFO - Started process (PID=10390) to work on /Users/ehabhasan/.venvs/airflow310/lib/python3.10/site-packages/airflow/example_dags/plugins/event_listener.py
[2025-08-19T17:12:51.032+0200] {processor.py:830} INFO - Processing file /Users/ehabhasan/.venvs/airflow310/lib/python3.10/site-packages/airflow/example_dags/plugins/event_listener.py for tasks to queue
[2025-08-19T17:12:51.032+0200] {logging_mixin.py:188} INFO - [2025-08-19T17:12:51.032+0200] {dagbag.py:545} INFO - Filling up the DagBag from /Users/ehabhasan/.venvs/airflow310/lib/python3.10/site-packages/airflow/example_dags/plugins/event_listener.py
[2025-08-19T17:12:51.033+0200] {processor.py:842} WARNING - No viable dags retrieved from /Users/ehabhasan/.venvs/airflow310/lib/python3.10/site-packages/airflow/example_dags/plugins/event_listener.py
[2025-08-19T17:12:51.061+0200] {processor.py:183} INFO - Processing /Users/ehabhasan/.venvs/airflow310/lib/python3.10/site-packages/airflow/example_dags/plugins/event_listener.py took 0.031 seconds
[2025-08-19T17:13:45.019+0200] {processor.py:161} INFO - Started process (PID=10430) to work on /Users/ehabhasan/.venvs/airflow310/lib/python3.10/site-packages/airflow/example_dags/plugins/event_listener.py
[2025-08-19T17:13:45.020+0200] {processor.py:830} INFO - Processing file /Users/ehabhasan/.venvs/airflow310/lib/python3.10/site-packages/airflow/example_dags/plugins/event_listener.py for tasks to queue
[2025-08-19T17:13:45.020+0200] {logging_mixin.py:188} INFO - [2025-08-19T17:13:45.020+0200] {dagbag.py:545} INFO - Filling up the DagBag from /Users/ehabhasan/.venvs/airflow310/lib/python3.10/site-packages/airflow/example_dags/plugins/event_listener.py
[2025-08-19T17:13:45.020+0200] {processor.py:842} WARNING - No viable dags retrieved from /Users/ehabhasan/.venvs/airflow310/lib/python3.10/site-packages/airflow/example_dags/plugins/event_listener.py
[2025-08-19T17:13:45.049+0200] {processor.py:183} INFO - Processing /Users/ehabhasan/.venvs/airflow310/lib/python3.10/site-packages/airflow/example_dags/plugins/event_listener.py took 0.032 seconds
[2025-08-19T17:14:41.891+0200] {processor.py:161} INFO - Started process (PID=10505) to work on /Users/ehabhasan/.venvs/airflow310/lib/python3.10/site-packages/airflow/example_dags/plugins/event_listener.py
[2025-08-19T17:14:41.891+0200] {processor.py:830} INFO - Processing file /Users/ehabhasan/.venvs/airflow310/lib/python3.10/site-packages/airflow/example_dags/plugins/event_listener.py for tasks to queue
[2025-08-19T17:14:41.892+0200] {logging_mixin.py:188} INFO - [2025-08-19T17:14:41.892+0200] {dagbag.py:545} INFO - Filling up the DagBag from /Users/ehabhasan/.venvs/airflow310/lib/python3.10/site-packages/airflow/example_dags/plugins/event_listener.py
[2025-08-19T17:14:41.892+0200] {processor.py:842} WARNING - No viable dags retrieved from /Users/ehabhasan/.venvs/airflow310/lib/python3.10/site-packages/airflow/example_dags/plugins/event_listener.py
[2025-08-19T17:14:41.922+0200] {processor.py:183} INFO - Processing /Users/ehabhasan/.venvs/airflow310/lib/python3.10/site-packages/airflow/example_dags/plugins/event_listener.py took 0.032 seconds
[2025-08-19T17:15:38.191+0200] {processor.py:161} INFO - Started process (PID=10781) to work on /Users/ehabhasan/.venvs/airflow310/lib/python3.10/site-packages/airflow/example_dags/plugins/event_listener.py
[2025-08-19T17:15:38.191+0200] {processor.py:830} INFO - Processing file /Users/ehabhasan/.venvs/airflow310/lib/python3.10/site-packages/airflow/example_dags/plugins/event_listener.py for tasks to queue
[2025-08-19T17:15:38.191+0200] {logging_mixin.py:188} INFO - [2025-08-19T17:15:38.191+0200] {dagbag.py:545} INFO - Filling up the DagBag from /Users/ehabhasan/.venvs/airflow310/lib/python3.10/site-packages/airflow/example_dags/plugins/event_listener.py
[2025-08-19T17:15:38.192+0200] {processor.py:842} WARNING - No viable dags retrieved from /Users/ehabhasan/.venvs/airflow310/lib/python3.10/site-packages/airflow/example_dags/plugins/event_listener.py
[2025-08-19T17:15:38.224+0200] {processor.py:183} INFO - Processing /Users/ehabhasan/.venvs/airflow310/lib/python3.10/site-packages/airflow/example_dags/plugins/event_listener.py took 0.035 seconds
[2025-08-19T17:16:33.418+0200] {processor.py:161} INFO - Started process (PID=10824) to work on /Users/ehabhasan/.venvs/airflow310/lib/python3.10/site-packages/airflow/example_dags/plugins/event_listener.py
[2025-08-19T17:16:33.418+0200] {processor.py:830} INFO - Processing file /Users/ehabhasan/.venvs/airflow310/lib/python3.10/site-packages/airflow/example_dags/plugins/event_listener.py for tasks to queue
[2025-08-19T17:16:33.418+0200] {logging_mixin.py:188} INFO - [2025-08-19T17:16:33.418+0200] {dagbag.py:545} INFO - Filling up the DagBag from /Users/ehabhasan/.venvs/airflow310/lib/python3.10/site-packages/airflow/example_dags/plugins/event_listener.py
[2025-08-19T17:16:33.419+0200] {processor.py:842} WARNING - No viable dags retrieved from /Users/ehabhasan/.venvs/airflow310/lib/python3.10/site-packages/airflow/example_dags/plugins/event_listener.py
[2025-08-19T17:16:33.448+0200] {processor.py:183} INFO - Processing /Users/ehabhasan/.venvs/airflow310/lib/python3.10/site-packages/airflow/example_dags/plugins/event_listener.py took 0.031 seconds
[2025-08-19T17:17:30.230+0200] {processor.py:161} INFO - Started process (PID=11444) to work on /Users/ehabhasan/.venvs/airflow310/lib/python3.10/site-packages/airflow/example_dags/plugins/event_listener.py
[2025-08-19T17:17:30.231+0200] {processor.py:830} INFO - Processing file /Users/ehabhasan/.venvs/airflow310/lib/python3.10/site-packages/airflow/example_dags/plugins/event_listener.py for tasks to queue
[2025-08-19T17:17:30.231+0200] {logging_mixin.py:188} INFO - [2025-08-19T17:17:30.231+0200] {dagbag.py:545} INFO - Filling up the DagBag from /Users/ehabhasan/.venvs/airflow310/lib/python3.10/site-packages/airflow/example_dags/plugins/event_listener.py
[2025-08-19T17:17:30.232+0200] {processor.py:842} WARNING - No viable dags retrieved from /Users/ehabhasan/.venvs/airflow310/lib/python3.10/site-packages/airflow/example_dags/plugins/event_listener.py
[2025-08-19T17:17:30.263+0200] {processor.py:183} INFO - Processing /Users/ehabhasan/.venvs/airflow310/lib/python3.10/site-packages/airflow/example_dags/plugins/event_listener.py took 0.034 seconds
[2025-08-19T17:18:25.356+0200] {processor.py:161} INFO - Started process (PID=11494) to work on /Users/ehabhasan/.venvs/airflow310/lib/python3.10/site-packages/airflow/example_dags/plugins/event_listener.py
[2025-08-19T17:18:25.356+0200] {processor.py:830} INFO - Processing file /Users/ehabhasan/.venvs/airflow310/lib/python3.10/site-packages/airflow/example_dags/plugins/event_listener.py for tasks to queue
[2025-08-19T17:18:25.356+0200] {logging_mixin.py:188} INFO - [2025-08-19T17:18:25.356+0200] {dagbag.py:545} INFO - Filling up the DagBag from /Users/ehabhasan/.venvs/airflow310/lib/python3.10/site-packages/airflow/example_dags/plugins/event_listener.py
[2025-08-19T17:18:25.357+0200] {processor.py:842} WARNING - No viable dags retrieved from /Users/ehabhasan/.venvs/airflow310/lib/python3.10/site-packages/airflow/example_dags/plugins/event_listener.py
[2025-08-19T17:18:25.386+0200] {processor.py:183} INFO - Processing /Users/ehabhasan/.venvs/airflow310/lib/python3.10/site-packages/airflow/example_dags/plugins/event_listener.py took 0.032 seconds
[2025-08-19T17:19:20.361+0200] {processor.py:161} INFO - Started process (PID=11545) to work on /Users/ehabhasan/.venvs/airflow310/lib/python3.10/site-packages/airflow/example_dags/plugins/event_listener.py
[2025-08-19T17:19:20.361+0200] {processor.py:830} INFO - Processing file /Users/ehabhasan/.venvs/airflow310/lib/python3.10/site-packages/airflow/example_dags/plugins/event_listener.py for tasks to queue
[2025-08-19T17:19:20.361+0200] {logging_mixin.py:188} INFO - [2025-08-19T17:19:20.361+0200] {dagbag.py:545} INFO - Filling up the DagBag from /Users/ehabhasan/.venvs/airflow310/lib/python3.10/site-packages/airflow/example_dags/plugins/event_listener.py
[2025-08-19T17:19:20.362+0200] {processor.py:842} WARNING - No viable dags retrieved from /Users/ehabhasan/.venvs/airflow310/lib/python3.10/site-packages/airflow/example_dags/plugins/event_listener.py
[2025-08-19T17:19:20.390+0200] {processor.py:183} INFO - Processing /Users/ehabhasan/.venvs/airflow310/lib/python3.10/site-packages/airflow/example_dags/plugins/event_listener.py took 0.031 seconds
[2025-08-19T17:20:11.631+0200] {processor.py:161} INFO - Started process (PID=11597) to work on /Users/ehabhasan/.venvs/airflow310/lib/python3.10/site-packages/airflow/example_dags/plugins/event_listener.py
[2025-08-19T17:20:11.631+0200] {processor.py:830} INFO - Processing file /Users/ehabhasan/.venvs/airflow310/lib/python3.10/site-packages/airflow/example_dags/plugins/event_listener.py for tasks to queue
[2025-08-19T17:20:11.631+0200] {logging_mixin.py:188} INFO - [2025-08-19T17:20:11.631+0200] {dagbag.py:545} INFO - Filling up the DagBag from /Users/ehabhasan/.venvs/airflow310/lib/python3.10/site-packages/airflow/example_dags/plugins/event_listener.py
[2025-08-19T17:20:11.632+0200] {processor.py:842} WARNING - No viable dags retrieved from /Users/ehabhasan/.venvs/airflow310/lib/python3.10/site-packages/airflow/example_dags/plugins/event_listener.py
[2025-08-19T17:20:11.660+0200] {processor.py:183} INFO - Processing /Users/ehabhasan/.venvs/airflow310/lib/python3.10/site-packages/airflow/example_dags/plugins/event_listener.py took 0.031 seconds
[2025-08-19T17:21:00.646+0200] {processor.py:161} INFO - Started process (PID=11632) to work on /Users/ehabhasan/.venvs/airflow310/lib/python3.10/site-packages/airflow/example_dags/plugins/event_listener.py
[2025-08-19T17:21:00.646+0200] {processor.py:830} INFO - Processing file /Users/ehabhasan/.venvs/airflow310/lib/python3.10/site-packages/airflow/example_dags/plugins/event_listener.py for tasks to queue
[2025-08-19T17:21:00.646+0200] {logging_mixin.py:188} INFO - [2025-08-19T17:21:00.646+0200] {dagbag.py:545} INFO - Filling up the DagBag from /Users/ehabhasan/.venvs/airflow310/lib/python3.10/site-packages/airflow/example_dags/plugins/event_listener.py
[2025-08-19T17:21:00.647+0200] {processor.py:842} WARNING - No viable dags retrieved from /Users/ehabhasan/.venvs/airflow310/lib/python3.10/site-packages/airflow/example_dags/plugins/event_listener.py
[2025-08-19T17:21:00.676+0200] {processor.py:183} INFO - Processing /Users/ehabhasan/.venvs/airflow310/lib/python3.10/site-packages/airflow/example_dags/plugins/event_listener.py took 0.032 seconds
[2025-08-19T17:21:55.689+0200] {processor.py:161} INFO - Started process (PID=11667) to work on /Users/ehabhasan/.venvs/airflow310/lib/python3.10/site-packages/airflow/example_dags/plugins/event_listener.py
[2025-08-19T17:21:55.689+0200] {processor.py:830} INFO - Processing file /Users/ehabhasan/.venvs/airflow310/lib/python3.10/site-packages/airflow/example_dags/plugins/event_listener.py for tasks to queue
[2025-08-19T17:21:55.689+0200] {logging_mixin.py:188} INFO - [2025-08-19T17:21:55.689+0200] {dagbag.py:545} INFO - Filling up the DagBag from /Users/ehabhasan/.venvs/airflow310/lib/python3.10/site-packages/airflow/example_dags/plugins/event_listener.py
[2025-08-19T17:21:55.690+0200] {processor.py:842} WARNING - No viable dags retrieved from /Users/ehabhasan/.venvs/airflow310/lib/python3.10/site-packages/airflow/example_dags/plugins/event_listener.py
[2025-08-19T17:21:55.719+0200] {processor.py:183} INFO - Processing /Users/ehabhasan/.venvs/airflow310/lib/python3.10/site-packages/airflow/example_dags/plugins/event_listener.py took 0.032 seconds
[2025-08-19T17:22:52.258+0200] {processor.py:161} INFO - Started process (PID=11703) to work on /Users/ehabhasan/.venvs/airflow310/lib/python3.10/site-packages/airflow/example_dags/plugins/event_listener.py
[2025-08-19T17:22:52.258+0200] {processor.py:830} INFO - Processing file /Users/ehabhasan/.venvs/airflow310/lib/python3.10/site-packages/airflow/example_dags/plugins/event_listener.py for tasks to queue
[2025-08-19T17:22:52.259+0200] {logging_mixin.py:188} INFO - [2025-08-19T17:22:52.258+0200] {dagbag.py:545} INFO - Filling up the DagBag from /Users/ehabhasan/.venvs/airflow310/lib/python3.10/site-packages/airflow/example_dags/plugins/event_listener.py
[2025-08-19T17:22:52.259+0200] {processor.py:842} WARNING - No viable dags retrieved from /Users/ehabhasan/.venvs/airflow310/lib/python3.10/site-packages/airflow/example_dags/plugins/event_listener.py
[2025-08-19T17:22:52.288+0200] {processor.py:183} INFO - Processing /Users/ehabhasan/.venvs/airflow310/lib/python3.10/site-packages/airflow/example_dags/plugins/event_listener.py took 0.032 seconds
[2025-08-19T17:23:45.552+0200] {processor.py:161} INFO - Started process (PID=11743) to work on /Users/ehabhasan/.venvs/airflow310/lib/python3.10/site-packages/airflow/example_dags/plugins/event_listener.py
[2025-08-19T17:23:45.552+0200] {processor.py:830} INFO - Processing file /Users/ehabhasan/.venvs/airflow310/lib/python3.10/site-packages/airflow/example_dags/plugins/event_listener.py for tasks to queue
[2025-08-19T17:23:45.553+0200] {logging_mixin.py:188} INFO - [2025-08-19T17:23:45.552+0200] {dagbag.py:545} INFO - Filling up the DagBag from /Users/ehabhasan/.venvs/airflow310/lib/python3.10/site-packages/airflow/example_dags/plugins/event_listener.py
[2025-08-19T17:23:45.553+0200] {processor.py:842} WARNING - No viable dags retrieved from /Users/ehabhasan/.venvs/airflow310/lib/python3.10/site-packages/airflow/example_dags/plugins/event_listener.py
[2025-08-19T17:23:45.582+0200] {processor.py:183} INFO - Processing /Users/ehabhasan/.venvs/airflow310/lib/python3.10/site-packages/airflow/example_dags/plugins/event_listener.py took 0.032 seconds
[2025-08-19T17:24:37.703+0200] {processor.py:161} INFO - Started process (PID=11786) to work on /Users/ehabhasan/.venvs/airflow310/lib/python3.10/site-packages/airflow/example_dags/plugins/event_listener.py
[2025-08-19T17:24:37.704+0200] {processor.py:830} INFO - Processing file /Users/ehabhasan/.venvs/airflow310/lib/python3.10/site-packages/airflow/example_dags/plugins/event_listener.py for tasks to queue
[2025-08-19T17:24:37.704+0200] {logging_mixin.py:188} INFO - [2025-08-19T17:24:37.704+0200] {dagbag.py:545} INFO - Filling up the DagBag from /Users/ehabhasan/.venvs/airflow310/lib/python3.10/site-packages/airflow/example_dags/plugins/event_listener.py
[2025-08-19T17:24:37.705+0200] {processor.py:842} WARNING - No viable dags retrieved from /Users/ehabhasan/.venvs/airflow310/lib/python3.10/site-packages/airflow/example_dags/plugins/event_listener.py
[2025-08-19T17:24:37.734+0200] {processor.py:183} INFO - Processing /Users/ehabhasan/.venvs/airflow310/lib/python3.10/site-packages/airflow/example_dags/plugins/event_listener.py took 0.033 seconds
[2025-08-19T17:25:32.222+0200] {processor.py:161} INFO - Started process (PID=11824) to work on /Users/ehabhasan/.venvs/airflow310/lib/python3.10/site-packages/airflow/example_dags/plugins/event_listener.py
[2025-08-19T17:25:32.223+0200] {processor.py:830} INFO - Processing file /Users/ehabhasan/.venvs/airflow310/lib/python3.10/site-packages/airflow/example_dags/plugins/event_listener.py for tasks to queue
[2025-08-19T17:25:32.223+0200] {logging_mixin.py:188} INFO - [2025-08-19T17:25:32.223+0200] {dagbag.py:545} INFO - Filling up the DagBag from /Users/ehabhasan/.venvs/airflow310/lib/python3.10/site-packages/airflow/example_dags/plugins/event_listener.py
[2025-08-19T17:25:32.223+0200] {processor.py:842} WARNING - No viable dags retrieved from /Users/ehabhasan/.venvs/airflow310/lib/python3.10/site-packages/airflow/example_dags/plugins/event_listener.py
[2025-08-19T17:25:32.253+0200] {processor.py:183} INFO - Processing /Users/ehabhasan/.venvs/airflow310/lib/python3.10/site-packages/airflow/example_dags/plugins/event_listener.py took 0.033 seconds
[2025-08-19T17:26:24.316+0200] {processor.py:161} INFO - Started process (PID=11866) to work on /Users/ehabhasan/.venvs/airflow310/lib/python3.10/site-packages/airflow/example_dags/plugins/event_listener.py
[2025-08-19T17:26:24.317+0200] {processor.py:830} INFO - Processing file /Users/ehabhasan/.venvs/airflow310/lib/python3.10/site-packages/airflow/example_dags/plugins/event_listener.py for tasks to queue
[2025-08-19T17:26:24.317+0200] {logging_mixin.py:188} INFO - [2025-08-19T17:26:24.317+0200] {dagbag.py:545} INFO - Filling up the DagBag from /Users/ehabhasan/.venvs/airflow310/lib/python3.10/site-packages/airflow/example_dags/plugins/event_listener.py
[2025-08-19T17:26:24.317+0200] {processor.py:842} WARNING - No viable dags retrieved from /Users/ehabhasan/.venvs/airflow310/lib/python3.10/site-packages/airflow/example_dags/plugins/event_listener.py
[2025-08-19T17:26:24.347+0200] {processor.py:183} INFO - Processing /Users/ehabhasan/.venvs/airflow310/lib/python3.10/site-packages/airflow/example_dags/plugins/event_listener.py took 0.032 seconds
[2025-08-19T17:27:19.660+0200] {processor.py:161} INFO - Started process (PID=11905) to work on /Users/ehabhasan/.venvs/airflow310/lib/python3.10/site-packages/airflow/example_dags/plugins/event_listener.py
[2025-08-19T17:27:19.661+0200] {processor.py:830} INFO - Processing file /Users/ehabhasan/.venvs/airflow310/lib/python3.10/site-packages/airflow/example_dags/plugins/event_listener.py for tasks to queue
[2025-08-19T17:27:19.661+0200] {logging_mixin.py:188} INFO - [2025-08-19T17:27:19.661+0200] {dagbag.py:545} INFO - Filling up the DagBag from /Users/ehabhasan/.venvs/airflow310/lib/python3.10/site-packages/airflow/example_dags/plugins/event_listener.py
[2025-08-19T17:27:19.661+0200] {processor.py:842} WARNING - No viable dags retrieved from /Users/ehabhasan/.venvs/airflow310/lib/python3.10/site-packages/airflow/example_dags/plugins/event_listener.py
[2025-08-19T17:27:19.692+0200] {processor.py:183} INFO - Processing /Users/ehabhasan/.venvs/airflow310/lib/python3.10/site-packages/airflow/example_dags/plugins/event_listener.py took 0.034 seconds
[2025-08-19T17:28:14.121+0200] {processor.py:161} INFO - Started process (PID=11954) to work on /Users/ehabhasan/.venvs/airflow310/lib/python3.10/site-packages/airflow/example_dags/plugins/event_listener.py
[2025-08-19T17:28:14.123+0200] {processor.py:830} INFO - Processing file /Users/ehabhasan/.venvs/airflow310/lib/python3.10/site-packages/airflow/example_dags/plugins/event_listener.py for tasks to queue
[2025-08-19T17:28:14.123+0200] {logging_mixin.py:188} INFO - [2025-08-19T17:28:14.123+0200] {dagbag.py:545} INFO - Filling up the DagBag from /Users/ehabhasan/.venvs/airflow310/lib/python3.10/site-packages/airflow/example_dags/plugins/event_listener.py
[2025-08-19T17:28:14.123+0200] {processor.py:842} WARNING - No viable dags retrieved from /Users/ehabhasan/.venvs/airflow310/lib/python3.10/site-packages/airflow/example_dags/plugins/event_listener.py
[2025-08-19T17:28:14.153+0200] {processor.py:183} INFO - Processing /Users/ehabhasan/.venvs/airflow310/lib/python3.10/site-packages/airflow/example_dags/plugins/event_listener.py took 0.033 seconds
[2025-08-19T17:29:08.957+0200] {processor.py:161} INFO - Started process (PID=11993) to work on /Users/ehabhasan/.venvs/airflow310/lib/python3.10/site-packages/airflow/example_dags/plugins/event_listener.py
[2025-08-19T17:29:08.957+0200] {processor.py:830} INFO - Processing file /Users/ehabhasan/.venvs/airflow310/lib/python3.10/site-packages/airflow/example_dags/plugins/event_listener.py for tasks to queue
[2025-08-19T17:29:08.957+0200] {logging_mixin.py:188} INFO - [2025-08-19T17:29:08.957+0200] {dagbag.py:545} INFO - Filling up the DagBag from /Users/ehabhasan/.venvs/airflow310/lib/python3.10/site-packages/airflow/example_dags/plugins/event_listener.py
[2025-08-19T17:29:08.958+0200] {processor.py:842} WARNING - No viable dags retrieved from /Users/ehabhasan/.venvs/airflow310/lib/python3.10/site-packages/airflow/example_dags/plugins/event_listener.py
[2025-08-19T17:29:08.988+0200] {processor.py:183} INFO - Processing /Users/ehabhasan/.venvs/airflow310/lib/python3.10/site-packages/airflow/example_dags/plugins/event_listener.py took 0.034 seconds
[2025-08-19T17:30:06.635+0200] {processor.py:161} INFO - Started process (PID=12701) to work on /Users/ehabhasan/.venvs/airflow310/lib/python3.10/site-packages/airflow/example_dags/plugins/event_listener.py
[2025-08-19T17:30:06.636+0200] {processor.py:830} INFO - Processing file /Users/ehabhasan/.venvs/airflow310/lib/python3.10/site-packages/airflow/example_dags/plugins/event_listener.py for tasks to queue
[2025-08-19T17:30:06.636+0200] {logging_mixin.py:188} INFO - [2025-08-19T17:30:06.636+0200] {dagbag.py:545} INFO - Filling up the DagBag from /Users/ehabhasan/.venvs/airflow310/lib/python3.10/site-packages/airflow/example_dags/plugins/event_listener.py
[2025-08-19T17:30:06.636+0200] {processor.py:842} WARNING - No viable dags retrieved from /Users/ehabhasan/.venvs/airflow310/lib/python3.10/site-packages/airflow/example_dags/plugins/event_listener.py
[2025-08-19T17:30:06.667+0200] {processor.py:183} INFO - Processing /Users/ehabhasan/.venvs/airflow310/lib/python3.10/site-packages/airflow/example_dags/plugins/event_listener.py took 0.033 seconds
[2025-08-19T17:31:00.661+0200] {processor.py:161} INFO - Started process (PID=13922) to work on /Users/ehabhasan/.venvs/airflow310/lib/python3.10/site-packages/airflow/example_dags/plugins/event_listener.py
[2025-08-19T17:31:00.662+0200] {processor.py:830} INFO - Processing file /Users/ehabhasan/.venvs/airflow310/lib/python3.10/site-packages/airflow/example_dags/plugins/event_listener.py for tasks to queue
[2025-08-19T17:31:00.662+0200] {logging_mixin.py:188} INFO - [2025-08-19T17:31:00.662+0200] {dagbag.py:545} INFO - Filling up the DagBag from /Users/ehabhasan/.venvs/airflow310/lib/python3.10/site-packages/airflow/example_dags/plugins/event_listener.py
[2025-08-19T17:31:00.662+0200] {processor.py:842} WARNING - No viable dags retrieved from /Users/ehabhasan/.venvs/airflow310/lib/python3.10/site-packages/airflow/example_dags/plugins/event_listener.py
[2025-08-19T17:31:00.691+0200] {processor.py:183} INFO - Processing /Users/ehabhasan/.venvs/airflow310/lib/python3.10/site-packages/airflow/example_dags/plugins/event_listener.py took 0.032 seconds
[2025-08-19T17:31:57.537+0200] {processor.py:161} INFO - Started process (PID=13958) to work on /Users/ehabhasan/.venvs/airflow310/lib/python3.10/site-packages/airflow/example_dags/plugins/event_listener.py
[2025-08-19T17:31:57.537+0200] {processor.py:830} INFO - Processing file /Users/ehabhasan/.venvs/airflow310/lib/python3.10/site-packages/airflow/example_dags/plugins/event_listener.py for tasks to queue
[2025-08-19T17:31:57.538+0200] {logging_mixin.py:188} INFO - [2025-08-19T17:31:57.537+0200] {dagbag.py:545} INFO - Filling up the DagBag from /Users/ehabhasan/.venvs/airflow310/lib/python3.10/site-packages/airflow/example_dags/plugins/event_listener.py
[2025-08-19T17:31:57.538+0200] {processor.py:842} WARNING - No viable dags retrieved from /Users/ehabhasan/.venvs/airflow310/lib/python3.10/site-packages/airflow/example_dags/plugins/event_listener.py
[2025-08-19T17:31:57.569+0200] {processor.py:183} INFO - Processing /Users/ehabhasan/.venvs/airflow310/lib/python3.10/site-packages/airflow/example_dags/plugins/event_listener.py took 0.034 seconds
[2025-08-19T17:32:53.511+0200] {processor.py:161} INFO - Started process (PID=14172) to work on /Users/ehabhasan/.venvs/airflow310/lib/python3.10/site-packages/airflow/example_dags/plugins/event_listener.py
[2025-08-19T17:32:53.511+0200] {processor.py:830} INFO - Processing file /Users/ehabhasan/.venvs/airflow310/lib/python3.10/site-packages/airflow/example_dags/plugins/event_listener.py for tasks to queue
[2025-08-19T17:32:53.511+0200] {logging_mixin.py:188} INFO - [2025-08-19T17:32:53.511+0200] {dagbag.py:545} INFO - Filling up the DagBag from /Users/ehabhasan/.venvs/airflow310/lib/python3.10/site-packages/airflow/example_dags/plugins/event_listener.py
[2025-08-19T17:32:53.512+0200] {processor.py:842} WARNING - No viable dags retrieved from /Users/ehabhasan/.venvs/airflow310/lib/python3.10/site-packages/airflow/example_dags/plugins/event_listener.py
[2025-08-19T17:32:53.541+0200] {processor.py:183} INFO - Processing /Users/ehabhasan/.venvs/airflow310/lib/python3.10/site-packages/airflow/example_dags/plugins/event_listener.py took 0.032 seconds
[2025-08-19T17:33:48.175+0200] {processor.py:161} INFO - Started process (PID=14222) to work on /Users/ehabhasan/.venvs/airflow310/lib/python3.10/site-packages/airflow/example_dags/plugins/event_listener.py
[2025-08-19T17:33:48.176+0200] {processor.py:830} INFO - Processing file /Users/ehabhasan/.venvs/airflow310/lib/python3.10/site-packages/airflow/example_dags/plugins/event_listener.py for tasks to queue
[2025-08-19T17:33:48.176+0200] {logging_mixin.py:188} INFO - [2025-08-19T17:33:48.176+0200] {dagbag.py:545} INFO - Filling up the DagBag from /Users/ehabhasan/.venvs/airflow310/lib/python3.10/site-packages/airflow/example_dags/plugins/event_listener.py
[2025-08-19T17:33:48.176+0200] {processor.py:842} WARNING - No viable dags retrieved from /Users/ehabhasan/.venvs/airflow310/lib/python3.10/site-packages/airflow/example_dags/plugins/event_listener.py
[2025-08-19T17:33:48.206+0200] {processor.py:183} INFO - Processing /Users/ehabhasan/.venvs/airflow310/lib/python3.10/site-packages/airflow/example_dags/plugins/event_listener.py took 0.032 seconds
[2025-08-19T17:34:40.389+0200] {processor.py:161} INFO - Started process (PID=14268) to work on /Users/ehabhasan/.venvs/airflow310/lib/python3.10/site-packages/airflow/example_dags/plugins/event_listener.py
[2025-08-19T17:34:40.389+0200] {processor.py:830} INFO - Processing file /Users/ehabhasan/.venvs/airflow310/lib/python3.10/site-packages/airflow/example_dags/plugins/event_listener.py for tasks to queue
[2025-08-19T17:34:40.389+0200] {logging_mixin.py:188} INFO - [2025-08-19T17:34:40.389+0200] {dagbag.py:545} INFO - Filling up the DagBag from /Users/ehabhasan/.venvs/airflow310/lib/python3.10/site-packages/airflow/example_dags/plugins/event_listener.py
[2025-08-19T17:34:40.390+0200] {processor.py:842} WARNING - No viable dags retrieved from /Users/ehabhasan/.venvs/airflow310/lib/python3.10/site-packages/airflow/example_dags/plugins/event_listener.py
[2025-08-19T17:34:40.419+0200] {processor.py:183} INFO - Processing /Users/ehabhasan/.venvs/airflow310/lib/python3.10/site-packages/airflow/example_dags/plugins/event_listener.py took 0.032 seconds
[2025-08-19T17:35:35.028+0200] {processor.py:161} INFO - Started process (PID=14399) to work on /Users/ehabhasan/.venvs/airflow310/lib/python3.10/site-packages/airflow/example_dags/plugins/event_listener.py
[2025-08-19T17:35:35.028+0200] {processor.py:830} INFO - Processing file /Users/ehabhasan/.venvs/airflow310/lib/python3.10/site-packages/airflow/example_dags/plugins/event_listener.py for tasks to queue
[2025-08-19T17:35:35.028+0200] {logging_mixin.py:188} INFO - [2025-08-19T17:35:35.028+0200] {dagbag.py:545} INFO - Filling up the DagBag from /Users/ehabhasan/.venvs/airflow310/lib/python3.10/site-packages/airflow/example_dags/plugins/event_listener.py
[2025-08-19T17:35:35.029+0200] {processor.py:842} WARNING - No viable dags retrieved from /Users/ehabhasan/.venvs/airflow310/lib/python3.10/site-packages/airflow/example_dags/plugins/event_listener.py
[2025-08-19T17:35:35.058+0200] {processor.py:183} INFO - Processing /Users/ehabhasan/.venvs/airflow310/lib/python3.10/site-packages/airflow/example_dags/plugins/event_listener.py took 0.032 seconds
[2025-08-19T17:36:33.491+0200] {processor.py:161} INFO - Started process (PID=14480) to work on /Users/ehabhasan/.venvs/airflow310/lib/python3.10/site-packages/airflow/example_dags/plugins/event_listener.py
[2025-08-19T17:36:33.492+0200] {processor.py:830} INFO - Processing file /Users/ehabhasan/.venvs/airflow310/lib/python3.10/site-packages/airflow/example_dags/plugins/event_listener.py for tasks to queue
[2025-08-19T17:36:33.492+0200] {logging_mixin.py:188} INFO - [2025-08-19T17:36:33.492+0200] {dagbag.py:545} INFO - Filling up the DagBag from /Users/ehabhasan/.venvs/airflow310/lib/python3.10/site-packages/airflow/example_dags/plugins/event_listener.py
[2025-08-19T17:36:33.492+0200] {processor.py:842} WARNING - No viable dags retrieved from /Users/ehabhasan/.venvs/airflow310/lib/python3.10/site-packages/airflow/example_dags/plugins/event_listener.py
[2025-08-19T17:36:33.521+0200] {processor.py:183} INFO - Processing /Users/ehabhasan/.venvs/airflow310/lib/python3.10/site-packages/airflow/example_dags/plugins/event_listener.py took 0.031 seconds
[2025-08-19T17:37:30.276+0200] {processor.py:161} INFO - Started process (PID=14552) to work on /Users/ehabhasan/.venvs/airflow310/lib/python3.10/site-packages/airflow/example_dags/plugins/event_listener.py
[2025-08-19T17:37:30.276+0200] {processor.py:830} INFO - Processing file /Users/ehabhasan/.venvs/airflow310/lib/python3.10/site-packages/airflow/example_dags/plugins/event_listener.py for tasks to queue
[2025-08-19T17:37:30.276+0200] {logging_mixin.py:188} INFO - [2025-08-19T17:37:30.276+0200] {dagbag.py:545} INFO - Filling up the DagBag from /Users/ehabhasan/.venvs/airflow310/lib/python3.10/site-packages/airflow/example_dags/plugins/event_listener.py
[2025-08-19T17:37:30.277+0200] {processor.py:842} WARNING - No viable dags retrieved from /Users/ehabhasan/.venvs/airflow310/lib/python3.10/site-packages/airflow/example_dags/plugins/event_listener.py
[2025-08-19T17:37:30.307+0200] {processor.py:183} INFO - Processing /Users/ehabhasan/.venvs/airflow310/lib/python3.10/site-packages/airflow/example_dags/plugins/event_listener.py took 0.034 seconds
[2025-08-19T17:38:28.532+0200] {processor.py:161} INFO - Started process (PID=14698) to work on /Users/ehabhasan/.venvs/airflow310/lib/python3.10/site-packages/airflow/example_dags/plugins/event_listener.py
[2025-08-19T17:38:28.532+0200] {processor.py:830} INFO - Processing file /Users/ehabhasan/.venvs/airflow310/lib/python3.10/site-packages/airflow/example_dags/plugins/event_listener.py for tasks to queue
[2025-08-19T17:38:28.532+0200] {logging_mixin.py:188} INFO - [2025-08-19T17:38:28.532+0200] {dagbag.py:545} INFO - Filling up the DagBag from /Users/ehabhasan/.venvs/airflow310/lib/python3.10/site-packages/airflow/example_dags/plugins/event_listener.py
[2025-08-19T17:38:28.533+0200] {processor.py:842} WARNING - No viable dags retrieved from /Users/ehabhasan/.venvs/airflow310/lib/python3.10/site-packages/airflow/example_dags/plugins/event_listener.py
[2025-08-19T17:38:28.563+0200] {processor.py:183} INFO - Processing /Users/ehabhasan/.venvs/airflow310/lib/python3.10/site-packages/airflow/example_dags/plugins/event_listener.py took 0.033 seconds
[2025-08-19T17:39:30.855+0200] {processor.py:161} INFO - Started process (PID=14759) to work on /Users/ehabhasan/.venvs/airflow310/lib/python3.10/site-packages/airflow/example_dags/plugins/event_listener.py
[2025-08-19T17:39:30.855+0200] {processor.py:830} INFO - Processing file /Users/ehabhasan/.venvs/airflow310/lib/python3.10/site-packages/airflow/example_dags/plugins/event_listener.py for tasks to queue
[2025-08-19T17:39:30.856+0200] {logging_mixin.py:188} INFO - [2025-08-19T17:39:30.856+0200] {dagbag.py:545} INFO - Filling up the DagBag from /Users/ehabhasan/.venvs/airflow310/lib/python3.10/site-packages/airflow/example_dags/plugins/event_listener.py
[2025-08-19T17:39:30.856+0200] {processor.py:842} WARNING - No viable dags retrieved from /Users/ehabhasan/.venvs/airflow310/lib/python3.10/site-packages/airflow/example_dags/plugins/event_listener.py
[2025-08-19T17:39:30.886+0200] {processor.py:183} INFO - Processing /Users/ehabhasan/.venvs/airflow310/lib/python3.10/site-packages/airflow/example_dags/plugins/event_listener.py took 0.032 seconds
[2025-08-19T17:40:29.916+0200] {processor.py:161} INFO - Started process (PID=14847) to work on /Users/ehabhasan/.venvs/airflow310/lib/python3.10/site-packages/airflow/example_dags/plugins/event_listener.py
[2025-08-19T17:40:29.917+0200] {processor.py:830} INFO - Processing file /Users/ehabhasan/.venvs/airflow310/lib/python3.10/site-packages/airflow/example_dags/plugins/event_listener.py for tasks to queue
[2025-08-19T17:40:29.917+0200] {logging_mixin.py:188} INFO - [2025-08-19T17:40:29.917+0200] {dagbag.py:545} INFO - Filling up the DagBag from /Users/ehabhasan/.venvs/airflow310/lib/python3.10/site-packages/airflow/example_dags/plugins/event_listener.py
[2025-08-19T17:40:29.917+0200] {processor.py:842} WARNING - No viable dags retrieved from /Users/ehabhasan/.venvs/airflow310/lib/python3.10/site-packages/airflow/example_dags/plugins/event_listener.py
[2025-08-19T17:40:29.947+0200] {processor.py:183} INFO - Processing /Users/ehabhasan/.venvs/airflow310/lib/python3.10/site-packages/airflow/example_dags/plugins/event_listener.py took 0.032 seconds
[2025-08-19T17:45:06.464+0200] {processor.py:161} INFO - Started process (PID=14953) to work on /Users/ehabhasan/.venvs/airflow310/lib/python3.10/site-packages/airflow/example_dags/plugins/event_listener.py
[2025-08-19T17:45:06.465+0200] {processor.py:830} INFO - Processing file /Users/ehabhasan/.venvs/airflow310/lib/python3.10/site-packages/airflow/example_dags/plugins/event_listener.py for tasks to queue
[2025-08-19T17:45:06.465+0200] {logging_mixin.py:188} INFO - [2025-08-19T17:45:06.465+0200] {dagbag.py:545} INFO - Filling up the DagBag from /Users/ehabhasan/.venvs/airflow310/lib/python3.10/site-packages/airflow/example_dags/plugins/event_listener.py
[2025-08-19T17:45:06.465+0200] {processor.py:842} WARNING - No viable dags retrieved from /Users/ehabhasan/.venvs/airflow310/lib/python3.10/site-packages/airflow/example_dags/plugins/event_listener.py
[2025-08-19T17:45:06.494+0200] {processor.py:183} INFO - Processing /Users/ehabhasan/.venvs/airflow310/lib/python3.10/site-packages/airflow/example_dags/plugins/event_listener.py took 0.031 seconds
[2025-08-19T17:46:07.345+0200] {processor.py:161} INFO - Started process (PID=14998) to work on /Users/ehabhasan/.venvs/airflow310/lib/python3.10/site-packages/airflow/example_dags/plugins/event_listener.py
[2025-08-19T17:46:07.345+0200] {processor.py:830} INFO - Processing file /Users/ehabhasan/.venvs/airflow310/lib/python3.10/site-packages/airflow/example_dags/plugins/event_listener.py for tasks to queue
[2025-08-19T17:46:07.346+0200] {logging_mixin.py:188} INFO - [2025-08-19T17:46:07.346+0200] {dagbag.py:545} INFO - Filling up the DagBag from /Users/ehabhasan/.venvs/airflow310/lib/python3.10/site-packages/airflow/example_dags/plugins/event_listener.py
[2025-08-19T17:46:07.346+0200] {processor.py:842} WARNING - No viable dags retrieved from /Users/ehabhasan/.venvs/airflow310/lib/python3.10/site-packages/airflow/example_dags/plugins/event_listener.py
[2025-08-19T17:46:07.377+0200] {processor.py:183} INFO - Processing /Users/ehabhasan/.venvs/airflow310/lib/python3.10/site-packages/airflow/example_dags/plugins/event_listener.py took 0.033 seconds
[2025-08-19T17:47:07.985+0200] {processor.py:161} INFO - Started process (PID=15056) to work on /Users/ehabhasan/.venvs/airflow310/lib/python3.10/site-packages/airflow/example_dags/plugins/event_listener.py
[2025-08-19T17:47:07.986+0200] {processor.py:830} INFO - Processing file /Users/ehabhasan/.venvs/airflow310/lib/python3.10/site-packages/airflow/example_dags/plugins/event_listener.py for tasks to queue
[2025-08-19T17:47:07.986+0200] {logging_mixin.py:188} INFO - [2025-08-19T17:47:07.986+0200] {dagbag.py:545} INFO - Filling up the DagBag from /Users/ehabhasan/.venvs/airflow310/lib/python3.10/site-packages/airflow/example_dags/plugins/event_listener.py
[2025-08-19T17:47:07.986+0200] {processor.py:842} WARNING - No viable dags retrieved from /Users/ehabhasan/.venvs/airflow310/lib/python3.10/site-packages/airflow/example_dags/plugins/event_listener.py
[2025-08-19T17:47:08.018+0200] {processor.py:183} INFO - Processing /Users/ehabhasan/.venvs/airflow310/lib/python3.10/site-packages/airflow/example_dags/plugins/event_listener.py took 0.035 seconds
[2025-08-19T17:48:10.092+0200] {processor.py:161} INFO - Started process (PID=15096) to work on /Users/ehabhasan/.venvs/airflow310/lib/python3.10/site-packages/airflow/example_dags/plugins/event_listener.py
[2025-08-19T17:48:10.093+0200] {processor.py:830} INFO - Processing file /Users/ehabhasan/.venvs/airflow310/lib/python3.10/site-packages/airflow/example_dags/plugins/event_listener.py for tasks to queue
[2025-08-19T17:48:10.093+0200] {logging_mixin.py:188} INFO - [2025-08-19T17:48:10.093+0200] {dagbag.py:545} INFO - Filling up the DagBag from /Users/ehabhasan/.venvs/airflow310/lib/python3.10/site-packages/airflow/example_dags/plugins/event_listener.py
[2025-08-19T17:48:10.093+0200] {processor.py:842} WARNING - No viable dags retrieved from /Users/ehabhasan/.venvs/airflow310/lib/python3.10/site-packages/airflow/example_dags/plugins/event_listener.py
[2025-08-19T17:48:10.123+0200] {processor.py:183} INFO - Processing /Users/ehabhasan/.venvs/airflow310/lib/python3.10/site-packages/airflow/example_dags/plugins/event_listener.py took 0.032 seconds
[2025-08-19T17:49:06.147+0200] {processor.py:161} INFO - Started process (PID=15138) to work on /Users/ehabhasan/.venvs/airflow310/lib/python3.10/site-packages/airflow/example_dags/plugins/event_listener.py
[2025-08-19T17:49:06.148+0200] {processor.py:830} INFO - Processing file /Users/ehabhasan/.venvs/airflow310/lib/python3.10/site-packages/airflow/example_dags/plugins/event_listener.py for tasks to queue
[2025-08-19T17:49:06.148+0200] {logging_mixin.py:188} INFO - [2025-08-19T17:49:06.148+0200] {dagbag.py:545} INFO - Filling up the DagBag from /Users/ehabhasan/.venvs/airflow310/lib/python3.10/site-packages/airflow/example_dags/plugins/event_listener.py
[2025-08-19T17:49:06.148+0200] {processor.py:842} WARNING - No viable dags retrieved from /Users/ehabhasan/.venvs/airflow310/lib/python3.10/site-packages/airflow/example_dags/plugins/event_listener.py
[2025-08-19T17:49:06.178+0200] {processor.py:183} INFO - Processing /Users/ehabhasan/.venvs/airflow310/lib/python3.10/site-packages/airflow/example_dags/plugins/event_listener.py took 0.032 seconds
[2025-08-19T17:49:59.559+0200] {processor.py:161} INFO - Started process (PID=15179) to work on /Users/ehabhasan/.venvs/airflow310/lib/python3.10/site-packages/airflow/example_dags/plugins/event_listener.py
[2025-08-19T17:49:59.559+0200] {processor.py:830} INFO - Processing file /Users/ehabhasan/.venvs/airflow310/lib/python3.10/site-packages/airflow/example_dags/plugins/event_listener.py for tasks to queue
[2025-08-19T17:49:59.560+0200] {logging_mixin.py:188} INFO - [2025-08-19T17:49:59.560+0200] {dagbag.py:545} INFO - Filling up the DagBag from /Users/ehabhasan/.venvs/airflow310/lib/python3.10/site-packages/airflow/example_dags/plugins/event_listener.py
[2025-08-19T17:49:59.560+0200] {processor.py:842} WARNING - No viable dags retrieved from /Users/ehabhasan/.venvs/airflow310/lib/python3.10/site-packages/airflow/example_dags/plugins/event_listener.py
[2025-08-19T17:49:59.590+0200] {processor.py:183} INFO - Processing /Users/ehabhasan/.venvs/airflow310/lib/python3.10/site-packages/airflow/example_dags/plugins/event_listener.py took 0.032 seconds
