[2025-08-19T16:47:53.227+0200] {processor.py:161} INFO - Started process (PID=7615) to work on /Users/ehabhasan/.venvs/airflow310/lib/python3.10/site-packages/airflow/example_dags/plugins/listener_plugin.py
[2025-08-19T16:47:53.227+0200] {processor.py:830} INFO - Processing file /Users/ehabhasan/.venvs/airflow310/lib/python3.10/site-packages/airflow/example_dags/plugins/listener_plugin.py for tasks to queue
[2025-08-19T16:47:53.227+0200] {logging_mixin.py:188} INFO - [2025-08-19T16:47:53.227+0200] {dagbag.py:545} INFO - Filling up the DagBag from /Users/ehabhasan/.venvs/airflow310/lib/python3.10/site-packages/airflow/example_dags/plugins/listener_plugin.py
[2025-08-19T16:47:53.228+0200] {processor.py:842} WARNING - No viable dags retrieved from /Users/ehabhasan/.venvs/airflow310/lib/python3.10/site-packages/airflow/example_dags/plugins/listener_plugin.py
[2025-08-19T16:47:53.257+0200] {processor.py:183} INFO - Processing /Users/ehabhasan/.venvs/airflow310/lib/python3.10/site-packages/airflow/example_dags/plugins/listener_plugin.py took 0.032 seconds
[2025-08-19T16:49:13.060+0200] {processor.py:161} INFO - Started process (PID=7675) to work on /Users/ehabhasan/.venvs/airflow310/lib/python3.10/site-packages/airflow/example_dags/plugins/listener_plugin.py
[2025-08-19T16:49:13.061+0200] {processor.py:830} INFO - Processing file /Users/ehabhasan/.venvs/airflow310/lib/python3.10/site-packages/airflow/example_dags/plugins/listener_plugin.py for tasks to queue
[2025-08-19T16:49:13.062+0200] {logging_mixin.py:188} INFO - [2025-08-19T16:49:13.062+0200] {dagbag.py:545} INFO - Filling up the DagBag from /Users/ehabhasan/.venvs/airflow310/lib/python3.10/site-packages/airflow/example_dags/plugins/listener_plugin.py
[2025-08-19T16:49:13.063+0200] {processor.py:842} WARNING - No viable dags retrieved from /Users/ehabhasan/.venvs/airflow310/lib/python3.10/site-packages/airflow/example_dags/plugins/listener_plugin.py
[2025-08-19T16:49:13.092+0200] {processor.py:183} INFO - Processing /Users/ehabhasan/.venvs/airflow310/lib/python3.10/site-packages/airflow/example_dags/plugins/listener_plugin.py took 0.034 seconds
[2025-08-19T16:50:01.721+0200] {processor.py:161} INFO - Started process (PID=7712) to work on /Users/ehabhasan/.venvs/airflow310/lib/python3.10/site-packages/airflow/example_dags/plugins/listener_plugin.py
[2025-08-19T16:50:01.722+0200] {processor.py:830} INFO - Processing file /Users/ehabhasan/.venvs/airflow310/lib/python3.10/site-packages/airflow/example_dags/plugins/listener_plugin.py for tasks to queue
[2025-08-19T16:50:01.722+0200] {logging_mixin.py:188} INFO - [2025-08-19T16:50:01.722+0200] {dagbag.py:545} INFO - Filling up the DagBag from /Users/ehabhasan/.venvs/airflow310/lib/python3.10/site-packages/airflow/example_dags/plugins/listener_plugin.py
[2025-08-19T16:50:01.723+0200] {processor.py:842} WARNING - No viable dags retrieved from /Users/ehabhasan/.venvs/airflow310/lib/python3.10/site-packages/airflow/example_dags/plugins/listener_plugin.py
[2025-08-19T16:50:01.753+0200] {processor.py:183} INFO - Processing /Users/ehabhasan/.venvs/airflow310/lib/python3.10/site-packages/airflow/example_dags/plugins/listener_plugin.py took 0.033 seconds
[2025-08-19T16:50:47.161+0200] {processor.py:161} INFO - Started process (PID=7746) to work on /Users/ehabhasan/.venvs/airflow310/lib/python3.10/site-packages/airflow/example_dags/plugins/listener_plugin.py
[2025-08-19T16:50:47.162+0200] {processor.py:830} INFO - Processing file /Users/ehabhasan/.venvs/airflow310/lib/python3.10/site-packages/airflow/example_dags/plugins/listener_plugin.py for tasks to queue
[2025-08-19T16:50:47.163+0200] {logging_mixin.py:188} INFO - [2025-08-19T16:50:47.163+0200] {dagbag.py:545} INFO - Filling up the DagBag from /Users/ehabhasan/.venvs/airflow310/lib/python3.10/site-packages/airflow/example_dags/plugins/listener_plugin.py
[2025-08-19T16:50:47.164+0200] {processor.py:842} WARNING - No viable dags retrieved from /Users/ehabhasan/.venvs/airflow310/lib/python3.10/site-packages/airflow/example_dags/plugins/listener_plugin.py
[2025-08-19T16:50:47.193+0200] {processor.py:183} INFO - Processing /Users/ehabhasan/.venvs/airflow310/lib/python3.10/site-packages/airflow/example_dags/plugins/listener_plugin.py took 0.033 seconds
[2025-08-19T16:51:35.288+0200] {processor.py:161} INFO - Started process (PID=7780) to work on /Users/ehabhasan/.venvs/airflow310/lib/python3.10/site-packages/airflow/example_dags/plugins/listener_plugin.py
[2025-08-19T16:51:35.289+0200] {processor.py:830} INFO - Processing file /Users/ehabhasan/.venvs/airflow310/lib/python3.10/site-packages/airflow/example_dags/plugins/listener_plugin.py for tasks to queue
[2025-08-19T16:51:35.289+0200] {logging_mixin.py:188} INFO - [2025-08-19T16:51:35.289+0200] {dagbag.py:545} INFO - Filling up the DagBag from /Users/ehabhasan/.venvs/airflow310/lib/python3.10/site-packages/airflow/example_dags/plugins/listener_plugin.py
[2025-08-19T16:51:35.290+0200] {processor.py:842} WARNING - No viable dags retrieved from /Users/ehabhasan/.venvs/airflow310/lib/python3.10/site-packages/airflow/example_dags/plugins/listener_plugin.py
[2025-08-19T16:51:35.318+0200] {processor.py:183} INFO - Processing /Users/ehabhasan/.venvs/airflow310/lib/python3.10/site-packages/airflow/example_dags/plugins/listener_plugin.py took 0.031 seconds
[2025-08-19T16:52:25.635+0200] {processor.py:161} INFO - Started process (PID=7818) to work on /Users/ehabhasan/.venvs/airflow310/lib/python3.10/site-packages/airflow/example_dags/plugins/listener_plugin.py
[2025-08-19T16:52:25.635+0200] {processor.py:830} INFO - Processing file /Users/ehabhasan/.venvs/airflow310/lib/python3.10/site-packages/airflow/example_dags/plugins/listener_plugin.py for tasks to queue
[2025-08-19T16:52:25.636+0200] {logging_mixin.py:188} INFO - [2025-08-19T16:52:25.636+0200] {dagbag.py:545} INFO - Filling up the DagBag from /Users/ehabhasan/.venvs/airflow310/lib/python3.10/site-packages/airflow/example_dags/plugins/listener_plugin.py
[2025-08-19T16:52:25.636+0200] {processor.py:842} WARNING - No viable dags retrieved from /Users/ehabhasan/.venvs/airflow310/lib/python3.10/site-packages/airflow/example_dags/plugins/listener_plugin.py
[2025-08-19T16:52:25.665+0200] {processor.py:183} INFO - Processing /Users/ehabhasan/.venvs/airflow310/lib/python3.10/site-packages/airflow/example_dags/plugins/listener_plugin.py took 0.032 seconds
[2025-08-19T16:53:15.519+0200] {processor.py:161} INFO - Started process (PID=7856) to work on /Users/ehabhasan/.venvs/airflow310/lib/python3.10/site-packages/airflow/example_dags/plugins/listener_plugin.py
[2025-08-19T16:53:15.520+0200] {processor.py:830} INFO - Processing file /Users/ehabhasan/.venvs/airflow310/lib/python3.10/site-packages/airflow/example_dags/plugins/listener_plugin.py for tasks to queue
[2025-08-19T16:53:15.520+0200] {logging_mixin.py:188} INFO - [2025-08-19T16:53:15.520+0200] {dagbag.py:545} INFO - Filling up the DagBag from /Users/ehabhasan/.venvs/airflow310/lib/python3.10/site-packages/airflow/example_dags/plugins/listener_plugin.py
[2025-08-19T16:53:15.521+0200] {processor.py:842} WARNING - No viable dags retrieved from /Users/ehabhasan/.venvs/airflow310/lib/python3.10/site-packages/airflow/example_dags/plugins/listener_plugin.py
[2025-08-19T16:53:15.550+0200] {processor.py:183} INFO - Processing /Users/ehabhasan/.venvs/airflow310/lib/python3.10/site-packages/airflow/example_dags/plugins/listener_plugin.py took 0.032 seconds
[2025-08-19T16:54:02.527+0200] {processor.py:161} INFO - Started process (PID=7915) to work on /Users/ehabhasan/.venvs/airflow310/lib/python3.10/site-packages/airflow/example_dags/plugins/listener_plugin.py
[2025-08-19T16:54:02.527+0200] {processor.py:830} INFO - Processing file /Users/ehabhasan/.venvs/airflow310/lib/python3.10/site-packages/airflow/example_dags/plugins/listener_plugin.py for tasks to queue
[2025-08-19T16:54:02.528+0200] {logging_mixin.py:188} INFO - [2025-08-19T16:54:02.528+0200] {dagbag.py:545} INFO - Filling up the DagBag from /Users/ehabhasan/.venvs/airflow310/lib/python3.10/site-packages/airflow/example_dags/plugins/listener_plugin.py
[2025-08-19T16:54:02.529+0200] {processor.py:842} WARNING - No viable dags retrieved from /Users/ehabhasan/.venvs/airflow310/lib/python3.10/site-packages/airflow/example_dags/plugins/listener_plugin.py
[2025-08-19T16:54:02.558+0200] {processor.py:183} INFO - Processing /Users/ehabhasan/.venvs/airflow310/lib/python3.10/site-packages/airflow/example_dags/plugins/listener_plugin.py took 0.033 seconds
[2025-08-19T16:54:50.694+0200] {processor.py:161} INFO - Started process (PID=7965) to work on /Users/ehabhasan/.venvs/airflow310/lib/python3.10/site-packages/airflow/example_dags/plugins/listener_plugin.py
[2025-08-19T16:54:50.694+0200] {processor.py:830} INFO - Processing file /Users/ehabhasan/.venvs/airflow310/lib/python3.10/site-packages/airflow/example_dags/plugins/listener_plugin.py for tasks to queue
[2025-08-19T16:54:50.695+0200] {logging_mixin.py:188} INFO - [2025-08-19T16:54:50.695+0200] {dagbag.py:545} INFO - Filling up the DagBag from /Users/ehabhasan/.venvs/airflow310/lib/python3.10/site-packages/airflow/example_dags/plugins/listener_plugin.py
[2025-08-19T16:54:50.696+0200] {processor.py:842} WARNING - No viable dags retrieved from /Users/ehabhasan/.venvs/airflow310/lib/python3.10/site-packages/airflow/example_dags/plugins/listener_plugin.py
[2025-08-19T16:54:50.724+0200] {processor.py:183} INFO - Processing /Users/ehabhasan/.venvs/airflow310/lib/python3.10/site-packages/airflow/example_dags/plugins/listener_plugin.py took 0.032 seconds
[2025-08-19T16:55:39.049+0200] {processor.py:161} INFO - Started process (PID=7997) to work on /Users/ehabhasan/.venvs/airflow310/lib/python3.10/site-packages/airflow/example_dags/plugins/listener_plugin.py
[2025-08-19T16:55:39.049+0200] {processor.py:830} INFO - Processing file /Users/ehabhasan/.venvs/airflow310/lib/python3.10/site-packages/airflow/example_dags/plugins/listener_plugin.py for tasks to queue
[2025-08-19T16:55:39.049+0200] {logging_mixin.py:188} INFO - [2025-08-19T16:55:39.049+0200] {dagbag.py:545} INFO - Filling up the DagBag from /Users/ehabhasan/.venvs/airflow310/lib/python3.10/site-packages/airflow/example_dags/plugins/listener_plugin.py
[2025-08-19T16:55:39.050+0200] {processor.py:842} WARNING - No viable dags retrieved from /Users/ehabhasan/.venvs/airflow310/lib/python3.10/site-packages/airflow/example_dags/plugins/listener_plugin.py
[2025-08-19T16:55:39.079+0200] {processor.py:183} INFO - Processing /Users/ehabhasan/.venvs/airflow310/lib/python3.10/site-packages/airflow/example_dags/plugins/listener_plugin.py took 0.031 seconds
[2025-08-19T16:56:31.295+0200] {processor.py:161} INFO - Started process (PID=8036) to work on /Users/ehabhasan/.venvs/airflow310/lib/python3.10/site-packages/airflow/example_dags/plugins/listener_plugin.py
[2025-08-19T16:56:31.296+0200] {processor.py:830} INFO - Processing file /Users/ehabhasan/.venvs/airflow310/lib/python3.10/site-packages/airflow/example_dags/plugins/listener_plugin.py for tasks to queue
[2025-08-19T16:56:31.296+0200] {logging_mixin.py:188} INFO - [2025-08-19T16:56:31.296+0200] {dagbag.py:545} INFO - Filling up the DagBag from /Users/ehabhasan/.venvs/airflow310/lib/python3.10/site-packages/airflow/example_dags/plugins/listener_plugin.py
[2025-08-19T16:56:31.298+0200] {processor.py:842} WARNING - No viable dags retrieved from /Users/ehabhasan/.venvs/airflow310/lib/python3.10/site-packages/airflow/example_dags/plugins/listener_plugin.py
[2025-08-19T16:56:31.326+0200] {processor.py:183} INFO - Processing /Users/ehabhasan/.venvs/airflow310/lib/python3.10/site-packages/airflow/example_dags/plugins/listener_plugin.py took 0.033 seconds
[2025-08-19T16:57:26.535+0200] {processor.py:161} INFO - Started process (PID=8076) to work on /Users/ehabhasan/.venvs/airflow310/lib/python3.10/site-packages/airflow/example_dags/plugins/listener_plugin.py
[2025-08-19T16:57:26.535+0200] {processor.py:830} INFO - Processing file /Users/ehabhasan/.venvs/airflow310/lib/python3.10/site-packages/airflow/example_dags/plugins/listener_plugin.py for tasks to queue
[2025-08-19T16:57:26.536+0200] {logging_mixin.py:188} INFO - [2025-08-19T16:57:26.536+0200] {dagbag.py:545} INFO - Filling up the DagBag from /Users/ehabhasan/.venvs/airflow310/lib/python3.10/site-packages/airflow/example_dags/plugins/listener_plugin.py
[2025-08-19T16:57:26.537+0200] {processor.py:842} WARNING - No viable dags retrieved from /Users/ehabhasan/.venvs/airflow310/lib/python3.10/site-packages/airflow/example_dags/plugins/listener_plugin.py
[2025-08-19T16:57:26.567+0200] {processor.py:183} INFO - Processing /Users/ehabhasan/.venvs/airflow310/lib/python3.10/site-packages/airflow/example_dags/plugins/listener_plugin.py took 0.034 seconds
[2025-08-19T16:58:14.890+0200] {processor.py:161} INFO - Started process (PID=8114) to work on /Users/ehabhasan/.venvs/airflow310/lib/python3.10/site-packages/airflow/example_dags/plugins/listener_plugin.py
[2025-08-19T16:58:14.891+0200] {processor.py:830} INFO - Processing file /Users/ehabhasan/.venvs/airflow310/lib/python3.10/site-packages/airflow/example_dags/plugins/listener_plugin.py for tasks to queue
[2025-08-19T16:58:14.891+0200] {logging_mixin.py:188} INFO - [2025-08-19T16:58:14.891+0200] {dagbag.py:545} INFO - Filling up the DagBag from /Users/ehabhasan/.venvs/airflow310/lib/python3.10/site-packages/airflow/example_dags/plugins/listener_plugin.py
[2025-08-19T16:58:14.892+0200] {processor.py:842} WARNING - No viable dags retrieved from /Users/ehabhasan/.venvs/airflow310/lib/python3.10/site-packages/airflow/example_dags/plugins/listener_plugin.py
[2025-08-19T16:58:14.920+0200] {processor.py:183} INFO - Processing /Users/ehabhasan/.venvs/airflow310/lib/python3.10/site-packages/airflow/example_dags/plugins/listener_plugin.py took 0.032 seconds
[2025-08-19T16:59:03.263+0200] {processor.py:161} INFO - Started process (PID=8159) to work on /Users/ehabhasan/.venvs/airflow310/lib/python3.10/site-packages/airflow/example_dags/plugins/listener_plugin.py
[2025-08-19T16:59:03.263+0200] {processor.py:830} INFO - Processing file /Users/ehabhasan/.venvs/airflow310/lib/python3.10/site-packages/airflow/example_dags/plugins/listener_plugin.py for tasks to queue
[2025-08-19T16:59:03.264+0200] {logging_mixin.py:188} INFO - [2025-08-19T16:59:03.263+0200] {dagbag.py:545} INFO - Filling up the DagBag from /Users/ehabhasan/.venvs/airflow310/lib/python3.10/site-packages/airflow/example_dags/plugins/listener_plugin.py
[2025-08-19T16:59:03.265+0200] {processor.py:842} WARNING - No viable dags retrieved from /Users/ehabhasan/.venvs/airflow310/lib/python3.10/site-packages/airflow/example_dags/plugins/listener_plugin.py
[2025-08-19T16:59:03.295+0200] {processor.py:183} INFO - Processing /Users/ehabhasan/.venvs/airflow310/lib/python3.10/site-packages/airflow/example_dags/plugins/listener_plugin.py took 0.034 seconds
[2025-08-19T17:00:26.020+0200] {processor.py:161} INFO - Started process (PID=8226) to work on /Users/ehabhasan/.venvs/airflow310/lib/python3.10/site-packages/airflow/example_dags/plugins/listener_plugin.py
[2025-08-19T17:00:26.021+0200] {processor.py:830} INFO - Processing file /Users/ehabhasan/.venvs/airflow310/lib/python3.10/site-packages/airflow/example_dags/plugins/listener_plugin.py for tasks to queue
[2025-08-19T17:00:26.021+0200] {logging_mixin.py:188} INFO - [2025-08-19T17:00:26.021+0200] {dagbag.py:545} INFO - Filling up the DagBag from /Users/ehabhasan/.venvs/airflow310/lib/python3.10/site-packages/airflow/example_dags/plugins/listener_plugin.py
[2025-08-19T17:00:26.023+0200] {processor.py:842} WARNING - No viable dags retrieved from /Users/ehabhasan/.venvs/airflow310/lib/python3.10/site-packages/airflow/example_dags/plugins/listener_plugin.py
[2025-08-19T17:00:26.051+0200] {processor.py:183} INFO - Processing /Users/ehabhasan/.venvs/airflow310/lib/python3.10/site-packages/airflow/example_dags/plugins/listener_plugin.py took 0.033 seconds
[2025-08-19T17:01:23.370+0200] {processor.py:161} INFO - Started process (PID=8265) to work on /Users/ehabhasan/.venvs/airflow310/lib/python3.10/site-packages/airflow/example_dags/plugins/listener_plugin.py
[2025-08-19T17:01:23.371+0200] {processor.py:830} INFO - Processing file /Users/ehabhasan/.venvs/airflow310/lib/python3.10/site-packages/airflow/example_dags/plugins/listener_plugin.py for tasks to queue
[2025-08-19T17:01:23.371+0200] {logging_mixin.py:188} INFO - [2025-08-19T17:01:23.371+0200] {dagbag.py:545} INFO - Filling up the DagBag from /Users/ehabhasan/.venvs/airflow310/lib/python3.10/site-packages/airflow/example_dags/plugins/listener_plugin.py
[2025-08-19T17:01:23.372+0200] {processor.py:842} WARNING - No viable dags retrieved from /Users/ehabhasan/.venvs/airflow310/lib/python3.10/site-packages/airflow/example_dags/plugins/listener_plugin.py
[2025-08-19T17:01:23.401+0200] {processor.py:183} INFO - Processing /Users/ehabhasan/.venvs/airflow310/lib/python3.10/site-packages/airflow/example_dags/plugins/listener_plugin.py took 0.033 seconds
[2025-08-19T17:02:16.369+0200] {processor.py:161} INFO - Started process (PID=8310) to work on /Users/ehabhasan/.venvs/airflow310/lib/python3.10/site-packages/airflow/example_dags/plugins/listener_plugin.py
[2025-08-19T17:02:16.369+0200] {processor.py:830} INFO - Processing file /Users/ehabhasan/.venvs/airflow310/lib/python3.10/site-packages/airflow/example_dags/plugins/listener_plugin.py for tasks to queue
[2025-08-19T17:02:16.370+0200] {logging_mixin.py:188} INFO - [2025-08-19T17:02:16.370+0200] {dagbag.py:545} INFO - Filling up the DagBag from /Users/ehabhasan/.venvs/airflow310/lib/python3.10/site-packages/airflow/example_dags/plugins/listener_plugin.py
[2025-08-19T17:02:16.370+0200] {processor.py:842} WARNING - No viable dags retrieved from /Users/ehabhasan/.venvs/airflow310/lib/python3.10/site-packages/airflow/example_dags/plugins/listener_plugin.py
[2025-08-19T17:02:16.399+0200] {processor.py:183} INFO - Processing /Users/ehabhasan/.venvs/airflow310/lib/python3.10/site-packages/airflow/example_dags/plugins/listener_plugin.py took 0.032 seconds
[2025-08-19T17:03:04.138+0200] {processor.py:161} INFO - Started process (PID=8353) to work on /Users/ehabhasan/.venvs/airflow310/lib/python3.10/site-packages/airflow/example_dags/plugins/listener_plugin.py
[2025-08-19T17:03:04.138+0200] {processor.py:830} INFO - Processing file /Users/ehabhasan/.venvs/airflow310/lib/python3.10/site-packages/airflow/example_dags/plugins/listener_plugin.py for tasks to queue
[2025-08-19T17:03:04.138+0200] {logging_mixin.py:188} INFO - [2025-08-19T17:03:04.138+0200] {dagbag.py:545} INFO - Filling up the DagBag from /Users/ehabhasan/.venvs/airflow310/lib/python3.10/site-packages/airflow/example_dags/plugins/listener_plugin.py
[2025-08-19T17:03:04.139+0200] {processor.py:842} WARNING - No viable dags retrieved from /Users/ehabhasan/.venvs/airflow310/lib/python3.10/site-packages/airflow/example_dags/plugins/listener_plugin.py
[2025-08-19T17:03:04.168+0200] {processor.py:183} INFO - Processing /Users/ehabhasan/.venvs/airflow310/lib/python3.10/site-packages/airflow/example_dags/plugins/listener_plugin.py took 0.033 seconds
[2025-08-19T17:03:51.672+0200] {processor.py:161} INFO - Started process (PID=8794) to work on /Users/ehabhasan/.venvs/airflow310/lib/python3.10/site-packages/airflow/example_dags/plugins/listener_plugin.py
[2025-08-19T17:03:51.672+0200] {processor.py:830} INFO - Processing file /Users/ehabhasan/.venvs/airflow310/lib/python3.10/site-packages/airflow/example_dags/plugins/listener_plugin.py for tasks to queue
[2025-08-19T17:03:51.672+0200] {logging_mixin.py:188} INFO - [2025-08-19T17:03:51.672+0200] {dagbag.py:545} INFO - Filling up the DagBag from /Users/ehabhasan/.venvs/airflow310/lib/python3.10/site-packages/airflow/example_dags/plugins/listener_plugin.py
[2025-08-19T17:03:51.673+0200] {processor.py:842} WARNING - No viable dags retrieved from /Users/ehabhasan/.venvs/airflow310/lib/python3.10/site-packages/airflow/example_dags/plugins/listener_plugin.py
[2025-08-19T17:03:51.702+0200] {processor.py:183} INFO - Processing /Users/ehabhasan/.venvs/airflow310/lib/python3.10/site-packages/airflow/example_dags/plugins/listener_plugin.py took 0.033 seconds
[2025-08-19T17:04:41.830+0200] {processor.py:161} INFO - Started process (PID=8951) to work on /Users/ehabhasan/.venvs/airflow310/lib/python3.10/site-packages/airflow/example_dags/plugins/listener_plugin.py
[2025-08-19T17:04:41.830+0200] {processor.py:830} INFO - Processing file /Users/ehabhasan/.venvs/airflow310/lib/python3.10/site-packages/airflow/example_dags/plugins/listener_plugin.py for tasks to queue
[2025-08-19T17:04:41.830+0200] {logging_mixin.py:188} INFO - [2025-08-19T17:04:41.830+0200] {dagbag.py:545} INFO - Filling up the DagBag from /Users/ehabhasan/.venvs/airflow310/lib/python3.10/site-packages/airflow/example_dags/plugins/listener_plugin.py
[2025-08-19T17:04:41.831+0200] {processor.py:842} WARNING - No viable dags retrieved from /Users/ehabhasan/.venvs/airflow310/lib/python3.10/site-packages/airflow/example_dags/plugins/listener_plugin.py
[2025-08-19T17:04:41.860+0200] {processor.py:183} INFO - Processing /Users/ehabhasan/.venvs/airflow310/lib/python3.10/site-packages/airflow/example_dags/plugins/listener_plugin.py took 0.032 seconds
[2025-08-19T17:05:33.873+0200] {processor.py:161} INFO - Started process (PID=9285) to work on /Users/ehabhasan/.venvs/airflow310/lib/python3.10/site-packages/airflow/example_dags/plugins/listener_plugin.py
[2025-08-19T17:05:33.873+0200] {processor.py:830} INFO - Processing file /Users/ehabhasan/.venvs/airflow310/lib/python3.10/site-packages/airflow/example_dags/plugins/listener_plugin.py for tasks to queue
[2025-08-19T17:05:33.873+0200] {logging_mixin.py:188} INFO - [2025-08-19T17:05:33.873+0200] {dagbag.py:545} INFO - Filling up the DagBag from /Users/ehabhasan/.venvs/airflow310/lib/python3.10/site-packages/airflow/example_dags/plugins/listener_plugin.py
[2025-08-19T17:05:33.874+0200] {processor.py:842} WARNING - No viable dags retrieved from /Users/ehabhasan/.venvs/airflow310/lib/python3.10/site-packages/airflow/example_dags/plugins/listener_plugin.py
[2025-08-19T17:05:33.903+0200] {processor.py:183} INFO - Processing /Users/ehabhasan/.venvs/airflow310/lib/python3.10/site-packages/airflow/example_dags/plugins/listener_plugin.py took 0.032 seconds
[2025-08-19T17:06:26.090+0200] {processor.py:161} INFO - Started process (PID=9442) to work on /Users/ehabhasan/.venvs/airflow310/lib/python3.10/site-packages/airflow/example_dags/plugins/listener_plugin.py
[2025-08-19T17:06:26.090+0200] {processor.py:830} INFO - Processing file /Users/ehabhasan/.venvs/airflow310/lib/python3.10/site-packages/airflow/example_dags/plugins/listener_plugin.py for tasks to queue
[2025-08-19T17:06:26.090+0200] {logging_mixin.py:188} INFO - [2025-08-19T17:06:26.090+0200] {dagbag.py:545} INFO - Filling up the DagBag from /Users/ehabhasan/.venvs/airflow310/lib/python3.10/site-packages/airflow/example_dags/plugins/listener_plugin.py
[2025-08-19T17:06:26.091+0200] {processor.py:842} WARNING - No viable dags retrieved from /Users/ehabhasan/.venvs/airflow310/lib/python3.10/site-packages/airflow/example_dags/plugins/listener_plugin.py
[2025-08-19T17:06:26.121+0200] {processor.py:183} INFO - Processing /Users/ehabhasan/.venvs/airflow310/lib/python3.10/site-packages/airflow/example_dags/plugins/listener_plugin.py took 0.033 seconds
[2025-08-19T17:07:21.889+0200] {processor.py:161} INFO - Started process (PID=10089) to work on /Users/ehabhasan/.venvs/airflow310/lib/python3.10/site-packages/airflow/example_dags/plugins/listener_plugin.py
[2025-08-19T17:07:21.890+0200] {processor.py:830} INFO - Processing file /Users/ehabhasan/.venvs/airflow310/lib/python3.10/site-packages/airflow/example_dags/plugins/listener_plugin.py for tasks to queue
[2025-08-19T17:07:21.890+0200] {logging_mixin.py:188} INFO - [2025-08-19T17:07:21.890+0200] {dagbag.py:545} INFO - Filling up the DagBag from /Users/ehabhasan/.venvs/airflow310/lib/python3.10/site-packages/airflow/example_dags/plugins/listener_plugin.py
[2025-08-19T17:07:21.890+0200] {processor.py:842} WARNING - No viable dags retrieved from /Users/ehabhasan/.venvs/airflow310/lib/python3.10/site-packages/airflow/example_dags/plugins/listener_plugin.py
[2025-08-19T17:07:21.920+0200] {processor.py:183} INFO - Processing /Users/ehabhasan/.venvs/airflow310/lib/python3.10/site-packages/airflow/example_dags/plugins/listener_plugin.py took 0.032 seconds
[2025-08-19T17:08:13.765+0200] {processor.py:161} INFO - Started process (PID=10136) to work on /Users/ehabhasan/.venvs/airflow310/lib/python3.10/site-packages/airflow/example_dags/plugins/listener_plugin.py
[2025-08-19T17:08:13.766+0200] {processor.py:830} INFO - Processing file /Users/ehabhasan/.venvs/airflow310/lib/python3.10/site-packages/airflow/example_dags/plugins/listener_plugin.py for tasks to queue
[2025-08-19T17:08:13.766+0200] {logging_mixin.py:188} INFO - [2025-08-19T17:08:13.766+0200] {dagbag.py:545} INFO - Filling up the DagBag from /Users/ehabhasan/.venvs/airflow310/lib/python3.10/site-packages/airflow/example_dags/plugins/listener_plugin.py
[2025-08-19T17:08:13.767+0200] {processor.py:842} WARNING - No viable dags retrieved from /Users/ehabhasan/.venvs/airflow310/lib/python3.10/site-packages/airflow/example_dags/plugins/listener_plugin.py
[2025-08-19T17:08:13.801+0200] {processor.py:183} INFO - Processing /Users/ehabhasan/.venvs/airflow310/lib/python3.10/site-packages/airflow/example_dags/plugins/listener_plugin.py took 0.037 seconds
[2025-08-19T17:09:10.607+0200] {processor.py:161} INFO - Started process (PID=10197) to work on /Users/ehabhasan/.venvs/airflow310/lib/python3.10/site-packages/airflow/example_dags/plugins/listener_plugin.py
[2025-08-19T17:09:10.607+0200] {processor.py:830} INFO - Processing file /Users/ehabhasan/.venvs/airflow310/lib/python3.10/site-packages/airflow/example_dags/plugins/listener_plugin.py for tasks to queue
[2025-08-19T17:09:10.607+0200] {logging_mixin.py:188} INFO - [2025-08-19T17:09:10.607+0200] {dagbag.py:545} INFO - Filling up the DagBag from /Users/ehabhasan/.venvs/airflow310/lib/python3.10/site-packages/airflow/example_dags/plugins/listener_plugin.py
[2025-08-19T17:09:10.608+0200] {processor.py:842} WARNING - No viable dags retrieved from /Users/ehabhasan/.venvs/airflow310/lib/python3.10/site-packages/airflow/example_dags/plugins/listener_plugin.py
[2025-08-19T17:09:10.638+0200] {processor.py:183} INFO - Processing /Users/ehabhasan/.venvs/airflow310/lib/python3.10/site-packages/airflow/example_dags/plugins/listener_plugin.py took 0.033 seconds
[2025-08-19T17:10:06.194+0200] {processor.py:161} INFO - Started process (PID=10256) to work on /Users/ehabhasan/.venvs/airflow310/lib/python3.10/site-packages/airflow/example_dags/plugins/listener_plugin.py
[2025-08-19T17:10:06.194+0200] {processor.py:830} INFO - Processing file /Users/ehabhasan/.venvs/airflow310/lib/python3.10/site-packages/airflow/example_dags/plugins/listener_plugin.py for tasks to queue
[2025-08-19T17:10:06.195+0200] {logging_mixin.py:188} INFO - [2025-08-19T17:10:06.195+0200] {dagbag.py:545} INFO - Filling up the DagBag from /Users/ehabhasan/.venvs/airflow310/lib/python3.10/site-packages/airflow/example_dags/plugins/listener_plugin.py
[2025-08-19T17:10:06.195+0200] {processor.py:842} WARNING - No viable dags retrieved from /Users/ehabhasan/.venvs/airflow310/lib/python3.10/site-packages/airflow/example_dags/plugins/listener_plugin.py
[2025-08-19T17:10:06.225+0200] {processor.py:183} INFO - Processing /Users/ehabhasan/.venvs/airflow310/lib/python3.10/site-packages/airflow/example_dags/plugins/listener_plugin.py took 0.033 seconds
[2025-08-19T17:10:57.406+0200] {processor.py:161} INFO - Started process (PID=10297) to work on /Users/ehabhasan/.venvs/airflow310/lib/python3.10/site-packages/airflow/example_dags/plugins/listener_plugin.py
[2025-08-19T17:10:57.406+0200] {processor.py:830} INFO - Processing file /Users/ehabhasan/.venvs/airflow310/lib/python3.10/site-packages/airflow/example_dags/plugins/listener_plugin.py for tasks to queue
[2025-08-19T17:10:57.407+0200] {logging_mixin.py:188} INFO - [2025-08-19T17:10:57.406+0200] {dagbag.py:545} INFO - Filling up the DagBag from /Users/ehabhasan/.venvs/airflow310/lib/python3.10/site-packages/airflow/example_dags/plugins/listener_plugin.py
[2025-08-19T17:10:57.408+0200] {processor.py:842} WARNING - No viable dags retrieved from /Users/ehabhasan/.venvs/airflow310/lib/python3.10/site-packages/airflow/example_dags/plugins/listener_plugin.py
[2025-08-19T17:10:57.443+0200] {processor.py:183} INFO - Processing /Users/ehabhasan/.venvs/airflow310/lib/python3.10/site-packages/airflow/example_dags/plugins/listener_plugin.py took 0.040 seconds
[2025-08-19T17:11:50.872+0200] {processor.py:161} INFO - Started process (PID=10332) to work on /Users/ehabhasan/.venvs/airflow310/lib/python3.10/site-packages/airflow/example_dags/plugins/listener_plugin.py
[2025-08-19T17:11:50.872+0200] {processor.py:830} INFO - Processing file /Users/ehabhasan/.venvs/airflow310/lib/python3.10/site-packages/airflow/example_dags/plugins/listener_plugin.py for tasks to queue
[2025-08-19T17:11:50.872+0200] {logging_mixin.py:188} INFO - [2025-08-19T17:11:50.872+0200] {dagbag.py:545} INFO - Filling up the DagBag from /Users/ehabhasan/.venvs/airflow310/lib/python3.10/site-packages/airflow/example_dags/plugins/listener_plugin.py
[2025-08-19T17:11:50.873+0200] {processor.py:842} WARNING - No viable dags retrieved from /Users/ehabhasan/.venvs/airflow310/lib/python3.10/site-packages/airflow/example_dags/plugins/listener_plugin.py
[2025-08-19T17:11:50.903+0200] {processor.py:183} INFO - Processing /Users/ehabhasan/.venvs/airflow310/lib/python3.10/site-packages/airflow/example_dags/plugins/listener_plugin.py took 0.033 seconds
[2025-08-19T17:12:49.368+0200] {processor.py:161} INFO - Started process (PID=10387) to work on /Users/ehabhasan/.venvs/airflow310/lib/python3.10/site-packages/airflow/example_dags/plugins/listener_plugin.py
[2025-08-19T17:12:49.368+0200] {processor.py:830} INFO - Processing file /Users/ehabhasan/.venvs/airflow310/lib/python3.10/site-packages/airflow/example_dags/plugins/listener_plugin.py for tasks to queue
[2025-08-19T17:12:49.369+0200] {logging_mixin.py:188} INFO - [2025-08-19T17:12:49.369+0200] {dagbag.py:545} INFO - Filling up the DagBag from /Users/ehabhasan/.venvs/airflow310/lib/python3.10/site-packages/airflow/example_dags/plugins/listener_plugin.py
[2025-08-19T17:12:49.369+0200] {processor.py:842} WARNING - No viable dags retrieved from /Users/ehabhasan/.venvs/airflow310/lib/python3.10/site-packages/airflow/example_dags/plugins/listener_plugin.py
[2025-08-19T17:12:49.398+0200] {processor.py:183} INFO - Processing /Users/ehabhasan/.venvs/airflow310/lib/python3.10/site-packages/airflow/example_dags/plugins/listener_plugin.py took 0.031 seconds
[2025-08-19T17:13:44.381+0200] {processor.py:161} INFO - Started process (PID=10429) to work on /Users/ehabhasan/.venvs/airflow310/lib/python3.10/site-packages/airflow/example_dags/plugins/listener_plugin.py
[2025-08-19T17:13:44.382+0200] {processor.py:830} INFO - Processing file /Users/ehabhasan/.venvs/airflow310/lib/python3.10/site-packages/airflow/example_dags/plugins/listener_plugin.py for tasks to queue
[2025-08-19T17:13:44.382+0200] {logging_mixin.py:188} INFO - [2025-08-19T17:13:44.382+0200] {dagbag.py:545} INFO - Filling up the DagBag from /Users/ehabhasan/.venvs/airflow310/lib/python3.10/site-packages/airflow/example_dags/plugins/listener_plugin.py
[2025-08-19T17:13:44.383+0200] {processor.py:842} WARNING - No viable dags retrieved from /Users/ehabhasan/.venvs/airflow310/lib/python3.10/site-packages/airflow/example_dags/plugins/listener_plugin.py
[2025-08-19T17:13:44.412+0200] {processor.py:183} INFO - Processing /Users/ehabhasan/.venvs/airflow310/lib/python3.10/site-packages/airflow/example_dags/plugins/listener_plugin.py took 0.032 seconds
[2025-08-19T17:14:41.230+0200] {processor.py:161} INFO - Started process (PID=10504) to work on /Users/ehabhasan/.venvs/airflow310/lib/python3.10/site-packages/airflow/example_dags/plugins/listener_plugin.py
[2025-08-19T17:14:41.231+0200] {processor.py:830} INFO - Processing file /Users/ehabhasan/.venvs/airflow310/lib/python3.10/site-packages/airflow/example_dags/plugins/listener_plugin.py for tasks to queue
[2025-08-19T17:14:41.231+0200] {logging_mixin.py:188} INFO - [2025-08-19T17:14:41.231+0200] {dagbag.py:545} INFO - Filling up the DagBag from /Users/ehabhasan/.venvs/airflow310/lib/python3.10/site-packages/airflow/example_dags/plugins/listener_plugin.py
[2025-08-19T17:14:41.232+0200] {processor.py:842} WARNING - No viable dags retrieved from /Users/ehabhasan/.venvs/airflow310/lib/python3.10/site-packages/airflow/example_dags/plugins/listener_plugin.py
[2025-08-19T17:14:41.261+0200] {processor.py:183} INFO - Processing /Users/ehabhasan/.venvs/airflow310/lib/python3.10/site-packages/airflow/example_dags/plugins/listener_plugin.py took 0.032 seconds
[2025-08-19T17:15:36.495+0200] {processor.py:161} INFO - Started process (PID=10780) to work on /Users/ehabhasan/.venvs/airflow310/lib/python3.10/site-packages/airflow/example_dags/plugins/listener_plugin.py
[2025-08-19T17:15:36.496+0200] {processor.py:830} INFO - Processing file /Users/ehabhasan/.venvs/airflow310/lib/python3.10/site-packages/airflow/example_dags/plugins/listener_plugin.py for tasks to queue
[2025-08-19T17:15:36.496+0200] {logging_mixin.py:188} INFO - [2025-08-19T17:15:36.496+0200] {dagbag.py:545} INFO - Filling up the DagBag from /Users/ehabhasan/.venvs/airflow310/lib/python3.10/site-packages/airflow/example_dags/plugins/listener_plugin.py
[2025-08-19T17:15:36.496+0200] {processor.py:842} WARNING - No viable dags retrieved from /Users/ehabhasan/.venvs/airflow310/lib/python3.10/site-packages/airflow/example_dags/plugins/listener_plugin.py
[2025-08-19T17:15:36.526+0200] {processor.py:183} INFO - Processing /Users/ehabhasan/.venvs/airflow310/lib/python3.10/site-packages/airflow/example_dags/plugins/listener_plugin.py took 0.033 seconds
[2025-08-19T17:16:31.716+0200] {processor.py:161} INFO - Started process (PID=10823) to work on /Users/ehabhasan/.venvs/airflow310/lib/python3.10/site-packages/airflow/example_dags/plugins/listener_plugin.py
[2025-08-19T17:16:31.717+0200] {processor.py:830} INFO - Processing file /Users/ehabhasan/.venvs/airflow310/lib/python3.10/site-packages/airflow/example_dags/plugins/listener_plugin.py for tasks to queue
[2025-08-19T17:16:31.717+0200] {logging_mixin.py:188} INFO - [2025-08-19T17:16:31.717+0200] {dagbag.py:545} INFO - Filling up the DagBag from /Users/ehabhasan/.venvs/airflow310/lib/python3.10/site-packages/airflow/example_dags/plugins/listener_plugin.py
[2025-08-19T17:16:31.717+0200] {processor.py:842} WARNING - No viable dags retrieved from /Users/ehabhasan/.venvs/airflow310/lib/python3.10/site-packages/airflow/example_dags/plugins/listener_plugin.py
[2025-08-19T17:16:31.749+0200] {processor.py:183} INFO - Processing /Users/ehabhasan/.venvs/airflow310/lib/python3.10/site-packages/airflow/example_dags/plugins/listener_plugin.py took 0.034 seconds
[2025-08-19T17:17:28.752+0200] {processor.py:161} INFO - Started process (PID=11443) to work on /Users/ehabhasan/.venvs/airflow310/lib/python3.10/site-packages/airflow/example_dags/plugins/listener_plugin.py
[2025-08-19T17:17:28.753+0200] {processor.py:830} INFO - Processing file /Users/ehabhasan/.venvs/airflow310/lib/python3.10/site-packages/airflow/example_dags/plugins/listener_plugin.py for tasks to queue
[2025-08-19T17:17:28.754+0200] {logging_mixin.py:188} INFO - [2025-08-19T17:17:28.754+0200] {dagbag.py:545} INFO - Filling up the DagBag from /Users/ehabhasan/.venvs/airflow310/lib/python3.10/site-packages/airflow/example_dags/plugins/listener_plugin.py
[2025-08-19T17:17:28.755+0200] {processor.py:842} WARNING - No viable dags retrieved from /Users/ehabhasan/.venvs/airflow310/lib/python3.10/site-packages/airflow/example_dags/plugins/listener_plugin.py
[2025-08-19T17:17:28.784+0200] {processor.py:183} INFO - Processing /Users/ehabhasan/.venvs/airflow310/lib/python3.10/site-packages/airflow/example_dags/plugins/listener_plugin.py took 0.033 seconds
[2025-08-19T17:18:23.703+0200] {processor.py:161} INFO - Started process (PID=11493) to work on /Users/ehabhasan/.venvs/airflow310/lib/python3.10/site-packages/airflow/example_dags/plugins/listener_plugin.py
[2025-08-19T17:18:23.704+0200] {processor.py:830} INFO - Processing file /Users/ehabhasan/.venvs/airflow310/lib/python3.10/site-packages/airflow/example_dags/plugins/listener_plugin.py for tasks to queue
[2025-08-19T17:18:23.704+0200] {logging_mixin.py:188} INFO - [2025-08-19T17:18:23.704+0200] {dagbag.py:545} INFO - Filling up the DagBag from /Users/ehabhasan/.venvs/airflow310/lib/python3.10/site-packages/airflow/example_dags/plugins/listener_plugin.py
[2025-08-19T17:18:23.705+0200] {processor.py:842} WARNING - No viable dags retrieved from /Users/ehabhasan/.venvs/airflow310/lib/python3.10/site-packages/airflow/example_dags/plugins/listener_plugin.py
[2025-08-19T17:18:23.734+0200] {processor.py:183} INFO - Processing /Users/ehabhasan/.venvs/airflow310/lib/python3.10/site-packages/airflow/example_dags/plugins/listener_plugin.py took 0.032 seconds
[2025-08-19T17:19:18.705+0200] {processor.py:161} INFO - Started process (PID=11542) to work on /Users/ehabhasan/.venvs/airflow310/lib/python3.10/site-packages/airflow/example_dags/plugins/listener_plugin.py
[2025-08-19T17:19:18.705+0200] {processor.py:830} INFO - Processing file /Users/ehabhasan/.venvs/airflow310/lib/python3.10/site-packages/airflow/example_dags/plugins/listener_plugin.py for tasks to queue
[2025-08-19T17:19:18.705+0200] {logging_mixin.py:188} INFO - [2025-08-19T17:19:18.705+0200] {dagbag.py:545} INFO - Filling up the DagBag from /Users/ehabhasan/.venvs/airflow310/lib/python3.10/site-packages/airflow/example_dags/plugins/listener_plugin.py
[2025-08-19T17:19:18.706+0200] {processor.py:842} WARNING - No viable dags retrieved from /Users/ehabhasan/.venvs/airflow310/lib/python3.10/site-packages/airflow/example_dags/plugins/listener_plugin.py
[2025-08-19T17:19:18.735+0200] {processor.py:183} INFO - Processing /Users/ehabhasan/.venvs/airflow310/lib/python3.10/site-packages/airflow/example_dags/plugins/listener_plugin.py took 0.032 seconds
[2025-08-19T17:20:09.966+0200] {processor.py:161} INFO - Started process (PID=11596) to work on /Users/ehabhasan/.venvs/airflow310/lib/python3.10/site-packages/airflow/example_dags/plugins/listener_plugin.py
[2025-08-19T17:20:09.967+0200] {processor.py:830} INFO - Processing file /Users/ehabhasan/.venvs/airflow310/lib/python3.10/site-packages/airflow/example_dags/plugins/listener_plugin.py for tasks to queue
[2025-08-19T17:20:09.967+0200] {logging_mixin.py:188} INFO - [2025-08-19T17:20:09.967+0200] {dagbag.py:545} INFO - Filling up the DagBag from /Users/ehabhasan/.venvs/airflow310/lib/python3.10/site-packages/airflow/example_dags/plugins/listener_plugin.py
[2025-08-19T17:20:09.967+0200] {processor.py:842} WARNING - No viable dags retrieved from /Users/ehabhasan/.venvs/airflow310/lib/python3.10/site-packages/airflow/example_dags/plugins/listener_plugin.py
[2025-08-19T17:20:09.998+0200] {processor.py:183} INFO - Processing /Users/ehabhasan/.venvs/airflow310/lib/python3.10/site-packages/airflow/example_dags/plugins/listener_plugin.py took 0.033 seconds
[2025-08-19T17:20:59.986+0200] {processor.py:161} INFO - Started process (PID=11631) to work on /Users/ehabhasan/.venvs/airflow310/lib/python3.10/site-packages/airflow/example_dags/plugins/listener_plugin.py
[2025-08-19T17:20:59.986+0200] {processor.py:830} INFO - Processing file /Users/ehabhasan/.venvs/airflow310/lib/python3.10/site-packages/airflow/example_dags/plugins/listener_plugin.py for tasks to queue
[2025-08-19T17:20:59.987+0200] {logging_mixin.py:188} INFO - [2025-08-19T17:20:59.987+0200] {dagbag.py:545} INFO - Filling up the DagBag from /Users/ehabhasan/.venvs/airflow310/lib/python3.10/site-packages/airflow/example_dags/plugins/listener_plugin.py
[2025-08-19T17:20:59.987+0200] {processor.py:842} WARNING - No viable dags retrieved from /Users/ehabhasan/.venvs/airflow310/lib/python3.10/site-packages/airflow/example_dags/plugins/listener_plugin.py
[2025-08-19T17:21:00.017+0200] {processor.py:183} INFO - Processing /Users/ehabhasan/.venvs/airflow310/lib/python3.10/site-packages/airflow/example_dags/plugins/listener_plugin.py took 0.032 seconds
[2025-08-19T17:21:53.950+0200] {processor.py:161} INFO - Started process (PID=11666) to work on /Users/ehabhasan/.venvs/airflow310/lib/python3.10/site-packages/airflow/example_dags/plugins/listener_plugin.py
[2025-08-19T17:21:53.950+0200] {processor.py:830} INFO - Processing file /Users/ehabhasan/.venvs/airflow310/lib/python3.10/site-packages/airflow/example_dags/plugins/listener_plugin.py for tasks to queue
[2025-08-19T17:21:53.950+0200] {logging_mixin.py:188} INFO - [2025-08-19T17:21:53.950+0200] {dagbag.py:545} INFO - Filling up the DagBag from /Users/ehabhasan/.venvs/airflow310/lib/python3.10/site-packages/airflow/example_dags/plugins/listener_plugin.py
[2025-08-19T17:21:53.951+0200] {processor.py:842} WARNING - No viable dags retrieved from /Users/ehabhasan/.venvs/airflow310/lib/python3.10/site-packages/airflow/example_dags/plugins/listener_plugin.py
[2025-08-19T17:21:53.980+0200] {processor.py:183} INFO - Processing /Users/ehabhasan/.venvs/airflow310/lib/python3.10/site-packages/airflow/example_dags/plugins/listener_plugin.py took 0.032 seconds
[2025-08-19T17:22:50.588+0200] {processor.py:161} INFO - Started process (PID=11702) to work on /Users/ehabhasan/.venvs/airflow310/lib/python3.10/site-packages/airflow/example_dags/plugins/listener_plugin.py
[2025-08-19T17:22:50.589+0200] {processor.py:830} INFO - Processing file /Users/ehabhasan/.venvs/airflow310/lib/python3.10/site-packages/airflow/example_dags/plugins/listener_plugin.py for tasks to queue
[2025-08-19T17:22:50.589+0200] {logging_mixin.py:188} INFO - [2025-08-19T17:22:50.589+0200] {dagbag.py:545} INFO - Filling up the DagBag from /Users/ehabhasan/.venvs/airflow310/lib/python3.10/site-packages/airflow/example_dags/plugins/listener_plugin.py
[2025-08-19T17:22:50.590+0200] {processor.py:842} WARNING - No viable dags retrieved from /Users/ehabhasan/.venvs/airflow310/lib/python3.10/site-packages/airflow/example_dags/plugins/listener_plugin.py
[2025-08-19T17:22:50.619+0200] {processor.py:183} INFO - Processing /Users/ehabhasan/.venvs/airflow310/lib/python3.10/site-packages/airflow/example_dags/plugins/listener_plugin.py took 0.032 seconds
[2025-08-19T17:23:43.896+0200] {processor.py:161} INFO - Started process (PID=11742) to work on /Users/ehabhasan/.venvs/airflow310/lib/python3.10/site-packages/airflow/example_dags/plugins/listener_plugin.py
[2025-08-19T17:23:43.896+0200] {processor.py:830} INFO - Processing file /Users/ehabhasan/.venvs/airflow310/lib/python3.10/site-packages/airflow/example_dags/plugins/listener_plugin.py for tasks to queue
[2025-08-19T17:23:43.896+0200] {logging_mixin.py:188} INFO - [2025-08-19T17:23:43.896+0200] {dagbag.py:545} INFO - Filling up the DagBag from /Users/ehabhasan/.venvs/airflow310/lib/python3.10/site-packages/airflow/example_dags/plugins/listener_plugin.py
[2025-08-19T17:23:43.897+0200] {processor.py:842} WARNING - No viable dags retrieved from /Users/ehabhasan/.venvs/airflow310/lib/python3.10/site-packages/airflow/example_dags/plugins/listener_plugin.py
[2025-08-19T17:23:43.926+0200] {processor.py:183} INFO - Processing /Users/ehabhasan/.venvs/airflow310/lib/python3.10/site-packages/airflow/example_dags/plugins/listener_plugin.py took 0.032 seconds
[2025-08-19T17:24:36.082+0200] {processor.py:161} INFO - Started process (PID=11785) to work on /Users/ehabhasan/.venvs/airflow310/lib/python3.10/site-packages/airflow/example_dags/plugins/listener_plugin.py
[2025-08-19T17:24:36.083+0200] {processor.py:830} INFO - Processing file /Users/ehabhasan/.venvs/airflow310/lib/python3.10/site-packages/airflow/example_dags/plugins/listener_plugin.py for tasks to queue
[2025-08-19T17:24:36.084+0200] {logging_mixin.py:188} INFO - [2025-08-19T17:24:36.084+0200] {dagbag.py:545} INFO - Filling up the DagBag from /Users/ehabhasan/.venvs/airflow310/lib/python3.10/site-packages/airflow/example_dags/plugins/listener_plugin.py
[2025-08-19T17:24:36.085+0200] {processor.py:842} WARNING - No viable dags retrieved from /Users/ehabhasan/.venvs/airflow310/lib/python3.10/site-packages/airflow/example_dags/plugins/listener_plugin.py
[2025-08-19T17:24:36.115+0200] {processor.py:183} INFO - Processing /Users/ehabhasan/.venvs/airflow310/lib/python3.10/site-packages/airflow/example_dags/plugins/listener_plugin.py took 0.034 seconds
[2025-08-19T17:25:30.887+0200] {processor.py:161} INFO - Started process (PID=11823) to work on /Users/ehabhasan/.venvs/airflow310/lib/python3.10/site-packages/airflow/example_dags/plugins/listener_plugin.py
[2025-08-19T17:25:30.888+0200] {processor.py:830} INFO - Processing file /Users/ehabhasan/.venvs/airflow310/lib/python3.10/site-packages/airflow/example_dags/plugins/listener_plugin.py for tasks to queue
[2025-08-19T17:25:30.888+0200] {logging_mixin.py:188} INFO - [2025-08-19T17:25:30.888+0200] {dagbag.py:545} INFO - Filling up the DagBag from /Users/ehabhasan/.venvs/airflow310/lib/python3.10/site-packages/airflow/example_dags/plugins/listener_plugin.py
[2025-08-19T17:25:30.889+0200] {processor.py:842} WARNING - No viable dags retrieved from /Users/ehabhasan/.venvs/airflow310/lib/python3.10/site-packages/airflow/example_dags/plugins/listener_plugin.py
[2025-08-19T17:25:30.918+0200] {processor.py:183} INFO - Processing /Users/ehabhasan/.venvs/airflow310/lib/python3.10/site-packages/airflow/example_dags/plugins/listener_plugin.py took 0.033 seconds
[2025-08-19T17:26:23.384+0200] {processor.py:161} INFO - Started process (PID=11865) to work on /Users/ehabhasan/.venvs/airflow310/lib/python3.10/site-packages/airflow/example_dags/plugins/listener_plugin.py
[2025-08-19T17:26:23.385+0200] {processor.py:830} INFO - Processing file /Users/ehabhasan/.venvs/airflow310/lib/python3.10/site-packages/airflow/example_dags/plugins/listener_plugin.py for tasks to queue
[2025-08-19T17:26:23.385+0200] {logging_mixin.py:188} INFO - [2025-08-19T17:26:23.385+0200] {dagbag.py:545} INFO - Filling up the DagBag from /Users/ehabhasan/.venvs/airflow310/lib/python3.10/site-packages/airflow/example_dags/plugins/listener_plugin.py
[2025-08-19T17:26:23.386+0200] {processor.py:842} WARNING - No viable dags retrieved from /Users/ehabhasan/.venvs/airflow310/lib/python3.10/site-packages/airflow/example_dags/plugins/listener_plugin.py
[2025-08-19T17:26:23.416+0200] {processor.py:183} INFO - Processing /Users/ehabhasan/.venvs/airflow310/lib/python3.10/site-packages/airflow/example_dags/plugins/listener_plugin.py took 0.033 seconds
[2025-08-19T17:27:17.977+0200] {processor.py:161} INFO - Started process (PID=11904) to work on /Users/ehabhasan/.venvs/airflow310/lib/python3.10/site-packages/airflow/example_dags/plugins/listener_plugin.py
[2025-08-19T17:27:17.977+0200] {processor.py:830} INFO - Processing file /Users/ehabhasan/.venvs/airflow310/lib/python3.10/site-packages/airflow/example_dags/plugins/listener_plugin.py for tasks to queue
[2025-08-19T17:27:17.977+0200] {logging_mixin.py:188} INFO - [2025-08-19T17:27:17.977+0200] {dagbag.py:545} INFO - Filling up the DagBag from /Users/ehabhasan/.venvs/airflow310/lib/python3.10/site-packages/airflow/example_dags/plugins/listener_plugin.py
[2025-08-19T17:27:17.978+0200] {processor.py:842} WARNING - No viable dags retrieved from /Users/ehabhasan/.venvs/airflow310/lib/python3.10/site-packages/airflow/example_dags/plugins/listener_plugin.py
[2025-08-19T17:27:18.007+0200] {processor.py:183} INFO - Processing /Users/ehabhasan/.venvs/airflow310/lib/python3.10/site-packages/airflow/example_dags/plugins/listener_plugin.py took 0.032 seconds
[2025-08-19T17:28:12.441+0200] {processor.py:161} INFO - Started process (PID=11953) to work on /Users/ehabhasan/.venvs/airflow310/lib/python3.10/site-packages/airflow/example_dags/plugins/listener_plugin.py
[2025-08-19T17:28:12.442+0200] {processor.py:830} INFO - Processing file /Users/ehabhasan/.venvs/airflow310/lib/python3.10/site-packages/airflow/example_dags/plugins/listener_plugin.py for tasks to queue
[2025-08-19T17:28:12.442+0200] {logging_mixin.py:188} INFO - [2025-08-19T17:28:12.442+0200] {dagbag.py:545} INFO - Filling up the DagBag from /Users/ehabhasan/.venvs/airflow310/lib/python3.10/site-packages/airflow/example_dags/plugins/listener_plugin.py
[2025-08-19T17:28:12.443+0200] {processor.py:842} WARNING - No viable dags retrieved from /Users/ehabhasan/.venvs/airflow310/lib/python3.10/site-packages/airflow/example_dags/plugins/listener_plugin.py
[2025-08-19T17:28:12.473+0200] {processor.py:183} INFO - Processing /Users/ehabhasan/.venvs/airflow310/lib/python3.10/site-packages/airflow/example_dags/plugins/listener_plugin.py took 0.034 seconds
[2025-08-19T17:29:07.296+0200] {processor.py:161} INFO - Started process (PID=11992) to work on /Users/ehabhasan/.venvs/airflow310/lib/python3.10/site-packages/airflow/example_dags/plugins/listener_plugin.py
[2025-08-19T17:29:07.296+0200] {processor.py:830} INFO - Processing file /Users/ehabhasan/.venvs/airflow310/lib/python3.10/site-packages/airflow/example_dags/plugins/listener_plugin.py for tasks to queue
[2025-08-19T17:29:07.296+0200] {logging_mixin.py:188} INFO - [2025-08-19T17:29:07.296+0200] {dagbag.py:545} INFO - Filling up the DagBag from /Users/ehabhasan/.venvs/airflow310/lib/python3.10/site-packages/airflow/example_dags/plugins/listener_plugin.py
[2025-08-19T17:29:07.297+0200] {processor.py:842} WARNING - No viable dags retrieved from /Users/ehabhasan/.venvs/airflow310/lib/python3.10/site-packages/airflow/example_dags/plugins/listener_plugin.py
[2025-08-19T17:29:07.325+0200] {processor.py:183} INFO - Processing /Users/ehabhasan/.venvs/airflow310/lib/python3.10/site-packages/airflow/example_dags/plugins/listener_plugin.py took 0.031 seconds
[2025-08-19T17:30:04.957+0200] {processor.py:161} INFO - Started process (PID=12679) to work on /Users/ehabhasan/.venvs/airflow310/lib/python3.10/site-packages/airflow/example_dags/plugins/listener_plugin.py
[2025-08-19T17:30:04.958+0200] {processor.py:830} INFO - Processing file /Users/ehabhasan/.venvs/airflow310/lib/python3.10/site-packages/airflow/example_dags/plugins/listener_plugin.py for tasks to queue
[2025-08-19T17:30:04.958+0200] {logging_mixin.py:188} INFO - [2025-08-19T17:30:04.958+0200] {dagbag.py:545} INFO - Filling up the DagBag from /Users/ehabhasan/.venvs/airflow310/lib/python3.10/site-packages/airflow/example_dags/plugins/listener_plugin.py
[2025-08-19T17:30:04.959+0200] {processor.py:842} WARNING - No viable dags retrieved from /Users/ehabhasan/.venvs/airflow310/lib/python3.10/site-packages/airflow/example_dags/plugins/listener_plugin.py
[2025-08-19T17:30:04.989+0200] {processor.py:183} INFO - Processing /Users/ehabhasan/.venvs/airflow310/lib/python3.10/site-packages/airflow/example_dags/plugins/listener_plugin.py took 0.034 seconds
[2025-08-19T17:30:58.989+0200] {processor.py:161} INFO - Started process (PID=13921) to work on /Users/ehabhasan/.venvs/airflow310/lib/python3.10/site-packages/airflow/example_dags/plugins/listener_plugin.py
[2025-08-19T17:30:58.990+0200] {processor.py:830} INFO - Processing file /Users/ehabhasan/.venvs/airflow310/lib/python3.10/site-packages/airflow/example_dags/plugins/listener_plugin.py for tasks to queue
[2025-08-19T17:30:58.990+0200] {logging_mixin.py:188} INFO - [2025-08-19T17:30:58.990+0200] {dagbag.py:545} INFO - Filling up the DagBag from /Users/ehabhasan/.venvs/airflow310/lib/python3.10/site-packages/airflow/example_dags/plugins/listener_plugin.py
[2025-08-19T17:30:58.992+0200] {processor.py:842} WARNING - No viable dags retrieved from /Users/ehabhasan/.venvs/airflow310/lib/python3.10/site-packages/airflow/example_dags/plugins/listener_plugin.py
[2025-08-19T17:30:59.021+0200] {processor.py:183} INFO - Processing /Users/ehabhasan/.venvs/airflow310/lib/python3.10/site-packages/airflow/example_dags/plugins/listener_plugin.py took 0.034 seconds
[2025-08-19T17:31:55.869+0200] {processor.py:161} INFO - Started process (PID=13957) to work on /Users/ehabhasan/.venvs/airflow310/lib/python3.10/site-packages/airflow/example_dags/plugins/listener_plugin.py
[2025-08-19T17:31:55.870+0200] {processor.py:830} INFO - Processing file /Users/ehabhasan/.venvs/airflow310/lib/python3.10/site-packages/airflow/example_dags/plugins/listener_plugin.py for tasks to queue
[2025-08-19T17:31:55.870+0200] {logging_mixin.py:188} INFO - [2025-08-19T17:31:55.870+0200] {dagbag.py:545} INFO - Filling up the DagBag from /Users/ehabhasan/.venvs/airflow310/lib/python3.10/site-packages/airflow/example_dags/plugins/listener_plugin.py
[2025-08-19T17:31:55.871+0200] {processor.py:842} WARNING - No viable dags retrieved from /Users/ehabhasan/.venvs/airflow310/lib/python3.10/site-packages/airflow/example_dags/plugins/listener_plugin.py
[2025-08-19T17:31:55.900+0200] {processor.py:183} INFO - Processing /Users/ehabhasan/.venvs/airflow310/lib/python3.10/site-packages/airflow/example_dags/plugins/listener_plugin.py took 0.032 seconds
[2025-08-19T17:32:51.839+0200] {processor.py:161} INFO - Started process (PID=14169) to work on /Users/ehabhasan/.venvs/airflow310/lib/python3.10/site-packages/airflow/example_dags/plugins/listener_plugin.py
[2025-08-19T17:32:51.839+0200] {processor.py:830} INFO - Processing file /Users/ehabhasan/.venvs/airflow310/lib/python3.10/site-packages/airflow/example_dags/plugins/listener_plugin.py for tasks to queue
[2025-08-19T17:32:51.839+0200] {logging_mixin.py:188} INFO - [2025-08-19T17:32:51.839+0200] {dagbag.py:545} INFO - Filling up the DagBag from /Users/ehabhasan/.venvs/airflow310/lib/python3.10/site-packages/airflow/example_dags/plugins/listener_plugin.py
[2025-08-19T17:32:51.840+0200] {processor.py:842} WARNING - No viable dags retrieved from /Users/ehabhasan/.venvs/airflow310/lib/python3.10/site-packages/airflow/example_dags/plugins/listener_plugin.py
[2025-08-19T17:32:51.870+0200] {processor.py:183} INFO - Processing /Users/ehabhasan/.venvs/airflow310/lib/python3.10/site-packages/airflow/example_dags/plugins/listener_plugin.py took 0.033 seconds
[2025-08-19T17:33:46.502+0200] {processor.py:161} INFO - Started process (PID=14221) to work on /Users/ehabhasan/.venvs/airflow310/lib/python3.10/site-packages/airflow/example_dags/plugins/listener_plugin.py
[2025-08-19T17:33:46.503+0200] {processor.py:830} INFO - Processing file /Users/ehabhasan/.venvs/airflow310/lib/python3.10/site-packages/airflow/example_dags/plugins/listener_plugin.py for tasks to queue
[2025-08-19T17:33:46.503+0200] {logging_mixin.py:188} INFO - [2025-08-19T17:33:46.503+0200] {dagbag.py:545} INFO - Filling up the DagBag from /Users/ehabhasan/.venvs/airflow310/lib/python3.10/site-packages/airflow/example_dags/plugins/listener_plugin.py
[2025-08-19T17:33:46.503+0200] {processor.py:842} WARNING - No viable dags retrieved from /Users/ehabhasan/.venvs/airflow310/lib/python3.10/site-packages/airflow/example_dags/plugins/listener_plugin.py
[2025-08-19T17:33:46.534+0200] {processor.py:183} INFO - Processing /Users/ehabhasan/.venvs/airflow310/lib/python3.10/site-packages/airflow/example_dags/plugins/listener_plugin.py took 0.033 seconds
[2025-08-19T17:34:38.724+0200] {processor.py:161} INFO - Started process (PID=14267) to work on /Users/ehabhasan/.venvs/airflow310/lib/python3.10/site-packages/airflow/example_dags/plugins/listener_plugin.py
[2025-08-19T17:34:38.724+0200] {processor.py:830} INFO - Processing file /Users/ehabhasan/.venvs/airflow310/lib/python3.10/site-packages/airflow/example_dags/plugins/listener_plugin.py for tasks to queue
[2025-08-19T17:34:38.724+0200] {logging_mixin.py:188} INFO - [2025-08-19T17:34:38.724+0200] {dagbag.py:545} INFO - Filling up the DagBag from /Users/ehabhasan/.venvs/airflow310/lib/python3.10/site-packages/airflow/example_dags/plugins/listener_plugin.py
[2025-08-19T17:34:38.725+0200] {processor.py:842} WARNING - No viable dags retrieved from /Users/ehabhasan/.venvs/airflow310/lib/python3.10/site-packages/airflow/example_dags/plugins/listener_plugin.py
[2025-08-19T17:34:38.755+0200] {processor.py:183} INFO - Processing /Users/ehabhasan/.venvs/airflow310/lib/python3.10/site-packages/airflow/example_dags/plugins/listener_plugin.py took 0.032 seconds
[2025-08-19T17:35:33.351+0200] {processor.py:161} INFO - Started process (PID=14398) to work on /Users/ehabhasan/.venvs/airflow310/lib/python3.10/site-packages/airflow/example_dags/plugins/listener_plugin.py
[2025-08-19T17:35:33.352+0200] {processor.py:830} INFO - Processing file /Users/ehabhasan/.venvs/airflow310/lib/python3.10/site-packages/airflow/example_dags/plugins/listener_plugin.py for tasks to queue
[2025-08-19T17:35:33.352+0200] {logging_mixin.py:188} INFO - [2025-08-19T17:35:33.352+0200] {dagbag.py:545} INFO - Filling up the DagBag from /Users/ehabhasan/.venvs/airflow310/lib/python3.10/site-packages/airflow/example_dags/plugins/listener_plugin.py
[2025-08-19T17:35:33.353+0200] {processor.py:842} WARNING - No viable dags retrieved from /Users/ehabhasan/.venvs/airflow310/lib/python3.10/site-packages/airflow/example_dags/plugins/listener_plugin.py
[2025-08-19T17:35:33.384+0200] {processor.py:183} INFO - Processing /Users/ehabhasan/.venvs/airflow310/lib/python3.10/site-packages/airflow/example_dags/plugins/listener_plugin.py took 0.035 seconds
[2025-08-19T17:36:31.812+0200] {processor.py:161} INFO - Started process (PID=14477) to work on /Users/ehabhasan/.venvs/airflow310/lib/python3.10/site-packages/airflow/example_dags/plugins/listener_plugin.py
[2025-08-19T17:36:31.812+0200] {processor.py:830} INFO - Processing file /Users/ehabhasan/.venvs/airflow310/lib/python3.10/site-packages/airflow/example_dags/plugins/listener_plugin.py for tasks to queue
[2025-08-19T17:36:31.813+0200] {logging_mixin.py:188} INFO - [2025-08-19T17:36:31.812+0200] {dagbag.py:545} INFO - Filling up the DagBag from /Users/ehabhasan/.venvs/airflow310/lib/python3.10/site-packages/airflow/example_dags/plugins/listener_plugin.py
[2025-08-19T17:36:31.813+0200] {processor.py:842} WARNING - No viable dags retrieved from /Users/ehabhasan/.venvs/airflow310/lib/python3.10/site-packages/airflow/example_dags/plugins/listener_plugin.py
[2025-08-19T17:36:31.843+0200] {processor.py:183} INFO - Processing /Users/ehabhasan/.venvs/airflow310/lib/python3.10/site-packages/airflow/example_dags/plugins/listener_plugin.py took 0.033 seconds
[2025-08-19T17:37:28.593+0200] {processor.py:161} INFO - Started process (PID=14551) to work on /Users/ehabhasan/.venvs/airflow310/lib/python3.10/site-packages/airflow/example_dags/plugins/listener_plugin.py
[2025-08-19T17:37:28.594+0200] {processor.py:830} INFO - Processing file /Users/ehabhasan/.venvs/airflow310/lib/python3.10/site-packages/airflow/example_dags/plugins/listener_plugin.py for tasks to queue
[2025-08-19T17:37:28.594+0200] {logging_mixin.py:188} INFO - [2025-08-19T17:37:28.594+0200] {dagbag.py:545} INFO - Filling up the DagBag from /Users/ehabhasan/.venvs/airflow310/lib/python3.10/site-packages/airflow/example_dags/plugins/listener_plugin.py
[2025-08-19T17:37:28.594+0200] {processor.py:842} WARNING - No viable dags retrieved from /Users/ehabhasan/.venvs/airflow310/lib/python3.10/site-packages/airflow/example_dags/plugins/listener_plugin.py
[2025-08-19T17:37:28.624+0200] {processor.py:183} INFO - Processing /Users/ehabhasan/.venvs/airflow310/lib/python3.10/site-packages/airflow/example_dags/plugins/listener_plugin.py took 0.032 seconds
[2025-08-19T17:38:26.868+0200] {processor.py:161} INFO - Started process (PID=14697) to work on /Users/ehabhasan/.venvs/airflow310/lib/python3.10/site-packages/airflow/example_dags/plugins/listener_plugin.py
[2025-08-19T17:38:26.869+0200] {processor.py:830} INFO - Processing file /Users/ehabhasan/.venvs/airflow310/lib/python3.10/site-packages/airflow/example_dags/plugins/listener_plugin.py for tasks to queue
[2025-08-19T17:38:26.869+0200] {logging_mixin.py:188} INFO - [2025-08-19T17:38:26.869+0200] {dagbag.py:545} INFO - Filling up the DagBag from /Users/ehabhasan/.venvs/airflow310/lib/python3.10/site-packages/airflow/example_dags/plugins/listener_plugin.py
[2025-08-19T17:38:26.869+0200] {processor.py:842} WARNING - No viable dags retrieved from /Users/ehabhasan/.venvs/airflow310/lib/python3.10/site-packages/airflow/example_dags/plugins/listener_plugin.py
[2025-08-19T17:38:26.899+0200] {processor.py:183} INFO - Processing /Users/ehabhasan/.venvs/airflow310/lib/python3.10/site-packages/airflow/example_dags/plugins/listener_plugin.py took 0.032 seconds
[2025-08-19T17:39:29.188+0200] {processor.py:161} INFO - Started process (PID=14758) to work on /Users/ehabhasan/.venvs/airflow310/lib/python3.10/site-packages/airflow/example_dags/plugins/listener_plugin.py
[2025-08-19T17:39:29.188+0200] {processor.py:830} INFO - Processing file /Users/ehabhasan/.venvs/airflow310/lib/python3.10/site-packages/airflow/example_dags/plugins/listener_plugin.py for tasks to queue
[2025-08-19T17:39:29.188+0200] {logging_mixin.py:188} INFO - [2025-08-19T17:39:29.188+0200] {dagbag.py:545} INFO - Filling up the DagBag from /Users/ehabhasan/.venvs/airflow310/lib/python3.10/site-packages/airflow/example_dags/plugins/listener_plugin.py
[2025-08-19T17:39:29.189+0200] {processor.py:842} WARNING - No viable dags retrieved from /Users/ehabhasan/.venvs/airflow310/lib/python3.10/site-packages/airflow/example_dags/plugins/listener_plugin.py
[2025-08-19T17:39:29.221+0200] {processor.py:183} INFO - Processing /Users/ehabhasan/.venvs/airflow310/lib/python3.10/site-packages/airflow/example_dags/plugins/listener_plugin.py took 0.035 seconds
[2025-08-19T17:40:29.163+0200] {processor.py:161} INFO - Started process (PID=14846) to work on /Users/ehabhasan/.venvs/airflow310/lib/python3.10/site-packages/airflow/example_dags/plugins/listener_plugin.py
[2025-08-19T17:40:29.164+0200] {processor.py:830} INFO - Processing file /Users/ehabhasan/.venvs/airflow310/lib/python3.10/site-packages/airflow/example_dags/plugins/listener_plugin.py for tasks to queue
[2025-08-19T17:40:29.164+0200] {logging_mixin.py:188} INFO - [2025-08-19T17:40:29.164+0200] {dagbag.py:545} INFO - Filling up the DagBag from /Users/ehabhasan/.venvs/airflow310/lib/python3.10/site-packages/airflow/example_dags/plugins/listener_plugin.py
[2025-08-19T17:40:29.164+0200] {processor.py:842} WARNING - No viable dags retrieved from /Users/ehabhasan/.venvs/airflow310/lib/python3.10/site-packages/airflow/example_dags/plugins/listener_plugin.py
[2025-08-19T17:40:29.194+0200] {processor.py:183} INFO - Processing /Users/ehabhasan/.venvs/airflow310/lib/python3.10/site-packages/airflow/example_dags/plugins/listener_plugin.py took 0.032 seconds
[2025-08-19T17:45:04.772+0200] {processor.py:161} INFO - Started process (PID=14950) to work on /Users/ehabhasan/.venvs/airflow310/lib/python3.10/site-packages/airflow/example_dags/plugins/listener_plugin.py
[2025-08-19T17:45:04.772+0200] {processor.py:830} INFO - Processing file /Users/ehabhasan/.venvs/airflow310/lib/python3.10/site-packages/airflow/example_dags/plugins/listener_plugin.py for tasks to queue
[2025-08-19T17:45:04.773+0200] {logging_mixin.py:188} INFO - [2025-08-19T17:45:04.773+0200] {dagbag.py:545} INFO - Filling up the DagBag from /Users/ehabhasan/.venvs/airflow310/lib/python3.10/site-packages/airflow/example_dags/plugins/listener_plugin.py
[2025-08-19T17:45:04.773+0200] {processor.py:842} WARNING - No viable dags retrieved from /Users/ehabhasan/.venvs/airflow310/lib/python3.10/site-packages/airflow/example_dags/plugins/listener_plugin.py
[2025-08-19T17:45:04.804+0200] {processor.py:183} INFO - Processing /Users/ehabhasan/.venvs/airflow310/lib/python3.10/site-packages/airflow/example_dags/plugins/listener_plugin.py took 0.034 seconds
[2025-08-19T17:46:05.606+0200] {processor.py:161} INFO - Started process (PID=14996) to work on /Users/ehabhasan/.venvs/airflow310/lib/python3.10/site-packages/airflow/example_dags/plugins/listener_plugin.py
[2025-08-19T17:46:05.607+0200] {processor.py:830} INFO - Processing file /Users/ehabhasan/.venvs/airflow310/lib/python3.10/site-packages/airflow/example_dags/plugins/listener_plugin.py for tasks to queue
[2025-08-19T17:46:05.607+0200] {logging_mixin.py:188} INFO - [2025-08-19T17:46:05.607+0200] {dagbag.py:545} INFO - Filling up the DagBag from /Users/ehabhasan/.venvs/airflow310/lib/python3.10/site-packages/airflow/example_dags/plugins/listener_plugin.py
[2025-08-19T17:46:05.608+0200] {processor.py:842} WARNING - No viable dags retrieved from /Users/ehabhasan/.venvs/airflow310/lib/python3.10/site-packages/airflow/example_dags/plugins/listener_plugin.py
[2025-08-19T17:46:05.637+0200] {processor.py:183} INFO - Processing /Users/ehabhasan/.venvs/airflow310/lib/python3.10/site-packages/airflow/example_dags/plugins/listener_plugin.py took 0.033 seconds
[2025-08-19T17:47:07.117+0200] {processor.py:161} INFO - Started process (PID=15053) to work on /Users/ehabhasan/.venvs/airflow310/lib/python3.10/site-packages/airflow/example_dags/plugins/listener_plugin.py
[2025-08-19T17:47:07.117+0200] {processor.py:830} INFO - Processing file /Users/ehabhasan/.venvs/airflow310/lib/python3.10/site-packages/airflow/example_dags/plugins/listener_plugin.py for tasks to queue
[2025-08-19T17:47:07.117+0200] {logging_mixin.py:188} INFO - [2025-08-19T17:47:07.117+0200] {dagbag.py:545} INFO - Filling up the DagBag from /Users/ehabhasan/.venvs/airflow310/lib/python3.10/site-packages/airflow/example_dags/plugins/listener_plugin.py
[2025-08-19T17:47:07.118+0200] {processor.py:842} WARNING - No viable dags retrieved from /Users/ehabhasan/.venvs/airflow310/lib/python3.10/site-packages/airflow/example_dags/plugins/listener_plugin.py
[2025-08-19T17:47:07.150+0200] {processor.py:183} INFO - Processing /Users/ehabhasan/.venvs/airflow310/lib/python3.10/site-packages/airflow/example_dags/plugins/listener_plugin.py took 0.036 seconds
[2025-08-19T17:48:08.333+0200] {processor.py:161} INFO - Started process (PID=15095) to work on /Users/ehabhasan/.venvs/airflow310/lib/python3.10/site-packages/airflow/example_dags/plugins/listener_plugin.py
[2025-08-19T17:48:08.334+0200] {processor.py:830} INFO - Processing file /Users/ehabhasan/.venvs/airflow310/lib/python3.10/site-packages/airflow/example_dags/plugins/listener_plugin.py for tasks to queue
[2025-08-19T17:48:08.334+0200] {logging_mixin.py:188} INFO - [2025-08-19T17:48:08.334+0200] {dagbag.py:545} INFO - Filling up the DagBag from /Users/ehabhasan/.venvs/airflow310/lib/python3.10/site-packages/airflow/example_dags/plugins/listener_plugin.py
[2025-08-19T17:48:08.334+0200] {processor.py:842} WARNING - No viable dags retrieved from /Users/ehabhasan/.venvs/airflow310/lib/python3.10/site-packages/airflow/example_dags/plugins/listener_plugin.py
[2025-08-19T17:48:08.364+0200] {processor.py:183} INFO - Processing /Users/ehabhasan/.venvs/airflow310/lib/python3.10/site-packages/airflow/example_dags/plugins/listener_plugin.py took 0.032 seconds
[2025-08-19T17:49:04.448+0200] {processor.py:161} INFO - Started process (PID=15137) to work on /Users/ehabhasan/.venvs/airflow310/lib/python3.10/site-packages/airflow/example_dags/plugins/listener_plugin.py
[2025-08-19T17:49:04.448+0200] {processor.py:830} INFO - Processing file /Users/ehabhasan/.venvs/airflow310/lib/python3.10/site-packages/airflow/example_dags/plugins/listener_plugin.py for tasks to queue
[2025-08-19T17:49:04.448+0200] {logging_mixin.py:188} INFO - [2025-08-19T17:49:04.448+0200] {dagbag.py:545} INFO - Filling up the DagBag from /Users/ehabhasan/.venvs/airflow310/lib/python3.10/site-packages/airflow/example_dags/plugins/listener_plugin.py
[2025-08-19T17:49:04.449+0200] {processor.py:842} WARNING - No viable dags retrieved from /Users/ehabhasan/.venvs/airflow310/lib/python3.10/site-packages/airflow/example_dags/plugins/listener_plugin.py
[2025-08-19T17:49:04.478+0200] {processor.py:183} INFO - Processing /Users/ehabhasan/.venvs/airflow310/lib/python3.10/site-packages/airflow/example_dags/plugins/listener_plugin.py took 0.032 seconds
[2025-08-19T17:49:57.892+0200] {processor.py:161} INFO - Started process (PID=15178) to work on /Users/ehabhasan/.venvs/airflow310/lib/python3.10/site-packages/airflow/example_dags/plugins/listener_plugin.py
[2025-08-19T17:49:57.892+0200] {processor.py:830} INFO - Processing file /Users/ehabhasan/.venvs/airflow310/lib/python3.10/site-packages/airflow/example_dags/plugins/listener_plugin.py for tasks to queue
[2025-08-19T17:49:57.893+0200] {logging_mixin.py:188} INFO - [2025-08-19T17:49:57.893+0200] {dagbag.py:545} INFO - Filling up the DagBag from /Users/ehabhasan/.venvs/airflow310/lib/python3.10/site-packages/airflow/example_dags/plugins/listener_plugin.py
[2025-08-19T17:49:57.893+0200] {processor.py:842} WARNING - No viable dags retrieved from /Users/ehabhasan/.venvs/airflow310/lib/python3.10/site-packages/airflow/example_dags/plugins/listener_plugin.py
[2025-08-19T17:49:57.924+0200] {processor.py:183} INFO - Processing /Users/ehabhasan/.venvs/airflow310/lib/python3.10/site-packages/airflow/example_dags/plugins/listener_plugin.py took 0.033 seconds
