[2025-08-19T16:47:51.550+0200] {processor.py:161} INFO - Started process (PID=7612) to work on /Users/ehabhasan/.venvs/airflow310/lib/python3.10/site-packages/airflow/example_dags/plugins/workday.py
[2025-08-19T16:47:51.550+0200] {processor.py:830} INFO - Processing file /Users/ehabhasan/.venvs/airflow310/lib/python3.10/site-packages/airflow/example_dags/plugins/workday.py for tasks to queue
[2025-08-19T16:47:51.550+0200] {logging_mixin.py:188} INFO - [2025-08-19T16:47:51.550+0200] {dagbag.py:545} INFO - Filling up the DagBag from /Users/ehabhasan/.venvs/airflow310/lib/python3.10/site-packages/airflow/example_dags/plugins/workday.py
[2025-08-19T16:47:51.551+0200] {logging_mixin.py:188} INFO - [2025-08-19T16:47:51.551+0200] {workday.py:41} WARNING - Could not import pandas. Holidays will not be considered.
[2025-08-19T16:47:51.551+0200] {processor.py:842} WARNING - No viable dags retrieved from /Users/ehabhasan/.venvs/airflow310/lib/python3.10/site-packages/airflow/example_dags/plugins/workday.py
[2025-08-19T16:47:51.580+0200] {processor.py:183} INFO - Processing /Users/ehabhasan/.venvs/airflow310/lib/python3.10/site-packages/airflow/example_dags/plugins/workday.py took 0.032 seconds
[2025-08-19T16:49:11.451+0200] {processor.py:161} INFO - Started process (PID=7674) to work on /Users/ehabhasan/.venvs/airflow310/lib/python3.10/site-packages/airflow/example_dags/plugins/workday.py
[2025-08-19T16:49:11.452+0200] {processor.py:830} INFO - Processing file /Users/ehabhasan/.venvs/airflow310/lib/python3.10/site-packages/airflow/example_dags/plugins/workday.py for tasks to queue
[2025-08-19T16:49:11.452+0200] {logging_mixin.py:188} INFO - [2025-08-19T16:49:11.452+0200] {dagbag.py:545} INFO - Filling up the DagBag from /Users/ehabhasan/.venvs/airflow310/lib/python3.10/site-packages/airflow/example_dags/plugins/workday.py
[2025-08-19T16:49:11.452+0200] {logging_mixin.py:188} INFO - [2025-08-19T16:49:11.452+0200] {workday.py:41} WARNING - Could not import pandas. Holidays will not be considered.
[2025-08-19T16:49:11.453+0200] {processor.py:842} WARNING - No viable dags retrieved from /Users/ehabhasan/.venvs/airflow310/lib/python3.10/site-packages/airflow/example_dags/plugins/workday.py
[2025-08-19T16:49:11.482+0200] {processor.py:183} INFO - Processing /Users/ehabhasan/.venvs/airflow310/lib/python3.10/site-packages/airflow/example_dags/plugins/workday.py took 0.033 seconds
[2025-08-19T16:50:00.086+0200] {processor.py:161} INFO - Started process (PID=7711) to work on /Users/ehabhasan/.venvs/airflow310/lib/python3.10/site-packages/airflow/example_dags/plugins/workday.py
[2025-08-19T16:50:00.086+0200] {processor.py:830} INFO - Processing file /Users/ehabhasan/.venvs/airflow310/lib/python3.10/site-packages/airflow/example_dags/plugins/workday.py for tasks to queue
[2025-08-19T16:50:00.087+0200] {logging_mixin.py:188} INFO - [2025-08-19T16:50:00.087+0200] {dagbag.py:545} INFO - Filling up the DagBag from /Users/ehabhasan/.venvs/airflow310/lib/python3.10/site-packages/airflow/example_dags/plugins/workday.py
[2025-08-19T16:50:00.087+0200] {logging_mixin.py:188} INFO - [2025-08-19T16:50:00.087+0200] {workday.py:41} WARNING - Could not import pandas. Holidays will not be considered.
[2025-08-19T16:50:00.087+0200] {processor.py:842} WARNING - No viable dags retrieved from /Users/ehabhasan/.venvs/airflow310/lib/python3.10/site-packages/airflow/example_dags/plugins/workday.py
[2025-08-19T16:50:00.116+0200] {processor.py:183} INFO - Processing /Users/ehabhasan/.venvs/airflow310/lib/python3.10/site-packages/airflow/example_dags/plugins/workday.py took 0.032 seconds
[2025-08-19T16:50:45.512+0200] {processor.py:161} INFO - Started process (PID=7745) to work on /Users/ehabhasan/.venvs/airflow310/lib/python3.10/site-packages/airflow/example_dags/plugins/workday.py
[2025-08-19T16:50:45.513+0200] {processor.py:830} INFO - Processing file /Users/ehabhasan/.venvs/airflow310/lib/python3.10/site-packages/airflow/example_dags/plugins/workday.py for tasks to queue
[2025-08-19T16:50:45.514+0200] {logging_mixin.py:188} INFO - [2025-08-19T16:50:45.514+0200] {dagbag.py:545} INFO - Filling up the DagBag from /Users/ehabhasan/.venvs/airflow310/lib/python3.10/site-packages/airflow/example_dags/plugins/workday.py
[2025-08-19T16:50:45.514+0200] {logging_mixin.py:188} INFO - [2025-08-19T16:50:45.514+0200] {workday.py:41} WARNING - Could not import pandas. Holidays will not be considered.
[2025-08-19T16:50:45.514+0200] {processor.py:842} WARNING - No viable dags retrieved from /Users/ehabhasan/.venvs/airflow310/lib/python3.10/site-packages/airflow/example_dags/plugins/workday.py
[2025-08-19T16:50:45.543+0200] {processor.py:183} INFO - Processing /Users/ehabhasan/.venvs/airflow310/lib/python3.10/site-packages/airflow/example_dags/plugins/workday.py took 0.033 seconds
[2025-08-19T16:51:33.627+0200] {processor.py:161} INFO - Started process (PID=7779) to work on /Users/ehabhasan/.venvs/airflow310/lib/python3.10/site-packages/airflow/example_dags/plugins/workday.py
[2025-08-19T16:51:33.627+0200] {processor.py:830} INFO - Processing file /Users/ehabhasan/.venvs/airflow310/lib/python3.10/site-packages/airflow/example_dags/plugins/workday.py for tasks to queue
[2025-08-19T16:51:33.628+0200] {logging_mixin.py:188} INFO - [2025-08-19T16:51:33.628+0200] {dagbag.py:545} INFO - Filling up the DagBag from /Users/ehabhasan/.venvs/airflow310/lib/python3.10/site-packages/airflow/example_dags/plugins/workday.py
[2025-08-19T16:51:33.628+0200] {logging_mixin.py:188} INFO - [2025-08-19T16:51:33.628+0200] {workday.py:41} WARNING - Could not import pandas. Holidays will not be considered.
[2025-08-19T16:51:33.628+0200] {processor.py:842} WARNING - No viable dags retrieved from /Users/ehabhasan/.venvs/airflow310/lib/python3.10/site-packages/airflow/example_dags/plugins/workday.py
[2025-08-19T16:51:33.657+0200] {processor.py:183} INFO - Processing /Users/ehabhasan/.venvs/airflow310/lib/python3.10/site-packages/airflow/example_dags/plugins/workday.py took 0.032 seconds
[2025-08-19T16:52:23.954+0200] {processor.py:161} INFO - Started process (PID=7817) to work on /Users/ehabhasan/.venvs/airflow310/lib/python3.10/site-packages/airflow/example_dags/plugins/workday.py
[2025-08-19T16:52:23.954+0200] {processor.py:830} INFO - Processing file /Users/ehabhasan/.venvs/airflow310/lib/python3.10/site-packages/airflow/example_dags/plugins/workday.py for tasks to queue
[2025-08-19T16:52:23.954+0200] {logging_mixin.py:188} INFO - [2025-08-19T16:52:23.954+0200] {dagbag.py:545} INFO - Filling up the DagBag from /Users/ehabhasan/.venvs/airflow310/lib/python3.10/site-packages/airflow/example_dags/plugins/workday.py
[2025-08-19T16:52:23.955+0200] {logging_mixin.py:188} INFO - [2025-08-19T16:52:23.955+0200] {workday.py:41} WARNING - Could not import pandas. Holidays will not be considered.
[2025-08-19T16:52:23.955+0200] {processor.py:842} WARNING - No viable dags retrieved from /Users/ehabhasan/.venvs/airflow310/lib/python3.10/site-packages/airflow/example_dags/plugins/workday.py
[2025-08-19T16:52:23.984+0200] {processor.py:183} INFO - Processing /Users/ehabhasan/.venvs/airflow310/lib/python3.10/site-packages/airflow/example_dags/plugins/workday.py took 0.032 seconds
[2025-08-19T16:53:13.854+0200] {processor.py:161} INFO - Started process (PID=7855) to work on /Users/ehabhasan/.venvs/airflow310/lib/python3.10/site-packages/airflow/example_dags/plugins/workday.py
[2025-08-19T16:53:13.854+0200] {processor.py:830} INFO - Processing file /Users/ehabhasan/.venvs/airflow310/lib/python3.10/site-packages/airflow/example_dags/plugins/workday.py for tasks to queue
[2025-08-19T16:53:13.855+0200] {logging_mixin.py:188} INFO - [2025-08-19T16:53:13.855+0200] {dagbag.py:545} INFO - Filling up the DagBag from /Users/ehabhasan/.venvs/airflow310/lib/python3.10/site-packages/airflow/example_dags/plugins/workday.py
[2025-08-19T16:53:13.855+0200] {logging_mixin.py:188} INFO - [2025-08-19T16:53:13.855+0200] {workday.py:41} WARNING - Could not import pandas. Holidays will not be considered.
[2025-08-19T16:53:13.855+0200] {processor.py:842} WARNING - No viable dags retrieved from /Users/ehabhasan/.venvs/airflow310/lib/python3.10/site-packages/airflow/example_dags/plugins/workday.py
[2025-08-19T16:53:13.884+0200] {processor.py:183} INFO - Processing /Users/ehabhasan/.venvs/airflow310/lib/python3.10/site-packages/airflow/example_dags/plugins/workday.py took 0.032 seconds
[2025-08-19T16:54:01.058+0200] {processor.py:161} INFO - Started process (PID=7914) to work on /Users/ehabhasan/.venvs/airflow310/lib/python3.10/site-packages/airflow/example_dags/plugins/workday.py
[2025-08-19T16:54:01.060+0200] {processor.py:830} INFO - Processing file /Users/ehabhasan/.venvs/airflow310/lib/python3.10/site-packages/airflow/example_dags/plugins/workday.py for tasks to queue
[2025-08-19T16:54:01.060+0200] {logging_mixin.py:188} INFO - [2025-08-19T16:54:01.060+0200] {dagbag.py:545} INFO - Filling up the DagBag from /Users/ehabhasan/.venvs/airflow310/lib/python3.10/site-packages/airflow/example_dags/plugins/workday.py
[2025-08-19T16:54:01.060+0200] {logging_mixin.py:188} INFO - [2025-08-19T16:54:01.060+0200] {workday.py:41} WARNING - Could not import pandas. Holidays will not be considered.
[2025-08-19T16:54:01.061+0200] {processor.py:842} WARNING - No viable dags retrieved from /Users/ehabhasan/.venvs/airflow310/lib/python3.10/site-packages/airflow/example_dags/plugins/workday.py
[2025-08-19T16:54:01.090+0200] {processor.py:183} INFO - Processing /Users/ehabhasan/.venvs/airflow310/lib/python3.10/site-packages/airflow/example_dags/plugins/workday.py took 0.033 seconds
[2025-08-19T16:54:49.566+0200] {processor.py:161} INFO - Started process (PID=7962) to work on /Users/ehabhasan/.venvs/airflow310/lib/python3.10/site-packages/airflow/example_dags/plugins/workday.py
[2025-08-19T16:54:49.567+0200] {processor.py:830} INFO - Processing file /Users/ehabhasan/.venvs/airflow310/lib/python3.10/site-packages/airflow/example_dags/plugins/workday.py for tasks to queue
[2025-08-19T16:54:49.567+0200] {logging_mixin.py:188} INFO - [2025-08-19T16:54:49.567+0200] {dagbag.py:545} INFO - Filling up the DagBag from /Users/ehabhasan/.venvs/airflow310/lib/python3.10/site-packages/airflow/example_dags/plugins/workday.py
[2025-08-19T16:54:49.568+0200] {logging_mixin.py:188} INFO - [2025-08-19T16:54:49.568+0200] {workday.py:41} WARNING - Could not import pandas. Holidays will not be considered.
[2025-08-19T16:54:49.568+0200] {processor.py:842} WARNING - No viable dags retrieved from /Users/ehabhasan/.venvs/airflow310/lib/python3.10/site-packages/airflow/example_dags/plugins/workday.py
[2025-08-19T16:54:49.596+0200] {processor.py:183} INFO - Processing /Users/ehabhasan/.venvs/airflow310/lib/python3.10/site-packages/airflow/example_dags/plugins/workday.py took 0.032 seconds
[2025-08-19T16:55:37.408+0200] {processor.py:161} INFO - Started process (PID=7996) to work on /Users/ehabhasan/.venvs/airflow310/lib/python3.10/site-packages/airflow/example_dags/plugins/workday.py
[2025-08-19T16:55:37.409+0200] {processor.py:830} INFO - Processing file /Users/ehabhasan/.venvs/airflow310/lib/python3.10/site-packages/airflow/example_dags/plugins/workday.py for tasks to queue
[2025-08-19T16:55:37.409+0200] {logging_mixin.py:188} INFO - [2025-08-19T16:55:37.409+0200] {dagbag.py:545} INFO - Filling up the DagBag from /Users/ehabhasan/.venvs/airflow310/lib/python3.10/site-packages/airflow/example_dags/plugins/workday.py
[2025-08-19T16:55:37.409+0200] {logging_mixin.py:188} INFO - [2025-08-19T16:55:37.409+0200] {workday.py:41} WARNING - Could not import pandas. Holidays will not be considered.
[2025-08-19T16:55:37.409+0200] {processor.py:842} WARNING - No viable dags retrieved from /Users/ehabhasan/.venvs/airflow310/lib/python3.10/site-packages/airflow/example_dags/plugins/workday.py
[2025-08-19T16:55:37.438+0200] {processor.py:183} INFO - Processing /Users/ehabhasan/.venvs/airflow310/lib/python3.10/site-packages/airflow/example_dags/plugins/workday.py took 0.032 seconds
[2025-08-19T16:56:29.617+0200] {processor.py:161} INFO - Started process (PID=8035) to work on /Users/ehabhasan/.venvs/airflow310/lib/python3.10/site-packages/airflow/example_dags/plugins/workday.py
[2025-08-19T16:56:29.618+0200] {processor.py:830} INFO - Processing file /Users/ehabhasan/.venvs/airflow310/lib/python3.10/site-packages/airflow/example_dags/plugins/workday.py for tasks to queue
[2025-08-19T16:56:29.618+0200] {logging_mixin.py:188} INFO - [2025-08-19T16:56:29.618+0200] {dagbag.py:545} INFO - Filling up the DagBag from /Users/ehabhasan/.venvs/airflow310/lib/python3.10/site-packages/airflow/example_dags/plugins/workday.py
[2025-08-19T16:56:29.619+0200] {logging_mixin.py:188} INFO - [2025-08-19T16:56:29.619+0200] {workday.py:41} WARNING - Could not import pandas. Holidays will not be considered.
[2025-08-19T16:56:29.619+0200] {processor.py:842} WARNING - No viable dags retrieved from /Users/ehabhasan/.venvs/airflow310/lib/python3.10/site-packages/airflow/example_dags/plugins/workday.py
[2025-08-19T16:56:29.648+0200] {processor.py:183} INFO - Processing /Users/ehabhasan/.venvs/airflow310/lib/python3.10/site-packages/airflow/example_dags/plugins/workday.py took 0.032 seconds
[2025-08-19T16:57:24.857+0200] {processor.py:161} INFO - Started process (PID=8075) to work on /Users/ehabhasan/.venvs/airflow310/lib/python3.10/site-packages/airflow/example_dags/plugins/workday.py
[2025-08-19T16:57:24.857+0200] {processor.py:830} INFO - Processing file /Users/ehabhasan/.venvs/airflow310/lib/python3.10/site-packages/airflow/example_dags/plugins/workday.py for tasks to queue
[2025-08-19T16:57:24.857+0200] {logging_mixin.py:188} INFO - [2025-08-19T16:57:24.857+0200] {dagbag.py:545} INFO - Filling up the DagBag from /Users/ehabhasan/.venvs/airflow310/lib/python3.10/site-packages/airflow/example_dags/plugins/workday.py
[2025-08-19T16:57:24.858+0200] {logging_mixin.py:188} INFO - [2025-08-19T16:57:24.858+0200] {workday.py:41} WARNING - Could not import pandas. Holidays will not be considered.
[2025-08-19T16:57:24.858+0200] {processor.py:842} WARNING - No viable dags retrieved from /Users/ehabhasan/.venvs/airflow310/lib/python3.10/site-packages/airflow/example_dags/plugins/workday.py
[2025-08-19T16:57:24.888+0200] {processor.py:183} INFO - Processing /Users/ehabhasan/.venvs/airflow310/lib/python3.10/site-packages/airflow/example_dags/plugins/workday.py took 0.033 seconds
[2025-08-19T16:58:13.240+0200] {processor.py:161} INFO - Started process (PID=8113) to work on /Users/ehabhasan/.venvs/airflow310/lib/python3.10/site-packages/airflow/example_dags/plugins/workday.py
[2025-08-19T16:58:13.240+0200] {processor.py:830} INFO - Processing file /Users/ehabhasan/.venvs/airflow310/lib/python3.10/site-packages/airflow/example_dags/plugins/workday.py for tasks to queue
[2025-08-19T16:58:13.240+0200] {logging_mixin.py:188} INFO - [2025-08-19T16:58:13.240+0200] {dagbag.py:545} INFO - Filling up the DagBag from /Users/ehabhasan/.venvs/airflow310/lib/python3.10/site-packages/airflow/example_dags/plugins/workday.py
[2025-08-19T16:58:13.241+0200] {logging_mixin.py:188} INFO - [2025-08-19T16:58:13.241+0200] {workday.py:41} WARNING - Could not import pandas. Holidays will not be considered.
[2025-08-19T16:58:13.241+0200] {processor.py:842} WARNING - No viable dags retrieved from /Users/ehabhasan/.venvs/airflow310/lib/python3.10/site-packages/airflow/example_dags/plugins/workday.py
[2025-08-19T16:58:13.270+0200] {processor.py:183} INFO - Processing /Users/ehabhasan/.venvs/airflow310/lib/python3.10/site-packages/airflow/example_dags/plugins/workday.py took 0.032 seconds
[2025-08-19T16:59:01.579+0200] {processor.py:161} INFO - Started process (PID=8158) to work on /Users/ehabhasan/.venvs/airflow310/lib/python3.10/site-packages/airflow/example_dags/plugins/workday.py
[2025-08-19T16:59:01.580+0200] {processor.py:830} INFO - Processing file /Users/ehabhasan/.venvs/airflow310/lib/python3.10/site-packages/airflow/example_dags/plugins/workday.py for tasks to queue
[2025-08-19T16:59:01.580+0200] {logging_mixin.py:188} INFO - [2025-08-19T16:59:01.580+0200] {dagbag.py:545} INFO - Filling up the DagBag from /Users/ehabhasan/.venvs/airflow310/lib/python3.10/site-packages/airflow/example_dags/plugins/workday.py
[2025-08-19T16:59:01.581+0200] {logging_mixin.py:188} INFO - [2025-08-19T16:59:01.581+0200] {workday.py:41} WARNING - Could not import pandas. Holidays will not be considered.
[2025-08-19T16:59:01.581+0200] {processor.py:842} WARNING - No viable dags retrieved from /Users/ehabhasan/.venvs/airflow310/lib/python3.10/site-packages/airflow/example_dags/plugins/workday.py
[2025-08-19T16:59:01.610+0200] {processor.py:183} INFO - Processing /Users/ehabhasan/.venvs/airflow310/lib/python3.10/site-packages/airflow/example_dags/plugins/workday.py took 0.033 seconds
[2025-08-19T17:00:24.359+0200] {processor.py:161} INFO - Started process (PID=8225) to work on /Users/ehabhasan/.venvs/airflow310/lib/python3.10/site-packages/airflow/example_dags/plugins/workday.py
[2025-08-19T17:00:24.359+0200] {processor.py:830} INFO - Processing file /Users/ehabhasan/.venvs/airflow310/lib/python3.10/site-packages/airflow/example_dags/plugins/workday.py for tasks to queue
[2025-08-19T17:00:24.359+0200] {logging_mixin.py:188} INFO - [2025-08-19T17:00:24.359+0200] {dagbag.py:545} INFO - Filling up the DagBag from /Users/ehabhasan/.venvs/airflow310/lib/python3.10/site-packages/airflow/example_dags/plugins/workday.py
[2025-08-19T17:00:24.360+0200] {logging_mixin.py:188} INFO - [2025-08-19T17:00:24.360+0200] {workday.py:41} WARNING - Could not import pandas. Holidays will not be considered.
[2025-08-19T17:00:24.360+0200] {processor.py:842} WARNING - No viable dags retrieved from /Users/ehabhasan/.venvs/airflow310/lib/python3.10/site-packages/airflow/example_dags/plugins/workday.py
[2025-08-19T17:00:24.389+0200] {processor.py:183} INFO - Processing /Users/ehabhasan/.venvs/airflow310/lib/python3.10/site-packages/airflow/example_dags/plugins/workday.py took 0.032 seconds
[2025-08-19T17:01:22.452+0200] {processor.py:161} INFO - Started process (PID=8264) to work on /Users/ehabhasan/.venvs/airflow310/lib/python3.10/site-packages/airflow/example_dags/plugins/workday.py
[2025-08-19T17:01:22.453+0200] {processor.py:830} INFO - Processing file /Users/ehabhasan/.venvs/airflow310/lib/python3.10/site-packages/airflow/example_dags/plugins/workday.py for tasks to queue
[2025-08-19T17:01:22.453+0200] {logging_mixin.py:188} INFO - [2025-08-19T17:01:22.453+0200] {dagbag.py:545} INFO - Filling up the DagBag from /Users/ehabhasan/.venvs/airflow310/lib/python3.10/site-packages/airflow/example_dags/plugins/workday.py
[2025-08-19T17:01:22.454+0200] {logging_mixin.py:188} INFO - [2025-08-19T17:01:22.453+0200] {workday.py:41} WARNING - Could not import pandas. Holidays will not be considered.
[2025-08-19T17:01:22.454+0200] {processor.py:842} WARNING - No viable dags retrieved from /Users/ehabhasan/.venvs/airflow310/lib/python3.10/site-packages/airflow/example_dags/plugins/workday.py
[2025-08-19T17:01:22.483+0200] {processor.py:183} INFO - Processing /Users/ehabhasan/.venvs/airflow310/lib/python3.10/site-packages/airflow/example_dags/plugins/workday.py took 0.032 seconds
[2025-08-19T17:02:14.708+0200] {processor.py:161} INFO - Started process (PID=8309) to work on /Users/ehabhasan/.venvs/airflow310/lib/python3.10/site-packages/airflow/example_dags/plugins/workday.py
[2025-08-19T17:02:14.708+0200] {processor.py:830} INFO - Processing file /Users/ehabhasan/.venvs/airflow310/lib/python3.10/site-packages/airflow/example_dags/plugins/workday.py for tasks to queue
[2025-08-19T17:02:14.709+0200] {logging_mixin.py:188} INFO - [2025-08-19T17:02:14.709+0200] {dagbag.py:545} INFO - Filling up the DagBag from /Users/ehabhasan/.venvs/airflow310/lib/python3.10/site-packages/airflow/example_dags/plugins/workday.py
[2025-08-19T17:02:14.709+0200] {logging_mixin.py:188} INFO - [2025-08-19T17:02:14.709+0200] {workday.py:41} WARNING - Could not import pandas. Holidays will not be considered.
[2025-08-19T17:02:14.709+0200] {processor.py:842} WARNING - No viable dags retrieved from /Users/ehabhasan/.venvs/airflow310/lib/python3.10/site-packages/airflow/example_dags/plugins/workday.py
[2025-08-19T17:02:14.738+0200] {processor.py:183} INFO - Processing /Users/ehabhasan/.venvs/airflow310/lib/python3.10/site-packages/airflow/example_dags/plugins/workday.py took 0.031 seconds
[2025-08-19T17:03:03.412+0200] {processor.py:161} INFO - Started process (PID=8352) to work on /Users/ehabhasan/.venvs/airflow310/lib/python3.10/site-packages/airflow/example_dags/plugins/workday.py
[2025-08-19T17:03:03.413+0200] {processor.py:830} INFO - Processing file /Users/ehabhasan/.venvs/airflow310/lib/python3.10/site-packages/airflow/example_dags/plugins/workday.py for tasks to queue
[2025-08-19T17:03:03.413+0200] {logging_mixin.py:188} INFO - [2025-08-19T17:03:03.413+0200] {dagbag.py:545} INFO - Filling up the DagBag from /Users/ehabhasan/.venvs/airflow310/lib/python3.10/site-packages/airflow/example_dags/plugins/workday.py
[2025-08-19T17:03:03.413+0200] {logging_mixin.py:188} INFO - [2025-08-19T17:03:03.413+0200] {workday.py:41} WARNING - Could not import pandas. Holidays will not be considered.
[2025-08-19T17:03:03.413+0200] {processor.py:842} WARNING - No viable dags retrieved from /Users/ehabhasan/.venvs/airflow310/lib/python3.10/site-packages/airflow/example_dags/plugins/workday.py
[2025-08-19T17:03:03.443+0200] {processor.py:183} INFO - Processing /Users/ehabhasan/.venvs/airflow310/lib/python3.10/site-packages/airflow/example_dags/plugins/workday.py took 0.032 seconds
[2025-08-19T17:03:50.021+0200] {processor.py:161} INFO - Started process (PID=8682) to work on /Users/ehabhasan/.venvs/airflow310/lib/python3.10/site-packages/airflow/example_dags/plugins/workday.py
[2025-08-19T17:03:50.021+0200] {processor.py:830} INFO - Processing file /Users/ehabhasan/.venvs/airflow310/lib/python3.10/site-packages/airflow/example_dags/plugins/workday.py for tasks to queue
[2025-08-19T17:03:50.021+0200] {logging_mixin.py:188} INFO - [2025-08-19T17:03:50.021+0200] {dagbag.py:545} INFO - Filling up the DagBag from /Users/ehabhasan/.venvs/airflow310/lib/python3.10/site-packages/airflow/example_dags/plugins/workday.py
[2025-08-19T17:03:50.022+0200] {logging_mixin.py:188} INFO - [2025-08-19T17:03:50.022+0200] {workday.py:41} WARNING - Could not import pandas. Holidays will not be considered.
[2025-08-19T17:03:50.022+0200] {processor.py:842} WARNING - No viable dags retrieved from /Users/ehabhasan/.venvs/airflow310/lib/python3.10/site-packages/airflow/example_dags/plugins/workday.py
[2025-08-19T17:03:50.051+0200] {processor.py:183} INFO - Processing /Users/ehabhasan/.venvs/airflow310/lib/python3.10/site-packages/airflow/example_dags/plugins/workday.py took 0.032 seconds
[2025-08-19T17:04:40.185+0200] {processor.py:161} INFO - Started process (PID=8950) to work on /Users/ehabhasan/.venvs/airflow310/lib/python3.10/site-packages/airflow/example_dags/plugins/workday.py
[2025-08-19T17:04:40.185+0200] {processor.py:830} INFO - Processing file /Users/ehabhasan/.venvs/airflow310/lib/python3.10/site-packages/airflow/example_dags/plugins/workday.py for tasks to queue
[2025-08-19T17:04:40.186+0200] {logging_mixin.py:188} INFO - [2025-08-19T17:04:40.186+0200] {dagbag.py:545} INFO - Filling up the DagBag from /Users/ehabhasan/.venvs/airflow310/lib/python3.10/site-packages/airflow/example_dags/plugins/workday.py
[2025-08-19T17:04:40.186+0200] {logging_mixin.py:188} INFO - [2025-08-19T17:04:40.186+0200] {workday.py:41} WARNING - Could not import pandas. Holidays will not be considered.
[2025-08-19T17:04:40.186+0200] {processor.py:842} WARNING - No viable dags retrieved from /Users/ehabhasan/.venvs/airflow310/lib/python3.10/site-packages/airflow/example_dags/plugins/workday.py
[2025-08-19T17:04:40.216+0200] {processor.py:183} INFO - Processing /Users/ehabhasan/.venvs/airflow310/lib/python3.10/site-packages/airflow/example_dags/plugins/workday.py took 0.032 seconds
[2025-08-19T17:05:32.195+0200] {processor.py:161} INFO - Started process (PID=9284) to work on /Users/ehabhasan/.venvs/airflow310/lib/python3.10/site-packages/airflow/example_dags/plugins/workday.py
[2025-08-19T17:05:32.195+0200] {processor.py:830} INFO - Processing file /Users/ehabhasan/.venvs/airflow310/lib/python3.10/site-packages/airflow/example_dags/plugins/workday.py for tasks to queue
[2025-08-19T17:05:32.195+0200] {logging_mixin.py:188} INFO - [2025-08-19T17:05:32.195+0200] {dagbag.py:545} INFO - Filling up the DagBag from /Users/ehabhasan/.venvs/airflow310/lib/python3.10/site-packages/airflow/example_dags/plugins/workday.py
[2025-08-19T17:05:32.196+0200] {logging_mixin.py:188} INFO - [2025-08-19T17:05:32.196+0200] {workday.py:41} WARNING - Could not import pandas. Holidays will not be considered.
[2025-08-19T17:05:32.196+0200] {processor.py:842} WARNING - No viable dags retrieved from /Users/ehabhasan/.venvs/airflow310/lib/python3.10/site-packages/airflow/example_dags/plugins/workday.py
[2025-08-19T17:05:32.226+0200] {processor.py:183} INFO - Processing /Users/ehabhasan/.venvs/airflow310/lib/python3.10/site-packages/airflow/example_dags/plugins/workday.py took 0.033 seconds
[2025-08-19T17:06:25.300+0200] {processor.py:161} INFO - Started process (PID=9441) to work on /Users/ehabhasan/.venvs/airflow310/lib/python3.10/site-packages/airflow/example_dags/plugins/workday.py
[2025-08-19T17:06:25.300+0200] {processor.py:830} INFO - Processing file /Users/ehabhasan/.venvs/airflow310/lib/python3.10/site-packages/airflow/example_dags/plugins/workday.py for tasks to queue
[2025-08-19T17:06:25.300+0200] {logging_mixin.py:188} INFO - [2025-08-19T17:06:25.300+0200] {dagbag.py:545} INFO - Filling up the DagBag from /Users/ehabhasan/.venvs/airflow310/lib/python3.10/site-packages/airflow/example_dags/plugins/workday.py
[2025-08-19T17:06:25.301+0200] {logging_mixin.py:188} INFO - [2025-08-19T17:06:25.301+0200] {workday.py:41} WARNING - Could not import pandas. Holidays will not be considered.
[2025-08-19T17:06:25.301+0200] {processor.py:842} WARNING - No viable dags retrieved from /Users/ehabhasan/.venvs/airflow310/lib/python3.10/site-packages/airflow/example_dags/plugins/workday.py
[2025-08-19T17:06:25.330+0200] {processor.py:183} INFO - Processing /Users/ehabhasan/.venvs/airflow310/lib/python3.10/site-packages/airflow/example_dags/plugins/workday.py took 0.032 seconds
[2025-08-19T17:07:20.234+0200] {processor.py:161} INFO - Started process (PID=10086) to work on /Users/ehabhasan/.venvs/airflow310/lib/python3.10/site-packages/airflow/example_dags/plugins/workday.py
[2025-08-19T17:07:20.234+0200] {processor.py:830} INFO - Processing file /Users/ehabhasan/.venvs/airflow310/lib/python3.10/site-packages/airflow/example_dags/plugins/workday.py for tasks to queue
[2025-08-19T17:07:20.234+0200] {logging_mixin.py:188} INFO - [2025-08-19T17:07:20.234+0200] {dagbag.py:545} INFO - Filling up the DagBag from /Users/ehabhasan/.venvs/airflow310/lib/python3.10/site-packages/airflow/example_dags/plugins/workday.py
[2025-08-19T17:07:20.235+0200] {logging_mixin.py:188} INFO - [2025-08-19T17:07:20.235+0200] {workday.py:41} WARNING - Could not import pandas. Holidays will not be considered.
[2025-08-19T17:07:20.235+0200] {processor.py:842} WARNING - No viable dags retrieved from /Users/ehabhasan/.venvs/airflow310/lib/python3.10/site-packages/airflow/example_dags/plugins/workday.py
[2025-08-19T17:07:20.264+0200] {processor.py:183} INFO - Processing /Users/ehabhasan/.venvs/airflow310/lib/python3.10/site-packages/airflow/example_dags/plugins/workday.py took 0.032 seconds
[2025-08-19T17:08:12.694+0200] {processor.py:161} INFO - Started process (PID=10134) to work on /Users/ehabhasan/.venvs/airflow310/lib/python3.10/site-packages/airflow/example_dags/plugins/workday.py
[2025-08-19T17:08:12.694+0200] {processor.py:830} INFO - Processing file /Users/ehabhasan/.venvs/airflow310/lib/python3.10/site-packages/airflow/example_dags/plugins/workday.py for tasks to queue
[2025-08-19T17:08:12.695+0200] {logging_mixin.py:188} INFO - [2025-08-19T17:08:12.695+0200] {dagbag.py:545} INFO - Filling up the DagBag from /Users/ehabhasan/.venvs/airflow310/lib/python3.10/site-packages/airflow/example_dags/plugins/workday.py
[2025-08-19T17:08:12.695+0200] {logging_mixin.py:188} INFO - [2025-08-19T17:08:12.695+0200] {workday.py:41} WARNING - Could not import pandas. Holidays will not be considered.
[2025-08-19T17:08:12.695+0200] {processor.py:842} WARNING - No viable dags retrieved from /Users/ehabhasan/.venvs/airflow310/lib/python3.10/site-packages/airflow/example_dags/plugins/workday.py
[2025-08-19T17:08:12.725+0200] {processor.py:183} INFO - Processing /Users/ehabhasan/.venvs/airflow310/lib/python3.10/site-packages/airflow/example_dags/plugins/workday.py took 0.032 seconds
[2025-08-19T17:09:08.855+0200] {processor.py:161} INFO - Started process (PID=10183) to work on /Users/ehabhasan/.venvs/airflow310/lib/python3.10/site-packages/airflow/example_dags/plugins/workday.py
[2025-08-19T17:09:08.855+0200] {processor.py:830} INFO - Processing file /Users/ehabhasan/.venvs/airflow310/lib/python3.10/site-packages/airflow/example_dags/plugins/workday.py for tasks to queue
[2025-08-19T17:09:08.855+0200] {logging_mixin.py:188} INFO - [2025-08-19T17:09:08.855+0200] {dagbag.py:545} INFO - Filling up the DagBag from /Users/ehabhasan/.venvs/airflow310/lib/python3.10/site-packages/airflow/example_dags/plugins/workday.py
[2025-08-19T17:09:08.856+0200] {logging_mixin.py:188} INFO - [2025-08-19T17:09:08.856+0200] {workday.py:41} WARNING - Could not import pandas. Holidays will not be considered.
[2025-08-19T17:09:08.856+0200] {processor.py:842} WARNING - No viable dags retrieved from /Users/ehabhasan/.venvs/airflow310/lib/python3.10/site-packages/airflow/example_dags/plugins/workday.py
[2025-08-19T17:09:08.889+0200] {processor.py:183} INFO - Processing /Users/ehabhasan/.venvs/airflow310/lib/python3.10/site-packages/airflow/example_dags/plugins/workday.py took 0.037 seconds
[2025-08-19T17:10:04.515+0200] {processor.py:161} INFO - Started process (PID=10255) to work on /Users/ehabhasan/.venvs/airflow310/lib/python3.10/site-packages/airflow/example_dags/plugins/workday.py
[2025-08-19T17:10:04.515+0200] {processor.py:830} INFO - Processing file /Users/ehabhasan/.venvs/airflow310/lib/python3.10/site-packages/airflow/example_dags/plugins/workday.py for tasks to queue
[2025-08-19T17:10:04.516+0200] {logging_mixin.py:188} INFO - [2025-08-19T17:10:04.516+0200] {dagbag.py:545} INFO - Filling up the DagBag from /Users/ehabhasan/.venvs/airflow310/lib/python3.10/site-packages/airflow/example_dags/plugins/workday.py
[2025-08-19T17:10:04.516+0200] {logging_mixin.py:188} INFO - [2025-08-19T17:10:04.516+0200] {workday.py:41} WARNING - Could not import pandas. Holidays will not be considered.
[2025-08-19T17:10:04.516+0200] {processor.py:842} WARNING - No viable dags retrieved from /Users/ehabhasan/.venvs/airflow310/lib/python3.10/site-packages/airflow/example_dags/plugins/workday.py
[2025-08-19T17:10:04.546+0200] {processor.py:183} INFO - Processing /Users/ehabhasan/.venvs/airflow310/lib/python3.10/site-packages/airflow/example_dags/plugins/workday.py took 0.032 seconds
[2025-08-19T17:10:56.193+0200] {processor.py:161} INFO - Started process (PID=10296) to work on /Users/ehabhasan/.venvs/airflow310/lib/python3.10/site-packages/airflow/example_dags/plugins/workday.py
[2025-08-19T17:10:56.194+0200] {processor.py:830} INFO - Processing file /Users/ehabhasan/.venvs/airflow310/lib/python3.10/site-packages/airflow/example_dags/plugins/workday.py for tasks to queue
[2025-08-19T17:10:56.194+0200] {logging_mixin.py:188} INFO - [2025-08-19T17:10:56.194+0200] {dagbag.py:545} INFO - Filling up the DagBag from /Users/ehabhasan/.venvs/airflow310/lib/python3.10/site-packages/airflow/example_dags/plugins/workday.py
[2025-08-19T17:10:56.195+0200] {logging_mixin.py:188} INFO - [2025-08-19T17:10:56.195+0200] {workday.py:41} WARNING - Could not import pandas. Holidays will not be considered.
[2025-08-19T17:10:56.195+0200] {processor.py:842} WARNING - No viable dags retrieved from /Users/ehabhasan/.venvs/airflow310/lib/python3.10/site-packages/airflow/example_dags/plugins/workday.py
[2025-08-19T17:10:56.226+0200] {processor.py:183} INFO - Processing /Users/ehabhasan/.venvs/airflow310/lib/python3.10/site-packages/airflow/example_dags/plugins/workday.py took 0.035 seconds
[2025-08-19T17:11:49.209+0200] {processor.py:161} INFO - Started process (PID=10331) to work on /Users/ehabhasan/.venvs/airflow310/lib/python3.10/site-packages/airflow/example_dags/plugins/workday.py
[2025-08-19T17:11:49.209+0200] {processor.py:830} INFO - Processing file /Users/ehabhasan/.venvs/airflow310/lib/python3.10/site-packages/airflow/example_dags/plugins/workday.py for tasks to queue
[2025-08-19T17:11:49.209+0200] {logging_mixin.py:188} INFO - [2025-08-19T17:11:49.209+0200] {dagbag.py:545} INFO - Filling up the DagBag from /Users/ehabhasan/.venvs/airflow310/lib/python3.10/site-packages/airflow/example_dags/plugins/workday.py
[2025-08-19T17:11:49.210+0200] {logging_mixin.py:188} INFO - [2025-08-19T17:11:49.210+0200] {workday.py:41} WARNING - Could not import pandas. Holidays will not be considered.
[2025-08-19T17:11:49.210+0200] {processor.py:842} WARNING - No viable dags retrieved from /Users/ehabhasan/.venvs/airflow310/lib/python3.10/site-packages/airflow/example_dags/plugins/workday.py
[2025-08-19T17:11:49.239+0200] {processor.py:183} INFO - Processing /Users/ehabhasan/.venvs/airflow310/lib/python3.10/site-packages/airflow/example_dags/plugins/workday.py took 0.032 seconds
[2025-08-19T17:12:47.691+0200] {processor.py:161} INFO - Started process (PID=10386) to work on /Users/ehabhasan/.venvs/airflow310/lib/python3.10/site-packages/airflow/example_dags/plugins/workday.py
[2025-08-19T17:12:47.691+0200] {processor.py:830} INFO - Processing file /Users/ehabhasan/.venvs/airflow310/lib/python3.10/site-packages/airflow/example_dags/plugins/workday.py for tasks to queue
[2025-08-19T17:12:47.691+0200] {logging_mixin.py:188} INFO - [2025-08-19T17:12:47.691+0200] {dagbag.py:545} INFO - Filling up the DagBag from /Users/ehabhasan/.venvs/airflow310/lib/python3.10/site-packages/airflow/example_dags/plugins/workday.py
[2025-08-19T17:12:47.692+0200] {logging_mixin.py:188} INFO - [2025-08-19T17:12:47.692+0200] {workday.py:41} WARNING - Could not import pandas. Holidays will not be considered.
[2025-08-19T17:12:47.692+0200] {processor.py:842} WARNING - No viable dags retrieved from /Users/ehabhasan/.venvs/airflow310/lib/python3.10/site-packages/airflow/example_dags/plugins/workday.py
[2025-08-19T17:12:47.721+0200] {processor.py:183} INFO - Processing /Users/ehabhasan/.venvs/airflow310/lib/python3.10/site-packages/airflow/example_dags/plugins/workday.py took 0.032 seconds
[2025-08-19T17:13:42.714+0200] {processor.py:161} INFO - Started process (PID=10428) to work on /Users/ehabhasan/.venvs/airflow310/lib/python3.10/site-packages/airflow/example_dags/plugins/workday.py
[2025-08-19T17:13:42.715+0200] {processor.py:830} INFO - Processing file /Users/ehabhasan/.venvs/airflow310/lib/python3.10/site-packages/airflow/example_dags/plugins/workday.py for tasks to queue
[2025-08-19T17:13:42.715+0200] {logging_mixin.py:188} INFO - [2025-08-19T17:13:42.715+0200] {dagbag.py:545} INFO - Filling up the DagBag from /Users/ehabhasan/.venvs/airflow310/lib/python3.10/site-packages/airflow/example_dags/plugins/workday.py
[2025-08-19T17:13:42.716+0200] {logging_mixin.py:188} INFO - [2025-08-19T17:13:42.715+0200] {workday.py:41} WARNING - Could not import pandas. Holidays will not be considered.
[2025-08-19T17:13:42.716+0200] {processor.py:842} WARNING - No viable dags retrieved from /Users/ehabhasan/.venvs/airflow310/lib/python3.10/site-packages/airflow/example_dags/plugins/workday.py
[2025-08-19T17:13:42.745+0200] {processor.py:183} INFO - Processing /Users/ehabhasan/.venvs/airflow310/lib/python3.10/site-packages/airflow/example_dags/plugins/workday.py took 0.032 seconds
[2025-08-19T17:14:39.552+0200] {processor.py:161} INFO - Started process (PID=10503) to work on /Users/ehabhasan/.venvs/airflow310/lib/python3.10/site-packages/airflow/example_dags/plugins/workday.py
[2025-08-19T17:14:39.553+0200] {processor.py:830} INFO - Processing file /Users/ehabhasan/.venvs/airflow310/lib/python3.10/site-packages/airflow/example_dags/plugins/workday.py for tasks to queue
[2025-08-19T17:14:39.553+0200] {logging_mixin.py:188} INFO - [2025-08-19T17:14:39.553+0200] {dagbag.py:545} INFO - Filling up the DagBag from /Users/ehabhasan/.venvs/airflow310/lib/python3.10/site-packages/airflow/example_dags/plugins/workday.py
[2025-08-19T17:14:39.553+0200] {logging_mixin.py:188} INFO - [2025-08-19T17:14:39.553+0200] {workday.py:41} WARNING - Could not import pandas. Holidays will not be considered.
[2025-08-19T17:14:39.553+0200] {processor.py:842} WARNING - No viable dags retrieved from /Users/ehabhasan/.venvs/airflow310/lib/python3.10/site-packages/airflow/example_dags/plugins/workday.py
[2025-08-19T17:14:39.583+0200] {processor.py:183} INFO - Processing /Users/ehabhasan/.venvs/airflow310/lib/python3.10/site-packages/airflow/example_dags/plugins/workday.py took 0.032 seconds
[2025-08-19T17:15:34.761+0200] {processor.py:161} INFO - Started process (PID=10779) to work on /Users/ehabhasan/.venvs/airflow310/lib/python3.10/site-packages/airflow/example_dags/plugins/workday.py
[2025-08-19T17:15:34.761+0200] {processor.py:830} INFO - Processing file /Users/ehabhasan/.venvs/airflow310/lib/python3.10/site-packages/airflow/example_dags/plugins/workday.py for tasks to queue
[2025-08-19T17:15:34.762+0200] {logging_mixin.py:188} INFO - [2025-08-19T17:15:34.762+0200] {dagbag.py:545} INFO - Filling up the DagBag from /Users/ehabhasan/.venvs/airflow310/lib/python3.10/site-packages/airflow/example_dags/plugins/workday.py
[2025-08-19T17:15:34.762+0200] {logging_mixin.py:188} INFO - [2025-08-19T17:15:34.762+0200] {workday.py:41} WARNING - Could not import pandas. Holidays will not be considered.
[2025-08-19T17:15:34.762+0200] {processor.py:842} WARNING - No viable dags retrieved from /Users/ehabhasan/.venvs/airflow310/lib/python3.10/site-packages/airflow/example_dags/plugins/workday.py
[2025-08-19T17:15:34.792+0200] {processor.py:183} INFO - Processing /Users/ehabhasan/.venvs/airflow310/lib/python3.10/site-packages/airflow/example_dags/plugins/workday.py took 0.032 seconds
[2025-08-19T17:16:30.402+0200] {processor.py:161} INFO - Started process (PID=10820) to work on /Users/ehabhasan/.venvs/airflow310/lib/python3.10/site-packages/airflow/example_dags/plugins/workday.py
[2025-08-19T17:16:30.402+0200] {processor.py:830} INFO - Processing file /Users/ehabhasan/.venvs/airflow310/lib/python3.10/site-packages/airflow/example_dags/plugins/workday.py for tasks to queue
[2025-08-19T17:16:30.402+0200] {logging_mixin.py:188} INFO - [2025-08-19T17:16:30.402+0200] {dagbag.py:545} INFO - Filling up the DagBag from /Users/ehabhasan/.venvs/airflow310/lib/python3.10/site-packages/airflow/example_dags/plugins/workday.py
[2025-08-19T17:16:30.403+0200] {logging_mixin.py:188} INFO - [2025-08-19T17:16:30.403+0200] {workday.py:41} WARNING - Could not import pandas. Holidays will not be considered.
[2025-08-19T17:16:30.403+0200] {processor.py:842} WARNING - No viable dags retrieved from /Users/ehabhasan/.venvs/airflow310/lib/python3.10/site-packages/airflow/example_dags/plugins/workday.py
[2025-08-19T17:16:30.433+0200] {processor.py:183} INFO - Processing /Users/ehabhasan/.venvs/airflow310/lib/python3.10/site-packages/airflow/example_dags/plugins/workday.py took 0.033 seconds
[2025-08-19T17:17:28.118+0200] {processor.py:161} INFO - Started process (PID=11442) to work on /Users/ehabhasan/.venvs/airflow310/lib/python3.10/site-packages/airflow/example_dags/plugins/workday.py
[2025-08-19T17:17:28.119+0200] {processor.py:830} INFO - Processing file /Users/ehabhasan/.venvs/airflow310/lib/python3.10/site-packages/airflow/example_dags/plugins/workday.py for tasks to queue
[2025-08-19T17:17:28.119+0200] {logging_mixin.py:188} INFO - [2025-08-19T17:17:28.119+0200] {dagbag.py:545} INFO - Filling up the DagBag from /Users/ehabhasan/.venvs/airflow310/lib/python3.10/site-packages/airflow/example_dags/plugins/workday.py
[2025-08-19T17:17:28.120+0200] {logging_mixin.py:188} INFO - [2025-08-19T17:17:28.120+0200] {workday.py:41} WARNING - Could not import pandas. Holidays will not be considered.
[2025-08-19T17:17:28.120+0200] {processor.py:842} WARNING - No viable dags retrieved from /Users/ehabhasan/.venvs/airflow310/lib/python3.10/site-packages/airflow/example_dags/plugins/workday.py
[2025-08-19T17:17:28.149+0200] {processor.py:183} INFO - Processing /Users/ehabhasan/.venvs/airflow310/lib/python3.10/site-packages/airflow/example_dags/plugins/workday.py took 0.033 seconds
[2025-08-19T17:18:23.056+0200] {processor.py:161} INFO - Started process (PID=11492) to work on /Users/ehabhasan/.venvs/airflow310/lib/python3.10/site-packages/airflow/example_dags/plugins/workday.py
[2025-08-19T17:18:23.057+0200] {processor.py:830} INFO - Processing file /Users/ehabhasan/.venvs/airflow310/lib/python3.10/site-packages/airflow/example_dags/plugins/workday.py for tasks to queue
[2025-08-19T17:18:23.058+0200] {logging_mixin.py:188} INFO - [2025-08-19T17:18:23.057+0200] {dagbag.py:545} INFO - Filling up the DagBag from /Users/ehabhasan/.venvs/airflow310/lib/python3.10/site-packages/airflow/example_dags/plugins/workday.py
[2025-08-19T17:18:23.058+0200] {logging_mixin.py:188} INFO - [2025-08-19T17:18:23.058+0200] {workday.py:41} WARNING - Could not import pandas. Holidays will not be considered.
[2025-08-19T17:18:23.058+0200] {processor.py:842} WARNING - No viable dags retrieved from /Users/ehabhasan/.venvs/airflow310/lib/python3.10/site-packages/airflow/example_dags/plugins/workday.py
[2025-08-19T17:18:23.087+0200] {processor.py:183} INFO - Processing /Users/ehabhasan/.venvs/airflow310/lib/python3.10/site-packages/airflow/example_dags/plugins/workday.py took 0.032 seconds
[2025-08-19T17:19:17.030+0200] {processor.py:161} INFO - Started process (PID=11541) to work on /Users/ehabhasan/.venvs/airflow310/lib/python3.10/site-packages/airflow/example_dags/plugins/workday.py
[2025-08-19T17:19:17.031+0200] {processor.py:830} INFO - Processing file /Users/ehabhasan/.venvs/airflow310/lib/python3.10/site-packages/airflow/example_dags/plugins/workday.py for tasks to queue
[2025-08-19T17:19:17.031+0200] {logging_mixin.py:188} INFO - [2025-08-19T17:19:17.031+0200] {dagbag.py:545} INFO - Filling up the DagBag from /Users/ehabhasan/.venvs/airflow310/lib/python3.10/site-packages/airflow/example_dags/plugins/workday.py
[2025-08-19T17:19:17.031+0200] {logging_mixin.py:188} INFO - [2025-08-19T17:19:17.031+0200] {workday.py:41} WARNING - Could not import pandas. Holidays will not be considered.
[2025-08-19T17:19:17.031+0200] {processor.py:842} WARNING - No viable dags retrieved from /Users/ehabhasan/.venvs/airflow310/lib/python3.10/site-packages/airflow/example_dags/plugins/workday.py
[2025-08-19T17:19:17.062+0200] {processor.py:183} INFO - Processing /Users/ehabhasan/.venvs/airflow310/lib/python3.10/site-packages/airflow/example_dags/plugins/workday.py took 0.034 seconds
[2025-08-19T17:20:08.241+0200] {processor.py:161} INFO - Started process (PID=11595) to work on /Users/ehabhasan/.venvs/airflow310/lib/python3.10/site-packages/airflow/example_dags/plugins/workday.py
[2025-08-19T17:20:08.241+0200] {processor.py:830} INFO - Processing file /Users/ehabhasan/.venvs/airflow310/lib/python3.10/site-packages/airflow/example_dags/plugins/workday.py for tasks to queue
[2025-08-19T17:20:08.241+0200] {logging_mixin.py:188} INFO - [2025-08-19T17:20:08.241+0200] {dagbag.py:545} INFO - Filling up the DagBag from /Users/ehabhasan/.venvs/airflow310/lib/python3.10/site-packages/airflow/example_dags/plugins/workday.py
[2025-08-19T17:20:08.242+0200] {logging_mixin.py:188} INFO - [2025-08-19T17:20:08.242+0200] {workday.py:41} WARNING - Could not import pandas. Holidays will not be considered.
[2025-08-19T17:20:08.242+0200] {processor.py:842} WARNING - No viable dags retrieved from /Users/ehabhasan/.venvs/airflow310/lib/python3.10/site-packages/airflow/example_dags/plugins/workday.py
[2025-08-19T17:20:08.275+0200] {processor.py:183} INFO - Processing /Users/ehabhasan/.venvs/airflow310/lib/python3.10/site-packages/airflow/example_dags/plugins/workday.py took 0.036 seconds
[2025-08-19T17:20:58.325+0200] {processor.py:161} INFO - Started process (PID=11630) to work on /Users/ehabhasan/.venvs/airflow310/lib/python3.10/site-packages/airflow/example_dags/plugins/workday.py
[2025-08-19T17:20:58.325+0200] {processor.py:830} INFO - Processing file /Users/ehabhasan/.venvs/airflow310/lib/python3.10/site-packages/airflow/example_dags/plugins/workday.py for tasks to queue
[2025-08-19T17:20:58.325+0200] {logging_mixin.py:188} INFO - [2025-08-19T17:20:58.325+0200] {dagbag.py:545} INFO - Filling up the DagBag from /Users/ehabhasan/.venvs/airflow310/lib/python3.10/site-packages/airflow/example_dags/plugins/workday.py
[2025-08-19T17:20:58.326+0200] {logging_mixin.py:188} INFO - [2025-08-19T17:20:58.326+0200] {workday.py:41} WARNING - Could not import pandas. Holidays will not be considered.
[2025-08-19T17:20:58.326+0200] {processor.py:842} WARNING - No viable dags retrieved from /Users/ehabhasan/.venvs/airflow310/lib/python3.10/site-packages/airflow/example_dags/plugins/workday.py
[2025-08-19T17:20:58.355+0200] {processor.py:183} INFO - Processing /Users/ehabhasan/.venvs/airflow310/lib/python3.10/site-packages/airflow/example_dags/plugins/workday.py took 0.032 seconds
[2025-08-19T17:21:52.263+0200] {processor.py:161} INFO - Started process (PID=11663) to work on /Users/ehabhasan/.venvs/airflow310/lib/python3.10/site-packages/airflow/example_dags/plugins/workday.py
[2025-08-19T17:21:52.264+0200] {processor.py:830} INFO - Processing file /Users/ehabhasan/.venvs/airflow310/lib/python3.10/site-packages/airflow/example_dags/plugins/workday.py for tasks to queue
[2025-08-19T17:21:52.264+0200] {logging_mixin.py:188} INFO - [2025-08-19T17:21:52.264+0200] {dagbag.py:545} INFO - Filling up the DagBag from /Users/ehabhasan/.venvs/airflow310/lib/python3.10/site-packages/airflow/example_dags/plugins/workday.py
[2025-08-19T17:21:52.265+0200] {logging_mixin.py:188} INFO - [2025-08-19T17:21:52.264+0200] {workday.py:41} WARNING - Could not import pandas. Holidays will not be considered.
[2025-08-19T17:21:52.265+0200] {processor.py:842} WARNING - No viable dags retrieved from /Users/ehabhasan/.venvs/airflow310/lib/python3.10/site-packages/airflow/example_dags/plugins/workday.py
[2025-08-19T17:21:52.294+0200] {processor.py:183} INFO - Processing /Users/ehabhasan/.venvs/airflow310/lib/python3.10/site-packages/airflow/example_dags/plugins/workday.py took 0.032 seconds
[2025-08-19T17:22:49.944+0200] {processor.py:161} INFO - Started process (PID=11701) to work on /Users/ehabhasan/.venvs/airflow310/lib/python3.10/site-packages/airflow/example_dags/plugins/workday.py
[2025-08-19T17:22:49.944+0200] {processor.py:830} INFO - Processing file /Users/ehabhasan/.venvs/airflow310/lib/python3.10/site-packages/airflow/example_dags/plugins/workday.py for tasks to queue
[2025-08-19T17:22:49.945+0200] {logging_mixin.py:188} INFO - [2025-08-19T17:22:49.945+0200] {dagbag.py:545} INFO - Filling up the DagBag from /Users/ehabhasan/.venvs/airflow310/lib/python3.10/site-packages/airflow/example_dags/plugins/workday.py
[2025-08-19T17:22:49.945+0200] {logging_mixin.py:188} INFO - [2025-08-19T17:22:49.945+0200] {workday.py:41} WARNING - Could not import pandas. Holidays will not be considered.
[2025-08-19T17:22:49.945+0200] {processor.py:842} WARNING - No viable dags retrieved from /Users/ehabhasan/.venvs/airflow310/lib/python3.10/site-packages/airflow/example_dags/plugins/workday.py
[2025-08-19T17:22:49.974+0200] {processor.py:183} INFO - Processing /Users/ehabhasan/.venvs/airflow310/lib/python3.10/site-packages/airflow/example_dags/plugins/workday.py took 0.032 seconds
[2025-08-19T17:23:42.273+0200] {processor.py:161} INFO - Started process (PID=11741) to work on /Users/ehabhasan/.venvs/airflow310/lib/python3.10/site-packages/airflow/example_dags/plugins/workday.py
[2025-08-19T17:23:42.273+0200] {processor.py:830} INFO - Processing file /Users/ehabhasan/.venvs/airflow310/lib/python3.10/site-packages/airflow/example_dags/plugins/workday.py for tasks to queue
[2025-08-19T17:23:42.273+0200] {logging_mixin.py:188} INFO - [2025-08-19T17:23:42.273+0200] {dagbag.py:545} INFO - Filling up the DagBag from /Users/ehabhasan/.venvs/airflow310/lib/python3.10/site-packages/airflow/example_dags/plugins/workday.py
[2025-08-19T17:23:42.274+0200] {logging_mixin.py:188} INFO - [2025-08-19T17:23:42.274+0200] {workday.py:41} WARNING - Could not import pandas. Holidays will not be considered.
[2025-08-19T17:23:42.274+0200] {processor.py:842} WARNING - No viable dags retrieved from /Users/ehabhasan/.venvs/airflow310/lib/python3.10/site-packages/airflow/example_dags/plugins/workday.py
[2025-08-19T17:23:42.303+0200] {processor.py:183} INFO - Processing /Users/ehabhasan/.venvs/airflow310/lib/python3.10/site-packages/airflow/example_dags/plugins/workday.py took 0.032 seconds
[2025-08-19T17:24:35.385+0200] {processor.py:161} INFO - Started process (PID=11784) to work on /Users/ehabhasan/.venvs/airflow310/lib/python3.10/site-packages/airflow/example_dags/plugins/workday.py
[2025-08-19T17:24:35.386+0200] {processor.py:830} INFO - Processing file /Users/ehabhasan/.venvs/airflow310/lib/python3.10/site-packages/airflow/example_dags/plugins/workday.py for tasks to queue
[2025-08-19T17:24:35.386+0200] {logging_mixin.py:188} INFO - [2025-08-19T17:24:35.386+0200] {dagbag.py:545} INFO - Filling up the DagBag from /Users/ehabhasan/.venvs/airflow310/lib/python3.10/site-packages/airflow/example_dags/plugins/workday.py
[2025-08-19T17:24:35.387+0200] {logging_mixin.py:188} INFO - [2025-08-19T17:24:35.387+0200] {workday.py:41} WARNING - Could not import pandas. Holidays will not be considered.
[2025-08-19T17:24:35.387+0200] {processor.py:842} WARNING - No viable dags retrieved from /Users/ehabhasan/.venvs/airflow310/lib/python3.10/site-packages/airflow/example_dags/plugins/workday.py
[2025-08-19T17:24:35.417+0200] {processor.py:183} INFO - Processing /Users/ehabhasan/.venvs/airflow310/lib/python3.10/site-packages/airflow/example_dags/plugins/workday.py took 0.034 seconds
[2025-08-19T17:25:29.225+0200] {processor.py:161} INFO - Started process (PID=11822) to work on /Users/ehabhasan/.venvs/airflow310/lib/python3.10/site-packages/airflow/example_dags/plugins/workday.py
[2025-08-19T17:25:29.226+0200] {processor.py:830} INFO - Processing file /Users/ehabhasan/.venvs/airflow310/lib/python3.10/site-packages/airflow/example_dags/plugins/workday.py for tasks to queue
[2025-08-19T17:25:29.226+0200] {logging_mixin.py:188} INFO - [2025-08-19T17:25:29.226+0200] {dagbag.py:545} INFO - Filling up the DagBag from /Users/ehabhasan/.venvs/airflow310/lib/python3.10/site-packages/airflow/example_dags/plugins/workday.py
[2025-08-19T17:25:29.226+0200] {logging_mixin.py:188} INFO - [2025-08-19T17:25:29.226+0200] {workday.py:41} WARNING - Could not import pandas. Holidays will not be considered.
[2025-08-19T17:25:29.226+0200] {processor.py:842} WARNING - No viable dags retrieved from /Users/ehabhasan/.venvs/airflow310/lib/python3.10/site-packages/airflow/example_dags/plugins/workday.py
[2025-08-19T17:25:29.256+0200] {processor.py:183} INFO - Processing /Users/ehabhasan/.venvs/airflow310/lib/python3.10/site-packages/airflow/example_dags/plugins/workday.py took 0.033 seconds
[2025-08-19T17:26:21.718+0200] {processor.py:161} INFO - Started process (PID=11864) to work on /Users/ehabhasan/.venvs/airflow310/lib/python3.10/site-packages/airflow/example_dags/plugins/workday.py
[2025-08-19T17:26:21.719+0200] {processor.py:830} INFO - Processing file /Users/ehabhasan/.venvs/airflow310/lib/python3.10/site-packages/airflow/example_dags/plugins/workday.py for tasks to queue
[2025-08-19T17:26:21.719+0200] {logging_mixin.py:188} INFO - [2025-08-19T17:26:21.719+0200] {dagbag.py:545} INFO - Filling up the DagBag from /Users/ehabhasan/.venvs/airflow310/lib/python3.10/site-packages/airflow/example_dags/plugins/workday.py
[2025-08-19T17:26:21.720+0200] {logging_mixin.py:188} INFO - [2025-08-19T17:26:21.720+0200] {workday.py:41} WARNING - Could not import pandas. Holidays will not be considered.
[2025-08-19T17:26:21.720+0200] {processor.py:842} WARNING - No viable dags retrieved from /Users/ehabhasan/.venvs/airflow310/lib/python3.10/site-packages/airflow/example_dags/plugins/workday.py
[2025-08-19T17:26:21.751+0200] {processor.py:183} INFO - Processing /Users/ehabhasan/.venvs/airflow310/lib/python3.10/site-packages/airflow/example_dags/plugins/workday.py took 0.034 seconds
[2025-08-19T17:27:16.302+0200] {processor.py:161} INFO - Started process (PID=11903) to work on /Users/ehabhasan/.venvs/airflow310/lib/python3.10/site-packages/airflow/example_dags/plugins/workday.py
[2025-08-19T17:27:16.302+0200] {processor.py:830} INFO - Processing file /Users/ehabhasan/.venvs/airflow310/lib/python3.10/site-packages/airflow/example_dags/plugins/workday.py for tasks to queue
[2025-08-19T17:27:16.303+0200] {logging_mixin.py:188} INFO - [2025-08-19T17:27:16.303+0200] {dagbag.py:545} INFO - Filling up the DagBag from /Users/ehabhasan/.venvs/airflow310/lib/python3.10/site-packages/airflow/example_dags/plugins/workday.py
[2025-08-19T17:27:16.303+0200] {logging_mixin.py:188} INFO - [2025-08-19T17:27:16.303+0200] {workday.py:41} WARNING - Could not import pandas. Holidays will not be considered.
[2025-08-19T17:27:16.303+0200] {processor.py:842} WARNING - No viable dags retrieved from /Users/ehabhasan/.venvs/airflow310/lib/python3.10/site-packages/airflow/example_dags/plugins/workday.py
[2025-08-19T17:27:16.334+0200] {processor.py:183} INFO - Processing /Users/ehabhasan/.venvs/airflow310/lib/python3.10/site-packages/airflow/example_dags/plugins/workday.py took 0.033 seconds
[2025-08-19T17:28:11.812+0200] {processor.py:161} INFO - Started process (PID=11952) to work on /Users/ehabhasan/.venvs/airflow310/lib/python3.10/site-packages/airflow/example_dags/plugins/workday.py
[2025-08-19T17:28:11.813+0200] {processor.py:830} INFO - Processing file /Users/ehabhasan/.venvs/airflow310/lib/python3.10/site-packages/airflow/example_dags/plugins/workday.py for tasks to queue
[2025-08-19T17:28:11.813+0200] {logging_mixin.py:188} INFO - [2025-08-19T17:28:11.813+0200] {dagbag.py:545} INFO - Filling up the DagBag from /Users/ehabhasan/.venvs/airflow310/lib/python3.10/site-packages/airflow/example_dags/plugins/workday.py
[2025-08-19T17:28:11.814+0200] {logging_mixin.py:188} INFO - [2025-08-19T17:28:11.814+0200] {workday.py:41} WARNING - Could not import pandas. Holidays will not be considered.
[2025-08-19T17:28:11.814+0200] {processor.py:842} WARNING - No viable dags retrieved from /Users/ehabhasan/.venvs/airflow310/lib/python3.10/site-packages/airflow/example_dags/plugins/workday.py
[2025-08-19T17:28:11.843+0200] {processor.py:183} INFO - Processing /Users/ehabhasan/.venvs/airflow310/lib/python3.10/site-packages/airflow/example_dags/plugins/workday.py took 0.033 seconds
[2025-08-19T17:29:05.624+0200] {processor.py:161} INFO - Started process (PID=11990) to work on /Users/ehabhasan/.venvs/airflow310/lib/python3.10/site-packages/airflow/example_dags/plugins/workday.py
[2025-08-19T17:29:05.625+0200] {processor.py:830} INFO - Processing file /Users/ehabhasan/.venvs/airflow310/lib/python3.10/site-packages/airflow/example_dags/plugins/workday.py for tasks to queue
[2025-08-19T17:29:05.625+0200] {logging_mixin.py:188} INFO - [2025-08-19T17:29:05.625+0200] {dagbag.py:545} INFO - Filling up the DagBag from /Users/ehabhasan/.venvs/airflow310/lib/python3.10/site-packages/airflow/example_dags/plugins/workday.py
[2025-08-19T17:29:05.625+0200] {logging_mixin.py:188} INFO - [2025-08-19T17:29:05.625+0200] {workday.py:41} WARNING - Could not import pandas. Holidays will not be considered.
[2025-08-19T17:29:05.626+0200] {processor.py:842} WARNING - No viable dags retrieved from /Users/ehabhasan/.venvs/airflow310/lib/python3.10/site-packages/airflow/example_dags/plugins/workday.py
[2025-08-19T17:29:05.656+0200] {processor.py:183} INFO - Processing /Users/ehabhasan/.venvs/airflow310/lib/python3.10/site-packages/airflow/example_dags/plugins/workday.py took 0.033 seconds
[2025-08-19T17:30:03.271+0200] {processor.py:161} INFO - Started process (PID=12676) to work on /Users/ehabhasan/.venvs/airflow310/lib/python3.10/site-packages/airflow/example_dags/plugins/workday.py
[2025-08-19T17:30:03.272+0200] {processor.py:830} INFO - Processing file /Users/ehabhasan/.venvs/airflow310/lib/python3.10/site-packages/airflow/example_dags/plugins/workday.py for tasks to queue
[2025-08-19T17:30:03.273+0200] {logging_mixin.py:188} INFO - [2025-08-19T17:30:03.273+0200] {dagbag.py:545} INFO - Filling up the DagBag from /Users/ehabhasan/.venvs/airflow310/lib/python3.10/site-packages/airflow/example_dags/plugins/workday.py
[2025-08-19T17:30:03.273+0200] {logging_mixin.py:188} INFO - [2025-08-19T17:30:03.273+0200] {workday.py:41} WARNING - Could not import pandas. Holidays will not be considered.
[2025-08-19T17:30:03.273+0200] {processor.py:842} WARNING - No viable dags retrieved from /Users/ehabhasan/.venvs/airflow310/lib/python3.10/site-packages/airflow/example_dags/plugins/workday.py
[2025-08-19T17:30:03.304+0200] {processor.py:183} INFO - Processing /Users/ehabhasan/.venvs/airflow310/lib/python3.10/site-packages/airflow/example_dags/plugins/workday.py took 0.034 seconds
[2025-08-19T17:30:57.328+0200] {processor.py:161} INFO - Started process (PID=13920) to work on /Users/ehabhasan/.venvs/airflow310/lib/python3.10/site-packages/airflow/example_dags/plugins/workday.py
[2025-08-19T17:30:57.329+0200] {processor.py:830} INFO - Processing file /Users/ehabhasan/.venvs/airflow310/lib/python3.10/site-packages/airflow/example_dags/plugins/workday.py for tasks to queue
[2025-08-19T17:30:57.329+0200] {logging_mixin.py:188} INFO - [2025-08-19T17:30:57.329+0200] {dagbag.py:545} INFO - Filling up the DagBag from /Users/ehabhasan/.venvs/airflow310/lib/python3.10/site-packages/airflow/example_dags/plugins/workday.py
[2025-08-19T17:30:57.330+0200] {logging_mixin.py:188} INFO - [2025-08-19T17:30:57.330+0200] {workday.py:41} WARNING - Could not import pandas. Holidays will not be considered.
[2025-08-19T17:30:57.330+0200] {processor.py:842} WARNING - No viable dags retrieved from /Users/ehabhasan/.venvs/airflow310/lib/python3.10/site-packages/airflow/example_dags/plugins/workday.py
[2025-08-19T17:30:57.359+0200] {processor.py:183} INFO - Processing /Users/ehabhasan/.venvs/airflow310/lib/python3.10/site-packages/airflow/example_dags/plugins/workday.py took 0.033 seconds
[2025-08-19T17:31:54.148+0200] {processor.py:161} INFO - Started process (PID=13956) to work on /Users/ehabhasan/.venvs/airflow310/lib/python3.10/site-packages/airflow/example_dags/plugins/workday.py
[2025-08-19T17:31:54.148+0200] {processor.py:830} INFO - Processing file /Users/ehabhasan/.venvs/airflow310/lib/python3.10/site-packages/airflow/example_dags/plugins/workday.py for tasks to queue
[2025-08-19T17:31:54.149+0200] {logging_mixin.py:188} INFO - [2025-08-19T17:31:54.149+0200] {dagbag.py:545} INFO - Filling up the DagBag from /Users/ehabhasan/.venvs/airflow310/lib/python3.10/site-packages/airflow/example_dags/plugins/workday.py
[2025-08-19T17:31:54.149+0200] {logging_mixin.py:188} INFO - [2025-08-19T17:31:54.149+0200] {workday.py:41} WARNING - Could not import pandas. Holidays will not be considered.
[2025-08-19T17:31:54.149+0200] {processor.py:842} WARNING - No viable dags retrieved from /Users/ehabhasan/.venvs/airflow310/lib/python3.10/site-packages/airflow/example_dags/plugins/workday.py
[2025-08-19T17:31:54.185+0200] {processor.py:183} INFO - Processing /Users/ehabhasan/.venvs/airflow310/lib/python3.10/site-packages/airflow/example_dags/plugins/workday.py took 0.039 seconds
[2025-08-19T17:32:50.304+0200] {processor.py:161} INFO - Started process (PID=14168) to work on /Users/ehabhasan/.venvs/airflow310/lib/python3.10/site-packages/airflow/example_dags/plugins/workday.py
[2025-08-19T17:32:50.304+0200] {processor.py:830} INFO - Processing file /Users/ehabhasan/.venvs/airflow310/lib/python3.10/site-packages/airflow/example_dags/plugins/workday.py for tasks to queue
[2025-08-19T17:32:50.304+0200] {logging_mixin.py:188} INFO - [2025-08-19T17:32:50.304+0200] {dagbag.py:545} INFO - Filling up the DagBag from /Users/ehabhasan/.venvs/airflow310/lib/python3.10/site-packages/airflow/example_dags/plugins/workday.py
[2025-08-19T17:32:50.305+0200] {logging_mixin.py:188} INFO - [2025-08-19T17:32:50.305+0200] {workday.py:41} WARNING - Could not import pandas. Holidays will not be considered.
[2025-08-19T17:32:50.305+0200] {processor.py:842} WARNING - No viable dags retrieved from /Users/ehabhasan/.venvs/airflow310/lib/python3.10/site-packages/airflow/example_dags/plugins/workday.py
[2025-08-19T17:32:50.334+0200] {processor.py:183} INFO - Processing /Users/ehabhasan/.venvs/airflow310/lib/python3.10/site-packages/airflow/example_dags/plugins/workday.py took 0.032 seconds
[2025-08-19T17:33:44.836+0200] {processor.py:161} INFO - Started process (PID=14220) to work on /Users/ehabhasan/.venvs/airflow310/lib/python3.10/site-packages/airflow/example_dags/plugins/workday.py
[2025-08-19T17:33:44.836+0200] {processor.py:830} INFO - Processing file /Users/ehabhasan/.venvs/airflow310/lib/python3.10/site-packages/airflow/example_dags/plugins/workday.py for tasks to queue
[2025-08-19T17:33:44.837+0200] {logging_mixin.py:188} INFO - [2025-08-19T17:33:44.837+0200] {dagbag.py:545} INFO - Filling up the DagBag from /Users/ehabhasan/.venvs/airflow310/lib/python3.10/site-packages/airflow/example_dags/plugins/workday.py
[2025-08-19T17:33:44.837+0200] {logging_mixin.py:188} INFO - [2025-08-19T17:33:44.837+0200] {workday.py:41} WARNING - Could not import pandas. Holidays will not be considered.
[2025-08-19T17:33:44.837+0200] {processor.py:842} WARNING - No viable dags retrieved from /Users/ehabhasan/.venvs/airflow310/lib/python3.10/site-packages/airflow/example_dags/plugins/workday.py
[2025-08-19T17:33:44.868+0200] {processor.py:183} INFO - Processing /Users/ehabhasan/.venvs/airflow310/lib/python3.10/site-packages/airflow/example_dags/plugins/workday.py took 0.033 seconds
[2025-08-19T17:34:37.720+0200] {processor.py:161} INFO - Started process (PID=14266) to work on /Users/ehabhasan/.venvs/airflow310/lib/python3.10/site-packages/airflow/example_dags/plugins/workday.py
[2025-08-19T17:34:37.720+0200] {processor.py:830} INFO - Processing file /Users/ehabhasan/.venvs/airflow310/lib/python3.10/site-packages/airflow/example_dags/plugins/workday.py for tasks to queue
[2025-08-19T17:34:37.721+0200] {logging_mixin.py:188} INFO - [2025-08-19T17:34:37.721+0200] {dagbag.py:545} INFO - Filling up the DagBag from /Users/ehabhasan/.venvs/airflow310/lib/python3.10/site-packages/airflow/example_dags/plugins/workday.py
[2025-08-19T17:34:37.721+0200] {logging_mixin.py:188} INFO - [2025-08-19T17:34:37.721+0200] {workday.py:41} WARNING - Could not import pandas. Holidays will not be considered.
[2025-08-19T17:34:37.721+0200] {processor.py:842} WARNING - No viable dags retrieved from /Users/ehabhasan/.venvs/airflow310/lib/python3.10/site-packages/airflow/example_dags/plugins/workday.py
[2025-08-19T17:34:37.753+0200] {processor.py:183} INFO - Processing /Users/ehabhasan/.venvs/airflow310/lib/python3.10/site-packages/airflow/example_dags/plugins/workday.py took 0.035 seconds
[2025-08-19T17:35:31.664+0200] {processor.py:161} INFO - Started process (PID=14397) to work on /Users/ehabhasan/.venvs/airflow310/lib/python3.10/site-packages/airflow/example_dags/plugins/workday.py
[2025-08-19T17:35:31.665+0200] {processor.py:830} INFO - Processing file /Users/ehabhasan/.venvs/airflow310/lib/python3.10/site-packages/airflow/example_dags/plugins/workday.py for tasks to queue
[2025-08-19T17:35:31.665+0200] {logging_mixin.py:188} INFO - [2025-08-19T17:35:31.665+0200] {dagbag.py:545} INFO - Filling up the DagBag from /Users/ehabhasan/.venvs/airflow310/lib/python3.10/site-packages/airflow/example_dags/plugins/workday.py
[2025-08-19T17:35:31.665+0200] {logging_mixin.py:188} INFO - [2025-08-19T17:35:31.665+0200] {workday.py:41} WARNING - Could not import pandas. Holidays will not be considered.
[2025-08-19T17:35:31.665+0200] {processor.py:842} WARNING - No viable dags retrieved from /Users/ehabhasan/.venvs/airflow310/lib/python3.10/site-packages/airflow/example_dags/plugins/workday.py
[2025-08-19T17:35:31.695+0200] {processor.py:183} INFO - Processing /Users/ehabhasan/.venvs/airflow310/lib/python3.10/site-packages/airflow/example_dags/plugins/workday.py took 0.032 seconds
[2025-08-19T17:36:30.146+0200] {processor.py:161} INFO - Started process (PID=14476) to work on /Users/ehabhasan/.venvs/airflow310/lib/python3.10/site-packages/airflow/example_dags/plugins/workday.py
[2025-08-19T17:36:30.146+0200] {processor.py:830} INFO - Processing file /Users/ehabhasan/.venvs/airflow310/lib/python3.10/site-packages/airflow/example_dags/plugins/workday.py for tasks to queue
[2025-08-19T17:36:30.146+0200] {logging_mixin.py:188} INFO - [2025-08-19T17:36:30.146+0200] {dagbag.py:545} INFO - Filling up the DagBag from /Users/ehabhasan/.venvs/airflow310/lib/python3.10/site-packages/airflow/example_dags/plugins/workday.py
[2025-08-19T17:36:30.147+0200] {logging_mixin.py:188} INFO - [2025-08-19T17:36:30.147+0200] {workday.py:41} WARNING - Could not import pandas. Holidays will not be considered.
[2025-08-19T17:36:30.147+0200] {processor.py:842} WARNING - No viable dags retrieved from /Users/ehabhasan/.venvs/airflow310/lib/python3.10/site-packages/airflow/example_dags/plugins/workday.py
[2025-08-19T17:36:30.177+0200] {processor.py:183} INFO - Processing /Users/ehabhasan/.venvs/airflow310/lib/python3.10/site-packages/airflow/example_dags/plugins/workday.py took 0.033 seconds
[2025-08-19T17:37:26.924+0200] {processor.py:161} INFO - Started process (PID=14548) to work on /Users/ehabhasan/.venvs/airflow310/lib/python3.10/site-packages/airflow/example_dags/plugins/workday.py
[2025-08-19T17:37:26.925+0200] {processor.py:830} INFO - Processing file /Users/ehabhasan/.venvs/airflow310/lib/python3.10/site-packages/airflow/example_dags/plugins/workday.py for tasks to queue
[2025-08-19T17:37:26.925+0200] {logging_mixin.py:188} INFO - [2025-08-19T17:37:26.925+0200] {dagbag.py:545} INFO - Filling up the DagBag from /Users/ehabhasan/.venvs/airflow310/lib/python3.10/site-packages/airflow/example_dags/plugins/workday.py
[2025-08-19T17:37:26.925+0200] {logging_mixin.py:188} INFO - [2025-08-19T17:37:26.925+0200] {workday.py:41} WARNING - Could not import pandas. Holidays will not be considered.
[2025-08-19T17:37:26.925+0200] {processor.py:842} WARNING - No viable dags retrieved from /Users/ehabhasan/.venvs/airflow310/lib/python3.10/site-packages/airflow/example_dags/plugins/workday.py
[2025-08-19T17:37:26.955+0200] {processor.py:183} INFO - Processing /Users/ehabhasan/.venvs/airflow310/lib/python3.10/site-packages/airflow/example_dags/plugins/workday.py took 0.032 seconds
[2025-08-19T17:38:25.199+0200] {processor.py:161} INFO - Started process (PID=14696) to work on /Users/ehabhasan/.venvs/airflow310/lib/python3.10/site-packages/airflow/example_dags/plugins/workday.py
[2025-08-19T17:38:25.199+0200] {processor.py:830} INFO - Processing file /Users/ehabhasan/.venvs/airflow310/lib/python3.10/site-packages/airflow/example_dags/plugins/workday.py for tasks to queue
[2025-08-19T17:38:25.199+0200] {logging_mixin.py:188} INFO - [2025-08-19T17:38:25.199+0200] {dagbag.py:545} INFO - Filling up the DagBag from /Users/ehabhasan/.venvs/airflow310/lib/python3.10/site-packages/airflow/example_dags/plugins/workday.py
[2025-08-19T17:38:25.200+0200] {logging_mixin.py:188} INFO - [2025-08-19T17:38:25.200+0200] {workday.py:41} WARNING - Could not import pandas. Holidays will not be considered.
[2025-08-19T17:38:25.200+0200] {processor.py:842} WARNING - No viable dags retrieved from /Users/ehabhasan/.venvs/airflow310/lib/python3.10/site-packages/airflow/example_dags/plugins/workday.py
[2025-08-19T17:38:25.230+0200] {processor.py:183} INFO - Processing /Users/ehabhasan/.venvs/airflow310/lib/python3.10/site-packages/airflow/example_dags/plugins/workday.py took 0.033 seconds
[2025-08-19T17:39:27.443+0200] {processor.py:161} INFO - Started process (PID=14757) to work on /Users/ehabhasan/.venvs/airflow310/lib/python3.10/site-packages/airflow/example_dags/plugins/workday.py
[2025-08-19T17:39:27.444+0200] {processor.py:830} INFO - Processing file /Users/ehabhasan/.venvs/airflow310/lib/python3.10/site-packages/airflow/example_dags/plugins/workday.py for tasks to queue
[2025-08-19T17:39:27.444+0200] {logging_mixin.py:188} INFO - [2025-08-19T17:39:27.444+0200] {dagbag.py:545} INFO - Filling up the DagBag from /Users/ehabhasan/.venvs/airflow310/lib/python3.10/site-packages/airflow/example_dags/plugins/workday.py
[2025-08-19T17:39:27.444+0200] {logging_mixin.py:188} INFO - [2025-08-19T17:39:27.444+0200] {workday.py:41} WARNING - Could not import pandas. Holidays will not be considered.
[2025-08-19T17:39:27.445+0200] {processor.py:842} WARNING - No viable dags retrieved from /Users/ehabhasan/.venvs/airflow310/lib/python3.10/site-packages/airflow/example_dags/plugins/workday.py
[2025-08-19T17:39:27.475+0200] {processor.py:183} INFO - Processing /Users/ehabhasan/.venvs/airflow310/lib/python3.10/site-packages/airflow/example_dags/plugins/workday.py took 0.033 seconds
[2025-08-19T17:40:28.476+0200] {processor.py:161} INFO - Started process (PID=14845) to work on /Users/ehabhasan/.venvs/airflow310/lib/python3.10/site-packages/airflow/example_dags/plugins/workday.py
[2025-08-19T17:40:28.477+0200] {processor.py:830} INFO - Processing file /Users/ehabhasan/.venvs/airflow310/lib/python3.10/site-packages/airflow/example_dags/plugins/workday.py for tasks to queue
[2025-08-19T17:40:28.477+0200] {logging_mixin.py:188} INFO - [2025-08-19T17:40:28.477+0200] {dagbag.py:545} INFO - Filling up the DagBag from /Users/ehabhasan/.venvs/airflow310/lib/python3.10/site-packages/airflow/example_dags/plugins/workday.py
[2025-08-19T17:40:28.477+0200] {logging_mixin.py:188} INFO - [2025-08-19T17:40:28.477+0200] {workday.py:41} WARNING - Could not import pandas. Holidays will not be considered.
[2025-08-19T17:40:28.477+0200] {processor.py:842} WARNING - No viable dags retrieved from /Users/ehabhasan/.venvs/airflow310/lib/python3.10/site-packages/airflow/example_dags/plugins/workday.py
[2025-08-19T17:40:28.507+0200] {processor.py:183} INFO - Processing /Users/ehabhasan/.venvs/airflow310/lib/python3.10/site-packages/airflow/example_dags/plugins/workday.py took 0.033 seconds
[2025-08-19T17:45:03.113+0200] {processor.py:161} INFO - Started process (PID=14949) to work on /Users/ehabhasan/.venvs/airflow310/lib/python3.10/site-packages/airflow/example_dags/plugins/workday.py
[2025-08-19T17:45:03.113+0200] {processor.py:830} INFO - Processing file /Users/ehabhasan/.venvs/airflow310/lib/python3.10/site-packages/airflow/example_dags/plugins/workday.py for tasks to queue
[2025-08-19T17:45:03.113+0200] {logging_mixin.py:188} INFO - [2025-08-19T17:45:03.113+0200] {dagbag.py:545} INFO - Filling up the DagBag from /Users/ehabhasan/.venvs/airflow310/lib/python3.10/site-packages/airflow/example_dags/plugins/workday.py
[2025-08-19T17:45:03.114+0200] {logging_mixin.py:188} INFO - [2025-08-19T17:45:03.114+0200] {workday.py:41} WARNING - Could not import pandas. Holidays will not be considered.
[2025-08-19T17:45:03.114+0200] {processor.py:842} WARNING - No viable dags retrieved from /Users/ehabhasan/.venvs/airflow310/lib/python3.10/site-packages/airflow/example_dags/plugins/workday.py
[2025-08-19T17:45:03.144+0200] {processor.py:183} INFO - Processing /Users/ehabhasan/.venvs/airflow310/lib/python3.10/site-packages/airflow/example_dags/plugins/workday.py took 0.033 seconds
[2025-08-19T17:46:03.905+0200] {processor.py:161} INFO - Started process (PID=14995) to work on /Users/ehabhasan/.venvs/airflow310/lib/python3.10/site-packages/airflow/example_dags/plugins/workday.py
[2025-08-19T17:46:03.906+0200] {processor.py:830} INFO - Processing file /Users/ehabhasan/.venvs/airflow310/lib/python3.10/site-packages/airflow/example_dags/plugins/workday.py for tasks to queue
[2025-08-19T17:46:03.906+0200] {logging_mixin.py:188} INFO - [2025-08-19T17:46:03.906+0200] {dagbag.py:545} INFO - Filling up the DagBag from /Users/ehabhasan/.venvs/airflow310/lib/python3.10/site-packages/airflow/example_dags/plugins/workday.py
[2025-08-19T17:46:03.906+0200] {logging_mixin.py:188} INFO - [2025-08-19T17:46:03.906+0200] {workday.py:41} WARNING - Could not import pandas. Holidays will not be considered.
[2025-08-19T17:46:03.907+0200] {processor.py:842} WARNING - No viable dags retrieved from /Users/ehabhasan/.venvs/airflow310/lib/python3.10/site-packages/airflow/example_dags/plugins/workday.py
[2025-08-19T17:46:03.943+0200] {processor.py:183} INFO - Processing /Users/ehabhasan/.venvs/airflow310/lib/python3.10/site-packages/airflow/example_dags/plugins/workday.py took 0.040 seconds
[2025-08-19T17:47:05.401+0200] {processor.py:161} INFO - Started process (PID=15052) to work on /Users/ehabhasan/.venvs/airflow310/lib/python3.10/site-packages/airflow/example_dags/plugins/workday.py
[2025-08-19T17:47:05.401+0200] {processor.py:830} INFO - Processing file /Users/ehabhasan/.venvs/airflow310/lib/python3.10/site-packages/airflow/example_dags/plugins/workday.py for tasks to queue
[2025-08-19T17:47:05.401+0200] {logging_mixin.py:188} INFO - [2025-08-19T17:47:05.401+0200] {dagbag.py:545} INFO - Filling up the DagBag from /Users/ehabhasan/.venvs/airflow310/lib/python3.10/site-packages/airflow/example_dags/plugins/workday.py
[2025-08-19T17:47:05.402+0200] {logging_mixin.py:188} INFO - [2025-08-19T17:47:05.402+0200] {workday.py:41} WARNING - Could not import pandas. Holidays will not be considered.
[2025-08-19T17:47:05.402+0200] {processor.py:842} WARNING - No viable dags retrieved from /Users/ehabhasan/.venvs/airflow310/lib/python3.10/site-packages/airflow/example_dags/plugins/workday.py
[2025-08-19T17:47:05.434+0200] {processor.py:183} INFO - Processing /Users/ehabhasan/.venvs/airflow310/lib/python3.10/site-packages/airflow/example_dags/plugins/workday.py took 0.036 seconds
[2025-08-19T17:48:06.673+0200] {processor.py:161} INFO - Started process (PID=15094) to work on /Users/ehabhasan/.venvs/airflow310/lib/python3.10/site-packages/airflow/example_dags/plugins/workday.py
[2025-08-19T17:48:06.674+0200] {processor.py:830} INFO - Processing file /Users/ehabhasan/.venvs/airflow310/lib/python3.10/site-packages/airflow/example_dags/plugins/workday.py for tasks to queue
[2025-08-19T17:48:06.674+0200] {logging_mixin.py:188} INFO - [2025-08-19T17:48:06.674+0200] {dagbag.py:545} INFO - Filling up the DagBag from /Users/ehabhasan/.venvs/airflow310/lib/python3.10/site-packages/airflow/example_dags/plugins/workday.py
[2025-08-19T17:48:06.674+0200] {logging_mixin.py:188} INFO - [2025-08-19T17:48:06.674+0200] {workday.py:41} WARNING - Could not import pandas. Holidays will not be considered.
[2025-08-19T17:48:06.675+0200] {processor.py:842} WARNING - No viable dags retrieved from /Users/ehabhasan/.venvs/airflow310/lib/python3.10/site-packages/airflow/example_dags/plugins/workday.py
[2025-08-19T17:48:06.704+0200] {processor.py:183} INFO - Processing /Users/ehabhasan/.venvs/airflow310/lib/python3.10/site-packages/airflow/example_dags/plugins/workday.py took 0.032 seconds
[2025-08-19T17:49:02.751+0200] {processor.py:161} INFO - Started process (PID=15136) to work on /Users/ehabhasan/.venvs/airflow310/lib/python3.10/site-packages/airflow/example_dags/plugins/workday.py
[2025-08-19T17:49:02.751+0200] {processor.py:830} INFO - Processing file /Users/ehabhasan/.venvs/airflow310/lib/python3.10/site-packages/airflow/example_dags/plugins/workday.py for tasks to queue
[2025-08-19T17:49:02.752+0200] {logging_mixin.py:188} INFO - [2025-08-19T17:49:02.752+0200] {dagbag.py:545} INFO - Filling up the DagBag from /Users/ehabhasan/.venvs/airflow310/lib/python3.10/site-packages/airflow/example_dags/plugins/workday.py
[2025-08-19T17:49:02.752+0200] {logging_mixin.py:188} INFO - [2025-08-19T17:49:02.752+0200] {workday.py:41} WARNING - Could not import pandas. Holidays will not be considered.
[2025-08-19T17:49:02.752+0200] {processor.py:842} WARNING - No viable dags retrieved from /Users/ehabhasan/.venvs/airflow310/lib/python3.10/site-packages/airflow/example_dags/plugins/workday.py
[2025-08-19T17:49:02.784+0200] {processor.py:183} INFO - Processing /Users/ehabhasan/.venvs/airflow310/lib/python3.10/site-packages/airflow/example_dags/plugins/workday.py took 0.035 seconds
[2025-08-19T17:49:56.234+0200] {processor.py:161} INFO - Started process (PID=15177) to work on /Users/ehabhasan/.venvs/airflow310/lib/python3.10/site-packages/airflow/example_dags/plugins/workday.py
[2025-08-19T17:49:56.235+0200] {processor.py:830} INFO - Processing file /Users/ehabhasan/.venvs/airflow310/lib/python3.10/site-packages/airflow/example_dags/plugins/workday.py for tasks to queue
[2025-08-19T17:49:56.235+0200] {logging_mixin.py:188} INFO - [2025-08-19T17:49:56.235+0200] {dagbag.py:545} INFO - Filling up the DagBag from /Users/ehabhasan/.venvs/airflow310/lib/python3.10/site-packages/airflow/example_dags/plugins/workday.py
[2025-08-19T17:49:56.235+0200] {logging_mixin.py:188} INFO - [2025-08-19T17:49:56.235+0200] {workday.py:41} WARNING - Could not import pandas. Holidays will not be considered.
[2025-08-19T17:49:56.235+0200] {processor.py:842} WARNING - No viable dags retrieved from /Users/ehabhasan/.venvs/airflow310/lib/python3.10/site-packages/airflow/example_dags/plugins/workday.py
[2025-08-19T17:49:56.266+0200] {processor.py:183} INFO - Processing /Users/ehabhasan/.venvs/airflow310/lib/python3.10/site-packages/airflow/example_dags/plugins/workday.py took 0.033 seconds
